
Magic 8.3 revision 528 - Compiled on Wed Jun 18 09:45:25 PM CEST 2025.
Starting magic under Tcl interpreter
Using the terminal as the console.
WARNING: RLIMIT_NOFILE is above 1024 and Tcl_Version<9 this may cause runtime issues [rlim_cur=1048576]
Using NULL graphics device.
Processing system .magicrc file
Sourcing design .magicrc for technology gf180mcuD ...
10 Magic internal units = 1 Lambda
Input style import: scaleFactor=10, multiplier=2
The following types are not handled by extraction and will be treated as non-electrical types:
    obsactive mvobsactive filldiff fillpoly m1hole obsm1 fillm1 obsv1 m2hole obsm2 fillm2 obsv2 m3hole obsm3 fillm3 m4hole obsm4 fillm4 m5hole obsm5 fillm5 glass fillblock lvstext obscomment 
Scaled tech values by 10 / 1 to match internal grid scaling
Loading gf180mcuD Device Generator Menu ...
Loading "/usr/local/lib/python3.12/dist-packages/openlane/scripts/magic/wrapper.tcl" from command line.
> gds read /foss/pdks/gf180mcuD/libs.ref/gf180mcu_fd_sc_mcu7t5v0/gds/gf180mcu_fd_sc_mcu7t5v0.gds
Warning: Calma reading is not undoable!  I hope that's OK.
Library written using GDS-II Release 3.0
Library name: gf180mcu_fd_sc_mcu7t5v0
Reading "gf180mcu_fd_sc_mcu7t5v0__nor4_4".
Reading "gf180mcu_fd_sc_mcu7t5v0__oai21_1".
Reading "gf180mcu_fd_sc_mcu7t5v0__oai21_2".
Reading "gf180mcu_fd_sc_mcu7t5v0__oai21_4".
Reading "gf180mcu_fd_sc_mcu7t5v0__oai22_1".
Reading "gf180mcu_fd_sc_mcu7t5v0__oai22_2".
Reading "gf180mcu_fd_sc_mcu7t5v0__oai22_4".
Reading "gf180mcu_fd_sc_mcu7t5v0__oai31_1".
Reading "gf180mcu_fd_sc_mcu7t5v0__oai31_2".
Reading "gf180mcu_fd_sc_mcu7t5v0__oai31_4".
Reading "gf180mcu_fd_sc_mcu7t5v0__oai32_1".
Reading "gf180mcu_fd_sc_mcu7t5v0__oai32_2".
Reading "gf180mcu_fd_sc_mcu7t5v0__oai32_4".
Reading "gf180mcu_fd_sc_mcu7t5v0__oai33_1".
Reading "gf180mcu_fd_sc_mcu7t5v0__oai33_2".
Reading "gf180mcu_fd_sc_mcu7t5v0__oai33_4".
Reading "gf180mcu_fd_sc_mcu7t5v0__oai211_1".
Reading "gf180mcu_fd_sc_mcu7t5v0__oai211_2".
Reading "gf180mcu_fd_sc_mcu7t5v0__oai211_4".
Reading "gf180mcu_fd_sc_mcu7t5v0__oai221_1".
Reading "gf180mcu_fd_sc_mcu7t5v0__oai221_2".
Reading "gf180mcu_fd_sc_mcu7t5v0__oai221_4".
Reading "gf180mcu_fd_sc_mcu7t5v0__oai222_1".
Reading "gf180mcu_fd_sc_mcu7t5v0__oai222_2".
Reading "gf180mcu_fd_sc_mcu7t5v0__oai222_4".
Reading "gf180mcu_fd_sc_mcu7t5v0__or2_1".
Reading "gf180mcu_fd_sc_mcu7t5v0__or2_2".
Reading "gf180mcu_fd_sc_mcu7t5v0__or2_4".
Reading "gf180mcu_fd_sc_mcu7t5v0__or3_1".
Reading "gf180mcu_fd_sc_mcu7t5v0__or3_2".
Reading "gf180mcu_fd_sc_mcu7t5v0__or3_4".
Reading "gf180mcu_fd_sc_mcu7t5v0__or4_1".
Reading "gf180mcu_fd_sc_mcu7t5v0__or4_2".
Reading "gf180mcu_fd_sc_mcu7t5v0__or4_4".
Reading "gf180mcu_fd_sc_mcu7t5v0__sdffq_1".
Reading "gf180mcu_fd_sc_mcu7t5v0__sdffq_2".
Reading "gf180mcu_fd_sc_mcu7t5v0__sdffq_4".
Reading "gf180mcu_fd_sc_mcu7t5v0__sdffrnq_1".
Reading "gf180mcu_fd_sc_mcu7t5v0__sdffrnq_2".
Reading "gf180mcu_fd_sc_mcu7t5v0__sdffrnq_4".
Reading "gf180mcu_fd_sc_mcu7t5v0__sdffrsnq_1".
Reading "gf180mcu_fd_sc_mcu7t5v0__sdffrsnq_2".
Reading "gf180mcu_fd_sc_mcu7t5v0__sdffrsnq_4".
Reading "gf180mcu_fd_sc_mcu7t5v0__sdffsnq_1".
Reading "gf180mcu_fd_sc_mcu7t5v0__sdffsnq_2".
Reading "gf180mcu_fd_sc_mcu7t5v0__sdffsnq_4".
Reading "gf180mcu_fd_sc_mcu7t5v0__tieh".
Reading "gf180mcu_fd_sc_mcu7t5v0__tiel".
Reading "gf180mcu_fd_sc_mcu7t5v0__xnor2_1".
Reading "gf180mcu_fd_sc_mcu7t5v0__xnor2_2".
Reading "gf180mcu_fd_sc_mcu7t5v0__xnor2_4".
Reading "gf180mcu_fd_sc_mcu7t5v0__xnor3_1".
Reading "gf180mcu_fd_sc_mcu7t5v0__xnor3_2".
Reading "gf180mcu_fd_sc_mcu7t5v0__xnor3_4".
Reading "gf180mcu_fd_sc_mcu7t5v0__xor2_1".
Reading "gf180mcu_fd_sc_mcu7t5v0__xor2_2".
Reading "gf180mcu_fd_sc_mcu7t5v0__xor2_4".
Reading "gf180mcu_fd_sc_mcu7t5v0__xor3_1".
Reading "gf180mcu_fd_sc_mcu7t5v0__xor3_2".
Reading "gf180mcu_fd_sc_mcu7t5v0__xor3_4".
Reading "gf180mcu_fd_sc_mcu7t5v0__fillcap_32".
Reading "gf180mcu_fd_sc_mcu7t5v0__fillcap_64".
Reading "gf180mcu_fd_sc_mcu7t5v0__filltie".
Reading "gf180mcu_fd_sc_mcu7t5v0__hold".
Reading "gf180mcu_fd_sc_mcu7t5v0__icgtn_1".
Reading "gf180mcu_fd_sc_mcu7t5v0__icgtn_2".
Reading "gf180mcu_fd_sc_mcu7t5v0__icgtn_4".
Reading "gf180mcu_fd_sc_mcu7t5v0__icgtp_1".
Reading "gf180mcu_fd_sc_mcu7t5v0__icgtp_2".
Reading "gf180mcu_fd_sc_mcu7t5v0__icgtp_4".
Reading "gf180mcu_fd_sc_mcu7t5v0__inv_1".
Reading "gf180mcu_fd_sc_mcu7t5v0__inv_2".
Reading "gf180mcu_fd_sc_mcu7t5v0__inv_3".
Reading "gf180mcu_fd_sc_mcu7t5v0__inv_4".
Reading "gf180mcu_fd_sc_mcu7t5v0__inv_8".
Reading "gf180mcu_fd_sc_mcu7t5v0__inv_12".
Reading "gf180mcu_fd_sc_mcu7t5v0__inv_16".
Reading "gf180mcu_fd_sc_mcu7t5v0__inv_20".
Reading "gf180mcu_fd_sc_mcu7t5v0__invz_1".
Reading "gf180mcu_fd_sc_mcu7t5v0__invz_2".
Reading "gf180mcu_fd_sc_mcu7t5v0__invz_3".
Reading "gf180mcu_fd_sc_mcu7t5v0__invz_4".
Reading "gf180mcu_fd_sc_mcu7t5v0__invz_8".
Reading "gf180mcu_fd_sc_mcu7t5v0__invz_12".
Reading "gf180mcu_fd_sc_mcu7t5v0__invz_16".
Reading "gf180mcu_fd_sc_mcu7t5v0__latq_1".
Reading "gf180mcu_fd_sc_mcu7t5v0__latq_2".
Reading "gf180mcu_fd_sc_mcu7t5v0__latq_4".
Reading "gf180mcu_fd_sc_mcu7t5v0__latrnq_1".
Reading "gf180mcu_fd_sc_mcu7t5v0__latrnq_2".
Reading "gf180mcu_fd_sc_mcu7t5v0__latrnq_4".
Reading "gf180mcu_fd_sc_mcu7t5v0__latrsnq_1".
Reading "gf180mcu_fd_sc_mcu7t5v0__latrsnq_2".
Reading "gf180mcu_fd_sc_mcu7t5v0__latrsnq_4".
Reading "gf180mcu_fd_sc_mcu7t5v0__latsnq_1".
Reading "gf180mcu_fd_sc_mcu7t5v0__latsnq_2".
Reading "gf180mcu_fd_sc_mcu7t5v0__latsnq_4".
Reading "gf180mcu_fd_sc_mcu7t5v0__mux2_1".
Reading "gf180mcu_fd_sc_mcu7t5v0__mux2_2".
Reading "gf180mcu_fd_sc_mcu7t5v0__mux2_4".
Reading "gf180mcu_fd_sc_mcu7t5v0__mux4_1".
Reading "gf180mcu_fd_sc_mcu7t5v0__mux4_2".
Reading "gf180mcu_fd_sc_mcu7t5v0__mux4_4".
Reading "gf180mcu_fd_sc_mcu7t5v0__nand2_1".
Reading "gf180mcu_fd_sc_mcu7t5v0__nand2_2".
Reading "gf180mcu_fd_sc_mcu7t5v0__nand2_4".
Reading "gf180mcu_fd_sc_mcu7t5v0__nand3_1".
Reading "gf180mcu_fd_sc_mcu7t5v0__nand3_2".
Reading "gf180mcu_fd_sc_mcu7t5v0__nand3_4".
Reading "gf180mcu_fd_sc_mcu7t5v0__nand4_1".
Reading "gf180mcu_fd_sc_mcu7t5v0__nand4_2".
Reading "gf180mcu_fd_sc_mcu7t5v0__nand4_4".
Reading "gf180mcu_fd_sc_mcu7t5v0__nor2_1".
Reading "gf180mcu_fd_sc_mcu7t5v0__nor2_2".
Reading "gf180mcu_fd_sc_mcu7t5v0__nor2_4".
Reading "gf180mcu_fd_sc_mcu7t5v0__nor3_1".
Reading "gf180mcu_fd_sc_mcu7t5v0__nor3_2".
Reading "gf180mcu_fd_sc_mcu7t5v0__nor3_4".
Reading "gf180mcu_fd_sc_mcu7t5v0__nor4_1".
Reading "gf180mcu_fd_sc_mcu7t5v0__nor4_2".
Reading "gf180mcu_fd_sc_mcu7t5v0__clkbuf_4".
Reading "gf180mcu_fd_sc_mcu7t5v0__clkbuf_8".
Reading "gf180mcu_fd_sc_mcu7t5v0__clkbuf_12".
Reading "gf180mcu_fd_sc_mcu7t5v0__clkbuf_16".
Reading "gf180mcu_fd_sc_mcu7t5v0__clkbuf_20".
Reading "gf180mcu_fd_sc_mcu7t5v0__clkinv_1".
Reading "gf180mcu_fd_sc_mcu7t5v0__clkinv_2".
Reading "gf180mcu_fd_sc_mcu7t5v0__clkinv_3".
Reading "gf180mcu_fd_sc_mcu7t5v0__clkinv_4".
Reading "gf180mcu_fd_sc_mcu7t5v0__clkinv_8".
Reading "gf180mcu_fd_sc_mcu7t5v0__clkinv_12".
Reading "gf180mcu_fd_sc_mcu7t5v0__clkinv_16".
Reading "gf180mcu_fd_sc_mcu7t5v0__clkinv_20".
Reading "gf180mcu_fd_sc_mcu7t5v0__dffnq_1".
Reading "gf180mcu_fd_sc_mcu7t5v0__dffnq_2".
Reading "gf180mcu_fd_sc_mcu7t5v0__dffnq_4".
Reading "gf180mcu_fd_sc_mcu7t5v0__dffnrnq_1".
Reading "gf180mcu_fd_sc_mcu7t5v0__dffnrnq_2".
Reading "gf180mcu_fd_sc_mcu7t5v0__dffnrnq_4".
Reading "gf180mcu_fd_sc_mcu7t5v0__dffnrsnq_1".
Reading "gf180mcu_fd_sc_mcu7t5v0__dffnrsnq_2".
Reading "gf180mcu_fd_sc_mcu7t5v0__dffnrsnq_4".
Reading "gf180mcu_fd_sc_mcu7t5v0__dffnsnq_1".
Reading "gf180mcu_fd_sc_mcu7t5v0__dffnsnq_2".
Reading "gf180mcu_fd_sc_mcu7t5v0__dffnsnq_4".
Reading "gf180mcu_fd_sc_mcu7t5v0__dffq_1".
Reading "gf180mcu_fd_sc_mcu7t5v0__dffq_2".
Reading "gf180mcu_fd_sc_mcu7t5v0__dffq_4".
Reading "gf180mcu_fd_sc_mcu7t5v0__dffrnq_1".
Reading "gf180mcu_fd_sc_mcu7t5v0__dffrnq_2".
Reading "gf180mcu_fd_sc_mcu7t5v0__dffrnq_4".
Reading "gf180mcu_fd_sc_mcu7t5v0__dffrsnq_1".
Reading "gf180mcu_fd_sc_mcu7t5v0__dffrsnq_2".
Reading "gf180mcu_fd_sc_mcu7t5v0__dffrsnq_4".
Reading "gf180mcu_fd_sc_mcu7t5v0__dffsnq_1".
Reading "gf180mcu_fd_sc_mcu7t5v0__dffsnq_2".
Reading "gf180mcu_fd_sc_mcu7t5v0__dffsnq_4".
Reading "gf180mcu_fd_sc_mcu7t5v0__dlya_1".
Reading "gf180mcu_fd_sc_mcu7t5v0__dlya_2".
Reading "gf180mcu_fd_sc_mcu7t5v0__dlya_4".
Reading "gf180mcu_fd_sc_mcu7t5v0__dlyb_1".
Reading "gf180mcu_fd_sc_mcu7t5v0__dlyb_2".
Reading "gf180mcu_fd_sc_mcu7t5v0__dlyb_4".
Reading "gf180mcu_fd_sc_mcu7t5v0__dlyc_1".
Reading "gf180mcu_fd_sc_mcu7t5v0__dlyc_2".
Reading "gf180mcu_fd_sc_mcu7t5v0__dlyc_4".
Reading "gf180mcu_fd_sc_mcu7t5v0__dlyd_1".
Reading "gf180mcu_fd_sc_mcu7t5v0__dlyd_2".
Reading "gf180mcu_fd_sc_mcu7t5v0__dlyd_4".
Reading "gf180mcu_fd_sc_mcu7t5v0__endcap".
Reading "gf180mcu_fd_sc_mcu7t5v0__fill_1".
Reading "gf180mcu_fd_sc_mcu7t5v0__fill_2".
Reading "gf180mcu_fd_sc_mcu7t5v0__fill_4".
Reading "gf180mcu_fd_sc_mcu7t5v0__fill_8".
Reading "gf180mcu_fd_sc_mcu7t5v0__fill_16".
Reading "gf180mcu_fd_sc_mcu7t5v0__fill_32".
Reading "gf180mcu_fd_sc_mcu7t5v0__fill_64".
Reading "gf180mcu_fd_sc_mcu7t5v0__fillcap_4".
Reading "gf180mcu_fd_sc_mcu7t5v0__fillcap_8".
Reading "gf180mcu_fd_sc_mcu7t5v0__fillcap_16".
Reading "(UNNAMED)".
Warning:  cell (UNNAMED) already existed before reading GDS!
Reading "gf180mcu_fd_sc_mcu7t5v0__addf_1".
Reading "gf180mcu_fd_sc_mcu7t5v0__addf_2".
Reading "gf180mcu_fd_sc_mcu7t5v0__addf_4".
Reading "gf180mcu_fd_sc_mcu7t5v0__addh_1".
Reading "gf180mcu_fd_sc_mcu7t5v0__addh_2".
Reading "gf180mcu_fd_sc_mcu7t5v0__addh_4".
Reading "gf180mcu_fd_sc_mcu7t5v0__and2_1".
Reading "gf180mcu_fd_sc_mcu7t5v0__and2_2".
Reading "gf180mcu_fd_sc_mcu7t5v0__and2_4".
Reading "gf180mcu_fd_sc_mcu7t5v0__and3_1".
Reading "gf180mcu_fd_sc_mcu7t5v0__and3_2".
Reading "gf180mcu_fd_sc_mcu7t5v0__and3_4".
Reading "gf180mcu_fd_sc_mcu7t5v0__and4_1".
Reading "gf180mcu_fd_sc_mcu7t5v0__and4_2".
Reading "gf180mcu_fd_sc_mcu7t5v0__and4_4".
Reading "gf180mcu_fd_sc_mcu7t5v0__antenna".
Reading "gf180mcu_fd_sc_mcu7t5v0__aoi21_1".
Reading "gf180mcu_fd_sc_mcu7t5v0__aoi21_2".
Reading "gf180mcu_fd_sc_mcu7t5v0__aoi21_4".
Reading "gf180mcu_fd_sc_mcu7t5v0__aoi22_1".
Reading "gf180mcu_fd_sc_mcu7t5v0__aoi22_2".
Reading "gf180mcu_fd_sc_mcu7t5v0__aoi22_4".
Reading "gf180mcu_fd_sc_mcu7t5v0__aoi211_1".
Reading "gf180mcu_fd_sc_mcu7t5v0__aoi211_2".
Reading "gf180mcu_fd_sc_mcu7t5v0__aoi211_4".
Reading "gf180mcu_fd_sc_mcu7t5v0__aoi221_1".
Reading "gf180mcu_fd_sc_mcu7t5v0__aoi221_2".
Reading "gf180mcu_fd_sc_mcu7t5v0__aoi221_4".
Reading "gf180mcu_fd_sc_mcu7t5v0__aoi222_1".
Reading "gf180mcu_fd_sc_mcu7t5v0__aoi222_2".
Reading "gf180mcu_fd_sc_mcu7t5v0__aoi222_4".
Reading "gf180mcu_fd_sc_mcu7t5v0__buf_1".
Reading "gf180mcu_fd_sc_mcu7t5v0__buf_2".
Reading "gf180mcu_fd_sc_mcu7t5v0__buf_3".
Reading "gf180mcu_fd_sc_mcu7t5v0__buf_4".
Reading "gf180mcu_fd_sc_mcu7t5v0__buf_8".
Reading "gf180mcu_fd_sc_mcu7t5v0__buf_12".
Reading "gf180mcu_fd_sc_mcu7t5v0__buf_16".
Reading "gf180mcu_fd_sc_mcu7t5v0__buf_20".
Reading "gf180mcu_fd_sc_mcu7t5v0__bufz_1".
Reading "gf180mcu_fd_sc_mcu7t5v0__bufz_2".
Reading "gf180mcu_fd_sc_mcu7t5v0__bufz_3".
Reading "gf180mcu_fd_sc_mcu7t5v0__bufz_4".
Reading "gf180mcu_fd_sc_mcu7t5v0__bufz_8".
Reading "gf180mcu_fd_sc_mcu7t5v0__bufz_12".
Reading "gf180mcu_fd_sc_mcu7t5v0__bufz_16".
Reading "gf180mcu_fd_sc_mcu7t5v0__clkbuf_1".
Reading "gf180mcu_fd_sc_mcu7t5v0__clkbuf_2".
Reading "gf180mcu_fd_sc_mcu7t5v0__clkbuf_3".
Cell (NEWCELL) couldn't be read
No such file or directory
Creating new cell
> lef read /foss/pdks/gf180mcuD/libs.ref/gf180mcu_fd_sc_mcu7t5v0/techlef/gf180mcu_fd_sc_mcu7t5v0__nom.tlef
Reading LEF data from file /foss/pdks/gf180mcuD/libs.ref/gf180mcu_fd_sc_mcu7t5v0/techlef/gf180mcu_fd_sc_mcu7t5v0__nom.tlef.
This action cannot be undone.
LEF read, Line 88 (Message): Unknown keyword "MINWIDTH" in LEF file; ignoring.
LEF read, Line 95 (Message): Unknown keyword "ANTENNAMODEL" in LEF file; ignoring.
LEF read, Line 105 (Message): Unknown keyword "DENSITYCHECKWINDOW" in LEF file; ignoring.
LEF read, Line 106 (Message): Unknown keyword "DENSITYCHECKSTEP" in LEF file; ignoring.
LEF read, Line 120 (Message): Unknown keyword "ARRAYSPACING" in LEF file; ignoring.
LEF read, Line 125 (Message): Unknown keyword "ANTENNAMODEL" in LEF file; ignoring.
LEF read, Line 137 (Message): Unknown keyword "MINWIDTH" in LEF file; ignoring.
LEF read, Line 144 (Message): Unknown keyword "ANTENNAMODEL" in LEF file; ignoring.
LEF read, Line 145 (Message): Unknown keyword "ANTENNADIFFSIDEAREARATIO" in LEF file; ignoring.
LEF read, Line 146 (Message): Unknown keyword "ANTENNAGATEPLUSDIFF" in LEF file; ignoring.
LEF read, Line 155 (Message): Unknown keyword "DENSITYCHECKWINDOW" in LEF file; ignoring.
LEF read, Line 156 (Message): Unknown keyword "DENSITYCHECKSTEP" in LEF file; ignoring.
LEF read, Line 172 (Message): Unknown keyword "ARRAYSPACING" in LEF file; ignoring.
LEF read, Line 177 (Message): Unknown keyword "ANTENNAMODEL" in LEF file; ignoring.
LEF read, Line 189 (Message): Unknown keyword "MINWIDTH" in LEF file; ignoring.
LEF read, Line 196 (Message): Unknown keyword "ANTENNAMODEL" in LEF file; ignoring.
LEF read, Line 197 (Message): Unknown keyword "ANTENNADIFFSIDEAREARATIO" in LEF file; ignoring.
LEF read, Line 198 (Message): Unknown keyword "ANTENNAGATEPLUSDIFF" in LEF file; ignoring.
LEF read, Line 207 (Message): Unknown keyword "DENSITYCHECKWINDOW" in LEF file; ignoring.
LEF read, Line 208 (Message): Unknown keyword "DENSITYCHECKSTEP" in LEF file; ignoring.
LEF read, Line 224 (Message): Unknown keyword "ARRAYSPACING" in LEF file; ignoring.
LEF read, Line 229 (Message): Unknown keyword "ANTENNAMODEL" in LEF file; ignoring.
LEF read, Line 241 (Message): Unknown keyword "MINWIDTH" in LEF file; ignoring.
LEF read, Line 248 (Message): Unknown keyword "ANTENNAMODEL" in LEF file; ignoring.
LEF read, Line 249 (Message): Unknown keyword "ANTENNADIFFSIDEAREARATIO" in LEF file; ignoring.
LEF read, Line 250 (Message): Unknown keyword "ANTENNAGATEPLUSDIFF" in LEF file; ignoring.
LEF read, Line 259 (Message): Unknown keyword "DENSITYCHECKWINDOW" in LEF file; ignoring.
LEF read, Line 260 (Message): Unknown keyword "DENSITYCHECKSTEP" in LEF file; ignoring.
LEF read, Line 276 (Message): Unknown keyword "ARRAYSPACING" in LEF file; ignoring.
LEF read, Line 281 (Message): Unknown keyword "ANTENNAMODEL" in LEF file; ignoring.
LEF read, Line 295 (Message): Unknown keyword "MINWIDTH" in LEF file; ignoring.
LEF read, Line 307 (Message): Unknown keyword "ANTENNAMODEL" in LEF file; ignoring.
LEF read, Line 308 (Message): Unknown keyword "ANTENNADIFFSIDEAREARATIO" in LEF file; ignoring.
LEF read, Line 309 (Message): Unknown keyword "ANTENNAGATEPLUSDIFF" in LEF file; ignoring.
LEF read, Line 314 (Message): Unknown keyword "DENSITYCHECKWINDOW" in LEF file; ignoring.
LEF read, Line 315 (Message): Unknown keyword "DENSITYCHECKSTEP" in LEF file; ignoring.
LEF read: Processed 1319 lines.
> def read /foss/designs/ascon_top_layout/runs/RUN_2026-08-21_17-20-50/52-odb-cellfrequencytables/ascon_top.def -noblockage -labels
Reading DEF data from file /foss/designs/ascon_top_layout/runs/RUN_2026-08-21_17-20-50/52-odb-cellfrequencytables/ascon_top.def.
This action cannot be undone.
  Processed 4 vias total.
  Processed 40856 subcell instances total.
  Processed 8 pins total.
  Processed 2 special nets total.
  Processed 17829 nets total.
DEF read: Processed 392351 lines.
Moving label "_00014_" from metal4 to via4 in cell ascon_top.
Moving label "_00370_" from metal4 to via4 in cell ascon_top.
Moving label "_03469_" from metal4 to via4 in cell ascon_top.
Moving label "_03741_" from metal4 to via4 in cell ascon_top.
Moving label "_04277_" from metal4 to via4 in cell ascon_top.
Moving label "_04320_" from metal4 to via4 in cell ascon_top.
Moving label "_04410_" from metal4 to via4 in cell ascon_top.
Moving label "_04596_" from metal4 to via4 in cell ascon_top.
Moving label "_05026_" from metal4 to via4 in cell ascon_top.
Moving label "_05180_" from metal4 to via4 in cell ascon_top.
Moving label "_05246_" from metal4 to via4 in cell ascon_top.
Moving label "_05743_" from metal4 to via4 in cell ascon_top.
Moving label "_06833_" from metal2 to via2 in cell ascon_top.
Moving label "_06997_" from metal4 to via4 in cell ascon_top.
Moving label "_07881_" from metal2 to via1 in cell ascon_top.
Moving label "_08200_" from metal4 to via4 in cell ascon_top.
Moving label "_08365_" from metal4 to via4 in cell ascon_top.
Moving label "_08696_" from metal4 to via4 in cell ascon_top.
Moving label "_09184_" from metal4 to via4 in cell ascon_top.
Moving label "_09331_" from metal4 to via4 in cell ascon_top.
Moving label "_09403_" from metal3 to via2 in cell ascon_top.
Moving label "_09585_" from metal4 to via4 in cell ascon_top.
Moving label "_09892_" from metal4 to via4 in cell ascon_top.
Moving label "_09920_" from metal4 to via4 in cell ascon_top.
Moving label "_10025_" from metal4 to via4 in cell ascon_top.
Moving label "_10044_" from metal4 to via4 in cell ascon_top.
Moving label "_10084_" from metal4 to via4 in cell ascon_top.
Moving label "_10257_" from metal4 to via4 in cell ascon_top.
Moving label "_10365_" from metal4 to via4 in cell ascon_top.
Moving label "_10381_" from metal4 to via4 in cell ascon_top.
Moving label "_10484_" from metal4 to via4 in cell ascon_top.
Moving label "_10492_" from metal4 to via4 in cell ascon_top.
Moving label "_10612_" from metal3 to via2 in cell ascon_top.
Moving label "_10620_" from metal3 to via2 in cell ascon_top.
Moving label "_10740_" from metal4 to via4 in cell ascon_top.
Moving label "_10813_" from metal4 to via4 in cell ascon_top.
Moving label "_10893_" from metal4 to via4 in cell ascon_top.
Moving label "_10909_" from metal2 to via2 in cell ascon_top.
Moving label "_10997_" from metal3 to via3 in cell ascon_top.
Moving label "_11070_" from metal4 to via4 in cell ascon_top.
Moving label "_11080_" from metal3 to via2 in cell ascon_top.
Moving label "_11179_" from metal4 to via4 in cell ascon_top.
Moving label "_11278_" from metal4 to via4 in cell ascon_top.
Moving label "_11289_" from metal4 to via4 in cell ascon_top.
Moving label "_11466_" from metal4 to via4 in cell ascon_top.
Moving label "_11516_" from metal4 to via4 in cell ascon_top.
Moving label "_11519_" from metal4 to via4 in cell ascon_top.
Moving label "_12192_" from metal4 to via4 in cell ascon_top.
Moving label "_12215_" from metal4 to via4 in cell ascon_top.
Moving label "_12229_" from metal4 to via4 in cell ascon_top.
Moving label "_12236_" from metal4 to via4 in cell ascon_top.
Moving label "_12244_" from metal4 to via4 in cell ascon_top.
Moving label "_12290_" from metal4 to via4 in cell ascon_top.
Moving label "bdi_eoi" from metal4 to via4 in cell ascon_top.
Moving label "clknet_leaf_144_clk" from metal2 to via2 in cell ascon_top.
Moving label "clknet_leaf_427_clk" from metal2 to via2 in cell ascon_top.
Moving label "clknet_leaf_503_clk" from metal2 to via2 in cell ascon_top.
Moving label "clknet_leaf_5_clk" from metal2 to via2 in cell ascon_top.
Moving label "clknet_leaf_97_clk" from metal2 to via2 in cell ascon_top.
Moving label "key\[23\]" from metal4 to via4 in cell ascon_top.
Moving label "key\[26\]" from metal4 to via4 in cell ascon_top.
Moving label "key\[28\]" from metal4 to via4 in cell ascon_top.
Moving label "net1108" from metal4 to via4 in cell ascon_top.
Moving label "net1133" from metal4 to via4 in cell ascon_top.
Moving label "net1156" from metal4 to via4 in cell ascon_top.
Moving label "net1211" from metal4 to via4 in cell ascon_top.
Moving label "net1261" from metal4 to via4 in cell ascon_top.
Moving label "net1405" from metal4 to via4 in cell ascon_top.
Moving label "net1431" from metal4 to via4 in cell ascon_top.
Moving label "net1485" from metal4 to via4 in cell ascon_top.
Moving label "net1538" from metal4 to via3 in cell ascon_top.
Moving label "net1563" from metal4 to via4 in cell ascon_top.
Moving label "net171" from metal4 to via4 in cell ascon_top.
Moving label "net1827" from metal4 to via4 in cell ascon_top.
Moving label "net1840" from metal4 to via4 in cell ascon_top.
Moving label "net1882" from metal4 to via4 in cell ascon_top.
Moving label "net200" from metal2 to via2 in cell ascon_top.
Moving label "net214" from metal4 to via4 in cell ascon_top.
Moving label "net377" from metal3 to via2 in cell ascon_top.
Moving label "net422" from metal3 to via2 in cell ascon_top.
Moving label "net446" from metal3 to via2 in cell ascon_top.
Moving label "net553" from metal4 to via4 in cell ascon_top.
Moving label "net584" from metal4 to via4 in cell ascon_top.
Moving label "net586" from metal4 to via4 in cell ascon_top.
Moving label "net61" from metal4 to via4 in cell ascon_top.
Moving label "net765" from metal2 to via2 in cell ascon_top.
Moving label "net797" from metal4 to via4 in cell ascon_top.
Moving label "net806" from metal4 to via4 in cell ascon_top.
Moving label "net825" from metal4 to via4 in cell ascon_top.
Moving label "net843" from metal4 to via4 in cell ascon_top.
Moving label "net942" from metal4 to via4 in cell ascon_top.
Moving label "net971" from metal4 to via4 in cell ascon_top.
Moving label "net977" from metal4 to via4 in cell ascon_top.
Moving label "pp_inst.core_inst.key_q\[60\]" from metal2 to via2 in cell ascon_top.
Moving label "pp_inst.fifo_data\[13\]\[17\]" from metal2 to via2 in cell ascon_top.
Moving label "pp_inst.fifo_data\[16\]\[21\]" from metal2 to via2 in cell ascon_top.
Moving label "pp_inst.fifo_data\[16\]\[28\]" from metal2 to via2 in cell ascon_top.
Moving label "pp_inst.fifo_data\[1\]\[28\]" from metal3 to via2 in cell ascon_top.
Moving label "pp_inst.fifo_data\[21\]\[30\]" from metal2 to via2 in cell ascon_top.
Moving label "pp_inst.fifo_data\[30\]\[25\]" from metal2 to via1 in cell ascon_top.
Moving label "pp_inst.fifo_data\[32\]\[31\]" from metal3 to via2 in cell ascon_top.
Moving label "pp_inst.fifo_data\[36\]\[17\]" from metal3 to via2 in cell ascon_top.
Moving label "pp_inst.fifo_data\[36\]\[9\]" from metal2 to via2 in cell ascon_top.
Moving label "pp_inst.fifo_data\[37\]\[3\]" from metal2 to via2 in cell ascon_top.
Moving label "pp_inst.fifo_data\[42\]\[29\]" from metal3 to via2 in cell ascon_top.
Moving label "pp_inst.fifo_data\[44\]\[12\]" from metal2 to via2 in cell ascon_top.
Moving label "pp_inst.fifo_data\[44\]\[15\]" from metal2 to via2 in cell ascon_top.
Moving label "pp_inst.fifo_data\[44\]\[9\]" from metal2 to via2 in cell ascon_top.
Moving label "pp_inst.fifo_data\[46\]\[2\]" from metal4 to via4 in cell ascon_top.
Moving label "pp_inst.fifo_data\[47\]\[7\]" from metal2 to via2 in cell ascon_top.
Moving label "pp_inst.fifo_data\[48\]\[17\]" from metal2 to via2 in cell ascon_top.
Moving label "pp_inst.fifo_data\[49\]\[16\]" from metal2 to via2 in cell ascon_top.
Moving label "pp_inst.fifo_data\[49\]\[23\]" from metal2 to via2 in cell ascon_top.
Moving label "pp_inst.fifo_data\[49\]\[28\]" from metal2 to via2 in cell ascon_top.
Moving label "pp_inst.fifo_data\[4\]\[19\]" from metal3 to via2 in cell ascon_top.
Moving label "pp_inst.fifo_data\[51\]\[1\]" from metal2 to via2 in cell ascon_top.
Moving label "pp_inst.fifo_data\[52\]\[7\]" from metal3 to via2 in cell ascon_top.
Moving label "pp_inst.fifo_data\[54\]\[9\]" from metal2 to via2 in cell ascon_top.
Moving label "pp_inst.fifo_data\[59\]\[12\]" from metal2 to via2 in cell ascon_top.
Moving label "pp_inst.fifo_data\[59\]\[9\]" from metal2 to via2 in cell ascon_top.
Moving label "pp_inst.fifo_data\[5\]\[22\]" from metal2 to via2 in cell ascon_top.
Moving label "pp_inst.fifo_data\[60\]\[0\]" from metal2 to via2 in cell ascon_top.
Moving label "pp_inst.fifo_data\[62\]\[2\]" from metal4 to via4 in cell ascon_top.
Moving label "pp_inst.fifo_data\[62\]\[8\]" from metal2 to via2 in cell ascon_top.
Moving label "pp_inst.fifo_data\[63\]\[16\]" from metal3 to via2 in cell ascon_top.
Moving label "rx_valid" from metal2 to via2 in cell ascon_top.
Moving label "spi_ctrl.word_cnt\[2\]" from metal2 to via2 in cell ascon_top.
Root cell box:
           width x height  (   llx,  lly  ), (   urx,  ury  )  area (units^2)

microns:  1000.000 x 1000.000  ( 0.000,  0.000), ( 1000.000,  1000.000)  1000000.000
lambda:   20000.00 x 20000.00  (  0.00,  0.00 ), ( 20000.00,  20000.00)  400000000.00
internal: 200000 x 200000  (     0,  0    ), ( 200000,  200000)  40000000000
   Copying output for cell gf180mcu_fd_sc_mcu7t5v0__fillcap_32 from $PDKPATH/libs.ref/gf180mcu_fd_sc_mcu7t5v0/gds/gf180mcu_fd_sc_mcu7t5v0.gds
   Copying output for cell gf180mcu_fd_sc_mcu7t5v0__fillcap_64 from $PDKPATH/libs.ref/gf180mcu_fd_sc_mcu7t5v0/gds/gf180mcu_fd_sc_mcu7t5v0.gds
   Copying output for cell gf180mcu_fd_sc_mcu7t5v0__endcap from $PDKPATH/libs.ref/gf180mcu_fd_sc_mcu7t5v0/gds/gf180mcu_fd_sc_mcu7t5v0.gds
   Copying output for cell gf180mcu_fd_sc_mcu7t5v0__filltie from $PDKPATH/libs.ref/gf180mcu_fd_sc_mcu7t5v0/gds/gf180mcu_fd_sc_mcu7t5v0.gds
   Copying output for cell gf180mcu_fd_sc_mcu7t5v0__fillcap_4 from $PDKPATH/libs.ref/gf180mcu_fd_sc_mcu7t5v0/gds/gf180mcu_fd_sc_mcu7t5v0.gds
   Copying output for cell gf180mcu_fd_sc_mcu7t5v0__fillcap_8 from $PDKPATH/libs.ref/gf180mcu_fd_sc_mcu7t5v0/gds/gf180mcu_fd_sc_mcu7t5v0.gds
   Copying output for cell gf180mcu_fd_sc_mcu7t5v0__dffrnq_1 from $PDKPATH/libs.ref/gf180mcu_fd_sc_mcu7t5v0/gds/gf180mcu_fd_sc_mcu7t5v0.gds
   Copying output for cell gf180mcu_fd_sc_mcu7t5v0__clkinv_1 from $PDKPATH/libs.ref/gf180mcu_fd_sc_mcu7t5v0/gds/gf180mcu_fd_sc_mcu7t5v0.gds
   Copying output for cell gf180mcu_fd_sc_mcu7t5v0__fill_2 from $PDKPATH/libs.ref/gf180mcu_fd_sc_mcu7t5v0/gds/gf180mcu_fd_sc_mcu7t5v0.gds
   Copying output for cell gf180mcu_fd_sc_mcu7t5v0__fillcap_16 from $PDKPATH/libs.ref/gf180mcu_fd_sc_mcu7t5v0/gds/gf180mcu_fd_sc_mcu7t5v0.gds
   Copying output for cell gf180mcu_fd_sc_mcu7t5v0__fill_1 from $PDKPATH/libs.ref/gf180mcu_fd_sc_mcu7t5v0/gds/gf180mcu_fd_sc_mcu7t5v0.gds
   Copying output for cell gf180mcu_fd_sc_mcu7t5v0__mux2_2 from $PDKPATH/libs.ref/gf180mcu_fd_sc_mcu7t5v0/gds/gf180mcu_fd_sc_mcu7t5v0.gds
   Copying output for cell gf180mcu_fd_sc_mcu7t5v0__nor2_1 from $PDKPATH/libs.ref/gf180mcu_fd_sc_mcu7t5v0/gds/gf180mcu_fd_sc_mcu7t5v0.gds
   Copying output for cell gf180mcu_fd_sc_mcu7t5v0__dffrnq_2 from $PDKPATH/libs.ref/gf180mcu_fd_sc_mcu7t5v0/gds/gf180mcu_fd_sc_mcu7t5v0.gds
   Copying output for cell gf180mcu_fd_sc_mcu7t5v0__clkbuf_1 from $PDKPATH/libs.ref/gf180mcu_fd_sc_mcu7t5v0/gds/gf180mcu_fd_sc_mcu7t5v0.gds
   Copying output for cell gf180mcu_fd_sc_mcu7t5v0__buf_1 from $PDKPATH/libs.ref/gf180mcu_fd_sc_mcu7t5v0/gds/gf180mcu_fd_sc_mcu7t5v0.gds
   Copying output for cell gf180mcu_fd_sc_mcu7t5v0__clkbuf_3 from $PDKPATH/libs.ref/gf180mcu_fd_sc_mcu7t5v0/gds/gf180mcu_fd_sc_mcu7t5v0.gds
   Copying output for cell gf180mcu_fd_sc_mcu7t5v0__clkbuf_8 from $PDKPATH/libs.ref/gf180mcu_fd_sc_mcu7t5v0/gds/gf180mcu_fd_sc_mcu7t5v0.gds
   Copying output for cell gf180mcu_fd_sc_mcu7t5v0__dlyc_1 from $PDKPATH/libs.ref/gf180mcu_fd_sc_mcu7t5v0/gds/gf180mcu_fd_sc_mcu7t5v0.gds
   Copying output for cell gf180mcu_fd_sc_mcu7t5v0__dffrnq_4 from $PDKPATH/libs.ref/gf180mcu_fd_sc_mcu7t5v0/gds/gf180mcu_fd_sc_mcu7t5v0.gds
   Copying output for cell gf180mcu_fd_sc_mcu7t5v0__xnor2_1 from $PDKPATH/libs.ref/gf180mcu_fd_sc_mcu7t5v0/gds/gf180mcu_fd_sc_mcu7t5v0.gds
   Copying output for cell gf180mcu_fd_sc_mcu7t5v0__aoi21_1 from $PDKPATH/libs.ref/gf180mcu_fd_sc_mcu7t5v0/gds/gf180mcu_fd_sc_mcu7t5v0.gds
   Copying output for cell gf180mcu_fd_sc_mcu7t5v0__clkinv_2 from $PDKPATH/libs.ref/gf180mcu_fd_sc_mcu7t5v0/gds/gf180mcu_fd_sc_mcu7t5v0.gds
   Copying output for cell gf180mcu_fd_sc_mcu7t5v0__clkbuf_2 from $PDKPATH/libs.ref/gf180mcu_fd_sc_mcu7t5v0/gds/gf180mcu_fd_sc_mcu7t5v0.gds
   Copying output for cell gf180mcu_fd_sc_mcu7t5v0__inv_4 from $PDKPATH/libs.ref/gf180mcu_fd_sc_mcu7t5v0/gds/gf180mcu_fd_sc_mcu7t5v0.gds
   Copying output for cell gf180mcu_fd_sc_mcu7t5v0__oai22_1 from $PDKPATH/libs.ref/gf180mcu_fd_sc_mcu7t5v0/gds/gf180mcu_fd_sc_mcu7t5v0.gds
   Copying output for cell gf180mcu_fd_sc_mcu7t5v0__nand2_1 from $PDKPATH/libs.ref/gf180mcu_fd_sc_mcu7t5v0/gds/gf180mcu_fd_sc_mcu7t5v0.gds
   Copying output for cell gf180mcu_fd_sc_mcu7t5v0__oai21_1 from $PDKPATH/libs.ref/gf180mcu_fd_sc_mcu7t5v0/gds/gf180mcu_fd_sc_mcu7t5v0.gds
   Copying output for cell gf180mcu_fd_sc_mcu7t5v0__inv_3 from $PDKPATH/libs.ref/gf180mcu_fd_sc_mcu7t5v0/gds/gf180mcu_fd_sc_mcu7t5v0.gds
   Copying output for cell gf180mcu_fd_sc_mcu7t5v0__xor2_1 from $PDKPATH/libs.ref/gf180mcu_fd_sc_mcu7t5v0/gds/gf180mcu_fd_sc_mcu7t5v0.gds
   Copying output for cell gf180mcu_fd_sc_mcu7t5v0__aoi221_1 from $PDKPATH/libs.ref/gf180mcu_fd_sc_mcu7t5v0/gds/gf180mcu_fd_sc_mcu7t5v0.gds
   Copying output for cell gf180mcu_fd_sc_mcu7t5v0__aoi22_1 from $PDKPATH/libs.ref/gf180mcu_fd_sc_mcu7t5v0/gds/gf180mcu_fd_sc_mcu7t5v0.gds
   Copying output for cell gf180mcu_fd_sc_mcu7t5v0__nand3_1 from $PDKPATH/libs.ref/gf180mcu_fd_sc_mcu7t5v0/gds/gf180mcu_fd_sc_mcu7t5v0.gds
   Copying output for cell gf180mcu_fd_sc_mcu7t5v0__inv_2 from $PDKPATH/libs.ref/gf180mcu_fd_sc_mcu7t5v0/gds/gf180mcu_fd_sc_mcu7t5v0.gds
   Copying output for cell gf180mcu_fd_sc_mcu7t5v0__oai221_1 from $PDKPATH/libs.ref/gf180mcu_fd_sc_mcu7t5v0/gds/gf180mcu_fd_sc_mcu7t5v0.gds
   Copying output for cell gf180mcu_fd_sc_mcu7t5v0__inv_1 from $PDKPATH/libs.ref/gf180mcu_fd_sc_mcu7t5v0/gds/gf180mcu_fd_sc_mcu7t5v0.gds
   Copying output for cell gf180mcu_fd_sc_mcu7t5v0__oai211_1 from $PDKPATH/libs.ref/gf180mcu_fd_sc_mcu7t5v0/gds/gf180mcu_fd_sc_mcu7t5v0.gds
   Copying output for cell gf180mcu_fd_sc_mcu7t5v0__buf_2 from $PDKPATH/libs.ref/gf180mcu_fd_sc_mcu7t5v0/gds/gf180mcu_fd_sc_mcu7t5v0.gds
   Copying output for cell gf180mcu_fd_sc_mcu7t5v0__aoi211_1 from $PDKPATH/libs.ref/gf180mcu_fd_sc_mcu7t5v0/gds/gf180mcu_fd_sc_mcu7t5v0.gds
   Copying output for cell gf180mcu_fd_sc_mcu7t5v0__clkinv_8 from $PDKPATH/libs.ref/gf180mcu_fd_sc_mcu7t5v0/gds/gf180mcu_fd_sc_mcu7t5v0.gds
   Copying output for cell gf180mcu_fd_sc_mcu7t5v0__clkbuf_4 from $PDKPATH/libs.ref/gf180mcu_fd_sc_mcu7t5v0/gds/gf180mcu_fd_sc_mcu7t5v0.gds
   Copying output for cell gf180mcu_fd_sc_mcu7t5v0__and2_1 from $PDKPATH/libs.ref/gf180mcu_fd_sc_mcu7t5v0/gds/gf180mcu_fd_sc_mcu7t5v0.gds
   Copying output for cell gf180mcu_fd_sc_mcu7t5v0__nor3_1 from $PDKPATH/libs.ref/gf180mcu_fd_sc_mcu7t5v0/gds/gf180mcu_fd_sc_mcu7t5v0.gds
   Copying output for cell gf180mcu_fd_sc_mcu7t5v0__oai221_2 from $PDKPATH/libs.ref/gf180mcu_fd_sc_mcu7t5v0/gds/gf180mcu_fd_sc_mcu7t5v0.gds
   Copying output for cell gf180mcu_fd_sc_mcu7t5v0__nor2_2 from $PDKPATH/libs.ref/gf180mcu_fd_sc_mcu7t5v0/gds/gf180mcu_fd_sc_mcu7t5v0.gds
   Copying output for cell gf180mcu_fd_sc_mcu7t5v0__clkinv_12 from $PDKPATH/libs.ref/gf180mcu_fd_sc_mcu7t5v0/gds/gf180mcu_fd_sc_mcu7t5v0.gds
   Copying output for cell gf180mcu_fd_sc_mcu7t5v0__oai31_1 from $PDKPATH/libs.ref/gf180mcu_fd_sc_mcu7t5v0/gds/gf180mcu_fd_sc_mcu7t5v0.gds
   Copying output for cell gf180mcu_fd_sc_mcu7t5v0__aoi211_2 from $PDKPATH/libs.ref/gf180mcu_fd_sc_mcu7t5v0/gds/gf180mcu_fd_sc_mcu7t5v0.gds
   Copying output for cell gf180mcu_fd_sc_mcu7t5v0__oai32_1 from $PDKPATH/libs.ref/gf180mcu_fd_sc_mcu7t5v0/gds/gf180mcu_fd_sc_mcu7t5v0.gds
   Copying output for cell gf180mcu_fd_sc_mcu7t5v0__or2_1 from $PDKPATH/libs.ref/gf180mcu_fd_sc_mcu7t5v0/gds/gf180mcu_fd_sc_mcu7t5v0.gds
   Copying output for cell gf180mcu_fd_sc_mcu7t5v0__xor2_2 from $PDKPATH/libs.ref/gf180mcu_fd_sc_mcu7t5v0/gds/gf180mcu_fd_sc_mcu7t5v0.gds
   Copying output for cell gf180mcu_fd_sc_mcu7t5v0__aoi221_2 from $PDKPATH/libs.ref/gf180mcu_fd_sc_mcu7t5v0/gds/gf180mcu_fd_sc_mcu7t5v0.gds
   Copying output for cell gf180mcu_fd_sc_mcu7t5v0__clkinv_3 from $PDKPATH/libs.ref/gf180mcu_fd_sc_mcu7t5v0/gds/gf180mcu_fd_sc_mcu7t5v0.gds
   Copying output for cell gf180mcu_fd_sc_mcu7t5v0__nand2_2 from $PDKPATH/libs.ref/gf180mcu_fd_sc_mcu7t5v0/gds/gf180mcu_fd_sc_mcu7t5v0.gds
   Copying output for cell gf180mcu_fd_sc_mcu7t5v0__nor2_4 from $PDKPATH/libs.ref/gf180mcu_fd_sc_mcu7t5v0/gds/gf180mcu_fd_sc_mcu7t5v0.gds
   Copying output for cell gf180mcu_fd_sc_mcu7t5v0__aoi21_2 from $PDKPATH/libs.ref/gf180mcu_fd_sc_mcu7t5v0/gds/gf180mcu_fd_sc_mcu7t5v0.gds
   Copying output for cell gf180mcu_fd_sc_mcu7t5v0__buf_4 from $PDKPATH/libs.ref/gf180mcu_fd_sc_mcu7t5v0/gds/gf180mcu_fd_sc_mcu7t5v0.gds
   Copying output for cell gf180mcu_fd_sc_mcu7t5v0__xor3_2 from $PDKPATH/libs.ref/gf180mcu_fd_sc_mcu7t5v0/gds/gf180mcu_fd_sc_mcu7t5v0.gds
   Copying output for cell gf180mcu_fd_sc_mcu7t5v0__xor3_1 from $PDKPATH/libs.ref/gf180mcu_fd_sc_mcu7t5v0/gds/gf180mcu_fd_sc_mcu7t5v0.gds
   Copying output for cell gf180mcu_fd_sc_mcu7t5v0__dffsnq_1 from $PDKPATH/libs.ref/gf180mcu_fd_sc_mcu7t5v0/gds/gf180mcu_fd_sc_mcu7t5v0.gds
   Copying output for cell gf180mcu_fd_sc_mcu7t5v0__or3_1 from $PDKPATH/libs.ref/gf180mcu_fd_sc_mcu7t5v0/gds/gf180mcu_fd_sc_mcu7t5v0.gds
   Copying output for cell gf180mcu_fd_sc_mcu7t5v0__aoi222_2 from $PDKPATH/libs.ref/gf180mcu_fd_sc_mcu7t5v0/gds/gf180mcu_fd_sc_mcu7t5v0.gds
   Copying output for cell gf180mcu_fd_sc_mcu7t5v0__xnor3_1 from $PDKPATH/libs.ref/gf180mcu_fd_sc_mcu7t5v0/gds/gf180mcu_fd_sc_mcu7t5v0.gds
   Copying output for cell gf180mcu_fd_sc_mcu7t5v0__nand3_2 from $PDKPATH/libs.ref/gf180mcu_fd_sc_mcu7t5v0/gds/gf180mcu_fd_sc_mcu7t5v0.gds
   Copying output for cell gf180mcu_fd_sc_mcu7t5v0__nand4_1 from $PDKPATH/libs.ref/gf180mcu_fd_sc_mcu7t5v0/gds/gf180mcu_fd_sc_mcu7t5v0.gds
   Copying output for cell gf180mcu_fd_sc_mcu7t5v0__aoi221_4 from $PDKPATH/libs.ref/gf180mcu_fd_sc_mcu7t5v0/gds/gf180mcu_fd_sc_mcu7t5v0.gds
   Copying output for cell gf180mcu_fd_sc_mcu7t5v0__oai222_1 from $PDKPATH/libs.ref/gf180mcu_fd_sc_mcu7t5v0/gds/gf180mcu_fd_sc_mcu7t5v0.gds
   Copying output for cell gf180mcu_fd_sc_mcu7t5v0__oai21_2 from $PDKPATH/libs.ref/gf180mcu_fd_sc_mcu7t5v0/gds/gf180mcu_fd_sc_mcu7t5v0.gds
   Copying output for cell gf180mcu_fd_sc_mcu7t5v0__oai211_2 from $PDKPATH/libs.ref/gf180mcu_fd_sc_mcu7t5v0/gds/gf180mcu_fd_sc_mcu7t5v0.gds
   Copying output for cell gf180mcu_fd_sc_mcu7t5v0__aoi22_4 from $PDKPATH/libs.ref/gf180mcu_fd_sc_mcu7t5v0/gds/gf180mcu_fd_sc_mcu7t5v0.gds
   Copying output for cell gf180mcu_fd_sc_mcu7t5v0__oai21_4 from $PDKPATH/libs.ref/gf180mcu_fd_sc_mcu7t5v0/gds/gf180mcu_fd_sc_mcu7t5v0.gds
   Copying output for cell gf180mcu_fd_sc_mcu7t5v0__dffsnq_2 from $PDKPATH/libs.ref/gf180mcu_fd_sc_mcu7t5v0/gds/gf180mcu_fd_sc_mcu7t5v0.gds
   Copying output for cell gf180mcu_fd_sc_mcu7t5v0__nor4_1 from $PDKPATH/libs.ref/gf180mcu_fd_sc_mcu7t5v0/gds/gf180mcu_fd_sc_mcu7t5v0.gds
   Copying output for cell gf180mcu_fd_sc_mcu7t5v0__nor4_4 from $PDKPATH/libs.ref/gf180mcu_fd_sc_mcu7t5v0/gds/gf180mcu_fd_sc_mcu7t5v0.gds
   Copying output for cell gf180mcu_fd_sc_mcu7t5v0__xnor2_2 from $PDKPATH/libs.ref/gf180mcu_fd_sc_mcu7t5v0/gds/gf180mcu_fd_sc_mcu7t5v0.gds
   Copying output for cell gf180mcu_fd_sc_mcu7t5v0__or4_1 from $PDKPATH/libs.ref/gf180mcu_fd_sc_mcu7t5v0/gds/gf180mcu_fd_sc_mcu7t5v0.gds
   Copying output for cell gf180mcu_fd_sc_mcu7t5v0__nand3_4 from $PDKPATH/libs.ref/gf180mcu_fd_sc_mcu7t5v0/gds/gf180mcu_fd_sc_mcu7t5v0.gds
   Copying output for cell gf180mcu_fd_sc_mcu7t5v0__aoi21_4 from $PDKPATH/libs.ref/gf180mcu_fd_sc_mcu7t5v0/gds/gf180mcu_fd_sc_mcu7t5v0.gds
   Copying output for cell gf180mcu_fd_sc_mcu7t5v0__nor4_2 from $PDKPATH/libs.ref/gf180mcu_fd_sc_mcu7t5v0/gds/gf180mcu_fd_sc_mcu7t5v0.gds
   Copying output for cell gf180mcu_fd_sc_mcu7t5v0__aoi22_2 from $PDKPATH/libs.ref/gf180mcu_fd_sc_mcu7t5v0/gds/gf180mcu_fd_sc_mcu7t5v0.gds
   Copying output for cell gf180mcu_fd_sc_mcu7t5v0__nor3_2 from $PDKPATH/libs.ref/gf180mcu_fd_sc_mcu7t5v0/gds/gf180mcu_fd_sc_mcu7t5v0.gds
   Copying output for cell gf180mcu_fd_sc_mcu7t5v0__oai31_4 from $PDKPATH/libs.ref/gf180mcu_fd_sc_mcu7t5v0/gds/gf180mcu_fd_sc_mcu7t5v0.gds
   Copying output for cell gf180mcu_fd_sc_mcu7t5v0__and4_1 from $PDKPATH/libs.ref/gf180mcu_fd_sc_mcu7t5v0/gds/gf180mcu_fd_sc_mcu7t5v0.gds
   Copying output for cell gf180mcu_fd_sc_mcu7t5v0__oai22_2 from $PDKPATH/libs.ref/gf180mcu_fd_sc_mcu7t5v0/gds/gf180mcu_fd_sc_mcu7t5v0.gds
   Copying output for cell gf180mcu_fd_sc_mcu7t5v0__xnor3_2 from $PDKPATH/libs.ref/gf180mcu_fd_sc_mcu7t5v0/gds/gf180mcu_fd_sc_mcu7t5v0.gds
   Copying output for cell gf180mcu_fd_sc_mcu7t5v0__or2_2 from $PDKPATH/libs.ref/gf180mcu_fd_sc_mcu7t5v0/gds/gf180mcu_fd_sc_mcu7t5v0.gds
   Copying output for cell gf180mcu_fd_sc_mcu7t5v0__nand2_4 from $PDKPATH/libs.ref/gf180mcu_fd_sc_mcu7t5v0/gds/gf180mcu_fd_sc_mcu7t5v0.gds
   Copying output for cell gf180mcu_fd_sc_mcu7t5v0__clkinv_16 from $PDKPATH/libs.ref/gf180mcu_fd_sc_mcu7t5v0/gds/gf180mcu_fd_sc_mcu7t5v0.gds
   Copying output for cell gf180mcu_fd_sc_mcu7t5v0__oai211_4 from $PDKPATH/libs.ref/gf180mcu_fd_sc_mcu7t5v0/gds/gf180mcu_fd_sc_mcu7t5v0.gds
   Copying output for cell gf180mcu_fd_sc_mcu7t5v0__and2_2 from $PDKPATH/libs.ref/gf180mcu_fd_sc_mcu7t5v0/gds/gf180mcu_fd_sc_mcu7t5v0.gds
   Copying output for cell gf180mcu_fd_sc_mcu7t5v0__and2_4 from $PDKPATH/libs.ref/gf180mcu_fd_sc_mcu7t5v0/gds/gf180mcu_fd_sc_mcu7t5v0.gds
   Copying output for cell gf180mcu_fd_sc_mcu7t5v0__or4_2 from $PDKPATH/libs.ref/gf180mcu_fd_sc_mcu7t5v0/gds/gf180mcu_fd_sc_mcu7t5v0.gds
   Copying output for cell gf180mcu_fd_sc_mcu7t5v0__nand4_2 from $PDKPATH/libs.ref/gf180mcu_fd_sc_mcu7t5v0/gds/gf180mcu_fd_sc_mcu7t5v0.gds
   Copying output for cell gf180mcu_fd_sc_mcu7t5v0__nand4_4 from $PDKPATH/libs.ref/gf180mcu_fd_sc_mcu7t5v0/gds/gf180mcu_fd_sc_mcu7t5v0.gds
   Copying output for cell gf180mcu_fd_sc_mcu7t5v0__and4_2 from $PDKPATH/libs.ref/gf180mcu_fd_sc_mcu7t5v0/gds/gf180mcu_fd_sc_mcu7t5v0.gds
   Copying output for cell gf180mcu_fd_sc_mcu7t5v0__nor3_4 from $PDKPATH/libs.ref/gf180mcu_fd_sc_mcu7t5v0/gds/gf180mcu_fd_sc_mcu7t5v0.gds
   Copying output for cell gf180mcu_fd_sc_mcu7t5v0__inv_12 from $PDKPATH/libs.ref/gf180mcu_fd_sc_mcu7t5v0/gds/gf180mcu_fd_sc_mcu7t5v0.gds
   Copying output for cell gf180mcu_fd_sc_mcu7t5v0__oai31_2 from $PDKPATH/libs.ref/gf180mcu_fd_sc_mcu7t5v0/gds/gf180mcu_fd_sc_mcu7t5v0.gds
   Copying output for cell gf180mcu_fd_sc_mcu7t5v0__aoi211_4 from $PDKPATH/libs.ref/gf180mcu_fd_sc_mcu7t5v0/gds/gf180mcu_fd_sc_mcu7t5v0.gds
   Copying output for cell gf180mcu_fd_sc_mcu7t5v0__and3_1 from $PDKPATH/libs.ref/gf180mcu_fd_sc_mcu7t5v0/gds/gf180mcu_fd_sc_mcu7t5v0.gds
   Copying output for cell gf180mcu_fd_sc_mcu7t5v0__or3_2 from $PDKPATH/libs.ref/gf180mcu_fd_sc_mcu7t5v0/gds/gf180mcu_fd_sc_mcu7t5v0.gds
   Copying output for cell gf180mcu_fd_sc_mcu7t5v0__buf_8 from $PDKPATH/libs.ref/gf180mcu_fd_sc_mcu7t5v0/gds/gf180mcu_fd_sc_mcu7t5v0.gds
   Copying output for cell gf180mcu_fd_sc_mcu7t5v0__and3_4 from $PDKPATH/libs.ref/gf180mcu_fd_sc_mcu7t5v0/gds/gf180mcu_fd_sc_mcu7t5v0.gds
   Copying output for cell gf180mcu_fd_sc_mcu7t5v0__or2_4 from $PDKPATH/libs.ref/gf180mcu_fd_sc_mcu7t5v0/gds/gf180mcu_fd_sc_mcu7t5v0.gds
   Copying output for cell gf180mcu_fd_sc_mcu7t5v0__or4_4 from $PDKPATH/libs.ref/gf180mcu_fd_sc_mcu7t5v0/gds/gf180mcu_fd_sc_mcu7t5v0.gds
   Copying output for cell gf180mcu_fd_sc_mcu7t5v0__buf_3 from $PDKPATH/libs.ref/gf180mcu_fd_sc_mcu7t5v0/gds/gf180mcu_fd_sc_mcu7t5v0.gds
   Copying output for cell gf180mcu_fd_sc_mcu7t5v0__oai33_1 from $PDKPATH/libs.ref/gf180mcu_fd_sc_mcu7t5v0/gds/gf180mcu_fd_sc_mcu7t5v0.gds
   Copying output for cell gf180mcu_fd_sc_mcu7t5v0__oai32_2 from $PDKPATH/libs.ref/gf180mcu_fd_sc_mcu7t5v0/gds/gf180mcu_fd_sc_mcu7t5v0.gds
   Copying output for cell gf180mcu_fd_sc_mcu7t5v0__clkinv_4 from $PDKPATH/libs.ref/gf180mcu_fd_sc_mcu7t5v0/gds/gf180mcu_fd_sc_mcu7t5v0.gds
   Copying output for cell gf180mcu_fd_sc_mcu7t5v0__oai222_2 from $PDKPATH/libs.ref/gf180mcu_fd_sc_mcu7t5v0/gds/gf180mcu_fd_sc_mcu7t5v0.gds
   Copying output for cell gf180mcu_fd_sc_mcu7t5v0__oai222_4 from $PDKPATH/libs.ref/gf180mcu_fd_sc_mcu7t5v0/gds/gf180mcu_fd_sc_mcu7t5v0.gds
   Copying output for cell gf180mcu_fd_sc_mcu7t5v0__inv_8 from $PDKPATH/libs.ref/gf180mcu_fd_sc_mcu7t5v0/gds/gf180mcu_fd_sc_mcu7t5v0.gds
   Copying output for cell gf180mcu_fd_sc_mcu7t5v0__dffq_1 from $PDKPATH/libs.ref/gf180mcu_fd_sc_mcu7t5v0/gds/gf180mcu_fd_sc_mcu7t5v0.gds
   Copying output for cell gf180mcu_fd_sc_mcu7t5v0__antenna from $PDKPATH/libs.ref/gf180mcu_fd_sc_mcu7t5v0/gds/gf180mcu_fd_sc_mcu7t5v0.gds
   Copying output for cell gf180mcu_fd_sc_mcu7t5v0__xnor2_4 from $PDKPATH/libs.ref/gf180mcu_fd_sc_mcu7t5v0/gds/gf180mcu_fd_sc_mcu7t5v0.gds
   Copying output for cell gf180mcu_fd_sc_mcu7t5v0__oai22_4 from $PDKPATH/libs.ref/gf180mcu_fd_sc_mcu7t5v0/gds/gf180mcu_fd_sc_mcu7t5v0.gds
   Copying output for cell gf180mcu_fd_sc_mcu7t5v0__aoi222_1 from $PDKPATH/libs.ref/gf180mcu_fd_sc_mcu7t5v0/gds/gf180mcu_fd_sc_mcu7t5v0.gds
   Copying output for cell gf180mcu_fd_sc_mcu7t5v0__clkbuf_16 from $PDKPATH/libs.ref/gf180mcu_fd_sc_mcu7t5v0/gds/gf180mcu_fd_sc_mcu7t5v0.gds
   Copying output for cell gf180mcu_fd_sc_mcu7t5v0__aoi222_4 from $PDKPATH/libs.ref/gf180mcu_fd_sc_mcu7t5v0/gds/gf180mcu_fd_sc_mcu7t5v0.gds
   Copying output for cell gf180mcu_fd_sc_mcu7t5v0__oai221_4 from $PDKPATH/libs.ref/gf180mcu_fd_sc_mcu7t5v0/gds/gf180mcu_fd_sc_mcu7t5v0.gds
   Generating output for cell ascon_top
[INFO] GDS Write Complete
