Clock: clk
Sources: clk 
Generated: no
Virtual: yes
Propagated: no
Period: 20.000000

===========================================================================
report_clock_properties
============================================================================
Clock                   Period          Waveform
----------------------------------------------------
clk                  20.000000    0.000000 10.000000

===========================================================================
report_clock_latency
============================================================================
Clock clk
rise -> rise
    min     max
0.000000 0.000000 source latency
3.844198         network latency _25369_/CLK
        4.959865 network latency _26139_/CLK
---------------
3.844198 4.959865 latency
        1.115668 skew

fall -> fall
    min     max
0.000000 0.000000 source latency
3.885962         network latency _25369_/CLK
        5.196637 network latency _26139_/CLK
---------------
3.885962 5.196637 latency
        1.310675 skew



===========================================================================
report_clock_min_period
============================================================================
clk period_min = 26.02 fmax = 38.43
