Reading timing models for corner nom_ff_n40C_5v50…
Reading timing library for the 'nom_ff_n40C_5v50' corner at '/foss/pdks/gf180mcuD/libs.ref/gf180mcu_fd_sc_mcu7t5v0/lib/gf180mcu_fd_sc_mcu7t5v0__ff_n40C_5v50.lib'…
Reading timing models for corner nom_tt_025C_5v00…
Reading timing library for the 'nom_tt_025C_5v00' corner at '/foss/pdks/gf180mcuD/libs.ref/gf180mcu_fd_sc_mcu7t5v0/lib/gf180mcu_fd_sc_mcu7t5v0__tt_025C_5v00.lib'…
Reading timing models for corner nom_ss_125C_4v50…
Reading timing library for the 'nom_ss_125C_4v50' corner at '/foss/pdks/gf180mcuD/libs.ref/gf180mcu_fd_sc_mcu7t5v0/lib/gf180mcu_fd_sc_mcu7t5v0__ss_125C_4v50.lib'…
Reading OpenROAD database at '/foss/designs/ascon/runs/RUN_2026-09-05_03-04-29/34-openroad-cts/ascon_top.odb'…
Reading design constraints file at '/usr/local/lib/python3.12/dist-packages/openlane/scripts/base.sdc'…
[INFO] Using clock clk…
[INFO] Setting output delay to: 4.0
[INFO] Setting input delay to: 4.0
[INFO] Setting load to: 0.07291
[INFO] Setting clock uncertainty to: 0.25
[INFO] Setting clock transition to: 0.1499999999999999944488848768742172978818416595458984375
[INFO] Setting timing derate to: 5%
[INFO] Setting RC values…
[INFO RSZ-0094] Found 558 endpoints with setup violations.
[INFO RSZ-0099] Repairing 558 out of 558 (100.00%) violating endpoints...
   Iter   | Removed | Resized | Inserted | Cloned |  Pin  |    WNS   |   TNS      |  Viol  | Worst
          | Buffers |  Gates  | Buffers  |  Gates | Swaps |          |            | Endpts | Endpt
---------------------------------------------------------------------------------------------------
        0 |       0 |       0 |        0 |      0 |     0 |   -3.061 |     -341.8 |    558 | _25055_/D
       10 |       0 |       3 |        6 |      0 |     3 |   -2.173 |     -166.1 |    558 | _24857_/D
       20 |       1 |      11 |        6 |      0 |     4 |   -1.291 |      -35.6 |    558 | _24857_/D
       30 |       1 |      19 |       10 |      0 |     4 |   -0.874 |      -26.2 |    558 | _25055_/D
       40 |       1 |      26 |       10 |      0 |     7 |   -0.358 |       -2.7 |    558 | _25058_/D
       48 |       2 |      32 |       12 |      0 |     7 |    0.320 |       -0.0 |    556 | _25055_/D
       49 |       2 |      32 |       12 |      0 |     7 |    0.320 |       -0.0 |    555 | _25055_/D
       50 |       2 |      32 |       12 |      0 |     7 |    0.320 |       -0.0 |    555 | _25055_/D
       50 |       2 |      32 |       12 |      0 |     7 |    0.320 |       -0.0 |    554 | _25055_/D
       51 |       2 |      32 |       12 |      0 |     7 |    0.320 |       -0.0 |    553 | _25055_/D
       52 |       2 |      32 |       12 |      0 |     7 |    0.320 |       -0.0 |    552 | _25055_/D
       53 |       2 |      32 |       12 |      0 |     7 |    0.320 |       -0.0 |    551 | _25055_/D
       54 |       2 |      32 |       12 |      0 |     7 |    0.320 |       -0.0 |    550 | _25055_/D
       55 |       2 |      32 |       12 |      0 |     7 |    0.320 |       -0.0 |    549 | _25055_/D
       56 |       2 |      32 |       12 |      0 |     7 |    0.320 |       -0.0 |    548 | _25055_/D
       57 |       2 |      32 |       12 |      0 |     7 |    0.320 |       -0.0 |    547 | _25055_/D
       58 |       2 |      32 |       12 |      0 |     7 |    0.320 |       -0.0 |    546 | _25055_/D
       59 |       2 |      32 |       12 |      0 |     7 |    0.320 |       -0.0 |    545 | _25055_/D
       60 |       2 |      32 |       12 |      0 |     7 |    0.320 |       -0.0 |    545 | _25055_/D
       60 |       2 |      32 |       12 |      0 |     7 |    0.320 |       -0.0 |    544 | _25055_/D
       61 |       2 |      32 |       12 |      0 |     7 |    0.320 |       -0.0 |    543 | _25055_/D
       62 |       2 |      32 |       12 |      0 |     7 |    0.320 |       -0.0 |    542 | _25055_/D
       63 |       2 |      32 |       12 |      0 |     7 |    0.320 |       -0.0 |    541 | _25055_/D
       64 |       2 |      32 |       12 |      0 |     7 |    0.320 |       -0.0 |    540 | _25055_/D
       65 |       2 |      32 |       12 |      0 |     7 |    0.320 |       -0.0 |    539 | _25055_/D
       66 |       2 |      32 |       12 |      0 |     7 |    0.320 |       -0.0 |    538 | _25055_/D
       67 |       2 |      32 |       12 |      0 |     7 |    0.320 |       -0.0 |    537 | _25055_/D
       68 |       2 |      32 |       12 |      0 |     7 |    0.320 |       -0.0 |    536 | _25055_/D
       69 |       2 |      32 |       12 |      0 |     7 |    0.320 |       -0.0 |    535 | _25055_/D
       70 |       2 |      32 |       12 |      0 |     7 |    0.320 |       -0.0 |    535 | _25055_/D
       70 |       2 |      32 |       12 |      0 |     7 |    0.320 |       -0.0 |    534 | _25055_/D
       71 |       2 |      32 |       12 |      0 |     7 |    0.320 |       -0.0 |    533 | _25055_/D
       72 |       2 |      32 |       12 |      0 |     7 |    0.320 |       -0.0 |    532 | _25055_/D
       73 |       2 |      32 |       12 |      0 |     7 |    0.320 |       -0.0 |    531 | _25055_/D
       74 |       2 |      32 |       12 |      0 |     7 |    0.320 |       -0.0 |    530 | _25055_/D
       75 |       2 |      32 |       12 |      0 |     7 |    0.320 |       -0.0 |    529 | _25055_/D
       76 |       2 |      32 |       12 |      0 |     7 |    0.320 |       -0.0 |    528 | _25055_/D
       77 |       2 |      32 |       12 |      0 |     7 |    0.320 |       -0.0 |    527 | _25055_/D
       78 |       2 |      32 |       12 |      0 |     7 |    0.320 |       -0.0 |    526 | _25055_/D
       79 |       2 |      32 |       12 |      0 |     7 |    0.320 |       -0.0 |    525 | _25055_/D
       80 |       2 |      32 |       12 |      0 |     7 |    0.320 |       -0.0 |    525 | _25055_/D
       80 |       2 |      32 |       12 |      0 |     7 |    0.320 |       -0.0 |    524 | _25055_/D
       81 |       2 |      32 |       12 |      0 |     7 |    0.320 |       -0.0 |    523 | _25055_/D
       82 |       2 |      32 |       12 |      0 |     7 |    0.320 |       -0.0 |    522 | _25055_/D
       83 |       2 |      32 |       12 |      0 |     7 |    0.320 |       -0.0 |    521 | _25055_/D
       84 |       2 |      32 |       12 |      0 |     7 |    0.320 |       -0.0 |    520 | _25055_/D
       85 |       2 |      32 |       12 |      0 |     7 |    0.320 |       -0.0 |    519 | _25055_/D
       86 |       2 |      32 |       12 |      0 |     7 |    0.320 |       -0.0 |    518 | _25055_/D
       87 |       2 |      32 |       12 |      0 |     7 |    0.320 |       -0.0 |    517 | _25055_/D
       88 |       2 |      32 |       12 |      0 |     7 |    0.320 |       -0.0 |    516 | _25055_/D
       89 |       2 |      32 |       12 |      0 |     7 |    0.320 |       -0.0 |    515 | _25055_/D
       90 |       2 |      32 |       12 |      0 |     7 |    0.320 |       -0.0 |    515 | _25055_/D
       90 |       2 |      32 |       12 |      0 |     7 |    0.320 |       -0.0 |    514 | _25055_/D
       91 |       2 |      32 |       12 |      0 |     7 |    0.320 |       -0.0 |    513 | _25055_/D
       92 |       2 |      32 |       12 |      0 |     7 |    0.320 |       -0.0 |    512 | _25055_/D
       93 |       2 |      32 |       12 |      0 |     7 |    0.320 |       -0.0 |    511 | _25055_/D
       94 |       2 |      32 |       12 |      0 |     7 |    0.320 |       -0.0 |    510 | _25055_/D
       95 |       2 |      32 |       12 |      0 |     7 |    0.320 |       -0.0 |    509 | _25055_/D
       96 |       2 |      32 |       12 |      0 |     7 |    0.320 |       -0.0 |    508 | _25055_/D
       97 |       2 |      32 |       12 |      0 |     7 |    0.320 |       -0.0 |    507 | _25055_/D
       98 |       2 |      32 |       12 |      0 |     7 |    0.320 |       -0.0 |    506 | _25055_/D
       99 |       2 |      32 |       12 |      0 |     7 |    0.320 |       -0.0 |    505 | _25055_/D
      100 |       2 |      32 |       12 |      0 |     7 |    0.320 |       -0.0 |    505 | _25055_/D
      100 |       2 |      32 |       12 |      0 |     7 |    0.320 |       -0.0 |    504 | _25055_/D
      101 |       2 |      32 |       12 |      0 |     7 |    0.320 |       -0.0 |    503 | _25055_/D
      102 |       2 |      32 |       12 |      0 |     7 |    0.320 |       -0.0 |    502 | _25055_/D
      103 |       2 |      32 |       12 |      0 |     7 |    0.320 |       -0.0 |    501 | _25055_/D
      104 |       2 |      32 |       12 |      0 |     7 |    0.320 |       -0.0 |    500 | _25055_/D
      105 |       2 |      32 |       12 |      0 |     7 |    0.320 |       -0.0 |    499 | _25055_/D
      106 |       2 |      32 |       12 |      0 |     7 |    0.320 |       -0.0 |    498 | _25055_/D
      107 |       2 |      32 |       12 |      0 |     7 |    0.320 |       -0.0 |    497 | _25055_/D
      108 |       2 |      32 |       12 |      0 |     7 |    0.320 |       -0.0 |    496 | _25055_/D
      109 |       2 |      32 |       12 |      0 |     7 |    0.320 |       -0.0 |    495 | _25055_/D
      110 |       2 |      32 |       12 |      0 |     7 |    0.320 |       -0.0 |    495 | _25055_/D
      110 |       2 |      32 |       12 |      0 |     7 |    0.320 |       -0.0 |    494 | _25055_/D
      111 |       2 |      32 |       12 |      0 |     7 |    0.320 |       -0.0 |    493 | _25055_/D
      112 |       2 |      32 |       12 |      0 |     7 |    0.320 |       -0.0 |    492 | _25055_/D
      113 |       2 |      32 |       12 |      0 |     7 |    0.320 |       -0.0 |    491 | _25055_/D
      114 |       2 |      32 |       12 |      0 |     7 |    0.320 |       -0.0 |    490 | _25055_/D
      115 |       2 |      32 |       12 |      0 |     7 |    0.320 |       -0.0 |    489 | _25055_/D
      116 |       2 |      32 |       12 |      0 |     7 |    0.320 |       -0.0 |    488 | _25055_/D
      117 |       2 |      32 |       12 |      0 |     7 |    0.320 |       -0.0 |    487 | _25055_/D
      118 |       2 |      32 |       12 |      0 |     7 |    0.320 |       -0.0 |    486 | _25055_/D
      119 |       2 |      32 |       12 |      0 |     7 |    0.320 |       -0.0 |    485 | _25055_/D
      120 |       2 |      32 |       12 |      0 |     7 |    0.320 |       -0.0 |    485 | _25055_/D
      120 |       2 |      32 |       12 |      0 |     7 |    0.320 |       -0.0 |    484 | _25055_/D
      121 |       2 |      32 |       12 |      0 |     7 |    0.320 |       -0.0 |    483 | _25055_/D
      122 |       2 |      32 |       12 |      0 |     7 |    0.320 |       -0.0 |    482 | _25055_/D
      123 |       2 |      32 |       12 |      0 |     7 |    0.320 |       -0.0 |    481 | _25055_/D
      124 |       2 |      32 |       12 |      0 |     7 |    0.320 |       -0.0 |    480 | _25055_/D
      125 |       2 |      32 |       12 |      0 |     7 |    0.320 |       -0.0 |    479 | _25055_/D
      126 |       2 |      32 |       12 |      0 |     7 |    0.320 |       -0.0 |    478 | _25055_/D
      127 |       2 |      32 |       12 |      0 |     7 |    0.320 |       -0.0 |    477 | _25055_/D
      128 |       2 |      32 |       12 |      0 |     7 |    0.320 |       -0.0 |    476 | _25055_/D
      129 |       2 |      32 |       12 |      0 |     7 |    0.320 |       -0.0 |    475 | _25055_/D
      130 |       2 |      32 |       12 |      0 |     7 |    0.320 |       -0.0 |    475 | _25055_/D
      130 |       2 |      32 |       12 |      0 |     7 |    0.320 |       -0.0 |    474 | _25055_/D
      131 |       2 |      32 |       12 |      0 |     7 |    0.320 |       -0.0 |    473 | _25055_/D
      132 |       2 |      32 |       12 |      0 |     7 |    0.320 |       -0.0 |    472 | _25055_/D
      133 |       2 |      32 |       12 |      0 |     7 |    0.320 |       -0.0 |    471 | _25055_/D
      134 |       2 |      32 |       12 |      0 |     7 |    0.320 |       -0.0 |    470 | _25055_/D
      135 |       2 |      32 |       12 |      0 |     7 |    0.320 |       -0.0 |    469 | _25055_/D
      136 |       2 |      32 |       12 |      0 |     7 |    0.320 |       -0.0 |    468 | _25055_/D
      137 |       2 |      32 |       12 |      0 |     7 |    0.320 |       -0.0 |    467 | _25055_/D
      138 |       2 |      32 |       12 |      0 |     7 |    0.320 |       -0.0 |    466 | _25055_/D
      139 |       2 |      32 |       12 |      0 |     7 |    0.320 |       -0.0 |    465 | _25055_/D
      140 |       2 |      32 |       12 |      0 |     7 |    0.320 |       -0.0 |    465 | _25055_/D
      140 |       2 |      32 |       12 |      0 |     7 |    0.320 |       -0.0 |    464 | _25055_/D
      141 |       2 |      32 |       12 |      0 |     7 |    0.320 |       -0.0 |    463 | _25055_/D
      142 |       2 |      32 |       12 |      0 |     7 |    0.320 |       -0.0 |    462 | _25055_/D
      143 |       2 |      32 |       12 |      0 |     7 |    0.320 |       -0.0 |    461 | _25055_/D
      144 |       2 |      32 |       12 |      0 |     7 |    0.320 |       -0.0 |    460 | _25055_/D
      145 |       2 |      32 |       12 |      0 |     7 |    0.320 |       -0.0 |    459 | _25055_/D
      146 |       2 |      32 |       12 |      0 |     7 |    0.320 |       -0.0 |    458 | _25055_/D
      147 |       2 |      32 |       12 |      0 |     7 |    0.320 |       -0.0 |    457 | _25055_/D
      148 |       2 |      32 |       12 |      0 |     7 |    0.320 |       -0.0 |    456 | _25055_/D
      149 |       2 |      32 |       12 |      0 |     7 |    0.320 |       -0.0 |    455 | _25055_/D
      150 |       2 |      32 |       12 |      0 |     7 |    0.320 |       -0.0 |    455 | _25055_/D
      150 |       2 |      32 |       12 |      0 |     7 |    0.320 |       -0.0 |    454 | _25055_/D
      151 |       2 |      32 |       12 |      0 |     7 |    0.320 |       -0.0 |    453 | _25055_/D
      152 |       2 |      32 |       12 |      0 |     7 |    0.320 |       -0.0 |    452 | _25055_/D
      153 |       2 |      32 |       12 |      0 |     7 |    0.320 |       -0.0 |    451 | _25055_/D
      154 |       2 |      32 |       12 |      0 |     7 |    0.320 |       -0.0 |    450 | _25055_/D
      155 |       2 |      32 |       12 |      0 |     7 |    0.320 |       -0.0 |    449 | _25055_/D
      156 |       2 |      32 |       12 |      0 |     7 |    0.320 |       -0.0 |    448 | _25055_/D
      157 |       2 |      32 |       12 |      0 |     7 |    0.320 |       -0.0 |    447 | _25055_/D
      158 |       2 |      32 |       12 |      0 |     7 |    0.320 |       -0.0 |    446 | _25055_/D
      159 |       2 |      32 |       12 |      0 |     7 |    0.320 |       -0.0 |    445 | _25055_/D
      160 |       2 |      32 |       12 |      0 |     7 |    0.320 |       -0.0 |    445 | _25055_/D
      160 |       2 |      32 |       12 |      0 |     7 |    0.320 |       -0.0 |    444 | _25055_/D
      161 |       2 |      32 |       12 |      0 |     7 |    0.320 |       -0.0 |    443 | _25055_/D
      162 |       2 |      32 |       12 |      0 |     7 |    0.320 |       -0.0 |    442 | _25055_/D
      163 |       2 |      32 |       12 |      0 |     7 |    0.320 |       -0.0 |    441 | _25055_/D
      164 |       2 |      32 |       12 |      0 |     7 |    0.320 |       -0.0 |    440 | _25055_/D
      165 |       2 |      32 |       12 |      0 |     7 |    0.320 |       -0.0 |    439 | _25055_/D
      166 |       2 |      32 |       12 |      0 |     7 |    0.320 |       -0.0 |    438 | _25055_/D
      167 |       2 |      32 |       12 |      0 |     7 |    0.320 |       -0.0 |    437 | _25055_/D
      168 |       2 |      32 |       12 |      0 |     7 |    0.320 |       -0.0 |    436 | _25055_/D
      169 |       2 |      32 |       12 |      0 |     7 |    0.320 |       -0.0 |    435 | _25055_/D
      170 |       2 |      32 |       12 |      0 |     7 |    0.320 |       -0.0 |    435 | _25055_/D
      170 |       2 |      32 |       12 |      0 |     7 |    0.320 |       -0.0 |    434 | _25055_/D
      171 |       2 |      32 |       12 |      0 |     7 |    0.320 |       -0.0 |    433 | _25055_/D
      172 |       2 |      32 |       12 |      0 |     7 |    0.320 |       -0.0 |    432 | _25055_/D
      173 |       2 |      32 |       12 |      0 |     7 |    0.320 |       -0.0 |    431 | _25055_/D
      174 |       2 |      32 |       12 |      0 |     7 |    0.320 |       -0.0 |    430 | _25055_/D
      175 |       2 |      32 |       12 |      0 |     7 |    0.320 |       -0.0 |    429 | _25055_/D
      176 |       2 |      32 |       12 |      0 |     7 |    0.320 |       -0.0 |    428 | _25055_/D
      177 |       2 |      32 |       12 |      0 |     7 |    0.320 |       -0.0 |    427 | _25055_/D
      178 |       2 |      32 |       12 |      0 |     7 |    0.320 |       -0.0 |    426 | _25055_/D
      179 |       2 |      32 |       12 |      0 |     7 |    0.320 |       -0.0 |    425 | _25055_/D
      180 |       2 |      32 |       12 |      0 |     7 |    0.320 |       -0.0 |    425 | _25055_/D
      180 |       2 |      32 |       12 |      0 |     7 |    0.320 |       -0.0 |    424 | _25055_/D
      181 |       2 |      32 |       12 |      0 |     7 |    0.320 |       -0.0 |    423 | _25055_/D
      182 |       2 |      32 |       12 |      0 |     7 |    0.320 |       -0.0 |    422 | _25055_/D
      183 |       2 |      32 |       12 |      0 |     7 |    0.320 |       -0.0 |    421 | _25055_/D
      184 |       2 |      32 |       12 |      0 |     7 |    0.320 |       -0.0 |    420 | _25055_/D
      185 |       2 |      32 |       12 |      0 |     7 |    0.320 |       -0.0 |    419 | _25055_/D
      186 |       2 |      32 |       12 |      0 |     7 |    0.320 |       -0.0 |    418 | _25055_/D
      187 |       2 |      32 |       12 |      0 |     7 |    0.320 |       -0.0 |    417 | _25055_/D
      188 |       2 |      32 |       12 |      0 |     7 |    0.320 |       -0.0 |    416 | _25055_/D
      189 |       2 |      32 |       12 |      0 |     7 |    0.320 |       -0.0 |    415 | _25055_/D
      190 |       2 |      32 |       12 |      0 |     7 |    0.320 |       -0.0 |    415 | _25055_/D
      190 |       2 |      32 |       12 |      0 |     7 |    0.320 |       -0.0 |    414 | _25055_/D
      191 |       2 |      32 |       12 |      0 |     7 |    0.320 |       -0.0 |    413 | _25055_/D
      192 |       2 |      32 |       12 |      0 |     7 |    0.320 |       -0.0 |    412 | _25055_/D
      193 |       2 |      32 |       12 |      0 |     7 |    0.320 |       -0.0 |    411 | _25055_/D
      194 |       2 |      32 |       12 |      0 |     7 |    0.320 |       -0.0 |    410 | _25055_/D
      195 |       2 |      32 |       12 |      0 |     7 |    0.320 |       -0.0 |    409 | _25055_/D
      196 |       2 |      32 |       12 |      0 |     7 |    0.320 |       -0.0 |    408 | _25055_/D
      197 |       2 |      32 |       12 |      0 |     7 |    0.320 |       -0.0 |    407 | _25055_/D
      198 |       2 |      32 |       12 |      0 |     7 |    0.320 |       -0.0 |    406 | _25055_/D
      199 |       2 |      32 |       12 |      0 |     7 |    0.320 |       -0.0 |    405 | _25055_/D
      200 |       2 |      32 |       12 |      0 |     7 |    0.320 |       -0.0 |    405 | _25055_/D
      200 |       2 |      32 |       12 |      0 |     7 |    0.320 |       -0.0 |    404 | _25055_/D
      201 |       2 |      32 |       12 |      0 |     7 |    0.320 |       -0.0 |    403 | _25055_/D
      202 |       2 |      32 |       12 |      0 |     7 |    0.320 |       -0.0 |    402 | _25055_/D
      203 |       2 |      32 |       12 |      0 |     7 |    0.320 |       -0.0 |    401 | _25055_/D
      204 |       2 |      32 |       12 |      0 |     7 |    0.320 |       -0.0 |    400 | _25055_/D
      205 |       2 |      32 |       12 |      0 |     7 |    0.320 |       -0.0 |    399 | _25055_/D
      206 |       2 |      32 |       12 |      0 |     7 |    0.320 |       -0.0 |    398 | _25055_/D
      207 |       2 |      32 |       12 |      0 |     7 |    0.320 |       -0.0 |    397 | _25055_/D
      208 |       2 |      32 |       12 |      0 |     7 |    0.320 |       -0.0 |    396 | _25055_/D
      209 |       2 |      32 |       12 |      0 |     7 |    0.320 |       -0.0 |    395 | _25055_/D
      210 |       2 |      32 |       12 |      0 |     7 |    0.320 |       -0.0 |    395 | _25055_/D
      210 |       2 |      32 |       12 |      0 |     7 |    0.320 |       -0.0 |    394 | _25055_/D
      211 |       2 |      32 |       12 |      0 |     7 |    0.320 |       -0.0 |    393 | _25055_/D
      212 |       2 |      32 |       12 |      0 |     7 |    0.320 |       -0.0 |    392 | _25055_/D
      213 |       2 |      32 |       12 |      0 |     7 |    0.320 |       -0.0 |    391 | _25055_/D
      214 |       2 |      32 |       12 |      0 |     7 |    0.320 |       -0.0 |    390 | _25055_/D
      215 |       2 |      32 |       12 |      0 |     7 |    0.320 |       -0.0 |    389 | _25055_/D
      216 |       2 |      32 |       12 |      0 |     7 |    0.320 |       -0.0 |    388 | _25055_/D
      217 |       2 |      32 |       12 |      0 |     7 |    0.320 |       -0.0 |    387 | _25055_/D
      218 |       2 |      32 |       12 |      0 |     7 |    0.320 |       -0.0 |    386 | _25055_/D
      219 |       2 |      32 |       12 |      0 |     7 |    0.320 |       -0.0 |    385 | _25055_/D
      220 |       2 |      32 |       12 |      0 |     7 |    0.320 |       -0.0 |    385 | _25055_/D
      220 |       2 |      32 |       12 |      0 |     7 |    0.320 |       -0.0 |    384 | _25055_/D
      221 |       2 |      32 |       12 |      0 |     7 |    0.320 |       -0.0 |    383 | _25055_/D
      222 |       2 |      32 |       12 |      0 |     7 |    0.320 |       -0.0 |    382 | _25055_/D
      223 |       2 |      32 |       12 |      0 |     7 |    0.320 |       -0.0 |    381 | _25055_/D
      224 |       2 |      32 |       12 |      0 |     7 |    0.320 |       -0.0 |    380 | _25055_/D
      225 |       2 |      32 |       12 |      0 |     7 |    0.320 |       -0.0 |    379 | _25055_/D
      226 |       2 |      32 |       12 |      0 |     7 |    0.320 |       -0.0 |    378 | _25055_/D
      227 |       2 |      32 |       12 |      0 |     7 |    0.320 |       -0.0 |    377 | _25055_/D
      228 |       2 |      32 |       12 |      0 |     7 |    0.320 |       -0.0 |    376 | _25055_/D
      229 |       2 |      32 |       12 |      0 |     7 |    0.320 |       -0.0 |    375 | _25055_/D
      230 |       2 |      32 |       12 |      0 |     7 |    0.320 |       -0.0 |    375 | _25055_/D
      230 |       2 |      32 |       12 |      0 |     7 |    0.320 |       -0.0 |    374 | _25055_/D
      231 |       2 |      32 |       12 |      0 |     7 |    0.320 |       -0.0 |    373 | _25055_/D
      232 |       2 |      32 |       12 |      0 |     7 |    0.320 |       -0.0 |    372 | _25055_/D
      233 |       2 |      32 |       12 |      0 |     7 |    0.320 |       -0.0 |    371 | _25055_/D
      234 |       2 |      32 |       12 |      0 |     7 |    0.320 |       -0.0 |    370 | _25055_/D
      235 |       2 |      32 |       12 |      0 |     7 |    0.320 |       -0.0 |    369 | _25055_/D
      236 |       2 |      32 |       12 |      0 |     7 |    0.320 |       -0.0 |    368 | _25055_/D
      237 |       2 |      32 |       12 |      0 |     7 |    0.320 |       -0.0 |    367 | _25055_/D
      238 |       2 |      32 |       12 |      0 |     7 |    0.320 |       -0.0 |    366 | _25055_/D
      239 |       2 |      32 |       12 |      0 |     7 |    0.320 |       -0.0 |    365 | _25055_/D
      240 |       2 |      32 |       12 |      0 |     7 |    0.320 |       -0.0 |    365 | _25055_/D
      240 |       2 |      32 |       12 |      0 |     7 |    0.320 |       -0.0 |    364 | _25055_/D
      241 |       2 |      32 |       12 |      0 |     7 |    0.320 |       -0.0 |    363 | _25055_/D
      242 |       2 |      32 |       12 |      0 |     7 |    0.320 |       -0.0 |    362 | _25055_/D
      243 |       2 |      32 |       12 |      0 |     7 |    0.320 |       -0.0 |    361 | _25055_/D
      244 |       2 |      32 |       12 |      0 |     7 |    0.320 |       -0.0 |    360 | _25055_/D
      245 |       2 |      32 |       12 |      0 |     7 |    0.320 |       -0.0 |    359 | _25055_/D
      246 |       2 |      32 |       12 |      0 |     7 |    0.320 |       -0.0 |    358 | _25055_/D
      247 |       2 |      32 |       12 |      0 |     7 |    0.320 |       -0.0 |    357 | _25055_/D
      248 |       2 |      32 |       12 |      0 |     7 |    0.320 |       -0.0 |    356 | _25055_/D
      249 |       2 |      32 |       12 |      0 |     7 |    0.320 |       -0.0 |    355 | _25055_/D
      250 |       2 |      32 |       12 |      0 |     7 |    0.320 |       -0.0 |    355 | _25055_/D
      250 |       2 |      32 |       12 |      0 |     7 |    0.320 |       -0.0 |    354 | _25055_/D
      251 |       2 |      32 |       12 |      0 |     7 |    0.320 |       -0.0 |    353 | _25055_/D
      252 |       2 |      32 |       12 |      0 |     7 |    0.320 |       -0.0 |    352 | _25055_/D
      253 |       2 |      32 |       12 |      0 |     7 |    0.320 |       -0.0 |    351 | _25055_/D
      254 |       2 |      32 |       12 |      0 |     7 |    0.320 |       -0.0 |    350 | _25055_/D
      255 |       2 |      32 |       12 |      0 |     7 |    0.320 |       -0.0 |    349 | _25055_/D
      256 |       2 |      32 |       12 |      0 |     7 |    0.320 |       -0.0 |    348 | _25055_/D
      257 |       2 |      32 |       12 |      0 |     7 |    0.320 |       -0.0 |    347 | _25055_/D
      258 |       2 |      32 |       12 |      0 |     7 |    0.320 |       -0.0 |    346 | _25055_/D
      259 |       2 |      32 |       12 |      0 |     7 |    0.320 |       -0.0 |    345 | _25055_/D
      260 |       2 |      32 |       12 |      0 |     7 |    0.320 |       -0.0 |    345 | _25055_/D
      260 |       2 |      32 |       12 |      0 |     7 |    0.320 |       -0.0 |    344 | _25055_/D
      261 |       2 |      32 |       12 |      0 |     7 |    0.320 |       -0.0 |    343 | _25055_/D
      262 |       2 |      32 |       12 |      0 |     7 |    0.320 |       -0.0 |    342 | _25055_/D
      263 |       2 |      32 |       12 |      0 |     7 |    0.320 |       -0.0 |    341 | _25055_/D
      264 |       2 |      32 |       12 |      0 |     7 |    0.320 |       -0.0 |    340 | _25055_/D
      265 |       2 |      32 |       12 |      0 |     7 |    0.320 |       -0.0 |    339 | _25055_/D
      266 |       2 |      32 |       12 |      0 |     7 |    0.320 |       -0.0 |    338 | _25055_/D
      267 |       2 |      32 |       12 |      0 |     7 |    0.320 |       -0.0 |    337 | _25055_/D
      268 |       2 |      32 |       12 |      0 |     7 |    0.320 |       -0.0 |    336 | _25055_/D
      269 |       2 |      32 |       12 |      0 |     7 |    0.320 |       -0.0 |    335 | _25055_/D
      270 |       2 |      32 |       12 |      0 |     7 |    0.320 |       -0.0 |    335 | _25055_/D
      270 |       2 |      32 |       12 |      0 |     7 |    0.320 |       -0.0 |    334 | _25055_/D
      271 |       2 |      32 |       12 |      0 |     7 |    0.320 |       -0.0 |    333 | _25055_/D
      272 |       2 |      32 |       12 |      0 |     7 |    0.320 |       -0.0 |    332 | _25055_/D
      273 |       2 |      32 |       12 |      0 |     7 |    0.320 |       -0.0 |    331 | _25055_/D
      274 |       2 |      32 |       12 |      0 |     7 |    0.320 |       -0.0 |    330 | _25055_/D
      275 |       2 |      32 |       12 |      0 |     7 |    0.320 |       -0.0 |    329 | _25055_/D
      276 |       2 |      32 |       12 |      0 |     7 |    0.320 |       -0.0 |    328 | _25055_/D
      277 |       2 |      32 |       12 |      0 |     7 |    0.320 |       -0.0 |    327 | _25055_/D
      278 |       2 |      32 |       12 |      0 |     7 |    0.320 |       -0.0 |    326 | _25055_/D
      279 |       2 |      32 |       12 |      0 |     7 |    0.320 |       -0.0 |    325 | _25055_/D
      280 |       2 |      32 |       12 |      0 |     7 |    0.320 |       -0.0 |    325 | _25055_/D
      280 |       2 |      32 |       12 |      0 |     7 |    0.320 |       -0.0 |    324 | _25055_/D
      281 |       2 |      32 |       12 |      0 |     7 |    0.320 |       -0.0 |    323 | _25055_/D
      282 |       2 |      32 |       12 |      0 |     7 |    0.320 |       -0.0 |    322 | _25055_/D
      283 |       2 |      32 |       12 |      0 |     7 |    0.320 |       -0.0 |    321 | _25055_/D
      284 |       2 |      32 |       12 |      0 |     7 |    0.320 |       -0.0 |    320 | _25055_/D
      285 |       2 |      32 |       12 |      0 |     7 |    0.320 |       -0.0 |    319 | _25055_/D
      286 |       2 |      32 |       12 |      0 |     7 |    0.320 |       -0.0 |    318 | _25055_/D
      287 |       2 |      32 |       12 |      0 |     7 |    0.320 |       -0.0 |    317 | _25055_/D
      288 |       2 |      32 |       12 |      0 |     7 |    0.320 |       -0.0 |    316 | _25055_/D
      289 |       2 |      32 |       12 |      0 |     7 |    0.320 |       -0.0 |    315 | _25055_/D
      290 |       2 |      32 |       12 |      0 |     7 |    0.320 |       -0.0 |    315 | _25055_/D
      290 |       2 |      32 |       12 |      0 |     7 |    0.320 |       -0.0 |    314 | _25055_/D
      291 |       2 |      32 |       12 |      0 |     7 |    0.320 |       -0.0 |    313 | _25055_/D
      292 |       2 |      32 |       12 |      0 |     7 |    0.320 |       -0.0 |    312 | _25055_/D
      293 |       2 |      32 |       12 |      0 |     7 |    0.320 |       -0.0 |    311 | _25055_/D
      294 |       2 |      32 |       12 |      0 |     7 |    0.320 |       -0.0 |    310 | _25055_/D
      295 |       2 |      32 |       12 |      0 |     7 |    0.320 |       -0.0 |    309 | _25055_/D
      296 |       2 |      32 |       12 |      0 |     7 |    0.320 |       -0.0 |    308 | _25055_/D
      297 |       2 |      32 |       12 |      0 |     7 |    0.320 |       -0.0 |    307 | _25055_/D
      298 |       2 |      32 |       12 |      0 |     7 |    0.320 |       -0.0 |    306 | _25055_/D
      299 |       2 |      32 |       12 |      0 |     7 |    0.320 |       -0.0 |    305 | _25055_/D
      300 |       2 |      32 |       12 |      0 |     7 |    0.320 |       -0.0 |    305 | _25055_/D
      300 |       2 |      32 |       12 |      0 |     7 |    0.320 |       -0.0 |    304 | _25055_/D
      301 |       2 |      32 |       12 |      0 |     7 |    0.320 |       -0.0 |    303 | _25055_/D
      302 |       2 |      32 |       12 |      0 |     7 |    0.320 |       -0.0 |    302 | _25055_/D
      303 |       2 |      32 |       12 |      0 |     7 |    0.320 |       -0.0 |    301 | _25055_/D
      304 |       2 |      32 |       12 |      0 |     7 |    0.320 |       -0.0 |    300 | _25055_/D
      305 |       2 |      32 |       12 |      0 |     7 |    0.320 |       -0.0 |    299 | _25055_/D
      306 |       2 |      32 |       12 |      0 |     7 |    0.320 |       -0.0 |    298 | _25055_/D
      307 |       2 |      32 |       12 |      0 |     7 |    0.320 |       -0.0 |    297 | _25055_/D
      308 |       2 |      32 |       12 |      0 |     7 |    0.320 |       -0.0 |    296 | _25055_/D
      309 |       2 |      32 |       12 |      0 |     7 |    0.320 |       -0.0 |    295 | _25055_/D
      310 |       2 |      32 |       12 |      0 |     7 |    0.320 |       -0.0 |    295 | _25055_/D
      310 |       2 |      32 |       12 |      0 |     7 |    0.320 |       -0.0 |    294 | _25055_/D
      311 |       2 |      32 |       12 |      0 |     7 |    0.320 |       -0.0 |    293 | _25055_/D
      312 |       2 |      32 |       12 |      0 |     7 |    0.320 |       -0.0 |    292 | _25055_/D
      313 |       2 |      32 |       12 |      0 |     7 |    0.320 |       -0.0 |    291 | _25055_/D
      314 |       2 |      32 |       12 |      0 |     7 |    0.320 |       -0.0 |    290 | _25055_/D
      315 |       2 |      32 |       12 |      0 |     7 |    0.320 |       -0.0 |    289 | _25055_/D
      316 |       2 |      32 |       12 |      0 |     7 |    0.320 |       -0.0 |    288 | _25055_/D
      317 |       2 |      32 |       12 |      0 |     7 |    0.320 |       -0.0 |    287 | _25055_/D
      318 |       2 |      32 |       12 |      0 |     7 |    0.320 |       -0.0 |    286 | _25055_/D
      319 |       2 |      32 |       12 |      0 |     7 |    0.320 |       -0.0 |    285 | _25055_/D
      320 |       2 |      32 |       12 |      0 |     7 |    0.320 |       -0.0 |    285 | _25055_/D
      320 |       2 |      32 |       12 |      0 |     7 |    0.320 |       -0.0 |    284 | _25055_/D
      321 |       2 |      32 |       12 |      0 |     7 |    0.320 |       -0.0 |    283 | _25055_/D
      322 |       2 |      32 |       12 |      0 |     7 |    0.320 |       -0.0 |    282 | _25055_/D
      323 |       2 |      32 |       12 |      0 |     7 |    0.320 |       -0.0 |    281 | _25055_/D
      324 |       2 |      32 |       12 |      0 |     7 |    0.320 |       -0.0 |    280 | _25055_/D
      325 |       2 |      32 |       12 |      0 |     7 |    0.320 |       -0.0 |    279 | _25055_/D
      326 |       2 |      32 |       12 |      0 |     7 |    0.320 |       -0.0 |    278 | _25055_/D
      327 |       2 |      32 |       12 |      0 |     7 |    0.320 |       -0.0 |    277 | _25055_/D
      328 |       2 |      32 |       12 |      0 |     7 |    0.320 |       -0.0 |    276 | _25055_/D
      329 |       2 |      32 |       12 |      0 |     7 |    0.320 |       -0.0 |    275 | _25055_/D
      330 |       2 |      32 |       12 |      0 |     7 |    0.320 |       -0.0 |    275 | _25055_/D
      330 |       2 |      32 |       12 |      0 |     7 |    0.320 |       -0.0 |    274 | _25055_/D
      331 |       2 |      32 |       12 |      0 |     7 |    0.320 |       -0.0 |    273 | _25055_/D
      332 |       2 |      32 |       12 |      0 |     7 |    0.320 |       -0.0 |    272 | _25055_/D
      333 |       2 |      32 |       12 |      0 |     7 |    0.320 |       -0.0 |    271 | _25055_/D
      334 |       2 |      32 |       12 |      0 |     7 |    0.320 |       -0.0 |    270 | _25055_/D
      335 |       2 |      32 |       12 |      0 |     7 |    0.320 |       -0.0 |    269 | _25055_/D
      336 |       2 |      32 |       12 |      0 |     7 |    0.320 |       -0.0 |    268 | _25055_/D
      337 |       2 |      32 |       12 |      0 |     7 |    0.320 |       -0.0 |    267 | _25055_/D
      338 |       2 |      32 |       12 |      0 |     7 |    0.320 |       -0.0 |    266 | _25055_/D
      339 |       2 |      32 |       12 |      0 |     7 |    0.320 |       -0.0 |    265 | _25055_/D
      340 |       2 |      32 |       12 |      0 |     7 |    0.320 |       -0.0 |    265 | _25055_/D
      340 |       2 |      32 |       12 |      0 |     7 |    0.320 |       -0.0 |    264 | _25055_/D
      341 |       2 |      32 |       12 |      0 |     7 |    0.320 |       -0.0 |    263 | _25055_/D
      342 |       2 |      32 |       12 |      0 |     7 |    0.320 |       -0.0 |    262 | _25055_/D
      343 |       2 |      32 |       12 |      0 |     7 |    0.320 |       -0.0 |    261 | _25055_/D
      344 |       2 |      32 |       12 |      0 |     7 |    0.320 |       -0.0 |    260 | _25055_/D
      345 |       2 |      32 |       12 |      0 |     7 |    0.320 |       -0.0 |    259 | _25055_/D
      346 |       2 |      32 |       12 |      0 |     7 |    0.320 |       -0.0 |    258 | _25055_/D
      347 |       2 |      32 |       12 |      0 |     7 |    0.320 |       -0.0 |    257 | _25055_/D
      348 |       2 |      32 |       12 |      0 |     7 |    0.320 |       -0.0 |    256 | _25055_/D
      349 |       2 |      32 |       12 |      0 |     7 |    0.320 |       -0.0 |    255 | _25055_/D
      350 |       2 |      32 |       12 |      0 |     7 |    0.320 |       -0.0 |    255 | _25055_/D
      350 |       2 |      32 |       12 |      0 |     7 |    0.320 |       -0.0 |    254 | _25055_/D
      351 |       2 |      32 |       12 |      0 |     7 |    0.320 |       -0.0 |    253 | _25055_/D
      352 |       2 |      32 |       12 |      0 |     7 |    0.320 |       -0.0 |    252 | _25055_/D
      353 |       2 |      32 |       12 |      0 |     7 |    0.320 |       -0.0 |    251 | _25055_/D
      354 |       2 |      32 |       12 |      0 |     7 |    0.320 |       -0.0 |    250 | _25055_/D
      355 |       2 |      32 |       12 |      0 |     7 |    0.320 |       -0.0 |    249 | _25055_/D
      356 |       2 |      32 |       12 |      0 |     7 |    0.320 |       -0.0 |    248 | _25055_/D
      357 |       2 |      32 |       12 |      0 |     7 |    0.320 |       -0.0 |    247 | _25055_/D
      358 |       2 |      32 |       12 |      0 |     7 |    0.320 |       -0.0 |    246 | _25055_/D
      359 |       2 |      32 |       12 |      0 |     7 |    0.320 |       -0.0 |    245 | _25055_/D
      360 |       2 |      32 |       12 |      0 |     7 |    0.320 |       -0.0 |    245 | _25055_/D
      360 |       2 |      32 |       12 |      0 |     7 |    0.320 |       -0.0 |    244 | _25055_/D
      361 |       2 |      32 |       12 |      0 |     7 |    0.320 |       -0.0 |    243 | _25055_/D
      362 |       2 |      32 |       12 |      0 |     7 |    0.320 |       -0.0 |    242 | _25055_/D
      363 |       2 |      32 |       12 |      0 |     7 |    0.320 |       -0.0 |    241 | _25055_/D
      364 |       2 |      32 |       12 |      0 |     7 |    0.320 |       -0.0 |    240 | _25055_/D
      365 |       2 |      32 |       12 |      0 |     7 |    0.320 |       -0.0 |    239 | _25055_/D
      366 |       2 |      32 |       12 |      0 |     7 |    0.320 |       -0.0 |    238 | _25055_/D
      367 |       2 |      32 |       12 |      0 |     7 |    0.320 |       -0.0 |    237 | _25055_/D
      368 |       2 |      32 |       12 |      0 |     7 |    0.320 |       -0.0 |    236 | _25055_/D
      369 |       2 |      32 |       12 |      0 |     7 |    0.320 |       -0.0 |    235 | _25055_/D
      370 |       2 |      32 |       12 |      0 |     7 |    0.320 |       -0.0 |    235 | _25055_/D
      370 |       2 |      32 |       12 |      0 |     7 |    0.320 |       -0.0 |    234 | _25055_/D
      371 |       2 |      32 |       12 |      0 |     7 |    0.320 |       -0.0 |    233 | _25055_/D
      372 |       2 |      32 |       12 |      0 |     7 |    0.320 |       -0.0 |    232 | _25055_/D
      373 |       2 |      32 |       12 |      0 |     7 |    0.320 |       -0.0 |    231 | _25055_/D
      374 |       2 |      32 |       12 |      0 |     7 |    0.320 |       -0.0 |    230 | _25055_/D
      375 |       2 |      32 |       12 |      0 |     7 |    0.320 |       -0.0 |    229 | _25055_/D
      376 |       2 |      32 |       12 |      0 |     7 |    0.320 |       -0.0 |    228 | _25055_/D
      377 |       2 |      32 |       12 |      0 |     7 |    0.320 |       -0.0 |    227 | _25055_/D
      378 |       2 |      32 |       12 |      0 |     7 |    0.320 |       -0.0 |    226 | _25055_/D
      379 |       2 |      32 |       12 |      0 |     7 |    0.320 |       -0.0 |    225 | _25055_/D
      380 |       2 |      32 |       12 |      0 |     7 |    0.320 |       -0.0 |    225 | _25055_/D
      380 |       2 |      32 |       12 |      0 |     7 |    0.320 |       -0.0 |    224 | _25055_/D
      381 |       2 |      32 |       12 |      0 |     7 |    0.320 |       -0.0 |    223 | _25055_/D
      382 |       2 |      32 |       12 |      0 |     7 |    0.320 |       -0.0 |    222 | _25055_/D
      383 |       2 |      32 |       12 |      0 |     7 |    0.320 |       -0.0 |    221 | _25055_/D
      384 |       2 |      32 |       12 |      0 |     7 |    0.320 |       -0.0 |    220 | _25055_/D
      385 |       2 |      32 |       12 |      0 |     7 |    0.320 |       -0.0 |    219 | _25055_/D
      386 |       2 |      32 |       12 |      0 |     7 |    0.320 |       -0.0 |    218 | _25055_/D
      387 |       2 |      32 |       12 |      0 |     7 |    0.320 |       -0.0 |    217 | _25055_/D
      388 |       2 |      32 |       12 |      0 |     7 |    0.320 |       -0.0 |    216 | _25055_/D
      389 |       2 |      32 |       12 |      0 |     7 |    0.320 |       -0.0 |    215 | _25055_/D
      390 |       2 |      32 |       12 |      0 |     7 |    0.320 |       -0.0 |    215 | _25055_/D
      390 |       2 |      32 |       12 |      0 |     7 |    0.320 |       -0.0 |    214 | _25055_/D
      391 |       2 |      32 |       12 |      0 |     7 |    0.320 |       -0.0 |    213 | _25055_/D
      392 |       2 |      32 |       12 |      0 |     7 |    0.320 |       -0.0 |    212 | _25055_/D
      393 |       2 |      32 |       12 |      0 |     7 |    0.320 |       -0.0 |    211 | _25055_/D
      394 |       2 |      32 |       12 |      0 |     7 |    0.320 |       -0.0 |    210 | _25055_/D
      395 |       2 |      32 |       12 |      0 |     7 |    0.320 |       -0.0 |    209 | _25055_/D
      396 |       2 |      32 |       12 |      0 |     7 |    0.320 |       -0.0 |    208 | _25055_/D
      397 |       2 |      32 |       12 |      0 |     7 |    0.320 |       -0.0 |    207 | _25055_/D
      398 |       2 |      32 |       12 |      0 |     7 |    0.320 |       -0.0 |    206 | _25055_/D
      399 |       2 |      32 |       12 |      0 |     7 |    0.320 |       -0.0 |    205 | _25055_/D
      400 |       2 |      32 |       12 |      0 |     7 |    0.320 |       -0.0 |    205 | _25055_/D
      400 |       2 |      32 |       12 |      0 |     7 |    0.320 |       -0.0 |    204 | _25055_/D
      401 |       2 |      32 |       12 |      0 |     7 |    0.320 |       -0.0 |    203 | _25055_/D
      402 |       2 |      32 |       12 |      0 |     7 |    0.320 |       -0.0 |    202 | _25055_/D
      403 |       2 |      32 |       12 |      0 |     7 |    0.320 |       -0.0 |    201 | _25055_/D
      404 |       2 |      32 |       12 |      0 |     7 |    0.320 |       -0.0 |    200 | _25055_/D
      405 |       2 |      32 |       12 |      0 |     7 |    0.320 |       -0.0 |    199 | _25055_/D
      406 |       2 |      32 |       12 |      0 |     7 |    0.320 |       -0.0 |    198 | _25055_/D
      407 |       2 |      32 |       12 |      0 |     7 |    0.320 |       -0.0 |    197 | _25055_/D
      408 |       2 |      32 |       12 |      0 |     7 |    0.320 |       -0.0 |    196 | _25055_/D
      409 |       2 |      32 |       12 |      0 |     7 |    0.320 |       -0.0 |    195 | _25055_/D
      410 |       2 |      32 |       12 |      0 |     7 |    0.320 |       -0.0 |    195 | _25055_/D
      410 |       2 |      32 |       12 |      0 |     7 |    0.320 |       -0.0 |    194 | _25055_/D
      411 |       2 |      32 |       12 |      0 |     7 |    0.320 |       -0.0 |    193 | _25055_/D
      412 |       2 |      32 |       12 |      0 |     7 |    0.320 |       -0.0 |    192 | _25055_/D
      413 |       2 |      32 |       12 |      0 |     7 |    0.320 |       -0.0 |    191 | _25055_/D
      414 |       2 |      32 |       12 |      0 |     7 |    0.320 |       -0.0 |    190 | _25055_/D
      415 |       2 |      32 |       12 |      0 |     7 |    0.320 |       -0.0 |    189 | _25055_/D
      416 |       2 |      32 |       12 |      0 |     7 |    0.320 |       -0.0 |    188 | _25055_/D
      417 |       2 |      32 |       12 |      0 |     7 |    0.320 |       -0.0 |    187 | _25055_/D
      418 |       2 |      32 |       12 |      0 |     7 |    0.320 |       -0.0 |    186 | _25055_/D
      419 |       2 |      32 |       12 |      0 |     7 |    0.320 |       -0.0 |    185 | _25055_/D
      420 |       2 |      32 |       12 |      0 |     7 |    0.320 |       -0.0 |    185 | _25055_/D
      420 |       2 |      32 |       12 |      0 |     7 |    0.320 |       -0.0 |    184 | _25055_/D
      421 |       2 |      32 |       12 |      0 |     7 |    0.320 |       -0.0 |    183 | _25055_/D
      422 |       2 |      32 |       12 |      0 |     7 |    0.320 |       -0.0 |    182 | _25055_/D
      423 |       2 |      32 |       12 |      0 |     7 |    0.320 |       -0.0 |    181 | _25055_/D
      424 |       2 |      32 |       12 |      0 |     7 |    0.320 |       -0.0 |    180 | _25055_/D
      425 |       2 |      32 |       12 |      0 |     7 |    0.320 |       -0.0 |    179 | _25055_/D
      426 |       2 |      32 |       12 |      0 |     7 |    0.320 |       -0.0 |    178 | _25055_/D
      427 |       2 |      32 |       12 |      0 |     7 |    0.320 |       -0.0 |    177 | _25055_/D
      428 |       2 |      32 |       12 |      0 |     7 |    0.320 |       -0.0 |    176 | _25055_/D
      429 |       2 |      32 |       12 |      0 |     7 |    0.320 |       -0.0 |    175 | _25055_/D
      430 |       2 |      32 |       12 |      0 |     7 |    0.320 |       -0.0 |    175 | _25055_/D
      430 |       2 |      32 |       12 |      0 |     7 |    0.320 |       -0.0 |    174 | _25055_/D
      431 |       2 |      32 |       12 |      0 |     7 |    0.320 |       -0.0 |    173 | _25055_/D
      432 |       2 |      32 |       12 |      0 |     7 |    0.320 |       -0.0 |    172 | _25055_/D
      433 |       2 |      32 |       12 |      0 |     7 |    0.320 |       -0.0 |    171 | _25055_/D
      434 |       2 |      32 |       12 |      0 |     7 |    0.320 |       -0.0 |    170 | _25055_/D
      435 |       2 |      32 |       12 |      0 |     7 |    0.320 |       -0.0 |    169 | _25055_/D
      436 |       2 |      32 |       12 |      0 |     7 |    0.320 |       -0.0 |    168 | _25055_/D
      437 |       2 |      32 |       12 |      0 |     7 |    0.320 |       -0.0 |    167 | _25055_/D
      438 |       2 |      32 |       12 |      0 |     7 |    0.320 |       -0.0 |    166 | _25055_/D
      439 |       2 |      32 |       12 |      0 |     7 |    0.320 |       -0.0 |    165 | _25055_/D
      440 |       2 |      32 |       12 |      0 |     7 |    0.320 |       -0.0 |    165 | _25055_/D
      440 |       2 |      32 |       12 |      0 |     7 |    0.320 |       -0.0 |    164 | _25055_/D
      441 |       2 |      32 |       12 |      0 |     7 |    0.320 |       -0.0 |    163 | _25055_/D
      442 |       2 |      32 |       12 |      0 |     7 |    0.320 |       -0.0 |    162 | _25055_/D
      443 |       2 |      32 |       12 |      0 |     7 |    0.320 |       -0.0 |    161 | _25055_/D
      444 |       2 |      32 |       12 |      0 |     7 |    0.320 |       -0.0 |    160 | _25055_/D
      445 |       2 |      32 |       12 |      0 |     7 |    0.320 |       -0.0 |    159 | _25055_/D
      446 |       2 |      32 |       12 |      0 |     7 |    0.320 |       -0.0 |    158 | _25055_/D
      447 |       2 |      32 |       12 |      0 |     7 |    0.320 |       -0.0 |    157 | _25055_/D
      448 |       2 |      32 |       12 |      0 |     7 |    0.320 |       -0.0 |    156 | _25055_/D
      449 |       2 |      32 |       12 |      0 |     7 |    0.320 |       -0.0 |    155 | _25055_/D
      450 |       2 |      32 |       12 |      0 |     7 |    0.320 |       -0.0 |    155 | _25055_/D
      450 |       2 |      32 |       12 |      0 |     7 |    0.320 |       -0.0 |    154 | _25055_/D
      451 |       2 |      32 |       12 |      0 |     7 |    0.320 |       -0.0 |    153 | _25055_/D
      452 |       2 |      32 |       12 |      0 |     7 |    0.320 |       -0.0 |    152 | _25055_/D
      453 |       2 |      32 |       12 |      0 |     7 |    0.320 |       -0.0 |    151 | _25055_/D
      454 |       2 |      32 |       12 |      0 |     7 |    0.320 |       -0.0 |    150 | _25055_/D
      455 |       2 |      32 |       12 |      0 |     7 |    0.320 |       -0.0 |    149 | _25055_/D
      456 |       2 |      32 |       12 |      0 |     7 |    0.320 |       -0.0 |    148 | _25055_/D
      457 |       2 |      32 |       12 |      0 |     7 |    0.320 |       -0.0 |    147 | _25055_/D
      458 |       2 |      32 |       12 |      0 |     7 |    0.320 |       -0.0 |    146 | _25055_/D
      459 |       2 |      32 |       12 |      0 |     7 |    0.320 |       -0.0 |    145 | _25055_/D
      460 |       2 |      32 |       12 |      0 |     7 |    0.320 |       -0.0 |    145 | _25055_/D
      460 |       2 |      32 |       12 |      0 |     7 |    0.320 |       -0.0 |    144 | _25055_/D
      461 |       2 |      32 |       12 |      0 |     7 |    0.320 |       -0.0 |    143 | _25055_/D
      462 |       2 |      32 |       12 |      0 |     7 |    0.320 |       -0.0 |    142 | _25055_/D
      463 |       2 |      32 |       12 |      0 |     7 |    0.320 |       -0.0 |    141 | _25055_/D
      464 |       2 |      32 |       12 |      0 |     7 |    0.320 |       -0.0 |    140 | _25055_/D
      465 |       2 |      32 |       12 |      0 |     7 |    0.320 |       -0.0 |    139 | _25055_/D
      466 |       2 |      32 |       12 |      0 |     7 |    0.320 |       -0.0 |    138 | _25055_/D
      467 |       2 |      32 |       12 |      0 |     7 |    0.320 |       -0.0 |    137 | _25055_/D
      468 |       2 |      32 |       12 |      0 |     7 |    0.320 |       -0.0 |    136 | _25055_/D
      469 |       2 |      32 |       12 |      0 |     7 |    0.320 |       -0.0 |    135 | _25055_/D
      470 |       2 |      32 |       12 |      0 |     7 |    0.320 |       -0.0 |    135 | _25055_/D
      470 |       2 |      32 |       12 |      0 |     7 |    0.320 |       -0.0 |    134 | _25055_/D
      471 |       2 |      32 |       12 |      0 |     7 |    0.320 |       -0.0 |    133 | _25055_/D
      472 |       2 |      32 |       12 |      0 |     7 |    0.320 |       -0.0 |    132 | _25055_/D
      473 |       2 |      32 |       12 |      0 |     7 |    0.320 |       -0.0 |    131 | _25055_/D
      474 |       2 |      32 |       12 |      0 |     7 |    0.320 |       -0.0 |    130 | _25055_/D
      475 |       2 |      32 |       12 |      0 |     7 |    0.320 |       -0.0 |    129 | _25055_/D
      476 |       2 |      32 |       12 |      0 |     7 |    0.320 |       -0.0 |    128 | _25055_/D
      477 |       2 |      32 |       12 |      0 |     7 |    0.320 |       -0.0 |    127 | _25055_/D
      478 |       2 |      32 |       12 |      0 |     7 |    0.320 |       -0.0 |    126 | _25055_/D
      479 |       2 |      32 |       12 |      0 |     7 |    0.320 |       -0.0 |    125 | _25055_/D
      480 |       2 |      32 |       12 |      0 |     7 |    0.320 |       -0.0 |    125 | _25055_/D
      480 |       2 |      32 |       12 |      0 |     7 |    0.320 |       -0.0 |    124 | _25055_/D
      481 |       2 |      32 |       12 |      0 |     7 |    0.320 |       -0.0 |    123 | _25055_/D
      482 |       2 |      32 |       12 |      0 |     7 |    0.320 |       -0.0 |    122 | _25055_/D
      483 |       2 |      32 |       12 |      0 |     7 |    0.320 |       -0.0 |    121 | _25055_/D
      484 |       2 |      32 |       12 |      0 |     7 |    0.320 |       -0.0 |    120 | _25055_/D
      485 |       2 |      32 |       12 |      0 |     7 |    0.320 |       -0.0 |    119 | _25055_/D
      486 |       2 |      32 |       12 |      0 |     7 |    0.320 |       -0.0 |    118 | _25055_/D
      487 |       2 |      32 |       12 |      0 |     7 |    0.320 |       -0.0 |    117 | _25055_/D
      488 |       2 |      32 |       12 |      0 |     7 |    0.320 |       -0.0 |    116 | _25055_/D
      489 |       2 |      32 |       12 |      0 |     7 |    0.320 |       -0.0 |    115 | _25055_/D
      490 |       2 |      32 |       12 |      0 |     7 |    0.320 |       -0.0 |    115 | _25055_/D
      490 |       2 |      32 |       12 |      0 |     7 |    0.320 |       -0.0 |    114 | _25055_/D
      491 |       2 |      32 |       12 |      0 |     7 |    0.320 |       -0.0 |    113 | _25055_/D
      492 |       2 |      32 |       12 |      0 |     7 |    0.320 |       -0.0 |    112 | _25055_/D
      493 |       2 |      32 |       12 |      0 |     7 |    0.320 |       -0.0 |    111 | _25055_/D
      494 |       2 |      32 |       12 |      0 |     7 |    0.320 |       -0.0 |    110 | _25055_/D
      495 |       2 |      32 |       12 |      0 |     7 |    0.320 |       -0.0 |    109 | _25055_/D
      496 |       2 |      32 |       12 |      0 |     7 |    0.320 |       -0.0 |    108 | _25055_/D
      497 |       2 |      32 |       12 |      0 |     7 |    0.320 |       -0.0 |    107 | _25055_/D
      498 |       2 |      32 |       12 |      0 |     7 |    0.320 |       -0.0 |    106 | _25055_/D
      499 |       2 |      32 |       12 |      0 |     7 |    0.320 |       -0.0 |    105 | _25055_/D
      500 |       2 |      32 |       12 |      0 |     7 |    0.320 |       -0.0 |    105 | _25055_/D
      500 |       2 |      32 |       12 |      0 |     7 |    0.320 |       -0.0 |    104 | _25055_/D
      501 |       2 |      32 |       12 |      0 |     7 |    0.320 |       -0.0 |    103 | _25055_/D
      502 |       2 |      32 |       12 |      0 |     7 |    0.320 |       -0.0 |    102 | _25055_/D
      503 |       2 |      32 |       12 |      0 |     7 |    0.320 |       -0.0 |    101 | _25055_/D
      504 |       2 |      32 |       12 |      0 |     7 |    0.320 |       -0.0 |    100 | _25055_/D
      505 |       2 |      32 |       12 |      0 |     7 |    0.320 |       -0.0 |     99 | _25055_/D
      506 |       2 |      32 |       12 |      0 |     7 |    0.320 |       -0.0 |     98 | _25055_/D
      507 |       2 |      32 |       12 |      0 |     7 |    0.320 |       -0.0 |     97 | _25055_/D
      508 |       2 |      32 |       12 |      0 |     7 |    0.320 |       -0.0 |     96 | _25055_/D
      509 |       2 |      32 |       12 |      0 |     7 |    0.320 |       -0.0 |     95 | _25055_/D
      510 |       2 |      32 |       12 |      0 |     7 |    0.320 |       -0.0 |     95 | _25055_/D
      510 |       2 |      32 |       12 |      0 |     7 |    0.320 |       -0.0 |     94 | _25055_/D
      511 |       2 |      32 |       12 |      0 |     7 |    0.320 |       -0.0 |     93 | _25055_/D
      512 |       2 |      32 |       12 |      0 |     7 |    0.320 |       -0.0 |     92 | _25055_/D
      513 |       2 |      32 |       12 |      0 |     7 |    0.320 |       -0.0 |     91 | _25055_/D
      514 |       2 |      32 |       12 |      0 |     7 |    0.320 |       -0.0 |     90 | _25055_/D
      515 |       2 |      32 |       12 |      0 |     7 |    0.320 |       -0.0 |     89 | _25055_/D
      516 |       2 |      32 |       12 |      0 |     7 |    0.320 |       -0.0 |     88 | _25055_/D
      517 |       2 |      32 |       12 |      0 |     7 |    0.320 |       -0.0 |     87 | _25055_/D
      518 |       2 |      32 |       12 |      0 |     7 |    0.320 |       -0.0 |     86 | _25055_/D
      519 |       2 |      32 |       12 |      0 |     7 |    0.320 |       -0.0 |     85 | _25055_/D
      520 |       2 |      32 |       12 |      0 |     7 |    0.320 |       -0.0 |     85 | _25055_/D
      520 |       2 |      32 |       12 |      0 |     7 |    0.320 |       -0.0 |     84 | _25055_/D
      521 |       2 |      32 |       12 |      0 |     7 |    0.320 |       -0.0 |     83 | _25055_/D
      522 |       2 |      32 |       12 |      0 |     7 |    0.320 |       -0.0 |     82 | _25055_/D
      523 |       2 |      32 |       12 |      0 |     7 |    0.320 |       -0.0 |     81 | _25055_/D
      524 |       2 |      32 |       12 |      0 |     7 |    0.320 |       -0.0 |     80 | _25055_/D
      525 |       2 |      32 |       12 |      0 |     7 |    0.320 |       -0.0 |     79 | _25055_/D
      526 |       2 |      32 |       12 |      0 |     7 |    0.320 |       -0.0 |     78 | _25055_/D
      527 |       2 |      32 |       12 |      0 |     7 |    0.320 |       -0.0 |     77 | _25055_/D
      528 |       2 |      32 |       12 |      0 |     7 |    0.320 |       -0.0 |     76 | _25055_/D
      529 |       2 |      32 |       12 |      0 |     7 |    0.320 |       -0.0 |     75 | _25055_/D
      530 |       2 |      32 |       12 |      0 |     7 |    0.320 |       -0.0 |     75 | _25055_/D
      530 |       2 |      32 |       12 |      0 |     7 |    0.320 |       -0.0 |     74 | _25055_/D
      531 |       2 |      32 |       12 |      0 |     7 |    0.320 |       -0.0 |     73 | _25055_/D
      532 |       2 |      32 |       12 |      0 |     7 |    0.320 |       -0.0 |     72 | _25055_/D
      533 |       2 |      32 |       12 |      0 |     7 |    0.320 |       -0.0 |     71 | _25055_/D
      534 |       2 |      32 |       12 |      0 |     7 |    0.320 |       -0.0 |     70 | _25055_/D
      535 |       2 |      32 |       12 |      0 |     7 |    0.320 |       -0.0 |     69 | _25055_/D
      536 |       2 |      32 |       12 |      0 |     7 |    0.320 |       -0.0 |     68 | _25055_/D
      537 |       2 |      32 |       12 |      0 |     7 |    0.320 |       -0.0 |     67 | _25055_/D
      538 |       2 |      32 |       12 |      0 |     7 |    0.320 |       -0.0 |     66 | _25055_/D
      539 |       2 |      32 |       12 |      0 |     7 |    0.320 |       -0.0 |     65 | _25055_/D
      540 |       2 |      32 |       12 |      0 |     7 |    0.320 |       -0.0 |     65 | _25055_/D
      540 |       2 |      32 |       12 |      0 |     7 |    0.320 |       -0.0 |     64 | _25055_/D
      541 |       2 |      32 |       12 |      0 |     7 |    0.320 |       -0.0 |     63 | _25055_/D
      542 |       2 |      32 |       12 |      0 |     7 |    0.320 |       -0.0 |     62 | _25055_/D
      543 |       2 |      32 |       12 |      0 |     7 |    0.320 |       -0.0 |     61 | _25055_/D
      544 |       2 |      32 |       12 |      0 |     7 |    0.320 |       -0.0 |     60 | _25055_/D
      545 |       2 |      32 |       12 |      0 |     7 |    0.320 |       -0.0 |     59 | _25055_/D
      546 |       2 |      32 |       12 |      0 |     7 |    0.320 |       -0.0 |     58 | _25055_/D
      547 |       2 |      32 |       12 |      0 |     7 |    0.320 |       -0.0 |     57 | _25055_/D
      548 |       2 |      32 |       12 |      0 |     7 |    0.320 |       -0.0 |     56 | _25055_/D
      549 |       2 |      32 |       12 |      0 |     7 |    0.320 |       -0.0 |     55 | _25055_/D
      550 |       2 |      32 |       12 |      0 |     7 |    0.320 |       -0.0 |     55 | _25055_/D
      550 |       2 |      32 |       12 |      0 |     7 |    0.320 |       -0.0 |     54 | _25055_/D
      551 |       2 |      32 |       12 |      0 |     7 |    0.320 |       -0.0 |     53 | _25055_/D
      552 |       2 |      32 |       12 |      0 |     7 |    0.320 |       -0.0 |     52 | _25055_/D
      553 |       2 |      32 |       12 |      0 |     7 |    0.320 |       -0.0 |     51 | _25055_/D
      554 |       2 |      32 |       12 |      0 |     7 |    0.320 |       -0.0 |     50 | _25055_/D
      555 |       2 |      32 |       12 |      0 |     7 |    0.320 |       -0.0 |     49 | _25055_/D
      556 |       2 |      32 |       12 |      0 |     7 |    0.320 |       -0.0 |     48 | _25055_/D
      557 |       2 |      32 |       12 |      0 |     7 |    0.320 |       -0.0 |     47 | _25055_/D
      558 |       2 |      32 |       12 |      0 |     7 |    0.320 |       -0.0 |     46 | _25055_/D
      559 |       2 |      32 |       12 |      0 |     7 |    0.320 |       -0.0 |     45 | _25055_/D
      560 |       2 |      32 |       12 |      0 |     7 |    0.320 |       -0.0 |     45 | _25055_/D
      560 |       2 |      32 |       12 |      0 |     7 |    0.320 |       -0.0 |     44 | _25055_/D
      561 |       2 |      32 |       12 |      0 |     7 |    0.320 |       -0.0 |     43 | _25055_/D
      562 |       2 |      32 |       12 |      0 |     7 |    0.320 |       -0.0 |     42 | _25055_/D
      563 |       2 |      32 |       12 |      0 |     7 |    0.320 |       -0.0 |     41 | _25055_/D
      564 |       2 |      32 |       12 |      0 |     7 |    0.320 |       -0.0 |     40 | _25055_/D
      565 |       2 |      32 |       12 |      0 |     7 |    0.320 |       -0.0 |     39 | _25055_/D
      566 |       2 |      32 |       12 |      0 |     7 |    0.320 |       -0.0 |     38 | _25055_/D
      567 |       2 |      32 |       12 |      0 |     7 |    0.320 |       -0.0 |     37 | _25055_/D
      568 |       2 |      32 |       12 |      0 |     7 |    0.320 |       -0.0 |     36 | _25055_/D
      569 |       2 |      32 |       12 |      0 |     7 |    0.320 |       -0.0 |     35 | _25055_/D
      570 |       2 |      32 |       12 |      0 |     7 |    0.320 |       -0.0 |     35 | _25055_/D
      570 |       2 |      32 |       12 |      0 |     7 |    0.320 |       -0.0 |     34 | _25055_/D
      571 |       2 |      32 |       12 |      0 |     7 |    0.320 |       -0.0 |     33 | _25055_/D
      572 |       2 |      32 |       12 |      0 |     7 |    0.320 |       -0.0 |     32 | _25055_/D
      573 |       2 |      32 |       12 |      0 |     7 |    0.320 |       -0.0 |     31 | _25055_/D
      574 |       2 |      32 |       12 |      0 |     7 |    0.320 |       -0.0 |     30 | _25055_/D
      575 |       2 |      32 |       12 |      0 |     7 |    0.320 |       -0.0 |     29 | _25055_/D
      576 |       2 |      32 |       12 |      0 |     7 |    0.320 |       -0.0 |     28 | _25055_/D
      577 |       2 |      32 |       12 |      0 |     7 |    0.320 |       -0.0 |     27 | _25055_/D
      578 |       2 |      32 |       12 |      0 |     7 |    0.320 |       -0.0 |     26 | _25055_/D
      579 |       2 |      32 |       12 |      0 |     7 |    0.320 |       -0.0 |     25 | _25055_/D
      580 |       2 |      32 |       12 |      0 |     7 |    0.320 |       -0.0 |     25 | _25055_/D
      580 |       2 |      32 |       12 |      0 |     7 |    0.320 |       -0.0 |     24 | _25055_/D
      581 |       2 |      32 |       12 |      0 |     7 |    0.320 |       -0.0 |     23 | _25055_/D
      582 |       2 |      32 |       12 |      0 |     7 |    0.320 |       -0.0 |     22 | _25055_/D
      583 |       2 |      32 |       12 |      0 |     7 |    0.320 |       -0.0 |     21 | _25055_/D
      584 |       2 |      32 |       12 |      0 |     7 |    0.320 |       -0.0 |     20 | _25055_/D
      585 |       2 |      32 |       12 |      0 |     7 |    0.320 |       -0.0 |     19 | _25055_/D
      586 |       2 |      32 |       12 |      0 |     7 |    0.320 |       -0.0 |     18 | _25055_/D
      587 |       2 |      32 |       12 |      0 |     7 |    0.320 |       -0.0 |     17 | _25055_/D
      588 |       2 |      32 |       12 |      0 |     7 |    0.320 |       -0.0 |     16 | _25055_/D
      589 |       2 |      32 |       12 |      0 |     7 |    0.320 |       -0.0 |     15 | _25055_/D
      590 |       2 |      32 |       12 |      0 |     7 |    0.320 |       -0.0 |     15 | _25055_/D
      590 |       2 |      32 |       12 |      0 |     7 |    0.320 |       -0.0 |     14 | _25055_/D
      591 |       2 |      32 |       12 |      0 |     7 |    0.320 |       -0.0 |     13 | _25055_/D
      592 |       2 |      32 |       12 |      0 |     7 |    0.320 |       -0.0 |     12 | _25055_/D
      593 |       2 |      32 |       12 |      0 |     7 |    0.320 |       -0.0 |     11 | _25055_/D
      594 |       2 |      32 |       12 |      0 |     7 |    0.320 |       -0.0 |     10 | _25055_/D
      595 |       2 |      32 |       12 |      0 |     7 |    0.320 |       -0.0 |      9 | _25055_/D
      596 |       2 |      32 |       12 |      0 |     7 |    0.320 |       -0.0 |      8 | _25055_/D
      597 |       2 |      32 |       12 |      0 |     7 |    0.320 |       -0.0 |      7 | _25055_/D
      598 |       2 |      32 |       12 |      0 |     7 |    0.320 |       -0.0 |      6 | _25055_/D
      599 |       2 |      32 |       12 |      0 |     7 |    0.320 |       -0.0 |      5 | _25055_/D
      600 |       2 |      32 |       12 |      0 |     7 |    0.320 |       -0.0 |      5 | _25055_/D
      600 |       2 |      32 |       12 |      0 |     7 |    0.320 |       -0.0 |      4 | _25055_/D
      601 |       2 |      32 |       12 |      0 |     7 |    0.320 |       -0.0 |      3 | _25055_/D
      602 |       2 |      32 |       12 |      0 |     7 |    0.320 |       -0.0 |      2 | _25055_/D
      603 |       2 |      32 |       12 |      0 |     7 |    0.320 |       -0.0 |      1 | _25055_/D
      604 |       2 |      32 |       12 |      0 |     7 |    0.320 |       -0.0 |      0 | _25055_/D
      605 |       2 |      32 |       12 |      0 |     7 |    0.320 |       -0.0 |      0 | _25055_/D
    final |       2 |      32 |       12 |      0 |     7 |    0.320 |       -0.0 |      0 | _25055_/D
---------------------------------------------------------------------------------------------------
[INFO RSZ-0059] Removed 2 buffers.
[INFO RSZ-0040] Inserted 6 buffers.
[INFO RSZ-0041] Resized 32 instances.
[INFO RSZ-0043] Swapped pins on 7 instances.
[INFO RSZ-0046] Found 2 endpoints with hold violations.
Iteration | Resized | Buffers | Cloned Gates |   WNS   |   TNS   | Endpoint
---------------------------------------------------------------------------
        0 |       0 |       0 |            0 |   0.244 |  -0.077 | _24880_/D
    final |       0 |       2 |            0 |   0.164 |   0.000 | _24802_/D
---------------------------------------------------------------------------
[INFO RSZ-0032] Inserted 2 hold buffers.
Placement Analysis
---------------------------------
total displacement        402.9 u
average displacement        0.0 u
max displacement           21.7 u
original HPWL         1274997.2 u
legalized HPWL        1290285.3 u
delta HPWL                    1 %

[INFO DPL-0020] Mirrored 6463 instances
[INFO DPL-0021] HPWL before          1290285.3 u
[INFO DPL-0022] HPWL after           1275213.9 u
[INFO DPL-0023] HPWL delta               -1.2 %
[INFO] Setting RC values…
Setting global connections for newly added cells…
[INFO] Setting global connections...
Updating metrics…
Cell type report:                       Count       Area
  Endcap cell                             550    2414.72
  Tap cell                               7621   33459.24
  Tie cell                                 18     158.05
  Buffer                                    1      13.17
  Clock buffer                            960   46362.62
  Timing Repair Buffer                   1881   53121.64
  Inverter                               1115   10247.19
  Clock inverter                          351    8267.12
  Sequential cell                        2806  187926.68
  Multi-Input combinational cell        11378  249484.48
  Total                                 26681  591454.93
Writing OpenROAD database to '/foss/designs/ascon/runs/RUN_2026-09-05_03-04-29/36-openroad-resizertimingpostcts/ascon_top.odb'…
Writing netlist to '/foss/designs/ascon/runs/RUN_2026-09-05_03-04-29/36-openroad-resizertimingpostcts/ascon_top.nl.v'…
Writing powered netlist to '/foss/designs/ascon/runs/RUN_2026-09-05_03-04-29/36-openroad-resizertimingpostcts/ascon_top.pnl.v'…
Writing layout to '/foss/designs/ascon/runs/RUN_2026-09-05_03-04-29/36-openroad-resizertimingpostcts/ascon_top.def'…
Writing timing constraints to '/foss/designs/ascon/runs/RUN_2026-09-05_03-04-29/36-openroad-resizertimingpostcts/ascon_top.sdc'…
