Clock: clk
Sources: clk 
Generated: no
Virtual: yes
Propagated: no
Period: 20.000000

===========================================================================
report_clock_properties
============================================================================
Clock                   Period          Waveform
----------------------------------------------------
clk                  20.000000    0.000000 10.000000

===========================================================================
report_clock_latency
============================================================================
Clock clk
rise -> rise
    min     max
0.000000 0.000000 source latency
1.466625         network latency _25369_/CLK
        1.894178 network latency _26139_/CLK
---------------
1.466625 1.894178 latency
        0.427553 skew

fall -> fall
    min     max
0.000000 0.000000 source latency
1.441912         network latency _25369_/CLK
        1.924717 network latency _26139_/CLK
---------------
1.441912 1.924717 latency
        0.482805 skew



===========================================================================
report_clock_min_period
============================================================================
clk period_min = 9.45 fmax = 105.86
