Reading timing models for corner nom_ff_n40C_5v50…
Reading timing library for the 'nom_ff_n40C_5v50' corner at '/foss/pdks/gf180mcuD/libs.ref/gf180mcu_fd_sc_mcu7t5v0/lib/gf180mcu_fd_sc_mcu7t5v0__ff_n40C_5v50.lib'…
Reading timing models for corner nom_tt_025C_5v00…
Reading timing library for the 'nom_tt_025C_5v00' corner at '/foss/pdks/gf180mcuD/libs.ref/gf180mcu_fd_sc_mcu7t5v0/lib/gf180mcu_fd_sc_mcu7t5v0__tt_025C_5v00.lib'…
Reading timing models for corner nom_ss_125C_4v50…
Reading timing library for the 'nom_ss_125C_4v50' corner at '/foss/pdks/gf180mcuD/libs.ref/gf180mcu_fd_sc_mcu7t5v0/lib/gf180mcu_fd_sc_mcu7t5v0__ss_125C_4v50.lib'…
Reading OpenROAD database at '/foss/designs/ascon/runs/RUN_2026-09-05_03-04-29/27-openroad-globalplacement/ascon_top.odb'…
Reading design constraints file at '/usr/local/lib/python3.12/dist-packages/openlane/scripts/base.sdc'…
[INFO] Using clock clk…
[INFO] Setting output delay to: 4.0
[INFO] Setting input delay to: 4.0
[INFO] Setting load to: 0.07291
[INFO] Setting clock uncertainty to: 0.25
[INFO] Setting clock transition to: 0.1499999999999999944488848768742172978818416595458984375
[INFO] Setting timing derate to: 5%
[INFO] Setting RC values…
[INFO RSZ-0027] Inserted 4 input buffers.
[INFO RSZ-0028] Inserted 1 output buffers.
[INFO RSZ-0058] Using max wire length 11391um.
Iteration | Resized | Buffers | Nets repaired | Remaining
---------------------------------------------------------
        0 |       0 |       0 |             0 |     15329
      100 |      54 |       0 |            98 |     15229
      200 |      86 |       0 |           130 |     15129
      300 |      88 |       0 |           221 |     15029
      400 |      91 |       0 |           311 |     14929
      500 |      93 |       0 |           356 |     14829
      600 |      93 |       0 |           404 |     14729
      700 |      94 |       0 |           447 |     14629
      800 |      95 |       0 |           476 |     14529
      900 |      95 |       0 |           496 |     14429
     1000 |      97 |       0 |           502 |     14329
     1100 |      97 |       0 |           529 |     14229
     1200 |     109 |      10 |           548 |     14129
     1300 |     110 |      10 |           549 |     14029
     1400 |     110 |      10 |           549 |     13929
     1500 |     110 |      10 |           549 |     13829
     1600 |     110 |      10 |           549 |     13729
     1700 |     110 |      10 |           549 |     13629
     1800 |     110 |      10 |           549 |     13529
     1900 |     110 |      10 |           549 |     13429
     2000 |     110 |      10 |           549 |     13329
     2100 |     110 |      10 |           549 |     13229
     2200 |     110 |      10 |           549 |     13129
     2300 |     110 |      10 |           549 |     13029
     2400 |     110 |      10 |           549 |     12929
     2500 |     110 |      10 |           549 |     12829
     2600 |     111 |      10 |           556 |     12729
     2700 |     111 |      10 |           567 |     12629
     2800 |     123 |      14 |           577 |     12529
     2900 |     127 |      14 |           577 |     12429
     3000 |     127 |      14 |           577 |     12329
     3100 |     127 |      14 |           577 |     12229
     3200 |     127 |      14 |           577 |     12129
     3300 |     127 |      14 |           577 |     12029
     3400 |     127 |      14 |           577 |     11929
     3500 |     127 |      14 |           577 |     11829
     3600 |     127 |      14 |           577 |     11729
     3700 |     127 |      14 |           577 |     11629
     3800 |     127 |      14 |           577 |     11529
     3900 |     127 |      14 |           577 |     11429
     4000 |     127 |      14 |           577 |     11329
     4100 |     127 |      14 |           577 |     11229
     4200 |     127 |      14 |           577 |     11129
     4300 |     127 |      14 |           577 |     11029
     4400 |     127 |      14 |           577 |     10929
     4500 |     127 |      14 |           577 |     10829
     4600 |     127 |      14 |           577 |     10729
     4700 |     207 |      79 |           588 |     10629
     4800 |     232 |      87 |           590 |     10529
     4900 |     232 |      87 |           590 |     10429
     5000 |     232 |      87 |           590 |     10329
     5100 |     232 |      87 |           590 |     10229
     5200 |     232 |      87 |           590 |     10129
     5300 |     356 |     203 |           604 |     10029
     5400 |     502 |     344 |           621 |      9929
     5500 |     503 |     344 |           622 |      9829
     5600 |     713 |     522 |           648 |      9729
     5700 |     886 |     652 |           665 |      9629
     5800 |     886 |     652 |           665 |      9529
     5900 |     886 |     652 |           665 |      9429
     6000 |     886 |     652 |           665 |      9329
     6100 |     886 |     652 |           665 |      9229
     6200 |     891 |     656 |           668 |      9129
     6300 |     904 |     666 |           673 |      9029
     6400 |     952 |     682 |           675 |      8929
     6500 |    1015 |     689 |           679 |      8829
     6600 |    1192 |     825 |           697 |      8729
     6700 |    1241 |     859 |           730 |      8629
     6800 |    1318 |     859 |           828 |      8529
     6900 |    1388 |     859 |           914 |      8429
     7000 |    1402 |     868 |           925 |      8329
     7100 |    1452 |     868 |           928 |      8229
     7200 |    1489 |     876 |           932 |      8129
     7300 |    1507 |     879 |           989 |      8029
     7400 |    1522 |     879 |          1000 |      7929
     7500 |    1552 |     879 |          1000 |      7829
     7600 |    1575 |     879 |          1001 |      7729
     7700 |    1615 |     898 |          1025 |      7629
     7800 |    1641 |     907 |          1047 |      7529
     7900 |    1699 |     923 |          1052 |      7429
     8000 |    1744 |     923 |          1057 |      7329
     8100 |    1751 |     926 |          1076 |      7229
     8200 |    1756 |     927 |          1121 |      7129
     8300 |    1767 |     927 |          1217 |      7029
     8400 |    1781 |     927 |          1311 |      6929
     8500 |    1786 |     927 |          1403 |      6829
     8600 |    1790 |     927 |          1501 |      6729
     8700 |    1797 |     927 |          1598 |      6629
     8800 |    1804 |     927 |          1693 |      6529
     8900 |    1820 |     927 |          1786 |      6429
     9000 |    1838 |     939 |          1844 |      6329
     9100 |    1865 |     947 |          1847 |      6229
     9200 |    2013 |    1034 |          1855 |      6129
     9300 |    2046 |    1045 |          1870 |      6029
     9400 |    2090 |    1056 |          1892 |      5929
     9500 |    2252 |    1171 |          1927 |      5829
     9600 |    2413 |    1306 |          2001 |      5729
     9700 |    2472 |    1306 |          2001 |      5629
     9800 |    2537 |    1329 |          2009 |      5529
     9900 |    2618 |    1340 |          2015 |      5429
    10000 |    2685 |    1362 |          2019 |      5329
    10100 |    2738 |    1395 |          2021 |      5229
    10200 |    2753 |    1395 |          2021 |      5129
    10300 |    2809 |    1438 |          2030 |      5029
    10400 |    2829 |    1454 |          2033 |      4929
    10500 |    2930 |    1494 |          2039 |      4829
    10600 |    2930 |    1494 |          2054 |      4729
    10700 |    2946 |    1506 |          2062 |      4629
    10800 |    2974 |    1509 |          2063 |      4529
    10900 |    2990 |    1509 |          2063 |      4429
    11000 |    3191 |    1664 |          2077 |      4329
    11100 |    3191 |    1664 |          2077 |      4229
    11200 |    3191 |    1664 |          2077 |      4129
    11300 |    3200 |    1670 |          2079 |      4029
    11400 |    3212 |    1674 |          2082 |      3929
    11500 |    3255 |    1676 |          2083 |      3829
    11600 |    3318 |    1677 |          2085 |      3729
    11700 |    3370 |    1687 |          2086 |      3629
    11800 |    3408 |    1687 |          2086 |      3529
    11900 |    3408 |    1687 |          2086 |      3429
    12000 |    3408 |    1687 |          2086 |      3329
    12100 |    3408 |    1687 |          2086 |      3229
    12200 |    3408 |    1687 |          2086 |      3129
    12300 |    3408 |    1687 |          2086 |      3029
    12400 |    3408 |    1687 |          2086 |      2929
    12500 |    3408 |    1687 |          2086 |      2829
    12600 |    3408 |    1687 |          2086 |      2729
    12700 |    3408 |    1687 |          2086 |      2629
    12800 |    3408 |    1687 |          2086 |      2529
    12900 |    3408 |    1687 |          2086 |      2429
    13000 |    3408 |    1687 |          2086 |      2329
    13100 |    3408 |    1687 |          2086 |      2229
    13200 |    3408 |    1687 |          2086 |      2129
    13300 |    3408 |    1687 |          2086 |      2029
    13400 |    3408 |    1687 |          2086 |      1929
    13500 |    3408 |    1687 |          2086 |      1829
    13600 |    3408 |    1687 |          2086 |      1729
    13700 |    3408 |    1687 |          2086 |      1629
    13800 |    3409 |    1688 |          2087 |      1529
    13900 |    3412 |    1688 |          2087 |      1429
    14000 |    3421 |    1690 |          2089 |      1329
    14100 |    3486 |    1690 |          2089 |      1229
    14200 |    3523 |    1690 |          2089 |      1129
    14300 |    3614 |    1745 |          2095 |      1029
    14400 |    3652 |    1763 |          2100 |       929
    14500 |    3667 |    1763 |          2100 |       829
    14600 |    3676 |    1764 |          2158 |       729
    14700 |    3676 |    1764 |          2258 |       629
    14800 |    3676 |    1764 |          2358 |       529
    14900 |    3676 |    1764 |          2458 |       429
    15000 |    3676 |    1764 |          2558 |       329
    15100 |    3676 |    1764 |          2658 |       229
    15200 |    3676 |    1764 |          2758 |       129
    15300 |    3676 |    1764 |          2858 |        29
    final |    3775 |    1870 |          2860 |         0
---------------------------------------------------------
[INFO RSZ-0034] Found 2622 slew violations.
[INFO RSZ-0035] Found 286 fanout violations.
[INFO RSZ-0036] Found 2 capacitance violations.
[INFO RSZ-0038] Inserted 1870 buffers in 2860 nets.
[INFO RSZ-0039] Resized 3775 instances.
[INFO RSZ-0042] Inserted 16 tie gf180mcu_fd_sc_mcu7t5v0__tiel instances.
[INFO RSZ-0042] Inserted 2 tie gf180mcu_fd_sc_mcu7t5v0__tieh instances.
Placement Analysis
---------------------------------
total displacement      72131.3 u
average displacement        2.8 u
max displacement           72.0 u
original HPWL         1162521.8 u
legalized HPWL        1225635.9 u
delta HPWL                    5 %

[INFO DPL-0020] Mirrored 5882 instances
[INFO DPL-0021] HPWL before          1225635.9 u
[INFO DPL-0022] HPWL after           1213563.3 u
[INFO DPL-0023] HPWL delta               -1.0 %
[INFO] Setting RC values…
Setting global connections for newly added cells…
[INFO] Setting global connections...
Updating metrics…
Cell type report:                       Count       Area
  Endcap cell                             550    2414.72
  Tap cell                               7621   33459.24
  Tie cell                                 18     158.05
  Buffer                                    1      13.17
  Timing Repair Buffer                   1875   52741.88
  Inverter                               1115   10247.19
  Sequential cell                        2806  187926.68
  Multi-Input combinational cell        11378  249234.23
  Total                                 25364  536195.16
Writing OpenROAD database to '/foss/designs/ascon/runs/RUN_2026-09-05_03-04-29/31-openroad-repairdesignpostgpl/ascon_top.odb'…
Writing netlist to '/foss/designs/ascon/runs/RUN_2026-09-05_03-04-29/31-openroad-repairdesignpostgpl/ascon_top.nl.v'…
Writing powered netlist to '/foss/designs/ascon/runs/RUN_2026-09-05_03-04-29/31-openroad-repairdesignpostgpl/ascon_top.pnl.v'…
Writing layout to '/foss/designs/ascon/runs/RUN_2026-09-05_03-04-29/31-openroad-repairdesignpostgpl/ascon_top.def'…
Writing timing constraints to '/foss/designs/ascon/runs/RUN_2026-09-05_03-04-29/31-openroad-repairdesignpostgpl/ascon_top.sdc'…
