Clock: clk
Sources: clk 
Generated: no
Virtual: no
Propagated: no
Period: 20.000000

===========================================================================
report_clock_properties
============================================================================
Clock                   Period          Waveform
----------------------------------------------------
clk                  20.000000    0.000000 10.000000

===========================================================================
report_clock_latency
============================================================================
Clock clk
rise -> rise
    min     max
0.000000 0.000000 source latency
14.572923         network latency _24910_/CLK
        14.572923 network latency _24910_/CLK
---------------
14.572923 14.572923 latency
        0.000000 skew

fall -> fall
    min     max
0.000000 0.000000 source latency
9.247328         network latency _24910_/CLK
        9.247328 network latency _24910_/CLK
---------------
9.247328 9.247328 latency
        0.000000 skew



===========================================================================
report_clock_min_period
============================================================================
clk period_min = 36.37 fmax = 27.50
