[WARNING ORD-0039] .openroad ignored with -python
Unannotated report:
['report_parasitic_annotation -report_unannotated\n',
 '============================================================================\n',
 'Found 609 unannotated drivers.\n',
 ' _27612_/Z\n',
 ' clkload0/ZN\n',
 ' clkload1/ZN\n',
 ' clkload10/ZN\n',
 ' clkload100/Z\n',
 ' clkload101/ZN\n',
 ' clkload102/ZN\n',
 ' clkload103/ZN\n',
 ' clkload104/ZN\n',
 ' clkload105/ZN\n',
 ' clkload106/ZN\n',
 ' clkload107/ZN\n',
 ' clkload108/ZN\n',
 ' clkload109/ZN\n',
 ' clkload11/ZN\n',
 ' clkload110/ZN\n',
 ' clkload111/ZN\n',
 ' clkload112/ZN\n',
 ' clkload113/ZN\n',
 ' clkload114/ZN\n',
 ' clkload115/Z\n',
 ' clkload116/Z\n',
 ' clkload117/Z\n',
 ' clkload118/Z\n',
 ' clkload119/Z\n',
 ' clkload12/ZN\n',
 ' clkload120/Z\n',
 ' clkload121/Z\n',
 ' clkload122/Z\n',
 ' clkload123/ZN\n',
 ' clkload124/ZN\n',
 ' clkload125/ZN\n',
 ' clkload126/ZN\n',
 ' clkload127/ZN\n',
 ' clkload128/ZN\n',
 ' clkload129/ZN\n',
 ' clkload13/ZN\n',
 ' clkload130/Z\n',
 ' clkload131/Z\n',
 ' clkload132/Z\n',
 ' clkload133/Z\n',
 ' clkload134/Z\n',
 ' clkload135/Z\n',
 ' clkload136/Z\n',
 ' clkload137/Z\n',
 ' clkload138/Z\n',
 ' clkload139/Z\n',
 ' clkload14/ZN\n',
 ' clkload140/ZN\n',
 ' clkload141/ZN\n',
 ' clkload142/ZN\n',
 ' clkload143/Z\n',
 ' clkload144/ZN\n',
 ' clkload145/Z\n',
 ' clkload146/ZN\n',
 ' clkload147/ZN\n',
 ' clkload148/Z\n',
 ' clkload149/ZN\n',
 ' clkload15/ZN\n',
 ' clkload150/ZN\n',
 ' clkload151/ZN\n',
 ' clkload152/ZN\n',
 ' clkload153/ZN\n',
 ' clkload154/ZN\n',
 ' clkload155/ZN\n',
 ' clkload156/Z\n',
 ' clkload157/ZN\n',
 ' clkload158/ZN\n',
 ' clkload159/ZN\n',
 ' clkload16/ZN\n',
 ' clkload160/ZN\n',
 ' clkload161/Z\n',
 ' clkload162/Z\n',
 ' clkload163/Z\n',
 ' clkload164/Z\n',
 ' clkload165/ZN\n',
 ' clkload166/ZN\n',
 ' clkload167/Z\n',
 ' clkload168/ZN\n',
 ' clkload169/ZN\n',
 ' clkload17/ZN\n',
 ' clkload170/ZN\n',
 ' clkload171/ZN\n',
 ' clkload172/ZN\n',
 ' clkload173/Z\n',
 ' clkload174/ZN\n',
 ' clkload175/ZN\n',
 ' clkload176/ZN\n',
 ' clkload177/Z\n',
 ' clkload178/ZN\n',
 ' clkload179/Z\n',
 ' clkload18/ZN\n',
 ' clkload180/ZN\n',
 ' clkload181/ZN\n',
 ' clkload182/ZN\n',
 ' clkload183/Z\n',
 ' clkload184/Z\n',
 ' clkload185/Z\n',
 ' clkload186/Z\n',
 ' clkload187/Z\n',
 ' clkload188/Z\n',
 ' clkload189/ZN\n',
 ' clkload19/ZN\n',
 ' clkload190/ZN\n',
 ' clkload191/ZN\n',
 ' clkload192/Z\n',
 ' clkload193/ZN\n',
 ' clkload194/ZN\n',
 ' clkload195/ZN\n',
 ' clkload196/Z\n',
 ' clkload197/Z\n',
 ' clkload198/Z\n',
 ' clkload199/Z\n',
 ' clkload2/ZN\n',
 ' clkload20/ZN\n',
 ' clkload200/Z\n',
 ' clkload201/ZN\n',
 ' clkload202/Z\n',
 ' clkload203/Z\n',
 ' clkload204/Z\n',
 ' clkload205/ZN\n',
 ' clkload206/Z\n',
 ' clkload207/ZN\n',
 ' clkload208/ZN\n',
 ' clkload209/Z\n',
 ' clkload21/ZN\n',
 ' clkload210/ZN\n',
 ' clkload211/ZN\n',
 ' clkload212/ZN\n',
 ' clkload213/ZN\n',
 ' clkload214/ZN\n',
 ' clkload215/Z\n',
 ' clkload216/Z\n',
 ' clkload217/ZN\n',
 ' clkload218/ZN\n',
 ' clkload219/Z\n',
 ' clkload22/ZN\n',
 ' clkload220/Z\n',
 ' clkload221/ZN\n',
 ' clkload222/ZN\n',
 ' clkload223/ZN\n',
 ' clkload224/ZN\n',
 ' clkload225/Z\n',
 ' clkload226/ZN\n',
 ' clkload227/Z\n',
 ' clkload228/ZN\n',
 ' clkload229/ZN\n',
 ' clkload23/ZN\n',
 ' clkload230/Z\n',
 ' clkload231/Z\n',
 ' clkload232/ZN\n',
 ' clkload233/ZN\n',
 ' clkload234/ZN\n',
 ' clkload235/ZN\n',
 ' clkload236/Z\n',
 ' clkload237/ZN\n',
 ' clkload238/ZN\n',
 ' clkload239/ZN\n',
 ' clkload24/ZN\n',
 ' clkload240/ZN\n',
 ' clkload241/ZN\n',
 ' clkload242/Z\n',
 ' clkload243/Z\n',
 ' clkload244/Z\n',
 ' clkload245/ZN\n',
 ' clkload246/ZN\n',
 ' clkload247/ZN\n',
 ' clkload248/ZN\n',
 ' clkload249/ZN\n',
 ' clkload25/ZN\n',
 ' clkload250/Z\n',
 ' clkload251/ZN\n',
 ' clkload252/Z\n',
 ' clkload253/ZN\n',
 ' clkload254/ZN\n',
 ' clkload255/Z\n',
 ' clkload256/Z\n',
 ' clkload257/Z\n',
 ' clkload258/Z\n',
 ' clkload259/ZN\n',
 ' clkload26/Z\n',
 ' clkload260/Z\n',
 ' clkload261/ZN\n',
 ' clkload262/ZN\n',
 ' clkload263/Z\n',
 ' clkload264/ZN\n',
 ' clkload265/Z\n',
 ' clkload266/Z\n',
 ' clkload267/Z\n',
 ' clkload268/ZN\n',
 ' clkload269/ZN\n',
 ' clkload27/ZN\n',
 ' clkload270/Z\n',
 ' clkload271/Z\n',
 ' clkload272/ZN\n',
 ' clkload273/ZN\n',
 ' clkload274/ZN\n',
 ' clkload275/ZN\n',
 ' clkload276/ZN\n',
 ' clkload277/ZN\n',
 ' clkload278/ZN\n',
 ' clkload279/ZN\n',
 ' clkload28/ZN\n',
 ' clkload280/ZN\n',
 ' clkload281/Z\n',
 ' clkload282/ZN\n',
 ' clkload283/ZN\n',
 ' clkload284/Z\n',
 ' clkload285/ZN\n',
 ' clkload286/ZN\n',
 ' clkload287/ZN\n',
 ' clkload288/ZN\n',
 ' clkload289/Z\n',
 ' clkload29/ZN\n',
 ' clkload290/Z\n',
 ' clkload291/ZN\n',
 ' clkload292/Z\n',
 ' clkload293/Z\n',
 ' clkload294/Z\n',
 ' clkload295/Z\n',
 ' clkload296/Z\n',
 ' clkload297/ZN\n',
 ' clkload298/Z\n',
 ' clkload299/Z\n',
 ' clkload3/ZN\n',
 ' clkload30/ZN\n',
 ' clkload300/Z\n',
 ' clkload301/ZN\n',
 ' clkload302/Z\n',
 ' clkload303/Z\n',
 ' clkload304/Z\n',
 ' clkload305/Z\n',
 ' clkload306/Z\n',
 ' clkload307/Z\n',
 ' clkload308/Z\n',
 ' clkload309/ZN\n',
 ' clkload31/ZN\n',
 ' clkload310/ZN\n',
 ' clkload311/ZN\n',
 ' clkload312/Z\n',
 ' clkload313/Z\n',
 ' clkload314/Z\n',
 ' clkload315/ZN\n',
 ' clkload316/Z\n',
 ' clkload317/ZN\n',
 ' clkload318/ZN\n',
 ' clkload319/ZN\n',
 ' clkload32/ZN\n',
 ' clkload320/Z\n',
 ' clkload321/Z\n',
 ' clkload322/Z\n',
 ' clkload323/Z\n',
 ' clkload324/ZN\n',
 ' clkload325/Z\n',
 ' clkload326/Z\n',
 ' clkload327/Z\n',
 ' clkload328/Z\n',
 ' clkload329/Z\n',
 ' clkload33/ZN\n',
 ' clkload330/Z\n',
 ' clkload331/ZN\n',
 ' clkload332/Z\n',
 ' clkload333/Z\n',
 ' clkload334/Z\n',
 ' clkload335/Z\n',
 ' clkload336/ZN\n',
 ' clkload337/ZN\n',
 ' clkload338/ZN\n',
 ' clkload339/Z\n',
 ' clkload34/ZN\n',
 ' clkload340/Z\n',
 ' clkload341/ZN\n',
 ' clkload342/Z\n',
 ' clkload343/ZN\n',
 ' clkload344/Z\n',
 ' clkload345/Z\n',
 ' clkload346/Z\n',
 ' clkload347/Z\n',
 ' clkload348/ZN\n',
 ' clkload349/ZN\n',
 ' clkload35/ZN\n',
 ' clkload350/ZN\n',
 ' clkload351/ZN\n',
 ' clkload352/Z\n',
 ' clkload353/ZN\n',
 ' clkload354/Z\n',
 ' clkload355/Z\n',
 ' clkload356/Z\n',
 ' clkload357/Z\n',
 ' clkload358/ZN\n',
 ' clkload359/Z\n',
 ' clkload36/ZN\n',
 ' clkload360/Z\n',
 ' clkload361/ZN\n',
 ' clkload362/Z\n',
 ' clkload363/ZN\n',
 ' clkload364/Z\n',
 ' clkload365/Z\n',
 ' clkload366/Z\n',
 ' clkload367/Z\n',
 ' clkload368/ZN\n',
 ' clkload369/Z\n',
 ' clkload37/ZN\n',
 ' clkload370/ZN\n',
 ' clkload371/ZN\n',
 ' clkload372/ZN\n',
 ' clkload373/ZN\n',
 ' clkload374/ZN\n',
 ' clkload375/ZN\n',
 ' clkload376/Z\n',
 ' clkload377/ZN\n',
 ' clkload378/Z\n',
 ' clkload379/ZN\n',
 ' clkload38/ZN\n',
 ' clkload380/ZN\n',
 ' clkload381/ZN\n',
 ' clkload382/ZN\n',
 ' clkload383/ZN\n',
 ' clkload384/ZN\n',
 ' clkload385/Z\n',
 ' clkload386/ZN\n',
 ' clkload387/Z\n',
 ' clkload388/ZN\n',
 ' clkload389/ZN\n',
 ' clkload39/ZN\n',
 ' clkload390/Z\n',
 ' clkload391/Z\n',
 ' clkload392/ZN\n',
 ' clkload393/ZN\n',
 ' clkload394/ZN\n',
 ' clkload395/ZN\n',
 ' clkload396/ZN\n',
 ' clkload397/Z\n',
 ' clkload398/Z\n',
 ' clkload399/Z\n',
 ' clkload4/ZN\n',
 ' clkload40/ZN\n',
 ' clkload400/Z\n',
 ' clkload401/Z\n',
 ' clkload402/ZN\n',
 ' clkload403/ZN\n',
 ' clkload404/ZN\n',
 ' clkload405/Z\n',
 ' clkload406/ZN\n',
 ' clkload407/Z\n',
 ' clkload408/Z\n',
 ' clkload409/ZN\n',
 ' clkload41/ZN\n',
 ' clkload410/Z\n',
 ' clkload411/Z\n',
 ' clkload412/ZN\n',
 ' clkload413/Z\n',
 ' clkload414/ZN\n',
 ' clkload415/ZN\n',
 ' clkload416/Z\n',
 ' clkload417/ZN\n',
 ' clkload418/ZN\n',
 ' clkload419/ZN\n',
 ' clkload42/ZN\n',
 ' clkload420/ZN\n',
 ' clkload421/ZN\n',
 ' clkload422/ZN\n',
 ' clkload423/ZN\n',
 ' clkload424/Z\n',
 ' clkload425/ZN\n',
 ' clkload426/ZN\n',
 ' clkload427/ZN\n',
 ' clkload428/ZN\n',
 ' clkload429/ZN\n',
 ' clkload43/ZN\n',
 ' clkload430/Z\n',
 ' clkload431/Z\n',
 ' clkload432/Z\n',
 ' clkload433/ZN\n',
 ' clkload434/ZN\n',
 ' clkload435/ZN\n',
 ' clkload436/ZN\n',
 ' clkload437/ZN\n',
 ' clkload438/ZN\n',
 ' clkload439/ZN\n',
 ' clkload44/Z\n',
 ' clkload440/ZN\n',
 ' clkload441/ZN\n',
 ' clkload442/ZN\n',
 ' clkload443/Z\n',
 ' clkload444/ZN\n',
 ' clkload445/Z\n',
 ' clkload446/Z\n',
 ' clkload447/ZN\n',
 ' clkload448/Z\n',
 ' clkload449/Z\n',
 ' clkload45/ZN\n',
 ' clkload450/ZN\n',
 ' clkload451/Z\n',
 ' clkload452/Z\n',
 ' clkload453/Z\n',
 ' clkload454/Z\n',
 ' clkload455/Z\n',
 ' clkload456/Z\n',
 ' clkload457/ZN\n',
 ' clkload458/Z\n',
 ' clkload459/Z\n',
 ' clkload46/ZN\n',
 ' clkload460/Z\n',
 ' clkload461/Z\n',
 ' clkload462/ZN\n',
 ' clkload463/ZN\n',
 ' clkload464/ZN\n',
 ' clkload465/Z\n',
 ' clkload466/Z\n',
 ' clkload467/Z\n',
 ' clkload468/Z\n',
 ' clkload469/Z\n',
 ' clkload47/Z\n',
 ' clkload470/ZN\n',
 ' clkload471/Z\n',
 ' clkload472/Z\n',
 ' clkload473/ZN\n',
 ' clkload474/Z\n',
 ' clkload475/Z\n',
 ' clkload476/ZN\n',
 ' clkload477/ZN\n',
 ' clkload478/ZN\n',
 ' clkload479/Z\n',
 ' clkload48/ZN\n',
 ' clkload480/ZN\n',
 ' clkload481/ZN\n',
 ' clkload482/Z\n',
 ' clkload483/ZN\n',
 ' clkload484/ZN\n',
 ' clkload485/ZN\n',
 ' clkload486/ZN\n',
 ' clkload487/ZN\n',
 ' clkload488/ZN\n',
 ' clkload489/Z\n',
 ' clkload49/ZN\n',
 ' clkload490/Z\n',
 ' clkload491/Z\n',
 ' clkload492/ZN\n',
 ' clkload493/ZN\n',
 ' clkload494/Z\n',
 ' clkload495/Z\n',
 ' clkload496/Z\n',
 ' clkload497/ZN\n',
 ' clkload498/Z\n',
 ' clkload499/ZN\n',
 ' clkload5/ZN\n',
 ' clkload50/ZN\n',
 ' clkload500/Z\n',
 ' clkload501/Z\n',
 ' clkload502/ZN\n',
 ' clkload503/Z\n',
 ' clkload504/ZN\n',
 ' clkload505/Z\n',
 ' clkload506/ZN\n',
 ' clkload507/Z\n',
 ' clkload508/ZN\n',
 ' clkload509/Z\n',
 ' clkload51/ZN\n',
 ' clkload510/Z\n',
 ' clkload511/ZN\n',
 ' clkload512/Z\n',
 ' clkload513/ZN\n',
 ' clkload514/Z\n',
 ' clkload515/Z\n',
 ' clkload516/ZN\n',
 ' clkload517/Z\n',
 ' clkload518/ZN\n',
 ' clkload519/Z\n',
 ' clkload52/ZN\n',
 ' clkload520/Z\n',
 ' clkload521/Z\n',
 ' clkload522/Z\n',
 ' clkload523/Z\n',
 ' clkload524/ZN\n',
 ' clkload525/Z\n',
 ' clkload526/ZN\n',
 ' clkload527/ZN\n',
 ' clkload528/ZN\n',
 ' clkload529/Z\n',
 ' clkload53/ZN\n',
 ' clkload530/Z\n',
 ' clkload531/ZN\n',
 ' clkload532/Z\n',
 ' clkload533/Z\n',
 ' clkload534/Z\n',
 ' clkload535/Z\n',
 ' clkload536/Z\n',
 ' clkload537/Z\n',
 ' clkload538/ZN\n',
 ' clkload539/Z\n',
 ' clkload54/ZN\n',
 ' clkload540/ZN\n',
 ' clkload541/ZN\n',
 ' clkload542/ZN\n',
 ' clkload543/Z\n',
 ' clkload544/Z\n',
 ' clkload545/ZN\n',
 ' clkload546/Z\n',
 ' clkload547/ZN\n',
 ' clkload548/ZN\n',
 ' clkload549/Z\n',
 ' clkload55/ZN\n',
 ' clkload550/ZN\n',
 ' clkload551/ZN\n',
 ' clkload552/ZN\n',
 ' clkload553/Z\n',
 ' clkload554/ZN\n',
 ' clkload555/Z\n',
 ' clkload556/Z\n',
 ' clkload557/Z\n',
 ' clkload558/Z\n',
 ' clkload559/Z\n',
 ' clkload56/ZN\n',
 ' clkload560/Z\n',
 ' clkload561/Z\n',
 ' clkload562/Z\n',
 ' clkload563/ZN\n',
 ' clkload564/ZN\n',
 ' clkload565/ZN\n',
 ' clkload566/ZN\n',
 ' clkload567/ZN\n',
 ' clkload568/Z\n',
 ' clkload569/ZN\n',
 ' clkload57/ZN\n',
 ' clkload570/ZN\n',
 ' clkload571/Z\n',
 ' clkload572/Z\n',
 ' clkload573/Z\n',
 ' clkload574/ZN\n',
 ' clkload575/Z\n',
 ' clkload576/ZN\n',
 ' clkload577/ZN\n',
 ' clkload578/ZN\n',
 ' clkload579/Z\n',
 ' clkload58/ZN\n',
 ' clkload580/ZN\n',
 ' clkload581/ZN\n',
 ' clkload582/Z\n',
 ' clkload583/Z\n',
 ' clkload584/ZN\n',
 ' clkload585/ZN\n',
 ' clkload586/ZN\n',
 ' clkload587/ZN\n',
 ' clkload588/ZN\n',
 ' clkload589/ZN\n',
 ' clkload59/Z\n',
 ' clkload590/ZN\n',
 ' clkload591/ZN\n',
 ' clkload592/ZN\n',
 ' clkload593/Z\n',
 ' clkload594/ZN\n',
 ' clkload595/Z\n',
 ' clkload596/ZN\n',
 ' clkload597/ZN\n',
 ' clkload598/Z\n',
 ' clkload599/ZN\n',
 ' clkload6/ZN\n',
 ' clkload60/ZN\n',
 ' clkload600/ZN\n',
 ' clkload601/ZN\n',
 ' clkload602/Z\n',
 ' clkload603/ZN\n',
 ' clkload604/ZN\n',
 ' clkload605/ZN\n',
 ' clkload606/ZN\n',
 ' clkload607/Z\n',
 ' clkload61/ZN\n',
 ' clkload62/ZN\n',
 ' clkload63/ZN\n',
 ' clkload64/ZN\n',
 ' clkload65/Z\n',
 ' clkload66/Z\n',
 ' clkload67/Z\n',
 ' clkload68/ZN\n',
 ' clkload69/ZN\n',
 ' clkload7/ZN\n',
 ' clkload70/Z\n',
 ' clkload71/ZN\n',
 ' clkload72/Z\n',
 ' clkload73/Z\n',
 ' clkload74/ZN\n',
 ' clkload75/ZN\n',
 ' clkload76/Z\n',
 ' clkload77/Z\n',
 ' clkload78/Z\n',
 ' clkload79/Z\n',
 ' clkload8/ZN\n',
 ' clkload80/Z\n',
 ' clkload81/ZN\n',
 ' clkload82/ZN\n',
 ' clkload83/ZN\n',
 ' clkload84/ZN\n',
 ' clkload85/Z\n',
 ' clkload86/ZN\n',
 ' clkload87/Z\n',
 ' clkload88/ZN\n',
 ' clkload89/ZN\n',
 ' clkload9/ZN\n',
 ' clkload90/ZN\n',
 ' clkload91/ZN\n',
 ' clkload92/ZN\n',
 ' clkload93/Z\n',
 ' clkload94/Z\n',
 ' clkload95/ZN\n',
 ' clkload96/ZN\n',
 ' clkload97/ZN\n',
 ' clkload98/ZN\n',
 ' clkload99/Z\n',
 'Found 0 partially unannotated drivers.\n',
 '\n']
Reported nets:
['_27612_/Z',
 'clkload0/ZN',
 'clkload1/ZN',
 'clkload10/ZN',
 'clkload100/Z',
 'clkload101/ZN',
 'clkload102/ZN',
 'clkload103/ZN',
 'clkload104/ZN',
 'clkload105/ZN',
 'clkload106/ZN',
 'clkload107/ZN',
 'clkload108/ZN',
 'clkload109/ZN',
 'clkload11/ZN',
 'clkload110/ZN',
 'clkload111/ZN',
 'clkload112/ZN',
 'clkload113/ZN',
 'clkload114/ZN',
 'clkload115/Z',
 'clkload116/Z',
 'clkload117/Z',
 'clkload118/Z',
 'clkload119/Z',
 'clkload12/ZN',
 'clkload120/Z',
 'clkload121/Z',
 'clkload122/Z',
 'clkload123/ZN',
 'clkload124/ZN',
 'clkload125/ZN',
 'clkload126/ZN',
 'clkload127/ZN',
 'clkload128/ZN',
 'clkload129/ZN',
 'clkload13/ZN',
 'clkload130/Z',
 'clkload131/Z',
 'clkload132/Z',
 'clkload133/Z',
 'clkload134/Z',
 'clkload135/Z',
 'clkload136/Z',
 'clkload137/Z',
 'clkload138/Z',
 'clkload139/Z',
 'clkload14/ZN',
 'clkload140/ZN',
 'clkload141/ZN',
 'clkload142/ZN',
 'clkload143/Z',
 'clkload144/ZN',
 'clkload145/Z',
 'clkload146/ZN',
 'clkload147/ZN',
 'clkload148/Z',
 'clkload149/ZN',
 'clkload15/ZN',
 'clkload150/ZN',
 'clkload151/ZN',
 'clkload152/ZN',
 'clkload153/ZN',
 'clkload154/ZN',
 'clkload155/ZN',
 'clkload156/Z',
 'clkload157/ZN',
 'clkload158/ZN',
 'clkload159/ZN',
 'clkload16/ZN',
 'clkload160/ZN',
 'clkload161/Z',
 'clkload162/Z',
 'clkload163/Z',
 'clkload164/Z',
 'clkload165/ZN',
 'clkload166/ZN',
 'clkload167/Z',
 'clkload168/ZN',
 'clkload169/ZN',
 'clkload17/ZN',
 'clkload170/ZN',
 'clkload171/ZN',
 'clkload172/ZN',
 'clkload173/Z',
 'clkload174/ZN',
 'clkload175/ZN',
 'clkload176/ZN',
 'clkload177/Z',
 'clkload178/ZN',
 'clkload179/Z',
 'clkload18/ZN',
 'clkload180/ZN',
 'clkload181/ZN',
 'clkload182/ZN',
 'clkload183/Z',
 'clkload184/Z',
 'clkload185/Z',
 'clkload186/Z',
 'clkload187/Z',
 'clkload188/Z',
 'clkload189/ZN',
 'clkload19/ZN',
 'clkload190/ZN',
 'clkload191/ZN',
 'clkload192/Z',
 'clkload193/ZN',
 'clkload194/ZN',
 'clkload195/ZN',
 'clkload196/Z',
 'clkload197/Z',
 'clkload198/Z',
 'clkload199/Z',
 'clkload2/ZN',
 'clkload20/ZN',
 'clkload200/Z',
 'clkload201/ZN',
 'clkload202/Z',
 'clkload203/Z',
 'clkload204/Z',
 'clkload205/ZN',
 'clkload206/Z',
 'clkload207/ZN',
 'clkload208/ZN',
 'clkload209/Z',
 'clkload21/ZN',
 'clkload210/ZN',
 'clkload211/ZN',
 'clkload212/ZN',
 'clkload213/ZN',
 'clkload214/ZN',
 'clkload215/Z',
 'clkload216/Z',
 'clkload217/ZN',
 'clkload218/ZN',
 'clkload219/Z',
 'clkload22/ZN',
 'clkload220/Z',
 'clkload221/ZN',
 'clkload222/ZN',
 'clkload223/ZN',
 'clkload224/ZN',
 'clkload225/Z',
 'clkload226/ZN',
 'clkload227/Z',
 'clkload228/ZN',
 'clkload229/ZN',
 'clkload23/ZN',
 'clkload230/Z',
 'clkload231/Z',
 'clkload232/ZN',
 'clkload233/ZN',
 'clkload234/ZN',
 'clkload235/ZN',
 'clkload236/Z',
 'clkload237/ZN',
 'clkload238/ZN',
 'clkload239/ZN',
 'clkload24/ZN',
 'clkload240/ZN',
 'clkload241/ZN',
 'clkload242/Z',
 'clkload243/Z',
 'clkload244/Z',
 'clkload245/ZN',
 'clkload246/ZN',
 'clkload247/ZN',
 'clkload248/ZN',
 'clkload249/ZN',
 'clkload25/ZN',
 'clkload250/Z',
 'clkload251/ZN',
 'clkload252/Z',
 'clkload253/ZN',
 'clkload254/ZN',
 'clkload255/Z',
 'clkload256/Z',
 'clkload257/Z',
 'clkload258/Z',
 'clkload259/ZN',
 'clkload26/Z',
 'clkload260/Z',
 'clkload261/ZN',
 'clkload262/ZN',
 'clkload263/Z',
 'clkload264/ZN',
 'clkload265/Z',
 'clkload266/Z',
 'clkload267/Z',
 'clkload268/ZN',
 'clkload269/ZN',
 'clkload27/ZN',
 'clkload270/Z',
 'clkload271/Z',
 'clkload272/ZN',
 'clkload273/ZN',
 'clkload274/ZN',
 'clkload275/ZN',
 'clkload276/ZN',
 'clkload277/ZN',
 'clkload278/ZN',
 'clkload279/ZN',
 'clkload28/ZN',
 'clkload280/ZN',
 'clkload281/Z',
 'clkload282/ZN',
 'clkload283/ZN',
 'clkload284/Z',
 'clkload285/ZN',
 'clkload286/ZN',
 'clkload287/ZN',
 'clkload288/ZN',
 'clkload289/Z',
 'clkload29/ZN',
 'clkload290/Z',
 'clkload291/ZN',
 'clkload292/Z',
 'clkload293/Z',
 'clkload294/Z',
 'clkload295/Z',
 'clkload296/Z',
 'clkload297/ZN',
 'clkload298/Z',
 'clkload299/Z',
 'clkload3/ZN',
 'clkload30/ZN',
 'clkload300/Z',
 'clkload301/ZN',
 'clkload302/Z',
 'clkload303/Z',
 'clkload304/Z',
 'clkload305/Z',
 'clkload306/Z',
 'clkload307/Z',
 'clkload308/Z',
 'clkload309/ZN',
 'clkload31/ZN',
 'clkload310/ZN',
 'clkload311/ZN',
 'clkload312/Z',
 'clkload313/Z',
 'clkload314/Z',
 'clkload315/ZN',
 'clkload316/Z',
 'clkload317/ZN',
 'clkload318/ZN',
 'clkload319/ZN',
 'clkload32/ZN',
 'clkload320/Z',
 'clkload321/Z',
 'clkload322/Z',
 'clkload323/Z',
 'clkload324/ZN',
 'clkload325/Z',
 'clkload326/Z',
 'clkload327/Z',
 'clkload328/Z',
 'clkload329/Z',
 'clkload33/ZN',
 'clkload330/Z',
 'clkload331/ZN',
 'clkload332/Z',
 'clkload333/Z',
 'clkload334/Z',
 'clkload335/Z',
 'clkload336/ZN',
 'clkload337/ZN',
 'clkload338/ZN',
 'clkload339/Z',
 'clkload34/ZN',
 'clkload340/Z',
 'clkload341/ZN',
 'clkload342/Z',
 'clkload343/ZN',
 'clkload344/Z',
 'clkload345/Z',
 'clkload346/Z',
 'clkload347/Z',
 'clkload348/ZN',
 'clkload349/ZN',
 'clkload35/ZN',
 'clkload350/ZN',
 'clkload351/ZN',
 'clkload352/Z',
 'clkload353/ZN',
 'clkload354/Z',
 'clkload355/Z',
 'clkload356/Z',
 'clkload357/Z',
 'clkload358/ZN',
 'clkload359/Z',
 'clkload36/ZN',
 'clkload360/Z',
 'clkload361/ZN',
 'clkload362/Z',
 'clkload363/ZN',
 'clkload364/Z',
 'clkload365/Z',
 'clkload366/Z',
 'clkload367/Z',
 'clkload368/ZN',
 'clkload369/Z',
 'clkload37/ZN',
 'clkload370/ZN',
 'clkload371/ZN',
 'clkload372/ZN',
 'clkload373/ZN',
 'clkload374/ZN',
 'clkload375/ZN',
 'clkload376/Z',
 'clkload377/ZN',
 'clkload378/Z',
 'clkload379/ZN',
 'clkload38/ZN',
 'clkload380/ZN',
 'clkload381/ZN',
 'clkload382/ZN',
 'clkload383/ZN',
 'clkload384/ZN',
 'clkload385/Z',
 'clkload386/ZN',
 'clkload387/Z',
 'clkload388/ZN',
 'clkload389/ZN',
 'clkload39/ZN',
 'clkload390/Z',
 'clkload391/Z',
 'clkload392/ZN',
 'clkload393/ZN',
 'clkload394/ZN',
 'clkload395/ZN',
 'clkload396/ZN',
 'clkload397/Z',
 'clkload398/Z',
 'clkload399/Z',
 'clkload4/ZN',
 'clkload40/ZN',
 'clkload400/Z',
 'clkload401/Z',
 'clkload402/ZN',
 'clkload403/ZN',
 'clkload404/ZN',
 'clkload405/Z',
 'clkload406/ZN',
 'clkload407/Z',
 'clkload408/Z',
 'clkload409/ZN',
 'clkload41/ZN',
 'clkload410/Z',
 'clkload411/Z',
 'clkload412/ZN',
 'clkload413/Z',
 'clkload414/ZN',
 'clkload415/ZN',
 'clkload416/Z',
 'clkload417/ZN',
 'clkload418/ZN',
 'clkload419/ZN',
 'clkload42/ZN',
 'clkload420/ZN',
 'clkload421/ZN',
 'clkload422/ZN',
 'clkload423/ZN',
 'clkload424/Z',
 'clkload425/ZN',
 'clkload426/ZN',
 'clkload427/ZN',
 'clkload428/ZN',
 'clkload429/ZN',
 'clkload43/ZN',
 'clkload430/Z',
 'clkload431/Z',
 'clkload432/Z',
 'clkload433/ZN',
 'clkload434/ZN',
 'clkload435/ZN',
 'clkload436/ZN',
 'clkload437/ZN',
 'clkload438/ZN',
 'clkload439/ZN',
 'clkload44/Z',
 'clkload440/ZN',
 'clkload441/ZN',
 'clkload442/ZN',
 'clkload443/Z',
 'clkload444/ZN',
 'clkload445/Z',
 'clkload446/Z',
 'clkload447/ZN',
 'clkload448/Z',
 'clkload449/Z',
 'clkload45/ZN',
 'clkload450/ZN',
 'clkload451/Z',
 'clkload452/Z',
 'clkload453/Z',
 'clkload454/Z',
 'clkload455/Z',
 'clkload456/Z',
 'clkload457/ZN',
 'clkload458/Z',
 'clkload459/Z',
 'clkload46/ZN',
 'clkload460/Z',
 'clkload461/Z',
 'clkload462/ZN',
 'clkload463/ZN',
 'clkload464/ZN',
 'clkload465/Z',
 'clkload466/Z',
 'clkload467/Z',
 'clkload468/Z',
 'clkload469/Z',
 'clkload47/Z',
 'clkload470/ZN',
 'clkload471/Z',
 'clkload472/Z',
 'clkload473/ZN',
 'clkload474/Z',
 'clkload475/Z',
 'clkload476/ZN',
 'clkload477/ZN',
 'clkload478/ZN',
 'clkload479/Z',
 'clkload48/ZN',
 'clkload480/ZN',
 'clkload481/ZN',
 'clkload482/Z',
 'clkload483/ZN',
 'clkload484/ZN',
 'clkload485/ZN',
 'clkload486/ZN',
 'clkload487/ZN',
 'clkload488/ZN',
 'clkload489/Z',
 'clkload49/ZN',
 'clkload490/Z',
 'clkload491/Z',
 'clkload492/ZN',
 'clkload493/ZN',
 'clkload494/Z',
 'clkload495/Z',
 'clkload496/Z',
 'clkload497/ZN',
 'clkload498/Z',
 'clkload499/ZN',
 'clkload5/ZN',
 'clkload50/ZN',
 'clkload500/Z',
 'clkload501/Z',
 'clkload502/ZN',
 'clkload503/Z',
 'clkload504/ZN',
 'clkload505/Z',
 'clkload506/ZN',
 'clkload507/Z',
 'clkload508/ZN',
 'clkload509/Z',
 'clkload51/ZN',
 'clkload510/Z',
 'clkload511/ZN',
 'clkload512/Z',
 'clkload513/ZN',
 'clkload514/Z',
 'clkload515/Z',
 'clkload516/ZN',
 'clkload517/Z',
 'clkload518/ZN',
 'clkload519/Z',
 'clkload52/ZN',
 'clkload520/Z',
 'clkload521/Z',
 'clkload522/Z',
 'clkload523/Z',
 'clkload524/ZN',
 'clkload525/Z',
 'clkload526/ZN',
 'clkload527/ZN',
 'clkload528/ZN',
 'clkload529/Z',
 'clkload53/ZN',
 'clkload530/Z',
 'clkload531/ZN',
 'clkload532/Z',
 'clkload533/Z',
 'clkload534/Z',
 'clkload535/Z',
 'clkload536/Z',
 'clkload537/Z',
 'clkload538/ZN',
 'clkload539/Z',
 'clkload54/ZN',
 'clkload540/ZN',
 'clkload541/ZN',
 'clkload542/ZN',
 'clkload543/Z',
 'clkload544/Z',
 'clkload545/ZN',
 'clkload546/Z',
 'clkload547/ZN',
 'clkload548/ZN',
 'clkload549/Z',
 'clkload55/ZN',
 'clkload550/ZN',
 'clkload551/ZN',
 'clkload552/ZN',
 'clkload553/Z',
 'clkload554/ZN',
 'clkload555/Z',
 'clkload556/Z',
 'clkload557/Z',
 'clkload558/Z',
 'clkload559/Z',
 'clkload56/ZN',
 'clkload560/Z',
 'clkload561/Z',
 'clkload562/Z',
 'clkload563/ZN',
 'clkload564/ZN',
 'clkload565/ZN',
 'clkload566/ZN',
 'clkload567/ZN',
 'clkload568/Z',
 'clkload569/ZN',
 'clkload57/ZN',
 'clkload570/ZN',
 'clkload571/Z',
 'clkload572/Z',
 'clkload573/Z',
 'clkload574/ZN',
 'clkload575/Z',
 'clkload576/ZN',
 'clkload577/ZN',
 'clkload578/ZN',
 'clkload579/Z',
 'clkload58/ZN',
 'clkload580/ZN',
 'clkload581/ZN',
 'clkload582/Z',
 'clkload583/Z',
 'clkload584/ZN',
 'clkload585/ZN',
 'clkload586/ZN',
 'clkload587/ZN',
 'clkload588/ZN',
 'clkload589/ZN',
 'clkload59/Z',
 'clkload590/ZN',
 'clkload591/ZN',
 'clkload592/ZN',
 'clkload593/Z',
 'clkload594/ZN',
 'clkload595/Z',
 'clkload596/ZN',
 'clkload597/ZN',
 'clkload598/Z',
 'clkload599/ZN',
 'clkload6/ZN',
 'clkload60/ZN',
 'clkload600/ZN',
 'clkload601/ZN',
 'clkload602/Z',
 'clkload603/ZN',
 'clkload604/ZN',
 'clkload605/ZN',
 'clkload606/ZN',
 'clkload607/Z',
 'clkload61/ZN',
 'clkload62/ZN',
 'clkload63/ZN',
 'clkload64/ZN',
 'clkload65/Z',
 'clkload66/Z',
 'clkload67/Z',
 'clkload68/ZN',
 'clkload69/ZN',
 'clkload7/ZN',
 'clkload70/Z',
 'clkload71/ZN',
 'clkload72/Z',
 'clkload73/Z',
 'clkload74/ZN',
 'clkload75/ZN',
 'clkload76/Z',
 'clkload77/Z',
 'clkload78/Z',
 'clkload79/Z',
 'clkload8/ZN',
 'clkload80/Z',
 'clkload81/ZN',
 'clkload82/ZN',
 'clkload83/ZN',
 'clkload84/ZN',
 'clkload85/Z',
 'clkload86/ZN',
 'clkload87/Z',
 'clkload88/ZN',
 'clkload89/ZN',
 'clkload9/ZN',
 'clkload90/ZN',
 'clkload91/ZN',
 'clkload92/ZN',
 'clkload93/Z',
 'clkload94/Z',
 'clkload95/ZN',
 'clkload96/ZN',
 'clkload97/ZN',
 'clkload98/ZN',
 'clkload99/Z']
Filtered nets:
[]
done
