
===========================================================================
 report_power
============================================================================
======================= nom_ff_n40C_5v50 Corner ===================================

Group                    Internal    Switching      Leakage        Total
                            Power        Power        Power        Power (Watts)
------------------------------------------------------------------------
Sequential           8.921959e-02 4.169283e-04 1.405549e-06 8.963792e-02  33.3%
Combinational        2.005414e-03 2.809556e-03 2.351013e-06 4.817321e-03   1.8%
Clock                1.190243e-01 5.569144e-02 2.834629e-06 1.747186e-01  64.9%
Macro                0.000000e+00 0.000000e+00 0.000000e+00 0.000000e+00   0.0%
Pad                  0.000000e+00 0.000000e+00 0.000000e+00 0.000000e+00   0.0%
------------------------------------------------------------------------
Total                2.102492e-01 5.891791e-02 6.591178e-06 2.691737e-01 100.0%
                            78.1%        21.9%         0.0%

