Reading OpenROAD database at '/foss/designs/ascon_top_layout/runs/RUN_2026-08-21_17-20-50/31-openroad-repairdesignpostgpl/ascon_top.odb'…
Reading library file at '/foss/pdks/gf180mcuD/libs.ref/gf180mcu_fd_sc_mcu7t5v0/lib/gf180mcu_fd_sc_mcu7t5v0__tt_025C_5v00.lib'…
Reading design constraints file at '/usr/local/lib/python3.12/dist-packages/openlane/scripts/base.sdc'…
[INFO] Using clock clk…
[INFO] Setting output delay to: 4.0
[INFO] Setting input delay to: 4.0
[INFO] Setting load to: 0.07291
[INFO] Setting clock uncertainty to: 0.25
[INFO] Setting clock transition to: 0.1499999999999999944488848768742172978818416595458984375
[INFO] Setting timing derate to: 5%
Placement Analysis
---------------------------------
total displacement          0.0 u
average displacement        0.0 u
max displacement            0.0 u
original HPWL         1123606.6 u
legalized HPWL        1136439.7 u
delta HPWL                    1 %

[INFO DPL-0020] Mirrored 6097 instances
[INFO DPL-0021] HPWL before          1136439.7 u
[INFO DPL-0022] HPWL after           1123606.6 u
[INFO DPL-0023] HPWL delta               -1.1 %
Setting global connections for newly added cells…
[INFO] Setting global connections...
Updating metrics…
Cell type report:                       Count       Area
  Endcap cell                             460    2019.58
  Tap cell                               5338   23435.96
  Timing Repair Buffer                   1882   51082.30
  Inverter                               1144   10291.10
  Sequential cell                        2806  187781.80
  Multi-Input combinational cell        11410  254307.33
  Total                                 23040  528918.07
Writing OpenROAD database to '/foss/designs/ascon_top_layout/runs/RUN_2026-08-21_17-20-50/33-openroad-detailedplacement/ascon_top.odb'…
Writing netlist to '/foss/designs/ascon_top_layout/runs/RUN_2026-08-21_17-20-50/33-openroad-detailedplacement/ascon_top.nl.v'…
Writing powered netlist to '/foss/designs/ascon_top_layout/runs/RUN_2026-08-21_17-20-50/33-openroad-detailedplacement/ascon_top.pnl.v'…
Writing layout to '/foss/designs/ascon_top_layout/runs/RUN_2026-08-21_17-20-50/33-openroad-detailedplacement/ascon_top.def'…
Writing timing constraints to '/foss/designs/ascon_top_layout/runs/RUN_2026-08-21_17-20-50/33-openroad-detailedplacement/ascon_top.sdc'…
