Reading OpenROAD database at '/foss/designs/ascon/runs/RUN_2026-09-05_03-04-29/47-odb-reportdisconnectedpins/ascon_top.odb'…
Reading library file at '/foss/pdks/gf180mcuD/libs.ref/gf180mcu_fd_sc_mcu7t5v0/lib/gf180mcu_fd_sc_mcu7t5v0__tt_025C_5v00.lib'…
Reading design constraints file at '/usr/local/lib/python3.12/dist-packages/openlane/scripts/base.sdc'…
[INFO] Using clock clk…
[INFO] Setting output delay to: 4.0
[INFO] Setting input delay to: 4.0
[INFO] Setting load to: 0.07291
[INFO] Setting clock uncertainty to: 0.25
[INFO] Setting clock transition to: 0.1499999999999999944488848768742172978818416595458984375
[INFO] Setting timing derate to: 5%
gf180mcu_fd_sc_mcu7t5v0__fillcap_* gf180mcu_fd_sc_mcu7t5v0__fill_*
[INFO DPL-0001] Placed 31793 filler instances.
Setting global connections for newly added cells…
[INFO] Setting global connections...
Updating metrics…
Cell type report:                       Count       Area
  Endcap cell                             550    2414.72
  Fill cell                             31793  590489.04
  Tap cell                               7621   33459.24
  Antenna cell                             14      61.47
  Tie cell                                 18     158.05
  Buffer                                    1      13.17
  Clock buffer                            960   46362.62
  Timing Repair Buffer                   1881   53121.64
  Inverter                               1115   10247.19
  Clock inverter                          351    8267.12
  Sequential cell                        2806  187926.68
  Multi-Input combinational cell        11378  249484.48
  Total                                 58488 1182005.44
Writing OpenROAD database to '/foss/designs/ascon/runs/RUN_2026-09-05_03-04-29/51-openroad-fillinsertion/ascon_top.odb'…
Writing netlist to '/foss/designs/ascon/runs/RUN_2026-09-05_03-04-29/51-openroad-fillinsertion/ascon_top.nl.v'…
Writing powered netlist to '/foss/designs/ascon/runs/RUN_2026-09-05_03-04-29/51-openroad-fillinsertion/ascon_top.pnl.v'…
Writing layout to '/foss/designs/ascon/runs/RUN_2026-09-05_03-04-29/51-openroad-fillinsertion/ascon_top.def'…
Writing timing constraints to '/foss/designs/ascon/runs/RUN_2026-09-05_03-04-29/51-openroad-fillinsertion/ascon_top.sdc'…
