Reading OpenROAD database at '/foss/designs/ascon_top_layout/runs/RUN_2026-08-21_17-20-50/23-openroad-globalplacementskipio/ascon_top.odb'…
Reading library file at '/foss/pdks/gf180mcuD/libs.ref/gf180mcu_fd_sc_mcu7t5v0/lib/gf180mcu_fd_sc_mcu7t5v0__tt_025C_5v00.lib'…
Reading design constraints file at '/usr/local/lib/python3.12/dist-packages/openlane/scripts/base.sdc'…
[INFO] Using clock clk…
[INFO] Setting output delay to: 4.0
[INFO] Setting input delay to: 4.0
[INFO] Setting load to: 0.07291
[INFO] Setting clock uncertainty to: 0.25
[INFO] Setting clock transition to: 0.1499999999999999944488848768742172978818416595458984375
[INFO] Setting timing derate to: 5%
[INFO] place_pins args: -min_distance 3
Found 0 macro blocks.
[INFO PPL-0010] Tentative 0 to set up sections.
[INFO PPL-0001] Number of slots           1104
[INFO PPL-0002] Number of I/O             6
[INFO PPL-0003] Number of I/O w/sink      6
[INFO PPL-0004] Number of I/O w/o sink    0
[INFO PPL-0005] Slots per section         200
[INFO PPL-0006] Slots increase factor     0.01
[INFO PPL-0008] Successfully assigned pins to sections.
[INFO PPL-0012] I/O nets HPWL: 4673.23 um.
Setting global connections for newly added cells…
[INFO] Setting global connections...
Updating metrics…
Cell type report:                       Count       Area
  Endcap cell                             460    2019.58
  Tap cell                               5338   23435.96
  Inverter                               1144   10045.24
  Sequential cell                        2806  186973.96
  Multi-Input combinational cell        11410  211092.63
  Total                                 21158  433567.37
Writing OpenROAD database to '/foss/designs/ascon_top_layout/runs/RUN_2026-08-21_17-20-50/24-openroad-ioplacement/ascon_top.odb'…
Writing netlist to '/foss/designs/ascon_top_layout/runs/RUN_2026-08-21_17-20-50/24-openroad-ioplacement/ascon_top.nl.v'…
Writing powered netlist to '/foss/designs/ascon_top_layout/runs/RUN_2026-08-21_17-20-50/24-openroad-ioplacement/ascon_top.pnl.v'…
Writing layout to '/foss/designs/ascon_top_layout/runs/RUN_2026-08-21_17-20-50/24-openroad-ioplacement/ascon_top.def'…
Writing timing constraints to '/foss/designs/ascon_top_layout/runs/RUN_2026-08-21_17-20-50/24-openroad-ioplacement/ascon_top.sdc'…
