
===========================================================================
report_checks -unconstrained
===========================================================================
======================= max_tt_025C_5v00 Corner ===================================

Startpoint: rst (input port clocked by clk)
Endpoint: _27672_ (recovery check against rising-edge clock clk)
Path Group: asynchronous
Path Type: max

Fanout         Cap        Slew       Delay        Time   Description
---------------------------------------------------------------------------------------------
                                  0.000000    0.000000   clock clk (rise edge)
                                  0.000000    0.000000   clock network delay (propagated)
                                  4.000000    4.000000 v input external delay
     1    0.003592    0.062140    0.022094    4.022094 v rst (in)
                                                         rst (net)
                      0.062140    0.000000    4.022094 v input3/I (gf180mcu_fd_sc_mcu7t5v0__buf_1)
     2    0.113104    1.112647    0.880325    4.902419 v input3/Z (gf180mcu_fd_sc_mcu7t5v0__buf_1)
                                                         net3 (net)
                      1.112952    0.010572    4.912992 v fanout1841/I (gf180mcu_fd_sc_mcu7t5v0__buf_2)
     6    0.162210    0.800539    0.938862    5.851853 v fanout1841/Z (gf180mcu_fd_sc_mcu7t5v0__buf_2)
                                                         net1841 (net)
                      0.800742    0.007313    5.859166 v fanout1828/I (gf180mcu_fd_sc_mcu7t5v0__buf_2)
     6    0.095802    0.488169    0.673488    6.532654 v fanout1828/Z (gf180mcu_fd_sc_mcu7t5v0__buf_2)
                                                         net1828 (net)
                      0.488184    0.001535    6.534189 v fanout1827/I (gf180mcu_fd_sc_mcu7t5v0__buf_2)
     9    0.142216    0.703832    0.727666    7.261855 v fanout1827/Z (gf180mcu_fd_sc_mcu7t5v0__buf_2)
                                                         net1827 (net)
                      0.703842    0.001499    7.263354 v fanout1826/I (gf180mcu_fd_sc_mcu7t5v0__buf_2)
    10    0.087522    0.446638    0.624092    7.887446 v fanout1826/Z (gf180mcu_fd_sc_mcu7t5v0__buf_2)
                                                         net1826 (net)
                      0.446654    0.001514    7.888961 v fanout1825/I (gf180mcu_fd_sc_mcu7t5v0__buf_2)
    10    0.077747    0.400969    0.530026    8.418986 v fanout1825/Z (gf180mcu_fd_sc_mcu7t5v0__buf_2)
                                                         net1825 (net)
                      0.401018    0.002519    8.421506 v _24898_/I (gf180mcu_fd_sc_mcu7t5v0__clkinv_1)
     1    0.019362    0.377015    0.322188    8.743693 ^ _24898_/ZN (gf180mcu_fd_sc_mcu7t5v0__clkinv_1)
                                                         _00817_ (net)
                      0.377016    0.000827    8.744520 ^ _27672_/RN (gf180mcu_fd_sc_mcu7t5v0__dffrnq_2)
                                              8.744520   data arrival time

                                 20.000000   20.000000   clock clk (rise edge)
                                  0.000000   20.000000   clock source latency
     1    0.155263    0.641966    0.379622   20.379622 ^ clk (in)
                                                         clk (net)
                      0.647724    0.000000   20.379622 ^ clkbuf_0_clk/I (gf180mcu_fd_sc_mcu7t5v0__clkbuf_16)
     4    0.354347    0.393866    0.522178   20.901800 ^ clkbuf_0_clk/Z (gf180mcu_fd_sc_mcu7t5v0__clkbuf_16)
                                                         clknet_0_clk (net)
                      0.395272    0.012660   20.914459 ^ clkbuf_2_0_0_clk/I (gf180mcu_fd_sc_mcu7t5v0__clkbuf_8)
    16    0.455024    0.942363    0.790788   21.705248 ^ clkbuf_2_0_0_clk/Z (gf180mcu_fd_sc_mcu7t5v0__clkbuf_8)
                                                         clknet_2_0_0_clk (net)
                      0.943068    0.014460   21.719707 ^ clkbuf_6_11_0_clk/I (gf180mcu_fd_sc_mcu7t5v0__clkbuf_8)
     9    0.161388    0.369262    0.537801   22.257509 ^ clkbuf_6_11_0_clk/Z (gf180mcu_fd_sc_mcu7t5v0__clkbuf_8)
                                                         clknet_6_11_0_clk (net)
                      0.369292    0.004833   22.262342 ^ clkbuf_leaf_37_clk/I (gf180mcu_fd_sc_mcu7t5v0__clkbuf_8)
     6    0.037795    0.138415    0.310196   22.572538 ^ clkbuf_leaf_37_clk/Z (gf180mcu_fd_sc_mcu7t5v0__clkbuf_8)
                                                         clknet_leaf_37_clk (net)
                      0.138415    0.000499   22.573038 ^ _27672_/CLK (gf180mcu_fd_sc_mcu7t5v0__dffrnq_2)
                                 -0.250000   22.323038   clock uncertainty
                                  0.000000   22.323038   clock reconvergence pessimism
                                  0.193385   22.516422   library recovery time
                                             22.516422   data required time
---------------------------------------------------------------------------------------------
                                             22.516422   data required time
                                             -8.744520   data arrival time
---------------------------------------------------------------------------------------------
                                             13.771903   slack (MET)


Startpoint: _25494_ (rising edge-triggered flip-flop clocked by clk)
Endpoint: _26219_ (rising edge-triggered flip-flop clocked by clk)
Path Group: clk
Path Type: max

Fanout         Cap        Slew       Delay        Time   Description
---------------------------------------------------------------------------------------------
                                  0.000000    0.000000   clock clk (rise edge)
                                  0.000000    0.000000   clock source latency
     1    0.155263    0.641966    0.379622    0.379622 ^ clk (in)
                                                         clk (net)
                      0.647724    0.000000    0.379622 ^ clkbuf_0_clk/I (gf180mcu_fd_sc_mcu7t5v0__clkbuf_16)
     4    0.354347    0.393866    0.522177    0.901799 ^ clkbuf_0_clk/Z (gf180mcu_fd_sc_mcu7t5v0__clkbuf_16)
                                                         clknet_0_clk (net)
                      0.395272    0.012661    0.914460 ^ clkbuf_2_0_0_clk/I (gf180mcu_fd_sc_mcu7t5v0__clkbuf_8)
    16    0.455024    0.942363    0.790788    1.705248 ^ clkbuf_2_0_0_clk/Z (gf180mcu_fd_sc_mcu7t5v0__clkbuf_8)
                                                         clknet_2_0_0_clk (net)
                      0.943145    0.015244    1.720492 ^ clkbuf_6_3_0_clk/I (gf180mcu_fd_sc_mcu7t5v0__clkbuf_8)
     9    0.156939    0.362371    0.534349    2.254842 ^ clkbuf_6_3_0_clk/Z (gf180mcu_fd_sc_mcu7t5v0__clkbuf_8)
                                                         clknet_6_3_0_clk (net)
                      0.362373    0.001496    2.256338 ^ clkbuf_leaf_487_clk/I (gf180mcu_fd_sc_mcu7t5v0__clkbuf_8)
     8    0.045139    0.150527    0.318891    2.575228 ^ clkbuf_leaf_487_clk/Z (gf180mcu_fd_sc_mcu7t5v0__clkbuf_8)
                                                         clknet_leaf_487_clk (net)
                      0.150527    0.000508    2.575736 ^ _25494_/CLK (gf180mcu_fd_sc_mcu7t5v0__dffrnq_1)
     1    0.011832    0.275314    0.959672    3.535408 ^ _25494_/Q (gf180mcu_fd_sc_mcu7t5v0__dffrnq_1)
                                                         pp_inst.core_inst.reg_cnt_i.data_q[0] (net)
                      0.275314    0.000251    3.535659 ^ fanout1717/I (gf180mcu_fd_sc_mcu7t5v0__buf_4)
     7    0.247726    1.014195    0.716568    4.252227 ^ fanout1717/Z (gf180mcu_fd_sc_mcu7t5v0__buf_4)
                                                         net1717 (net)
                      1.015216    0.017902    4.270129 ^ _12382_/I (gf180mcu_fd_sc_mcu7t5v0__clkinv_2)
     3    0.117776    0.979179    0.810588    5.080717 v _12382_/ZN (gf180mcu_fd_sc_mcu7t5v0__clkinv_2)
                                                         _09184_ (net)
                      0.979255    0.004876    5.085593 v fanout1714/I (gf180mcu_fd_sc_mcu7t5v0__buf_4)
    10    0.271728    0.665717    0.795310    5.880902 v fanout1714/Z (gf180mcu_fd_sc_mcu7t5v0__buf_4)
                                                         net1714 (net)
                      0.665747    0.002635    5.883537 v fanout1713/I (gf180mcu_fd_sc_mcu7t5v0__clkbuf_4)
    10    0.185248    0.776243    0.804258    6.687795 v fanout1713/Z (gf180mcu_fd_sc_mcu7t5v0__clkbuf_4)
                                                         net1713 (net)
                      0.778612    0.024519    6.712315 v _13346_/B (gf180mcu_fd_sc_mcu7t5v0__aoi21_1)
     1    0.034134    1.198609    0.862775    7.575089 ^ _13346_/ZN (gf180mcu_fd_sc_mcu7t5v0__aoi21_1)
                                                         _09960_ (net)
                      1.198610    0.001529    7.576619 ^ fanout1568/I (gf180mcu_fd_sc_mcu7t5v0__buf_2)
     5    0.172153    1.406917    0.998894    8.575513 ^ fanout1568/Z (gf180mcu_fd_sc_mcu7t5v0__buf_2)
                                                         net1568 (net)
                      1.407875    0.020715    8.596228 ^ fanout1567/I (gf180mcu_fd_sc_mcu7t5v0__buf_2)
     5    0.059048    0.515456    0.490868    9.087096 ^ fanout1567/Z (gf180mcu_fd_sc_mcu7t5v0__buf_2)
                                                         net1567 (net)
                      0.515507    0.002862    9.089957 ^ _13349_/A2 (gf180mcu_fd_sc_mcu7t5v0__nor2_1)
     1    0.015400    0.350353    0.286562    9.376519 v _13349_/ZN (gf180mcu_fd_sc_mcu7t5v0__nor2_1)
                                                         _09963_ (net)
                      0.350353    0.000409    9.376929 v fanout1476/I (gf180mcu_fd_sc_mcu7t5v0__buf_4)
     8    0.237907    0.587267    0.597669    9.974597 v fanout1476/Z (gf180mcu_fd_sc_mcu7t5v0__buf_4)
                                                         net1476 (net)
                      0.589011    0.018187    9.992785 v fanout1472/I (gf180mcu_fd_sc_mcu7t5v0__buf_2)
     7    0.113327    0.568237    0.672915   10.665700 v fanout1472/Z (gf180mcu_fd_sc_mcu7t5v0__buf_2)
                                                         net1472 (net)
                      0.568310    0.003687   10.669387 v fanout1471/I (gf180mcu_fd_sc_mcu7t5v0__clkbuf_4)
    10    0.124333    0.536469    0.646914   11.316300 v fanout1471/Z (gf180mcu_fd_sc_mcu7t5v0__clkbuf_4)
                                                         net1471 (net)
                      0.536720    0.006557   11.322858 v _13585_/A2 (gf180mcu_fd_sc_mcu7t5v0__aoi222_2)
     1    0.011133    0.821850    0.570773   11.893630 ^ _13585_/ZN (gf180mcu_fd_sc_mcu7t5v0__aoi222_2)
                                                         _10195_ (net)
                      0.821850    0.000128   11.893759 ^ _13586_/B (gf180mcu_fd_sc_mcu7t5v0__oai211_2)
     1    0.019078    0.440364    0.325589   12.219348 v _13586_/ZN (gf180mcu_fd_sc_mcu7t5v0__oai211_2)
                                                         _10196_ (net)
                      0.440364    0.000203   12.219551 v _13595_/B2 (gf180mcu_fd_sc_mcu7t5v0__aoi22_4)
     4    0.150106    1.512142    1.005465   13.225017 ^ _13595_/ZN (gf180mcu_fd_sc_mcu7t5v0__aoi22_4)
                                                         _10205_ (net)
                      1.512182    0.012071   13.237087 ^ _13597_/A2 (gf180mcu_fd_sc_mcu7t5v0__xor2_1)
     2    0.036609    1.270613    0.854400   14.091488 ^ _13597_/Z (gf180mcu_fd_sc_mcu7t5v0__xor2_1)
                                                         _10207_ (net)
                      1.270613    0.000846   14.092334 ^ _13598_/A2 (gf180mcu_fd_sc_mcu7t5v0__aoi21_4)
     2    0.040965    0.404425    0.168266   14.260600 v _13598_/ZN (gf180mcu_fd_sc_mcu7t5v0__aoi21_4)
                                                         _10208_ (net)
                      0.404426    0.000806   14.261407 v _16067_/B1 (gf180mcu_fd_sc_mcu7t5v0__aoi22_4)
     2    0.191600    1.837923    1.145729   15.407136 ^ _16067_/ZN (gf180mcu_fd_sc_mcu7t5v0__aoi22_4)
                                                         _03429_ (net)
                      1.838318    0.039995   15.447130 ^ fanout492/I (gf180mcu_fd_sc_mcu7t5v0__buf_2)
     6    0.104850    0.880448    0.694817   16.141947 ^ fanout492/Z (gf180mcu_fd_sc_mcu7t5v0__buf_2)
                                                         net492 (net)
                      0.880635    0.007152   16.149099 ^ fanout486/I (gf180mcu_fd_sc_mcu7t5v0__buf_2)
     6    0.079706    0.673478    0.577074   16.726173 ^ fanout486/Z (gf180mcu_fd_sc_mcu7t5v0__buf_2)
                                                         net486 (net)
                      0.673478    0.000544   16.726717 ^ fanout485/I (gf180mcu_fd_sc_mcu7t5v0__buf_1)
     5    0.047815    0.816051    0.663066   17.389782 ^ fanout485/Z (gf180mcu_fd_sc_mcu7t5v0__buf_1)
                                                         net485 (net)
                      0.816051    0.000735   17.390518 ^ fanout484/I (gf180mcu_fd_sc_mcu7t5v0__buf_2)
    10    0.080332    0.679762    0.580542   17.971060 ^ fanout484/Z (gf180mcu_fd_sc_mcu7t5v0__buf_2)
                                                         net484 (net)
                      0.679768    0.001140   17.972200 ^ _21153_/A1 (gf180mcu_fd_sc_mcu7t5v0__oai21_1)
     1    0.005082    0.326110    0.151532   18.123732 v _21153_/ZN (gf180mcu_fd_sc_mcu7t5v0__oai21_1)
                                                         _01861_ (net)
                      0.326110    0.000103   18.123835 v _26219_/D (gf180mcu_fd_sc_mcu7t5v0__dffq_1)
                                             18.123835   data arrival time

                                 20.000000   20.000000   clock clk (rise edge)
                                  0.000000   20.000000   clock source latency
     1    0.155263    0.641966    0.379622   20.379622 ^ clk (in)
                                                         clk (net)
                      0.647724    0.000000   20.379622 ^ clkbuf_0_clk/I (gf180mcu_fd_sc_mcu7t5v0__clkbuf_16)
     4    0.354347    0.393866    0.522178   20.901800 ^ clkbuf_0_clk/Z (gf180mcu_fd_sc_mcu7t5v0__clkbuf_16)
                                                         clknet_0_clk (net)
                      0.395558    0.014412   20.916212 ^ clkbuf_2_3_0_clk/I (gf180mcu_fd_sc_mcu7t5v0__clkbuf_8)
    16    0.442472    0.915909    0.773777   21.689989 ^ clkbuf_2_3_0_clk/Z (gf180mcu_fd_sc_mcu7t5v0__clkbuf_8)
                                                         clknet_2_3_0_clk (net)
                      0.917412    0.020925   21.710915 ^ clkbuf_6_60_0_clk/I (gf180mcu_fd_sc_mcu7t5v0__clkbuf_8)
     9    0.203966    0.450037    0.582631   22.293545 ^ clkbuf_6_60_0_clk/Z (gf180mcu_fd_sc_mcu7t5v0__clkbuf_8)
                                                         clknet_6_60_0_clk (net)
                      0.450075    0.001686   22.295231 ^ clkbuf_leaf_288_clk/I (gf180mcu_fd_sc_mcu7t5v0__clkbuf_8)
     9    0.051698    0.163754    0.341897   22.637129 ^ clkbuf_leaf_288_clk/Z (gf180mcu_fd_sc_mcu7t5v0__clkbuf_8)
                                                         clknet_leaf_288_clk (net)
                      0.163754    0.000620   22.637749 ^ _26219_/CLK (gf180mcu_fd_sc_mcu7t5v0__dffq_1)
                                 -0.250000   22.387749   clock uncertainty
                                  0.000000   22.387749   clock reconvergence pessimism
                                 -0.283294   22.104456   library setup time
                                             22.104456   data required time
---------------------------------------------------------------------------------------------
                                             22.104456   data required time
                                            -18.123835   data arrival time
---------------------------------------------------------------------------------------------
                                              3.980620   slack (MET)




===========================================================================
report_checks --slack_max -0.01
============================================================================
======================= max_tt_025C_5v00 Corner ===================================

No paths found.


===========================================================================
 report_check_types -max_slew -max_cap -max_fanout -violators
============================================================================
======================= max_tt_025C_5v00 Corner ===================================

max slew

Pin                                        Limit        Slew       Slack
------------------------------------------------------------------------
_17803_/A2                              3.000000    4.504686   -1.504686 (VIOLATED)
_17802_/Z                               3.000000    4.504417   -1.504418 (VIOLATED)
_18435_/A1                              3.000000    3.920148   -0.920148 (VIOLATED)
_18359_/A1                              3.000000    3.919826   -0.919826 (VIOLATED)
_17646_/A1                              3.000000    3.919796   -0.919796 (VIOLATED)
_17638_/Z                               3.000000    3.919779   -0.919779 (VIOLATED)
fanout1152/I                            3.000000    3.305506   -0.305506 (VIOLATED)
_15857_/ZN                              3.000000    3.305408   -0.305409 (VIOLATED)

max fanout

Pin                                   Limit Fanout  Slack
---------------------------------------------------------
clkbuf_2_0_0_clk/Z                       10     16     -6 (VIOLATED)
clkbuf_2_1_0_clk/Z                       10     16     -6 (VIOLATED)
clkbuf_2_2_0_clk/Z                       10     16     -6 (VIOLATED)
clkbuf_2_3_0_clk/Z                       10     16     -6 (VIOLATED)
clkbuf_6_36_0_clk/Z                      10     13     -3 (VIOLATED)
clkbuf_6_55_0_clk/Z                      10     13     -3 (VIOLATED)
clkbuf_6_32_0_clk/Z                      10     12     -2 (VIOLATED)
clkbuf_6_33_0_clk/Z                      10     12     -2 (VIOLATED)
clkbuf_6_39_0_clk/Z                      10     12     -2 (VIOLATED)
clkbuf_6_41_0_clk/Z                      10     12     -2 (VIOLATED)
clkbuf_6_48_0_clk/Z                      10     12     -2 (VIOLATED)
clkbuf_6_56_0_clk/Z                      10     12     -2 (VIOLATED)
clkbuf_6_57_0_clk/Z                      10     12     -2 (VIOLATED)
clkbuf_6_58_0_clk/Z                      10     12     -2 (VIOLATED)
clkbuf_leaf_301_clk/Z                    10     12     -2 (VIOLATED)
clkbuf_6_34_0_clk/Z                      10     11        (VIOLATED)
clkbuf_6_35_0_clk/Z                      10     11        (VIOLATED)
clkbuf_6_37_0_clk/Z                      10     11        (VIOLATED)
clkbuf_6_38_0_clk/Z                      10     11        (VIOLATED)
clkbuf_6_46_0_clk/Z                      10     11        (VIOLATED)
clkbuf_6_50_0_clk/Z                      10     11        (VIOLATED)
clkbuf_6_54_0_clk/Z                      10     11        (VIOLATED)
clkbuf_6_59_0_clk/Z                      10     11        (VIOLATED)
clkbuf_6_61_0_clk/Z                      10     11        (VIOLATED)
clkbuf_leaf_161_clk/Z                    10     11        (VIOLATED)
clkbuf_leaf_218_clk/Z                    10     11        (VIOLATED)
clkbuf_leaf_290_clk/Z                    10     11        (VIOLATED)

max capacitance

Pin                                        Limit         Cap       Slack
------------------------------------------------------------------------
clkbuf_2_1_0_clk/Z                      0.200000    0.468059   -0.268059 (VIOLATED)
clkbuf_2_0_0_clk/Z                      0.200000    0.455024   -0.255024 (VIOLATED)
clkbuf_2_2_0_clk/Z                      0.200000    0.443974   -0.243974 (VIOLATED)
clkbuf_2_3_0_clk/Z                      0.200000    0.442472   -0.242472 (VIOLATED)
fanout1183/Z                            0.200000    0.384534   -0.184534 (VIOLATED)
fanout1321/Z                            0.200000    0.376814   -0.176814 (VIOLATED)
fanout1070/Z                            0.200000    0.374462   -0.174462 (VIOLATED)
fanout1431/Z                            0.200000    0.359196   -0.159196 (VIOLATED)
fanout1117/Z                            0.200000    0.358561   -0.158561 (VIOLATED)
fanout1332/Z                            0.200000    0.355567   -0.155567 (VIOLATED)
clkbuf_0_clk/Z                          0.200000    0.354347   -0.154347 (VIOLATED)
fanout1113/Z                            0.200000    0.353997   -0.153997 (VIOLATED)
fanout1080/Z                            0.200000    0.353626   -0.153626 (VIOLATED)
fanout1238/Z                            0.200000    0.353181   -0.153181 (VIOLATED)
fanout879/Z                             0.200000    0.352822   -0.152822 (VIOLATED)
fanout1328/Z                            0.200000    0.352156   -0.152156 (VIOLATED)
fanout1065/Z                            0.200000    0.351327   -0.151327 (VIOLATED)
fanout1155/Z                            0.200000    0.351275   -0.151275 (VIOLATED)
fanout1261/Z                            0.200000    0.349354   -0.149354 (VIOLATED)
fanout1316/Z                            0.200000    0.349317   -0.149317 (VIOLATED)
fanout1110/Z                            0.200000    0.345732   -0.145732 (VIOLATED)
fanout748/Z                             0.200000    0.343696   -0.143696 (VIOLATED)
fanout1243/Z                            0.200000    0.342511   -0.142511 (VIOLATED)
fanout1195/Z                            0.200000    0.341473   -0.141473 (VIOLATED)
fanout1085/Z                            0.200000    0.339180   -0.139180 (VIOLATED)
fanout806/Z                             0.200000    0.339098   -0.139098 (VIOLATED)
fanout1266/Z                            0.200000    0.338542   -0.138542 (VIOLATED)
fanout1255/Z                            0.200000    0.337548   -0.137548 (VIOLATED)
fanout1075/Z                            0.200000    0.336731   -0.136731 (VIOLATED)
fanout1149/Z                            0.200000    0.336271   -0.136271 (VIOLATED)
max_cap1318/Z                           0.200000    0.336251   -0.136251 (VIOLATED)
max_cap1092/Z                           0.200000    0.335804   -0.135804 (VIOLATED)
fanout1245/Z                            0.200000    0.333597   -0.133597 (VIOLATED)
fanout884/Z                             0.200000    0.332189   -0.132189 (VIOLATED)
fanout1121/Z                            0.200000    0.332024   -0.132023 (VIOLATED)
fanout1323/Z                            0.200000    0.331315   -0.131315 (VIOLATED)
fanout1211/Z                            0.200000    0.329439   -0.129439 (VIOLATED)
fanout551/Z                             0.200000    0.327742   -0.127742 (VIOLATED)
fanout1106/Z                            0.200000    0.327127   -0.127127 (VIOLATED)
fanout1296/Z                            0.200000    0.326800   -0.126800 (VIOLATED)
fanout1197/Z                            0.200000    0.326553   -0.126553 (VIOLATED)
fanout1125/Z                            0.200000    0.325078   -0.125078 (VIOLATED)
max_cap1130/Z                           0.200000    0.324705   -0.124705 (VIOLATED)
fanout1277/Z                            0.200000    0.323355   -0.123355 (VIOLATED)
fanout1108/Z                            0.200000    0.323183   -0.123183 (VIOLATED)
max_cap1119/Z                           0.200000    0.321430   -0.121430 (VIOLATED)
fanout1229/Z                            0.200000    0.321360   -0.121360 (VIOLATED)
fanout1191/Z                            0.200000    0.321244   -0.121244 (VIOLATED)
fanout1185/Z                            0.200000    0.321231   -0.121231 (VIOLATED)
fanout1112/Z                            0.200000    0.320231   -0.120231 (VIOLATED)
fanout1164/Z                            0.200000    0.319261   -0.119261 (VIOLATED)
fanout1151/Z                            0.200000    0.318586   -0.118586 (VIOLATED)
fanout989/Z                             0.200000    0.318120   -0.118120 (VIOLATED)
fanout231/Z                             0.200000    0.317362   -0.117362 (VIOLATED)
fanout1269/Z                            0.200000    0.316956   -0.116956 (VIOLATED)
fanout1087/Z                            0.200000    0.316894   -0.116894 (VIOLATED)
fanout1134/Z                            0.200000    0.315423   -0.115423 (VIOLATED)
fanout1263/Z                            0.200000    0.313818   -0.113818 (VIOLATED)
fanout972/Z                             0.200000    0.313064   -0.113064 (VIOLATED)
fanout1084/Z                            0.200000    0.312894   -0.112894 (VIOLATED)
fanout1256/Z                            0.200000    0.312542   -0.112542 (VIOLATED)
fanout1097/Z                            0.200000    0.311438   -0.111438 (VIOLATED)
fanout1098/Z                            0.200000    0.311419   -0.111419 (VIOLATED)
fanout697/Z                             0.200000    0.311039   -0.111039 (VIOLATED)
fanout1273/Z                            0.200000    0.310457   -0.110457 (VIOLATED)
fanout1462/Z                            0.200000    0.310332   -0.110332 (VIOLATED)
fanout1344/Z                            0.200000    0.309603   -0.109603 (VIOLATED)
fanout1223/Z                            0.200000    0.309278   -0.109278 (VIOLATED)
fanout1148/Z                            0.200000    0.308387   -0.108387 (VIOLATED)
fanout1297/Z                            0.200000    0.308353   -0.108353 (VIOLATED)
fanout1189/Z                            0.200000    0.308302   -0.108302 (VIOLATED)
fanout1336/Z                            0.200000    0.305666   -0.105666 (VIOLATED)
fanout1330/Z                            0.200000    0.305450   -0.105450 (VIOLATED)
fanout1275/Z                            0.200000    0.305178   -0.105178 (VIOLATED)
fanout1320/Z                            0.200000    0.305091   -0.105091 (VIOLATED)
_14974_/ZN                              0.200000    0.304786   -0.104786 (VIOLATED)
fanout1172/Z                            0.200000    0.304251   -0.104251 (VIOLATED)
fanout1190/Z                            0.200000    0.303609   -0.103609 (VIOLATED)
fanout76/Z                              0.200000    0.303563   -0.103563 (VIOLATED)
fanout1586/Z                            0.200000    0.303321   -0.103321 (VIOLATED)
fanout1141/Z                            0.200000    0.300742   -0.100742 (VIOLATED)
fanout1265/Z                            0.200000    0.300394   -0.100394 (VIOLATED)
fanout1258/Z                            0.200000    0.299948   -0.099948 (VIOLATED)
fanout1270/Z                            0.200000    0.299556   -0.099556 (VIOLATED)
fanout1227/Z                            0.200000    0.299372   -0.099372 (VIOLATED)
fanout823/Z                             0.200000    0.299353   -0.099353 (VIOLATED)
fanout730/Z                             0.200000    0.299317   -0.099317 (VIOLATED)
fanout1168/Z                            0.200000    0.297722   -0.097722 (VIOLATED)
fanout1253/Z                            0.200000    0.297042   -0.097042 (VIOLATED)
fanout1203/Z                            0.200000    0.296494   -0.096494 (VIOLATED)
wire1209/Z                              0.200000    0.295825   -0.095825 (VIOLATED)
fanout739/Z                             0.200000    0.295593   -0.095593 (VIOLATED)
fanout1207/Z                            0.200000    0.295588   -0.095588 (VIOLATED)
fanout1225/Z                            0.200000    0.295266   -0.095266 (VIOLATED)
fanout1247/Z                            0.200000    0.295243   -0.095243 (VIOLATED)
fanout1170/Z                            0.200000    0.295193   -0.095193 (VIOLATED)
fanout1127/Z                            0.200000    0.294723   -0.094723 (VIOLATED)
fanout1239/Z                            0.200000    0.294220   -0.094220 (VIOLATED)
fanout1182/Z                            0.200000    0.293603   -0.093603 (VIOLATED)
fanout1071/Z                            0.200000    0.292556   -0.092556 (VIOLATED)
fanout1161/Z                            0.200000    0.291461   -0.091461 (VIOLATED)
fanout1274/Z                            0.200000    0.291307   -0.091307 (VIOLATED)
fanout575/Z                             0.200000    0.290881   -0.090881 (VIOLATED)
fanout1180/Z                            0.200000    0.290566   -0.090566 (VIOLATED)
fanout1102/Z                            0.200000    0.290395   -0.090395 (VIOLATED)
fanout1157/Z                            0.200000    0.290269   -0.090269 (VIOLATED)
fanout1136/Z                            0.200000    0.289780   -0.089780 (VIOLATED)
fanout1342/Z                            0.200000    0.289683   -0.089683 (VIOLATED)
fanout1334/Z                            0.200000    0.289590   -0.089590 (VIOLATED)
fanout1147/Z                            0.200000    0.287186   -0.087186 (VIOLATED)
fanout1104/Z                            0.200000    0.285681   -0.085681 (VIOLATED)
fanout1459/Z                            0.200000    0.285282   -0.085282 (VIOLATED)
fanout1300/Z                            0.200000    0.285105   -0.085105 (VIOLATED)
fanout1326/Z                            0.200000    0.283618   -0.083618 (VIOLATED)
fanout1123/Z                            0.200000    0.283546   -0.083546 (VIOLATED)
fanout1201/Z                            0.200000    0.283152   -0.083152 (VIOLATED)
fanout705/Z                             0.200000    0.283078   -0.083078 (VIOLATED)
fanout1094/Z                            0.200000    0.282758   -0.082758 (VIOLATED)
fanout1578/Z                            0.200000    0.281637   -0.081637 (VIOLATED)
fanout1193/Z                            0.200000    0.280408   -0.080408 (VIOLATED)
fanout855/Z                             0.200000    0.280323   -0.080323 (VIOLATED)
fanout1304/Z                            0.200000    0.279824   -0.079824 (VIOLATED)
fanout1418/Z                            0.200000    0.279736   -0.079736 (VIOLATED)
max_cap1307/Z                           0.200000    0.279431   -0.079431 (VIOLATED)
fanout1249/Z                            0.200000    0.278480   -0.078480 (VIOLATED)
fanout1430/Z                            0.200000    0.278274   -0.078274 (VIOLATED)
fanout1205/Z                            0.200000    0.277840   -0.077840 (VIOLATED)
fanout1234/Z                            0.200000    0.277620   -0.077620 (VIOLATED)
fanout1315/Z                            0.200000    0.277103   -0.077103 (VIOLATED)
fanout1096/Z                            0.200000    0.276989   -0.076989 (VIOLATED)
fanout1221/Z                            0.200000    0.276746   -0.076746 (VIOLATED)
fanout1322/Z                            0.200000    0.276432   -0.076432 (VIOLATED)
fanout1228/Z                            0.200000    0.275758   -0.075758 (VIOLATED)
fanout1252/Z                            0.200000    0.275484   -0.075484 (VIOLATED)
fanout1074/Z                            0.200000    0.275208   -0.075208 (VIOLATED)
fanout1138/Z                            0.200000    0.275032   -0.075032 (VIOLATED)
fanout1283/Z                            0.200000    0.274552   -0.074552 (VIOLATED)
_18543_/Z                               0.200000    0.274549   -0.074549 (VIOLATED)
fanout1144/Z                            0.200000    0.274425   -0.074425 (VIOLATED)
fanout1114/Z                            0.200000    0.274202   -0.074202 (VIOLATED)
fanout1340/Z                            0.200000    0.273670   -0.073670 (VIOLATED)
fanout1478/Z                            0.200000    0.273515   -0.073515 (VIOLATED)
fanout1116/Z                            0.200000    0.272405   -0.072405 (VIOLATED)
fanout1220/Z                            0.200000    0.272401   -0.072401 (VIOLATED)
fanout1460/Z                            0.200000    0.272161   -0.072160 (VIOLATED)
fanout1714/Z                            0.200000    0.271728   -0.071728 (VIOLATED)
_13222_/ZN                              0.200000    0.271725   -0.071725 (VIOLATED)
fanout1346/Z                            0.200000    0.271348   -0.071348 (VIOLATED)
fanout1089/Z                            0.200000    0.271021   -0.071021 (VIOLATED)
_18883_/ZN                              0.200000    0.269542   -0.069542 (VIOLATED)
fanout1063/Z                            0.200000    0.269530   -0.069530 (VIOLATED)
fanout1140/Z                            0.200000    0.269384   -0.069384 (VIOLATED)
fanout1213/Z                            0.200000    0.268986   -0.068986 (VIOLATED)
fanout1100/Z                            0.200000    0.268495   -0.068495 (VIOLATED)
fanout1152/Z                            0.200000    0.268427   -0.068427 (VIOLATED)
fanout1145/Z                            0.200000    0.267787   -0.067787 (VIOLATED)
fanout1124/Z                            0.200000    0.267164   -0.067164 (VIOLATED)
fanout1313/Z                            0.200000    0.267143   -0.067143 (VIOLATED)
fanout641/Z                             0.200000    0.266657   -0.066657 (VIOLATED)
fanout851/Z                             0.200000    0.266646   -0.066646 (VIOLATED)
fanout1302/Z                            0.200000    0.266502   -0.066502 (VIOLATED)
fanout1088/Z                            0.200000    0.266145   -0.066145 (VIOLATED)
fanout1699/Z                            0.200000    0.266043   -0.066043 (VIOLATED)
fanout1350/Z                            0.200000    0.265541   -0.065541 (VIOLATED)
fanout1254/Z                            0.200000    0.265454   -0.065454 (VIOLATED)
fanout938/Z                             0.200000    0.264811   -0.064811 (VIOLATED)
fanout271/Z                             0.200000    0.264783   -0.064783 (VIOLATED)
fanout1187/Z                            0.200000    0.264713   -0.064713 (VIOLATED)
_15875_/ZN                              0.200000    0.264590   -0.064590 (VIOLATED)
fanout1216/Z                            0.200000    0.263338   -0.063338 (VIOLATED)
fanout1115/Z                            0.200000    0.263161   -0.063161 (VIOLATED)
fanout1241/Z                            0.200000    0.262878   -0.062878 (VIOLATED)
fanout744/Z                             0.200000    0.262532   -0.062532 (VIOLATED)
fanout1162/Z                            0.200000    0.262451   -0.062451 (VIOLATED)
fanout1295/Z                            0.200000    0.262038   -0.062038 (VIOLATED)
fanout1126/Z                            0.200000    0.261917   -0.061917 (VIOLATED)
fanout1132/Z                            0.200000    0.261885   -0.061885 (VIOLATED)
fanout1338/Z                            0.200000    0.260714   -0.060714 (VIOLATED)
fanout883/Z                             0.200000    0.260324   -0.060324 (VIOLATED)
fanout1484/Z                            0.200000    0.260200   -0.060200 (VIOLATED)
fanout1153/Z                            0.200000    0.259492   -0.059492 (VIOLATED)
fanout863/Z                             0.200000    0.259338   -0.059338 (VIOLATED)
fanout280/Z                             0.200000    0.259053   -0.059053 (VIOLATED)
fanout1486/Z                            0.200000    0.258944   -0.058944 (VIOLATED)
fanout1324/Z                            0.200000    0.258665   -0.058665 (VIOLATED)
fanout1309/Z                            0.200000    0.257307   -0.057307 (VIOLATED)
fanout1712/Z                            0.200000    0.257119   -0.057119 (VIOLATED)
fanout1069/Z                            0.200000    0.257057   -0.057057 (VIOLATED)
fanout1417/Z                            0.200000    0.255537   -0.055537 (VIOLATED)
fanout904/Z                             0.200000    0.254469   -0.054469 (VIOLATED)
_13339_/ZN                              0.200000    0.254410   -0.054410 (VIOLATED)
fanout1212/Z                            0.200000    0.253955   -0.053955 (VIOLATED)
fanout1325/Z                            0.200000    0.253789   -0.053789 (VIOLATED)
fanout990/Z                             0.200000    0.252522   -0.052522 (VIOLATED)
_15802_/ZN                              0.200000    0.252255   -0.052255 (VIOLATED)
_14972_/Z                               0.200000    0.252099   -0.052099 (VIOLATED)
fanout1073/Z                            0.200000    0.251757   -0.051757 (VIOLATED)
max_cap1299/Z                           0.200000    0.251599   -0.051599 (VIOLATED)
_12843_/ZN                              0.200000    0.250925   -0.050925 (VIOLATED)
fanout881/Z                             0.200000    0.250469   -0.050469 (VIOLATED)
fanout1086/Z                            0.200000    0.249834   -0.049834 (VIOLATED)
fanout1202/Z                            0.200000    0.249730   -0.049730 (VIOLATED)
_13188_/ZN                              0.200000    0.249117   -0.049117 (VIOLATED)
fanout1271/Z                            0.200000    0.248877   -0.048877 (VIOLATED)
fanout1235/Z                            0.200000    0.248162   -0.048162 (VIOLATED)
fanout1200/Z                            0.200000    0.247955   -0.047955 (VIOLATED)
fanout1717/Z                            0.200000    0.247726   -0.047726 (VIOLATED)
fanout1319/Z                            0.200000    0.247494   -0.047494 (VIOLATED)
fanout1174/Z                            0.200000    0.246967   -0.046967 (VIOLATED)
fanout136/Z                             0.200000    0.246161   -0.046161 (VIOLATED)
fanout1314/Z                            0.200000    0.245745   -0.045745 (VIOLATED)
fanout256/Z                             0.200000    0.244859   -0.044859 (VIOLATED)
fanout1272/Z                            0.200000    0.244563   -0.044563 (VIOLATED)
fanout1573/Z                            0.200000    0.244542   -0.044542 (VIOLATED)
fanout1166/Z                            0.200000    0.244458   -0.044458 (VIOLATED)
fanout1111/Z                            0.200000    0.243287   -0.043287 (VIOLATED)
_13377_/Z                               0.200000    0.243151   -0.043151 (VIOLATED)
fanout849/Z                             0.200000    0.242713   -0.042713 (VIOLATED)
fanout1499/Z                            0.200000    0.242033   -0.042033 (VIOLATED)
fanout840/Z                             0.200000    0.241716   -0.041716 (VIOLATED)
fanout558/Z                             0.200000    0.241557   -0.041557 (VIOLATED)
fanout1352/Z                            0.200000    0.241476   -0.041476 (VIOLATED)
fanout755/Z                             0.200000    0.241283   -0.041283 (VIOLATED)
_20966_/ZN                              0.200000    0.240566   -0.040566 (VIOLATED)
fanout115/Z                             0.200000    0.240433   -0.040433 (VIOLATED)
_15844_/ZN                              0.200000    0.239977   -0.039977 (VIOLATED)
fanout23/Z                              0.200000    0.239787   -0.039787 (VIOLATED)
fanout936/Z                             0.200000    0.239314   -0.039314 (VIOLATED)
_15834_/ZN                              0.200000    0.238848   -0.038848 (VIOLATED)
fanout208/Z                             0.200000    0.238818   -0.038818 (VIOLATED)
fanout1476/Z                            0.200000    0.237907   -0.037907 (VIOLATED)
fanout206/Z                             0.200000    0.237332   -0.037332 (VIOLATED)
fanout1165/Z                            0.200000    0.237305   -0.037305 (VIOLATED)
_15878_/ZN                              0.200000    0.237238   -0.037238 (VIOLATED)
fanout783/Z                             0.200000    0.236398   -0.036398 (VIOLATED)
fanout1259/Z                            0.200000    0.235503   -0.035503 (VIOLATED)
fanout1577/Z                            0.200000    0.235393   -0.035393 (VIOLATED)
fanout826/Z                             0.200000    0.235299   -0.035299 (VIOLATED)
fanout264/Z                             0.200000    0.235241   -0.035241 (VIOLATED)
fanout171/Z                             0.200000    0.235007   -0.035007 (VIOLATED)
fanout1251/Z                            0.200000    0.234551   -0.034551 (VIOLATED)
max_cap1083/Z                           0.200000    0.233894   -0.033894 (VIOLATED)
fanout1429/Z                            0.200000    0.232752   -0.032752 (VIOLATED)
fanout124/Z                             0.200000    0.232712   -0.032712 (VIOLATED)
fanout797/Z                             0.200000    0.232690   -0.032690 (VIOLATED)
fanout854/Z                             0.200000    0.232500   -0.032500 (VIOLATED)
fanout1067/Z                            0.200000    0.232497   -0.032497 (VIOLATED)
fanout1214/Z                            0.200000    0.232242   -0.032242 (VIOLATED)
fanout193/Z                             0.200000    0.232067   -0.032067 (VIOLATED)
fanout67/Z                              0.200000    0.231160   -0.031160 (VIOLATED)
fanout1068/Z                            0.200000    0.231147   -0.031147 (VIOLATED)
fanout1720/Z                            0.200000    0.230692   -0.030692 (VIOLATED)
fanout1292/Z                            0.200000    0.230571   -0.030571 (VIOLATED)
fanout649/Z                             0.200000    0.230401   -0.030401 (VIOLATED)
_15861_/ZN                              0.200000    0.230378   -0.030378 (VIOLATED)
fanout1150/Z                            0.200000    0.230260   -0.030260 (VIOLATED)
clkbuf_6_33_0_clk/Z                     0.200000    0.229839   -0.029839 (VIOLATED)
fanout1199/Z                            0.200000    0.229656   -0.029656 (VIOLATED)
fanout1590/Z                            0.200000    0.229443   -0.029443 (VIOLATED)
fanout620/Z                             0.200000    0.229273   -0.029273 (VIOLATED)
fanout830/Z                             0.200000    0.228845   -0.028845 (VIOLATED)
clkbuf_6_39_0_clk/Z                     0.200000    0.228645   -0.028645 (VIOLATED)
fanout963/Z                             0.200000    0.228547   -0.028547 (VIOLATED)
_15798_/ZN                              0.200000    0.228130   -0.028130 (VIOLATED)
fanout1133/Z                            0.200000    0.228021   -0.028021 (VIOLATED)
fanout1592/Z                            0.200000    0.227886   -0.027886 (VIOLATED)
fanout1693/Z                            0.200000    0.227020   -0.027020 (VIOLATED)
max_cap1078/Z                           0.200000    0.226956   -0.026956 (VIOLATED)
fanout163/Z                             0.200000    0.226786   -0.026786 (VIOLATED)
fanout143/Z                             0.200000    0.226772   -0.026772 (VIOLATED)
fanout1311/Z                            0.200000    0.226711   -0.026711 (VIOLATED)
_12849_/Z                               0.200000    0.226556   -0.026556 (VIOLATED)
fanout816/Z                             0.200000    0.226105   -0.026105 (VIOLATED)
fanout839/Z                             0.200000    0.225884   -0.025884 (VIOLATED)
clkbuf_6_36_0_clk/Z                     0.200000    0.225416   -0.025416 (VIOLATED)
fanout780/Z                             0.200000    0.225001   -0.025001 (VIOLATED)
fanout1095/Z                            0.200000    0.224841   -0.024841 (VIOLATED)
fanout977/Z                             0.200000    0.224757   -0.024757 (VIOLATED)
fanout561/Z                             0.200000    0.224696   -0.024696 (VIOLATED)
fanout926/Z                             0.200000    0.224649   -0.024649 (VIOLATED)
clkbuf_6_48_0_clk/Z                     0.200000    0.224396   -0.024396 (VIOLATED)
fanout1495/Z                            0.200000    0.224051   -0.024051 (VIOLATED)
fanout1257/Z                            0.200000    0.223974   -0.023974 (VIOLATED)
fanout1268/Z                            0.200000    0.223471   -0.023471 (VIOLATED)
fanout942/Z                             0.200000    0.223387   -0.023387 (VIOLATED)
fanout902/Z                             0.200000    0.223023   -0.023023 (VIOLATED)
_15880_/ZN                              0.200000    0.222618   -0.022618 (VIOLATED)
_15828_/ZN                              0.200000    0.222362   -0.022362 (VIOLATED)
fanout974/Z                             0.200000    0.222142   -0.022142 (VIOLATED)
fanout628/Z                             0.200000    0.222114   -0.022114 (VIOLATED)
fanout722/Z                             0.200000    0.221902   -0.021902 (VIOLATED)
clkbuf_6_37_0_clk/Z                     0.200000    0.221264   -0.021264 (VIOLATED)
fanout1584/Z                            0.200000    0.220968   -0.020968 (VIOLATED)
fanout1715/Z                            0.200000    0.220735   -0.020735 (VIOLATED)
fanout247/Z                             0.200000    0.220589   -0.020589 (VIOLATED)
fanout1188/Z                            0.200000    0.220476   -0.020476 (VIOLATED)
fanout776/Z                             0.200000    0.220018   -0.020018 (VIOLATED)
fanout1716/Z                            0.200000    0.219986   -0.019986 (VIOLATED)
_17802_/Z                               0.128300    0.148089   -0.019789 (VIOLATED)
fanout1349/Z                            0.200000    0.218468   -0.018468 (VIOLATED)
fanout809/Z                             0.200000    0.218254   -0.018254 (VIOLATED)
fanout168/Z                             0.200000    0.217964   -0.017964 (VIOLATED)
fanout1485/Z                            0.200000    0.217714   -0.017714 (VIOLATED)
_15830_/ZN                              0.200000    0.217695   -0.017695 (VIOLATED)
_15852_/ZN                              0.200000    0.217549   -0.017549 (VIOLATED)
fanout180/Z                             0.200000    0.216924   -0.016924 (VIOLATED)
fanout579/Z                             0.200000    0.216878   -0.016878 (VIOLATED)
fanout31/Z                              0.200000    0.216810   -0.016810 (VIOLATED)
clkbuf_6_38_0_clk/Z                     0.200000    0.216809   -0.016809 (VIOLATED)
fanout65/Z                              0.200000    0.216383   -0.016383 (VIOLATED)
fanout1240/Z                            0.200000    0.216266   -0.016266 (VIOLATED)
fanout866/Z                             0.200000    0.216077   -0.016077 (VIOLATED)
fanout160/Z                             0.200000    0.216002   -0.016002 (VIOLATED)
fanout1371/Z                            0.200000    0.215379   -0.015379 (VIOLATED)
fanout968/Z                             0.200000    0.215246   -0.015246 (VIOLATED)
clkbuf_6_45_0_clk/Z                     0.200000    0.215182   -0.015182 (VIOLATED)
_15849_/ZN                              0.200000    0.215117   -0.015117 (VIOLATED)
fanout940/Z                             0.200000    0.214871   -0.014871 (VIOLATED)
fanout870/Z                             0.200000    0.214832   -0.014832 (VIOLATED)
fanout1276/Z                            0.200000    0.214758   -0.014758 (VIOLATED)
fanout197/Z                             0.200000    0.214754   -0.014754 (VIOLATED)
fanout616/Z                             0.200000    0.214701   -0.014701 (VIOLATED)
fanout908/Z                             0.200000    0.214398   -0.014398 (VIOLATED)
fanout693/Z                             0.200000    0.214222   -0.014222 (VIOLATED)
fanout1756/Z                            0.200000    0.214068   -0.014068 (VIOLATED)
fanout903/Z                             0.200000    0.213833   -0.013833 (VIOLATED)
fanout194/Z                             0.200000    0.213324   -0.013324 (VIOLATED)
fanout557/Z                             0.200000    0.213178   -0.013178 (VIOLATED)
fanout837/Z                             0.200000    0.213169   -0.013169 (VIOLATED)
fanout772/Z                             0.200000    0.213136   -0.013136 (VIOLATED)
fanout901/Z                             0.200000    0.213072   -0.013072 (VIOLATED)
fanout88/Z                              0.200000    0.212947   -0.012947 (VIOLATED)
fanout891/Z                             0.200000    0.212932   -0.012932 (VIOLATED)
max_cap1232/Z                           0.200000    0.212630   -0.012630 (VIOLATED)
_21877_/ZN                              0.200000    0.212556   -0.012556 (VIOLATED)
fanout811/Z                             0.200000    0.212531   -0.012531 (VIOLATED)
fanout596/Z                             0.200000    0.212520   -0.012520 (VIOLATED)
fanout784/Z                             0.200000    0.212485   -0.012485 (VIOLATED)
_13155_/Z                               0.200000    0.212125   -0.012125 (VIOLATED)
fanout1481/Z                            0.200000    0.211963   -0.011963 (VIOLATED)
fanout1604/Z                            0.200000    0.211531   -0.011531 (VIOLATED)
fanout26/Z                              0.200000    0.211507   -0.011507 (VIOLATED)
fanout593/Z                             0.200000    0.211459   -0.011459 (VIOLATED)
fanout969/Z                             0.200000    0.211111   -0.011111 (VIOLATED)
fanout28/Z                              0.200000    0.210877   -0.010877 (VIOLATED)
fanout858/Z                             0.200000    0.210849   -0.010849 (VIOLATED)
fanout1081/Z                            0.200000    0.210823   -0.010823 (VIOLATED)
fanout164/Z                             0.200000    0.210818   -0.010818 (VIOLATED)
_23958_/ZN                              0.200000    0.210746   -0.010746 (VIOLATED)
fanout1569/Z                            0.200000    0.210704   -0.010704 (VIOLATED)
max_cap1237/Z                           0.200000    0.210655   -0.010655 (VIOLATED)
fanout273/Z                             0.200000    0.210618   -0.010618 (VIOLATED)
fanout893/Z                             0.200000    0.210482   -0.010482 (VIOLATED)
fanout572/Z                             0.200000    0.210445   -0.010446 (VIOLATED)
_15860_/ZN                              0.200000    0.209963   -0.009963 (VIOLATED)
fanout1582/Z                            0.200000    0.209494   -0.009494 (VIOLATED)
fanout846/Z                             0.200000    0.209127   -0.009127 (VIOLATED)
clkbuf_6_56_0_clk/Z                     0.200000    0.209127   -0.009127 (VIOLATED)
fanout132/Z                             0.200000    0.208982   -0.008982 (VIOLATED)
fanout1179/Z                            0.200000    0.208960   -0.008960 (VIOLATED)
fanout1267/Z                            0.200000    0.208771   -0.008771 (VIOLATED)
fanout60/Z                              0.200000    0.208560   -0.008560 (VIOLATED)
fanout833/Z                             0.200000    0.208214   -0.008214 (VIOLATED)
fanout828/Z                             0.200000    0.208172   -0.008172 (VIOLATED)
fanout911/Z                             0.200000    0.208098   -0.008098 (VIOLATED)
fanout1497/Z                            0.200000    0.207877   -0.007877 (VIOLATED)
fanout1574/Z                            0.200000    0.207609   -0.007609 (VIOLATED)
fanout1260/Z                            0.200000    0.207608   -0.007608 (VIOLATED)
fanout621/Z                             0.200000    0.207318   -0.007318 (VIOLATED)
fanout735/Z                             0.200000    0.207313   -0.007313 (VIOLATED)
fanout1210/Z                            0.200000    0.207286   -0.007286 (VIOLATED)
fanout988/Z                             0.200000    0.207185   -0.007185 (VIOLATED)
_15820_/ZN                              0.200000    0.207136   -0.007136 (VIOLATED)
fanout1479/Z                            0.200000    0.207079   -0.007079 (VIOLATED)
fanout559/Z                             0.200000    0.206695   -0.006695 (VIOLATED)
fanout1333/Z                            0.200000    0.206542   -0.006542 (VIOLATED)
fanout750/Z                             0.200000    0.206341   -0.006341 (VIOLATED)
fanout852/Z                             0.200000    0.206223   -0.006223 (VIOLATED)
fanout874/Z                             0.200000    0.206117   -0.006117 (VIOLATED)
_15821_/ZN                              0.200000    0.205817   -0.005817 (VIOLATED)
fanout189/Z                             0.200000    0.205752   -0.005752 (VIOLATED)
fanout1698/Z                            0.200000    0.205595   -0.005595 (VIOLATED)
_15929_/ZN                              0.200000    0.205501   -0.005501 (VIOLATED)
fanout1120/Z                            0.200000    0.205499   -0.005499 (VIOLATED)
clkbuf_6_58_0_clk/Z                     0.200000    0.204774   -0.004774 (VIOLATED)
fanout861/Z                             0.200000    0.204731   -0.004731 (VIOLATED)
fanout36/Z                              0.200000    0.204621   -0.004621 (VIOLATED)
fanout47/Z                              0.200000    0.204540   -0.004540 (VIOLATED)
max_cap1177/Z                           0.200000    0.204536   -0.004536 (VIOLATED)
fanout713/Z                             0.200000    0.204527   -0.004527 (VIOLATED)
fanout1226/Z                            0.200000    0.204494   -0.004494 (VIOLATED)
_18886_/ZN                              0.200000    0.204475   -0.004475 (VIOLATED)
fanout144/Z                             0.200000    0.204466   -0.004466 (VIOLATED)
fanout555/Z                             0.200000    0.204432   -0.004432 (VIOLATED)
fanout61/Z                              0.200000    0.204429   -0.004429 (VIOLATED)
_13648_/ZN                              0.200000    0.204326   -0.004326 (VIOLATED)
fanout1563/Z                            0.200000    0.204301   -0.004301 (VIOLATED)
fanout885/Z                             0.200000    0.204073   -0.004073 (VIOLATED)
clkbuf_6_46_0_clk/Z                     0.200000    0.203995   -0.003995 (VIOLATED)
clkbuf_6_60_0_clk/Z                     0.200000    0.203966   -0.003966 (VIOLATED)
fanout966/Z                             0.200000    0.203913   -0.003913 (VIOLATED)
_17638_/Z                               0.124300    0.128172   -0.003872 (VIOLATED)
clkbuf_6_50_0_clk/Z                     0.200000    0.203866   -0.003866 (VIOLATED)
fanout110/Z                             0.200000    0.203857   -0.003857 (VIOLATED)
fanout1305/Z                            0.200000    0.203519   -0.003519 (VIOLATED)
fanout1554/Z                            0.200000    0.203487   -0.003487 (VIOLATED)
clkbuf_6_62_0_clk/Z                     0.200000    0.203312   -0.003312 (VIOLATED)
clkbuf_6_41_0_clk/Z                     0.200000    0.203303   -0.003303 (VIOLATED)
_15392_/ZN                              0.200000    0.203083   -0.003083 (VIOLATED)
clkbuf_6_57_0_clk/Z                     0.200000    0.202811   -0.002811 (VIOLATED)
fanout971/Z                             0.200000    0.202741   -0.002741 (VIOLATED)
fanout42/Z                              0.200000    0.202309   -0.002309 (VIOLATED)
clkbuf_6_44_0_clk/Z                     0.200000    0.201966   -0.001966 (VIOLATED)
fanout1764/Z                            0.200000    0.201936   -0.001936 (VIOLATED)
fanout842/Z                             0.200000    0.201558   -0.001558 (VIOLATED)
fanout1107/Z                            0.200000    0.201558   -0.001558 (VIOLATED)
fanout1754/Z                            0.200000    0.201442   -0.001442 (VIOLATED)
fanout835/Z                             0.200000    0.201271   -0.001271 (VIOLATED)
fanout1146/Z                            0.200000    0.201191   -0.001191 (VIOLATED)
fanout179/Z                             0.200000    0.201064   -0.001064 (VIOLATED)
fanout1602/Z                            0.200000    0.201029   -0.001029 (VIOLATED)
fanout1536/Z                            0.200000    0.201003   -0.001003 (VIOLATED)
fanout75/Z                              0.200000    0.200669   -0.000669 (VIOLATED)
_21552_/ZN                              0.200000    0.200373   -0.000373 (VIOLATED)
fanout135/Z                             0.200000    0.200135   -0.000135 (VIOLATED)
fanout1446/Z                            0.200000    0.200089   -0.000089 (VIOLATED)



===========================================================================
report_parasitic_annotation -report_unannotated
============================================================================
Found 492 unannotated drivers.
 clkload0/ZN
 clkload1/ZN
 clkload10/Z
 clkload100/ZN
 clkload101/ZN
 clkload102/Z
 clkload103/ZN
 clkload104/ZN
 clkload105/ZN
 clkload106/ZN
 clkload107/ZN
 clkload108/ZN
 clkload109/ZN
 clkload11/ZN
 clkload110/ZN
 clkload111/ZN
 clkload112/ZN
 clkload113/ZN
 clkload114/ZN
 clkload115/ZN
 clkload116/ZN
 clkload117/ZN
 clkload118/Z
 clkload119/Z
 clkload12/ZN
 clkload120/Z
 clkload121/Z
 clkload122/ZN
 clkload123/ZN
 clkload124/Z
 clkload125/Z
 clkload126/ZN
 clkload127/Z
 clkload128/Z
 clkload129/Z
 clkload13/ZN
 clkload130/ZN
 clkload131/ZN
 clkload132/ZN
 clkload133/ZN
 clkload134/Z
 clkload135/ZN
 clkload136/ZN
 clkload137/ZN
 clkload138/ZN
 clkload139/ZN
 clkload14/ZN
 clkload140/ZN
 clkload141/Z
 clkload142/Z
 clkload143/ZN
 clkload144/ZN
 clkload145/ZN
 clkload146/Z
 clkload147/ZN
 clkload148/ZN
 clkload149/Z
 clkload15/ZN
 clkload150/Z
 clkload151/ZN
 clkload152/Z
 clkload153/ZN
 clkload154/ZN
 clkload155/ZN
 clkload156/ZN
 clkload157/ZN
 clkload158/Z
 clkload159/Z
 clkload16/ZN
 clkload160/Z
 clkload161/Z
 clkload162/Z
 clkload163/Z
 clkload164/Z
 clkload165/Z
 clkload166/Z
 clkload167/Z
 clkload168/ZN
 clkload169/Z
 clkload17/ZN
 clkload170/Z
 clkload171/Z
 clkload172/Z
 clkload173/Z
 clkload174/Z
 clkload175/Z
 clkload176/ZN
 clkload177/ZN
 clkload178/ZN
 clkload179/ZN
 clkload18/ZN
 clkload180/ZN
 clkload181/Z
 clkload182/Z
 clkload183/Z
 clkload184/Z
 clkload185/Z
 clkload186/Z
 clkload187/Z
 clkload188/Z
 clkload189/Z
 clkload19/ZN
 clkload190/Z
 clkload191/ZN
 clkload192/ZN
 clkload193/ZN
 clkload194/ZN
 clkload195/Z
 clkload196/ZN
 clkload197/ZN
 clkload198/ZN
 clkload199/ZN
 clkload2/ZN
 clkload20/ZN
 clkload200/ZN
 clkload201/ZN
 clkload202/ZN
 clkload203/ZN
 clkload204/ZN
 clkload205/ZN
 clkload206/ZN
 clkload207/ZN
 clkload208/Z
 clkload209/Z
 clkload21/ZN
 clkload210/Z
 clkload211/Z
 clkload212/ZN
 clkload213/ZN
 clkload214/ZN
 clkload215/ZN
 clkload216/Z
 clkload217/ZN
 clkload218/Z
 clkload219/Z
 clkload22/ZN
 clkload220/ZN
 clkload221/Z
 clkload222/Z
 clkload223/Z
 clkload224/Z
 clkload225/Z
 clkload226/Z
 clkload227/Z
 clkload228/ZN
 clkload229/ZN
 clkload23/ZN
 clkload230/Z
 clkload231/Z
 clkload232/ZN
 clkload233/Z
 clkload234/ZN
 clkload235/Z
 clkload236/ZN
 clkload237/ZN
 clkload238/Z
 clkload239/ZN
 clkload24/ZN
 clkload240/ZN
 clkload241/ZN
 clkload242/ZN
 clkload243/Z
 clkload244/Z
 clkload245/Z
 clkload246/Z
 clkload247/Z
 clkload248/Z
 clkload249/ZN
 clkload25/Z
 clkload250/ZN
 clkload251/ZN
 clkload252/ZN
 clkload253/Z
 clkload254/Z
 clkload255/ZN
 clkload256/ZN
 clkload257/ZN
 clkload258/ZN
 clkload259/ZN
 clkload26/ZN
 clkload260/Z
 clkload261/Z
 clkload262/ZN
 clkload263/ZN
 clkload264/Z
 clkload265/Z
 clkload266/ZN
 clkload267/ZN
 clkload268/ZN
 clkload269/Z
 clkload27/ZN
 clkload270/ZN
 clkload271/ZN
 clkload272/ZN
 clkload273/ZN
 clkload274/Z
 clkload275/ZN
 clkload276/ZN
 clkload277/Z
 clkload278/Z
 clkload279/ZN
 clkload28/ZN
 clkload280/ZN
 clkload281/ZN
 clkload282/ZN
 clkload283/Z
 clkload284/ZN
 clkload285/ZN
 clkload286/Z
 clkload287/ZN
 clkload288/ZN
 clkload289/ZN
 clkload29/ZN
 clkload290/Z
 clkload291/Z
 clkload292/Z
 clkload293/Z
 clkload294/Z
 clkload295/ZN
 clkload296/Z
 clkload297/ZN
 clkload298/Z
 clkload299/Z
 clkload3/ZN
 clkload30/ZN
 clkload300/Z
 clkload301/Z
 clkload302/ZN
 clkload303/ZN
 clkload304/Z
 clkload305/Z
 clkload306/Z
 clkload307/Z
 clkload308/ZN
 clkload309/Z
 clkload31/ZN
 clkload310/Z
 clkload311/Z
 clkload312/Z
 clkload313/ZN
 clkload314/ZN
 clkload315/Z
 clkload316/ZN
 clkload317/Z
 clkload318/Z
 clkload319/Z
 clkload32/ZN
 clkload320/ZN
 clkload321/ZN
 clkload322/ZN
 clkload323/Z
 clkload324/ZN
 clkload325/ZN
 clkload326/ZN
 clkload327/ZN
 clkload328/Z
 clkload329/ZN
 clkload33/ZN
 clkload330/ZN
 clkload331/ZN
 clkload332/ZN
 clkload333/ZN
 clkload334/ZN
 clkload335/ZN
 clkload336/Z
 clkload337/Z
 clkload338/ZN
 clkload339/ZN
 clkload34/ZN
 clkload340/ZN
 clkload341/Z
 clkload342/ZN
 clkload343/ZN
 clkload344/Z
 clkload345/Z
 clkload346/Z
 clkload347/Z
 clkload348/Z
 clkload349/ZN
 clkload35/ZN
 clkload350/Z
 clkload351/ZN
 clkload352/Z
 clkload353/ZN
 clkload354/Z
 clkload355/Z
 clkload356/Z
 clkload357/ZN
 clkload358/Z
 clkload359/Z
 clkload36/ZN
 clkload360/ZN
 clkload361/ZN
 clkload362/ZN
 clkload363/ZN
 clkload364/ZN
 clkload365/ZN
 clkload366/Z
 clkload367/ZN
 clkload368/ZN
 clkload369/ZN
 clkload37/ZN
 clkload370/Z
 clkload371/ZN
 clkload372/ZN
 clkload373/ZN
 clkload374/Z
 clkload375/ZN
 clkload376/ZN
 clkload377/ZN
 clkload378/ZN
 clkload379/ZN
 clkload38/ZN
 clkload380/ZN
 clkload381/ZN
 clkload382/ZN
 clkload383/ZN
 clkload384/ZN
 clkload385/ZN
 clkload386/ZN
 clkload387/ZN
 clkload388/Z
 clkload389/ZN
 clkload39/ZN
 clkload390/ZN
 clkload391/ZN
 clkload392/Z
 clkload393/ZN
 clkload394/ZN
 clkload395/ZN
 clkload396/ZN
 clkload397/Z
 clkload398/ZN
 clkload399/ZN
 clkload4/ZN
 clkload40/ZN
 clkload400/ZN
 clkload401/ZN
 clkload402/ZN
 clkload403/ZN
 clkload404/ZN
 clkload405/ZN
 clkload406/ZN
 clkload407/Z
 clkload408/Z
 clkload409/Z
 clkload41/ZN
 clkload410/ZN
 clkload411/ZN
 clkload412/Z
 clkload413/Z
 clkload414/ZN
 clkload415/Z
 clkload416/Z
 clkload417/ZN
 clkload418/ZN
 clkload419/ZN
 clkload42/ZN
 clkload420/ZN
 clkload421/Z
 clkload422/Z
 clkload423/ZN
 clkload424/ZN
 clkload425/ZN
 clkload426/Z
 clkload427/ZN
 clkload428/ZN
 clkload429/ZN
 clkload43/ZN
 clkload430/Z
 clkload431/ZN
 clkload432/Z
 clkload433/ZN
 clkload434/ZN
 clkload435/ZN
 clkload436/Z
 clkload437/Z
 clkload438/Z
 clkload439/Z
 clkload44/ZN
 clkload440/ZN
 clkload441/ZN
 clkload442/Z
 clkload443/Z
 clkload444/Z
 clkload445/Z
 clkload446/ZN
 clkload447/ZN
 clkload448/Z
 clkload449/ZN
 clkload45/ZN
 clkload450/ZN
 clkload451/ZN
 clkload452/ZN
 clkload453/ZN
 clkload454/ZN
 clkload455/Z
 clkload456/ZN
 clkload457/ZN
 clkload458/ZN
 clkload459/ZN
 clkload46/ZN
 clkload460/ZN
 clkload461/ZN
 clkload462/ZN
 clkload463/ZN
 clkload464/ZN
 clkload465/Z
 clkload466/ZN
 clkload467/Z
 clkload468/Z
 clkload469/ZN
 clkload47/ZN
 clkload470/ZN
 clkload471/ZN
 clkload472/ZN
 clkload473/ZN
 clkload474/ZN
 clkload475/ZN
 clkload476/ZN
 clkload477/ZN
 clkload478/ZN
 clkload479/Z
 clkload48/ZN
 clkload480/Z
 clkload481/Z
 clkload482/Z
 clkload483/ZN
 clkload484/ZN
 clkload485/ZN
 clkload486/ZN
 clkload487/ZN
 clkload488/ZN
 clkload489/ZN
 clkload49/ZN
 clkload490/ZN
 clkload491/ZN
 clkload5/ZN
 clkload50/ZN
 clkload51/ZN
 clkload52/Z
 clkload53/Z
 clkload54/Z
 clkload55/ZN
 clkload56/ZN
 clkload57/ZN
 clkload58/ZN
 clkload59/ZN
 clkload6/Z
 clkload60/ZN
 clkload61/ZN
 clkload62/Z
 clkload63/ZN
 clkload64/ZN
 clkload65/Z
 clkload66/Z
 clkload67/ZN
 clkload68/ZN
 clkload69/ZN
 clkload7/ZN
 clkload70/ZN
 clkload71/ZN
 clkload72/ZN
 clkload73/ZN
 clkload74/Z
 clkload75/ZN
 clkload76/ZN
 clkload77/ZN
 clkload78/Z
 clkload79/Z
 clkload8/ZN
 clkload80/ZN
 clkload81/ZN
 clkload82/ZN
 clkload83/ZN
 clkload84/ZN
 clkload85/Z
 clkload86/ZN
 clkload87/ZN
 clkload88/Z
 clkload89/Z
 clkload9/ZN
 clkload90/ZN
 clkload91/ZN
 clkload92/ZN
 clkload93/ZN
 clkload94/ZN
 clkload95/ZN
 clkload96/ZN
 clkload97/Z
 clkload98/Z
 clkload99/ZN
Found 0 partially unannotated drivers.

===========================================================================
max slew violation count 8
max fanout violation count 27
max cap violation count 426
============================================================================

===========================================================================
check_setup -verbose -unconstrained_endpoints -multiple_clock -no_clock -no_input_delay -loops -generated_clocks
===========================================================================
