Clock: clk
Sources: clk 
Generated: no
Virtual: yes
Propagated: no
Period: 20.000000

===========================================================================
report_clock_properties
============================================================================
Clock                   Period          Waveform
----------------------------------------------------
clk                  20.000000    0.000000 10.000000

===========================================================================
report_clock_latency
============================================================================
Clock clk
rise -> rise
    min     max
0.000000 0.000000 source latency
2.237203         network latency _25435_/CLK
        2.687508 network latency _25970_/CLK
---------------
2.237203 2.687508 latency
        0.450305 skew

fall -> fall
    min     max
0.000000 0.000000 source latency
2.276169         network latency _25435_/CLK
        2.785815 network latency _25970_/CLK
---------------
2.276169 2.785815 latency
        0.509647 skew



===========================================================================
report_clock_min_period
============================================================================
clk period_min = 16.02 fmax = 62.42
