[WARNING ORD-0039] .openroad ignored with -python
[WARNING] Bterm VDD is declared as a 'POWER' pin. It will be ignored.
[WARNING] Bterm VSS is declared as a 'GROUND' pin. It will be ignored.
[INFO ODB-0388] unsupported LEF58_EOLENCLOSURE property for layer Via1 :"
  	EOLENCLOSURE 0.34 0.06 ;"
[INFO ODB-0388] unsupported LEF58_EOLENCLOSURE property for layer Via2 :" EOLENCLOSURE 0.34 0.06 ; "
[INFO ODB-0388] unsupported LEF58_EOLENCLOSURE property for layer Via3 :" EOLENCLOSURE 0.34 0.06 ; "
[INFO ODB-0388] unsupported LEF58_EOLENCLOSURE property for layer Via4 :" EOLENCLOSURE 0.34 0.06 ; "
[INFO ODB-0227] LEF file: /foss/pdks/gf180mcuD/libs.ref/gf180mcu_fd_sc_mcu7t5v0/techlef/gf180mcu_fd_sc_mcu7t5v0__nom.tlef, created 15 layers, 56 vias
[WARNING ODB-0220] WARNING (LEFPARS-2008): NOWIREEXTENSIONATPIN statement is obsolete in version 5.6 or later.
The NOWIREEXTENSIONATPIN statement will be ignored. See file /foss/pdks/gf180mcuD/libs.ref/gf180mcu_fd_sc_mcu7t5v0/lef/gf180mcu_fd_sc_mcu7t5v0.lef at line 2.

[INFO ODB-0227] LEF file: /foss/pdks/gf180mcuD/libs.ref/gf180mcu_fd_sc_mcu7t5v0/lef/gf180mcu_fd_sc_mcu7t5v0.lef, created 229 library cells
[INFO ODB-0127] Reading DEF file: /foss/designs/ascon/A68_A.def
[INFO ODB-0128] Design: A68_A
[INFO ODB-0130]     Created 27 pins.
[INFO ODB-0134] Finished DEF file: /foss/designs/ascon/A68_A.def
[INFO ODB-0388] unsupported LEF58_EOLENCLOSURE property for layer Via1 :"
  	EOLENCLOSURE 0.34 0.06 ;"
[INFO ODB-0388] unsupported LEF58_EOLENCLOSURE property for layer Via2 :" EOLENCLOSURE 0.34 0.06 ; "
[INFO ODB-0388] unsupported LEF58_EOLENCLOSURE property for layer Via3 :" EOLENCLOSURE 0.34 0.06 ; "
[INFO ODB-0388] unsupported LEF58_EOLENCLOSURE property for layer Via4 :" EOLENCLOSURE 0.34 0.06 ; "
[INFO ODB-0227] LEF file: /foss/pdks/gf180mcuD/libs.ref/gf180mcu_fd_sc_mcu7t5v0/techlef/gf180mcu_fd_sc_mcu7t5v0__nom.tlef, created 15 layers, 56 vias
[WARNING ODB-0220] WARNING (LEFPARS-2008): NOWIREEXTENSIONATPIN statement is obsolete in version 5.6 or later.
The NOWIREEXTENSIONATPIN statement will be ignored. See file /foss/pdks/gf180mcuD/libs.ref/gf180mcu_fd_sc_mcu7t5v0/lef/gf180mcu_fd_sc_mcu7t5v0.lef at line 2.

[INFO ODB-0227] LEF file: /foss/pdks/gf180mcuD/libs.ref/gf180mcu_fd_sc_mcu7t5v0/lef/gf180mcu_fd_sc_mcu7t5v0.lef, created 229 library cells
[INFO ODB-0127] Reading DEF file: /foss/designs/ascon/A68_A.def
[INFO ODB-0128] Design: A68_A
[INFO ODB-0130]     Created 27 pins.
[INFO ODB-0134] Finished DEF file: /foss/designs/ascon/A68_A.def
Using manufacturing grid: 10 Using dbu per mircons: 2000
Found 25 block terminals in existing database...
Found 27 template_bterms…
Wrote pin clk at layer Metal2 at (0, 217520, 2000, 218280, 'FIRM')...
Wrote pin clk_PD at layer Metal2 at (0, 338580, 2000, 339340, 'FIRM')...
Wrote pin clk_PU at layer Metal2 at (0, 347310, 2000, 348070, 'FIRM')...
Wrote pin cs_n at layer Metal2 at (0, 617520, 2000, 618280, 'FIRM')...
Wrote pin cs_n_PD at layer Metal2 at (0, 738580, 2000, 739340, 'FIRM')...
Wrote pin cs_n_PU at layer Metal2 at (0, 747310, 2000, 748070, 'FIRM')...
Wrote pin miso_CS at layer Metal2 at (0, 1352520, 2000, 1353280, 'FIRM')...
Wrote pin miso_IE at layer Metal2 at (0, 1336470, 2000, 1337230, 'FIRM')...
Wrote pin miso_IN at layer Metal2 at (0, 1217520, 2000, 1218280, 'FIRM')...
Wrote pin miso_OE at layer Metal2 at (0, 1218980, 2000, 1219740, 'FIRM')...
Wrote pin miso_OUT at layer Metal2 at (0, 1220440, 2000, 1221200, 'FIRM')...
Wrote pin miso_PD at layer Metal2 at (0, 1338580, 2000, 1339340, 'FIRM')...
Wrote pin miso_PDRV0 at layer Metal2 at (0, 1345020, 2000, 1345780, 'FIRM')...
Wrote pin miso_PDRV1 at layer Metal2 at (0, 1343600, 2000, 1344360, 'FIRM')...
Wrote pin miso_PU at layer Metal2 at (0, 1347310, 2000, 1348070, 'FIRM')...
Wrote pin miso_SL at layer Metal2 at (0, 1221900, 2000, 1222660, 'FIRM')...
Wrote pin mosi at layer Metal2 at (0, 1017520, 2000, 1018280, 'FIRM')...
Wrote pin mosi_PD at layer Metal2 at (0, 1138580, 2000, 1139340, 'FIRM')...
Wrote pin mosi_PU at layer Metal2 at (0, 1147310, 2000, 1148070, 'FIRM')...
Wrote pin rst at layer Metal2 at (0, 417520, 2000, 418280, 'FIRM')...
Wrote pin rst_PD at layer Metal2 at (0, 538580, 2000, 539340, 'FIRM')...
Wrote pin rst_PU at layer Metal2 at (0, 547310, 2000, 548070, 'FIRM')...
Wrote pin sclk at layer Metal2 at (0, 817520, 2000, 818280, 'FIRM')...
Wrote pin sclk_PD at layer Metal2 at (0, 938580, 2000, 939340, 'FIRM')...
Wrote pin sclk_PU at layer Metal2 at (0, 947310, 2000, 948070, 'FIRM')...
