[INFO PSM-0040] All shapes on net VDD are connected.
########## IR report #################
Net              : VDD
Corner           : nom_tt_025C_5v00
Supply voltage   : 5.00e+00 V
Worstcase voltage: 5.00e+00 V
Average voltage  : 5.00e+00 V
Average IR drop  : 2.68e-04 V
Worstcase IR drop: 1.02e-03 V
Percentage drop  : 0.02 %
######################################
[INFO PSM-0040] All shapes on net VSS are connected.
########## IR report #################
Net              : VSS
Corner           : nom_tt_025C_5v00
Supply voltage   : 0.00e+00 V
Worstcase voltage: 1.06e-03 V
Average voltage  : 2.58e-04 V
Average IR drop  : 2.58e-04 V
Worstcase IR drop: 1.06e-03 V
Percentage drop  : 0.02 %
######################################
