                                                                       Cells by Function                                                                        
┏━━━━━━━━━━━━━━━━━━━━━━━━━━━━━━━━━━━━━━━━━━━━━━━━━━━━━━━━━━━━━━━━━━━━━━━━━━━━━━━━━━━━━━━━━━━━━━━━━━━━━━━━━━━━━━━━━━━━━━━━━━━━━━━━━━━┳━━━━━━━━━━━━━━━━━━━━━━━━━━┓
┃ Cell Function                                                                                                                     ┃ Count                    ┃
┡━━━━━━━━━━━━━━━━━━━━━━━━━━━━━━━━━━━━━━━━━━━━━━━━━━━━━━━━━━━━━━━━━━━━━━━━━━━━━━━━━━━━━━━━━━━━━━━━━━━━━━━━━━━━━━━━━━━━━━━━━━━━━━━━━━━╇━━━━━━━━━━━━━━━━━━━━━━━━━━┩
│ gf180mcu_fd_sc_mcu7t5v0__and2                                                                                                     │ 58                       │
│ gf180mcu_fd_sc_mcu7t5v0__and3                                                                                                     │ 7                        │
│ gf180mcu_fd_sc_mcu7t5v0__and4                                                                                                     │ 20                       │
│ gf180mcu_fd_sc_mcu7t5v0__aoi21                                                                                                    │ 546                      │
│ gf180mcu_fd_sc_mcu7t5v0__aoi211                                                                                                   │ 103                      │
│ gf180mcu_fd_sc_mcu7t5v0__aoi22                                                                                                    │ 1019                     │
│ gf180mcu_fd_sc_mcu7t5v0__aoi221                                                                                                   │ 397                      │
│ gf180mcu_fd_sc_mcu7t5v0__aoi222                                                                                                   │ 70                       │
│ gf180mcu_fd_sc_mcu7t5v0__buf                                                                                                      │ 993                      │
│ gf180mcu_fd_sc_mcu7t5v0__clkbuf                                                                                                   │ 1636                     │
│ gf180mcu_fd_sc_mcu7t5v0__clkinv                                                                                                   │ 1146                     │
│ gf180mcu_fd_sc_mcu7t5v0__dffq                                                                                                     │ 2048                     │
│ gf180mcu_fd_sc_mcu7t5v0__dffrnq                                                                                                   │ 753                      │
│ gf180mcu_fd_sc_mcu7t5v0__dffsnq                                                                                                   │ 5                        │
│ gf180mcu_fd_sc_mcu7t5v0__dlyc                                                                                                     │ 2                        │
│ gf180mcu_fd_sc_mcu7t5v0__fill                                                                                                     │ 10099                    │
│ gf180mcu_fd_sc_mcu7t5v0__fillcap                                                                                                  │ 6857                     │
│ gf180mcu_fd_sc_mcu7t5v0__inv                                                                                                      │ 317                      │
│ gf180mcu_fd_sc_mcu7t5v0__mux2                                                                                                     │ 270                      │
│ gf180mcu_fd_sc_mcu7t5v0__nand2                                                                                                    │ 2988                     │
│ gf180mcu_fd_sc_mcu7t5v0__nand3                                                                                                    │ 508                      │
│ gf180mcu_fd_sc_mcu7t5v0__nand4                                                                                                    │ 152                      │
│ gf180mcu_fd_sc_mcu7t5v0__nor2                                                                                                     │ 511                      │
│ gf180mcu_fd_sc_mcu7t5v0__nor3                                                                                                     │ 142                      │
│ gf180mcu_fd_sc_mcu7t5v0__nor4                                                                                                     │ 73                       │
│ gf180mcu_fd_sc_mcu7t5v0__oai21                                                                                                    │ 2630                     │
│ gf180mcu_fd_sc_mcu7t5v0__oai211                                                                                                   │ 358                      │
│ gf180mcu_fd_sc_mcu7t5v0__oai22                                                                                                    │ 161                      │
│ gf180mcu_fd_sc_mcu7t5v0__oai221                                                                                                   │ 124                      │
│ gf180mcu_fd_sc_mcu7t5v0__oai222                                                                                                   │ 12                       │
│ gf180mcu_fd_sc_mcu7t5v0__oai31                                                                                                    │ 34                       │
│ gf180mcu_fd_sc_mcu7t5v0__oai32                                                                                                    │ 29                       │
│ gf180mcu_fd_sc_mcu7t5v0__oai33                                                                                                    │ 1                        │
│ gf180mcu_fd_sc_mcu7t5v0__or2                                                                                                      │ 52                       │
│ gf180mcu_fd_sc_mcu7t5v0__or3                                                                                                      │ 18                       │
│ gf180mcu_fd_sc_mcu7t5v0__or4                                                                                                      │ 11                       │
│ gf180mcu_fd_sc_mcu7t5v0__xnor2                                                                                                    │ 186                      │
│ gf180mcu_fd_sc_mcu7t5v0__xnor3                                                                                                    │ 96                       │
│ gf180mcu_fd_sc_mcu7t5v0__xor2                                                                                                     │ 602                      │
│ gf180mcu_fd_sc_mcu7t5v0__xor3                                                                                                     │ 232                      │
└───────────────────────────────────────────────────────────────────────────────────────────────────────────────────────────────────┴──────────────────────────┘
