[WARNING ORD-0039] .openroad ignored with -python
                                Cells by Master                                 
┏━━━━━━━━━━━━━━━━━━━━━━━━━━━━━━━━━━━━━━━━━━━━━━━━━━━━━━━━━━━━━━━━━┳━━━━━━━━━━━━┓
┃ Cell                                                            ┃ Count      ┃
┡━━━━━━━━━━━━━━━━━━━━━━━━━━━━━━━━━━━━━━━━━━━━━━━━━━━━━━━━━━━━━━━━━╇━━━━━━━━━━━━┩
│ gf180mcu_fd_sc_mcu7t5v0__and2_1                                 │ 46         │
│ gf180mcu_fd_sc_mcu7t5v0__and2_2                                 │ 8          │
│ gf180mcu_fd_sc_mcu7t5v0__and2_4                                 │ 4          │
│ gf180mcu_fd_sc_mcu7t5v0__and3_1                                 │ 5          │
│ gf180mcu_fd_sc_mcu7t5v0__and3_4                                 │ 2          │
│ gf180mcu_fd_sc_mcu7t5v0__and4_1                                 │ 19         │
│ gf180mcu_fd_sc_mcu7t5v0__and4_2                                 │ 1          │
│ gf180mcu_fd_sc_mcu7t5v0__antenna                                │ 1          │
│ gf180mcu_fd_sc_mcu7t5v0__aoi211_1                               │ 55         │
│ gf180mcu_fd_sc_mcu7t5v0__aoi211_2                               │ 32         │
│ gf180mcu_fd_sc_mcu7t5v0__aoi211_4                               │ 16         │
│ gf180mcu_fd_sc_mcu7t5v0__aoi21_1                                │ 458        │
│ gf180mcu_fd_sc_mcu7t5v0__aoi21_2                                │ 60         │
│ gf180mcu_fd_sc_mcu7t5v0__aoi21_4                                │ 28         │
│ gf180mcu_fd_sc_mcu7t5v0__aoi221_1                               │ 153        │
│ gf180mcu_fd_sc_mcu7t5v0__aoi221_2                               │ 95         │
│ gf180mcu_fd_sc_mcu7t5v0__aoi221_4                               │ 149        │
│ gf180mcu_fd_sc_mcu7t5v0__aoi222_1                               │ 13         │
│ gf180mcu_fd_sc_mcu7t5v0__aoi222_2                               │ 48         │
│ gf180mcu_fd_sc_mcu7t5v0__aoi222_4                               │ 9          │
│ gf180mcu_fd_sc_mcu7t5v0__aoi22_1                                │ 941        │
│ gf180mcu_fd_sc_mcu7t5v0__aoi22_2                                │ 34         │
│ gf180mcu_fd_sc_mcu7t5v0__aoi22_4                                │ 44         │
│ gf180mcu_fd_sc_mcu7t5v0__buf_1                                  │ 39         │
│ gf180mcu_fd_sc_mcu7t5v0__buf_2                                  │ 686        │
│ gf180mcu_fd_sc_mcu7t5v0__buf_3                                  │ 9          │
│ gf180mcu_fd_sc_mcu7t5v0__buf_4                                  │ 248        │
│ gf180mcu_fd_sc_mcu7t5v0__buf_8                                  │ 11         │
│ gf180mcu_fd_sc_mcu7t5v0__clkbuf_1                               │ 5          │
│ gf180mcu_fd_sc_mcu7t5v0__clkbuf_16                              │ 1          │
│ gf180mcu_fd_sc_mcu7t5v0__clkbuf_2                               │ 172        │
│ gf180mcu_fd_sc_mcu7t5v0__clkbuf_3                               │ 352        │
│ gf180mcu_fd_sc_mcu7t5v0__clkbuf_4                               │ 382        │
│ gf180mcu_fd_sc_mcu7t5v0__clkbuf_8                               │ 724        │
│ gf180mcu_fd_sc_mcu7t5v0__clkinv_1                               │ 1026       │
│ gf180mcu_fd_sc_mcu7t5v0__clkinv_12                              │ 7          │
│ gf180mcu_fd_sc_mcu7t5v0__clkinv_16                              │ 2          │
│ gf180mcu_fd_sc_mcu7t5v0__clkinv_2                               │ 59         │
│ gf180mcu_fd_sc_mcu7t5v0__clkinv_3                               │ 8          │
│ gf180mcu_fd_sc_mcu7t5v0__clkinv_4                               │ 27         │
│ gf180mcu_fd_sc_mcu7t5v0__clkinv_8                               │ 17         │
│ gf180mcu_fd_sc_mcu7t5v0__dffq_1                                 │ 2048       │
│ gf180mcu_fd_sc_mcu7t5v0__dffrnq_1                               │ 593        │
│ gf180mcu_fd_sc_mcu7t5v0__dffrnq_2                               │ 151        │
│ gf180mcu_fd_sc_mcu7t5v0__dffrnq_4                               │ 9          │
│ gf180mcu_fd_sc_mcu7t5v0__dffsnq_1                               │ 3          │
│ gf180mcu_fd_sc_mcu7t5v0__dffsnq_2                               │ 2          │
│ gf180mcu_fd_sc_mcu7t5v0__dlyc_1                                 │ 2          │
│ gf180mcu_fd_sc_mcu7t5v0__endcap                                 │ 460        │
│ gf180mcu_fd_sc_mcu7t5v0__fill_1                                 │ 5257       │
│ gf180mcu_fd_sc_mcu7t5v0__fill_2                                 │ 4842       │
│ gf180mcu_fd_sc_mcu7t5v0__fillcap_16                             │ 570        │
│ gf180mcu_fd_sc_mcu7t5v0__fillcap_32                             │ 383        │
│ gf180mcu_fd_sc_mcu7t5v0__fillcap_4                              │ 3626       │
│ gf180mcu_fd_sc_mcu7t5v0__fillcap_64                             │ 738        │
│ gf180mcu_fd_sc_mcu7t5v0__fillcap_8                              │ 1540       │
│ gf180mcu_fd_sc_mcu7t5v0__filltie                                │ 5338       │
│ gf180mcu_fd_sc_mcu7t5v0__inv_1                                  │ 80         │
│ gf180mcu_fd_sc_mcu7t5v0__inv_12                                 │ 7          │
│ gf180mcu_fd_sc_mcu7t5v0__inv_16                                 │ 1          │
│ gf180mcu_fd_sc_mcu7t5v0__inv_2                                  │ 101        │
│ gf180mcu_fd_sc_mcu7t5v0__inv_20                                 │ 1          │
│ gf180mcu_fd_sc_mcu7t5v0__inv_3                                  │ 75         │
│ gf180mcu_fd_sc_mcu7t5v0__inv_4                                  │ 44         │
│ gf180mcu_fd_sc_mcu7t5v0__inv_8                                  │ 8          │
│ gf180mcu_fd_sc_mcu7t5v0__mux2_2                                 │ 269        │
│ gf180mcu_fd_sc_mcu7t5v0__mux2_4                                 │ 1          │
│ gf180mcu_fd_sc_mcu7t5v0__nand2_1                                │ 2898       │
│ gf180mcu_fd_sc_mcu7t5v0__nand2_2                                │ 48         │
│ gf180mcu_fd_sc_mcu7t5v0__nand2_4                                │ 42         │
│ gf180mcu_fd_sc_mcu7t5v0__nand3_1                                │ 411        │
│ gf180mcu_fd_sc_mcu7t5v0__nand3_2                                │ 83         │
│ gf180mcu_fd_sc_mcu7t5v0__nand3_4                                │ 14         │
│ gf180mcu_fd_sc_mcu7t5v0__nand4_1                                │ 23         │
│ gf180mcu_fd_sc_mcu7t5v0__nand4_2                                │ 80         │
│ gf180mcu_fd_sc_mcu7t5v0__nand4_4                                │ 49         │
│ gf180mcu_fd_sc_mcu7t5v0__nor2_1                                 │ 365        │
│ gf180mcu_fd_sc_mcu7t5v0__nor2_2                                 │ 70         │
│ gf180mcu_fd_sc_mcu7t5v0__nor2_4                                 │ 76         │
│ gf180mcu_fd_sc_mcu7t5v0__nor3_1                                 │ 100        │
│ gf180mcu_fd_sc_mcu7t5v0__nor3_2                                 │ 17         │
│ gf180mcu_fd_sc_mcu7t5v0__nor3_4                                 │ 25         │
│ gf180mcu_fd_sc_mcu7t5v0__nor4_1                                 │ 5          │
│ gf180mcu_fd_sc_mcu7t5v0__nor4_2                                 │ 20         │
│ gf180mcu_fd_sc_mcu7t5v0__nor4_4                                 │ 48         │
│ gf180mcu_fd_sc_mcu7t5v0__oai211_1                               │ 318        │
│ gf180mcu_fd_sc_mcu7t5v0__oai211_2                               │ 35         │
│ gf180mcu_fd_sc_mcu7t5v0__oai211_4                               │ 5          │
│ gf180mcu_fd_sc_mcu7t5v0__oai21_1                                │ 2513       │
│ gf180mcu_fd_sc_mcu7t5v0__oai21_2                                │ 74         │
│ gf180mcu_fd_sc_mcu7t5v0__oai21_4                                │ 43         │
│ gf180mcu_fd_sc_mcu7t5v0__oai221_1                               │ 105        │
│ gf180mcu_fd_sc_mcu7t5v0__oai221_2                               │ 10         │
│ gf180mcu_fd_sc_mcu7t5v0__oai221_4                               │ 9          │
│ gf180mcu_fd_sc_mcu7t5v0__oai222_1                               │ 10         │
│ gf180mcu_fd_sc_mcu7t5v0__oai222_2                               │ 1          │
│ gf180mcu_fd_sc_mcu7t5v0__oai222_4                               │ 1          │
│ gf180mcu_fd_sc_mcu7t5v0__oai22_1                                │ 140        │
│ gf180mcu_fd_sc_mcu7t5v0__oai22_2                                │ 10         │
│ gf180mcu_fd_sc_mcu7t5v0__oai22_4                                │ 11         │
│ gf180mcu_fd_sc_mcu7t5v0__oai31_1                                │ 26         │
│ gf180mcu_fd_sc_mcu7t5v0__oai31_2                                │ 6          │
│ gf180mcu_fd_sc_mcu7t5v0__oai31_4                                │ 2          │
│ gf180mcu_fd_sc_mcu7t5v0__oai32_1                                │ 26         │
│ gf180mcu_fd_sc_mcu7t5v0__oai32_2                                │ 3          │
│ gf180mcu_fd_sc_mcu7t5v0__oai33_1                                │ 1          │
│ gf180mcu_fd_sc_mcu7t5v0__or2_1                                  │ 45         │
│ gf180mcu_fd_sc_mcu7t5v0__or2_2                                  │ 4          │
│ gf180mcu_fd_sc_mcu7t5v0__or2_4                                  │ 3          │
│ gf180mcu_fd_sc_mcu7t5v0__or3_1                                  │ 16         │
│ gf180mcu_fd_sc_mcu7t5v0__or3_2                                  │ 2          │
│ gf180mcu_fd_sc_mcu7t5v0__or4_1                                  │ 8          │
│ gf180mcu_fd_sc_mcu7t5v0__or4_2                                  │ 1          │
│ gf180mcu_fd_sc_mcu7t5v0__or4_4                                  │ 2          │
│ gf180mcu_fd_sc_mcu7t5v0__xnor2_1                                │ 114        │
│ gf180mcu_fd_sc_mcu7t5v0__xnor2_2                                │ 71         │
│ gf180mcu_fd_sc_mcu7t5v0__xnor2_4                                │ 1          │
│ gf180mcu_fd_sc_mcu7t5v0__xnor3_1                                │ 95         │
│ gf180mcu_fd_sc_mcu7t5v0__xnor3_2                                │ 1          │
│ gf180mcu_fd_sc_mcu7t5v0__xor2_1                                 │ 436        │
│ gf180mcu_fd_sc_mcu7t5v0__xor2_2                                 │ 166        │
│ gf180mcu_fd_sc_mcu7t5v0__xor3_1                                 │ 214        │
│ gf180mcu_fd_sc_mcu7t5v0__xor3_2                                 │ 18         │
└─────────────────────────────────────────────────────────────────┴────────────┘
                               Cells by Function                                
┏━━━━━━━━━━━━━━━━━━━━━━━━━━━━━━━━━━━━━━━━━━━━━━━━━━━━━━━━━━━━━━━━┳━━━━━━━━━━━━━┓
┃ Cell Function                                                  ┃ Count       ┃
┡━━━━━━━━━━━━━━━━━━━━━━━━━━━━━━━━━━━━━━━━━━━━━━━━━━━━━━━━━━━━━━━━╇━━━━━━━━━━━━━┩
│ gf180mcu_fd_sc_mcu7t5v0__and2                                  │ 58          │
│ gf180mcu_fd_sc_mcu7t5v0__and3                                  │ 7           │
│ gf180mcu_fd_sc_mcu7t5v0__and4                                  │ 20          │
│ gf180mcu_fd_sc_mcu7t5v0__aoi21                                 │ 546         │
│ gf180mcu_fd_sc_mcu7t5v0__aoi211                                │ 103         │
│ gf180mcu_fd_sc_mcu7t5v0__aoi22                                 │ 1019        │
│ gf180mcu_fd_sc_mcu7t5v0__aoi221                                │ 397         │
│ gf180mcu_fd_sc_mcu7t5v0__aoi222                                │ 70          │
│ gf180mcu_fd_sc_mcu7t5v0__buf                                   │ 993         │
│ gf180mcu_fd_sc_mcu7t5v0__clkbuf                                │ 1636        │
│ gf180mcu_fd_sc_mcu7t5v0__clkinv                                │ 1146        │
│ gf180mcu_fd_sc_mcu7t5v0__dffq                                  │ 2048        │
│ gf180mcu_fd_sc_mcu7t5v0__dffrnq                                │ 753         │
│ gf180mcu_fd_sc_mcu7t5v0__dffsnq                                │ 5           │
│ gf180mcu_fd_sc_mcu7t5v0__dlyc                                  │ 2           │
│ gf180mcu_fd_sc_mcu7t5v0__fill                                  │ 10099       │
│ gf180mcu_fd_sc_mcu7t5v0__fillcap                               │ 6857        │
│ gf180mcu_fd_sc_mcu7t5v0__inv                                   │ 317         │
│ gf180mcu_fd_sc_mcu7t5v0__mux2                                  │ 270         │
│ gf180mcu_fd_sc_mcu7t5v0__nand2                                 │ 2988        │
│ gf180mcu_fd_sc_mcu7t5v0__nand3                                 │ 508         │
│ gf180mcu_fd_sc_mcu7t5v0__nand4                                 │ 152         │
│ gf180mcu_fd_sc_mcu7t5v0__nor2                                  │ 511         │
│ gf180mcu_fd_sc_mcu7t5v0__nor3                                  │ 142         │
│ gf180mcu_fd_sc_mcu7t5v0__nor4                                  │ 73          │
│ gf180mcu_fd_sc_mcu7t5v0__oai21                                 │ 2630        │
│ gf180mcu_fd_sc_mcu7t5v0__oai211                                │ 358         │
│ gf180mcu_fd_sc_mcu7t5v0__oai22                                 │ 161         │
│ gf180mcu_fd_sc_mcu7t5v0__oai221                                │ 124         │
│ gf180mcu_fd_sc_mcu7t5v0__oai222                                │ 12          │
│ gf180mcu_fd_sc_mcu7t5v0__oai31                                 │ 34          │
│ gf180mcu_fd_sc_mcu7t5v0__oai32                                 │ 29          │
│ gf180mcu_fd_sc_mcu7t5v0__oai33                                 │ 1           │
│ gf180mcu_fd_sc_mcu7t5v0__or2                                   │ 52          │
│ gf180mcu_fd_sc_mcu7t5v0__or3                                   │ 18          │
│ gf180mcu_fd_sc_mcu7t5v0__or4                                   │ 11          │
│ gf180mcu_fd_sc_mcu7t5v0__xnor2                                 │ 186         │
│ gf180mcu_fd_sc_mcu7t5v0__xnor3                                 │ 96          │
│ gf180mcu_fd_sc_mcu7t5v0__xor2                                  │ 602         │
│ gf180mcu_fd_sc_mcu7t5v0__xor3                                  │ 232         │
└────────────────────────────────────────────────────────────────┴─────────────┘
                                  Cells by SCL                                  
┏━━━━━━━━━━━━━━━━━━━━━━━━━━━━━━━━━━━━━━━━━━━━━━━━━━━━━━━━━━━━━┳━━━━━━━━━━━━━━━━┓
┃ SCL                                                         ┃ Count          ┃
┡━━━━━━━━━━━━━━━━━━━━━━━━━━━━━━━━━━━━━━━━━━━━━━━━━━━━━━━━━━━━━╇━━━━━━━━━━━━━━━━┩
│ gf180mcu_fd_sc_mcu7t5v0                                     │ 35266          │
└─────────────────────────────────────────────────────────────┴────────────────┘
                             Buffers by Cell Master                             
┏━━━━━━━━━━━━━━━━━━━━━━━━━━━━━━━━━━━━━━━━━━━━━━━━━━━━━━━━━━━━━━━━━┳━━━━━━━━━━━━┓
┃ Buffer                                                          ┃ Count      ┃
┡━━━━━━━━━━━━━━━━━━━━━━━━━━━━━━━━━━━━━━━━━━━━━━━━━━━━━━━━━━━━━━━━━╇━━━━━━━━━━━━┩
│ gf180mcu_fd_sc_mcu7t5v0__buf_1                                  │ 39         │
│ gf180mcu_fd_sc_mcu7t5v0__buf_2                                  │ 686        │
│ gf180mcu_fd_sc_mcu7t5v0__buf_3                                  │ 9          │
│ gf180mcu_fd_sc_mcu7t5v0__buf_4                                  │ 248        │
│ gf180mcu_fd_sc_mcu7t5v0__buf_8                                  │ 11         │
│ gf180mcu_fd_sc_mcu7t5v0__clkbuf_1                               │ 5          │
│ gf180mcu_fd_sc_mcu7t5v0__clkbuf_16                              │ 1          │
│ gf180mcu_fd_sc_mcu7t5v0__clkbuf_2                               │ 172        │
│ gf180mcu_fd_sc_mcu7t5v0__clkbuf_3                               │ 352        │
│ gf180mcu_fd_sc_mcu7t5v0__clkbuf_4                               │ 382        │
│ gf180mcu_fd_sc_mcu7t5v0__clkbuf_8                               │ 724        │
│ gf180mcu_fd_sc_mcu7t5v0__dlyc_1                                 │ 2          │
└─────────────────────────────────────────────────────────────────┴────────────┘
