
===========================================================================
report_checks -unconstrained
===========================================================================
======================= max_tt_025C_5v00 Corner ===================================

Startpoint: rst (input port clocked by clk)
Endpoint: _25162_ (recovery check against rising-edge clock clk)
Path Group: asynchronous
Path Type: max

Fanout         Cap        Slew       Delay        Time   Description
---------------------------------------------------------------------------------------------
                                  0.000000    0.000000   clock clk (rise edge)
                                  0.000000    0.000000   clock network delay (propagated)
                                  4.000000    4.000000 v input external delay
     1    0.004430    0.070063    0.027136    4.027136 v rst (in)
                                                         rst (net)
                      0.070063    0.000000    4.027136 v input3/I (gf180mcu_fd_sc_mcu7t5v0__clkbuf_1)
     1    0.011219    0.214566    0.257803    4.284939 v input3/Z (gf180mcu_fd_sc_mcu7t5v0__clkbuf_1)
                                                         net3 (net)
                      0.214566    0.000333    4.285272 v fanout1875/I (gf180mcu_fd_sc_mcu7t5v0__clkbuf_4)
     6    0.195555    0.822137    0.734198    5.019470 v fanout1875/Z (gf180mcu_fd_sc_mcu7t5v0__clkbuf_4)
                                                         net1875 (net)
                      0.822521    0.010162    5.029632 v fanout1820/I (gf180mcu_fd_sc_mcu7t5v0__buf_2)
     5    0.129707    0.645452    0.776362    5.805994 v fanout1820/Z (gf180mcu_fd_sc_mcu7t5v0__buf_2)
                                                         net1820 (net)
                      0.645612    0.005802    5.811796 v fanout1819/I (gf180mcu_fd_sc_mcu7t5v0__buf_2)
     5    0.107672    0.539972    0.669496    6.481292 v fanout1819/Z (gf180mcu_fd_sc_mcu7t5v0__buf_2)
                                                         net1819 (net)
                      0.540003    0.002326    6.483618 v fanout1814/I (gf180mcu_fd_sc_mcu7t5v0__clkbuf_3)
    10    0.100833    0.445495    0.586529    7.070147 v fanout1814/Z (gf180mcu_fd_sc_mcu7t5v0__clkbuf_3)
                                                         net1814 (net)
                      0.445499    0.000790    7.070937 v fanout1813/I (gf180mcu_fd_sc_mcu7t5v0__clkbuf_3)
    10    0.100229    0.442768    0.563936    7.634873 v fanout1813/Z (gf180mcu_fd_sc_mcu7t5v0__clkbuf_3)
                                                         net1813 (net)
                      0.442842    0.003220    7.638093 v fanout1812/I (gf180mcu_fd_sc_mcu7t5v0__buf_2)
    10    0.078001    0.401961    0.529214    8.167307 v fanout1812/Z (gf180mcu_fd_sc_mcu7t5v0__buf_2)
                                                         net1812 (net)
                      0.401977    0.001414    8.168721 v _24404_/I (gf180mcu_fd_sc_mcu7t5v0__clkinv_1)
     1    0.009319    0.246629    0.222326    8.391047 ^ _24404_/ZN (gf180mcu_fd_sc_mcu7t5v0__clkinv_1)
                                                         _00445_ (net)
                      0.246629    0.000196    8.391244 ^ _25162_/RN (gf180mcu_fd_sc_mcu7t5v0__dffrnq_1)
                                              8.391244   data arrival time

                                 20.000000   20.000000   clock clk (rise edge)
                                  0.000000   20.000000   clock source latency
     1    0.178911    0.734759    0.434529   20.434530 ^ clk (in)
                                                         clk (net)
                      0.740538    0.000000   20.434530 ^ clkbuf_0_clk/I (gf180mcu_fd_sc_mcu7t5v0__clkbuf_16)
     4    0.276041    0.322727    0.489981   20.924511 ^ clkbuf_0_clk/Z (gf180mcu_fd_sc_mcu7t5v0__clkbuf_16)
                                                         clknet_0_clk (net)
                      0.324242    0.015396   20.939907 ^ clkbuf_2_0_0_clk/I (gf180mcu_fd_sc_mcu7t5v0__clkbuf_8)
    16    0.496404    1.020557    0.817275   21.757181 ^ clkbuf_2_0_0_clk/Z (gf180mcu_fd_sc_mcu7t5v0__clkbuf_8)
                                                         clknet_2_0_0_clk (net)
                      1.023141    0.028850   21.786032 ^ clkbuf_6_10_0_clk/I (gf180mcu_fd_sc_mcu7t5v0__clkbuf_8)
    12    0.228636    0.497300    0.622311   22.408342 ^ clkbuf_6_10_0_clk/Z (gf180mcu_fd_sc_mcu7t5v0__clkbuf_8)
                                                         clknet_6_10_0_clk (net)
                      0.497555    0.005873   22.414215 ^ _25162_/CLK (gf180mcu_fd_sc_mcu7t5v0__dffrnq_1)
                                 -0.250000   22.164215   clock uncertainty
                                  0.000000   22.164215   clock reconvergence pessimism
                                  0.280266   22.444483   library recovery time
                                             22.444483   data required time
---------------------------------------------------------------------------------------------
                                             22.444483   data required time
                                             -8.391244   data arrival time
---------------------------------------------------------------------------------------------
                                             14.053239   slack (MET)


Startpoint: _25075_ (rising edge-triggered flip-flop clocked by clk)
Endpoint: _24856_ (rising edge-triggered flip-flop clocked by clk)
Path Group: clk
Path Type: max

Fanout         Cap        Slew       Delay        Time   Description
---------------------------------------------------------------------------------------------
                                  0.000000    0.000000   clock clk (rise edge)
                                  0.000000    0.000000   clock source latency
     1    0.178911    0.734759    0.434529    0.434529 ^ clk (in)
                                                         clk (net)
                      0.740538    0.000000    0.434529 ^ clkbuf_0_clk/I (gf180mcu_fd_sc_mcu7t5v0__clkbuf_16)
     4    0.276041    0.322727    0.489981    0.924510 ^ clkbuf_0_clk/Z (gf180mcu_fd_sc_mcu7t5v0__clkbuf_16)
                                                         clknet_0_clk (net)
                      0.323763    0.012602    0.937113 ^ clkbuf_2_1_0_clk/I (gf180mcu_fd_sc_mcu7t5v0__clkbuf_8)
    16    0.419899    0.871037    0.737114    1.674227 ^ clkbuf_2_1_0_clk/Z (gf180mcu_fd_sc_mcu7t5v0__clkbuf_8)
                                                         clknet_2_1_0_clk (net)
                      0.871451    0.010550    1.684776 ^ clkbuf_6_19_0_clk/I (gf180mcu_fd_sc_mcu7t5v0__clkbuf_8)
    10    0.204460    0.451111    0.578120    2.262896 ^ clkbuf_6_19_0_clk/Z (gf180mcu_fd_sc_mcu7t5v0__clkbuf_8)
                                                         clknet_6_19_0_clk (net)
                      0.451184    0.002912    2.265808 ^ clkbuf_leaf_48_clk/I (gf180mcu_fd_sc_mcu7t5v0__clkbuf_8)
     5    0.029925    0.127986    0.313233    2.579041 ^ clkbuf_leaf_48_clk/Z (gf180mcu_fd_sc_mcu7t5v0__clkbuf_8)
                                                         clknet_leaf_48_clk (net)
                      0.127986    0.000355    2.579397 ^ _25075_/CLK (gf180mcu_fd_sc_mcu7t5v0__dffrnq_1)
     1    0.016264    0.340582    0.998935    3.578332 ^ _25075_/Q (gf180mcu_fd_sc_mcu7t5v0__dffrnq_1)
                                                         pp_inst.core_inst.reg_fsm_i.data_q[1] (net)
                      0.340582    0.000442    3.578774 ^ fanout1750/I (gf180mcu_fd_sc_mcu7t5v0__buf_4)
     9    0.231816    0.959884    0.700276    4.279050 ^ fanout1750/Z (gf180mcu_fd_sc_mcu7t5v0__buf_4)
                                                         net1750 (net)
                      0.959950    0.004526    4.283576 ^ max_cap1746/I (gf180mcu_fd_sc_mcu7t5v0__buf_8)
     6    0.120533    0.285392    0.339132    4.622709 ^ max_cap1746/Z (gf180mcu_fd_sc_mcu7t5v0__buf_8)
                                                         net1746 (net)
                      0.285437    0.005306    4.628014 ^ fanout1744/I (gf180mcu_fd_sc_mcu7t5v0__buf_8)
    10    0.192033    0.417890    0.382578    5.010592 ^ fanout1744/Z (gf180mcu_fd_sc_mcu7t5v0__buf_8)
                                                         net1744 (net)
                      0.418393    0.007359    5.017950 ^ _13267_/A1 (gf180mcu_fd_sc_mcu7t5v0__nor3_4)
     3    0.046405    0.381949    0.241400    5.259350 v _13267_/ZN (gf180mcu_fd_sc_mcu7t5v0__nor3_4)
                                                         _09883_ (net)
                      0.381949    0.000376    5.259726 v _13280_/A1 (gf180mcu_fd_sc_mcu7t5v0__aoi21_4)
     2    0.130940    1.166368    0.730197    5.989923 ^ _13280_/ZN (gf180mcu_fd_sc_mcu7t5v0__aoi21_4)
                                                         _09896_ (net)
                      1.166378    0.005216    5.995139 ^ fanout1553/I (gf180mcu_fd_sc_mcu7t5v0__buf_8)
    10    0.293099    0.617851    0.525224    6.520363 ^ fanout1553/Z (gf180mcu_fd_sc_mcu7t5v0__buf_8)
                                                         net1553 (net)
                      0.617867    0.001559    6.521922 ^ _13286_/A1 (gf180mcu_fd_sc_mcu7t5v0__nand2_2)
     2    0.140900    1.061647    0.759901    7.281822 v _13286_/ZN (gf180mcu_fd_sc_mcu7t5v0__nand2_2)
                                                         _09902_ (net)
                      1.062004    0.011010    7.292832 v fanout1428/I (gf180mcu_fd_sc_mcu7t5v0__buf_2)
     5    0.137160    0.678585    0.847262    8.140094 v fanout1428/Z (gf180mcu_fd_sc_mcu7t5v0__buf_2)
                                                         net1428 (net)
                      0.679612    0.015092    8.155186 v fanout1425/I (gf180mcu_fd_sc_mcu7t5v0__buf_4)
    10    0.207432    0.518174    0.644954    8.800140 v fanout1425/Z (gf180mcu_fd_sc_mcu7t5v0__buf_4)
                                                         net1425 (net)
                      0.518742    0.009777    8.809917 v _13308_/A3 (gf180mcu_fd_sc_mcu7t5v0__nor3_2)
     1    0.020392    0.671282    0.493905    9.303823 ^ _13308_/ZN (gf180mcu_fd_sc_mcu7t5v0__nor3_2)
                                                         _09924_ (net)
                      0.671282    0.000241    9.304064 ^ fanout1325/I (gf180mcu_fd_sc_mcu7t5v0__buf_8)
     3    0.105391    0.251054    0.311817    9.615881 ^ fanout1325/Z (gf180mcu_fd_sc_mcu7t5v0__buf_8)
                                                         net1325 (net)
                      0.251063    0.002161    9.618042 ^ max_cap1326/I (gf180mcu_fd_sc_mcu7t5v0__buf_8)
     8    0.252560    0.534363    0.440887   10.058929 ^ max_cap1326/Z (gf180mcu_fd_sc_mcu7t5v0__buf_8)
                                                         net1326 (net)
                      0.538780    0.027738   10.086667 ^ fanout1324/I (gf180mcu_fd_sc_mcu7t5v0__clkbuf_8)
    10    0.283772    0.594871    0.609469   10.696136 ^ fanout1324/Z (gf180mcu_fd_sc_mcu7t5v0__clkbuf_8)
                                                         net1324 (net)
                      0.597903    0.022981   10.719116 ^ _14427_/B1 (gf180mcu_fd_sc_mcu7t5v0__aoi22_1)
     1    0.010372    0.407988    0.302418   11.021534 v _14427_/ZN (gf180mcu_fd_sc_mcu7t5v0__aoi22_1)
                                                         _11016_ (net)
                      0.407988    0.000106   11.021640 v _14428_/A2 (gf180mcu_fd_sc_mcu7t5v0__nand2_2)
     6    0.070763    0.704168    0.531675   11.553315 ^ _14428_/ZN (gf180mcu_fd_sc_mcu7t5v0__nand2_2)
                                                         _11017_ (net)
                      0.704179    0.004369   11.557684 ^ _14430_/A2 (gf180mcu_fd_sc_mcu7t5v0__xor2_1)
     2    0.024058    0.464414    0.329714   11.887398 v _14430_/Z (gf180mcu_fd_sc_mcu7t5v0__xor2_1)
                                                         _11019_ (net)
                      0.464414    0.000537   11.887936 v _14431_/A2 (gf180mcu_fd_sc_mcu7t5v0__aoi21_2)
     2    0.029279    0.628798    0.481833   12.369769 ^ _14431_/ZN (gf180mcu_fd_sc_mcu7t5v0__aoi21_2)
                                                         _11020_ (net)
                      0.628798    0.000244   12.370013 ^ _16955_/B1 (gf180mcu_fd_sc_mcu7t5v0__aoi22_2)
     1    0.076208    1.052228    0.561602   12.931615 v _16955_/ZN (gf180mcu_fd_sc_mcu7t5v0__aoi22_2)
                                                         _04357_ (net)
                      1.052239    0.005481   12.937097 v fanout374/I (gf180mcu_fd_sc_mcu7t5v0__clkbuf_2)
     5    0.066097    0.545016    0.726449   13.663546 v fanout374/Z (gf180mcu_fd_sc_mcu7t5v0__clkbuf_2)
                                                         net374 (net)
                      0.545114    0.004130   13.667675 v fanout373/I (gf180mcu_fd_sc_mcu7t5v0__clkbuf_2)
     5    0.057137    0.473094    0.589169   14.256845 v fanout373/Z (gf180mcu_fd_sc_mcu7t5v0__clkbuf_2)
                                                         net373 (net)
                      0.473106    0.001350   14.258194 v fanout372/I (gf180mcu_fd_sc_mcu7t5v0__buf_2)
     7    0.069297    0.361925    0.511174   14.769368 v fanout372/Z (gf180mcu_fd_sc_mcu7t5v0__buf_2)
                                                         net372 (net)
                      0.362106    0.004604   14.773973 v fanout370/I (gf180mcu_fd_sc_mcu7t5v0__clkbuf_3)
    10    0.095033    0.423252    0.533010   15.306983 v fanout370/Z (gf180mcu_fd_sc_mcu7t5v0__clkbuf_3)
                                                         net370 (net)
                      0.423277    0.001837   15.308820 v _16997_/A2 (gf180mcu_fd_sc_mcu7t5v0__oai22_4)
     2    0.099298    1.224815    0.682970   15.991790 ^ _16997_/ZN (gf180mcu_fd_sc_mcu7t5v0__oai22_4)
                                                         _04399_ (net)
                      1.224831    0.007109   15.998899 ^ _17300_/A1 (gf180mcu_fd_sc_mcu7t5v0__nand2_1)
     1    0.005918    0.351563    0.170070   16.168968 v _17300_/ZN (gf180mcu_fd_sc_mcu7t5v0__nand2_1)
                                                         _04651_ (net)
                      0.351563    0.000117   16.169086 v _17304_/C (gf180mcu_fd_sc_mcu7t5v0__oai211_1)
     1    0.007163    0.470365    0.365322   16.534409 ^ _17304_/ZN (gf180mcu_fd_sc_mcu7t5v0__oai211_1)
                                                         _00063_ (net)
                      0.470365    0.000169   16.534576 ^ _24856_/D (gf180mcu_fd_sc_mcu7t5v0__dffrnq_1)
                                             16.534576   data arrival time

                                 20.000000   20.000000   clock clk (rise edge)
                                  0.000000   20.000000   clock source latency
     1    0.178911    0.734759    0.434529   20.434530 ^ clk (in)
                                                         clk (net)
                      0.740538    0.000000   20.434530 ^ clkbuf_0_clk/I (gf180mcu_fd_sc_mcu7t5v0__clkbuf_16)
     4    0.276041    0.322727    0.489981   20.924511 ^ clkbuf_0_clk/Z (gf180mcu_fd_sc_mcu7t5v0__clkbuf_16)
                                                         clknet_0_clk (net)
                      0.323763    0.012601   20.937113 ^ clkbuf_2_1_0_clk/I (gf180mcu_fd_sc_mcu7t5v0__clkbuf_8)
    16    0.419899    0.871037    0.737115   21.674227 ^ clkbuf_2_1_0_clk/Z (gf180mcu_fd_sc_mcu7t5v0__clkbuf_8)
                                                         clknet_2_1_0_clk (net)
                      0.872220    0.017886   21.692114 ^ clkbuf_6_22_0_clk/I (gf180mcu_fd_sc_mcu7t5v0__clkbuf_8)
     8    0.189810    0.421414    0.560016   22.252131 ^ clkbuf_6_22_0_clk/Z (gf180mcu_fd_sc_mcu7t5v0__clkbuf_8)
                                                         clknet_6_22_0_clk (net)
                      0.421651    0.005459   22.257589 ^ clkbuf_leaf_115_clk/I (gf180mcu_fd_sc_mcu7t5v0__clkbuf_8)
     6    0.034193    0.134089    0.314131   22.571720 ^ clkbuf_leaf_115_clk/Z (gf180mcu_fd_sc_mcu7t5v0__clkbuf_8)
                                                         clknet_leaf_115_clk (net)
                      0.134089    0.000297   22.572016 ^ _24856_/CLK (gf180mcu_fd_sc_mcu7t5v0__dffrnq_1)
                                 -0.250000   22.322018   clock uncertainty
                                  0.000000   22.322018   clock reconvergence pessimism
                                 -0.358021   21.963995   library setup time
                                             21.963995   data required time
---------------------------------------------------------------------------------------------
                                             21.963995   data required time
                                            -16.534576   data arrival time
---------------------------------------------------------------------------------------------
                                              5.429419   slack (MET)




===========================================================================
report_checks --slack_max -0.01
============================================================================
======================= max_tt_025C_5v00 Corner ===================================

No paths found.


===========================================================================
 report_check_types -max_slew -max_cap -max_fanout -violators
============================================================================
======================= max_tt_025C_5v00 Corner ===================================

max fanout

Pin                                   Limit Fanout  Slack
---------------------------------------------------------
clkbuf_6_37_0_clk/Z                      10     18     -8 (VIOLATED)
clkbuf_6_48_0_clk/Z                      10     17     -7 (VIOLATED)
clkbuf_6_49_0_clk/Z                      10     17     -7 (VIOLATED)
clkbuf_6_52_0_clk/Z                      10     17     -7 (VIOLATED)
clkbuf_6_53_0_clk/Z                      10     17     -7 (VIOLATED)
clkbuf_2_0_0_clk/Z                       10     16     -6 (VIOLATED)
clkbuf_2_1_0_clk/Z                       10     16     -6 (VIOLATED)
clkbuf_2_2_0_clk/Z                       10     16     -6 (VIOLATED)
clkbuf_2_3_0_clk/Z                       10     16     -6 (VIOLATED)
clkbuf_6_50_0_clk/Z                      10     16     -6 (VIOLATED)
clkbuf_6_58_0_clk/Z                      10     16     -6 (VIOLATED)
clkbuf_6_44_0_clk/Z                      10     15     -5 (VIOLATED)
clkbuf_6_47_0_clk/Z                      10     15     -5 (VIOLATED)
clkbuf_6_63_0_clk/Z                      10     15     -5 (VIOLATED)
clkbuf_6_15_0_clk/Z                      10     14     -4 (VIOLATED)
clkbuf_6_51_0_clk/Z                      10     14     -4 (VIOLATED)
clkbuf_6_54_0_clk/Z                      10     14     -4 (VIOLATED)
clkbuf_6_56_0_clk/Z                      10     14     -4 (VIOLATED)
clkbuf_6_61_0_clk/Z                      10     14     -4 (VIOLATED)
clkbuf_6_27_0_clk/Z                      10     13     -3 (VIOLATED)
clkbuf_6_28_0_clk/Z                      10     13     -3 (VIOLATED)
clkbuf_6_31_0_clk/Z                      10     13     -3 (VIOLATED)
clkbuf_6_32_0_clk/Z                      10     13     -3 (VIOLATED)
clkbuf_6_36_0_clk/Z                      10     13     -3 (VIOLATED)
clkbuf_6_46_0_clk/Z                      10     13     -3 (VIOLATED)
clkbuf_6_5_0_clk/Z                       10     13     -3 (VIOLATED)
clkbuf_6_62_0_clk/Z                      10     13     -3 (VIOLATED)
clkbuf_6_10_0_clk/Z                      10     12     -2 (VIOLATED)
clkbuf_6_4_0_clk/Z                       10     12     -2 (VIOLATED)
clkbuf_6_55_0_clk/Z                      10     12     -2 (VIOLATED)
clkbuf_6_59_0_clk/Z                      10     12     -2 (VIOLATED)
clkbuf_6_60_0_clk/Z                      10     12     -2 (VIOLATED)
clkbuf_6_13_0_clk/Z                      10     11        (VIOLATED)
clkbuf_6_14_0_clk/Z                      10     11        (VIOLATED)
clkbuf_6_16_0_clk/Z                      10     11        (VIOLATED)
clkbuf_6_39_0_clk/Z                      10     11        (VIOLATED)
clkbuf_6_45_0_clk/Z                      10     11        (VIOLATED)
clkbuf_6_57_0_clk/Z                      10     11        (VIOLATED)
fanout1072/Z                             10     11        (VIOLATED)
fanout1300/Z                             10     11        (VIOLATED)

max capacitance

Pin                                        Limit         Cap       Slack
------------------------------------------------------------------------
clkbuf_2_0_0_clk/Z                      0.200000    0.496404   -0.296404 (VIOLATED)
clkbuf_2_3_0_clk/Z                      0.200000    0.474722   -0.274722 (VIOLATED)
clkbuf_2_2_0_clk/Z                      0.200000    0.450569   -0.250569 (VIOLATED)
clkbuf_2_1_0_clk/Z                      0.200000    0.419899   -0.219899 (VIOLATED)
fanout1143/Z                            0.200000    0.410594   -0.210594 (VIOLATED)
fanout340/Z                             0.200000    0.407944   -0.207944 (VIOLATED)
fanout739/Z                             0.200000    0.407373   -0.207373 (VIOLATED)
fanout1189/Z                            0.200000    0.391701   -0.191701 (VIOLATED)
fanout1101/Z                            0.200000    0.391032   -0.191032 (VIOLATED)
fanout1259/Z                            0.200000    0.386366   -0.186366 (VIOLATED)
fanout1255/Z                            0.200000    0.383000   -0.183000 (VIOLATED)
fanout1097/Z                            0.200000    0.379957   -0.179957 (VIOLATED)
fanout1068/Z                            0.200000    0.378333   -0.178333 (VIOLATED)
fanout1138/Z                            0.200000    0.376719   -0.176719 (VIOLATED)
fanout607/Z                             0.200000    0.375056   -0.175056 (VIOLATED)
fanout1168/Z                            0.200000    0.374874   -0.174874 (VIOLATED)
fanout174/Z                             0.200000    0.373181   -0.173181 (VIOLATED)
fanout712/Z                             0.200000    0.365585   -0.165585 (VIOLATED)
fanout1152/Z                            0.200000    0.365443   -0.165443 (VIOLATED)
fanout1197/Z                            0.200000    0.358846   -0.158846 (VIOLATED)
fanout1271/Z                            0.200000    0.358706   -0.158706 (VIOLATED)
fanout1296/Z                            0.200000    0.357774   -0.157774 (VIOLATED)
fanout1177/Z                            0.200000    0.357621   -0.157621 (VIOLATED)
fanout1351/Z                            0.200000    0.356929   -0.156929 (VIOLATED)
fanout1091/Z                            0.200000    0.355050   -0.155050 (VIOLATED)
fanout1086/Z                            0.200000    0.354309   -0.154309 (VIOLATED)
fanout1181/Z                            0.200000    0.352059   -0.152059 (VIOLATED)
max_cap1205/Z                           0.200000    0.350501   -0.150501 (VIOLATED)
fanout240/Z                             0.200000    0.349861   -0.149861 (VIOLATED)
fanout1118/Z                            0.200000    0.348938   -0.148938 (VIOLATED)
fanout1291/Z                            0.200000    0.348907   -0.148907 (VIOLATED)
fanout1207/Z                            0.200000    0.348635   -0.148635 (VIOLATED)
fanout1072/Z                            0.200000    0.348227   -0.148227 (VIOLATED)
fanout1346/Z                            0.200000    0.347309   -0.147309 (VIOLATED)
fanout1267/Z                            0.200000    0.346495   -0.146495 (VIOLATED)
fanout1114/Z                            0.200000    0.346202   -0.146203 (VIOLATED)
fanout1251/Z                            0.200000    0.341906   -0.141906 (VIOLATED)
fanout1281/Z                            0.200000    0.340479   -0.140479 (VIOLATED)
fanout1275/Z                            0.200000    0.339231   -0.139231 (VIOLATED)
fanout1187/Z                            0.200000    0.338177   -0.138177 (VIOLATED)
fanout1164/Z                            0.200000    0.337864   -0.137864 (VIOLATED)
fanout1190/Z                            0.200000    0.337420   -0.137420 (VIOLATED)
fanout1064/Z                            0.200000    0.337258   -0.137258 (VIOLATED)
fanout1297/Z                            0.200000    0.336456   -0.136456 (VIOLATED)
max_cap1141/Z                           0.200000    0.335836   -0.135836 (VIOLATED)
fanout1219/Z                            0.200000    0.335114   -0.135114 (VIOLATED)
fanout878/Z                             0.200000    0.334059   -0.134059 (VIOLATED)
fanout1279/Z                            0.200000    0.333868   -0.133868 (VIOLATED)
fanout1227/Z                            0.200000    0.332973   -0.132973 (VIOLATED)
fanout1160/Z                            0.200000    0.332529   -0.132529 (VIOLATED)
clkbuf_6_37_0_clk/Z                     0.200000    0.331285   -0.131285 (VIOLATED)
fanout1134/Z                            0.200000    0.330257   -0.130257 (VIOLATED)
fanout1249/Z                            0.200000    0.328874   -0.128874 (VIOLATED)
_24792_/Q                               0.200000    0.328096   -0.128096 (VIOLATED)
fanout1185/Z                            0.200000    0.326011   -0.126011 (VIOLATED)
fanout1132/Z                            0.200000    0.325771   -0.125771 (VIOLATED)
fanout1363/Z                            0.200000    0.325449   -0.125449 (VIOLATED)
fanout1092/Z                            0.200000    0.325307   -0.125307 (VIOLATED)
max_cap1344/Z                           0.200000    0.324956   -0.124956 (VIOLATED)
fanout1119/Z                            0.200000    0.324335   -0.124335 (VIOLATED)
fanout1290/Z                            0.200000    0.323795   -0.123795 (VIOLATED)
fanout1253/Z                            0.200000    0.323714   -0.123714 (VIOLATED)
fanout1247/Z                            0.200000    0.322839   -0.122839 (VIOLATED)
fanout1066/Z                            0.200000    0.321735   -0.121735 (VIOLATED)
fanout1210/Z                            0.200000    0.321450   -0.121450 (VIOLATED)
fanout644/Z                             0.200000    0.321175   -0.121175 (VIOLATED)
fanout1497/Z                            0.200000    0.320562   -0.120562 (VIOLATED)
fanout1154/Z                            0.200000    0.319277   -0.119277 (VIOLATED)
fanout1341/Z                            0.200000    0.318418   -0.118418 (VIOLATED)
wire1171/Z                              0.200000    0.318007   -0.118007 (VIOLATED)
fanout1173/Z                            0.200000    0.316874   -0.116874 (VIOLATED)
fanout1109/Z                            0.200000    0.316277   -0.116277 (VIOLATED)
fanout633/Z                             0.200000    0.316194   -0.116194 (VIOLATED)
fanout224/Z                             0.200000    0.316153   -0.116153 (VIOLATED)
fanout1099/Z                            0.200000    0.315943   -0.115943 (VIOLATED)
fanout1126/Z                            0.200000    0.315913   -0.115913 (VIOLATED)
fanout1130/Z                            0.200000    0.315062   -0.115062 (VIOLATED)
fanout1283/Z                            0.200000    0.314840   -0.114840 (VIOLATED)
max_cap1362/Z                           0.200000    0.314814   -0.114814 (VIOLATED)
fanout1200/Z                            0.200000    0.314485   -0.114485 (VIOLATED)
fanout927/Z                             0.200000    0.314249   -0.114249 (VIOLATED)
max_cap1293/Z                           0.200000    0.314195   -0.114195 (VIOLATED)
fanout561/Z                             0.200000    0.313914   -0.113914 (VIOLATED)
fanout1195/Z                            0.200000    0.313509   -0.113509 (VIOLATED)
fanout1156/Z                            0.200000    0.313259   -0.113259 (VIOLATED)
clkbuf_6_32_0_clk/Z                     0.200000    0.312521   -0.112521 (VIOLATED)
fanout1127/Z                            0.200000    0.312129   -0.112129 (VIOLATED)
fanout1150/Z                            0.200000    0.310117   -0.110117 (VIOLATED)
fanout1257/Z                            0.200000    0.309934   -0.109934 (VIOLATED)
fanout1088/Z                            0.200000    0.309230   -0.109230 (VIOLATED)
fanout166/Z                             0.200000    0.309014   -0.109014 (VIOLATED)
fanout1084/Z                            0.200000    0.308691   -0.108691 (VIOLATED)
fanout1285/Z                            0.200000    0.308384   -0.108384 (VIOLATED)
fanout1299/Z                            0.200000    0.308330   -0.108330 (VIOLATED)
fanout1245/Z                            0.200000    0.307879   -0.107879 (VIOLATED)
fanout1304/Z                            0.200000    0.307681   -0.107681 (VIOLATED)
clkbuf_6_48_0_clk/Z                     0.200000    0.307577   -0.107577 (VIOLATED)
max_cap1146/Z                           0.200000    0.307208   -0.107208 (VIOLATED)
fanout1116/Z                            0.200000    0.306710   -0.106710 (VIOLATED)
fanout1136/Z                            0.200000    0.306577   -0.106577 (VIOLATED)
fanout258/Z                             0.200000    0.306457   -0.106457 (VIOLATED)
max_cap1565/Z                           0.200000    0.305768   -0.105768 (VIOLATED)
fanout1071/Z                            0.200000    0.305672   -0.105672 (VIOLATED)
fanout1215/Z                            0.200000    0.305589   -0.105589 (VIOLATED)
fanout1076/Z                            0.200000    0.305517   -0.105517 (VIOLATED)
fanout1231/Z                            0.200000    0.304921   -0.104921 (VIOLATED)
fanout1211/Z                            0.200000    0.304104   -0.104104 (VIOLATED)
clkbuf_6_49_0_clk/Z                     0.200000    0.303962   -0.103962 (VIOLATED)
fanout1239/Z                            0.200000    0.303392   -0.103392 (VIOLATED)
fanout670/Z                             0.200000    0.303380   -0.103380 (VIOLATED)
max_cap1340/Z                           0.200000    0.302875   -0.102875 (VIOLATED)
fanout1129/Z                            0.200000    0.302828   -0.102828 (VIOLATED)
fanout1300/Z                            0.200000    0.302299   -0.102299 (VIOLATED)
fanout1124/Z                            0.200000    0.302175   -0.102175 (VIOLATED)
_15679_/ZN                              0.200000    0.299980   -0.099979 (VIOLATED)
fanout1193/Z                            0.200000    0.299937   -0.099937 (VIOLATED)
fanout1243/Z                            0.200000    0.299307   -0.099307 (VIOLATED)
fanout925/Z                             0.200000    0.299253   -0.099253 (VIOLATED)
fanout1234/Z                            0.200000    0.298795   -0.098795 (VIOLATED)
fanout1241/Z                            0.200000    0.298243   -0.098243 (VIOLATED)
fanout1218/Z                            0.200000    0.298099   -0.098099 (VIOLATED)
fanout266/Z                             0.200000    0.298074   -0.098074 (VIOLATED)
fanout1163/Z                            0.200000    0.297452   -0.097452 (VIOLATED)
wire1583/Z                              0.200000    0.297248   -0.097248 (VIOLATED)
clkbuf_6_44_0_clk/Z                     0.200000    0.297060   -0.097060 (VIOLATED)
fanout884/Z                             0.200000    0.297040   -0.097040 (VIOLATED)
fanout1102/Z                            0.200000    0.296752   -0.096752 (VIOLATED)
fanout1148/Z                            0.200000    0.295187   -0.095187 (VIOLATED)
fanout1439/Z                            0.200000    0.295104   -0.095104 (VIOLATED)
max_cap308/Z                            0.200000    0.294203   -0.094203 (VIOLATED)
fanout544/Z                             0.200000    0.294100   -0.094100 (VIOLATED)
fanout1287/Z                            0.200000    0.293273   -0.093273 (VIOLATED)
fanout1175/Z                            0.200000    0.293193   -0.093193 (VIOLATED)
_15701_/ZN                              0.200000    0.293193   -0.093193 (VIOLATED)
fanout1553/Z                            0.200000    0.293099   -0.093099 (VIOLATED)
fanout1235/Z                            0.200000    0.292866   -0.092866 (VIOLATED)
clkbuf_6_53_0_clk/Z                     0.200000    0.292349   -0.092349 (VIOLATED)
clkbuf_6_52_0_clk/Z                     0.200000    0.292227   -0.092227 (VIOLATED)
fanout814/Z                             0.200000    0.291801   -0.091801 (VIOLATED)
fanout848/Z                             0.200000    0.291579   -0.091579 (VIOLATED)
_15665_/ZN                              0.200000    0.291234   -0.091234 (VIOLATED)
fanout1107/Z                            0.200000    0.291202   -0.091202 (VIOLATED)
fanout1352/Z                            0.200000    0.290606   -0.090606 (VIOLATED)
fanout1080/Z                            0.200000    0.290052   -0.090052 (VIOLATED)
fanout1354/Z                            0.200000    0.289610   -0.089610 (VIOLATED)
clkbuf_6_47_0_clk/Z                     0.200000    0.288833   -0.088833 (VIOLATED)
fanout1277/Z                            0.200000    0.288553   -0.088553 (VIOLATED)
fanout1237/Z                            0.200000    0.288493   -0.088493 (VIOLATED)
fanout1167/Z                            0.200000    0.288487   -0.088487 (VIOLATED)
fanout1330/Z                            0.200000    0.288295   -0.088295 (VIOLATED)
fanout1327/Z                            0.200000    0.287665   -0.087665 (VIOLATED)
_15680_/ZN                              0.200000    0.287597   -0.087597 (VIOLATED)
wire1320/Z                              0.200000    0.287377   -0.087377 (VIOLATED)
_15080_/ZN                              0.200000    0.286824   -0.086824 (VIOLATED)
fanout906/Z                             0.200000    0.285921   -0.085921 (VIOLATED)
clkbuf_6_58_0_clk/Z                     0.200000    0.285619   -0.085619 (VIOLATED)
_15645_/ZN                              0.200000    0.284319   -0.084319 (VIOLATED)
fanout1104/Z                            0.200000    0.283903   -0.083903 (VIOLATED)
fanout1324/Z                            0.200000    0.283772   -0.083772 (VIOLATED)
fanout1213/Z                            0.200000    0.283364   -0.083364 (VIOLATED)
fanout1183/Z                            0.200000    0.282623   -0.082623 (VIOLATED)
max_cap1568/Z                           0.200000    0.282276   -0.082276 (VIOLATED)
fanout1261/Z                            0.200000    0.281757   -0.081757 (VIOLATED)
_15707_/ZN                              0.200000    0.281105   -0.081105 (VIOLATED)
clkbuf_6_50_0_clk/Z                     0.200000    0.281047   -0.081047 (VIOLATED)
wire1573/Z                              0.200000    0.280730   -0.080730 (VIOLATED)
fanout615/Z                             0.200000    0.280220   -0.080220 (VIOLATED)
fanout1110/Z                            0.200000    0.280184   -0.080184 (VIOLATED)
clkbuf_6_51_0_clk/Z                     0.200000    0.280077   -0.080077 (VIOLATED)
fanout1078/Z                            0.200000    0.280048   -0.080048 (VIOLATED)
fanout664/Z                             0.200000    0.278607   -0.078607 (VIOLATED)
fanout1158/Z                            0.200000    0.278187   -0.078187 (VIOLATED)
fanout1360/Z                            0.200000    0.277566   -0.077566 (VIOLATED)
fanout1122/Z                            0.200000    0.276986   -0.076986 (VIOLATED)
fanout1105/Z                            0.200000    0.276974   -0.076974 (VIOLATED)
fanout1192/Z                            0.200000    0.276170   -0.076170 (VIOLATED)
clkbuf_0_clk/Z                          0.200000    0.276041   -0.076041 (VIOLATED)
fanout328/Z                             0.200000    0.275889   -0.075889 (VIOLATED)
fanout1269/Z                            0.200000    0.275799   -0.075799 (VIOLATED)
clkbuf_6_45_0_clk/Z                     0.200000    0.275719   -0.075719 (VIOLATED)
fanout269/Z                             0.200000    0.275494   -0.075494 (VIOLATED)
_15689_/ZN                              0.200000    0.275357   -0.075357 (VIOLATED)
fanout665/Z                             0.200000    0.274957   -0.074957 (VIOLATED)
fanout895/Z                             0.200000    0.274701   -0.074701 (VIOLATED)
fanout1359/Z                            0.200000    0.273822   -0.073822 (VIOLATED)
fanout1273/Z                            0.200000    0.273804   -0.073804 (VIOLATED)
clkbuf_6_46_0_clk/Z                     0.200000    0.273651   -0.073651 (VIOLATED)
fanout1333/Z                            0.200000    0.273586   -0.073586 (VIOLATED)
fanout1082/Z                            0.200000    0.273245   -0.073245 (VIOLATED)
clkbuf_6_54_0_clk/Z                     0.200000    0.271834   -0.071834 (VIOLATED)
clkbuf_6_39_0_clk/Z                     0.200000    0.271355   -0.071355 (VIOLATED)
_15647_/ZN                              0.200000    0.271336   -0.071336 (VIOLATED)
fanout859/Z                             0.200000    0.270967   -0.070967 (VIOLATED)
clkbuf_6_61_0_clk/Z                     0.200000    0.270859   -0.070859 (VIOLATED)
fanout1179/Z                            0.200000    0.270617   -0.070617 (VIOLATED)
clkbuf_6_57_0_clk/Z                     0.200000    0.270530   -0.070530 (VIOLATED)
clkbuf_6_56_0_clk/Z                     0.200000    0.270417   -0.070417 (VIOLATED)
clkbuf_6_62_0_clk/Z                     0.200000    0.270275   -0.070275 (VIOLATED)
max_cap1202/Z                           0.200000    0.269976   -0.069976 (VIOLATED)
fanout1560/Z                            0.200000    0.269959   -0.069959 (VIOLATED)
fanout1328/Z                            0.200000    0.269862   -0.069862 (VIOLATED)
_15657_/ZN                              0.200000    0.269374   -0.069374 (VIOLATED)
fanout657/Z                             0.200000    0.268682   -0.068682 (VIOLATED)
max_cap1578/Z                           0.200000    0.268488   -0.068488 (VIOLATED)
fanout838/Z                             0.200000    0.267550   -0.067550 (VIOLATED)
_15688_/ZN                              0.200000    0.266945   -0.066945 (VIOLATED)
fanout1203/Z                            0.200000    0.266818   -0.066818 (VIOLATED)
fanout92/Z                              0.200000    0.266611   -0.066611 (VIOLATED)
fanout930/Z                             0.200000    0.266493   -0.066493 (VIOLATED)
fanout1085/Z                            0.200000    0.266372   -0.066372 (VIOLATED)
fanout1229/Z                            0.200000    0.266032   -0.066032 (VIOLATED)
fanout767/Z                             0.200000    0.265721   -0.065721 (VIOLATED)
_15639_/ZN                              0.200000    0.265554   -0.065554 (VIOLATED)
fanout904/Z                             0.200000    0.264590   -0.064590 (VIOLATED)
fanout1555/Z                            0.200000    0.264395   -0.064395 (VIOLATED)
fanout1208/Z                            0.200000    0.264322   -0.064322 (VIOLATED)
clkbuf_6_59_0_clk/Z                     0.200000    0.264153   -0.064153 (VIOLATED)
fanout853/Z                             0.200000    0.263943   -0.063943 (VIOLATED)
clkbuf_6_63_0_clk/Z                     0.200000    0.263725   -0.063725 (VIOLATED)
fanout610/Z                             0.200000    0.263630   -0.063630 (VIOLATED)
clkbuf_6_36_0_clk/Z                     0.200000    0.263506   -0.063506 (VIOLATED)
fanout667/Z                             0.200000    0.262930   -0.062930 (VIOLATED)
fanout1437/Z                            0.200000    0.262220   -0.062220 (VIOLATED)
clkbuf_6_27_0_clk/Z                     0.200000    0.261601   -0.061601 (VIOLATED)
fanout177/Z                             0.200000    0.261595   -0.061595 (VIOLATED)
fanout721/Z                             0.200000    0.261412   -0.061412 (VIOLATED)
_13296_/ZN                              0.200000    0.261266   -0.061266 (VIOLATED)
fanout751/Z                             0.200000    0.261095   -0.061095 (VIOLATED)
fanout975/Z                             0.200000    0.260786   -0.060786 (VIOLATED)
fanout1069/Z                            0.200000    0.260774   -0.060774 (VIOLATED)
fanout1223/Z                            0.200000    0.260592   -0.060592 (VIOLATED)
fanout1303/Z                            0.200000    0.260429   -0.060429 (VIOLATED)
_22730_/ZN                              0.200000    0.260151   -0.060151 (VIOLATED)
fanout1268/Z                            0.200000    0.260100   -0.060100 (VIOLATED)
fanout867/Z                             0.200000    0.259963   -0.059963 (VIOLATED)
fanout1263/Z                            0.200000    0.259918   -0.059918 (VIOLATED)
fanout1459/Z                            0.200000    0.259903   -0.059903 (VIOLATED)
fanout870/Z                             0.200000    0.259673   -0.059673 (VIOLATED)
fanout1284/Z                            0.200000    0.259128   -0.059128 (VIOLATED)
fanout1295/Z                            0.200000    0.258522   -0.058522 (VIOLATED)
fanout967/Z                             0.200000    0.258375   -0.058375 (VIOLATED)
fanout556/Z                             0.200000    0.257775   -0.057775 (VIOLATED)
_15677_/ZN                              0.200000    0.257194   -0.057194 (VIOLATED)
fanout1288/Z                            0.200000    0.256996   -0.056996 (VIOLATED)
fanout121/Z                             0.200000    0.256892   -0.056892 (VIOLATED)
fanout797/Z                             0.200000    0.256686   -0.056686 (VIOLATED)
fanout869/Z                             0.200000    0.256613   -0.056613 (VIOLATED)
_20051_/ZN                              0.200000    0.256559   -0.056559 (VIOLATED)
fanout871/Z                             0.200000    0.256406   -0.056406 (VIOLATED)
fanout1436/Z                            0.200000    0.256211   -0.056211 (VIOLATED)
max_cap1441/Z                           0.200000    0.256205   -0.056205 (VIOLATED)
fanout1345/Z                            0.200000    0.255768   -0.055768 (VIOLATED)
clkbuf_6_60_0_clk/Z                     0.200000    0.255639   -0.055639 (VIOLATED)
fanout851/Z                             0.200000    0.255087   -0.055087 (VIOLATED)
fanout134/Z                             0.200000    0.254337   -0.054337 (VIOLATED)
fanout849/Z                             0.200000    0.253909   -0.053909 (VIOLATED)
fanout349/Z                             0.200000    0.253884   -0.053884 (VIOLATED)
fanout1298/Z                            0.200000    0.253761   -0.053761 (VIOLATED)
fanout1331/Z                            0.200000    0.253457   -0.053457 (VIOLATED)
fanout1278/Z                            0.200000    0.253255   -0.053255 (VIOLATED)
_22080_/ZN                              0.200000    0.253226   -0.053226 (VIOLATED)
fanout319/Z                             0.200000    0.253080   -0.053080 (VIOLATED)
_23771_/ZN                              0.200000    0.253051   -0.053051 (VIOLATED)
max_cap1326/Z                           0.200000    0.252560   -0.052560 (VIOLATED)
fanout1217/Z                            0.200000    0.251386   -0.051386 (VIOLATED)
fanout926/Z                             0.200000    0.250866   -0.050866 (VIOLATED)
fanout1169/Z                            0.200000    0.250757   -0.050757 (VIOLATED)
clkbuf_6_55_0_clk/Z                     0.200000    0.250396   -0.050396 (VIOLATED)
_19128_/ZN                              0.200000    0.250036   -0.050036 (VIOLATED)
fanout722/Z                             0.200000    0.250015   -0.050015 (VIOLATED)
fanout576/Z                             0.200000    0.250014   -0.050014 (VIOLATED)
fanout946/Z                             0.200000    0.249552   -0.049552 (VIOLATED)
fanout960/Z                             0.200000    0.248816   -0.048816 (VIOLATED)
fanout129/Z                             0.200000    0.248791   -0.048791 (VIOLATED)
clkbuf_6_38_0_clk/Z                     0.200000    0.248551   -0.048551 (VIOLATED)
fanout978/Z                             0.200000    0.247801   -0.047801 (VIOLATED)
_20316_/ZN                              0.200000    0.247594   -0.047594 (VIOLATED)
_15641_/ZN                              0.200000    0.247489   -0.047489 (VIOLATED)
fanout1438/Z                            0.200000    0.247185   -0.047185 (VIOLATED)
fanout1221/Z                            0.200000    0.247037   -0.047037 (VIOLATED)
_15656_/ZN                              0.200000    0.246676   -0.046676 (VIOLATED)
fanout1558/Z                            0.200000    0.246568   -0.046568 (VIOLATED)
_15699_/ZN                              0.200000    0.246510   -0.046510 (VIOLATED)
fanout145/Z                             0.200000    0.246478   -0.046478 (VIOLATED)
fanout852/Z                             0.200000    0.246314   -0.046314 (VIOLATED)
fanout730/Z                             0.200000    0.246256   -0.046256 (VIOLATED)
_23641_/ZN                              0.200000    0.246109   -0.046109 (VIOLATED)
clkbuf_6_40_0_clk/Z                     0.200000    0.245908   -0.045908 (VIOLATED)
fanout954/Z                             0.200000    0.245612   -0.045612 (VIOLATED)
fanout857/Z                             0.200000    0.245258   -0.045258 (VIOLATED)
fanout1061/Z                            0.200000    0.245126   -0.045126 (VIOLATED)
fanout303/Z                             0.200000    0.244644   -0.044644 (VIOLATED)
fanout219/Z                             0.200000    0.244431   -0.044431 (VIOLATED)
fanout1233/Z                            0.200000    0.244345   -0.044345 (VIOLATED)
fanout101/Z                             0.200000    0.243949   -0.043949 (VIOLATED)
fanout788/Z                             0.200000    0.242989   -0.042989 (VIOLATED)
fanout1161/Z                            0.200000    0.242889   -0.042889 (VIOLATED)
fanout959/Z                             0.200000    0.242818   -0.042818 (VIOLATED)
fanout1198/Z                            0.200000    0.242674   -0.042674 (VIOLATED)
fanout1741/Z                            0.200000    0.241892   -0.041892 (VIOLATED)
fanout883/Z                             0.200000    0.241855   -0.041855 (VIOLATED)
fanout1157/Z                            0.200000    0.241820   -0.041820 (VIOLATED)
fanout1087/Z                            0.200000    0.241783   -0.041783 (VIOLATED)
fanout1676/Z                            0.200000    0.241716   -0.041716 (VIOLATED)
fanout126/Z                             0.200000    0.241599   -0.041599 (VIOLATED)
fanout663/Z                             0.200000    0.241096   -0.041096 (VIOLATED)
fanout1562/Z                            0.200000    0.240451   -0.040451 (VIOLATED)
fanout951/Z                             0.200000    0.240352   -0.040352 (VIOLATED)
fanout1347/Z                            0.200000    0.240337   -0.040337 (VIOLATED)
_21950_/ZN                              0.200000    0.240208   -0.040208 (VIOLATED)
fanout929/Z                             0.200000    0.239914   -0.039914 (VIOLATED)
fanout891/Z                             0.200000    0.239646   -0.039646 (VIOLATED)
fanout955/Z                             0.200000    0.239521   -0.039521 (VIOLATED)
clkbuf_6_42_0_clk/Z                     0.200000    0.238481   -0.038481 (VIOLATED)
_18002_/ZN                              0.200000    0.238038   -0.038038 (VIOLATED)
_15661_/ZN                              0.200000    0.237442   -0.037442 (VIOLATED)
fanout949/Z                             0.200000    0.237389   -0.037389 (VIOLATED)
fanout105/Z                             0.200000    0.237299   -0.037299 (VIOLATED)
_15695_/ZN                              0.200000    0.237266   -0.037266 (VIOLATED)
fanout1162/Z                            0.200000    0.237244   -0.037244 (VIOLATED)
fanout543/Z                             0.200000    0.236900   -0.036900 (VIOLATED)
_15649_/ZN                              0.200000    0.236893   -0.036893 (VIOLATED)
fanout861/Z                             0.200000    0.236870   -0.036870 (VIOLATED)
fanout254/Z                             0.200000    0.236644   -0.036644 (VIOLATED)
fanout130/Z                             0.200000    0.236462   -0.036462 (VIOLATED)
fanout624/Z                             0.200000    0.235432   -0.035432 (VIOLATED)
fanout1302/Z                            0.200000    0.234999   -0.034999 (VIOLATED)
fanout1738/Z                            0.200000    0.234969   -0.034969 (VIOLATED)
fanout281/Z                             0.200000    0.234782   -0.034782 (VIOLATED)
_15691_/ZN                              0.200000    0.234763   -0.034763 (VIOLATED)
fanout1165/Z                            0.200000    0.234661   -0.034661 (VIOLATED)
_15672_/ZN                              0.200000    0.234286   -0.034286 (VIOLATED)
fanout1440/Z                            0.200000    0.234234   -0.034234 (VIOLATED)
fanout191/Z                             0.200000    0.234223   -0.034223 (VIOLATED)
_15702_/ZN                              0.200000    0.234151   -0.034151 (VIOLATED)
fanout840/Z                             0.200000    0.234125   -0.034125 (VIOLATED)
_15667_/ZN                              0.200000    0.234120   -0.034120 (VIOLATED)
fanout1276/Z                            0.200000    0.233806   -0.033806 (VIOLATED)
_20448_/ZN                              0.200000    0.233767   -0.033767 (VIOLATED)
clkbuf_6_43_0_clk/Z                     0.200000    0.233667   -0.033667 (VIOLATED)
fanout855/Z                             0.200000    0.233497   -0.033497 (VIOLATED)
fanout118/Z                             0.200000    0.233220   -0.033220 (VIOLATED)
fanout759/Z                             0.200000    0.233151   -0.033151 (VIOLATED)
fanout1058/Z                            0.200000    0.232895   -0.032895 (VIOLATED)
fanout629/Z                             0.200000    0.232532   -0.032532 (VIOLATED)
clkbuf_6_41_0_clk/Z                     0.200000    0.232229   -0.032229 (VIOLATED)
fanout905/Z                             0.200000    0.232111   -0.032111 (VIOLATED)
fanout697/Z                             0.200000    0.231987   -0.031987 (VIOLATED)
fanout1750/Z                            0.200000    0.231816   -0.031816 (VIOLATED)
fanout948/Z                             0.200000    0.231537   -0.031537 (VIOLATED)
fanout1307/Z                            0.200000    0.231028   -0.031028 (VIOLATED)
fanout818/Z                             0.200000    0.230981   -0.030981 (VIOLATED)
fanout1209/Z                            0.200000    0.230722   -0.030722 (VIOLATED)
_15706_/ZN                              0.200000    0.230681   -0.030681 (VIOLATED)
fanout348/Z                             0.200000    0.230430   -0.030430 (VIOLATED)
fanout970/Z                             0.200000    0.230255   -0.030255 (VIOLATED)
fanout1121/Z                            0.200000    0.229996   -0.029996 (VIOLATED)
fanout1431/Z                            0.200000    0.229782   -0.029782 (VIOLATED)
clkbuf_6_15_0_clk/Z                     0.200000    0.229464   -0.029464 (VIOLATED)
fanout656/Z                             0.200000    0.229441   -0.029441 (VIOLATED)
fanout1270/Z                            0.200000    0.229278   -0.029278 (VIOLATED)
max_cap966/Z                            0.200000    0.229236   -0.029236 (VIOLATED)
fanout1411/Z                            0.200000    0.229221   -0.029221 (VIOLATED)
fanout903/Z                             0.200000    0.229186   -0.029186 (VIOLATED)
fanout876/Z                             0.200000    0.228994   -0.028994 (VIOLATED)
fanout138/Z                             0.200000    0.228843   -0.028843 (VIOLATED)
_15682_/ZN                              0.200000    0.228721   -0.028721 (VIOLATED)
clkbuf_6_10_0_clk/Z                     0.200000    0.228636   -0.028636 (VIOLATED)
fanout1305/Z                            0.200000    0.228419   -0.028419 (VIOLATED)
fanout782/Z                             0.200000    0.228226   -0.028226 (VIOLATED)
fanout1409/Z                            0.200000    0.227865   -0.027865 (VIOLATED)
fanout199/Z                             0.200000    0.227677   -0.027677 (VIOLATED)
_23511_/ZN                              0.200000    0.227518   -0.027518 (VIOLATED)
fanout1191/Z                            0.200000    0.227172   -0.027172 (VIOLATED)
fanout1128/Z                            0.200000    0.227108   -0.027108 (VIOLATED)
fanout1074/Z                            0.200000    0.226824   -0.026824 (VIOLATED)
fanout1050/Z                            0.200000    0.226583   -0.026583 (VIOLATED)
fanout822/Z                             0.200000    0.226399   -0.026399 (VIOLATED)
fanout127/Z                             0.200000    0.226110   -0.026110 (VIOLATED)
_15681_/ZN                              0.200000    0.226053   -0.026053 (VIOLATED)
fanout142/Z                             0.200000    0.226011   -0.026011 (VIOLATED)
fanout1265/Z                            0.200000    0.225832   -0.025832 (VIOLATED)
fanout579/Z                             0.200000    0.225609   -0.025609 (VIOLATED)
fanout945/Z                             0.200000    0.225596   -0.025596 (VIOLATED)
fanout1380/Z                            0.200000    0.225556   -0.025556 (VIOLATED)
fanout598/Z                             0.200000    0.225381   -0.025381 (VIOLATED)
fanout575/Z                             0.200000    0.225344   -0.025344 (VIOLATED)
fanout947/Z                             0.200000    0.225158   -0.025158 (VIOLATED)
fanout806/Z                             0.200000    0.225012   -0.025012 (VIOLATED)
fanout167/Z                             0.200000    0.225005   -0.025005 (VIOLATED)
max_cap964/Z                            0.200000    0.224455   -0.024455 (VIOLATED)
fanout1332/Z                            0.200000    0.224419   -0.024419 (VIOLATED)
clkbuf_6_28_0_clk/Z                     0.200000    0.224193   -0.024193 (VIOLATED)
fanout1678/Z                            0.200000    0.223742   -0.023742 (VIOLATED)
clkbuf_6_33_0_clk/Z                     0.200000    0.223716   -0.023716 (VIOLATED)
clkbuf_6_14_0_clk/Z                     0.200000    0.223579   -0.023579 (VIOLATED)
fanout1090/Z                            0.200000    0.223381   -0.023381 (VIOLATED)
fanout282/Z                             0.200000    0.223379   -0.023379 (VIOLATED)
fanout1430/Z                            0.200000    0.222868   -0.022868 (VIOLATED)
fanout207/Z                             0.200000    0.222313   -0.022313 (VIOLATED)
fanout726/Z                             0.200000    0.222193   -0.022193 (VIOLATED)
clkbuf_6_26_0_clk/Z                     0.200000    0.222146   -0.022146 (VIOLATED)
fanout872/Z                             0.200000    0.222111   -0.022111 (VIOLATED)
fanout1294/Z                            0.200000    0.221846   -0.021846 (VIOLATED)
fanout1353/Z                            0.200000    0.221686   -0.021686 (VIOLATED)
fanout1355/Z                            0.200000    0.221509   -0.021509 (VIOLATED)
fanout109/Z                             0.200000    0.221280   -0.021280 (VIOLATED)
fanout837/Z                             0.200000    0.221232   -0.021232 (VIOLATED)
fanout804/Z                             0.200000    0.221228   -0.021228 (VIOLATED)
fanout87/Z                              0.200000    0.221186   -0.021186 (VIOLATED)
fanout1280/Z                            0.200000    0.220937   -0.020937 (VIOLATED)
fanout1172/Z                            0.200000    0.220815   -0.020815 (VIOLATED)
max_cap1095/Z                           0.200000    0.220682   -0.020682 (VIOLATED)
fanout668/Z                             0.200000    0.220415   -0.020415 (VIOLATED)
fanout916/Z                             0.200000    0.220203   -0.020203 (VIOLATED)
fanout1137/Z                            0.200000    0.220169   -0.020169 (VIOLATED)
clkbuf_6_31_0_clk/Z                     0.200000    0.220051   -0.020051 (VIOLATED)
fanout755/Z                             0.200000    0.219707   -0.019707 (VIOLATED)
clkbuf_6_35_0_clk/Z                     0.200000    0.219568   -0.019568 (VIOLATED)
fanout704/Z                             0.200000    0.219068   -0.019068 (VIOLATED)
fanout931/Z                             0.200000    0.219025   -0.019025 (VIOLATED)
fanout1067/Z                            0.200000    0.218719   -0.018719 (VIOLATED)
fanout1159/Z                            0.200000    0.218342   -0.018342 (VIOLATED)
fanout743/Z                             0.200000    0.218302   -0.018302 (VIOLATED)
_15652_/ZN                              0.200000    0.218164   -0.018164 (VIOLATED)
clkbuf_6_16_0_clk/Z                     0.200000    0.217518   -0.017518 (VIOLATED)
fanout662/Z                             0.200000    0.217465   -0.017465 (VIOLATED)
_15666_/ZN                              0.200000    0.217331   -0.017331 (VIOLATED)
fanout666/Z                             0.200000    0.217318   -0.017318 (VIOLATED)
fanout792/Z                             0.200000    0.216862   -0.016862 (VIOLATED)
fanout1306/Z                            0.200000    0.216688   -0.016688 (VIOLATED)
fanout795/Z                             0.200000    0.216665   -0.016665 (VIOLATED)
fanout249/Z                             0.200000    0.216607   -0.016607 (VIOLATED)
_19563_/ZN                              0.200000    0.216152   -0.016152 (VIOLATED)
clkbuf_6_25_0_clk/Z                     0.200000    0.215952   -0.015952 (VIOLATED)
fanout189/Z                             0.200000    0.215051   -0.015051 (VIOLATED)
fanout747/Z                             0.200000    0.214764   -0.014764 (VIOLATED)
fanout93/Z                              0.200000    0.214478   -0.014478 (VIOLATED)
fanout865/Z                             0.200000    0.214310   -0.014310 (VIOLATED)
clkbuf_6_30_0_clk/Z                     0.200000    0.214038   -0.014038 (VIOLATED)
fanout1400/Z                            0.200000    0.213566   -0.013566 (VIOLATED)
fanout1342/Z                            0.200000    0.213467   -0.013467 (VIOLATED)
fanout771/Z                             0.200000    0.213464   -0.013464 (VIOLATED)
fanout244/Z                             0.200000    0.213292   -0.013292 (VIOLATED)
fanout1662/Z                            0.200000    0.212983   -0.012983 (VIOLATED)
fanout540/Z                             0.200000    0.212970   -0.012970 (VIOLATED)
fanout1113/Z                            0.200000    0.212117   -0.012117 (VIOLATED)
clkbuf_6_13_0_clk/Z                     0.200000    0.212006   -0.012006 (VIOLATED)
fanout843/Z                             0.200000    0.211807   -0.011807 (VIOLATED)
fanout976/Z                             0.200000    0.211799   -0.011799 (VIOLATED)
fanout1742/Z                            0.200000    0.211338   -0.011338 (VIOLATED)
fanout1358/Z                            0.200000    0.211184   -0.011184 (VIOLATED)
fanout874/Z                             0.200000    0.211148   -0.011148 (VIOLATED)
_14514_/ZN                              0.200000    0.211049   -0.011049 (VIOLATED)
clkbuf_6_4_0_clk/Z                      0.200000    0.210594   -0.010594 (VIOLATED)
clkbuf_6_7_0_clk/Z                      0.200000    0.210126   -0.010126 (VIOLATED)
max_cap1349/Z                           0.200000    0.210014   -0.010014 (VIOLATED)
fanout186/Z                             0.200000    0.209901   -0.009901 (VIOLATED)
fanout187/Z                             0.200000    0.209879   -0.009879 (VIOLATED)
fanout1225/Z                            0.200000    0.209405   -0.009405 (VIOLATED)
clkbuf_6_34_0_clk/Z                     0.200000    0.209290   -0.009290 (VIOLATED)
fanout253/Z                             0.200000    0.209200   -0.009200 (VIOLATED)
fanout1549/Z                            0.200000    0.209151   -0.009151 (VIOLATED)
fanout154/Z                             0.200000    0.208835   -0.008835 (VIOLATED)
fanout592/Z                             0.200000    0.208630   -0.008630 (VIOLATED)
fanout553/Z                             0.200000    0.208481   -0.008481 (VIOLATED)
_15693_/ZN                              0.200000    0.208374   -0.008374 (VIOLATED)
clkbuf_6_9_0_clk/Z                      0.200000    0.207977   -0.007977 (VIOLATED)
fanout1089/Z                            0.200000    0.207967   -0.007967 (VIOLATED)
fanout587/Z                             0.200000    0.207938   -0.007938 (VIOLATED)
_15687_/ZN                              0.200000    0.207925   -0.007925 (VIOLATED)
fanout1222/Z                            0.200000    0.207876   -0.007876 (VIOLATED)
fanout902/Z                             0.200000    0.207792   -0.007792 (VIOLATED)
fanout241/Z                             0.200000    0.207649   -0.007649 (VIOLATED)
fanout1559/Z                            0.200000    0.207466   -0.007466 (VIOLATED)
fanout1425/Z                            0.200000    0.207432   -0.007432 (VIOLATED)
_21300_/ZN                              0.200000    0.207376   -0.007376 (VIOLATED)
fanout1554/Z                            0.200000    0.207292   -0.007292 (VIOLATED)
fanout952/Z                             0.200000    0.206653   -0.006653 (VIOLATED)
fanout1199/Z                            0.200000    0.206554   -0.006554 (VIOLATED)
fanout1096/Z                            0.200000    0.205848   -0.005848 (VIOLATED)
fanout716/Z                             0.200000    0.205840   -0.005840 (VIOLATED)
fanout1166/Z                            0.200000    0.205807   -0.005807 (VIOLATED)
fanout650/Z                             0.200000    0.205657   -0.005657 (VIOLATED)
fanout125/Z                             0.200000    0.205641   -0.005641 (VIOLATED)
fanout1543/Z                            0.200000    0.205633   -0.005633 (VIOLATED)
_15659_/ZN                              0.200000    0.205494   -0.005494 (VIOLATED)
max_cap1748/Z                           0.200000    0.205471   -0.005471 (VIOLATED)
fanout862/Z                             0.200000    0.205388   -0.005388 (VIOLATED)
fanout1314/Z                            0.200000    0.205185   -0.005185 (VIOLATED)
fanout120/Z                             0.200000    0.205028   -0.005028 (VIOLATED)
fanout1262/Z                            0.200000    0.204884   -0.004884 (VIOLATED)
fanout1551/Z                            0.200000    0.204842   -0.004842 (VIOLATED)
fanout1206/Z                            0.200000    0.204595   -0.004595 (VIOLATED)
fanout150/Z                             0.200000    0.204574   -0.004574 (VIOLATED)
_12387_/ZN                              0.200000    0.204553   -0.004553 (VIOLATED)
clkbuf_6_12_0_clk/Z                     0.200000    0.204522   -0.004522 (VIOLATED)
clkbuf_6_19_0_clk/Z                     0.200000    0.204460   -0.004460 (VIOLATED)
_15692_/ZN                              0.200000    0.204339   -0.004339 (VIOLATED)
fanout146/Z                             0.200000    0.204291   -0.004291 (VIOLATED)
fanout811/Z                             0.200000    0.204203   -0.004203 (VIOLATED)
fanout1575/Z                            0.200000    0.204174   -0.004174 (VIOLATED)
fanout205/Z                             0.200000    0.204113   -0.004113 (VIOLATED)
fanout1329/Z                            0.200000    0.203902   -0.003902 (VIOLATED)
fanout634/Z                             0.200000    0.203573   -0.003573 (VIOLATED)
fanout302/Z                             0.200000    0.203507   -0.003507 (VIOLATED)
fanout602/Z                             0.200000    0.203298   -0.003298 (VIOLATED)
fanout218/Z                             0.200000    0.203187   -0.003187 (VIOLATED)
fanout847/Z                             0.200000    0.202820   -0.002820 (VIOLATED)
max_cap1366/Z                           0.200000    0.202793   -0.002793 (VIOLATED)
fanout868/Z                             0.200000    0.202686   -0.002686 (VIOLATED)
fanout122/Z                             0.200000    0.202560   -0.002560 (VIOLATED)
fanout242/Z                             0.200000    0.202418   -0.002418 (VIOLATED)
fanout642/Z                             0.200000    0.202402   -0.002402 (VIOLATED)
fanout102/Z                             0.200000    0.202093   -0.002093 (VIOLATED)
_15705_/ZN                              0.200000    0.201801   -0.001801 (VIOLATED)
clkbuf_6_5_0_clk/Z                      0.200000    0.201799   -0.001799 (VIOLATED)
_18778_/ZN                              0.200000    0.201732   -0.001732 (VIOLATED)
fanout299/Z                             0.200000    0.201685   -0.001685 (VIOLATED)
fanout1435/Z                            0.200000    0.201573   -0.001573 (VIOLATED)
fanout1520/Z                            0.200000    0.201531   -0.001531 (VIOLATED)
fanout301/Z                             0.200000    0.201473   -0.001473 (VIOLATED)
clkbuf_6_11_0_clk/Z                     0.200000    0.201343   -0.001343 (VIOLATED)
fanout574/Z                             0.200000    0.201076   -0.001076 (VIOLATED)
clkbuf_6_24_0_clk/Z                     0.200000    0.200944   -0.000944 (VIOLATED)
clkbuf_6_6_0_clk/Z                      0.200000    0.200931   -0.000931 (VIOLATED)
fanout707/Z                             0.200000    0.200930   -0.000930 (VIOLATED)
fanout541/Z                             0.200000    0.200560   -0.000560 (VIOLATED)
_16818_/ZN                              0.200000    0.200533   -0.000533 (VIOLATED)
fanout713/Z                             0.200000    0.200425   -0.000425 (VIOLATED)
fanout1322/Z                            0.200000    0.200292   -0.000292 (VIOLATED)
fanout1125/Z                            0.200000    0.200231   -0.000231 (VIOLATED)
fanout720/Z                             0.200000    0.200002   -0.000002 (VIOLATED)



===========================================================================
report_parasitic_annotation -report_unannotated
============================================================================
Found 609 unannotated drivers.
 _27612_/Z
 clkload0/ZN
 clkload1/ZN
 clkload10/ZN
 clkload100/Z
 clkload101/ZN
 clkload102/ZN
 clkload103/ZN
 clkload104/ZN
 clkload105/ZN
 clkload106/ZN
 clkload107/ZN
 clkload108/ZN
 clkload109/ZN
 clkload11/ZN
 clkload110/ZN
 clkload111/ZN
 clkload112/ZN
 clkload113/ZN
 clkload114/ZN
 clkload115/Z
 clkload116/Z
 clkload117/Z
 clkload118/Z
 clkload119/Z
 clkload12/ZN
 clkload120/Z
 clkload121/Z
 clkload122/Z
 clkload123/ZN
 clkload124/ZN
 clkload125/ZN
 clkload126/ZN
 clkload127/ZN
 clkload128/ZN
 clkload129/ZN
 clkload13/ZN
 clkload130/Z
 clkload131/Z
 clkload132/Z
 clkload133/Z
 clkload134/Z
 clkload135/Z
 clkload136/Z
 clkload137/Z
 clkload138/Z
 clkload139/Z
 clkload14/ZN
 clkload140/ZN
 clkload141/ZN
 clkload142/ZN
 clkload143/Z
 clkload144/ZN
 clkload145/Z
 clkload146/ZN
 clkload147/ZN
 clkload148/Z
 clkload149/ZN
 clkload15/ZN
 clkload150/ZN
 clkload151/ZN
 clkload152/ZN
 clkload153/ZN
 clkload154/ZN
 clkload155/ZN
 clkload156/Z
 clkload157/ZN
 clkload158/ZN
 clkload159/ZN
 clkload16/ZN
 clkload160/ZN
 clkload161/Z
 clkload162/Z
 clkload163/Z
 clkload164/Z
 clkload165/ZN
 clkload166/ZN
 clkload167/Z
 clkload168/ZN
 clkload169/ZN
 clkload17/ZN
 clkload170/ZN
 clkload171/ZN
 clkload172/ZN
 clkload173/Z
 clkload174/ZN
 clkload175/ZN
 clkload176/ZN
 clkload177/Z
 clkload178/ZN
 clkload179/Z
 clkload18/ZN
 clkload180/ZN
 clkload181/ZN
 clkload182/ZN
 clkload183/Z
 clkload184/Z
 clkload185/Z
 clkload186/Z
 clkload187/Z
 clkload188/Z
 clkload189/ZN
 clkload19/ZN
 clkload190/ZN
 clkload191/ZN
 clkload192/Z
 clkload193/ZN
 clkload194/ZN
 clkload195/ZN
 clkload196/Z
 clkload197/Z
 clkload198/Z
 clkload199/Z
 clkload2/ZN
 clkload20/ZN
 clkload200/Z
 clkload201/ZN
 clkload202/Z
 clkload203/Z
 clkload204/Z
 clkload205/ZN
 clkload206/Z
 clkload207/ZN
 clkload208/ZN
 clkload209/Z
 clkload21/ZN
 clkload210/ZN
 clkload211/ZN
 clkload212/ZN
 clkload213/ZN
 clkload214/ZN
 clkload215/Z
 clkload216/Z
 clkload217/ZN
 clkload218/ZN
 clkload219/Z
 clkload22/ZN
 clkload220/Z
 clkload221/ZN
 clkload222/ZN
 clkload223/ZN
 clkload224/ZN
 clkload225/Z
 clkload226/ZN
 clkload227/Z
 clkload228/ZN
 clkload229/ZN
 clkload23/ZN
 clkload230/Z
 clkload231/Z
 clkload232/ZN
 clkload233/ZN
 clkload234/ZN
 clkload235/ZN
 clkload236/Z
 clkload237/ZN
 clkload238/ZN
 clkload239/ZN
 clkload24/ZN
 clkload240/ZN
 clkload241/ZN
 clkload242/Z
 clkload243/Z
 clkload244/Z
 clkload245/ZN
 clkload246/ZN
 clkload247/ZN
 clkload248/ZN
 clkload249/ZN
 clkload25/ZN
 clkload250/Z
 clkload251/ZN
 clkload252/Z
 clkload253/ZN
 clkload254/ZN
 clkload255/Z
 clkload256/Z
 clkload257/Z
 clkload258/Z
 clkload259/ZN
 clkload26/Z
 clkload260/Z
 clkload261/ZN
 clkload262/ZN
 clkload263/Z
 clkload264/ZN
 clkload265/Z
 clkload266/Z
 clkload267/Z
 clkload268/ZN
 clkload269/ZN
 clkload27/ZN
 clkload270/Z
 clkload271/Z
 clkload272/ZN
 clkload273/ZN
 clkload274/ZN
 clkload275/ZN
 clkload276/ZN
 clkload277/ZN
 clkload278/ZN
 clkload279/ZN
 clkload28/ZN
 clkload280/ZN
 clkload281/Z
 clkload282/ZN
 clkload283/ZN
 clkload284/Z
 clkload285/ZN
 clkload286/ZN
 clkload287/ZN
 clkload288/ZN
 clkload289/Z
 clkload29/ZN
 clkload290/Z
 clkload291/ZN
 clkload292/Z
 clkload293/Z
 clkload294/Z
 clkload295/Z
 clkload296/Z
 clkload297/ZN
 clkload298/Z
 clkload299/Z
 clkload3/ZN
 clkload30/ZN
 clkload300/Z
 clkload301/ZN
 clkload302/Z
 clkload303/Z
 clkload304/Z
 clkload305/Z
 clkload306/Z
 clkload307/Z
 clkload308/Z
 clkload309/ZN
 clkload31/ZN
 clkload310/ZN
 clkload311/ZN
 clkload312/Z
 clkload313/Z
 clkload314/Z
 clkload315/ZN
 clkload316/Z
 clkload317/ZN
 clkload318/ZN
 clkload319/ZN
 clkload32/ZN
 clkload320/Z
 clkload321/Z
 clkload322/Z
 clkload323/Z
 clkload324/ZN
 clkload325/Z
 clkload326/Z
 clkload327/Z
 clkload328/Z
 clkload329/Z
 clkload33/ZN
 clkload330/Z
 clkload331/ZN
 clkload332/Z
 clkload333/Z
 clkload334/Z
 clkload335/Z
 clkload336/ZN
 clkload337/ZN
 clkload338/ZN
 clkload339/Z
 clkload34/ZN
 clkload340/Z
 clkload341/ZN
 clkload342/Z
 clkload343/ZN
 clkload344/Z
 clkload345/Z
 clkload346/Z
 clkload347/Z
 clkload348/ZN
 clkload349/ZN
 clkload35/ZN
 clkload350/ZN
 clkload351/ZN
 clkload352/Z
 clkload353/ZN
 clkload354/Z
 clkload355/Z
 clkload356/Z
 clkload357/Z
 clkload358/ZN
 clkload359/Z
 clkload36/ZN
 clkload360/Z
 clkload361/ZN
 clkload362/Z
 clkload363/ZN
 clkload364/Z
 clkload365/Z
 clkload366/Z
 clkload367/Z
 clkload368/ZN
 clkload369/Z
 clkload37/ZN
 clkload370/ZN
 clkload371/ZN
 clkload372/ZN
 clkload373/ZN
 clkload374/ZN
 clkload375/ZN
 clkload376/Z
 clkload377/ZN
 clkload378/Z
 clkload379/ZN
 clkload38/ZN
 clkload380/ZN
 clkload381/ZN
 clkload382/ZN
 clkload383/ZN
 clkload384/ZN
 clkload385/Z
 clkload386/ZN
 clkload387/Z
 clkload388/ZN
 clkload389/ZN
 clkload39/ZN
 clkload390/Z
 clkload391/Z
 clkload392/ZN
 clkload393/ZN
 clkload394/ZN
 clkload395/ZN
 clkload396/ZN
 clkload397/Z
 clkload398/Z
 clkload399/Z
 clkload4/ZN
 clkload40/ZN
 clkload400/Z
 clkload401/Z
 clkload402/ZN
 clkload403/ZN
 clkload404/ZN
 clkload405/Z
 clkload406/ZN
 clkload407/Z
 clkload408/Z
 clkload409/ZN
 clkload41/ZN
 clkload410/Z
 clkload411/Z
 clkload412/ZN
 clkload413/Z
 clkload414/ZN
 clkload415/ZN
 clkload416/Z
 clkload417/ZN
 clkload418/ZN
 clkload419/ZN
 clkload42/ZN
 clkload420/ZN
 clkload421/ZN
 clkload422/ZN
 clkload423/ZN
 clkload424/Z
 clkload425/ZN
 clkload426/ZN
 clkload427/ZN
 clkload428/ZN
 clkload429/ZN
 clkload43/ZN
 clkload430/Z
 clkload431/Z
 clkload432/Z
 clkload433/ZN
 clkload434/ZN
 clkload435/ZN
 clkload436/ZN
 clkload437/ZN
 clkload438/ZN
 clkload439/ZN
 clkload44/Z
 clkload440/ZN
 clkload441/ZN
 clkload442/ZN
 clkload443/Z
 clkload444/ZN
 clkload445/Z
 clkload446/Z
 clkload447/ZN
 clkload448/Z
 clkload449/Z
 clkload45/ZN
 clkload450/ZN
 clkload451/Z
 clkload452/Z
 clkload453/Z
 clkload454/Z
 clkload455/Z
 clkload456/Z
 clkload457/ZN
 clkload458/Z
 clkload459/Z
 clkload46/ZN
 clkload460/Z
 clkload461/Z
 clkload462/ZN
 clkload463/ZN
 clkload464/ZN
 clkload465/Z
 clkload466/Z
 clkload467/Z
 clkload468/Z
 clkload469/Z
 clkload47/Z
 clkload470/ZN
 clkload471/Z
 clkload472/Z
 clkload473/ZN
 clkload474/Z
 clkload475/Z
 clkload476/ZN
 clkload477/ZN
 clkload478/ZN
 clkload479/Z
 clkload48/ZN
 clkload480/ZN
 clkload481/ZN
 clkload482/Z
 clkload483/ZN
 clkload484/ZN
 clkload485/ZN
 clkload486/ZN
 clkload487/ZN
 clkload488/ZN
 clkload489/Z
 clkload49/ZN
 clkload490/Z
 clkload491/Z
 clkload492/ZN
 clkload493/ZN
 clkload494/Z
 clkload495/Z
 clkload496/Z
 clkload497/ZN
 clkload498/Z
 clkload499/ZN
 clkload5/ZN
 clkload50/ZN
 clkload500/Z
 clkload501/Z
 clkload502/ZN
 clkload503/Z
 clkload504/ZN
 clkload505/Z
 clkload506/ZN
 clkload507/Z
 clkload508/ZN
 clkload509/Z
 clkload51/ZN
 clkload510/Z
 clkload511/ZN
 clkload512/Z
 clkload513/ZN
 clkload514/Z
 clkload515/Z
 clkload516/ZN
 clkload517/Z
 clkload518/ZN
 clkload519/Z
 clkload52/ZN
 clkload520/Z
 clkload521/Z
 clkload522/Z
 clkload523/Z
 clkload524/ZN
 clkload525/Z
 clkload526/ZN
 clkload527/ZN
 clkload528/ZN
 clkload529/Z
 clkload53/ZN
 clkload530/Z
 clkload531/ZN
 clkload532/Z
 clkload533/Z
 clkload534/Z
 clkload535/Z
 clkload536/Z
 clkload537/Z
 clkload538/ZN
 clkload539/Z
 clkload54/ZN
 clkload540/ZN
 clkload541/ZN
 clkload542/ZN
 clkload543/Z
 clkload544/Z
 clkload545/ZN
 clkload546/Z
 clkload547/ZN
 clkload548/ZN
 clkload549/Z
 clkload55/ZN
 clkload550/ZN
 clkload551/ZN
 clkload552/ZN
 clkload553/Z
 clkload554/ZN
 clkload555/Z
 clkload556/Z
 clkload557/Z
 clkload558/Z
 clkload559/Z
 clkload56/ZN
 clkload560/Z
 clkload561/Z
 clkload562/Z
 clkload563/ZN
 clkload564/ZN
 clkload565/ZN
 clkload566/ZN
 clkload567/ZN
 clkload568/Z
 clkload569/ZN
 clkload57/ZN
 clkload570/ZN
 clkload571/Z
 clkload572/Z
 clkload573/Z
 clkload574/ZN
 clkload575/Z
 clkload576/ZN
 clkload577/ZN
 clkload578/ZN
 clkload579/Z
 clkload58/ZN
 clkload580/ZN
 clkload581/ZN
 clkload582/Z
 clkload583/Z
 clkload584/ZN
 clkload585/ZN
 clkload586/ZN
 clkload587/ZN
 clkload588/ZN
 clkload589/ZN
 clkload59/Z
 clkload590/ZN
 clkload591/ZN
 clkload592/ZN
 clkload593/Z
 clkload594/ZN
 clkload595/Z
 clkload596/ZN
 clkload597/ZN
 clkload598/Z
 clkload599/ZN
 clkload6/ZN
 clkload60/ZN
 clkload600/ZN
 clkload601/ZN
 clkload602/Z
 clkload603/ZN
 clkload604/ZN
 clkload605/ZN
 clkload606/ZN
 clkload607/Z
 clkload61/ZN
 clkload62/ZN
 clkload63/ZN
 clkload64/ZN
 clkload65/Z
 clkload66/Z
 clkload67/Z
 clkload68/ZN
 clkload69/ZN
 clkload7/ZN
 clkload70/Z
 clkload71/ZN
 clkload72/Z
 clkload73/Z
 clkload74/ZN
 clkload75/ZN
 clkload76/Z
 clkload77/Z
 clkload78/Z
 clkload79/Z
 clkload8/ZN
 clkload80/Z
 clkload81/ZN
 clkload82/ZN
 clkload83/ZN
 clkload84/ZN
 clkload85/Z
 clkload86/ZN
 clkload87/Z
 clkload88/ZN
 clkload89/ZN
 clkload9/ZN
 clkload90/ZN
 clkload91/ZN
 clkload92/ZN
 clkload93/Z
 clkload94/Z
 clkload95/ZN
 clkload96/ZN
 clkload97/ZN
 clkload98/ZN
 clkload99/Z
Found 0 partially unannotated drivers.

===========================================================================
max slew violation count 0
max fanout violation count 40
max cap violation count 533
============================================================================

===========================================================================
check_setup -verbose -unconstrained_endpoints -multiple_clock -no_clock -no_input_delay -loops -generated_clocks
===========================================================================
Warning: There are 18 unconstrained endpoints.
  clk_PD
  clk_PU
  cs_n_PD
  cs_n_PU
  miso_CS
  miso_IE
  miso_OE
  miso_PD
  miso_PDRV0
  miso_PDRV1
  miso_PU
  miso_SL
  mosi_PD
  mosi_PU
  rst_PD
  rst_PU
  sclk_PD
  sclk_PU
