148. Printing statistics.

=== ascon_top ===

   Number of wires:              19608
   Number of wire bits:          23022
   Number of public wires:         143
   Number of public wire bits:    3557
   Number of ports:                  6
   Number of port bits:              6
   Number of memories:               0
   Number of memory bits:            0
   Number of processes:              0
   Number of cells:              22547
     $_ANDNOT_                    4543
     $_AND_                        192
     $_MUX_                       5045
     $_NAND_                       170
     $_NOR_                        397
     $_NOT_                       1528
     $_ORNOT_                      197
     $_OR_                        6047
     $_XNOR_                       662
     $_XOR_                        960
     gf180mcu_fd_sc_mcu7t5v0__dffq_1   2048
     gf180mcu_fd_sc_mcu7t5v0__dffrnq_1    753
     gf180mcu_fd_sc_mcu7t5v0__dffsnq_1      5

   Area for cell type $_NOT_ is unknown!
   Area for cell type $_AND_ is unknown!
   Area for cell type $_NAND_ is unknown!
   Area for cell type $_OR_ is unknown!
   Area for cell type $_NOR_ is unknown!
   Area for cell type $_XOR_ is unknown!
   Area for cell type $_XNOR_ is unknown!
   Area for cell type $_ANDNOT_ is unknown!
   Area for cell type $_ORNOT_ is unknown!
   Area for cell type $_MUX_ is unknown!

   Chip area for module '\ascon_top': 186973.964800
     of which used for sequential elements: 186973.964800 (100.00%)

