156. Printing statistics.

=== ascon_top ===

   Number of wires:              15365
   Number of wire bits:          15365
   Number of public wires:        3009
   Number of public wire bits:    3009
   Number of ports:                  6
   Number of port bits:              6
   Number of memories:               0
   Number of memory bits:            0
   Number of processes:              0
   Number of cells:              15360
     gf180mcu_fd_sc_mcu7t5v0__and2_1     58
     gf180mcu_fd_sc_mcu7t5v0__and3_1      7
     gf180mcu_fd_sc_mcu7t5v0__and4_1     20
     gf180mcu_fd_sc_mcu7t5v0__aoi211_1    103
     gf180mcu_fd_sc_mcu7t5v0__aoi21_1    546
     gf180mcu_fd_sc_mcu7t5v0__aoi221_1    397
     gf180mcu_fd_sc_mcu7t5v0__aoi222_1     70
     gf180mcu_fd_sc_mcu7t5v0__aoi22_1   1019
     gf180mcu_fd_sc_mcu7t5v0__clkinv_1   1144
     gf180mcu_fd_sc_mcu7t5v0__dffq_1   2048
     gf180mcu_fd_sc_mcu7t5v0__dffrnq_1    753
     gf180mcu_fd_sc_mcu7t5v0__dffsnq_1      5
     gf180mcu_fd_sc_mcu7t5v0__mux2_2    270
     gf180mcu_fd_sc_mcu7t5v0__nand2_1   2988
     gf180mcu_fd_sc_mcu7t5v0__nand3_1    508
     gf180mcu_fd_sc_mcu7t5v0__nand4_1    152
     gf180mcu_fd_sc_mcu7t5v0__nor2_1    511
     gf180mcu_fd_sc_mcu7t5v0__nor3_1    142
     gf180mcu_fd_sc_mcu7t5v0__nor4_1     73
     gf180mcu_fd_sc_mcu7t5v0__oai211_1    358
     gf180mcu_fd_sc_mcu7t5v0__oai21_1   2630
     gf180mcu_fd_sc_mcu7t5v0__oai221_1    124
     gf180mcu_fd_sc_mcu7t5v0__oai222_1     12
     gf180mcu_fd_sc_mcu7t5v0__oai22_1    161
     gf180mcu_fd_sc_mcu7t5v0__oai31_1     34
     gf180mcu_fd_sc_mcu7t5v0__oai32_1     29
     gf180mcu_fd_sc_mcu7t5v0__oai33_1      1
     gf180mcu_fd_sc_mcu7t5v0__or2_1     52
     gf180mcu_fd_sc_mcu7t5v0__or3_1     18
     gf180mcu_fd_sc_mcu7t5v0__or4_1     11
     gf180mcu_fd_sc_mcu7t5v0__xnor2_1    186
     gf180mcu_fd_sc_mcu7t5v0__xnor3_1     96
     gf180mcu_fd_sc_mcu7t5v0__xor2_1    602
     gf180mcu_fd_sc_mcu7t5v0__xor3_1    232

   Chip area for module '\ascon_top': 408111.827200
     of which used for sequential elements: 186973.964800 (45.81%)

