Clock: clk
Sources: clk 
Generated: no
Virtual: yes
Propagated: no
Period: 20.000000

===========================================================================
report_clock_properties
============================================================================
Clock                   Period          Waveform
----------------------------------------------------
clk                  20.000000    0.000000 10.000000

===========================================================================
report_clock_latency
============================================================================
Clock clk
rise -> rise
    min     max
0.000000 0.000000 source latency
27.358393         network latency _26281_/CLK
        28.023533 network latency _25321_/CLK
---------------
27.358393 28.023533 latency
        0.665139 skew

fall -> fall
    min     max
0.000000 0.000000 source latency
17.110033         network latency _26281_/CLK
        17.773432 network latency _25572_/CLK
---------------
17.110033 17.773432 latency
        0.663398 skew



===========================================================================
report_clock_min_period
============================================================================
clk period_min = 81.63 fmax = 12.25
