Clock: clk
Sources: clk 
Generated: no
Virtual: yes
Propagated: no
Period: 20.000000

===========================================================================
report_clock_properties
============================================================================
Clock                   Period          Waveform
----------------------------------------------------
clk                  20.000000    0.000000 10.000000

===========================================================================
report_clock_latency
============================================================================
Clock clk
rise -> rise
    min     max
0.000000 0.000000 source latency
3.664506         network latency _25369_/CLK
        4.720312 network latency _26139_/CLK
---------------
3.664506 4.720312 latency
        1.055806 skew

fall -> fall
    min     max
0.000000 0.000000 source latency
3.702356         network latency _25369_/CLK
        4.939414 network latency _26139_/CLK
---------------
3.702356 4.939414 latency
        1.237058 skew



===========================================================================
report_clock_min_period
============================================================================
clk period_min = 24.88 fmax = 40.20
