
===========================================================================
report_checks -unconstrained
===========================================================================
======================= min_ss_125C_4v50 Corner ===================================

Startpoint: rst (input port clocked by clk)
Endpoint: _25481_ (recovery check against rising-edge clock clk)
Path Group: asynchronous
Path Type: max

Fanout         Cap        Slew       Delay        Time   Description
---------------------------------------------------------------------------------------------
                                  0.000000    0.000000   clock clk (rise edge)
                                  0.000000    0.000000   clock network delay (propagated)
                                  8.000000    8.000000 v input external delay
     1    0.006104    0.145975    0.059883    8.059883 v rst (in)
                                                         rst (net)
                      0.145975    0.000000    8.059883 v input3/I (gf180mcu_fd_sc_mcu7t5v0__buf_2)
     4    0.160620    1.318461    1.124461    9.184344 v input3/Z (gf180mcu_fd_sc_mcu7t5v0__buf_2)
                                                         net3 (net)
                      1.318461    0.000790    9.185135 v fanout1867/I (gf180mcu_fd_sc_mcu7t5v0__buf_2)
     5    0.098325    0.837044    1.161002   10.346137 v fanout1867/Z (gf180mcu_fd_sc_mcu7t5v0__buf_2)
                                                         net1867 (net)
                      0.837044    0.000492   10.346629 v fanout1846/I (gf180mcu_fd_sc_mcu7t5v0__buf_2)
     6    0.096135    0.815517    1.024383   11.371012 v fanout1846/Z (gf180mcu_fd_sc_mcu7t5v0__buf_2)
                                                         net1846 (net)
                      0.815517    0.000593   11.371605 v fanout1845/I (gf180mcu_fd_sc_mcu7t5v0__buf_2)
     8    0.080508    0.695601    0.945031   12.316636 v fanout1845/Z (gf180mcu_fd_sc_mcu7t5v0__buf_2)
                                                         net1845 (net)
                      0.695657    0.003528   12.320164 v fanout1841/I (gf180mcu_fd_sc_mcu7t5v0__buf_2)
    10    0.102088    0.861273    1.015113   13.335278 v fanout1841/Z (gf180mcu_fd_sc_mcu7t5v0__buf_2)
                                                         net1841 (net)
                      0.861287    0.001955   13.337233 v _24723_/I (gf180mcu_fd_sc_mcu7t5v0__clkinv_1)
     1    0.008171    0.442446    0.409807   13.747040 ^ _24723_/ZN (gf180mcu_fd_sc_mcu7t5v0__clkinv_1)
                                                         _00642_ (net)
                      0.442446    0.000083   13.747122 ^ _25481_/RN (gf180mcu_fd_sc_mcu7t5v0__dffrnq_1)
                                             13.747122   data arrival time

                                 40.000000   40.000000   clock clk (rise edge)
                                  0.000000   40.000000   clock source latency
     1    0.140515    1.004549    0.563176   40.563175 ^ clk (in)
                                                         clk (net)
                      1.006215    0.000000   40.563175 ^ clkbuf_0_clk/I (gf180mcu_fd_sc_mcu7t5v0__clkbuf_16)
     4    0.241921    0.509150    0.808367   41.371544 ^ clkbuf_0_clk/Z (gf180mcu_fd_sc_mcu7t5v0__clkbuf_16)
                                                         clknet_0_clk (net)
                      0.509233    0.009656   41.381199 ^ clkbuf_2_2_0_clk/I (gf180mcu_fd_sc_mcu7t5v0__clkbuf_8)
    16    0.427538    1.507291    1.283929   42.665131 ^ clkbuf_2_2_0_clk/Z (gf180mcu_fd_sc_mcu7t5v0__clkbuf_8)
                                                         clknet_2_2_0_clk (net)
                      1.508414    0.022499   42.687630 ^ clkbuf_6_42_0_clk/I (gf180mcu_fd_sc_mcu7t5v0__clkbuf_8)
     7    0.127388    0.533655    0.875044   43.562672 ^ clkbuf_6_42_0_clk/Z (gf180mcu_fd_sc_mcu7t5v0__clkbuf_8)
                                                         clknet_6_42_0_clk (net)
                      0.533657    0.001393   43.564064 ^ _25481_/CLK (gf180mcu_fd_sc_mcu7t5v0__dffrnq_1)
                                 -0.250000   43.314064   clock uncertainty
                                  0.000000   43.314064   clock reconvergence pessimism
                                  0.492595   43.806660   library recovery time
                                             43.806660   data required time
---------------------------------------------------------------------------------------------
                                             43.806660   data required time
                                            -13.747122   data arrival time
---------------------------------------------------------------------------------------------
                                             30.059536   slack (MET)


Startpoint: _25494_ (rising edge-triggered flip-flop clocked by clk)
Endpoint: _25324_ (rising edge-triggered flip-flop clocked by clk)
Path Group: clk
Path Type: max

Fanout         Cap        Slew       Delay        Time   Description
---------------------------------------------------------------------------------------------
                                  0.000000    0.000000   clock clk (rise edge)
                                  0.000000    0.000000   clock source latency
     1    0.140515    1.004549    0.563177    0.563177 ^ clk (in)
                                                         clk (net)
                      1.006215    0.000000    0.563177 ^ clkbuf_0_clk/I (gf180mcu_fd_sc_mcu7t5v0__clkbuf_16)
     4    0.241921    0.509150    0.808367    1.371543 ^ clkbuf_0_clk/Z (gf180mcu_fd_sc_mcu7t5v0__clkbuf_16)
                                                         clknet_0_clk (net)
                      0.509264    0.011348    1.382891 ^ clkbuf_2_0_0_clk/I (gf180mcu_fd_sc_mcu7t5v0__clkbuf_8)
    16    0.377922    1.348287    1.202797    2.585689 ^ clkbuf_2_0_0_clk/Z (gf180mcu_fd_sc_mcu7t5v0__clkbuf_8)
                                                         clknet_2_0_0_clk (net)
                      1.348848    0.015468    2.601157 ^ clkbuf_6_11_0_clk/I (gf180mcu_fd_sc_mcu7t5v0__clkbuf_8)
     9    0.178614    0.691918    0.955395    3.556552 ^ clkbuf_6_11_0_clk/Z (gf180mcu_fd_sc_mcu7t5v0__clkbuf_8)
                                                         clknet_6_11_0_clk (net)
                      0.691921    0.002536    3.559088 ^ clkbuf_leaf_499_clk/I (gf180mcu_fd_sc_mcu7t5v0__clkbuf_8)
     8    0.044438    0.265042    0.581239    4.140326 ^ clkbuf_leaf_499_clk/Z (gf180mcu_fd_sc_mcu7t5v0__clkbuf_8)
                                                         clknet_leaf_499_clk (net)
                      0.265042    0.000599    4.140925 ^ _25494_/CLK (gf180mcu_fd_sc_mcu7t5v0__dffrnq_1)
     1    0.008399    0.405430    1.766918    5.907844 ^ _25494_/Q (gf180mcu_fd_sc_mcu7t5v0__dffrnq_1)
                                                         pp_inst.core_inst.reg_cnt_i.data_q[0] (net)
                      0.405430    0.000181    5.908025 ^ fanout1702/I (gf180mcu_fd_sc_mcu7t5v0__clkbuf_4)
     7    0.191059    1.352130    1.188282    7.096307 ^ fanout1702/Z (gf180mcu_fd_sc_mcu7t5v0__clkbuf_4)
                                                         net1702 (net)
                      1.352153    0.003164    7.099471 ^ fanout1700/I (gf180mcu_fd_sc_mcu7t5v0__clkbuf_4)
    10    0.146072    1.058831    1.197171    8.296642 ^ fanout1700/Z (gf180mcu_fd_sc_mcu7t5v0__clkbuf_4)
                                                         net1700 (net)
                      1.058861    0.003132    8.299773 ^ _12382_/I (gf180mcu_fd_sc_mcu7t5v0__clkinv_3)
     3    0.137141    1.290876    1.041241    9.341015 v _12382_/ZN (gf180mcu_fd_sc_mcu7t5v0__clkinv_3)
                                                         _09184_ (net)
                      1.290922    0.004389    9.345404 v fanout1699/I (gf180mcu_fd_sc_mcu7t5v0__buf_4)
    10    0.236106    0.981069    1.203184   10.548588 v fanout1699/Z (gf180mcu_fd_sc_mcu7t5v0__buf_4)
                                                         net1699 (net)
                      0.981080    0.001840   10.550428 v fanout1698/I (gf180mcu_fd_sc_mcu7t5v0__buf_4)
    10    0.170948    0.728633    0.981174   11.531603 v fanout1698/Z (gf180mcu_fd_sc_mcu7t5v0__buf_4)
                                                         net1698 (net)
                      0.728743    0.005071   11.536674 v _13346_/B (gf180mcu_fd_sc_mcu7t5v0__aoi21_2)
     2    0.128366    3.709844    2.366941   13.903616 ^ _13346_/ZN (gf180mcu_fd_sc_mcu7t5v0__aoi21_2)
                                                         _09960_ (net)
                      3.709991    0.012959   13.916574 ^ fanout1553/I (gf180mcu_fd_sc_mcu7t5v0__buf_3)
     6    0.120087    1.181503    1.163010   15.079584 ^ fanout1553/Z (gf180mcu_fd_sc_mcu7t5v0__buf_3)
                                                         net1553 (net)
                      1.181533    0.003094   15.082679 ^ fanout1552/I (gf180mcu_fd_sc_mcu7t5v0__clkbuf_4)
    10    0.132693    0.966182    1.120016   16.202694 ^ fanout1552/Z (gf180mcu_fd_sc_mcu7t5v0__clkbuf_4)
                                                         net1552 (net)
                      0.966326    0.006475   16.209169 ^ _13349_/A2 (gf180mcu_fd_sc_mcu7t5v0__nor2_1)
     1    0.014054    0.593023    0.499385   16.708555 v _13349_/ZN (gf180mcu_fd_sc_mcu7t5v0__nor2_1)
                                                         _09963_ (net)
                      0.593023    0.000517   16.709072 v fanout1462/I (gf180mcu_fd_sc_mcu7t5v0__clkbuf_4)
     8    0.157906    1.158985    1.192014   17.901085 v fanout1462/Z (gf180mcu_fd_sc_mcu7t5v0__clkbuf_4)
                                                         net1462 (net)
                      1.159040    0.004563   17.905649 v fanout1458/I (gf180mcu_fd_sc_mcu7t5v0__buf_2)
     5    0.072134    0.637553    0.996360   18.902010 v fanout1458/Z (gf180mcu_fd_sc_mcu7t5v0__buf_2)
                                                         net1458 (net)
                      0.637556    0.000844   18.902853 v fanout1457/I (gf180mcu_fd_sc_mcu7t5v0__buf_2)
     7    0.073734    0.643369    0.861727   19.764580 v fanout1457/Z (gf180mcu_fd_sc_mcu7t5v0__buf_2)
                                                         net1457 (net)
                      0.643438    0.003775   19.768354 v fanout1456/I (gf180mcu_fd_sc_mcu7t5v0__clkbuf_4)
    10    0.114406    0.867019    1.024029   20.792383 v fanout1456/Z (gf180mcu_fd_sc_mcu7t5v0__clkbuf_4)
                                                         net1456 (net)
                      0.867123    0.005345   20.797729 v _13489_/A2 (gf180mcu_fd_sc_mcu7t5v0__aoi221_2)
     1    0.012159    1.476102    0.991804   21.789532 ^ _13489_/ZN (gf180mcu_fd_sc_mcu7t5v0__aoi221_2)
                                                         _10101_ (net)
                      1.476102    0.000149   21.789682 ^ _13492_/A2 (gf180mcu_fd_sc_mcu7t5v0__aoi21_2)
     1    0.022133    0.602230    0.387558   22.177240 v _13492_/ZN (gf180mcu_fd_sc_mcu7t5v0__aoi21_2)
                                                         _10104_ (net)
                      0.602230    0.000529   22.177769 v _13493_/B1 (gf180mcu_fd_sc_mcu7t5v0__aoi22_4)
     4    0.125415    2.376373    1.553243   23.731012 ^ _13493_/ZN (gf180mcu_fd_sc_mcu7t5v0__aoi22_4)
                                                         _10105_ (net)
                      2.376390    0.009800   23.740812 ^ _13495_/A2 (gf180mcu_fd_sc_mcu7t5v0__xor2_1)
     2    0.040541    2.490587    1.736053   25.476866 ^ _13495_/Z (gf180mcu_fd_sc_mcu7t5v0__xor2_1)
                                                         _10107_ (net)
                      2.490587    0.000625   25.477491 ^ _13496_/A2 (gf180mcu_fd_sc_mcu7t5v0__aoi21_2)
     2    0.030550    0.871445    0.474481   25.951971 v _13496_/ZN (gf180mcu_fd_sc_mcu7t5v0__aoi21_2)
                                                         _10108_ (net)
                      0.871445    0.000611   25.952583 v _13498_/B2 (gf180mcu_fd_sc_mcu7t5v0__aoi221_4)
     6    0.122992    3.495150    2.377702   28.330284 ^ _13498_/ZN (gf180mcu_fd_sc_mcu7t5v0__aoi221_4)
                                                         _10110_ (net)
                      3.495159    0.009020   28.339306 ^ _13499_/A2 (gf180mcu_fd_sc_mcu7t5v0__nor2_1)
     4    0.025463    1.399322    0.939242   29.278547 v _13499_/ZN (gf180mcu_fd_sc_mcu7t5v0__nor2_1)
                                                         _10111_ (net)
                      1.399322    0.000314   29.278862 v _18848_/A3 (gf180mcu_fd_sc_mcu7t5v0__nand3_1)
     1    0.006620    0.703996    0.737034   30.015894 ^ _18848_/ZN (gf180mcu_fd_sc_mcu7t5v0__nand3_1)
                                                         _06003_ (net)
                      0.703996    0.000135   30.016029 ^ _18850_/B1 (gf180mcu_fd_sc_mcu7t5v0__aoi221_1)
     1    0.005657    0.793644    0.522743   30.538773 v _18850_/ZN (gf180mcu_fd_sc_mcu7t5v0__aoi221_1)
                                                         _06005_ (net)
                      0.793644    0.000053   30.538826 v _18852_/B1 (gf180mcu_fd_sc_mcu7t5v0__oai221_1)
     1    0.005706    1.283335    0.943505   31.482330 ^ _18852_/ZN (gf180mcu_fd_sc_mcu7t5v0__oai221_1)
                                                         _06007_ (net)
                      1.283335    0.000057   31.482388 ^ _18857_/A1 (gf180mcu_fd_sc_mcu7t5v0__aoi22_1)
     1    0.004372    0.575564    0.291845   31.774233 v _18857_/ZN (gf180mcu_fd_sc_mcu7t5v0__aoi22_1)
                                                         pp_inst.core_inst.reg_state_i.data_d[157] (net)
                      0.575564    0.000085   31.774317 v _25324_/D (gf180mcu_fd_sc_mcu7t5v0__dffrnq_1)
                                             31.774317   data arrival time

                                 40.000000   40.000000   clock clk (rise edge)
                                  0.000000   40.000000   clock source latency
     1    0.140515    1.004549    0.563176   40.563175 ^ clk (in)
                                                         clk (net)
                      1.006215    0.000000   40.563175 ^ clkbuf_0_clk/I (gf180mcu_fd_sc_mcu7t5v0__clkbuf_16)
     4    0.241921    0.509150    0.808367   41.371544 ^ clkbuf_0_clk/Z (gf180mcu_fd_sc_mcu7t5v0__clkbuf_16)
                                                         clknet_0_clk (net)
                      0.509233    0.009656   41.381199 ^ clkbuf_2_2_0_clk/I (gf180mcu_fd_sc_mcu7t5v0__clkbuf_8)
    16    0.427538    1.507291    1.283929   42.665131 ^ clkbuf_2_2_0_clk/Z (gf180mcu_fd_sc_mcu7t5v0__clkbuf_8)
                                                         clknet_2_2_0_clk (net)
                      1.508414    0.022499   42.687630 ^ clkbuf_6_42_0_clk/I (gf180mcu_fd_sc_mcu7t5v0__clkbuf_8)
     7    0.127388    0.533655    0.875044   43.562672 ^ clkbuf_6_42_0_clk/Z (gf180mcu_fd_sc_mcu7t5v0__clkbuf_8)
                                                         clknet_6_42_0_clk (net)
                      0.533659    0.002039   43.564713 ^ _25324_/CLK (gf180mcu_fd_sc_mcu7t5v0__dffrnq_1)
                                 -0.250000   43.314713   clock uncertainty
                                  0.000000   43.314713   clock reconvergence pessimism
                                 -0.308020   43.006691   library setup time
                                             43.006691   data required time
---------------------------------------------------------------------------------------------
                                             43.006691   data required time
                                            -31.774317   data arrival time
---------------------------------------------------------------------------------------------
                                             11.232373   slack (MET)




===========================================================================
report_checks --slack_max -0.01
============================================================================
======================= min_ss_125C_4v50 Corner ===================================

No paths found.


===========================================================================
 report_check_types -max_slew -max_cap -max_fanout -violators
============================================================================
======================= min_ss_125C_4v50 Corner ===================================

max slew

Pin                                        Limit        Slew       Slack
------------------------------------------------------------------------
_17803_/A2                              3.000000    6.411406   -3.411406 (VIOLATED)
_17802_/Z                               3.000000    6.411341   -3.411341 (VIOLATED)
_18435_/A2                              3.000000    5.690530   -2.690531 (VIOLATED)
_18512_/A2                              3.000000    5.690530   -2.690530 (VIOLATED)
_17781_/Z                               3.000000    5.690487   -2.690487 (VIOLATED)
_17785_/A2                              3.000000    5.690487   -2.690487 (VIOLATED)
_18435_/A1                              3.000000    4.923418   -1.923418 (VIOLATED)
_17638_/Z                               3.000000    4.923366   -1.923366 (VIOLATED)
_17646_/A1                              3.000000    4.923366   -1.923366 (VIOLATED)
_18359_/A1                              3.000000    4.923366   -1.923366 (VIOLATED)
_17709_/A1                              3.000000    4.815247   -1.815247 (VIOLATED)
_18391_/A1                              3.000000    4.815248   -1.815248 (VIOLATED)
_17700_/Z                               3.000000    4.815212   -1.815212 (VIOLATED)
_18468_/A2                              3.000000    4.815212   -1.815212 (VIOLATED)
fanout1661/I                            3.000000    4.457164   -1.457164 (VIOLATED)
fanout1676/I                            3.000000    4.457164   -1.457164 (VIOLATED)
fanout1653/I                            3.000000    4.457159   -1.457159 (VIOLATED)
_12809_/ZN                              3.000000    4.457140   -1.457140 (VIOLATED)
fanout1646/I                            3.000000    4.457140   -1.457140 (VIOLATED)
_17872_/A1                              3.000000    4.358890   -1.358890 (VIOLATED)
_14278_/A2                              3.000000    4.358888   -1.358888 (VIOLATED)
_18328_/A2                              3.000000    4.358889   -1.358889 (VIOLATED)
_19423_/A1                              3.000000    4.358890   -1.358890 (VIOLATED)
_14875_/A1                              3.000000    4.358887   -1.358887 (VIOLATED)
_14279_/A3                              3.000000    4.358885   -1.358885 (VIOLATED)
_14277_/ZN                              3.000000    4.358872   -1.358872 (VIOLATED)
_19631_/A1                              3.000000    4.354509   -1.354509 (VIOLATED)
_19313_/A1                              3.000000    4.354497   -1.354497 (VIOLATED)
_19259_/Z                               3.000000    4.354463   -1.354463 (VIOLATED)
_19268_/A1                              3.000000    4.354463   -1.354463 (VIOLATED)
_13552_/A2                              3.000000    4.212081   -1.212081 (VIOLATED)
_18083_/A1                              3.000000    4.212082   -1.212082 (VIOLATED)
_19634_/A1                              3.000000    4.212081   -1.212082 (VIOLATED)
_14788_/A1                              3.000000    4.212078   -1.212078 (VIOLATED)
_18497_/A2                              3.000000    4.212076   -1.212076 (VIOLATED)
_13553_/A3                              3.000000    4.212074   -1.212074 (VIOLATED)
_13551_/ZN                              3.000000    4.212057   -1.212057 (VIOLATED)
_14932_/ZN                              3.000000    4.076057   -1.076057 (VIOLATED)
_14933_/A2                              3.000000    4.076057   -1.076057 (VIOLATED)
_14934_/A2                              3.000000    4.076057   -1.076057 (VIOLATED)
_17972_/A1                              3.000000    4.048832   -1.048832 (VIOLATED)
_18409_/A2                              3.000000    4.048832   -1.048832 (VIOLATED)
_13955_/A2                              3.000000    4.048831   -1.048831 (VIOLATED)
_13956_/A3                              3.000000    4.048831   -1.048831 (VIOLATED)
_18755_/A1                              3.000000    4.048831   -1.048832 (VIOLATED)
_19532_/A1                              3.000000    4.048832   -1.048832 (VIOLATED)
_14838_/A1                              3.000000    4.048830   -1.048830 (VIOLATED)
_13954_/ZN                              3.000000    4.048820   -1.048821 (VIOLATED)
fanout586/I                             3.000000    4.011681   -1.011681 (VIOLATED)
fanout582/I                             3.000000    4.011622   -1.011622 (VIOLATED)
_23503_/ZN                              3.000000    4.011578   -1.011578 (VIOLATED)
_18014_/A1                              3.000000    3.922774   -0.922774 (VIOLATED)
_18442_/A2                              3.000000    3.922774   -0.922774 (VIOLATED)
_13815_/A2                              3.000000    3.922772   -0.922773 (VIOLATED)
_14824_/A1                              3.000000    3.922772   -0.922772 (VIOLATED)
_19574_/A1                              3.000000    3.922772   -0.922773 (VIOLATED)
_13814_/ZN                              3.000000    3.922764   -0.922764 (VIOLATED)
_13649_/A2                              3.000000    3.910628   -0.910628 (VIOLATED)
_14807_/A1                              3.000000    3.910627   -0.910627 (VIOLATED)
_18056_/A1                              3.000000    3.910628   -0.910628 (VIOLATED)
_18475_/A2                              3.000000    3.910628   -0.910628 (VIOLATED)
_19610_/A1                              3.000000    3.910628   -0.910628 (VIOLATED)
_13650_/A3                              3.000000    3.910625   -0.910625 (VIOLATED)
_13648_/ZN                              3.000000    3.910616   -0.910617 (VIOLATED)
_13908_/A2                              3.000000    3.900091   -0.900091 (VIOLATED)
_17987_/A1                              3.000000    3.900091   -0.900091 (VIOLATED)
_18420_/A2                              3.000000    3.900091   -0.900091 (VIOLATED)
_19547_/A1                              3.000000    3.900091   -0.900091 (VIOLATED)
_14833_/A1                              3.000000    3.900087   -0.900087 (VIOLATED)
_13909_/A3                              3.000000    3.900085   -0.900085 (VIOLATED)
_13907_/ZN                              3.000000    3.900073   -0.900073 (VIOLATED)
_13980_/A2                              3.000000    3.822518   -0.822519 (VIOLATED)
_14372_/A2                              3.000000    3.822519   -0.822519 (VIOLATED)
_13971_/Z                               3.000000    3.822500   -0.822500 (VIOLATED)
_14907_/A2                              3.000000    3.822500   -0.822500 (VIOLATED)
_14785_/Z                               3.000000    3.796427   -0.796427 (VIOLATED)
_14786_/A2                              3.000000    3.796427   -0.796427 (VIOLATED)
_18070_/A1                              3.000000    3.786610   -0.786610 (VIOLATED)
_18486_/A2                              3.000000    3.786610   -0.786610 (VIOLATED)
_18828_/A1                              3.000000    3.786610   -0.786610 (VIOLATED)
_19622_/A1                              3.000000    3.786610   -0.786610 (VIOLATED)
_13601_/A2                              3.000000    3.786609   -0.786609 (VIOLATED)
_13602_/A3                              3.000000    3.786607   -0.786607 (VIOLATED)
_14802_/A1                              3.000000    3.786606   -0.786606 (VIOLATED)
_13600_/ZN                              3.000000    3.786597   -0.786597 (VIOLATED)
_14048_/A2                              3.000000    3.779064   -0.779064 (VIOLATED)
_17943_/A1                              3.000000    3.779065   -0.779065 (VIOLATED)
_18387_/A2                              3.000000    3.779065   -0.779065 (VIOLATED)
_19501_/A1                              3.000000    3.779065   -0.779065 (VIOLATED)
_14049_/A3                              3.000000    3.779062   -0.779062 (VIOLATED)
_14851_/A1                              3.000000    3.779058   -0.779058 (VIOLATED)
_14047_/ZN                              3.000000    3.779051   -0.779051 (VIOLATED)
fanout1553/I                            3.000000    3.709991   -0.709991 (VIOLATED)
fanout1549/I                            3.000000    3.709869   -0.709869 (VIOLATED)
_13346_/ZN                              3.000000    3.709844   -0.709844 (VIOLATED)
_13960_/Z                               3.000000    3.690964   -0.690964 (VIOLATED)
_13961_/A3                              3.000000    3.690964   -0.690964 (VIOLATED)
_14153_/A3                              3.000000    3.690964   -0.690964 (VIOLATED)
_26546_/D                               3.000000    3.688269   -0.688269 (VIOLATED)
_21818_/ZN                              3.000000    3.688246   -0.688247 (VIOLATED)
_18111_/A1                              3.000000    3.651565   -0.651565 (VIOLATED)
_19658_/A1                              3.000000    3.651565   -0.651565 (VIOLATED)
_14762_/A1                              3.000000    3.651563   -0.651563 (VIOLATED)
_13448_/A2                              3.000000    3.651563   -0.651563 (VIOLATED)
_13449_/A3                              3.000000    3.651563   -0.651563 (VIOLATED)
_13447_/ZN                              3.000000    3.651555   -0.651555 (VIOLATED)
_18001_/A1                              3.000000    3.622856   -0.622856 (VIOLATED)
_18431_/A2                              3.000000    3.622856   -0.622856 (VIOLATED)
_19562_/A1                              3.000000    3.622856   -0.622856 (VIOLATED)
_13866_/A2                              3.000000    3.622855   -0.622855 (VIOLATED)
_13867_/A3                              3.000000    3.622853   -0.622853 (VIOLATED)
_14828_/A1                              3.000000    3.622853   -0.622853 (VIOLATED)
_13865_/ZN                              3.000000    3.622846   -0.622846 (VIOLATED)
_13471_/ZN                              3.000000    3.614574   -0.614574 (VIOLATED)
_13480_/A1                              3.000000    3.614574   -0.614574 (VIOLATED)
_14372_/A1                              3.000000    3.614574   -0.614574 (VIOLATED)
_14679_/A1                              3.000000    3.614574   -0.614574 (VIOLATED)
_17765_/Z                               3.000000    3.562478   -0.562478 (VIOLATED)
_17769_/A2                              3.000000    3.562478   -0.562478 (VIOLATED)
_17878_/A2                              3.000000    3.562478   -0.562478 (VIOLATED)
_18021_/A1                              3.000000    3.562478   -0.562478 (VIOLATED)
_13499_/A2                              3.000000    3.495159   -0.495159 (VIOLATED)
_18097_/A1                              3.000000    3.495159   -0.495159 (VIOLATED)
_18508_/A2                              3.000000    3.495159   -0.495159 (VIOLATED)
_19646_/A1                              3.000000    3.495159   -0.495159 (VIOLATED)
_14775_/A1                              3.000000    3.495158   -0.495158 (VIOLATED)
_13500_/A3                              3.000000    3.495157   -0.495157 (VIOLATED)
_13498_/ZN                              3.000000    3.495150   -0.495150 (VIOLATED)
fanout282/I                             3.000000    3.485249   -0.485249 (VIOLATED)
fanout279/I                             3.000000    3.485222   -0.485222 (VIOLATED)
_19974_/ZN                              3.000000    3.485150   -0.485150 (VIOLATED)
_20570_/A2                              3.000000    3.473852   -0.473852 (VIOLATED)
_22657_/A2                              3.000000    3.473851   -0.473852 (VIOLATED)
_23633_/A1                              3.000000    3.473852   -0.473852 (VIOLATED)
_21617_/A1                              3.000000    3.473851   -0.473851 (VIOLATED)
_20569_/ZN                              3.000000    3.473830   -0.473830 (VIOLATED)
_13722_/ZN                              3.000000    3.467122   -0.467122 (VIOLATED)
_13732_/A1                              3.000000    3.467122   -0.467122 (VIOLATED)
_14546_/A1                              3.000000    3.467122   -0.467122 (VIOLATED)
_14785_/A1                              3.000000    3.467122   -0.467122 (VIOLATED)
_15866_/ZN                              3.000000    3.459945   -0.459945 (VIOLATED)
fanout1108/I                            3.000000    3.459945   -0.459945 (VIOLATED)
_13581_/Z                               3.000000    3.459317   -0.459317 (VIOLATED)
_13582_/A3                              3.000000    3.459317   -0.459317 (VIOLATED)
_14442_/A1                              3.000000    3.459317   -0.459317 (VIOLATED)
_14742_/A1                              3.000000    3.459317   -0.459317 (VIOLATED)
_17710_/A2                              3.000000    3.459070   -0.459070 (VIOLATED)
_17709_/Z                               3.000000    3.459069   -0.459069 (VIOLATED)
_18224_/A2                              3.000000    3.447400   -0.447400 (VIOLATED)
_18223_/Z                               3.000000    3.447397   -0.447397 (VIOLATED)
_14358_/A2                              3.000000    3.415845   -0.415846 (VIOLATED)
_17842_/A1                              3.000000    3.415846   -0.415846 (VIOLATED)
_18299_/A2                              3.000000    3.415845   -0.415846 (VIOLATED)
_14359_/A3                              3.000000    3.415845   -0.415845 (VIOLATED)
_14885_/A1                              3.000000    3.415845   -0.415845 (VIOLATED)
_19393_/A1                              3.000000    3.415845   -0.415845 (VIOLATED)
_14357_/ZN                              3.000000    3.415840   -0.415840 (VIOLATED)
_15132_/B1                              3.000000    3.406986   -0.406986 (VIOLATED)
_15089_/B1                              3.000000    3.406979   -0.406979 (VIOLATED)
_15044_/A3                              3.000000    3.406968   -0.406968 (VIOLATED)
_15121_/A2                              3.000000    3.406954   -0.406954 (VIOLATED)
_14992_/B1                              3.000000    3.406942   -0.406942 (VIOLATED)
_15105_/B1                              3.000000    3.406932   -0.406932 (VIOLATED)
_15218_/B1                              3.000000    3.406908   -0.406908 (VIOLATED)
_15157_/B1                              3.000000    3.406905   -0.406906 (VIOLATED)
_15026_/A3                              3.000000    3.406896   -0.406896 (VIOLATED)
_15191_/A2                              3.000000    3.406882   -0.406882 (VIOLATED)
_14974_/ZN                              3.000000    3.406853   -0.406853 (VIOLATED)
_14481_/B1                              3.000000    3.405098   -0.405098 (VIOLATED)
_14479_/ZN                              3.000000    3.405088   -0.405088 (VIOLATED)
_18572_/Z                               3.000000    3.390859   -0.390859 (VIOLATED)
_18573_/A3                              3.000000    3.390859   -0.390859 (VIOLATED)
_18585_/A1                              3.000000    3.390859   -0.390859 (VIOLATED)
_19171_/A1                              3.000000    3.390859   -0.390859 (VIOLATED)
_12838_/ZN                              3.000000    3.377014   -0.377014 (VIOLATED)
wire1581/I                              3.000000    3.377014   -0.377014 (VIOLATED)
fanout1207/I                            3.000000    3.333032   -0.333032 (VIOLATED)
_15836_/ZN                              3.000000    3.333017   -0.333017 (VIOLATED)
_13431_/C                               3.000000    3.332114   -0.332114 (VIOLATED)
_13430_/ZN                              3.000000    3.332100   -0.332101 (VIOLATED)
_20106_/ZN                              3.000000    3.291080   -0.291080 (VIOLATED)
_20107_/A2                              3.000000    3.291080   -0.291080 (VIOLATED)
_21162_/A1                              3.000000    3.291080   -0.291080 (VIOLATED)
_22202_/A2                              3.000000    3.291080   -0.291080 (VIOLATED)
_23178_/A1                              3.000000    3.291080   -0.291080 (VIOLATED)
_25842_/D                               3.000000    3.273007   -0.273007 (VIOLATED)
_20378_/ZN                              3.000000    3.272987   -0.272987 (VIOLATED)
_19343_/A2                              3.000000    3.255448   -0.255448 (VIOLATED)
_19342_/Z                               3.000000    3.255447   -0.255447 (VIOLATED)
_18105_/A2                              3.000000    3.234386   -0.234387 (VIOLATED)
_18104_/Z                               3.000000    3.234385   -0.234385 (VIOLATED)
_18391_/Z                               3.000000    3.215527   -0.215527 (VIOLATED)
_18392_/A2                              3.000000    3.215527   -0.215527 (VIOLATED)
_14855_/A1                              3.000000    3.209142   -0.209142 (VIOLATED)
_14092_/A3                              3.000000    3.209142   -0.209142 (VIOLATED)
_14091_/A2                              3.000000    3.209142   -0.209142 (VIOLATED)
_19486_/A1                              3.000000    3.209141   -0.209141 (VIOLATED)
_17929_/A1                              3.000000    3.209141   -0.209141 (VIOLATED)
_18376_/A2                              3.000000    3.209138   -0.209138 (VIOLATED)
_14090_/ZN                              3.000000    3.209126   -0.209126 (VIOLATED)
_19514_/Z                               3.000000    3.205117   -0.205117 (VIOLATED)
_19515_/A2                              3.000000    3.205117   -0.205117 (VIOLATED)
_19024_/A2                              3.000000    3.192448   -0.192449 (VIOLATED)
_19160_/A2                              3.000000    3.192438   -0.192439 (VIOLATED)
_19033_/A2                              3.000000    3.192429   -0.192429 (VIOLATED)
_19168_/A2                              3.000000    3.192425   -0.192425 (VIOLATED)
_19152_/A2                              3.000000    3.192424   -0.192424 (VIOLATED)
_18896_/A2                              3.000000    3.192393   -0.192393 (VIOLATED)
_18974_/A2                              3.000000    3.192368   -0.192368 (VIOLATED)
_18946_/A2                              3.000000    3.192360   -0.192360 (VIOLATED)
_18965_/B1                              3.000000    3.192347   -0.192347 (VIOLATED)
_18955_/A2                              3.000000    3.192321   -0.192321 (VIOLATED)
_18883_/ZN                              3.000000    3.192296   -0.192296 (VIOLATED)
_18512_/ZN                              3.000000    3.190768   -0.190768 (VIOLATED)
_18513_/A2                              3.000000    3.190768   -0.190768 (VIOLATED)
_14903_/ZN                              3.000000    3.172359   -0.172359 (VIOLATED)
_14904_/B2                              3.000000    3.172359   -0.172359 (VIOLATED)
_14729_/A2                              3.000000    3.163514   -0.163514 (VIOLATED)
_18145_/A1                              3.000000    3.163514   -0.163514 (VIOLATED)
_15575_/A2                              3.000000    3.163514   -0.163514 (VIOLATED)
_18882_/A1                              3.000000    3.163514   -0.163514 (VIOLATED)
_14728_/ZN                              3.000000    3.163512   -0.163513 (VIOLATED)
_18921_/A2                              3.000000    3.147079   -0.147079 (VIOLATED)
_18931_/A1                              3.000000    3.147079   -0.147079 (VIOLATED)
_18864_/Z                               3.000000    3.147077   -0.147077 (VIOLATED)
_18865_/A3                              3.000000    3.147077   -0.147077 (VIOLATED)
_12833_/ZN                              3.000000    3.131833   -0.131833 (VIOLATED)
_13089_/A2                              3.000000    3.131833   -0.131833 (VIOLATED)
_17430_/A1                              3.000000    3.131833   -0.131833 (VIOLATED)
_18265_/Z                               3.000000    3.104113   -0.104113 (VIOLATED)
_18266_/A2                              3.000000    3.104113   -0.104113 (VIOLATED)
_19278_/Z                               3.000000    3.085055   -0.085055 (VIOLATED)
_19283_/A2                              3.000000    3.085055   -0.085055 (VIOLATED)
_19327_/A1                              3.000000    3.085055   -0.085055 (VIOLATED)
_19643_/A1                              3.000000    3.085055   -0.085055 (VIOLATED)
_18341_/A2                              3.000000    3.081115   -0.081115 (VIOLATED)
_19439_/A1                              3.000000    3.081115   -0.081115 (VIOLATED)
_17885_/A1                              3.000000    3.081115   -0.081115 (VIOLATED)
_14235_/A2                              3.000000    3.081114   -0.081114 (VIOLATED)
_14236_/A3                              3.000000    3.081113   -0.081114 (VIOLATED)
_14870_/A1                              3.000000    3.081113   -0.081114 (VIOLATED)
_14234_/ZN                              3.000000    3.081111   -0.081111 (VIOLATED)
_12991_/ZN                              3.000000    3.077535   -0.077535 (VIOLATED)
_12992_/I                               3.000000    3.077535   -0.077535 (VIOLATED)
_13018_/A1                              3.000000    3.077535   -0.077535 (VIOLATED)
_13080_/A1                              3.000000    3.077535   -0.077535 (VIOLATED)
_14600_/A2                              3.000000    3.062389   -0.062389 (VIOLATED)
_14601_/A3                              3.000000    3.062389   -0.062389 (VIOLATED)
_14920_/A1                              3.000000    3.062389   -0.062389 (VIOLATED)
_19286_/A1                              3.000000    3.062389   -0.062389 (VIOLATED)
_17716_/A1                              3.000000    3.062389   -0.062389 (VIOLATED)
_14599_/ZN                              3.000000    3.062385   -0.062385 (VIOLATED)
fanout1266/I                            3.000000    3.048533   -0.048533 (VIOLATED)
fanout1268/I                            3.000000    3.048262   -0.048262 (VIOLATED)
fanout1267/I                            3.000000    3.048195   -0.048195 (VIOLATED)
fanout1265/I                            3.000000    3.048088   -0.048088 (VIOLATED)
_15802_/ZN                              3.000000    3.048054   -0.048054 (VIOLATED)
_19643_/ZN                              3.000000    3.024034   -0.024034 (VIOLATED)
_19644_/A2                              3.000000    3.024034   -0.024034 (VIOLATED)
fanout1737/I                            3.000000    3.009772   -0.009772 (VIOLATED)
fanout1715/I                            3.000000    3.009763   -0.009763 (VIOLATED)
fanout1722/I                            3.000000    3.009761   -0.009762 (VIOLATED)
fanout1711/I                            3.000000    3.009761   -0.009761 (VIOLATED)
_25208_/Q                               3.000000    3.009749   -0.009750 (VIOLATED)

max fanout

Pin                                   Limit Fanout  Slack
---------------------------------------------------------
clkbuf_2_0_0_clk/Z                       10     16     -6 (VIOLATED)
clkbuf_2_1_0_clk/Z                       10     16     -6 (VIOLATED)
clkbuf_2_2_0_clk/Z                       10     16     -6 (VIOLATED)
clkbuf_2_3_0_clk/Z                       10     16     -6 (VIOLATED)
clkbuf_6_16_0_clk/Z                      10     14     -4 (VIOLATED)
clkbuf_6_18_0_clk/Z                      10     14     -4 (VIOLATED)
clkbuf_6_29_0_clk/Z                      10     14     -4 (VIOLATED)
clkbuf_6_17_0_clk/Z                      10     13     -3 (VIOLATED)
clkbuf_6_20_0_clk/Z                      10     13     -3 (VIOLATED)
clkbuf_6_23_0_clk/Z                      10     13     -3 (VIOLATED)
clkbuf_6_26_0_clk/Z                      10     13     -3 (VIOLATED)
clkbuf_6_27_0_clk/Z                      10     13     -3 (VIOLATED)
clkbuf_6_10_0_clk/Z                      10     12     -2 (VIOLATED)
clkbuf_6_15_0_clk/Z                      10     12     -2 (VIOLATED)
clkbuf_6_24_0_clk/Z                      10     12     -2 (VIOLATED)
clkbuf_6_25_0_clk/Z                      10     12     -2 (VIOLATED)
clkbuf_6_31_0_clk/Z                      10     12     -2 (VIOLATED)
clkbuf_6_4_0_clk/Z                       10     12     -2 (VIOLATED)
clkbuf_6_8_0_clk/Z                       10     12     -2 (VIOLATED)
clkbuf_6_22_0_clk/Z                      10     11        (VIOLATED)
clkbuf_6_30_0_clk/Z                      10     11        (VIOLATED)
clkbuf_6_62_0_clk/Z                      10     11        (VIOLATED)
clkbuf_leaf_102_clk/Z                    10     11        (VIOLATED)
clkbuf_leaf_354_clk/Z                    10     11        (VIOLATED)

max capacitance

Pin                                        Limit         Cap       Slack
------------------------------------------------------------------------
clkbuf_2_2_0_clk/Z                      0.200000    0.427538   -0.227538 (VIOLATED)
clkbuf_2_1_0_clk/Z                      0.200000    0.395438   -0.195438 (VIOLATED)
clkbuf_2_0_0_clk/Z                      0.200000    0.377922   -0.177922 (VIOLATED)
clkbuf_2_3_0_clk/Z                      0.200000    0.355567   -0.155567 (VIOLATED)
fanout266/Z                             0.200000    0.312449   -0.112449 (VIOLATED)
fanout1418/Z                            0.200000    0.299174   -0.099174 (VIOLATED)
fanout1108/Z                            0.200000    0.295690   -0.095690 (VIOLATED)
fanout1329/Z                            0.200000    0.293944   -0.093944 (VIOLATED)
fanout1074/Z                            0.200000    0.291188   -0.091188 (VIOLATED)
fanout870/Z                             0.200000    0.289555   -0.089555 (VIOLATED)
fanout1097/Z                            0.200000    0.289455   -0.089455 (VIOLATED)
fanout1199/Z                            0.200000    0.288786   -0.088786 (VIOLATED)
fanout643/Z                             0.200000    0.286856   -0.086856 (VIOLATED)
fanout1315/Z                            0.200000    0.284749   -0.084749 (VIOLATED)
fanout1067/Z                            0.200000    0.282551   -0.082551 (VIOLATED)
fanout1103/Z                            0.200000    0.281248   -0.081248 (VIOLATED)
fanout241/Z                             0.200000    0.280402   -0.080402 (VIOLATED)
fanout1173/Z                            0.200000    0.280090   -0.080090 (VIOLATED)
fanout1221/Z                            0.200000    0.279518   -0.079518 (VIOLATED)
fanout1178/Z                            0.200000    0.278359   -0.078359 (VIOLATED)
fanout1216/Z                            0.200000    0.278124   -0.078124 (VIOLATED)
fanout1267/Z                            0.200000    0.277241   -0.077241 (VIOLATED)
fanout1229/Z                            0.200000    0.276964   -0.076964 (VIOLATED)
max_cap1165/Z                           0.200000    0.276553   -0.076553 (VIOLATED)
fanout1119/Z                            0.200000    0.275741   -0.075741 (VIOLATED)
fanout1305/Z                            0.200000    0.275307   -0.075307 (VIOLATED)
fanout1072/Z                            0.200000    0.275236   -0.075236 (VIOLATED)
fanout1062/Z                            0.200000    0.273414   -0.073414 (VIOLATED)
fanout140/Z                             0.200000    0.273199   -0.073199 (VIOLATED)
fanout1218/Z                            0.200000    0.272522   -0.072522 (VIOLATED)
fanout1323/Z                            0.200000    0.272099   -0.072099 (VIOLATED)
fanout1319/Z                            0.200000    0.272019   -0.072019 (VIOLATED)
fanout1093/Z                            0.200000    0.271360   -0.071360 (VIOLATED)
fanout1175/Z                            0.200000    0.271149   -0.071149 (VIOLATED)
fanout1123/Z                            0.200000    0.270712   -0.070712 (VIOLATED)
fanout1247/Z                            0.200000    0.270090   -0.070090 (VIOLATED)
fanout1109/Z                            0.200000    0.269442   -0.069443 (VIOLATED)
fanout1104/Z                            0.200000    0.268537   -0.068537 (VIOLATED)
fanout1210/Z                            0.200000    0.268011   -0.068011 (VIOLATED)
fanout1291/Z                            0.200000    0.265676   -0.065676 (VIOLATED)
fanout1241/Z                            0.200000    0.265641   -0.065641 (VIOLATED)
fanout1148/Z                            0.200000    0.265587   -0.065587 (VIOLATED)
fanout1263/Z                            0.200000    0.265581   -0.065581 (VIOLATED)
fanout1293/Z                            0.200000    0.264730   -0.064730 (VIOLATED)
max_cap1250/Z                           0.200000    0.263858   -0.063858 (VIOLATED)
fanout1138/Z                            0.200000    0.263831   -0.063831 (VIOLATED)
fanout1331/Z                            0.200000    0.263745   -0.063745 (VIOLATED)
fanout49/Z                              0.200000    0.262560   -0.062560 (VIOLATED)
fanout1183/Z                            0.200000    0.262518   -0.062518 (VIOLATED)
max_cap1253/Z                           0.200000    0.262126   -0.062126 (VIOLATED)
fanout1181/Z                            0.200000    0.261391   -0.061391 (VIOLATED)
fanout1321/Z                            0.200000    0.261369   -0.061369 (VIOLATED)
fanout1144/Z                            0.200000    0.261279   -0.061279 (VIOLATED)
fanout1206/Z                            0.200000    0.260508   -0.060508 (VIOLATED)
fanout1177/Z                            0.200000    0.260249   -0.060249 (VIOLATED)
fanout1242/Z                            0.200000    0.258261   -0.058261 (VIOLATED)
fanout875/Z                             0.200000    0.257868   -0.057868 (VIOLATED)
fanout699/Z                             0.200000    0.257847   -0.057847 (VIOLATED)
fanout1295/Z                            0.200000    0.257546   -0.057546 (VIOLATED)
max_cap1262/Z                           0.200000    0.256861   -0.056861 (VIOLATED)
fanout1225/Z                            0.200000    0.256826   -0.056826 (VIOLATED)
fanout1158/Z                            0.200000    0.256750   -0.056750 (VIOLATED)
fanout981/Z                             0.200000    0.255709   -0.055709 (VIOLATED)
fanout1185/Z                            0.200000    0.255686   -0.055686 (VIOLATED)
fanout1076/Z                            0.200000    0.255609   -0.055609 (VIOLATED)
fanout546/Z                             0.200000    0.255609   -0.055609 (VIOLATED)
fanout1265/Z                            0.200000    0.254215   -0.054215 (VIOLATED)
fanout1127/Z                            0.200000    0.253981   -0.053981 (VIOLATED)
fanout1179/Z                            0.200000    0.253721   -0.053721 (VIOLATED)
fanout1063/Z                            0.200000    0.253485   -0.053485 (VIOLATED)
fanout1111/Z                            0.200000    0.252904   -0.052904 (VIOLATED)
fanout1115/Z                            0.200000    0.252056   -0.052056 (VIOLATED)
fanout1142/Z                            0.200000    0.251823   -0.051823 (VIOLATED)
wire1258/Z                              0.200000    0.250218   -0.050218 (VIOLATED)
fanout1057/Z                            0.200000    0.250169   -0.050169 (VIOLATED)
fanout1140/Z                            0.200000    0.250103   -0.050103 (VIOLATED)
fanout1078/Z                            0.200000    0.249496   -0.049496 (VIOLATED)
fanout1146/Z                            0.200000    0.249411   -0.049411 (VIOLATED)
fanout1099/Z                            0.200000    0.249271   -0.049271 (VIOLATED)
fanout934/Z                             0.200000    0.249255   -0.049255 (VIOLATED)
fanout1191/Z                            0.200000    0.248599   -0.048599 (VIOLATED)
fanout1200/Z                            0.200000    0.247725   -0.047725 (VIOLATED)
fanout1189/Z                            0.200000    0.247421   -0.047421 (VIOLATED)
fanout1170/Z                            0.200000    0.247388   -0.047388 (VIOLATED)
fanout1286/Z                            0.200000    0.246680   -0.046680 (VIOLATED)
_14974_/ZN                              0.200000    0.246214   -0.046214 (VIOLATED)
fanout1215/Z                            0.200000    0.245577   -0.045577 (VIOLATED)
fanout1447/Z                            0.200000    0.245297   -0.045297 (VIOLATED)
fanout1288/Z                            0.200000    0.245051   -0.045051 (VIOLATED)
fanout1160/Z                            0.200000    0.245036   -0.045036 (VIOLATED)
fanout1156/Z                            0.200000    0.244885   -0.044885 (VIOLATED)
fanout1273/Z                            0.200000    0.243974   -0.043974 (VIOLATED)
fanout1563/Z                            0.200000    0.243135   -0.043135 (VIOLATED)
fanout1239/Z                            0.200000    0.242828   -0.042828 (VIOLATED)
clkbuf_0_clk/Z                          0.200000    0.241921   -0.041921 (VIOLATED)
fanout1162/Z                            0.200000    0.241487   -0.041487 (VIOLATED)
fanout1091/Z                            0.200000    0.241092   -0.041092 (VIOLATED)
fanout1301/Z                            0.200000    0.240989   -0.040989 (VIOLATED)
fanout1445/Z                            0.200000    0.240758   -0.040758 (VIOLATED)
fanout1061/Z                            0.200000    0.240442   -0.040442 (VIOLATED)
fanout1317/Z                            0.200000    0.240266   -0.040266 (VIOLATED)
fanout1114/Z                            0.200000    0.238870   -0.038870 (VIOLATED)
fanout1340/Z                            0.200000    0.238788   -0.038788 (VIOLATED)
fanout834/Z                             0.200000    0.238466   -0.038466 (VIOLATED)
fanout1118/Z                            0.200000    0.237876   -0.037876 (VIOLATED)
fanout1311/Z                            0.200000    0.237860   -0.037860 (VIOLATED)
fanout1151/Z                            0.200000    0.237590   -0.037590 (VIOLATED)
fanout578/Z                             0.200000    0.236669   -0.036669 (VIOLATED)
fanout1546/Z                            0.200000    0.236193   -0.036193 (VIOLATED)
fanout1699/Z                            0.200000    0.236106   -0.036106 (VIOLATED)
fanout1312/Z                            0.200000    0.235974   -0.035974 (VIOLATED)
fanout1289/Z                            0.200000    0.235820   -0.035820 (VIOLATED)
fanout1212/Z                            0.200000    0.235740   -0.035740 (VIOLATED)
fanout1088/Z                            0.200000    0.235546   -0.035546 (VIOLATED)
fanout1113/Z                            0.200000    0.235406   -0.035406 (VIOLATED)
fanout1309/Z                            0.200000    0.234929   -0.034929 (VIOLATED)
fanout1231/Z                            0.200000    0.234763   -0.034763 (VIOLATED)
fanout1292/Z                            0.200000    0.234744   -0.034744 (VIOLATED)
fanout1307/Z                            0.200000    0.234514   -0.034514 (VIOLATED)
fanout1171/Z                            0.200000    0.234463   -0.034463 (VIOLATED)
fanout1227/Z                            0.200000    0.234179   -0.034179 (VIOLATED)
fanout1303/Z                            0.200000    0.233656   -0.033656 (VIOLATED)
fanout1080/Z                            0.200000    0.233629   -0.033629 (VIOLATED)
fanout1325/Z                            0.200000    0.232847   -0.032847 (VIOLATED)
fanout172/Z                             0.200000    0.232742   -0.032742 (VIOLATED)
fanout1089/Z                            0.200000    0.232636   -0.032636 (VIOLATED)
fanout1207/Z                            0.200000    0.232342   -0.032342 (VIOLATED)
fanout816/Z                             0.200000    0.232255   -0.032255 (VIOLATED)
fanout1136/Z                            0.200000    0.231958   -0.031958 (VIOLATED)
fanout197/Z                             0.200000    0.231003   -0.031003 (VIOLATED)
fanout1287/Z                            0.200000    0.230912   -0.030912 (VIOLATED)
fanout1202/Z                            0.200000    0.230450   -0.030450 (VIOLATED)
fanout1085/Z                            0.200000    0.229932   -0.029932 (VIOLATED)
_18883_/ZN                              0.200000    0.229856   -0.029856 (VIOLATED)
fanout964/Z                             0.200000    0.229835   -0.029835 (VIOLATED)
fanout1208/Z                            0.200000    0.229368   -0.029368 (VIOLATED)
fanout1188/Z                            0.200000    0.228830   -0.028830 (VIOLATED)
fanout1476/Z                            0.200000    0.228571   -0.028571 (VIOLATED)
fanout1259/Z                            0.200000    0.227691   -0.027691 (VIOLATED)
fanout1187/Z                            0.200000    0.227638   -0.027638 (VIOLATED)
fanout1255/Z                            0.200000    0.227038   -0.027038 (VIOLATED)
fanout1313/Z                            0.200000    0.226894   -0.026894 (VIOLATED)
clkbuf_6_18_0_clk/Z                     0.200000    0.225978   -0.025978 (VIOLATED)
fanout1095/Z                            0.200000    0.225426   -0.025426 (VIOLATED)
_13155_/Z                               0.200000    0.225418   -0.025418 (VIOLATED)
fanout1168/Z                            0.200000    0.225279   -0.025279 (VIOLATED)
fanout1117/Z                            0.200000    0.225260   -0.025260 (VIOLATED)
fanout1102/Z                            0.200000    0.224374   -0.024374 (VIOLATED)
fanout929/Z                             0.200000    0.223795   -0.023795 (VIOLATED)
fanout874/Z                             0.200000    0.223657   -0.023657 (VIOLATED)
fanout1235/Z                            0.200000    0.223383   -0.023383 (VIOLATED)
fanout1086/Z                            0.200000    0.222230   -0.022230 (VIOLATED)
fanout1333/Z                            0.200000    0.222176   -0.022176 (VIOLATED)
clkbuf_6_16_0_clk/Z                     0.200000    0.222127   -0.022127 (VIOLATED)
_18543_/Z                               0.200000    0.222001   -0.022001 (VIOLATED)
fanout164/Z                             0.200000    0.221631   -0.021631 (VIOLATED)
fanout1129/Z                            0.200000    0.221612   -0.021612 (VIOLATED)
fanout1571/Z                            0.200000    0.221197   -0.021197 (VIOLATED)
fanout1055/Z                            0.200000    0.220737   -0.020737 (VIOLATED)
fanout1060/Z                            0.200000    0.220678   -0.020678 (VIOLATED)
fanout570/Z                             0.200000    0.220079   -0.020079 (VIOLATED)
fanout1153/Z                            0.200000    0.220046   -0.020046 (VIOLATED)
fanout1066/Z                            0.200000    0.220044   -0.020045 (VIOLATED)
fanout1107/Z                            0.200000    0.219997   -0.019997 (VIOLATED)
fanout1213/Z                            0.200000    0.219733   -0.019733 (VIOLATED)
_15802_/ZN                              0.200000    0.218908   -0.018908 (VIOLATED)
fanout1245/Z                            0.200000    0.218887   -0.018887 (VIOLATED)
fanout799/Z                             0.200000    0.218879   -0.018879 (VIOLATED)
fanout854/Z                             0.200000    0.218844   -0.018844 (VIOLATED)
fanout40/Z                              0.200000    0.218737   -0.018737 (VIOLATED)
fanout1150/Z                            0.200000    0.218507   -0.018507 (VIOLATED)
_13377_/Z                               0.200000    0.218198   -0.018198 (VIOLATED)
fanout1417/Z                            0.200000    0.217998   -0.017998 (VIOLATED)
fanout1224/Z                            0.200000    0.217535   -0.017535 (VIOLATED)
fanout843/Z                             0.200000    0.217099   -0.017099 (VIOLATED)
fanout1297/Z                            0.200000    0.216764   -0.016764 (VIOLATED)
fanout1065/Z                            0.200000    0.216487   -0.016487 (VIOLATED)
fanout1405/Z                            0.200000    0.216384   -0.016384 (VIOLATED)
fanout1190/Z                            0.200000    0.216089   -0.016089 (VIOLATED)
fanout1470/Z                            0.200000    0.215830   -0.015830 (VIOLATED)
fanout1195/Z                            0.200000    0.214966   -0.014966 (VIOLATED)
clkbuf_6_24_0_clk/Z                     0.200000    0.214923   -0.014923 (VIOLATED)
clkbuf_6_30_0_clk/Z                     0.200000    0.214578   -0.014578 (VIOLATED)
fanout1327/Z                            0.200000    0.213936   -0.013936 (VIOLATED)
fanout1154/Z                            0.200000    0.213632   -0.013632 (VIOLATED)
clkbuf_6_27_0_clk/Z                     0.200000    0.213541   -0.013541 (VIOLATED)
max_cap1083/Z                           0.200000    0.213518   -0.013518 (VIOLATED)
fanout1125/Z                            0.200000    0.213050   -0.013050 (VIOLATED)
clkbuf_6_25_0_clk/Z                     0.200000    0.212281   -0.012281 (VIOLATED)
clkbuf_6_20_0_clk/Z                     0.200000    0.212262   -0.012262 (VIOLATED)
clkbuf_6_22_0_clk/Z                     0.200000    0.211986   -0.011986 (VIOLATED)
fanout774/Z                             0.200000    0.211849   -0.011849 (VIOLATED)
fanout1130/Z                            0.200000    0.211794   -0.011794 (VIOLATED)
fanout1559/Z                            0.200000    0.211434   -0.011434 (VIOLATED)
fanout1299/Z                            0.200000    0.211309   -0.011309 (VIOLATED)
fanout1684/Z                            0.200000    0.210703   -0.010703 (VIOLATED)
fanout1220/Z                            0.200000    0.210096   -0.010096 (VIOLATED)
fanout1134/Z                            0.200000    0.209779   -0.009779 (VIOLATED)
clkbuf_6_26_0_clk/Z                     0.200000    0.209722   -0.009722 (VIOLATED)
fanout634/Z                             0.200000    0.209440   -0.009440 (VIOLATED)
clkbuf_6_29_0_clk/Z                     0.200000    0.209370   -0.009370 (VIOLATED)
fanout194/Z                             0.200000    0.208977   -0.008977 (VIOLATED)
fanout1106/Z                            0.200000    0.208862   -0.008862 (VIOLATED)
fanout1285/Z                            0.200000    0.208846   -0.008846 (VIOLATED)
fanout1193/Z                            0.200000    0.208114   -0.008114 (VIOLATED)
clkbuf_6_15_0_clk/Z                     0.200000    0.207942   -0.007942 (VIOLATED)
fanout1139/Z                            0.200000    0.207802   -0.007802 (VIOLATED)
fanout1708/Z                            0.200000    0.207683   -0.007683 (VIOLATED)
fanout786/Z                             0.200000    0.207652   -0.007652 (VIOLATED)
_15856_/ZN                              0.200000    0.207516   -0.007516 (VIOLATED)
fanout1167/Z                            0.200000    0.207060   -0.007060 (VIOLATED)
fanout1105/Z                            0.200000    0.206822   -0.006822 (VIOLATED)
fanout1204/Z                            0.200000    0.206802   -0.006802 (VIOLATED)
clkbuf_6_23_0_clk/Z                     0.200000    0.206584   -0.006584 (VIOLATED)
fanout1545/Z                            0.200000    0.206514   -0.006514 (VIOLATED)
fanout716/Z                             0.200000    0.206444   -0.006444 (VIOLATED)
fanout553/Z                             0.200000    0.206396   -0.006396 (VIOLATED)
clkbuf_6_28_0_clk/Z                     0.200000    0.205644   -0.005644 (VIOLATED)
fanout1697/Z                            0.200000    0.205083   -0.005083 (VIOLATED)
clkbuf_6_17_0_clk/Z                     0.200000    0.204772   -0.004772 (VIOLATED)
clkbuf_6_31_0_clk/Z                     0.200000    0.204473   -0.004473 (VIOLATED)
clkbuf_6_19_0_clk/Z                     0.200000    0.204025   -0.004025 (VIOLATED)
_15861_/ZN                              0.200000    0.204020   -0.004020 (VIOLATED)
fanout1569/Z                            0.200000    0.203832   -0.003832 (VIOLATED)
fanout1058/Z                            0.200000    0.203631   -0.003631 (VIOLATED)
fanout872/Z                             0.200000    0.203628   -0.003628 (VIOLATED)
fanout1141/Z                            0.200000    0.203353   -0.003353 (VIOLATED)
_13188_/ZN                              0.200000    0.203284   -0.003284 (VIOLATED)
fanout833/Z                             0.200000    0.202509   -0.002509 (VIOLATED)
fanout602/Z                             0.200000    0.202450   -0.002450 (VIOLATED)
fanout969/Z                             0.200000    0.201897   -0.001897 (VIOLATED)
fanout895/Z                             0.200000    0.201742   -0.001742 (VIOLATED)
fanout769/Z                             0.200000    0.201278   -0.001278 (VIOLATED)
fanout1549/Z                            0.200000    0.201250   -0.001250 (VIOLATED)
_18146_/ZN                              0.200000    0.201194   -0.001194 (VIOLATED)
_15873_/ZN                              0.200000    0.200937   -0.000937 (VIOLATED)
fanout260/Z                             0.200000    0.200916   -0.000916 (VIOLATED)
clkbuf_6_21_0_clk/Z                     0.200000    0.200806   -0.000806 (VIOLATED)
fanout1233/Z                            0.200000    0.200445   -0.000445 (VIOLATED)



===========================================================================
report_parasitic_annotation -report_unannotated
============================================================================
Found 495 unannotated drivers.
 clkload0/ZN
 clkload1/ZN
 clkload10/ZN
 clkload100/Z
 clkload101/Z
 clkload102/ZN
 clkload103/Z
 clkload104/ZN
 clkload105/Z
 clkload106/ZN
 clkload107/Z
 clkload108/ZN
 clkload109/Z
 clkload11/ZN
 clkload110/Z
 clkload111/ZN
 clkload112/Z
 clkload113/ZN
 clkload114/ZN
 clkload115/ZN
 clkload116/ZN
 clkload117/Z
 clkload118/ZN
 clkload119/ZN
 clkload12/ZN
 clkload120/ZN
 clkload121/ZN
 clkload122/ZN
 clkload123/ZN
 clkload124/ZN
 clkload125/ZN
 clkload126/ZN
 clkload127/ZN
 clkload128/ZN
 clkload129/ZN
 clkload13/ZN
 clkload130/Z
 clkload131/ZN
 clkload132/ZN
 clkload133/ZN
 clkload134/ZN
 clkload135/Z
 clkload136/ZN
 clkload137/Z
 clkload138/ZN
 clkload139/ZN
 clkload14/Z
 clkload140/ZN
 clkload141/ZN
 clkload142/ZN
 clkload143/ZN
 clkload144/ZN
 clkload145/ZN
 clkload146/ZN
 clkload147/ZN
 clkload148/ZN
 clkload149/Z
 clkload15/ZN
 clkload150/ZN
 clkload151/Z
 clkload152/Z
 clkload153/ZN
 clkload154/ZN
 clkload155/ZN
 clkload156/Z
 clkload157/Z
 clkload158/ZN
 clkload159/ZN
 clkload16/ZN
 clkload160/ZN
 clkload161/Z
 clkload162/Z
 clkload163/ZN
 clkload164/Z
 clkload165/ZN
 clkload166/ZN
 clkload167/ZN
 clkload168/ZN
 clkload169/ZN
 clkload17/ZN
 clkload170/Z
 clkload171/Z
 clkload172/ZN
 clkload173/ZN
 clkload174/ZN
 clkload175/ZN
 clkload176/ZN
 clkload177/ZN
 clkload178/ZN
 clkload179/ZN
 clkload18/ZN
 clkload180/ZN
 clkload181/ZN
 clkload182/ZN
 clkload183/Z
 clkload184/Z
 clkload185/Z
 clkload186/Z
 clkload187/ZN
 clkload188/ZN
 clkload189/ZN
 clkload19/ZN
 clkload190/Z
 clkload191/Z
 clkload192/Z
 clkload193/Z
 clkload194/ZN
 clkload195/Z
 clkload196/ZN
 clkload197/ZN
 clkload198/ZN
 clkload199/ZN
 clkload2/ZN
 clkload20/ZN
 clkload200/Z
 clkload201/ZN
 clkload202/Z
 clkload203/ZN
 clkload204/ZN
 clkload205/ZN
 clkload206/Z
 clkload207/ZN
 clkload208/ZN
 clkload209/ZN
 clkload21/ZN
 clkload210/ZN
 clkload211/ZN
 clkload212/Z
 clkload213/Z
 clkload214/ZN
 clkload215/Z
 clkload216/Z
 clkload217/ZN
 clkload218/ZN
 clkload219/ZN
 clkload22/ZN
 clkload220/Z
 clkload221/ZN
 clkload222/ZN
 clkload223/ZN
 clkload224/Z
 clkload225/ZN
 clkload226/Z
 clkload227/Z
 clkload228/Z
 clkload229/ZN
 clkload23/ZN
 clkload230/ZN
 clkload231/Z
 clkload232/ZN
 clkload233/ZN
 clkload234/Z
 clkload235/ZN
 clkload236/ZN
 clkload237/ZN
 clkload238/ZN
 clkload239/Z
 clkload24/ZN
 clkload240/ZN
 clkload241/ZN
 clkload242/ZN
 clkload243/Z
 clkload244/ZN
 clkload245/ZN
 clkload246/Z
 clkload247/Z
 clkload248/Z
 clkload249/Z
 clkload25/ZN
 clkload250/ZN
 clkload251/ZN
 clkload252/Z
 clkload253/Z
 clkload254/ZN
 clkload255/Z
 clkload256/ZN
 clkload257/Z
 clkload258/ZN
 clkload259/Z
 clkload26/Z
 clkload260/ZN
 clkload261/ZN
 clkload262/Z
 clkload263/ZN
 clkload264/ZN
 clkload265/ZN
 clkload266/Z
 clkload267/Z
 clkload268/ZN
 clkload269/ZN
 clkload27/ZN
 clkload270/ZN
 clkload271/Z
 clkload272/Z
 clkload273/Z
 clkload274/ZN
 clkload275/Z
 clkload276/Z
 clkload277/Z
 clkload278/Z
 clkload279/Z
 clkload28/ZN
 clkload280/ZN
 clkload281/Z
 clkload282/ZN
 clkload283/Z
 clkload284/Z
 clkload285/ZN
 clkload286/Z
 clkload287/Z
 clkload288/ZN
 clkload289/ZN
 clkload29/ZN
 clkload290/Z
 clkload291/ZN
 clkload292/ZN
 clkload293/Z
 clkload294/Z
 clkload295/ZN
 clkload296/ZN
 clkload297/ZN
 clkload298/ZN
 clkload299/Z
 clkload3/ZN
 clkload30/ZN
 clkload300/ZN
 clkload301/ZN
 clkload302/ZN
 clkload303/Z
 clkload304/ZN
 clkload305/Z
 clkload306/ZN
 clkload307/ZN
 clkload308/Z
 clkload309/Z
 clkload31/ZN
 clkload310/ZN
 clkload311/ZN
 clkload312/Z
 clkload313/Z
 clkload314/ZN
 clkload315/Z
 clkload316/ZN
 clkload317/ZN
 clkload318/ZN
 clkload319/ZN
 clkload32/ZN
 clkload320/ZN
 clkload321/ZN
 clkload322/ZN
 clkload323/ZN
 clkload324/ZN
 clkload325/ZN
 clkload326/ZN
 clkload327/Z
 clkload328/ZN
 clkload329/Z
 clkload33/Z
 clkload330/ZN
 clkload331/Z
 clkload332/ZN
 clkload333/Z
 clkload334/ZN
 clkload335/ZN
 clkload336/ZN
 clkload337/Z
 clkload338/ZN
 clkload339/ZN
 clkload34/ZN
 clkload340/Z
 clkload341/ZN
 clkload342/Z
 clkload343/ZN
 clkload344/ZN
 clkload345/ZN
 clkload346/ZN
 clkload347/ZN
 clkload348/ZN
 clkload349/Z
 clkload35/ZN
 clkload350/Z
 clkload351/Z
 clkload352/Z
 clkload353/Z
 clkload354/Z
 clkload355/Z
 clkload356/Z
 clkload357/ZN
 clkload358/ZN
 clkload359/ZN
 clkload36/ZN
 clkload360/ZN
 clkload361/Z
 clkload362/Z
 clkload363/Z
 clkload364/Z
 clkload365/Z
 clkload366/Z
 clkload367/Z
 clkload368/ZN
 clkload369/Z
 clkload37/ZN
 clkload370/ZN
 clkload371/ZN
 clkload372/ZN
 clkload373/ZN
 clkload374/Z
 clkload375/Z
 clkload376/Z
 clkload377/Z
 clkload378/Z
 clkload379/Z
 clkload38/ZN
 clkload380/Z
 clkload381/Z
 clkload382/ZN
 clkload383/ZN
 clkload384/ZN
 clkload385/Z
 clkload386/ZN
 clkload387/Z
 clkload388/Z
 clkload389/Z
 clkload39/ZN
 clkload390/Z
 clkload391/Z
 clkload392/ZN
 clkload393/ZN
 clkload394/ZN
 clkload395/ZN
 clkload396/ZN
 clkload397/ZN
 clkload398/Z
 clkload399/ZN
 clkload4/Z
 clkload40/ZN
 clkload400/ZN
 clkload401/ZN
 clkload402/Z
 clkload403/ZN
 clkload404/Z
 clkload405/ZN
 clkload406/ZN
 clkload407/ZN
 clkload408/ZN
 clkload409/ZN
 clkload41/ZN
 clkload410/ZN
 clkload411/ZN
 clkload412/ZN
 clkload413/ZN
 clkload414/ZN
 clkload415/ZN
 clkload416/ZN
 clkload417/Z
 clkload418/ZN
 clkload419/ZN
 clkload42/ZN
 clkload420/ZN
 clkload421/ZN
 clkload422/ZN
 clkload423/ZN
 clkload424/ZN
 clkload425/ZN
 clkload426/ZN
 clkload427/Z
 clkload428/ZN
 clkload429/ZN
 clkload43/ZN
 clkload430/Z
 clkload431/Z
 clkload432/Z
 clkload433/ZN
 clkload434/ZN
 clkload435/ZN
 clkload436/ZN
 clkload437/Z
 clkload438/ZN
 clkload439/Z
 clkload44/ZN
 clkload440/ZN
 clkload441/ZN
 clkload442/ZN
 clkload443/Z
 clkload444/Z
 clkload445/Z
 clkload446/Z
 clkload447/ZN
 clkload448/Z
 clkload449/Z
 clkload45/ZN
 clkload450/Z
 clkload451/ZN
 clkload452/ZN
 clkload453/ZN
 clkload454/ZN
 clkload455/ZN
 clkload456/Z
 clkload457/ZN
 clkload458/Z
 clkload459/Z
 clkload46/ZN
 clkload460/Z
 clkload461/Z
 clkload462/ZN
 clkload463/Z
 clkload464/Z
 clkload465/Z
 clkload466/Z
 clkload467/Z
 clkload468/Z
 clkload469/Z
 clkload47/ZN
 clkload470/ZN
 clkload471/ZN
 clkload472/ZN
 clkload473/Z
 clkload474/ZN
 clkload475/Z
 clkload476/ZN
 clkload477/ZN
 clkload478/Z
 clkload479/ZN
 clkload48/ZN
 clkload480/ZN
 clkload481/Z
 clkload482/ZN
 clkload483/ZN
 clkload484/ZN
 clkload485/ZN
 clkload486/ZN
 clkload487/ZN
 clkload488/ZN
 clkload489/Z
 clkload49/ZN
 clkload490/Z
 clkload491/Z
 clkload492/ZN
 clkload493/Z
 clkload494/ZN
 clkload5/ZN
 clkload50/ZN
 clkload51/ZN
 clkload52/ZN
 clkload53/ZN
 clkload54/ZN
 clkload55/ZN
 clkload56/ZN
 clkload57/ZN
 clkload58/ZN
 clkload59/ZN
 clkload6/ZN
 clkload60/ZN
 clkload61/ZN
 clkload62/Z
 clkload63/ZN
 clkload64/ZN
 clkload65/ZN
 clkload66/ZN
 clkload67/ZN
 clkload68/ZN
 clkload69/ZN
 clkload7/ZN
 clkload70/ZN
 clkload71/ZN
 clkload72/ZN
 clkload73/ZN
 clkload74/ZN
 clkload75/ZN
 clkload76/ZN
 clkload77/ZN
 clkload78/ZN
 clkload79/Z
 clkload8/Z
 clkload80/Z
 clkload81/ZN
 clkload82/ZN
 clkload83/ZN
 clkload84/Z
 clkload85/Z
 clkload86/ZN
 clkload87/ZN
 clkload88/ZN
 clkload89/ZN
 clkload9/ZN
 clkload90/Z
 clkload91/Z
 clkload92/Z
 clkload93/Z
 clkload94/Z
 clkload95/Z
 clkload96/Z
 clkload97/ZN
 clkload98/Z
 clkload99/Z
Found 0 partially unannotated drivers.

===========================================================================
max slew violation count 264
max fanout violation count 24
max cap violation count 239
============================================================================

===========================================================================
check_setup -verbose -unconstrained_endpoints -multiple_clock -no_clock -no_input_delay -loops -generated_clocks
===========================================================================
