Clock: clk
Sources: clk 
Generated: no
Virtual: yes
Propagated: no
Period: 40.000000

===========================================================================
report_clock_properties
============================================================================
Clock                   Period          Waveform
----------------------------------------------------
clk                  40.000000    0.000000 20.000000

===========================================================================
report_clock_latency
============================================================================
Clock clk
rise -> rise
    min     max
0.000000 0.000000 source latency
3.479416         network latency _27320_/CLK
        4.320857 network latency _26455_/CLK
---------------
3.479416 4.320857 latency
        0.841440 skew

fall -> fall
    min     max
0.000000 0.000000 source latency
3.534314         network latency _27320_/CLK
        4.511921 network latency _26455_/CLK
---------------
3.534314 4.511921 latency
        0.977607 skew



===========================================================================
report_clock_min_period
============================================================================
clk period_min = 28.77 fmax = 34.76
