Starting…
Running 'Verilator.Lint' at 'runs/RUN_2026-09-05_03-04-29/01-verilator-lint'…
Logging subprocess to [repr.filename]'runs/RUN_2026-09-05_03-04-29/01-verilator-lint/verilator-lint.log'[/repr.filename]…
Running 'Checker.LintTimingConstructs' at 'runs/RUN_2026-09-05_03-04-29/02-checker-linttimingconstructs'…
Check for Lint Timing Errors clear.
Running 'Checker.LintErrors' at 'runs/RUN_2026-09-05_03-04-29/03-checker-linterrors'…
Check for Lint errors clear.
Running 'Checker.LintWarnings' at 'runs/RUN_2026-09-05_03-04-29/04-checker-lintwarnings'…
324 Lint warnings found.
Running 'Yosys.JsonHeader' at 'runs/RUN_2026-09-05_03-04-29/05-yosys-jsonheader'…
Logging subprocess to [repr.filename]'runs/RUN_2026-09-05_03-04-29/05-yosys-jsonheader/yosys-jsonheader.log'[/repr.filename]…
Running 'Yosys.Synthesis' at 'runs/RUN_2026-09-05_03-04-29/06-yosys-synthesis'…
Logging subprocess to [repr.filename]'runs/RUN_2026-09-05_03-04-29/06-yosys-synthesis/yosys-synthesis.log'[/repr.filename]…
Parsing synthesis checks…
Running 'Checker.YosysUnmappedCells' at 'runs/RUN_2026-09-05_03-04-29/07-checker-yosysunmappedcells'…
Check for Unmapped Yosys instances clear.
Running 'Checker.YosysSynthChecks' at 'runs/RUN_2026-09-05_03-04-29/08-checker-yosyssynthchecks'…
Check for Yosys check errors clear.
Running 'Checker.NetlistAssignStatements' at 'runs/RUN_2026-09-05_03-04-29/09-checker-netlistassignstatements'…
Running 'OpenROAD.CheckSDCFiles' at 'runs/RUN_2026-09-05_03-04-29/10-openroad-checksdcfiles'…
'PNR_SDC_FILE' is not defined. Using generic fallback SDC for OpenROAD PnR steps.
'SIGNOFF_SDC_FILE' is not defined. Using generic fallback SDC for OpenROAD PnR steps.
Running 'OpenROAD.CheckMacroInstances' at 'runs/RUN_2026-09-05_03-04-29/11-openroad-checkmacroinstances'…
No macros found, skipping instance check…
Running 'OpenROAD.STAPrePNR' at 'runs/RUN_2026-09-05_03-04-29/12-openroad-staprepnr'…
Starting STA for the nom_tt_025C_5v00 timing corner…
Starting STA for the nom_ss_125C_4v50 timing corner…
Starting STA for the nom_ff_n40C_5v50 timing corner…
Skipping corner min_tt_025C_5v00 for STA (identical to nom_tt_025C_5v00 at this stage)…
Skipping corner min_ss_125C_4v50 for STA (identical to nom_ss_125C_4v50 at this stage)…
Skipping corner min_ff_n40C_5v50 for STA (identical to nom_ff_n40C_5v50 at this stage)…
Skipping corner max_tt_025C_5v00 for STA (identical to nom_tt_025C_5v00 at this stage)…
Skipping corner max_ss_125C_4v50 for STA (identical to nom_ss_125C_4v50 at this stage)…
Logging subprocess to [repr.filename]'runs/RUN_2026-09-05_03-04-29/12-openroad-staprepnr/nom_tt_025C_5v00/sta.log'[/repr.filename]…
Skipping corner max_ff_n40C_5v50 for STA (identical to nom_ff_n40C_5v50 at this stage)…
Logging subprocess to [repr.filename]'runs/RUN_2026-09-05_03-04-29/12-openroad-staprepnr/nom_ss_125C_4v50/sta.log'[/repr.filename]…
Logging subprocess to [repr.filename]'runs/RUN_2026-09-05_03-04-29/12-openroad-staprepnr/nom_ff_n40C_5v50/sta.log'[/repr.filename]…
Finished STA for the nom_tt_025C_5v00 timing corner.
Finished STA for the nom_ff_n40C_5v50 timing corner.
Finished STA for the nom_ss_125C_4v50 timing corner.
Running 'OpenROAD.Floorplan' at 'runs/RUN_2026-09-05_03-04-29/13-openroad-floorplan'…
Logging subprocess to [repr.filename]'runs/RUN_2026-09-05_03-04-29/13-openroad-floorplan/openroad-floorplan.log'[/repr.filename]…
Running 'Odb.CheckMacroAntennaProperties' at 'runs/RUN_2026-09-05_03-04-29/14-odb-checkmacroantennaproperties'…
No cells provided, skipping…
Running 'Odb.SetPowerConnections' at 'runs/RUN_2026-09-05_03-04-29/15-odb-setpowerconnections'…
Logging subprocess to [repr.filename]'runs/RUN_2026-09-05_03-04-29/15-odb-setpowerconnections/odb-setpowerconnections.log'[/repr.filename]…
Running 'Odb.ManualMacroPlacement' at 'runs/RUN_2026-09-05_03-04-29/16-odb-manualmacroplacement'…
No instances found, skipping 'Odb.ManualMacroPlacement'…
Running 'OpenROAD.CutRows' at 'runs/RUN_2026-09-05_03-04-29/17-openroad-cutrows'…
Logging subprocess to [repr.filename]'runs/RUN_2026-09-05_03-04-29/17-openroad-cutrows/openroad-cutrows.log'[/repr.filename]…
Running 'OpenROAD.TapEndcapInsertion' at 'runs/RUN_2026-09-05_03-04-29/18-openroad-tapendcapinsertion'…
Logging subprocess to [repr.filename]'runs/RUN_2026-09-05_03-04-29/18-openroad-tapendcapinsertion/openroad-tapendcapinsertion.log'[/repr.filename]…
Running 'Odb.AddPDNObstructions' at 'runs/RUN_2026-09-05_03-04-29/19-odb-addpdnobstructions'…
'PDN_OBSTRUCTIONS' is not defined. Skipping 'Odb.AddPDNObstructions'…
Running 'OpenROAD.GeneratePDN' at 'runs/RUN_2026-09-05_03-04-29/20-openroad-generatepdn'…
'FP_PDN_CFG' not explicitly set, setting it to /usr/local/lib/python3.12/dist-packages/openlane/scripts/openroad/common/pdn_cfg.tcl…
Logging subprocess to [repr.filename]'runs/RUN_2026-09-05_03-04-29/20-openroad-generatepdn/openroad-generatepdn.log'[/repr.filename]…
Running 'Odb.RemovePDNObstructions' at 'runs/RUN_2026-09-05_03-04-29/21-odb-removepdnobstructions'…
'PDN_OBSTRUCTIONS' is not defined. Skipping 'Odb.RemovePDNObstructions'…
Running 'Odb.AddRoutingObstructions' at 'runs/RUN_2026-09-05_03-04-29/22-odb-addroutingobstructions'…
'ROUTING_OBSTRUCTIONS' is not defined. Skipping 'Odb.AddRoutingObstructions'…
Running 'OpenROAD.GlobalPlacementSkipIO' at 'runs/RUN_2026-09-05_03-04-29/23-openroad-globalplacementskipio'…
I/O pins were loaded from /foss/designs/ascon/A68_A.def. Skipping the first global placement iteration…
Running 'OpenROAD.IOPlacement' at 'runs/RUN_2026-09-05_03-04-29/24-openroad-ioplacement'…
I/O pins were loaded from /foss/designs/ascon/A68_A.def. Skipping OpenROAD.IOPlacement…
Running 'Odb.CustomIOPlacement' at 'runs/RUN_2026-09-05_03-04-29/25-odb-customioplacement'…
No custom floorplan file configured, skipping…
Running 'Odb.ApplyDEFTemplate' at 'runs/RUN_2026-09-05_03-04-29/26-odb-applydeftemplate'…
Logging subprocess to [repr.filename]'runs/RUN_2026-09-05_03-04-29/26-odb-applydeftemplate/odb-applydeftemplate.log'[/repr.filename]…
Bterm VDD is declared as a 'POWER' pin. It will be ignored.
Bterm VSS is declared as a 'GROUND' pin. It will be ignored.
The die area specificied in FP_DEF_TEMPLATE is different than the design die area. Pin placement may be incorrect.
Design area: 0.0 0.0 1110.0 1110.0. Template def area: 0.0 0.0 11100.0 11100.0
Running 'OpenROAD.GlobalPlacement' at 'runs/RUN_2026-09-05_03-04-29/27-openroad-globalplacement'…
'PL_TARGET_DENSITY_PCT' not explicitly set, using dynamically calculated target density: 47.930200…
Logging subprocess to [repr.filename]'runs/RUN_2026-09-05_03-04-29/27-openroad-globalplacement/openroad-globalplacement.log'[/repr.filename]…
Running 'Odb.WriteVerilogHeader' at 'runs/RUN_2026-09-05_03-04-29/28-odb-writeverilogheader'…
Logging subprocess to [repr.filename]'runs/RUN_2026-09-05_03-04-29/28-odb-writeverilogheader/odb-writeverilogheader.log'[/repr.filename]…
Running 'Checker.PowerGridViolations' at 'runs/RUN_2026-09-05_03-04-29/29-checker-powergridviolations'…
Check for power grid violations (as reported by OpenROAD PSM- you may ignore these if LVS passes) clear.
Running 'OpenROAD.STAMidPNR' at 'runs/RUN_2026-09-05_03-04-29/30-openroad-stamidpnr'…
Logging subprocess to [repr.filename]'runs/RUN_2026-09-05_03-04-29/30-openroad-stamidpnr/openroad-stamidpnr.log'[/repr.filename]…
[GRT-0097] No global routing found for nets.
Running 'OpenROAD.RepairDesignPostGPL' at 'runs/RUN_2026-09-05_03-04-29/31-openroad-repairdesignpostgpl'…
Logging subprocess to [repr.filename]'runs/RUN_2026-09-05_03-04-29/31-openroad-repairdesignpostgpl/openroad-repairdesignpostgpl.log'[/repr.filename]…
Running 'Odb.ManualGlobalPlacement' at 'runs/RUN_2026-09-05_03-04-29/32-odb-manualglobalplacement'…
'MANUAL_GLOBAL_PLACEMENTS' not set, skipping…
Running 'OpenROAD.DetailedPlacement' at 'runs/RUN_2026-09-05_03-04-29/33-openroad-detailedplacement'…
Logging subprocess to [repr.filename]'runs/RUN_2026-09-05_03-04-29/33-openroad-detailedplacement/openroad-detailedplacement.log'[/repr.filename]…
Running 'OpenROAD.CTS' at 'runs/RUN_2026-09-05_03-04-29/34-openroad-cts'…
Logging subprocess to [repr.filename]'runs/RUN_2026-09-05_03-04-29/34-openroad-cts/openroad-cts.log'[/repr.filename]…
Running 'OpenROAD.STAMidPNR-1' at 'runs/RUN_2026-09-05_03-04-29/35-openroad-stamidpnr-1'…
Logging subprocess to [repr.filename]'runs/RUN_2026-09-05_03-04-29/35-openroad-stamidpnr-1/openroad-stamidpnr-1.log'[/repr.filename]…
[GRT-0097] No global routing found for nets.
Running 'OpenROAD.ResizerTimingPostCTS' at 'runs/RUN_2026-09-05_03-04-29/36-openroad-resizertimingpostcts'…
Logging subprocess to [repr.filename]'runs/RUN_2026-09-05_03-04-29/36-openroad-resizertimingpostcts/openroad-resizertimingpostcts.log'[/repr.filename]…
Running 'OpenROAD.STAMidPNR-2' at 'runs/RUN_2026-09-05_03-04-29/37-openroad-stamidpnr-2'…
Logging subprocess to [repr.filename]'runs/RUN_2026-09-05_03-04-29/37-openroad-stamidpnr-2/openroad-stamidpnr-2.log'[/repr.filename]…
[GRT-0097] No global routing found for nets.
Running 'OpenROAD.GlobalRouting' at 'runs/RUN_2026-09-05_03-04-29/38-openroad-globalrouting'…
Logging subprocess to [repr.filename]'runs/RUN_2026-09-05_03-04-29/38-openroad-globalrouting/openroad-globalrouting.log'[/repr.filename]…
Running 'OpenROAD.CheckAntennas' at 'runs/RUN_2026-09-05_03-04-29/39-openroad-checkantennas'…
Logging subprocess to [repr.filename]'runs/RUN_2026-09-05_03-04-29/39-openroad-checkantennas/openroad-checkantennas.log'[/repr.filename]…
Gating variable for step 'OpenROAD.RepairDesignPostGRT' set to 'False'- the step will be skipped.
Skipping step 'Repair Design (Post-Global Routing)'…
Running 'Odb.DiodesOnPorts' at 'runs/RUN_2026-09-05_03-04-29/40-odb-diodesonports'…
'DIODE_ON_PORTS' is set to 'none': skipping…
Gating variable for step 'Odb.HeuristicDiodeInsertion' set to 'False'- the step will be skipped.
Skipping step 'Heuristic Diode Insertion'…
Running 'OpenROAD.RepairAntennas' at 'runs/RUN_2026-09-05_03-04-29/41-openroad-repairantennas'…
Running 'DiodeInsertion' at 'runs/RUN_2026-09-05_03-04-29/41-openroad-repairantennas/1-diodeinsertion'…
Logging subprocess to [repr.filename]'runs/RUN_2026-09-05_03-04-29/41-openroad-repairantennas/1-diodeinsertion/diodeinsertion.log'[/repr.filename]…
Running 'OpenROAD.CheckAntennas' at 'runs/RUN_2026-09-05_03-04-29/41-openroad-repairantennas/2-openroad-checkantennas'…
Logging subprocess to [repr.filename]'runs/RUN_2026-09-05_03-04-29/41-openroad-repairantennas/2-openroad-checkantennas/openroad-checkantennas.log'[/repr.filename]…
Gating variable for step 'OpenROAD.ResizerTimingPostGRT' set to 'False'- the step will be skipped.
Skipping step 'Resizer Timing Optimizations (Post-Global Routing)'…
Running 'OpenROAD.STAMidPNR-3' at 'runs/RUN_2026-09-05_03-04-29/42-openroad-stamidpnr-3'…
Logging subprocess to [repr.filename]'runs/RUN_2026-09-05_03-04-29/42-openroad-stamidpnr-3/openroad-stamidpnr-3.log'[/repr.filename]…
Running 'OpenROAD.DetailedRouting' at 'runs/RUN_2026-09-05_03-04-29/43-openroad-detailedrouting'…
Running TritonRoute with 12 threads…
Logging subprocess to [repr.filename]'runs/RUN_2026-09-05_03-04-29/43-openroad-detailedrouting/openroad-detailedrouting.log'[/repr.filename]…
[DRT-0349] LEF58_ENCLOSURE with no CUTCLASS is not supported. Skipping for layer Via1
[DRT-0349] LEF58_ENCLOSURE with no CUTCLASS is not supported. Skipping for layer Via1
[DRT-0349] LEF58_ENCLOSURE with no CUTCLASS is not supported. Skipping for layer Via2
[DRT-0349] LEF58_ENCLOSURE with no CUTCLASS is not supported. Skipping for layer Via2
[DRT-0349] LEF58_ENCLOSURE with no CUTCLASS is not supported. Skipping for layer Via3
[DRT-0349] LEF58_ENCLOSURE with no CUTCLASS is not supported. Skipping for layer Via3
[DRT-0349] LEF58_ENCLOSURE with no CUTCLASS is not supported. Skipping for layer Via4
[DRT-0349] LEF58_ENCLOSURE with no CUTCLASS is not supported. Skipping for layer Via4
Running 'Odb.RemoveRoutingObstructions' at 'runs/RUN_2026-09-05_03-04-29/44-odb-removeroutingobstructions'…
'ROUTING_OBSTRUCTIONS' is not defined. Skipping 'Odb.RemoveRoutingObstructions'…
Running 'OpenROAD.CheckAntennas-1' at 'runs/RUN_2026-09-05_03-04-29/45-openroad-checkantennas-1'…
Logging subprocess to [repr.filename]'runs/RUN_2026-09-05_03-04-29/45-openroad-checkantennas-1/openroad-checkantennas-1.log'[/repr.filename]…
Running 'Checker.TrDRC' at 'runs/RUN_2026-09-05_03-04-29/46-checker-trdrc'…
Check for Routing DRC errors clear.
Running 'Odb.ReportDisconnectedPins' at 'runs/RUN_2026-09-05_03-04-29/47-odb-reportdisconnectedpins'…
Logging subprocess to [repr.filename]'runs/RUN_2026-09-05_03-04-29/47-odb-reportdisconnectedpins/odb-reportdisconnectedpins.log'[/repr.filename]…
Running 'Checker.DisconnectedPins' at 'runs/RUN_2026-09-05_03-04-29/48-checker-disconnectedpins'…
Check for critical disconnected pins clear.
Running 'Odb.ReportWireLength' at 'runs/RUN_2026-09-05_03-04-29/49-odb-reportwirelength'…
Logging subprocess to [repr.filename]'runs/RUN_2026-09-05_03-04-29/49-odb-reportwirelength/odb-reportwirelength.log'[/repr.filename]…
Running 'Checker.WireLength' at 'runs/RUN_2026-09-05_03-04-29/50-checker-wirelength'…
Threshold for Threshold-surpassing long wires is not set. The checker will be skipped.
Running 'OpenROAD.FillInsertion' at 'runs/RUN_2026-09-05_03-04-29/51-openroad-fillinsertion'…
Logging subprocess to [repr.filename]'runs/RUN_2026-09-05_03-04-29/51-openroad-fillinsertion/openroad-fillinsertion.log'[/repr.filename]…
Running 'Odb.CellFrequencyTables' at 'runs/RUN_2026-09-05_03-04-29/52-odb-cellfrequencytables'…
Logging subprocess to [repr.filename]'runs/RUN_2026-09-05_03-04-29/52-odb-cellfrequencytables/buffer_list.txt'[/repr.filename]…
Logging subprocess to [repr.filename]'runs/RUN_2026-09-05_03-04-29/52-odb-cellfrequencytables/odb-cellfrequencytables.log'[/repr.filename]…
Running 'OpenROAD.RCX' at 'runs/RUN_2026-09-05_03-04-29/53-openroad-rcx'…
Running RCX for corners matching nom_* (/foss/designs/ascon/runs/RUN_2026-09-05_03-04-29/53-openroad-rcx/nom/rcx.log)…
Running RCX for corners matching min_* (/foss/designs/ascon/runs/RUN_2026-09-05_03-04-29/53-openroad-rcx/min/rcx.log)…
Running RCX for corners matching max_* (/foss/designs/ascon/runs/RUN_2026-09-05_03-04-29/53-openroad-rcx/max/rcx.log)…
Logging subprocess to [repr.filename]'runs/RUN_2026-09-05_03-04-29/53-openroad-rcx/min/rcx.log'[/repr.filename]…
Logging subprocess to [repr.filename]'runs/RUN_2026-09-05_03-04-29/53-openroad-rcx/max/rcx.log'[/repr.filename]…
Logging subprocess to [repr.filename]'runs/RUN_2026-09-05_03-04-29/53-openroad-rcx/nom/rcx.log'[/repr.filename]…
Finished RCX for corners matching nom_*.
Finished RCX for corners matching min_*.
Finished RCX for corners matching max_*.
Running 'OpenROAD.STAPostPNR' at 'runs/RUN_2026-09-05_03-04-29/54-openroad-stapostpnr'…
Starting STA for the nom_tt_025C_5v00 timing corner…
Logging subprocess to [repr.filename]'runs/RUN_2026-09-05_03-04-29/54-openroad-stapostpnr/nom_tt_025C_5v00/sta.log'[/repr.filename]…
Starting STA for the nom_ss_125C_4v50 timing corner…
Starting STA for the nom_ff_n40C_5v50 timing corner…
Logging subprocess to [repr.filename]'runs/RUN_2026-09-05_03-04-29/54-openroad-stapostpnr/nom_ss_125C_4v50/sta.log'[/repr.filename]…
Logging subprocess to [repr.filename]'runs/RUN_2026-09-05_03-04-29/54-openroad-stapostpnr/nom_ff_n40C_5v50/sta.log'[/repr.filename]…
Starting STA for the min_tt_025C_5v00 timing corner…
Starting STA for the min_ss_125C_4v50 timing corner…
Starting STA for the min_ff_n40C_5v50 timing corner…
Starting STA for the max_tt_025C_5v00 timing corner…
Logging subprocess to [repr.filename]'runs/RUN_2026-09-05_03-04-29/54-openroad-stapostpnr/min_tt_025C_5v00/sta.log'[/repr.filename]…
Starting STA for the max_ss_125C_4v50 timing corner…
Starting STA for the max_ff_n40C_5v50 timing corner…
Logging subprocess to [repr.filename]'runs/RUN_2026-09-05_03-04-29/54-openroad-stapostpnr/max_tt_025C_5v00/sta.log'[/repr.filename]…
Logging subprocess to [repr.filename]'runs/RUN_2026-09-05_03-04-29/54-openroad-stapostpnr/min_ff_n40C_5v50/sta.log'[/repr.filename]…
Logging subprocess to [repr.filename]'runs/RUN_2026-09-05_03-04-29/54-openroad-stapostpnr/min_ss_125C_4v50/sta.log'[/repr.filename]…
Logging subprocess to [repr.filename]'runs/RUN_2026-09-05_03-04-29/54-openroad-stapostpnr/max_ss_125C_4v50/sta.log'[/repr.filename]…
Logging subprocess to [repr.filename]'runs/RUN_2026-09-05_03-04-29/54-openroad-stapostpnr/max_ff_n40C_5v50/sta.log'[/repr.filename]…
Finished STA for the min_ss_125C_4v50 timing corner.
Logging subprocess to [repr.filename]'runs/RUN_2026-09-05_03-04-29/54-openroad-stapostpnr/min_ss_125C_4v50/filter_unannotated.log'[/repr.filename]…
Finished STA for the max_ss_125C_4v50 timing corner.
Logging subprocess to [repr.filename]'runs/RUN_2026-09-05_03-04-29/54-openroad-stapostpnr/max_ss_125C_4v50/filter_unannotated.log'[/repr.filename]…
Finished STA for the min_tt_025C_5v00 timing corner.
Logging subprocess to [repr.filename]'runs/RUN_2026-09-05_03-04-29/54-openroad-stapostpnr/min_tt_025C_5v00/filter_unannotated.log'[/repr.filename]…
Finished STA for the nom_ff_n40C_5v50 timing corner.
Logging subprocess to [repr.filename]'runs/RUN_2026-09-05_03-04-29/54-openroad-stapostpnr/nom_ff_n40C_5v50/filter_unannotated.log'[/repr.filename]…
Finished STA for the max_ff_n40C_5v50 timing corner.
Finished STA for the nom_tt_025C_5v00 timing corner.
Logging subprocess to [repr.filename]'runs/RUN_2026-09-05_03-04-29/54-openroad-stapostpnr/max_ff_n40C_5v50/filter_unannotated.log'[/repr.filename]…
Logging subprocess to [repr.filename]'runs/RUN_2026-09-05_03-04-29/54-openroad-stapostpnr/nom_tt_025C_5v00/filter_unannotated.log'[/repr.filename]…
Finished STA for the max_tt_025C_5v00 timing corner.
Logging subprocess to [repr.filename]'runs/RUN_2026-09-05_03-04-29/54-openroad-stapostpnr/max_tt_025C_5v00/filter_unannotated.log'[/repr.filename]…
Finished STA for the min_ff_n40C_5v50 timing corner.
Logging subprocess to [repr.filename]'runs/RUN_2026-09-05_03-04-29/54-openroad-stapostpnr/min_ff_n40C_5v50/filter_unannotated.log'[/repr.filename]…
Finished STA for the nom_ss_125C_4v50 timing corner.
Logging subprocess to [repr.filename]'runs/RUN_2026-09-05_03-04-29/54-openroad-stapostpnr/nom_ss_125C_4v50/filter_unannotated.log'[/repr.filename]…
Running 'OpenROAD.IRDropReport' at 'runs/RUN_2026-09-05_03-04-29/55-openroad-irdropreport'…
'VSRC_LOC_FILES' was not given a value, which may make the results of IR drop analysis inaccurate. If you are not integrating a top-level chip for manufacture, you may ignore this warning, otherwise, see the documentation for 'VSRC_LOC_FILES'.
Logging subprocess to [repr.filename]'runs/RUN_2026-09-05_03-04-29/55-openroad-irdropreport/openroad-irdropreport.log'[/repr.filename]…
[INFO PSM-0040] All shapes on net VDD are connected.
########## IR report #################
Net              : VDD
Corner           : nom_tt_025C_5v00
Supply voltage   : 5.00e+00 V
Worstcase voltage: 5.00e+00 V
Average voltage  : 5.00e+00 V
Average IR drop  : 1.91e-04 V
Worstcase IR drop: 1.12e-03 V
Percentage drop  : 0.02 %
######################################
[INFO PSM-0040] All shapes on net VSS are connected.
########## IR report #################
Net              : VSS
Corner           : nom_tt_025C_5v00
Supply voltage   : 0.00e+00 V
Worstcase voltage: 9.20e-04 V
Average voltage  : 1.83e-04 V
Average IR drop  : 1.83e-04 V
Worstcase IR drop: 9.20e-04 V
Percentage drop  : 0.02 %
######################################

Running 'Magic.StreamOut' at 'runs/RUN_2026-09-05_03-04-29/56-magic-streamout'…
Logging subprocess to [repr.filename]'runs/RUN_2026-09-05_03-04-29/56-magic-streamout/magic-streamout.log'[/repr.filename]…
Running 'KLayout.StreamOut' at 'runs/RUN_2026-09-05_03-04-29/57-klayout-streamout'…
Logging subprocess to [repr.filename]'runs/RUN_2026-09-05_03-04-29/57-klayout-streamout/klayout-streamout.log'[/repr.filename]…
Running 'Magic.WriteLEF' at 'runs/RUN_2026-09-05_03-04-29/58-magic-writelef'…
Logging subprocess to [repr.filename]'runs/RUN_2026-09-05_03-04-29/58-magic-writelef/magic-writelef.log'[/repr.filename]…
Running 'Odb.CheckDesignAntennaProperties' at 'runs/RUN_2026-09-05_03-04-29/59-odb-checkdesignantennaproperties'…
Logging subprocess to [repr.filename]'runs/RUN_2026-09-05_03-04-29/59-odb-checkdesignantennaproperties/odb-checkdesignantennaproperties.log'[/repr.filename]…
Running 'KLayout.XOR' at 'runs/RUN_2026-09-05_03-04-29/60-klayout-xor'…
Running XOR with 12 threads…
Logging subprocess to [repr.filename]'runs/RUN_2026-09-05_03-04-29/60-klayout-xor/klayout-xor.log'[/repr.filename]…
Running 'Checker.XOR' at 'runs/RUN_2026-09-05_03-04-29/61-checker-xor'…
Check for XOR differences clear.
Running 'Magic.DRC' at 'runs/RUN_2026-09-05_03-04-29/62-magic-drc'…
Logging subprocess to [repr.filename]'runs/RUN_2026-09-05_03-04-29/62-magic-drc/magic-drc.log'[/repr.filename]…
Running 'KLayout.DRC' at 'runs/RUN_2026-09-05_03-04-29/63-klayout-drc'…
KLayout DRC is not supported for the gf180mcuD PDK. This step will be skipped.
Running 'Checker.MagicDRC' at 'runs/RUN_2026-09-05_03-04-29/64-checker-magicdrc'…
Check for Magic DRC errors clear.
Running 'Checker.KLayoutDRC' at 'runs/RUN_2026-09-05_03-04-29/65-checker-klayoutdrc'…
The KLayout DRC errors metric was not found. Are you sure the relevant step was run?
Running 'Magic.SpiceExtraction' at 'runs/RUN_2026-09-05_03-04-29/66-magic-spiceextraction'…
Logging subprocess to [repr.filename]'runs/RUN_2026-09-05_03-04-29/66-magic-spiceextraction/magic-spiceextraction.log'[/repr.filename]…
Running 'Checker.IllegalOverlap' at 'runs/RUN_2026-09-05_03-04-29/67-checker-illegaloverlap'…
Check for Magic Illegal Overlap errors clear.
Running 'Netgen.LVS' at 'runs/RUN_2026-09-05_03-04-29/68-netgen-lvs'…
Logging subprocess to [repr.filename]'runs/RUN_2026-09-05_03-04-29/68-netgen-lvs/netgen-lvs.log'[/repr.filename]…
Running 'Checker.LVS' at 'runs/RUN_2026-09-05_03-04-29/69-checker-lvs'…
Check for LVS errors clear.
Gating variable for step 'Yosys.EQY' set to 'False'- the step will be skipped.
Skipping step 'Equivalence Check'…
Running 'Checker.SetupViolations' at 'runs/RUN_2026-09-05_03-04-29/70-checker-setupviolations'…
Setup violations found in the following corners:
* max_ss_125C_4v50
* min_ss_125C_4v50
* nom_ss_125C_4v50
No setup violations found
Running 'Checker.HoldViolations' at 'runs/RUN_2026-09-05_03-04-29/71-checker-holdviolations'…
Hold violations found in the following corners:
* max_ss_125C_4v50
No hold violations found
Running 'Checker.MaxSlewViolations' at 'runs/RUN_2026-09-05_03-04-29/72-checker-maxslewviolations'…
Max Slew violations found in the following corners:
* max_ss_125C_4v50
* min_ss_125C_4v50
* nom_ss_125C_4v50
No max slew violations found
Running 'Checker.MaxCapViolations' at 'runs/RUN_2026-09-05_03-04-29/73-checker-maxcapviolations'…
Max Cap violations found in the following corners:
* max_ff_n40C_5v50
* max_ss_125C_4v50
* max_tt_025C_5v00
* min_ff_n40C_5v50
* min_ss_125C_4v50
* min_tt_025C_5v00
* nom_ff_n40C_5v50
* nom_ss_125C_4v50
* nom_tt_025C_5v00
No max cap violations found
Running 'Misc.ReportManufacturability' at 'runs/RUN_2026-09-05_03-04-29/74-misc-reportmanufacturability'…
klayout__drc_error__count not reported. KLayout.DRC may have been skipped.
Saving views to '/foss/designs/ascon/runs/RUN_2026-09-05_03-04-29/final'…
Flow complete.
