
===========================================================================
report_checks -unconstrained
===========================================================================
======================= max_ff_n40C_5v50 Corner ===================================

Startpoint: rst (input port clocked by clk)
Endpoint: _25024_ (recovery check against rising-edge clock clk)
Path Group: asynchronous
Path Type: max

Fanout         Cap        Slew       Delay        Time   Description
---------------------------------------------------------------------------------------------
                                  0.000000    0.000000   clock clk (rise edge)
                                  0.000000    0.000000   clock network delay (propagated)
                                  8.000000    8.000000 v input external delay
     1    0.006083    0.056032    0.025053    8.025053 v rst (in)
                                                         rst (net)
                      0.056032    0.000000    8.025053 v input3/I (gf180mcu_fd_sc_mcu7t5v0__buf_2)
     4    0.199729    0.658537    0.511605    8.536658 v input3/Z (gf180mcu_fd_sc_mcu7t5v0__buf_2)
                                                         net3 (net)
                      0.660225    0.019102    8.555759 v fanout1782/I (gf180mcu_fd_sc_mcu7t5v0__clkbuf_2)
     5    0.070250    0.374108    0.476611    9.032371 v fanout1782/Z (gf180mcu_fd_sc_mcu7t5v0__clkbuf_2)
                                                         net1782 (net)
                      0.374138    0.001907    9.034278 v fanout1780/I (gf180mcu_fd_sc_mcu7t5v0__buf_2)
    10    0.138453    0.460350    0.490282    9.524559 v fanout1780/Z (gf180mcu_fd_sc_mcu7t5v0__buf_2)
                                                         net1780 (net)
                      0.460400    0.002772    9.527331 v fanout1779/I (gf180mcu_fd_sc_mcu7t5v0__buf_2)
     9    0.100522    0.341631    0.438457    9.965789 v fanout1779/Z (gf180mcu_fd_sc_mcu7t5v0__buf_2)
                                                         net1779 (net)
                      0.341644    0.001211    9.967000 v fanout1778/I (gf180mcu_fd_sc_mcu7t5v0__buf_2)
    10    0.093422    0.318375    0.393249   10.360249 v fanout1778/Z (gf180mcu_fd_sc_mcu7t5v0__buf_2)
                                                         net1778 (net)
                      0.318486    0.003394   10.363643 v _24266_/I (gf180mcu_fd_sc_mcu7t5v0__clkinv_1)
     1    0.034607    0.401596    0.319737   10.683380 ^ _24266_/ZN (gf180mcu_fd_sc_mcu7t5v0__clkinv_1)
                                                         _00185_ (net)
                      0.401630    0.002041   10.685421 ^ _25024_/RN (gf180mcu_fd_sc_mcu7t5v0__dffrnq_1)
                                             10.685421   data arrival time

                                 40.000000   40.000000   clock clk (rise edge)
                                  0.000000   40.000000   clock source latency
     1    0.163967    0.447622    0.275517   40.275517 ^ clk (in)
                                                         clk (net)
                      0.456725    0.000000   40.275517 ^ clkbuf_0_clk/I (gf180mcu_fd_sc_mcu7t5v0__clkbuf_16)
     4    0.299228    0.221883    0.319709   40.595226 ^ clkbuf_0_clk/Z (gf180mcu_fd_sc_mcu7t5v0__clkbuf_16)
                                                         clknet_0_clk (net)
                      0.225356    0.015707   40.610931 ^ clkbuf_2_0_0_clk/I (gf180mcu_fd_sc_mcu7t5v0__clkbuf_8)
    16    0.432685    0.594581    0.497138   41.108070 ^ clkbuf_2_0_0_clk/Z (gf180mcu_fd_sc_mcu7t5v0__clkbuf_8)
                                                         clknet_2_0_0_clk (net)
                      0.596639    0.020087   41.128159 ^ clkbuf_6_8_0_clk/I (gf180mcu_fd_sc_mcu7t5v0__clkbuf_8)
    12    0.206137    0.298204    0.380723   41.508881 ^ clkbuf_6_8_0_clk/Z (gf180mcu_fd_sc_mcu7t5v0__clkbuf_8)
                                                         clknet_6_8_0_clk (net)
                      0.298380    0.003375   41.512257 ^ clkbuf_leaf_531_clk/I (gf180mcu_fd_sc_mcu7t5v0__clkbuf_8)
     6    0.047341    0.101158    0.217977   41.730232 ^ clkbuf_leaf_531_clk/Z (gf180mcu_fd_sc_mcu7t5v0__clkbuf_8)
                                                         clknet_leaf_531_clk (net)
                      0.101159    0.000668   41.730900 ^ _25024_/CLK (gf180mcu_fd_sc_mcu7t5v0__dffrnq_1)
                                 -0.250000   41.480900   clock uncertainty
                                  0.000000   41.480900   clock reconvergence pessimism
                                  0.087332   41.568233   library recovery time
                                             41.568233   data required time
---------------------------------------------------------------------------------------------
                                             41.568233   data required time
                                            -10.685421   data arrival time
---------------------------------------------------------------------------------------------
                                             30.882811   slack (MET)


Startpoint: rst (input port clocked by clk)
Endpoint: _25959_ (rising edge-triggered flip-flop clocked by clk)
Path Group: clk
Path Type: max

Fanout         Cap        Slew       Delay        Time   Description
---------------------------------------------------------------------------------------------
                                  0.000000    0.000000   clock clk (rise edge)
                                  0.000000    0.000000   clock network delay (propagated)
                                  8.000000    8.000000 v input external delay
     1    0.006083    0.056032    0.025053    8.025053 v rst (in)
                                                         rst (net)
                      0.056032    0.000000    8.025053 v input3/I (gf180mcu_fd_sc_mcu7t5v0__buf_2)
     4    0.199729    0.658537    0.511605    8.536658 v input3/Z (gf180mcu_fd_sc_mcu7t5v0__buf_2)
                                                         net3 (net)
                      0.659946    0.017458    8.554116 v fanout1826/I (gf180mcu_fd_sc_mcu7t5v0__buf_2)
     6    0.142654    0.473313    0.563334    9.117450 v fanout1826/Z (gf180mcu_fd_sc_mcu7t5v0__buf_2)
                                                         net1826 (net)
                      0.474490    0.013547    9.130998 v fanout1812/I (gf180mcu_fd_sc_mcu7t5v0__clkbuf_2)
     5    0.066912    0.357256    0.433178    9.564176 v fanout1812/Z (gf180mcu_fd_sc_mcu7t5v0__clkbuf_2)
                                                         net1812 (net)
                      0.357259    0.000532    9.564708 v fanout1811/I (gf180mcu_fd_sc_mcu7t5v0__clkbuf_3)
    10    0.153711    0.425294    0.457811   10.022518 v fanout1811/Z (gf180mcu_fd_sc_mcu7t5v0__clkbuf_3)
                                                         net1811 (net)
                      0.426310    0.011883   10.034401 v _19971_/A1 (gf180mcu_fd_sc_mcu7t5v0__nor2_1)
     2    0.041091    0.813761    0.578425   10.612826 ^ _19971_/ZN (gf180mcu_fd_sc_mcu7t5v0__nor2_1)
                                                         _07024_ (net)
                      0.813774    0.001917   10.614743 ^ _19972_/A2 (gf180mcu_fd_sc_mcu7t5v0__nand2_1)
     2    0.040495    0.484370    0.326160   10.940903 v _19972_/ZN (gf180mcu_fd_sc_mcu7t5v0__nand2_1)
                                                         _07025_ (net)
                      0.484371    0.001449   10.942351 v _20040_/A2 (gf180mcu_fd_sc_mcu7t5v0__nor2_1)
     2    0.035817    0.722384    0.513453   11.455805 ^ _20040_/ZN (gf180mcu_fd_sc_mcu7t5v0__nor2_1)
                                                         _07061_ (net)
                      0.722384    0.000599   11.456404 ^ fanout644/I (gf180mcu_fd_sc_mcu7t5v0__buf_2)
    10    0.157793    0.858270    0.625353   12.081757 ^ fanout644/Z (gf180mcu_fd_sc_mcu7t5v0__buf_2)
                                                         net644 (net)
                      0.858317    0.003634   12.085390 ^ _20570_/A1 (gf180mcu_fd_sc_mcu7t5v0__nand2_1)
     1    0.044054    0.633909    0.411420   12.496810 v _20570_/ZN (gf180mcu_fd_sc_mcu7t5v0__nand2_1)
                                                         _07335_ (net)
                      0.633912    0.002293   12.499104 v fanout206/I (gf180mcu_fd_sc_mcu7t5v0__clkbuf_3)
     5    0.192332    0.525193    0.565021   13.064124 v fanout206/Z (gf180mcu_fd_sc_mcu7t5v0__clkbuf_3)
                                                         net206 (net)
                      0.526899    0.017121   13.081244 v fanout201/I (gf180mcu_fd_sc_mcu7t5v0__buf_2)
     6    0.148610    0.492056    0.546867   13.628112 v fanout201/Z (gf180mcu_fd_sc_mcu7t5v0__buf_2)
                                                         net201 (net)
                      0.492109    0.002964   13.631075 v fanout200/I (gf180mcu_fd_sc_mcu7t5v0__clkbuf_4)
     9    0.180878    0.496042    0.522601   14.153676 v fanout200/Z (gf180mcu_fd_sc_mcu7t5v0__clkbuf_4)
                                                         net200 (net)
                      0.497211    0.013751   14.167427 v fanout199/I (gf180mcu_fd_sc_mcu7t5v0__clkbuf_4)
    10    0.159419    0.439868    0.493915   14.661342 v fanout199/Z (gf180mcu_fd_sc_mcu7t5v0__clkbuf_4)
                                                         net199 (net)
                      0.439904    0.002260   14.663602 v _20617_/A2 (gf180mcu_fd_sc_mcu7t5v0__nand2_1)
     1    0.010865    0.241841    0.241810   14.905413 ^ _20617_/ZN (gf180mcu_fd_sc_mcu7t5v0__nand2_1)
                                                         _07359_ (net)
                      0.241841    0.000282   14.905695 ^ _20618_/B (gf180mcu_fd_sc_mcu7t5v0__oai21_1)
     1    0.004529    0.193481    0.113042   15.018737 v _20618_/ZN (gf180mcu_fd_sc_mcu7t5v0__oai21_1)
                                                         _01601_ (net)
                      0.193481    0.000055   15.018792 v _25959_/D (gf180mcu_fd_sc_mcu7t5v0__dffq_1)
                                             15.018792   data arrival time

                                 40.000000   40.000000   clock clk (rise edge)
                                  0.000000   40.000000   clock source latency
     1    0.163967    0.447622    0.275517   40.275517 ^ clk (in)
                                                         clk (net)
                      0.456725    0.000000   40.275517 ^ clkbuf_0_clk/I (gf180mcu_fd_sc_mcu7t5v0__clkbuf_16)
     4    0.299228    0.221883    0.319709   40.595226 ^ clkbuf_0_clk/Z (gf180mcu_fd_sc_mcu7t5v0__clkbuf_16)
                                                         clknet_0_clk (net)
                      0.226398    0.018698   40.613926 ^ clkbuf_2_1_0_clk/I (gf180mcu_fd_sc_mcu7t5v0__clkbuf_8)
    16    0.458355    0.628826    0.516579   41.130505 ^ clkbuf_2_1_0_clk/Z (gf180mcu_fd_sc_mcu7t5v0__clkbuf_8)
                                                         clknet_2_1_0_clk (net)
                      0.629430    0.011035   41.141537 ^ clkbuf_6_19_0_clk/I (gf180mcu_fd_sc_mcu7t5v0__clkbuf_8)
    10    0.215958    0.311779    0.394216   41.535755 ^ clkbuf_6_19_0_clk/Z (gf180mcu_fd_sc_mcu7t5v0__clkbuf_8)
                                                         clknet_6_19_0_clk (net)
                      0.312036    0.005091   41.540844 ^ clkbuf_leaf_120_clk/I (gf180mcu_fd_sc_mcu7t5v0__clkbuf_8)
     5    0.041067    0.094986    0.215088   41.755932 ^ clkbuf_leaf_120_clk/Z (gf180mcu_fd_sc_mcu7t5v0__clkbuf_8)
                                                         clknet_leaf_120_clk (net)
                      0.094987    0.000696   41.756630 ^ _25959_/CLK (gf180mcu_fd_sc_mcu7t5v0__dffq_1)
                                 -0.250000   41.506630   clock uncertainty
                                  0.000000   41.506630   clock reconvergence pessimism
                                 -0.160719   41.345909   library setup time
                                             41.345909   data required time
---------------------------------------------------------------------------------------------
                                             41.345909   data required time
                                            -15.018792   data arrival time
---------------------------------------------------------------------------------------------
                                             26.327120   slack (MET)




===========================================================================
report_checks --slack_max -0.01
============================================================================
======================= max_ff_n40C_5v50 Corner ===================================

No paths found.


===========================================================================
 report_check_types -max_slew -max_cap -max_fanout -violators
============================================================================
======================= max_ff_n40C_5v50 Corner ===================================

max slew

Pin                                        Limit        Slew       Slack
------------------------------------------------------------------------
_17803_/A2                              2.600000    2.796372   -0.196372 (VIOLATED)
_17802_/Z                               2.600000    2.796040   -0.196040 (VIOLATED)

max fanout

Pin                                   Limit Fanout  Slack
---------------------------------------------------------
clkbuf_2_0_0_clk/Z                       10     16     -6 (VIOLATED)
clkbuf_2_1_0_clk/Z                       10     16     -6 (VIOLATED)
clkbuf_2_2_0_clk/Z                       10     16     -6 (VIOLATED)
clkbuf_2_3_0_clk/Z                       10     16     -6 (VIOLATED)
clkbuf_6_16_0_clk/Z                      10     14     -4 (VIOLATED)
clkbuf_6_18_0_clk/Z                      10     14     -4 (VIOLATED)
clkbuf_6_29_0_clk/Z                      10     14     -4 (VIOLATED)
clkbuf_6_17_0_clk/Z                      10     13     -3 (VIOLATED)
clkbuf_6_20_0_clk/Z                      10     13     -3 (VIOLATED)
clkbuf_6_23_0_clk/Z                      10     13     -3 (VIOLATED)
clkbuf_6_26_0_clk/Z                      10     13     -3 (VIOLATED)
clkbuf_6_27_0_clk/Z                      10     13     -3 (VIOLATED)
clkbuf_6_10_0_clk/Z                      10     12     -2 (VIOLATED)
clkbuf_6_15_0_clk/Z                      10     12     -2 (VIOLATED)
clkbuf_6_24_0_clk/Z                      10     12     -2 (VIOLATED)
clkbuf_6_25_0_clk/Z                      10     12     -2 (VIOLATED)
clkbuf_6_31_0_clk/Z                      10     12     -2 (VIOLATED)
clkbuf_6_4_0_clk/Z                       10     12     -2 (VIOLATED)
clkbuf_6_8_0_clk/Z                       10     12     -2 (VIOLATED)
clkbuf_6_22_0_clk/Z                      10     11        (VIOLATED)
clkbuf_6_30_0_clk/Z                      10     11        (VIOLATED)
clkbuf_6_62_0_clk/Z                      10     11        (VIOLATED)
clkbuf_leaf_102_clk/Z                    10     11        (VIOLATED)
clkbuf_leaf_354_clk/Z                    10     11        (VIOLATED)

max capacitance

Pin                                        Limit         Cap       Slack
------------------------------------------------------------------------
clkbuf_2_2_0_clk/Z                      0.200000    0.501052   -0.301052 (VIOLATED)
clkbuf_2_1_0_clk/Z                      0.200000    0.458355   -0.258355 (VIOLATED)
clkbuf_2_0_0_clk/Z                      0.200000    0.432685   -0.232685 (VIOLATED)
clkbuf_2_3_0_clk/Z                      0.200000    0.408911   -0.208911 (VIOLATED)
fanout266/Z                             0.200000    0.387195   -0.187195 (VIOLATED)
fanout1418/Z                            0.200000    0.368749   -0.168749 (VIOLATED)
fanout1108/Z                            0.200000    0.359647   -0.159647 (VIOLATED)
fanout643/Z                             0.200000    0.357117   -0.157117 (VIOLATED)
fanout870/Z                             0.200000    0.355579   -0.155579 (VIOLATED)
fanout1199/Z                            0.200000    0.355054   -0.155054 (VIOLATED)
fanout1329/Z                            0.200000    0.354530   -0.154530 (VIOLATED)
fanout241/Z                             0.200000    0.352395   -0.152395 (VIOLATED)
fanout1097/Z                            0.200000    0.350543   -0.150543 (VIOLATED)
fanout1074/Z                            0.200000    0.345584   -0.145584 (VIOLATED)
fanout1315/Z                            0.200000    0.344377   -0.144377 (VIOLATED)
fanout1221/Z                            0.200000    0.342918   -0.142918 (VIOLATED)
fanout140/Z                             0.200000    0.341162   -0.141162 (VIOLATED)
fanout1216/Z                            0.200000    0.338536   -0.138536 (VIOLATED)
fanout1067/Z                            0.200000    0.338008   -0.138008 (VIOLATED)
fanout1173/Z                            0.200000    0.337783   -0.137783 (VIOLATED)
fanout1178/Z                            0.200000    0.336494   -0.136494 (VIOLATED)
fanout1229/Z                            0.200000    0.335977   -0.135977 (VIOLATED)
fanout1103/Z                            0.200000    0.335937   -0.135937 (VIOLATED)
fanout1267/Z                            0.200000    0.335251   -0.135251 (VIOLATED)
fanout1062/Z                            0.200000    0.333482   -0.133482 (VIOLATED)
fanout1119/Z                            0.200000    0.331997   -0.131997 (VIOLATED)
fanout49/Z                              0.200000    0.329951   -0.129951 (VIOLATED)
fanout1218/Z                            0.200000    0.329918   -0.129918 (VIOLATED)
fanout1072/Z                            0.200000    0.329811   -0.129811 (VIOLATED)
fanout1104/Z                            0.200000    0.328699   -0.128699 (VIOLATED)
fanout1319/Z                            0.200000    0.328315   -0.128315 (VIOLATED)
fanout1123/Z                            0.200000    0.327887   -0.127887 (VIOLATED)
fanout1323/Z                            0.200000    0.327368   -0.127368 (VIOLATED)
fanout1305/Z                            0.200000    0.327061   -0.127061 (VIOLATED)
fanout1175/Z                            0.200000    0.326673   -0.126673 (VIOLATED)
max_cap1165/Z                           0.200000    0.325688   -0.125688 (VIOLATED)
fanout1291/Z                            0.200000    0.324623   -0.124623 (VIOLATED)
fanout1093/Z                            0.200000    0.322313   -0.122313 (VIOLATED)
fanout1247/Z                            0.200000    0.321919   -0.121919 (VIOLATED)
fanout1138/Z                            0.200000    0.321385   -0.121385 (VIOLATED)
fanout1210/Z                            0.200000    0.320208   -0.120208 (VIOLATED)
fanout546/Z                             0.200000    0.319020   -0.119020 (VIOLATED)
fanout1181/Z                            0.200000    0.318514   -0.118514 (VIOLATED)
fanout699/Z                             0.200000    0.318049   -0.118049 (VIOLATED)
fanout1109/Z                            0.200000    0.318012   -0.118012 (VIOLATED)
fanout1321/Z                            0.200000    0.317522   -0.117522 (VIOLATED)
fanout1241/Z                            0.200000    0.317505   -0.117505 (VIOLATED)
fanout1144/Z                            0.200000    0.316806   -0.116806 (VIOLATED)
fanout1263/Z                            0.200000    0.316458   -0.116458 (VIOLATED)
fanout1331/Z                            0.200000    0.316358   -0.116358 (VIOLATED)
fanout981/Z                             0.200000    0.316348   -0.116348 (VIOLATED)
fanout1293/Z                            0.200000    0.315856   -0.115856 (VIOLATED)
fanout1183/Z                            0.200000    0.315033   -0.115033 (VIOLATED)
max_cap1250/Z                           0.200000    0.314591   -0.114591 (VIOLATED)
fanout1242/Z                            0.200000    0.314545   -0.114545 (VIOLATED)
fanout875/Z                             0.200000    0.312724   -0.112724 (VIOLATED)
fanout1225/Z                            0.200000    0.312639   -0.112639 (VIOLATED)
fanout1148/Z                            0.200000    0.310715   -0.110715 (VIOLATED)
fanout1179/Z                            0.200000    0.309294   -0.109294 (VIOLATED)
fanout1185/Z                            0.200000    0.309202   -0.109202 (VIOLATED)
fanout1158/Z                            0.200000    0.309095   -0.109095 (VIOLATED)
fanout1177/Z                            0.200000    0.308882   -0.108882 (VIOLATED)
fanout1076/Z                            0.200000    0.308280   -0.108280 (VIOLATED)
fanout1099/Z                            0.200000    0.307713   -0.107713 (VIOLATED)
max_cap1253/Z                           0.200000    0.307636   -0.107636 (VIOLATED)
_14974_/ZN                              0.200000    0.307477   -0.107477 (VIOLATED)
fanout1295/Z                            0.200000    0.307312   -0.107312 (VIOLATED)
fanout1206/Z                            0.200000    0.306068   -0.106068 (VIOLATED)
fanout1127/Z                            0.200000    0.305150   -0.105150 (VIOLATED)
fanout1140/Z                            0.200000    0.304266   -0.104266 (VIOLATED)
fanout1142/Z                            0.200000    0.303425   -0.103425 (VIOLATED)
fanout1063/Z                            0.200000    0.303367   -0.103367 (VIOLATED)
fanout1189/Z                            0.200000    0.302719   -0.102719 (VIOLATED)
fanout1265/Z                            0.200000    0.302697   -0.102697 (VIOLATED)
fanout1111/Z                            0.200000    0.302498   -0.102498 (VIOLATED)
fanout1200/Z                            0.200000    0.302318   -0.102318 (VIOLATED)
fanout1115/Z                            0.200000    0.302210   -0.102210 (VIOLATED)
fanout934/Z                             0.200000    0.301841   -0.101841 (VIOLATED)
fanout1156/Z                            0.200000    0.300481   -0.100481 (VIOLATED)
fanout1273/Z                            0.200000    0.300233   -0.100233 (VIOLATED)
max_cap1262/Z                           0.200000    0.299949   -0.099949 (VIOLATED)
fanout1170/Z                            0.200000    0.299819   -0.099819 (VIOLATED)
clkbuf_0_clk/Z                          0.200000    0.299228   -0.099228 (VIOLATED)
fanout1078/Z                            0.200000    0.297728   -0.097728 (VIOLATED)
fanout1057/Z                            0.200000    0.297512   -0.097512 (VIOLATED)
fanout1288/Z                            0.200000    0.296971   -0.096971 (VIOLATED)
fanout1162/Z                            0.200000    0.295864   -0.095864 (VIOLATED)
fanout1191/Z                            0.200000    0.295728   -0.095728 (VIOLATED)
fanout1061/Z                            0.200000    0.295159   -0.095159 (VIOLATED)
fanout1317/Z                            0.200000    0.295057   -0.095057 (VIOLATED)
fanout1160/Z                            0.200000    0.293972   -0.093972 (VIOLATED)
fanout1239/Z                            0.200000    0.293760   -0.093760 (VIOLATED)
fanout578/Z                             0.200000    0.293717   -0.093717 (VIOLATED)
fanout834/Z                             0.200000    0.292129   -0.092129 (VIOLATED)
fanout1146/Z                            0.200000    0.291762   -0.091762 (VIOLATED)
wire1258/Z                              0.200000    0.291334   -0.091334 (VIOLATED)
fanout1699/Z                            0.200000    0.290716   -0.090716 (VIOLATED)
fanout1447/Z                            0.200000    0.290043   -0.090043 (VIOLATED)
fanout1286/Z                            0.200000    0.289677   -0.089677 (VIOLATED)
fanout172/Z                             0.200000    0.289045   -0.089045 (VIOLATED)
fanout197/Z                             0.200000    0.288885   -0.088885 (VIOLATED)
fanout1215/Z                            0.200000    0.288746   -0.088746 (VIOLATED)
fanout1207/Z                            0.200000    0.288695   -0.088695 (VIOLATED)
fanout1312/Z                            0.200000    0.288114   -0.088114 (VIOLATED)
fanout1091/Z                            0.200000    0.286644   -0.086644 (VIOLATED)
fanout1118/Z                            0.200000    0.286607   -0.086607 (VIOLATED)
fanout1301/Z                            0.200000    0.286573   -0.086573 (VIOLATED)
fanout964/Z                             0.200000    0.286486   -0.086486 (VIOLATED)
fanout816/Z                             0.200000    0.286219   -0.086219 (VIOLATED)
fanout1292/Z                            0.200000    0.285748   -0.085748 (VIOLATED)
fanout1114/Z                            0.200000    0.285580   -0.085580 (VIOLATED)
fanout1231/Z                            0.200000    0.285132   -0.085132 (VIOLATED)
fanout1309/Z                            0.200000    0.284884   -0.084884 (VIOLATED)
fanout1311/Z                            0.200000    0.284137   -0.084137 (VIOLATED)
fanout1546/Z                            0.200000    0.283165   -0.083165 (VIOLATED)
fanout1303/Z                            0.200000    0.282943   -0.082943 (VIOLATED)
fanout1307/Z                            0.200000    0.282860   -0.082860 (VIOLATED)
fanout1080/Z                            0.200000    0.282141   -0.082141 (VIOLATED)
fanout1202/Z                            0.200000    0.282038   -0.082038 (VIOLATED)
fanout1289/Z                            0.200000    0.281963   -0.081963 (VIOLATED)
fanout1445/Z                            0.200000    0.281863   -0.081863 (VIOLATED)
fanout1212/Z                            0.200000    0.281756   -0.081756 (VIOLATED)
_18883_/ZN                              0.200000    0.281049   -0.081049 (VIOLATED)
fanout1171/Z                            0.200000    0.280995   -0.080995 (VIOLATED)
fanout1151/Z                            0.200000    0.280325   -0.080325 (VIOLATED)
fanout1188/Z                            0.200000    0.280135   -0.080135 (VIOLATED)
fanout1563/Z                            0.200000    0.280112   -0.080112 (VIOLATED)
fanout1136/Z                            0.200000    0.279861   -0.079861 (VIOLATED)
fanout1340/Z                            0.200000    0.279574   -0.079574 (VIOLATED)
fanout1208/Z                            0.200000    0.279006   -0.079006 (VIOLATED)
_13155_/Z                               0.200000    0.278719   -0.078719 (VIOLATED)
fanout1255/Z                            0.200000    0.278465   -0.078465 (VIOLATED)
fanout1113/Z                            0.200000    0.278400   -0.078400 (VIOLATED)
fanout1089/Z                            0.200000    0.277991   -0.077991 (VIOLATED)
fanout1287/Z                            0.200000    0.276871   -0.076871 (VIOLATED)
fanout1088/Z                            0.200000    0.276339   -0.076339 (VIOLATED)
_18543_/Z                               0.200000    0.276138   -0.076138 (VIOLATED)
fanout1235/Z                            0.200000    0.275022   -0.075022 (VIOLATED)
fanout1259/Z                            0.200000    0.274544   -0.074544 (VIOLATED)
fanout1227/Z                            0.200000    0.274339   -0.074339 (VIOLATED)
fanout1168/Z                            0.200000    0.273784   -0.073784 (VIOLATED)
fanout799/Z                             0.200000    0.273350   -0.073350 (VIOLATED)
fanout1313/Z                            0.200000    0.272318   -0.072318 (VIOLATED)
_15802_/ZN                              0.200000    0.272265   -0.072265 (VIOLATED)
fanout1325/Z                            0.200000    0.272072   -0.072072 (VIOLATED)
fanout570/Z                             0.200000    0.271835   -0.071835 (VIOLATED)
fanout164/Z                             0.200000    0.271072   -0.071072 (VIOLATED)
fanout1086/Z                            0.200000    0.270649   -0.070649 (VIOLATED)
fanout1095/Z                            0.200000    0.270602   -0.070602 (VIOLATED)
fanout874/Z                             0.200000    0.270530   -0.070530 (VIOLATED)
fanout929/Z                             0.200000    0.270233   -0.070233 (VIOLATED)
fanout1187/Z                            0.200000    0.269928   -0.069928 (VIOLATED)
fanout1150/Z                            0.200000    0.268455   -0.068455 (VIOLATED)
fanout1085/Z                            0.200000    0.268133   -0.068132 (VIOLATED)
fanout843/Z                             0.200000    0.267982   -0.067982 (VIOLATED)
fanout1055/Z                            0.200000    0.266968   -0.066968 (VIOLATED)
fanout1066/Z                            0.200000    0.266890   -0.066890 (VIOLATED)
fanout774/Z                             0.200000    0.266186   -0.066186 (VIOLATED)
fanout1213/Z                            0.200000    0.266069   -0.066069 (VIOLATED)
fanout1153/Z                            0.200000    0.265009   -0.065009 (VIOLATED)
fanout1190/Z                            0.200000    0.264940   -0.064940 (VIOLATED)
fanout1107/Z                            0.200000    0.264865   -0.064865 (VIOLATED)
fanout854/Z                             0.200000    0.264722   -0.064722 (VIOLATED)
fanout1117/Z                            0.200000    0.264599   -0.064599 (VIOLATED)
fanout1245/Z                            0.200000    0.262589   -0.062589 (VIOLATED)
fanout40/Z                              0.200000    0.262417   -0.062417 (VIOLATED)
_13377_/Z                               0.200000    0.262340   -0.062340 (VIOLATED)
fanout1102/Z                            0.200000    0.262302   -0.062302 (VIOLATED)
fanout1125/Z                            0.200000    0.262071   -0.062071 (VIOLATED)
fanout1333/Z                            0.200000    0.261707   -0.061707 (VIOLATED)
fanout1224/Z                            0.200000    0.261662   -0.061662 (VIOLATED)
fanout634/Z                             0.200000    0.260479   -0.060479 (VIOLATED)
fanout1060/Z                            0.200000    0.259002   -0.059002 (VIOLATED)
fanout194/Z                             0.200000    0.258801   -0.058801 (VIOLATED)
fanout1417/Z                            0.200000    0.258598   -0.058598 (VIOLATED)
fanout1195/Z                            0.200000    0.258424   -0.058424 (VIOLATED)
fanout1154/Z                            0.200000    0.258275   -0.058275 (VIOLATED)
fanout1065/Z                            0.200000    0.258055   -0.058055 (VIOLATED)
fanout1405/Z                            0.200000    0.257913   -0.057913 (VIOLATED)
fanout1129/Z                            0.200000    0.257877   -0.057877 (VIOLATED)
fanout716/Z                             0.200000    0.257836   -0.057836 (VIOLATED)
fanout1299/Z                            0.200000    0.257380   -0.057380 (VIOLATED)
fanout1684/Z                            0.200000    0.257369   -0.057369 (VIOLATED)
fanout1130/Z                            0.200000    0.256979   -0.056979 (VIOLATED)
fanout1476/Z                            0.200000    0.256673   -0.056673 (VIOLATED)
_15861_/ZN                              0.200000    0.256651   -0.056651 (VIOLATED)
fanout1297/Z                            0.200000    0.255589   -0.055589 (VIOLATED)
_15856_/ZN                              0.200000    0.255512   -0.055512 (VIOLATED)
fanout1167/Z                            0.200000    0.254769   -0.054769 (VIOLATED)
fanout602/Z                             0.200000    0.254666   -0.054666 (VIOLATED)
fanout1327/Z                            0.200000    0.254364   -0.054364 (VIOLATED)
fanout1193/Z                            0.200000    0.254223   -0.054223 (VIOLATED)
fanout969/Z                             0.200000    0.254038   -0.054038 (VIOLATED)
fanout786/Z                             0.200000    0.253995   -0.053995 (VIOLATED)
fanout1134/Z                            0.200000    0.253784   -0.053784 (VIOLATED)
max_cap1083/Z                           0.200000    0.253313   -0.053313 (VIOLATED)
fanout1470/Z                            0.200000    0.252892   -0.052892 (VIOLATED)
fanout1559/Z                            0.200000    0.252536   -0.052536 (VIOLATED)
fanout1220/Z                            0.200000    0.251844   -0.051844 (VIOLATED)
fanout1697/Z                            0.200000    0.251838   -0.051838 (VIOLATED)
fanout1141/Z                            0.200000    0.251412   -0.051412 (VIOLATED)
fanout553/Z                             0.200000    0.250994   -0.050994 (VIOLATED)
_18146_/ZN                              0.200000    0.250519   -0.050519 (VIOLATED)
fanout872/Z                             0.200000    0.250330   -0.050330 (VIOLATED)
fanout1571/Z                            0.200000    0.249888   -0.049888 (VIOLATED)
fanout1105/Z                            0.200000    0.249732   -0.049732 (VIOLATED)
fanout1139/Z                            0.200000    0.249567   -0.049567 (VIOLATED)
fanout1545/Z                            0.200000    0.249332   -0.049332 (VIOLATED)
fanout1285/Z                            0.200000    0.248956   -0.048956 (VIOLATED)
_15873_/ZN                              0.200000    0.248841   -0.048841 (VIOLATED)
fanout769/Z                             0.200000    0.247653   -0.047653 (VIOLATED)
clkbuf_6_18_0_clk/Z                     0.200000    0.247339   -0.047339 (VIOLATED)
fanout260/Z                             0.200000    0.246946   -0.046946 (VIOLATED)
_13188_/ZN                              0.200000    0.246931   -0.046931 (VIOLATED)
fanout1058/Z                            0.200000    0.246907   -0.046907 (VIOLATED)
fanout960/Z                             0.200000    0.245297   -0.045297 (VIOLATED)
_13222_/ZN                              0.200000    0.244448   -0.044448 (VIOLATED)
fanout895/Z                             0.200000    0.243793   -0.043793 (VIOLATED)
fanout833/Z                             0.200000    0.243379   -0.043379 (VIOLATED)
fanout621/Z                             0.200000    0.243171   -0.043171 (VIOLATED)
fanout1204/Z                            0.200000    0.243088   -0.043088 (VIOLATED)
fanout1106/Z                            0.200000    0.242797   -0.042797 (VIOLATED)
fanout701/Z                             0.200000    0.242731   -0.042731 (VIOLATED)
fanout1233/Z                            0.200000    0.242642   -0.042642 (VIOLATED)
fanout846/Z                             0.200000    0.242471   -0.042471 (VIOLATED)
_15818_/ZN                              0.200000    0.242221   -0.042221 (VIOLATED)
fanout1549/Z                            0.200000    0.241264   -0.041264 (VIOLATED)
fanout181/Z                             0.200000    0.241070   -0.041070 (VIOLATED)
clkbuf_6_16_0_clk/Z                     0.200000    0.240207   -0.040207 (VIOLATED)
fanout110/Z                             0.200000    0.240052   -0.040052 (VIOLATED)
fanout1406/Z                            0.200000    0.239002   -0.039002 (VIOLATED)
fanout1101/Z                            0.200000    0.237956   -0.037956 (VIOLATED)
fanout1120/Z                            0.200000    0.237660   -0.037660 (VIOLATED)
fanout1244/Z                            0.200000    0.237629   -0.037629 (VIOLATED)
fanout1116/Z                            0.200000    0.237041   -0.037041 (VIOLATED)
fanout847/Z                             0.200000    0.236713   -0.036713 (VIOLATED)
_22267_/ZN                              0.200000    0.235849   -0.035849 (VIOLATED)
fanout1260/Z                            0.200000    0.235844   -0.035844 (VIOLATED)
fanout613/Z                             0.200000    0.235841   -0.035841 (VIOLATED)
fanout1702/Z                            0.200000    0.235749   -0.035749 (VIOLATED)
_15875_/ZN                              0.200000    0.235721   -0.035721 (VIOLATED)
fanout593/Z                             0.200000    0.235048   -0.035048 (VIOLATED)
_13350_/ZN                              0.200000    0.234336   -0.034336 (VIOLATED)
fanout1243/Z                            0.200000    0.233973   -0.033973 (VIOLATED)
fanout865/Z                             0.200000    0.233924   -0.033924 (VIOLATED)
_15874_/ZN                              0.200000    0.233770   -0.033770 (VIOLATED)
fanout233/Z                             0.200000    0.233692   -0.033692 (VIOLATED)
clkbuf_6_24_0_clk/Z                     0.200000    0.233332   -0.033332 (VIOLATED)
fanout841/Z                             0.200000    0.233024   -0.033024 (VIOLATED)
fanout1237/Z                            0.200000    0.232775   -0.032775 (VIOLATED)
fanout276/Z                             0.200000    0.232610   -0.032610 (VIOLATED)
_15878_/ZN                              0.200000    0.232280   -0.032280 (VIOLATED)
fanout733/Z                             0.200000    0.232183   -0.032183 (VIOLATED)
fanout832/Z                             0.200000    0.231710   -0.031710 (VIOLATED)
_15834_/ZN                              0.200000    0.231642   -0.031642 (VIOLATED)
clkbuf_6_27_0_clk/Z                     0.200000    0.231360   -0.031360 (VIOLATED)
fanout1472/Z                            0.200000    0.231354   -0.031354 (VIOLATED)
fanout248/Z                             0.200000    0.231251   -0.031251 (VIOLATED)
fanout770/Z                             0.200000    0.231247   -0.031247 (VIOLATED)
fanout805/Z                             0.200000    0.230919   -0.030919 (VIOLATED)
clkbuf_6_15_0_clk/Z                     0.200000    0.230758   -0.030758 (VIOLATED)
fanout1059/Z                            0.200000    0.230593   -0.030593 (VIOLATED)
fanout861/Z                             0.200000    0.230251   -0.030251 (VIOLATED)
fanout1708/Z                            0.200000    0.230152   -0.030152 (VIOLATED)
clkbuf_6_30_0_clk/Z                     0.200000    0.230009   -0.030009 (VIOLATED)
fanout1464/Z                            0.200000    0.229836   -0.029836 (VIOLATED)
fanout1174/Z                            0.200000    0.229417   -0.029417 (VIOLATED)
clkbuf_6_25_0_clk/Z                     0.200000    0.229135   -0.029135 (VIOLATED)
_15880_/ZN                              0.200000    0.229119   -0.029119 (VIOLATED)
clkbuf_6_20_0_clk/Z                     0.200000    0.228876   -0.028876 (VIOLATED)
_12843_/ZN                              0.200000    0.228095   -0.028095 (VIOLATED)
fanout902/Z                             0.200000    0.227402   -0.027402 (VIOLATED)
_12849_/Z                               0.200000    0.226782   -0.026782 (VIOLATED)
clkbuf_6_26_0_clk/Z                     0.200000    0.226588   -0.026588 (VIOLATED)
clkbuf_6_22_0_clk/Z                     0.200000    0.226462   -0.026462 (VIOLATED)
fanout1306/Z                            0.200000    0.226461   -0.026461 (VIOLATED)
fanout65/Z                              0.200000    0.226409   -0.026409 (VIOLATED)
fanout741/Z                             0.200000    0.226408   -0.026408 (VIOLATED)
fanout1176/Z                            0.200000    0.226396   -0.026396 (VIOLATED)
fanout884/Z                             0.200000    0.226078   -0.026078 (VIOLATED)
_14972_/Z                               0.200000    0.225308   -0.025308 (VIOLATED)
fanout1468/Z                            0.200000    0.225280   -0.025280 (VIOLATED)
fanout559/Z                             0.200000    0.225245   -0.025245 (VIOLATED)
fanout982/Z                             0.200000    0.225072   -0.025072 (VIOLATED)
fanout931/Z                             0.200000    0.224943   -0.024943 (VIOLATED)
fanout1485/Z                            0.200000    0.224509   -0.024509 (VIOLATED)
max_cap1223/Z                           0.200000    0.224329   -0.024329 (VIOLATED)
fanout223/Z                             0.200000    0.224116   -0.024116 (VIOLATED)
fanout610/Z                             0.200000    0.223688   -0.023688 (VIOLATED)
fanout1569/Z                            0.200000    0.223180   -0.023180 (VIOLATED)
fanout962/Z                             0.200000    0.223063   -0.023063 (VIOLATED)
_15822_/ZN                              0.200000    0.222984   -0.022984 (VIOLATED)
fanout706/Z                             0.200000    0.222706   -0.022706 (VIOLATED)
clkbuf_6_29_0_clk/Z                     0.200000    0.222661   -0.022661 (VIOLATED)
fanout707/Z                             0.200000    0.222399   -0.022399 (VIOLATED)
_22072_/ZN                              0.200000    0.222099   -0.022099 (VIOLATED)
fanout1133/Z                            0.200000    0.222096   -0.022096 (VIOLATED)
fanout1302/Z                            0.200000    0.221936   -0.021936 (VIOLATED)
fanout893/Z                             0.200000    0.221715   -0.021715 (VIOLATED)
fanout84/Z                              0.200000    0.221605   -0.021605 (VIOLATED)
fanout539/Z                             0.200000    0.221576   -0.021576 (VIOLATED)
fanout1471/Z                            0.200000    0.221040   -0.021040 (VIOLATED)
_15798_/ZN                              0.200000    0.221006   -0.021006 (VIOLATED)
max_cap1132/Z                           0.200000    0.220294   -0.020294 (VIOLATED)
clkbuf_6_23_0_clk/Z                     0.200000    0.220016   -0.020016 (VIOLATED)
fanout188/Z                             0.200000    0.219981   -0.019981 (VIOLATED)
_15820_/ZN                              0.200000    0.219797   -0.019797 (VIOLATED)
fanout217/Z                             0.200000    0.219784   -0.019784 (VIOLATED)
fanout1467/Z                            0.200000    0.219548   -0.019548 (VIOLATED)
_15849_/ZN                              0.200000    0.219021   -0.019021 (VIOLATED)
max_cap1197/Z                           0.200000    0.218431   -0.018431 (VIOLATED)
fanout781/Z                             0.200000    0.218305   -0.018305 (VIOLATED)
clkbuf_6_28_0_clk/Z                     0.200000    0.218253   -0.018253 (VIOLATED)
clkbuf_6_17_0_clk/Z                     0.200000    0.218200   -0.018200 (VIOLATED)
clkbuf_6_31_0_clk/Z                     0.200000    0.217998   -0.017998 (VIOLATED)
fanout915/Z                             0.200000    0.217789   -0.017789 (VIOLATED)
fanout1567/Z                            0.200000    0.216911   -0.016911 (VIOLATED)
fanout1152/Z                            0.200000    0.216908   -0.016908 (VIOLATED)
fanout552/Z                             0.200000    0.216858   -0.016858 (VIOLATED)
_25107_/Q                               0.200000    0.216197   -0.016197 (VIOLATED)
clkbuf_6_19_0_clk/Z                     0.200000    0.215958   -0.015958 (VIOLATED)
fanout1523/Z                            0.200000    0.215889   -0.015889 (VIOLATED)
fanout1465/Z                            0.200000    0.215729   -0.015729 (VIOLATED)
_15826_/ZN                              0.200000    0.215619   -0.015619 (VIOLATED)
fanout844/Z                             0.200000    0.215400   -0.015400 (VIOLATED)
fanout1475/Z                            0.200000    0.215207   -0.015207 (VIOLATED)
fanout778/Z                             0.200000    0.215157   -0.015157 (VIOLATED)
fanout878/Z                             0.200000    0.215136   -0.015137 (VIOLATED)
_13403_/ZN                              0.200000    0.214973   -0.014973 (VIOLATED)
fanout1217/Z                            0.200000    0.214654   -0.014654 (VIOLATED)
fanout193/Z                             0.200000    0.214593   -0.014593 (VIOLATED)
_13339_/ZN                              0.200000    0.214525   -0.014525 (VIOLATED)
_17802_/Z                               0.133000    0.147459   -0.014459 (VIOLATED)
fanout1110/Z                            0.200000    0.214147   -0.014147 (VIOLATED)
fanout857/Z                             0.200000    0.213937   -0.013937 (VIOLATED)
fanout1264/Z                            0.200000    0.213429   -0.013429 (VIOLATED)
fanout1469/Z                            0.200000    0.213260   -0.013260 (VIOLATED)
fanout927/Z                             0.200000    0.213007   -0.013007 (VIOLATED)
clkbuf_6_10_0_clk/Z                     0.200000    0.212831   -0.012831 (VIOLATED)
fanout1310/Z                            0.200000    0.212790   -0.012790 (VIOLATED)
fanout1577/Z                            0.200000    0.212655   -0.012655 (VIOLATED)
fanout257/Z                             0.200000    0.212636   -0.012636 (VIOLATED)
_15872_/ZN                              0.200000    0.212489   -0.012489 (VIOLATED)
fanout1740/Z                            0.200000    0.212459   -0.012459 (VIOLATED)
fanout1483/Z                            0.200000    0.212374   -0.012374 (VIOLATED)
fanout208/Z                             0.200000    0.212315   -0.012315 (VIOLATED)
fanout1121/Z                            0.200000    0.212012   -0.012012 (VIOLATED)
fanout933/Z                             0.200000    0.211838   -0.011838 (VIOLATED)
fanout963/Z                             0.200000    0.211783   -0.011783 (VIOLATED)
fanout27/Z                              0.200000    0.211477   -0.011477 (VIOLATED)
fanout753/Z                             0.200000    0.211373   -0.011373 (VIOLATED)
_15830_/ZN                              0.200000    0.211032   -0.011032 (VIOLATED)
clkbuf_6_21_0_clk/Z                     0.200000    0.210992   -0.010992 (VIOLATED)
fanout851/Z                             0.200000    0.210850   -0.010850 (VIOLATED)
fanout1094/Z                            0.200000    0.210835   -0.010835 (VIOLATED)
fanout169/Z                             0.200000    0.210780   -0.010780 (VIOLATED)
fanout1554/Z                            0.200000    0.210763   -0.010763 (VIOLATED)
fanout171/Z                             0.200000    0.210643   -0.010643 (VIOLATED)
fanout859/Z                             0.200000    0.210190   -0.010190 (VIOLATED)
fanout115/Z                             0.200000    0.210058   -0.010058 (VIOLATED)
fanout139/Z                             0.200000    0.209988   -0.009988 (VIOLATED)
fanout777/Z                             0.200000    0.209759   -0.009759 (VIOLATED)
fanout1683/Z                            0.200000    0.209437   -0.009437 (VIOLATED)
fanout1339/Z                            0.200000    0.209271   -0.009271 (VIOLATED)
max_cap1749/Z                           0.200000    0.208982   -0.008982 (VIOLATED)
_15858_/ZN                              0.200000    0.208965   -0.008965 (VIOLATED)
fanout1161/Z                            0.200000    0.208703   -0.008703 (VIOLATED)
fanout1368/Z                            0.200000    0.208595   -0.008595 (VIOLATED)
fanout1087/Z                            0.200000    0.208392   -0.008392 (VIOLATED)
_15860_/ZN                              0.200000    0.207825   -0.007825 (VIOLATED)
fanout73/Z                              0.200000    0.207794   -0.007794 (VIOLATED)
fanout765/Z                             0.200000    0.207756   -0.007756 (VIOLATED)
fanout25/Z                              0.200000    0.207693   -0.007693 (VIOLATED)
_13344_/Z                               0.200000    0.207693   -0.007693 (VIOLATED)
fanout1332/Z                            0.200000    0.207268   -0.007268 (VIOLATED)
fanout133/Z                             0.200000    0.206686   -0.006686 (VIOLATED)
fanout918/Z                             0.200000    0.206650   -0.006650 (VIOLATED)
_15870_/ZN                              0.200000    0.206445   -0.006445 (VIOLATED)
max_cap1481/Z                           0.200000    0.206263   -0.006263 (VIOLATED)
clkbuf_6_8_0_clk/Z                      0.200000    0.206137   -0.006137 (VIOLATED)
fanout1209/Z                            0.200000    0.205934   -0.005934 (VIOLATED)
fanout1701/Z                            0.200000    0.205891   -0.005891 (VIOLATED)
fanout92/Z                              0.200000    0.205591   -0.005591 (VIOLATED)
fanout550/Z                             0.200000    0.205552   -0.005552 (VIOLATED)
fanout604/Z                             0.200000    0.205417   -0.005417 (VIOLATED)
fanout1747/Z                            0.200000    0.205327   -0.005327 (VIOLATED)
fanout1198/Z                            0.200000    0.205212   -0.005212 (VIOLATED)
_14277_/ZN                              0.200000    0.204812   -0.004812 (VIOLATED)
fanout961/Z                             0.200000    0.204808   -0.004808 (VIOLATED)
fanout853/Z                             0.200000    0.204763   -0.004763 (VIOLATED)
fanout180/Z                             0.200000    0.204685   -0.004685 (VIOLATED)
_25116_/Q                               0.200000    0.204548   -0.004548 (VIOLATED)
_15842_/ZN                              0.200000    0.204513   -0.004513 (VIOLATED)
fanout1266/Z                            0.200000    0.204230   -0.004230 (VIOLATED)
clkbuf_6_4_0_clk/Z                      0.200000    0.204141   -0.004141 (VIOLATED)
fanout688/Z                             0.200000    0.203891   -0.003891 (VIOLATED)
fanout1282/Z                            0.200000    0.203871   -0.003871 (VIOLATED)
fanout118/Z                             0.200000    0.203843   -0.003843 (VIOLATED)
fanout1251/Z                            0.200000    0.203799   -0.003799 (VIOLATED)
fanout562/Z                             0.200000    0.203638   -0.003638 (VIOLATED)
fanout589/Z                             0.200000    0.203562   -0.003562 (VIOLATED)
fanout852/Z                             0.200000    0.203516   -0.003516 (VIOLATED)
fanout1300/Z                            0.200000    0.203325   -0.003325 (VIOLATED)
fanout1558/Z                            0.200000    0.203230   -0.003230 (VIOLATED)
fanout29/Z                              0.200000    0.203070   -0.003070 (VIOLATED)
fanout1186/Z                            0.200000    0.202820   -0.002820 (VIOLATED)
fanout882/Z                             0.200000    0.202757   -0.002757 (VIOLATED)
fanout980/Z                             0.200000    0.202657   -0.002657 (VIOLATED)
fanout743/Z                             0.200000    0.202635   -0.002635 (VIOLATED)
fanout693/Z                             0.200000    0.202613   -0.002613 (VIOLATED)
fanout633/Z                             0.200000    0.202513   -0.002513 (VIOLATED)
_15852_/ZN                              0.200000    0.202463   -0.002463 (VIOLATED)
fanout761/Z                             0.200000    0.202321   -0.002321 (VIOLATED)
fanout1256/Z                            0.200000    0.202276   -0.002276 (VIOLATED)
fanout102/Z                             0.200000    0.202253   -0.002253 (VIOLATED)
fanout1526/Z                            0.200000    0.202145   -0.002145 (VIOLATED)
fanout144/Z                             0.200000    0.202079   -0.002079 (VIOLATED)
fanout1575/Z                            0.200000    0.201998   -0.001998 (VIOLATED)
fanout1248/Z                            0.200000    0.201977   -0.001977 (VIOLATED)
fanout894/Z                             0.200000    0.201436   -0.001436 (VIOLATED)
_15810_/ZN                              0.200000    0.201434   -0.001434 (VIOLATED)
fanout958/Z                             0.200000    0.201094   -0.001094 (VIOLATED)
fanout1205/Z                            0.200000    0.201052   -0.001052 (VIOLATED)
_15392_/ZN                              0.200000    0.200776   -0.000776 (VIOLATED)
fanout586/Z                             0.200000    0.200604   -0.000604 (VIOLATED)
fanout828/Z                             0.200000    0.200446   -0.000446 (VIOLATED)
fanout1698/Z                            0.200000    0.200362   -0.000362 (VIOLATED)
fanout529/Z                             0.200000    0.200202   -0.000202 (VIOLATED)
fanout892/Z                             0.200000    0.200118   -0.000118 (VIOLATED)
_15844_/ZN                              0.200000    0.200007   -0.000007 (VIOLATED)



===========================================================================
report_parasitic_annotation -report_unannotated
============================================================================
Found 495 unannotated drivers.
 clkload0/ZN
 clkload1/ZN
 clkload10/ZN
 clkload100/Z
 clkload101/Z
 clkload102/ZN
 clkload103/Z
 clkload104/ZN
 clkload105/Z
 clkload106/ZN
 clkload107/Z
 clkload108/ZN
 clkload109/Z
 clkload11/ZN
 clkload110/Z
 clkload111/ZN
 clkload112/Z
 clkload113/ZN
 clkload114/ZN
 clkload115/ZN
 clkload116/ZN
 clkload117/Z
 clkload118/ZN
 clkload119/ZN
 clkload12/ZN
 clkload120/ZN
 clkload121/ZN
 clkload122/ZN
 clkload123/ZN
 clkload124/ZN
 clkload125/ZN
 clkload126/ZN
 clkload127/ZN
 clkload128/ZN
 clkload129/ZN
 clkload13/ZN
 clkload130/Z
 clkload131/ZN
 clkload132/ZN
 clkload133/ZN
 clkload134/ZN
 clkload135/Z
 clkload136/ZN
 clkload137/Z
 clkload138/ZN
 clkload139/ZN
 clkload14/Z
 clkload140/ZN
 clkload141/ZN
 clkload142/ZN
 clkload143/ZN
 clkload144/ZN
 clkload145/ZN
 clkload146/ZN
 clkload147/ZN
 clkload148/ZN
 clkload149/Z
 clkload15/ZN
 clkload150/ZN
 clkload151/Z
 clkload152/Z
 clkload153/ZN
 clkload154/ZN
 clkload155/ZN
 clkload156/Z
 clkload157/Z
 clkload158/ZN
 clkload159/ZN
 clkload16/ZN
 clkload160/ZN
 clkload161/Z
 clkload162/Z
 clkload163/ZN
 clkload164/Z
 clkload165/ZN
 clkload166/ZN
 clkload167/ZN
 clkload168/ZN
 clkload169/ZN
 clkload17/ZN
 clkload170/Z
 clkload171/Z
 clkload172/ZN
 clkload173/ZN
 clkload174/ZN
 clkload175/ZN
 clkload176/ZN
 clkload177/ZN
 clkload178/ZN
 clkload179/ZN
 clkload18/ZN
 clkload180/ZN
 clkload181/ZN
 clkload182/ZN
 clkload183/Z
 clkload184/Z
 clkload185/Z
 clkload186/Z
 clkload187/ZN
 clkload188/ZN
 clkload189/ZN
 clkload19/ZN
 clkload190/Z
 clkload191/Z
 clkload192/Z
 clkload193/Z
 clkload194/ZN
 clkload195/Z
 clkload196/ZN
 clkload197/ZN
 clkload198/ZN
 clkload199/ZN
 clkload2/ZN
 clkload20/ZN
 clkload200/Z
 clkload201/ZN
 clkload202/Z
 clkload203/ZN
 clkload204/ZN
 clkload205/ZN
 clkload206/Z
 clkload207/ZN
 clkload208/ZN
 clkload209/ZN
 clkload21/ZN
 clkload210/ZN
 clkload211/ZN
 clkload212/Z
 clkload213/Z
 clkload214/ZN
 clkload215/Z
 clkload216/Z
 clkload217/ZN
 clkload218/ZN
 clkload219/ZN
 clkload22/ZN
 clkload220/Z
 clkload221/ZN
 clkload222/ZN
 clkload223/ZN
 clkload224/Z
 clkload225/ZN
 clkload226/Z
 clkload227/Z
 clkload228/Z
 clkload229/ZN
 clkload23/ZN
 clkload230/ZN
 clkload231/Z
 clkload232/ZN
 clkload233/ZN
 clkload234/Z
 clkload235/ZN
 clkload236/ZN
 clkload237/ZN
 clkload238/ZN
 clkload239/Z
 clkload24/ZN
 clkload240/ZN
 clkload241/ZN
 clkload242/ZN
 clkload243/Z
 clkload244/ZN
 clkload245/ZN
 clkload246/Z
 clkload247/Z
 clkload248/Z
 clkload249/Z
 clkload25/ZN
 clkload250/ZN
 clkload251/ZN
 clkload252/Z
 clkload253/Z
 clkload254/ZN
 clkload255/Z
 clkload256/ZN
 clkload257/Z
 clkload258/ZN
 clkload259/Z
 clkload26/Z
 clkload260/ZN
 clkload261/ZN
 clkload262/Z
 clkload263/ZN
 clkload264/ZN
 clkload265/ZN
 clkload266/Z
 clkload267/Z
 clkload268/ZN
 clkload269/ZN
 clkload27/ZN
 clkload270/ZN
 clkload271/Z
 clkload272/Z
 clkload273/Z
 clkload274/ZN
 clkload275/Z
 clkload276/Z
 clkload277/Z
 clkload278/Z
 clkload279/Z
 clkload28/ZN
 clkload280/ZN
 clkload281/Z
 clkload282/ZN
 clkload283/Z
 clkload284/Z
 clkload285/ZN
 clkload286/Z
 clkload287/Z
 clkload288/ZN
 clkload289/ZN
 clkload29/ZN
 clkload290/Z
 clkload291/ZN
 clkload292/ZN
 clkload293/Z
 clkload294/Z
 clkload295/ZN
 clkload296/ZN
 clkload297/ZN
 clkload298/ZN
 clkload299/Z
 clkload3/ZN
 clkload30/ZN
 clkload300/ZN
 clkload301/ZN
 clkload302/ZN
 clkload303/Z
 clkload304/ZN
 clkload305/Z
 clkload306/ZN
 clkload307/ZN
 clkload308/Z
 clkload309/Z
 clkload31/ZN
 clkload310/ZN
 clkload311/ZN
 clkload312/Z
 clkload313/Z
 clkload314/ZN
 clkload315/Z
 clkload316/ZN
 clkload317/ZN
 clkload318/ZN
 clkload319/ZN
 clkload32/ZN
 clkload320/ZN
 clkload321/ZN
 clkload322/ZN
 clkload323/ZN
 clkload324/ZN
 clkload325/ZN
 clkload326/ZN
 clkload327/Z
 clkload328/ZN
 clkload329/Z
 clkload33/Z
 clkload330/ZN
 clkload331/Z
 clkload332/ZN
 clkload333/Z
 clkload334/ZN
 clkload335/ZN
 clkload336/ZN
 clkload337/Z
 clkload338/ZN
 clkload339/ZN
 clkload34/ZN
 clkload340/Z
 clkload341/ZN
 clkload342/Z
 clkload343/ZN
 clkload344/ZN
 clkload345/ZN
 clkload346/ZN
 clkload347/ZN
 clkload348/ZN
 clkload349/Z
 clkload35/ZN
 clkload350/Z
 clkload351/Z
 clkload352/Z
 clkload353/Z
 clkload354/Z
 clkload355/Z
 clkload356/Z
 clkload357/ZN
 clkload358/ZN
 clkload359/ZN
 clkload36/ZN
 clkload360/ZN
 clkload361/Z
 clkload362/Z
 clkload363/Z
 clkload364/Z
 clkload365/Z
 clkload366/Z
 clkload367/Z
 clkload368/ZN
 clkload369/Z
 clkload37/ZN
 clkload370/ZN
 clkload371/ZN
 clkload372/ZN
 clkload373/ZN
 clkload374/Z
 clkload375/Z
 clkload376/Z
 clkload377/Z
 clkload378/Z
 clkload379/Z
 clkload38/ZN
 clkload380/Z
 clkload381/Z
 clkload382/ZN
 clkload383/ZN
 clkload384/ZN
 clkload385/Z
 clkload386/ZN
 clkload387/Z
 clkload388/Z
 clkload389/Z
 clkload39/ZN
 clkload390/Z
 clkload391/Z
 clkload392/ZN
 clkload393/ZN
 clkload394/ZN
 clkload395/ZN
 clkload396/ZN
 clkload397/ZN
 clkload398/Z
 clkload399/ZN
 clkload4/Z
 clkload40/ZN
 clkload400/ZN
 clkload401/ZN
 clkload402/Z
 clkload403/ZN
 clkload404/Z
 clkload405/ZN
 clkload406/ZN
 clkload407/ZN
 clkload408/ZN
 clkload409/ZN
 clkload41/ZN
 clkload410/ZN
 clkload411/ZN
 clkload412/ZN
 clkload413/ZN
 clkload414/ZN
 clkload415/ZN
 clkload416/ZN
 clkload417/Z
 clkload418/ZN
 clkload419/ZN
 clkload42/ZN
 clkload420/ZN
 clkload421/ZN
 clkload422/ZN
 clkload423/ZN
 clkload424/ZN
 clkload425/ZN
 clkload426/ZN
 clkload427/Z
 clkload428/ZN
 clkload429/ZN
 clkload43/ZN
 clkload430/Z
 clkload431/Z
 clkload432/Z
 clkload433/ZN
 clkload434/ZN
 clkload435/ZN
 clkload436/ZN
 clkload437/Z
 clkload438/ZN
 clkload439/Z
 clkload44/ZN
 clkload440/ZN
 clkload441/ZN
 clkload442/ZN
 clkload443/Z
 clkload444/Z
 clkload445/Z
 clkload446/Z
 clkload447/ZN
 clkload448/Z
 clkload449/Z
 clkload45/ZN
 clkload450/Z
 clkload451/ZN
 clkload452/ZN
 clkload453/ZN
 clkload454/ZN
 clkload455/ZN
 clkload456/Z
 clkload457/ZN
 clkload458/Z
 clkload459/Z
 clkload46/ZN
 clkload460/Z
 clkload461/Z
 clkload462/ZN
 clkload463/Z
 clkload464/Z
 clkload465/Z
 clkload466/Z
 clkload467/Z
 clkload468/Z
 clkload469/Z
 clkload47/ZN
 clkload470/ZN
 clkload471/ZN
 clkload472/ZN
 clkload473/Z
 clkload474/ZN
 clkload475/Z
 clkload476/ZN
 clkload477/ZN
 clkload478/Z
 clkload479/ZN
 clkload48/ZN
 clkload480/ZN
 clkload481/Z
 clkload482/ZN
 clkload483/ZN
 clkload484/ZN
 clkload485/ZN
 clkload486/ZN
 clkload487/ZN
 clkload488/ZN
 clkload489/Z
 clkload49/ZN
 clkload490/Z
 clkload491/Z
 clkload492/ZN
 clkload493/Z
 clkload494/ZN
 clkload5/ZN
 clkload50/ZN
 clkload51/ZN
 clkload52/ZN
 clkload53/ZN
 clkload54/ZN
 clkload55/ZN
 clkload56/ZN
 clkload57/ZN
 clkload58/ZN
 clkload59/ZN
 clkload6/ZN
 clkload60/ZN
 clkload61/ZN
 clkload62/Z
 clkload63/ZN
 clkload64/ZN
 clkload65/ZN
 clkload66/ZN
 clkload67/ZN
 clkload68/ZN
 clkload69/ZN
 clkload7/ZN
 clkload70/ZN
 clkload71/ZN
 clkload72/ZN
 clkload73/ZN
 clkload74/ZN
 clkload75/ZN
 clkload76/ZN
 clkload77/ZN
 clkload78/ZN
 clkload79/Z
 clkload8/Z
 clkload80/Z
 clkload81/ZN
 clkload82/ZN
 clkload83/ZN
 clkload84/Z
 clkload85/Z
 clkload86/ZN
 clkload87/ZN
 clkload88/ZN
 clkload89/ZN
 clkload9/ZN
 clkload90/Z
 clkload91/Z
 clkload92/Z
 clkload93/Z
 clkload94/Z
 clkload95/Z
 clkload96/Z
 clkload97/ZN
 clkload98/Z
 clkload99/Z
Found 0 partially unannotated drivers.

===========================================================================
max slew violation count 2
max fanout violation count 24
max cap violation count 430
============================================================================

===========================================================================
check_setup -verbose -unconstrained_endpoints -multiple_clock -no_clock -no_input_delay -loops -generated_clocks
===========================================================================
