Clock: clk
Sources: clk 
Generated: no
Virtual: yes
Propagated: no
Period: 40.000000

===========================================================================
report_clock_properties
============================================================================
Clock                   Period          Waveform
----------------------------------------------------
clk                  40.000000    0.000000 20.000000

===========================================================================
report_clock_latency
============================================================================
Clock clk
rise -> rise
    min     max
0.000000 0.000000 source latency
1.470025         network latency _27320_/CLK
        1.804693 network latency _27286_/CLK
---------------
1.470025 1.804693 latency
        0.334668 skew

fall -> fall
    min     max
0.000000 0.000000 source latency
1.454660         network latency _27320_/CLK
        1.833067 network latency _27286_/CLK
---------------
1.454660 1.833067 latency
        0.378407 skew



===========================================================================
report_clock_min_period
============================================================================
clk period_min = 11.56 fmax = 86.48
