
===========================================================================
report_checks -unconstrained
===========================================================================
======================= min_ff_n40C_5v50 Corner ===================================

Startpoint: rst (input port clocked by clk)
Endpoint: _27672_ (recovery check against rising-edge clock clk)
Path Group: asynchronous
Path Type: max

Fanout         Cap        Slew       Delay        Time   Description
---------------------------------------------------------------------------------------------
                                  0.000000    0.000000   clock clk (rise edge)
                                  0.000000    0.000000   clock network delay (propagated)
                                  4.000000    4.000000 v input external delay
     1    0.003512    0.039354    0.014450    4.014450 v rst (in)
                                                         rst (net)
                      0.039354    0.000000    4.014450 v input3/I (gf180mcu_fd_sc_mcu7t5v0__buf_1)
     2    0.089693    0.598653    0.490140    4.504591 v input3/Z (gf180mcu_fd_sc_mcu7t5v0__buf_1)
                                                         net3 (net)
                      0.598904    0.007051    4.511642 v fanout1841/I (gf180mcu_fd_sc_mcu7t5v0__buf_2)
     6    0.132566    0.442038    0.535237    5.046879 v fanout1841/Z (gf180mcu_fd_sc_mcu7t5v0__buf_2)
                                                         net1841 (net)
                      0.442220    0.005150    5.052028 v fanout1828/I (gf180mcu_fd_sc_mcu7t5v0__buf_2)
     6    0.080995    0.280162    0.395811    5.447840 v fanout1828/Z (gf180mcu_fd_sc_mcu7t5v0__buf_2)
                                                         net1828 (net)
                      0.280179    0.001230    5.449070 v fanout1827/I (gf180mcu_fd_sc_mcu7t5v0__buf_2)
     9    0.120085    0.400749    0.427856    5.876926 v fanout1827/Z (gf180mcu_fd_sc_mcu7t5v0__buf_2)
                                                         net1827 (net)
                      0.400761    0.001236    5.878162 v fanout1826/I (gf180mcu_fd_sc_mcu7t5v0__buf_2)
    10    0.076658    0.264354    0.375449    6.253611 v fanout1826/Z (gf180mcu_fd_sc_mcu7t5v0__buf_2)
                                                         net1826 (net)
                      0.264370    0.001171    6.254782 v fanout1825/I (gf180mcu_fd_sc_mcu7t5v0__buf_2)
    10    0.068757    0.240591    0.323375    6.578157 v fanout1825/Z (gf180mcu_fd_sc_mcu7t5v0__buf_2)
                                                         net1825 (net)
                      0.240640    0.001948    6.580105 v _24898_/I (gf180mcu_fd_sc_mcu7t5v0__clkinv_1)
     1    0.016694    0.218693    0.187811    6.767915 ^ _24898_/ZN (gf180mcu_fd_sc_mcu7t5v0__clkinv_1)
                                                         _00817_ (net)
                      0.218694    0.000642    6.768557 ^ _27672_/RN (gf180mcu_fd_sc_mcu7t5v0__dffrnq_2)
                                              6.768557   data arrival time

                                 20.000000   20.000000   clock clk (rise edge)
                                  0.000000   20.000000   clock source latency
     1    0.134507    0.370293    0.225537   20.225538 ^ clk (in)
                                                         clk (net)
                      0.374407    0.000000   20.225538 ^ clkbuf_0_clk/I (gf180mcu_fd_sc_mcu7t5v0__clkbuf_16)
     4    0.285038    0.213643    0.305180   20.530718 ^ clkbuf_0_clk/Z (gf180mcu_fd_sc_mcu7t5v0__clkbuf_16)
                                                         clknet_0_clk (net)
                      0.214833    0.008582   20.539299 ^ clkbuf_2_0_0_clk/I (gf180mcu_fd_sc_mcu7t5v0__clkbuf_8)
    16    0.392066    0.541329    0.465001   21.004299 ^ clkbuf_2_0_0_clk/Z (gf180mcu_fd_sc_mcu7t5v0__clkbuf_8)
                                                         clknet_2_0_0_clk (net)
                      0.542001    0.010765   21.015064 ^ clkbuf_6_11_0_clk/I (gf180mcu_fd_sc_mcu7t5v0__clkbuf_8)
     9    0.147276    0.223539    0.330964   21.346027 ^ clkbuf_6_11_0_clk/Z (gf180mcu_fd_sc_mcu7t5v0__clkbuf_8)
                                                         clknet_6_11_0_clk (net)
                      0.223638    0.003949   21.349977 ^ clkbuf_leaf_37_clk/I (gf180mcu_fd_sc_mcu7t5v0__clkbuf_8)
     6    0.033514    0.084133    0.193413   21.543390 ^ clkbuf_leaf_37_clk/Z (gf180mcu_fd_sc_mcu7t5v0__clkbuf_8)
                                                         clknet_leaf_37_clk (net)
                      0.084133    0.000423   21.543812 ^ _27672_/CLK (gf180mcu_fd_sc_mcu7t5v0__dffrnq_2)
                                 -0.250000   21.293814   clock uncertainty
                                  0.000000   21.293814   clock reconvergence pessimism
                                  0.114077   21.407890   library recovery time
                                             21.407890   data required time
---------------------------------------------------------------------------------------------
                                             21.407890   data required time
                                             -6.768557   data arrival time
---------------------------------------------------------------------------------------------
                                             14.639334   slack (MET)


Startpoint: _25494_ (rising edge-triggered flip-flop clocked by clk)
Endpoint: _26219_ (rising edge-triggered flip-flop clocked by clk)
Path Group: clk
Path Type: max

Fanout         Cap        Slew       Delay        Time   Description
---------------------------------------------------------------------------------------------
                                  0.000000    0.000000   clock clk (rise edge)
                                  0.000000    0.000000   clock source latency
     1    0.134507    0.370293    0.225537    0.225537 ^ clk (in)
                                                         clk (net)
                      0.374407    0.000000    0.225537 ^ clkbuf_0_clk/I (gf180mcu_fd_sc_mcu7t5v0__clkbuf_16)
     4    0.285038    0.213643    0.305180    0.530717 ^ clkbuf_0_clk/Z (gf180mcu_fd_sc_mcu7t5v0__clkbuf_16)
                                                         clknet_0_clk (net)
                      0.214833    0.008582    0.539299 ^ clkbuf_2_0_0_clk/I (gf180mcu_fd_sc_mcu7t5v0__clkbuf_8)
    16    0.392066    0.541329    0.465000    1.004299 ^ clkbuf_2_0_0_clk/Z (gf180mcu_fd_sc_mcu7t5v0__clkbuf_8)
                                                         clknet_2_0_0_clk (net)
                      0.542041    0.011090    1.015389 ^ clkbuf_6_3_0_clk/I (gf180mcu_fd_sc_mcu7t5v0__clkbuf_8)
     9    0.143357    0.219161    0.329292    1.344681 ^ clkbuf_6_3_0_clk/Z (gf180mcu_fd_sc_mcu7t5v0__clkbuf_8)
                                                         clknet_6_3_0_clk (net)
                      0.219164    0.001250    1.345931 ^ clkbuf_leaf_487_clk/I (gf180mcu_fd_sc_mcu7t5v0__clkbuf_8)
     8    0.040683    0.091771    0.198847    1.544778 ^ clkbuf_leaf_487_clk/Z (gf180mcu_fd_sc_mcu7t5v0__clkbuf_8)
                                                         clknet_leaf_487_clk (net)
                      0.091771    0.000432    1.545210 ^ _25494_/CLK (gf180mcu_fd_sc_mcu7t5v0__dffrnq_1)
     1    0.011134    0.169589    0.581906    2.127116 ^ _25494_/Q (gf180mcu_fd_sc_mcu7t5v0__dffrnq_1)
                                                         pp_inst.core_inst.reg_cnt_i.data_q[0] (net)
                      0.169589    0.000227    2.127343 ^ fanout1717/I (gf180mcu_fd_sc_mcu7t5v0__buf_4)
     7    0.202139    0.553904    0.405776    2.533119 ^ fanout1717/Z (gf180mcu_fd_sc_mcu7t5v0__buf_4)
                                                         net1717 (net)
                      0.554799    0.012466    2.545585 ^ _12382_/I (gf180mcu_fd_sc_mcu7t5v0__clkinv_2)
     3    0.097004    0.540560    0.435404    2.980989 v _12382_/ZN (gf180mcu_fd_sc_mcu7t5v0__clkinv_2)
                                                         _09184_ (net)
                      0.540632    0.003532    2.984521 v fanout1714/I (gf180mcu_fd_sc_mcu7t5v0__buf_4)
    10    0.219121    0.363747    0.453349    3.437870 v fanout1714/Z (gf180mcu_fd_sc_mcu7t5v0__buf_4)
                                                         net1714 (net)
                      0.363782    0.002110    3.439980 v fanout1713/I (gf180mcu_fd_sc_mcu7t5v0__clkbuf_4)
    10    0.154169    0.423754    0.453051    3.893031 v fanout1713/Z (gf180mcu_fd_sc_mcu7t5v0__clkbuf_4)
                                                         net1713 (net)
                      0.425876    0.017182    3.910213 v _13346_/B (gf180mcu_fd_sc_mcu7t5v0__aoi21_1)
     1    0.027794    0.628819    0.457953    4.368166 ^ _13346_/ZN (gf180mcu_fd_sc_mcu7t5v0__aoi21_1)
                                                         _09960_ (net)
                      0.628820    0.001200    4.369366 ^ fanout1568/I (gf180mcu_fd_sc_mcu7t5v0__buf_2)
     5    0.138275    0.754588    0.559007    4.928373 ^ fanout1568/Z (gf180mcu_fd_sc_mcu7t5v0__buf_2)
                                                         net1568 (net)
                      0.755399    0.014022    4.942396 ^ fanout1567/I (gf180mcu_fd_sc_mcu7t5v0__buf_2)
     5    0.051446    0.300192    0.298801    5.241197 ^ fanout1567/Z (gf180mcu_fd_sc_mcu7t5v0__buf_2)
                                                         net1567 (net)
                      0.300239    0.002090    5.243287 ^ _13349_/A2 (gf180mcu_fd_sc_mcu7t5v0__nor2_1)
     1    0.013857    0.212297    0.169250    5.412537 v _13349_/ZN (gf180mcu_fd_sc_mcu7t5v0__nor2_1)
                                                         _09963_ (net)
                      0.212297    0.000338    5.412875 v fanout1476/I (gf180mcu_fd_sc_mcu7t5v0__buf_4)
     8    0.194301    0.325655    0.348408    5.761282 v fanout1476/Z (gf180mcu_fd_sc_mcu7t5v0__buf_4)
                                                         net1476 (net)
                      0.327065    0.012132    5.773414 v fanout1472/I (gf180mcu_fd_sc_mcu7t5v0__buf_2)
     7    0.093815    0.319622    0.390345    6.163759 v fanout1472/Z (gf180mcu_fd_sc_mcu7t5v0__buf_2)
                                                         net1472 (net)
                      0.319688    0.002618    6.166377 v fanout1471/I (gf180mcu_fd_sc_mcu7t5v0__clkbuf_4)
    10    0.109227    0.309908    0.379672    6.546048 v fanout1471/Z (gf180mcu_fd_sc_mcu7t5v0__clkbuf_4)
                                                         net1471 (net)
                      0.310171    0.005103    6.551151 v _13585_/A2 (gf180mcu_fd_sc_mcu7t5v0__aoi222_2)
     1    0.010471    0.486835    0.333694    6.884844 ^ _13585_/ZN (gf180mcu_fd_sc_mcu7t5v0__aoi222_2)
                                                         _10195_ (net)
                      0.486835    0.000113    6.884958 ^ _13586_/B (gf180mcu_fd_sc_mcu7t5v0__oai211_2)
     1    0.018652    0.270280    0.196791    7.081748 v _13586_/ZN (gf180mcu_fd_sc_mcu7t5v0__oai211_2)
                                                         _10196_ (net)
                      0.270280    0.000190    7.081938 v _13595_/B2 (gf180mcu_fd_sc_mcu7t5v0__aoi22_4)
     4    0.125138    0.808487    0.547280    7.629219 ^ _13595_/ZN (gf180mcu_fd_sc_mcu7t5v0__aoi22_4)
                                                         _10205_ (net)
                      0.808521    0.008057    7.637275 ^ _13597_/A2 (gf180mcu_fd_sc_mcu7t5v0__xor2_1)
     2    0.033259    0.727737    0.496142    8.133417 ^ _13597_/Z (gf180mcu_fd_sc_mcu7t5v0__xor2_1)
                                                         _10207_ (net)
                      0.727737    0.000702    8.134118 ^ _13598_/A2 (gf180mcu_fd_sc_mcu7t5v0__aoi21_4)
     2    0.039170    0.245434    0.101260    8.235379 v _13598_/ZN (gf180mcu_fd_sc_mcu7t5v0__aoi21_4)
                                                         _10208_ (net)
                      0.245435    0.000729    8.236108 v _16067_/B1 (gf180mcu_fd_sc_mcu7t5v0__aoi22_4)
     2    0.150693    0.933091    0.588063    8.824171 ^ _16067_/ZN (gf180mcu_fd_sc_mcu7t5v0__aoi22_4)
                                                         _03429_ (net)
                      0.933396    0.025029    8.849200 ^ fanout492/I (gf180mcu_fd_sc_mcu7t5v0__buf_2)
     6    0.087424    0.490427    0.407931    9.257132 ^ fanout492/Z (gf180mcu_fd_sc_mcu7t5v0__buf_2)
                                                         net492 (net)
                      0.490583    0.004903    9.262034 ^ fanout486/I (gf180mcu_fd_sc_mcu7t5v0__buf_2)
     6    0.066887    0.378395    0.339381    9.601415 ^ fanout486/Z (gf180mcu_fd_sc_mcu7t5v0__buf_2)
                                                         net486 (net)
                      0.378397    0.000436    9.601851 ^ fanout485/I (gf180mcu_fd_sc_mcu7t5v0__buf_1)
     5    0.041919    0.477982    0.395860    9.997711 ^ fanout485/Z (gf180mcu_fd_sc_mcu7t5v0__buf_1)
                                                         net485 (net)
                      0.477984    0.000590    9.998302 ^ fanout484/I (gf180mcu_fd_sc_mcu7t5v0__buf_2)
    10    0.072385    0.408682    0.357792   10.356093 ^ fanout484/Z (gf180mcu_fd_sc_mcu7t5v0__buf_2)
                                                         net484 (net)
                      0.408688    0.000894   10.356987 ^ _21153_/A1 (gf180mcu_fd_sc_mcu7t5v0__oai21_1)
     1    0.004477    0.197680    0.087031   10.444017 v _21153_/ZN (gf180mcu_fd_sc_mcu7t5v0__oai21_1)
                                                         _01861_ (net)
                      0.197680    0.000088   10.444105 v _26219_/D (gf180mcu_fd_sc_mcu7t5v0__dffq_1)
                                             10.444105   data arrival time

                                 20.000000   20.000000   clock clk (rise edge)
                                  0.000000   20.000000   clock source latency
     1    0.134507    0.370293    0.225537   20.225538 ^ clk (in)
                                                         clk (net)
                      0.374407    0.000000   20.225538 ^ clkbuf_0_clk/I (gf180mcu_fd_sc_mcu7t5v0__clkbuf_16)
     4    0.285038    0.213643    0.305180   20.530718 ^ clkbuf_0_clk/Z (gf180mcu_fd_sc_mcu7t5v0__clkbuf_16)
                                                         clknet_0_clk (net)
                      0.215100    0.009882   20.540600 ^ clkbuf_2_3_0_clk/I (gf180mcu_fd_sc_mcu7t5v0__clkbuf_8)
    16    0.382430    0.527509    0.455659   20.996258 ^ clkbuf_2_3_0_clk/Z (gf180mcu_fd_sc_mcu7t5v0__clkbuf_8)
                                                         clknet_2_3_0_clk (net)
                      0.528859    0.015124   21.011381 ^ clkbuf_6_60_0_clk/I (gf180mcu_fd_sc_mcu7t5v0__clkbuf_8)
     9    0.187885    0.274562    0.359851   21.371233 ^ clkbuf_6_60_0_clk/Z (gf180mcu_fd_sc_mcu7t5v0__clkbuf_8)
                                                         clknet_6_60_0_clk (net)
                      0.274597    0.001455   21.372686 ^ clkbuf_leaf_288_clk/I (gf180mcu_fd_sc_mcu7t5v0__clkbuf_8)
     9    0.046834    0.099903    0.213348   21.586035 ^ clkbuf_leaf_288_clk/Z (gf180mcu_fd_sc_mcu7t5v0__clkbuf_8)
                                                         clknet_leaf_288_clk (net)
                      0.099904    0.000533   21.586567 ^ _26219_/CLK (gf180mcu_fd_sc_mcu7t5v0__dffq_1)
                                 -0.250000   21.336569   clock uncertainty
                                  0.000000   21.336569   clock reconvergence pessimism
                                 -0.160936   21.175632   library setup time
                                             21.175632   data required time
---------------------------------------------------------------------------------------------
                                             21.175632   data required time
                                            -10.444105   data arrival time
---------------------------------------------------------------------------------------------
                                             10.731527   slack (MET)




===========================================================================
report_checks --slack_max -0.01
============================================================================
======================= min_ff_n40C_5v50 Corner ===================================

No paths found.


===========================================================================
 report_check_types -max_slew -max_cap -max_fanout -violators
============================================================================
======================= min_ff_n40C_5v50 Corner ===================================

max fanout

Pin                                   Limit Fanout  Slack
---------------------------------------------------------
clkbuf_2_0_0_clk/Z                       10     16     -6 (VIOLATED)
clkbuf_2_1_0_clk/Z                       10     16     -6 (VIOLATED)
clkbuf_2_2_0_clk/Z                       10     16     -6 (VIOLATED)
clkbuf_2_3_0_clk/Z                       10     16     -6 (VIOLATED)
clkbuf_6_36_0_clk/Z                      10     13     -3 (VIOLATED)
clkbuf_6_55_0_clk/Z                      10     13     -3 (VIOLATED)
clkbuf_6_32_0_clk/Z                      10     12     -2 (VIOLATED)
clkbuf_6_33_0_clk/Z                      10     12     -2 (VIOLATED)
clkbuf_6_39_0_clk/Z                      10     12     -2 (VIOLATED)
clkbuf_6_41_0_clk/Z                      10     12     -2 (VIOLATED)
clkbuf_6_48_0_clk/Z                      10     12     -2 (VIOLATED)
clkbuf_6_56_0_clk/Z                      10     12     -2 (VIOLATED)
clkbuf_6_57_0_clk/Z                      10     12     -2 (VIOLATED)
clkbuf_6_58_0_clk/Z                      10     12     -2 (VIOLATED)
clkbuf_leaf_301_clk/Z                    10     12     -2 (VIOLATED)
clkbuf_6_34_0_clk/Z                      10     11        (VIOLATED)
clkbuf_6_35_0_clk/Z                      10     11        (VIOLATED)
clkbuf_6_37_0_clk/Z                      10     11        (VIOLATED)
clkbuf_6_38_0_clk/Z                      10     11        (VIOLATED)
clkbuf_6_46_0_clk/Z                      10     11        (VIOLATED)
clkbuf_6_50_0_clk/Z                      10     11        (VIOLATED)
clkbuf_6_54_0_clk/Z                      10     11        (VIOLATED)
clkbuf_6_59_0_clk/Z                      10     11        (VIOLATED)
clkbuf_6_61_0_clk/Z                      10     11        (VIOLATED)
clkbuf_leaf_161_clk/Z                    10     11        (VIOLATED)
clkbuf_leaf_218_clk/Z                    10     11        (VIOLATED)
clkbuf_leaf_290_clk/Z                    10     11        (VIOLATED)

max capacitance

Pin                                        Limit         Cap       Slack
------------------------------------------------------------------------
clkbuf_2_1_0_clk/Z                      0.200000    0.401661   -0.201661 (VIOLATED)
clkbuf_2_0_0_clk/Z                      0.200000    0.392066   -0.192066 (VIOLATED)
clkbuf_2_2_0_clk/Z                      0.200000    0.384458   -0.184458 (VIOLATED)
clkbuf_2_3_0_clk/Z                      0.200000    0.382430   -0.182430 (VIOLATED)
fanout1183/Z                            0.200000    0.311779   -0.111779 (VIOLATED)
fanout1070/Z                            0.200000    0.302486   -0.102486 (VIOLATED)
fanout1321/Z                            0.200000    0.301312   -0.101312 (VIOLATED)
fanout1431/Z                            0.200000    0.292039   -0.092039 (VIOLATED)
fanout1332/Z                            0.200000    0.291851   -0.091851 (VIOLATED)
fanout1113/Z                            0.200000    0.290850   -0.090850 (VIOLATED)
fanout1080/Z                            0.200000    0.289954   -0.089954 (VIOLATED)
fanout1117/Z                            0.200000    0.289939   -0.089939 (VIOLATED)
fanout1316/Z                            0.200000    0.288933   -0.088933 (VIOLATED)
fanout1328/Z                            0.200000    0.288502   -0.088502 (VIOLATED)
fanout1261/Z                            0.200000    0.288164   -0.088164 (VIOLATED)
fanout1238/Z                            0.200000    0.287874   -0.087874 (VIOLATED)
fanout1266/Z                            0.200000    0.285569   -0.085569 (VIOLATED)
clkbuf_0_clk/Z                          0.200000    0.285038   -0.085038 (VIOLATED)
fanout1065/Z                            0.200000    0.284955   -0.084955 (VIOLATED)
fanout1155/Z                            0.200000    0.284137   -0.084137 (VIOLATED)
fanout879/Z                             0.200000    0.283316   -0.083316 (VIOLATED)
fanout1085/Z                            0.200000    0.280707   -0.080707 (VIOLATED)
fanout1110/Z                            0.200000    0.280422   -0.080422 (VIOLATED)
fanout1255/Z                            0.200000    0.279245   -0.079245 (VIOLATED)
fanout1243/Z                            0.200000    0.279193   -0.079193 (VIOLATED)
fanout1195/Z                            0.200000    0.279025   -0.079025 (VIOLATED)
fanout1075/Z                            0.200000    0.278808   -0.078808 (VIOLATED)
max_cap1092/Z                           0.200000    0.277515   -0.077515 (VIOLATED)
fanout748/Z                             0.200000    0.276427   -0.076427 (VIOLATED)
max_cap1318/Z                           0.200000    0.275367   -0.075367 (VIOLATED)
fanout1149/Z                            0.200000    0.275086   -0.075086 (VIOLATED)
fanout1245/Z                            0.200000    0.273528   -0.073528 (VIOLATED)
fanout1121/Z                            0.200000    0.273048   -0.073048 (VIOLATED)
fanout1323/Z                            0.200000    0.272415   -0.072415 (VIOLATED)
fanout806/Z                             0.200000    0.272044   -0.072044 (VIOLATED)
fanout1296/Z                            0.200000    0.271299   -0.071299 (VIOLATED)
fanout884/Z                             0.200000    0.271275   -0.071275 (VIOLATED)
fanout1106/Z                            0.200000    0.269847   -0.069847 (VIOLATED)
max_cap1130/Z                           0.200000    0.267523   -0.067523 (VIOLATED)
fanout1211/Z                            0.200000    0.266628   -0.066628 (VIOLATED)
fanout1277/Z                            0.200000    0.265515   -0.065515 (VIOLATED)
fanout1197/Z                            0.200000    0.264255   -0.064255 (VIOLATED)
fanout1125/Z                            0.200000    0.263931   -0.063931 (VIOLATED)
fanout1164/Z                            0.200000    0.263727   -0.063727 (VIOLATED)
fanout1112/Z                            0.200000    0.263492   -0.063492 (VIOLATED)
fanout1108/Z                            0.200000    0.263454   -0.063454 (VIOLATED)
fanout1185/Z                            0.200000    0.263092   -0.063092 (VIOLATED)
fanout1087/Z                            0.200000    0.262787   -0.062787 (VIOLATED)
fanout1269/Z                            0.200000    0.262345   -0.062345 (VIOLATED)
fanout1229/Z                            0.200000    0.262330   -0.062330 (VIOLATED)
max_cap1119/Z                           0.200000    0.262010   -0.062010 (VIOLATED)
fanout551/Z                             0.200000    0.261239   -0.061239 (VIOLATED)
fanout1263/Z                            0.200000    0.259406   -0.059406 (VIOLATED)
fanout1097/Z                            0.200000    0.259378   -0.059378 (VIOLATED)
fanout1191/Z                            0.200000    0.259129   -0.059129 (VIOLATED)
fanout1151/Z                            0.200000    0.258727   -0.058727 (VIOLATED)
fanout1098/Z                            0.200000    0.258449   -0.058449 (VIOLATED)
fanout1134/Z                            0.200000    0.258202   -0.058202 (VIOLATED)
fanout1223/Z                            0.200000    0.257470   -0.057470 (VIOLATED)
fanout1273/Z                            0.200000    0.257457   -0.057457 (VIOLATED)
fanout231/Z                             0.200000    0.256723   -0.056723 (VIOLATED)
fanout1189/Z                            0.200000    0.256323   -0.056323 (VIOLATED)
fanout1084/Z                            0.200000    0.256135   -0.056135 (VIOLATED)
fanout1586/Z                            0.200000    0.255733   -0.055733 (VIOLATED)
fanout1462/Z                            0.200000    0.254977   -0.054977 (VIOLATED)
fanout1256/Z                            0.200000    0.254960   -0.054960 (VIOLATED)
fanout1344/Z                            0.200000    0.254769   -0.054769 (VIOLATED)
fanout989/Z                             0.200000    0.254310   -0.054310 (VIOLATED)
fanout1336/Z                            0.200000    0.254304   -0.054304 (VIOLATED)
fanout1275/Z                            0.200000    0.252920   -0.052920 (VIOLATED)
fanout1297/Z                            0.200000    0.252850   -0.052850 (VIOLATED)
fanout1265/Z                            0.200000    0.251869   -0.051869 (VIOLATED)
fanout1270/Z                            0.200000    0.250648   -0.050648 (VIOLATED)
wire1209/Z                              0.200000    0.250412   -0.050412 (VIOLATED)
fanout972/Z                             0.200000    0.250333   -0.050333 (VIOLATED)
fanout1320/Z                            0.200000    0.250123   -0.050123 (VIOLATED)
fanout1190/Z                            0.200000    0.249753   -0.049753 (VIOLATED)
fanout1148/Z                            0.200000    0.248845   -0.048845 (VIOLATED)
fanout1172/Z                            0.200000    0.247834   -0.047834 (VIOLATED)
fanout697/Z                             0.200000    0.247639   -0.047639 (VIOLATED)
fanout1330/Z                            0.200000    0.246191   -0.046191 (VIOLATED)
fanout1203/Z                            0.200000    0.245545   -0.045545 (VIOLATED)
fanout1253/Z                            0.200000    0.245136   -0.045136 (VIOLATED)
fanout1141/Z                            0.200000    0.244346   -0.044346 (VIOLATED)
fanout1247/Z                            0.200000    0.244285   -0.044285 (VIOLATED)
_14974_/ZN                              0.200000    0.243995   -0.043995 (VIOLATED)
fanout1071/Z                            0.200000    0.243463   -0.043463 (VIOLATED)
fanout1157/Z                            0.200000    0.243314   -0.043314 (VIOLATED)
fanout1170/Z                            0.200000    0.243155   -0.043155 (VIOLATED)
fanout1161/Z                            0.200000    0.243128   -0.043128 (VIOLATED)
fanout1227/Z                            0.200000    0.242984   -0.042984 (VIOLATED)
fanout823/Z                             0.200000    0.242966   -0.042966 (VIOLATED)
fanout76/Z                              0.200000    0.242889   -0.042889 (VIOLATED)
fanout1225/Z                            0.200000    0.242624   -0.042624 (VIOLATED)
fanout1258/Z                            0.200000    0.242029   -0.042029 (VIOLATED)
fanout1168/Z                            0.200000    0.241723   -0.041723 (VIOLATED)
fanout1102/Z                            0.200000    0.241676   -0.041676 (VIOLATED)
fanout1459/Z                            0.200000    0.240986   -0.040986 (VIOLATED)
fanout1207/Z                            0.200000    0.240763   -0.040763 (VIOLATED)
fanout1342/Z                            0.200000    0.240556   -0.040556 (VIOLATED)
fanout1127/Z                            0.200000    0.240544   -0.040544 (VIOLATED)
fanout1578/Z                            0.200000    0.240114   -0.040114 (VIOLATED)
fanout1274/Z                            0.200000    0.239111   -0.039111 (VIOLATED)
fanout730/Z                             0.200000    0.238673   -0.038673 (VIOLATED)
fanout1182/Z                            0.200000    0.238611   -0.038611 (VIOLATED)
fanout1300/Z                            0.200000    0.237381   -0.037381 (VIOLATED)
fanout575/Z                             0.200000    0.236608   -0.036608 (VIOLATED)
fanout1334/Z                            0.200000    0.236603   -0.036603 (VIOLATED)
fanout739/Z                             0.200000    0.236596   -0.036596 (VIOLATED)
fanout1239/Z                            0.200000    0.236526   -0.036526 (VIOLATED)
fanout1104/Z                            0.200000    0.235451   -0.035451 (VIOLATED)
fanout1147/Z                            0.200000    0.235319   -0.035319 (VIOLATED)
fanout1180/Z                            0.200000    0.234660   -0.034660 (VIOLATED)
fanout1201/Z                            0.200000    0.233755   -0.033755 (VIOLATED)
fanout1136/Z                            0.200000    0.233532   -0.033532 (VIOLATED)
fanout1228/Z                            0.200000    0.232035   -0.032035 (VIOLATED)
max_cap1307/Z                           0.200000    0.231833   -0.031833 (VIOLATED)
fanout1094/Z                            0.200000    0.231450   -0.031450 (VIOLATED)
fanout1326/Z                            0.200000    0.231066   -0.031066 (VIOLATED)
fanout1304/Z                            0.200000    0.230893   -0.030893 (VIOLATED)
fanout1234/Z                            0.200000    0.230648   -0.030648 (VIOLATED)
fanout1340/Z                            0.200000    0.230374   -0.030374 (VIOLATED)
fanout1138/Z                            0.200000    0.229830   -0.029830 (VIOLATED)
fanout1430/Z                            0.200000    0.229782   -0.029782 (VIOLATED)
fanout1123/Z                            0.200000    0.229099   -0.029099 (VIOLATED)
fanout1460/Z                            0.200000    0.228440   -0.028440 (VIOLATED)
fanout1322/Z                            0.200000    0.227685   -0.027685 (VIOLATED)
fanout1346/Z                            0.200000    0.227528   -0.027528 (VIOLATED)
fanout705/Z                             0.200000    0.227280   -0.027280 (VIOLATED)
fanout1478/Z                            0.200000    0.227051   -0.027051 (VIOLATED)
fanout1418/Z                            0.200000    0.226784   -0.026784 (VIOLATED)
fanout1193/Z                            0.200000    0.226462   -0.026462 (VIOLATED)
fanout1221/Z                            0.200000    0.225857   -0.025857 (VIOLATED)
fanout1140/Z                            0.200000    0.225538   -0.025538 (VIOLATED)
fanout1063/Z                            0.200000    0.225199   -0.025199 (VIOLATED)
fanout855/Z                             0.200000    0.224887   -0.024887 (VIOLATED)
fanout1074/Z                            0.200000    0.224848   -0.024848 (VIOLATED)
fanout1096/Z                            0.200000    0.224623   -0.024623 (VIOLATED)
fanout1315/Z                            0.200000    0.224544   -0.024544 (VIOLATED)
fanout1249/Z                            0.200000    0.224282   -0.024282 (VIOLATED)
fanout1144/Z                            0.200000    0.224206   -0.024206 (VIOLATED)
fanout1124/Z                            0.200000    0.224115   -0.024115 (VIOLATED)
fanout1283/Z                            0.200000    0.223821   -0.023821 (VIOLATED)
fanout1205/Z                            0.200000    0.223773   -0.023773 (VIOLATED)
fanout1252/Z                            0.200000    0.222937   -0.022937 (VIOLATED)
fanout1313/Z                            0.200000    0.222825   -0.022825 (VIOLATED)
fanout1089/Z                            0.200000    0.221958   -0.021958 (VIOLATED)
fanout1100/Z                            0.200000    0.221572   -0.021572 (VIOLATED)
fanout1114/Z                            0.200000    0.221339   -0.021339 (VIOLATED)
fanout1216/Z                            0.200000    0.221105   -0.021105 (VIOLATED)
fanout1115/Z                            0.200000    0.220783   -0.020783 (VIOLATED)
fanout1187/Z                            0.200000    0.220708   -0.020708 (VIOLATED)
fanout1116/Z                            0.200000    0.220557   -0.020557 (VIOLATED)
_18883_/ZN                              0.200000    0.219590   -0.019590 (VIOLATED)
fanout1254/Z                            0.200000    0.219529   -0.019529 (VIOLATED)
_13222_/ZN                              0.200000    0.219356   -0.019356 (VIOLATED)
fanout1714/Z                            0.200000    0.219121   -0.019121 (VIOLATED)
fanout1699/Z                            0.200000    0.218712   -0.018712 (VIOLATED)
fanout1213/Z                            0.200000    0.218639   -0.018639 (VIOLATED)
fanout1088/Z                            0.200000    0.218631   -0.018631 (VIOLATED)
fanout1220/Z                            0.200000    0.218421   -0.018421 (VIOLATED)
_18543_/Z                               0.200000    0.218346   -0.018346 (VIOLATED)
fanout1241/Z                            0.200000    0.218063   -0.018063 (VIOLATED)
fanout1338/Z                            0.200000    0.217959   -0.017959 (VIOLATED)
fanout1145/Z                            0.200000    0.217745   -0.017745 (VIOLATED)
fanout1126/Z                            0.200000    0.217471   -0.017471 (VIOLATED)
fanout938/Z                             0.200000    0.216725   -0.016725 (VIOLATED)
fanout1302/Z                            0.200000    0.216536   -0.016536 (VIOLATED)
fanout1152/Z                            0.200000    0.216429   -0.016429 (VIOLATED)
fanout1484/Z                            0.200000    0.216401   -0.016401 (VIOLATED)
fanout1309/Z                            0.200000    0.215927   -0.015927 (VIOLATED)
fanout1350/Z                            0.200000    0.215578   -0.015578 (VIOLATED)
fanout883/Z                             0.200000    0.215310   -0.015310 (VIOLATED)
fanout851/Z                             0.200000    0.215301   -0.015301 (VIOLATED)
_15875_/ZN                              0.200000    0.214681   -0.014681 (VIOLATED)
fanout1295/Z                            0.200000    0.214539   -0.014539 (VIOLATED)
fanout1162/Z                            0.200000    0.213852   -0.013852 (VIOLATED)
fanout1324/Z                            0.200000    0.213741   -0.013741 (VIOLATED)
fanout1132/Z                            0.200000    0.213171   -0.013171 (VIOLATED)
fanout271/Z                             0.200000    0.213097   -0.013097 (VIOLATED)
fanout1417/Z                            0.200000    0.212714   -0.012714 (VIOLATED)
fanout1153/Z                            0.200000    0.212496   -0.012496 (VIOLATED)
fanout1272/Z                            0.200000    0.212024   -0.012024 (VIOLATED)
fanout641/Z                             0.200000    0.211991   -0.011991 (VIOLATED)
fanout1212/Z                            0.200000    0.211675   -0.011675 (VIOLATED)
fanout280/Z                             0.200000    0.210956   -0.010956 (VIOLATED)
fanout1486/Z                            0.200000    0.210417   -0.010417 (VIOLATED)
fanout863/Z                             0.200000    0.210348   -0.010348 (VIOLATED)
fanout1069/Z                            0.200000    0.209202   -0.009202 (VIOLATED)
fanout1352/Z                            0.200000    0.209000   -0.009000 (VIOLATED)
fanout744/Z                             0.200000    0.208974   -0.008974 (VIOLATED)
_13339_/ZN                              0.200000    0.208539   -0.008539 (VIOLATED)
clkbuf_6_33_0_clk/Z                     0.200000    0.208091   -0.008091 (VIOLATED)
fanout1271/Z                            0.200000    0.207719   -0.007719 (VIOLATED)
fanout1319/Z                            0.200000    0.207631   -0.007631 (VIOLATED)
fanout1073/Z                            0.200000    0.207429   -0.007429 (VIOLATED)
_12843_/ZN                              0.200000    0.207179   -0.007179 (VIOLATED)
fanout1693/Z                            0.200000    0.206775   -0.006775 (VIOLATED)
fanout990/Z                             0.200000    0.206121   -0.006121 (VIOLATED)
fanout1325/Z                            0.200000    0.206042   -0.006042 (VIOLATED)
fanout1086/Z                            0.200000    0.205910   -0.005910 (VIOLATED)
clkbuf_6_39_0_clk/Z                     0.200000    0.205775   -0.005775 (VIOLATED)
fanout1314/Z                            0.200000    0.205697   -0.005697 (VIOLATED)
_13188_/ZN                              0.200000    0.205685   -0.005685 (VIOLATED)
fanout1111/Z                            0.200000    0.205684   -0.005684 (VIOLATED)
fanout904/Z                             0.200000    0.205416   -0.005416 (VIOLATED)
fanout1720/Z                            0.200000    0.205140   -0.005140 (VIOLATED)
_15802_/ZN                              0.200000    0.204990   -0.004990 (VIOLATED)
clkbuf_6_36_0_clk/Z                     0.200000    0.204286   -0.004286 (VIOLATED)
fanout1712/Z                            0.200000    0.204121   -0.004121 (VIOLATED)
fanout881/Z                             0.200000    0.204028   -0.004028 (VIOLATED)
fanout1202/Z                            0.200000    0.203860   -0.003860 (VIOLATED)
fanout1235/Z                            0.200000    0.203576   -0.003576 (VIOLATED)
clkbuf_6_48_0_clk/Z                     0.200000    0.202947   -0.002947 (VIOLATED)
fanout1166/Z                            0.200000    0.202800   -0.002800 (VIOLATED)
_13377_/Z                               0.200000    0.202688   -0.002688 (VIOLATED)
max_cap1299/Z                           0.200000    0.202661   -0.002661 (VIOLATED)
fanout1499/Z                            0.200000    0.202641   -0.002641 (VIOLATED)
fanout1717/Z                            0.200000    0.202139   -0.002139 (VIOLATED)
fanout1174/Z                            0.200000    0.202082   -0.002082 (VIOLATED)
fanout1200/Z                            0.200000    0.202071   -0.002071 (VIOLATED)
fanout1292/Z                            0.200000    0.201315   -0.001315 (VIOLATED)
_14972_/Z                               0.200000    0.201084   -0.001084 (VIOLATED)
fanout1592/Z                            0.200000    0.200988   -0.000988 (VIOLATED)
clkbuf_6_37_0_clk/Z                     0.200000    0.200766   -0.000766 (VIOLATED)



===========================================================================
report_parasitic_annotation -report_unannotated
============================================================================
Found 492 unannotated drivers.
 clkload0/ZN
 clkload1/ZN
 clkload10/Z
 clkload100/ZN
 clkload101/ZN
 clkload102/Z
 clkload103/ZN
 clkload104/ZN
 clkload105/ZN
 clkload106/ZN
 clkload107/ZN
 clkload108/ZN
 clkload109/ZN
 clkload11/ZN
 clkload110/ZN
 clkload111/ZN
 clkload112/ZN
 clkload113/ZN
 clkload114/ZN
 clkload115/ZN
 clkload116/ZN
 clkload117/ZN
 clkload118/Z
 clkload119/Z
 clkload12/ZN
 clkload120/Z
 clkload121/Z
 clkload122/ZN
 clkload123/ZN
 clkload124/Z
 clkload125/Z
 clkload126/ZN
 clkload127/Z
 clkload128/Z
 clkload129/Z
 clkload13/ZN
 clkload130/ZN
 clkload131/ZN
 clkload132/ZN
 clkload133/ZN
 clkload134/Z
 clkload135/ZN
 clkload136/ZN
 clkload137/ZN
 clkload138/ZN
 clkload139/ZN
 clkload14/ZN
 clkload140/ZN
 clkload141/Z
 clkload142/Z
 clkload143/ZN
 clkload144/ZN
 clkload145/ZN
 clkload146/Z
 clkload147/ZN
 clkload148/ZN
 clkload149/Z
 clkload15/ZN
 clkload150/Z
 clkload151/ZN
 clkload152/Z
 clkload153/ZN
 clkload154/ZN
 clkload155/ZN
 clkload156/ZN
 clkload157/ZN
 clkload158/Z
 clkload159/Z
 clkload16/ZN
 clkload160/Z
 clkload161/Z
 clkload162/Z
 clkload163/Z
 clkload164/Z
 clkload165/Z
 clkload166/Z
 clkload167/Z
 clkload168/ZN
 clkload169/Z
 clkload17/ZN
 clkload170/Z
 clkload171/Z
 clkload172/Z
 clkload173/Z
 clkload174/Z
 clkload175/Z
 clkload176/ZN
 clkload177/ZN
 clkload178/ZN
 clkload179/ZN
 clkload18/ZN
 clkload180/ZN
 clkload181/Z
 clkload182/Z
 clkload183/Z
 clkload184/Z
 clkload185/Z
 clkload186/Z
 clkload187/Z
 clkload188/Z
 clkload189/Z
 clkload19/ZN
 clkload190/Z
 clkload191/ZN
 clkload192/ZN
 clkload193/ZN
 clkload194/ZN
 clkload195/Z
 clkload196/ZN
 clkload197/ZN
 clkload198/ZN
 clkload199/ZN
 clkload2/ZN
 clkload20/ZN
 clkload200/ZN
 clkload201/ZN
 clkload202/ZN
 clkload203/ZN
 clkload204/ZN
 clkload205/ZN
 clkload206/ZN
 clkload207/ZN
 clkload208/Z
 clkload209/Z
 clkload21/ZN
 clkload210/Z
 clkload211/Z
 clkload212/ZN
 clkload213/ZN
 clkload214/ZN
 clkload215/ZN
 clkload216/Z
 clkload217/ZN
 clkload218/Z
 clkload219/Z
 clkload22/ZN
 clkload220/ZN
 clkload221/Z
 clkload222/Z
 clkload223/Z
 clkload224/Z
 clkload225/Z
 clkload226/Z
 clkload227/Z
 clkload228/ZN
 clkload229/ZN
 clkload23/ZN
 clkload230/Z
 clkload231/Z
 clkload232/ZN
 clkload233/Z
 clkload234/ZN
 clkload235/Z
 clkload236/ZN
 clkload237/ZN
 clkload238/Z
 clkload239/ZN
 clkload24/ZN
 clkload240/ZN
 clkload241/ZN
 clkload242/ZN
 clkload243/Z
 clkload244/Z
 clkload245/Z
 clkload246/Z
 clkload247/Z
 clkload248/Z
 clkload249/ZN
 clkload25/Z
 clkload250/ZN
 clkload251/ZN
 clkload252/ZN
 clkload253/Z
 clkload254/Z
 clkload255/ZN
 clkload256/ZN
 clkload257/ZN
 clkload258/ZN
 clkload259/ZN
 clkload26/ZN
 clkload260/Z
 clkload261/Z
 clkload262/ZN
 clkload263/ZN
 clkload264/Z
 clkload265/Z
 clkload266/ZN
 clkload267/ZN
 clkload268/ZN
 clkload269/Z
 clkload27/ZN
 clkload270/ZN
 clkload271/ZN
 clkload272/ZN
 clkload273/ZN
 clkload274/Z
 clkload275/ZN
 clkload276/ZN
 clkload277/Z
 clkload278/Z
 clkload279/ZN
 clkload28/ZN
 clkload280/ZN
 clkload281/ZN
 clkload282/ZN
 clkload283/Z
 clkload284/ZN
 clkload285/ZN
 clkload286/Z
 clkload287/ZN
 clkload288/ZN
 clkload289/ZN
 clkload29/ZN
 clkload290/Z
 clkload291/Z
 clkload292/Z
 clkload293/Z
 clkload294/Z
 clkload295/ZN
 clkload296/Z
 clkload297/ZN
 clkload298/Z
 clkload299/Z
 clkload3/ZN
 clkload30/ZN
 clkload300/Z
 clkload301/Z
 clkload302/ZN
 clkload303/ZN
 clkload304/Z
 clkload305/Z
 clkload306/Z
 clkload307/Z
 clkload308/ZN
 clkload309/Z
 clkload31/ZN
 clkload310/Z
 clkload311/Z
 clkload312/Z
 clkload313/ZN
 clkload314/ZN
 clkload315/Z
 clkload316/ZN
 clkload317/Z
 clkload318/Z
 clkload319/Z
 clkload32/ZN
 clkload320/ZN
 clkload321/ZN
 clkload322/ZN
 clkload323/Z
 clkload324/ZN
 clkload325/ZN
 clkload326/ZN
 clkload327/ZN
 clkload328/Z
 clkload329/ZN
 clkload33/ZN
 clkload330/ZN
 clkload331/ZN
 clkload332/ZN
 clkload333/ZN
 clkload334/ZN
 clkload335/ZN
 clkload336/Z
 clkload337/Z
 clkload338/ZN
 clkload339/ZN
 clkload34/ZN
 clkload340/ZN
 clkload341/Z
 clkload342/ZN
 clkload343/ZN
 clkload344/Z
 clkload345/Z
 clkload346/Z
 clkload347/Z
 clkload348/Z
 clkload349/ZN
 clkload35/ZN
 clkload350/Z
 clkload351/ZN
 clkload352/Z
 clkload353/ZN
 clkload354/Z
 clkload355/Z
 clkload356/Z
 clkload357/ZN
 clkload358/Z
 clkload359/Z
 clkload36/ZN
 clkload360/ZN
 clkload361/ZN
 clkload362/ZN
 clkload363/ZN
 clkload364/ZN
 clkload365/ZN
 clkload366/Z
 clkload367/ZN
 clkload368/ZN
 clkload369/ZN
 clkload37/ZN
 clkload370/Z
 clkload371/ZN
 clkload372/ZN
 clkload373/ZN
 clkload374/Z
 clkload375/ZN
 clkload376/ZN
 clkload377/ZN
 clkload378/ZN
 clkload379/ZN
 clkload38/ZN
 clkload380/ZN
 clkload381/ZN
 clkload382/ZN
 clkload383/ZN
 clkload384/ZN
 clkload385/ZN
 clkload386/ZN
 clkload387/ZN
 clkload388/Z
 clkload389/ZN
 clkload39/ZN
 clkload390/ZN
 clkload391/ZN
 clkload392/Z
 clkload393/ZN
 clkload394/ZN
 clkload395/ZN
 clkload396/ZN
 clkload397/Z
 clkload398/ZN
 clkload399/ZN
 clkload4/ZN
 clkload40/ZN
 clkload400/ZN
 clkload401/ZN
 clkload402/ZN
 clkload403/ZN
 clkload404/ZN
 clkload405/ZN
 clkload406/ZN
 clkload407/Z
 clkload408/Z
 clkload409/Z
 clkload41/ZN
 clkload410/ZN
 clkload411/ZN
 clkload412/Z
 clkload413/Z
 clkload414/ZN
 clkload415/Z
 clkload416/Z
 clkload417/ZN
 clkload418/ZN
 clkload419/ZN
 clkload42/ZN
 clkload420/ZN
 clkload421/Z
 clkload422/Z
 clkload423/ZN
 clkload424/ZN
 clkload425/ZN
 clkload426/Z
 clkload427/ZN
 clkload428/ZN
 clkload429/ZN
 clkload43/ZN
 clkload430/Z
 clkload431/ZN
 clkload432/Z
 clkload433/ZN
 clkload434/ZN
 clkload435/ZN
 clkload436/Z
 clkload437/Z
 clkload438/Z
 clkload439/Z
 clkload44/ZN
 clkload440/ZN
 clkload441/ZN
 clkload442/Z
 clkload443/Z
 clkload444/Z
 clkload445/Z
 clkload446/ZN
 clkload447/ZN
 clkload448/Z
 clkload449/ZN
 clkload45/ZN
 clkload450/ZN
 clkload451/ZN
 clkload452/ZN
 clkload453/ZN
 clkload454/ZN
 clkload455/Z
 clkload456/ZN
 clkload457/ZN
 clkload458/ZN
 clkload459/ZN
 clkload46/ZN
 clkload460/ZN
 clkload461/ZN
 clkload462/ZN
 clkload463/ZN
 clkload464/ZN
 clkload465/Z
 clkload466/ZN
 clkload467/Z
 clkload468/Z
 clkload469/ZN
 clkload47/ZN
 clkload470/ZN
 clkload471/ZN
 clkload472/ZN
 clkload473/ZN
 clkload474/ZN
 clkload475/ZN
 clkload476/ZN
 clkload477/ZN
 clkload478/ZN
 clkload479/Z
 clkload48/ZN
 clkload480/Z
 clkload481/Z
 clkload482/Z
 clkload483/ZN
 clkload484/ZN
 clkload485/ZN
 clkload486/ZN
 clkload487/ZN
 clkload488/ZN
 clkload489/ZN
 clkload49/ZN
 clkload490/ZN
 clkload491/ZN
 clkload5/ZN
 clkload50/ZN
 clkload51/ZN
 clkload52/Z
 clkload53/Z
 clkload54/Z
 clkload55/ZN
 clkload56/ZN
 clkload57/ZN
 clkload58/ZN
 clkload59/ZN
 clkload6/Z
 clkload60/ZN
 clkload61/ZN
 clkload62/Z
 clkload63/ZN
 clkload64/ZN
 clkload65/Z
 clkload66/Z
 clkload67/ZN
 clkload68/ZN
 clkload69/ZN
 clkload7/ZN
 clkload70/ZN
 clkload71/ZN
 clkload72/ZN
 clkload73/ZN
 clkload74/Z
 clkload75/ZN
 clkload76/ZN
 clkload77/ZN
 clkload78/Z
 clkload79/Z
 clkload8/ZN
 clkload80/ZN
 clkload81/ZN
 clkload82/ZN
 clkload83/ZN
 clkload84/ZN
 clkload85/Z
 clkload86/ZN
 clkload87/ZN
 clkload88/Z
 clkload89/Z
 clkload9/ZN
 clkload90/ZN
 clkload91/ZN
 clkload92/ZN
 clkload93/ZN
 clkload94/ZN
 clkload95/ZN
 clkload96/ZN
 clkload97/Z
 clkload98/Z
 clkload99/ZN
Found 0 partially unannotated drivers.

===========================================================================
max slew violation count 0
max fanout violation count 27
max cap violation count 225
============================================================================

===========================================================================
check_setup -verbose -unconstrained_endpoints -multiple_clock -no_clock -no_input_delay -loops -generated_clocks
===========================================================================
