
===========================================================================
report_checks -unconstrained
===========================================================================
======================= nom_tt_025C_5v00 Corner ===================================

Startpoint: rst (input port clocked by clk)
Endpoint: _27672_ (recovery check against rising-edge clock clk)
Path Group: asynchronous
Path Type: max

Fanout         Cap        Slew       Delay        Time   Description
---------------------------------------------------------------------------------------------
                                  0.000000    0.000000   clock clk (rise edge)
                                  0.000000    0.000000   clock network delay (propagated)
                                  4.000000    4.000000 v input external delay
     1    0.003536    0.061613    0.021759    4.021759 v rst (in)
                                                         rst (net)
                      0.061613    0.000000    4.021759 v input3/I (gf180mcu_fd_sc_mcu7t5v0__buf_1)
     2    0.100669    0.993876    0.808353    4.830112 v input3/Z (gf180mcu_fd_sc_mcu7t5v0__buf_1)
                                                         net3 (net)
                      0.994102    0.008602    4.838714 v fanout1841/I (gf180mcu_fd_sc_mcu7t5v0__buf_2)
     6    0.146385    0.725042    0.866834    5.705547 v fanout1841/Z (gf180mcu_fd_sc_mcu7t5v0__buf_2)
                                                         net1841 (net)
                      0.725203    0.006190    5.711738 v fanout1828/I (gf180mcu_fd_sc_mcu7t5v0__buf_2)
     6    0.087764    0.450285    0.631971    6.343709 v fanout1828/Z (gf180mcu_fd_sc_mcu7t5v0__buf_2)
                                                         net1828 (net)
                      0.450297    0.001317    6.345026 v fanout1827/I (gf180mcu_fd_sc_mcu7t5v0__buf_2)
     9    0.130370    0.647350    0.683246    7.028272 v fanout1827/Z (gf180mcu_fd_sc_mcu7t5v0__buf_2)
                                                         net1827 (net)
                      0.647359    0.001358    7.029630 v fanout1826/I (gf180mcu_fd_sc_mcu7t5v0__buf_2)
    10    0.081861    0.420017    0.594370    7.624001 v fanout1826/Z (gf180mcu_fd_sc_mcu7t5v0__buf_2)
                                                         net1826 (net)
                      0.420030    0.001334    7.625334 v fanout1825/I (gf180mcu_fd_sc_mcu7t5v0__buf_2)
    10    0.073108    0.379075    0.509230    8.134564 v fanout1825/Z (gf180mcu_fd_sc_mcu7t5v0__buf_2)
                                                         net1825 (net)
                      0.379116    0.002221    8.136786 v _24898_/I (gf180mcu_fd_sc_mcu7t5v0__clkinv_1)
     1    0.017858    0.350876    0.301811    8.438597 ^ _24898_/ZN (gf180mcu_fd_sc_mcu7t5v0__clkinv_1)
                                                         _00817_ (net)
                      0.350877    0.000726    8.439322 ^ _27672_/RN (gf180mcu_fd_sc_mcu7t5v0__dffrnq_2)
                                              8.439322   data arrival time

                                 20.000000   20.000000   clock clk (rise edge)
                                  0.000000   20.000000   clock source latency
     1    0.144215    0.601374    0.351847   20.351847 ^ clk (in)
                                                         clk (net)
                      0.605395    0.000000   20.351847 ^ clkbuf_0_clk/I (gf180mcu_fd_sc_mcu7t5v0__clkbuf_16)
     4    0.316832    0.358448    0.496566   20.848413 ^ clkbuf_0_clk/Z (gf180mcu_fd_sc_mcu7t5v0__clkbuf_16)
                                                         clknet_0_clk (net)
                      0.359246    0.010584   20.858997 ^ clkbuf_2_0_0_clk/I (gf180mcu_fd_sc_mcu7t5v0__clkbuf_8)
    16    0.420279    0.873512    0.746356   21.605352 ^ clkbuf_2_0_0_clk/Z (gf180mcu_fd_sc_mcu7t5v0__clkbuf_8)
                                                         clknet_2_0_0_clk (net)
                      0.874077    0.012461   21.617813 ^ clkbuf_6_11_0_clk/I (gf180mcu_fd_sc_mcu7t5v0__clkbuf_8)
     9    0.153456    0.353428    0.520497   22.138311 ^ clkbuf_6_11_0_clk/Z (gf180mcu_fd_sc_mcu7t5v0__clkbuf_8)
                                                         clknet_6_11_0_clk (net)
                      0.353452    0.004359   22.142670 ^ clkbuf_leaf_37_clk/I (gf180mcu_fd_sc_mcu7t5v0__clkbuf_8)
     6    0.035472    0.134031    0.304496   22.447166 ^ clkbuf_leaf_37_clk/Z (gf180mcu_fd_sc_mcu7t5v0__clkbuf_8)
                                                         clknet_leaf_37_clk (net)
                      0.134032    0.000458   22.447624 ^ _27672_/CLK (gf180mcu_fd_sc_mcu7t5v0__dffrnq_2)
                                 -0.250000   22.197626   clock uncertainty
                                  0.000000   22.197626   clock reconvergence pessimism
                                  0.197585   22.395210   library recovery time
                                             22.395210   data required time
---------------------------------------------------------------------------------------------
                                             22.395210   data required time
                                             -8.439322   data arrival time
---------------------------------------------------------------------------------------------
                                             13.955888   slack (MET)


Startpoint: _25494_ (rising edge-triggered flip-flop clocked by clk)
Endpoint: _26219_ (rising edge-triggered flip-flop clocked by clk)
Path Group: clk
Path Type: max

Fanout         Cap        Slew       Delay        Time   Description
---------------------------------------------------------------------------------------------
                                  0.000000    0.000000   clock clk (rise edge)
                                  0.000000    0.000000   clock source latency
     1    0.144215    0.601374    0.351846    0.351846 ^ clk (in)
                                                         clk (net)
                      0.605395    0.000000    0.351846 ^ clkbuf_0_clk/I (gf180mcu_fd_sc_mcu7t5v0__clkbuf_16)
     4    0.316832    0.358448    0.496568    0.848414 ^ clkbuf_0_clk/Z (gf180mcu_fd_sc_mcu7t5v0__clkbuf_16)
                                                         clknet_0_clk (net)
                      0.359246    0.010582    0.858996 ^ clkbuf_2_0_0_clk/I (gf180mcu_fd_sc_mcu7t5v0__clkbuf_8)
    16    0.420279    0.873512    0.746356    1.605352 ^ clkbuf_2_0_0_clk/Z (gf180mcu_fd_sc_mcu7t5v0__clkbuf_8)
                                                         clknet_2_0_0_clk (net)
                      0.874126    0.012993    1.618344 ^ clkbuf_6_3_0_clk/I (gf180mcu_fd_sc_mcu7t5v0__clkbuf_8)
     9    0.149377    0.347046    0.517277    2.135622 ^ clkbuf_6_3_0_clk/Z (gf180mcu_fd_sc_mcu7t5v0__clkbuf_8)
                                                         clknet_6_3_0_clk (net)
                      0.347048    0.001363    2.136985 ^ clkbuf_leaf_487_clk/I (gf180mcu_fd_sc_mcu7t5v0__clkbuf_8)
     8    0.042712    0.146006    0.313119    2.450104 ^ clkbuf_leaf_487_clk/Z (gf180mcu_fd_sc_mcu7t5v0__clkbuf_8)
                                                         clknet_leaf_487_clk (net)
                      0.146006    0.000467    2.450571 ^ _25494_/CLK (gf180mcu_fd_sc_mcu7t5v0__dffrnq_1)
     1    0.011488    0.270270    0.955347    3.405918 ^ _25494_/Q (gf180mcu_fd_sc_mcu7t5v0__dffrnq_1)
                                                         pp_inst.core_inst.reg_cnt_i.data_q[0] (net)
                      0.270270    0.000239    3.406157 ^ fanout1717/I (gf180mcu_fd_sc_mcu7t5v0__buf_4)
     7    0.223205    0.918667    0.662873    4.069030 ^ fanout1717/Z (gf180mcu_fd_sc_mcu7t5v0__buf_4)
                                                         net1717 (net)
                      0.919453    0.015002    4.084032 ^ _12382_/I (gf180mcu_fd_sc_mcu7t5v0__clkinv_2)
     3    0.106801    0.903534    0.734897    4.818929 v _12382_/ZN (gf180mcu_fd_sc_mcu7t5v0__clkinv_2)
                                                         _09184_ (net)
                      0.903592    0.004157    4.823086 v fanout1714/I (gf180mcu_fd_sc_mcu7t5v0__buf_4)
    10    0.243452    0.600924    0.740193    5.563279 v fanout1714/Z (gf180mcu_fd_sc_mcu7t5v0__buf_4)
                                                         net1714 (net)
                      0.600951    0.002353    5.565632 v fanout1713/I (gf180mcu_fd_sc_mcu7t5v0__clkbuf_4)
    10    0.168514    0.709582    0.753056    6.318687 v fanout1713/Z (gf180mcu_fd_sc_mcu7t5v0__clkbuf_4)
                                                         net1713 (net)
                      0.711412    0.020576    6.339264 v _13346_/B (gf180mcu_fd_sc_mcu7t5v0__aoi21_1)
     1    0.030775    1.099620    0.794977    7.134241 ^ _13346_/ZN (gf180mcu_fd_sc_mcu7t5v0__aoi21_1)
                                                         _09960_ (net)
                      1.099621    0.001304    7.135545 ^ fanout1568/I (gf180mcu_fd_sc_mcu7t5v0__buf_2)
     5    0.153994    1.263156    0.916729    8.052274 ^ fanout1568/Z (gf180mcu_fd_sc_mcu7t5v0__buf_2)
                                                         net1568 (net)
                      1.263888    0.017133    8.069407 ^ fanout1567/I (gf180mcu_fd_sc_mcu7t5v0__buf_2)
     5    0.055014    0.482327    0.471884    8.541290 ^ fanout1567/Z (gf180mcu_fd_sc_mcu7t5v0__buf_2)
                                                         net1567 (net)
                      0.482368    0.002453    8.543744 ^ _13349_/A2 (gf180mcu_fd_sc_mcu7t5v0__nor2_1)
     1    0.014592    0.333343    0.273769    8.817513 v _13349_/ZN (gf180mcu_fd_sc_mcu7t5v0__nor2_1)
                                                         _09963_ (net)
                      0.333343    0.000372    8.817884 v fanout1476/I (gf180mcu_fd_sc_mcu7t5v0__buf_4)
     8    0.214623    0.533197    0.561376    9.379260 v fanout1476/Z (gf180mcu_fd_sc_mcu7t5v0__buf_4)
                                                         net1476 (net)
                      0.534480    0.014859    9.394119 v fanout1472/I (gf180mcu_fd_sc_mcu7t5v0__buf_2)
     7    0.102781    0.518665    0.627370   10.021490 v fanout1472/Z (gf180mcu_fd_sc_mcu7t5v0__buf_2)
                                                         net1472 (net)
                      0.518722    0.003110   10.024599 v fanout1471/I (gf180mcu_fd_sc_mcu7t5v0__clkbuf_4)
    10    0.116312    0.505229    0.616159   10.640758 v fanout1471/Z (gf180mcu_fd_sc_mcu7t5v0__clkbuf_4)
                                                         net1471 (net)
                      0.505434    0.005759   10.646517 v _13585_/A2 (gf180mcu_fd_sc_mcu7t5v0__aoi222_2)
     1    0.010842    0.815008    0.556739   11.203256 ^ _13585_/ZN (gf180mcu_fd_sc_mcu7t5v0__aoi222_2)
                                                         _10195_ (net)
                      0.815008    0.000121   11.203377 ^ _13586_/B (gf180mcu_fd_sc_mcu7t5v0__oai211_2)
     1    0.019002    0.438472    0.324710   11.528087 v _13586_/ZN (gf180mcu_fd_sc_mcu7t5v0__oai211_2)
                                                         _10196_ (net)
                      0.438472    0.000198   11.528284 v _13595_/B2 (gf180mcu_fd_sc_mcu7t5v0__aoi22_4)
     4    0.137014    1.406821    0.945600   12.473885 ^ _13595_/ZN (gf180mcu_fd_sc_mcu7t5v0__aoi22_4)
                                                         _10205_ (net)
                      1.406850    0.009948   12.483832 ^ _13597_/A2 (gf180mcu_fd_sc_mcu7t5v0__xor2_1)
     2    0.034970    1.222130    0.833738   13.317571 ^ _13597_/Z (gf180mcu_fd_sc_mcu7t5v0__xor2_1)
                                                         _10207_ (net)
                      1.222130    0.000774   13.318345 ^ _13598_/A2 (gf180mcu_fd_sc_mcu7t5v0__aoi21_4)
     2    0.040194    0.393508    0.168322   13.486668 v _13598_/ZN (gf180mcu_fd_sc_mcu7t5v0__aoi21_4)
                                                         _10208_ (net)
                      0.393508    0.000770   13.487437 v _16067_/B1 (gf180mcu_fd_sc_mcu7t5v0__aoi22_4)
     2    0.169410    1.661661    1.044802   14.532239 ^ _16067_/ZN (gf180mcu_fd_sc_mcu7t5v0__aoi22_4)
                                                         _03429_ (net)
                      1.661930    0.031622   14.563861 ^ fanout492/I (gf180mcu_fd_sc_mcu7t5v0__buf_2)
     6    0.095443    0.804340    0.654315   15.218176 ^ fanout492/Z (gf180mcu_fd_sc_mcu7t5v0__buf_2)
                                                         net492 (net)
                      0.804484    0.006002   15.224178 ^ fanout486/I (gf180mcu_fd_sc_mcu7t5v0__buf_2)
     6    0.072879    0.618905    0.543681   15.767859 ^ fanout486/Z (gf180mcu_fd_sc_mcu7t5v0__buf_2)
                                                         net486 (net)
                      0.618905    0.000487   15.768345 ^ fanout485/I (gf180mcu_fd_sc_mcu7t5v0__buf_1)
     5    0.044770    0.767361    0.633843   16.402189 ^ fanout485/Z (gf180mcu_fd_sc_mcu7t5v0__buf_1)
                                                         net485 (net)
                      0.767361    0.000659   16.402847 ^ fanout484/I (gf180mcu_fd_sc_mcu7t5v0__buf_2)
    10    0.076362    0.647999    0.560730   16.963577 ^ fanout484/Z (gf180mcu_fd_sc_mcu7t5v0__buf_2)
                                                         net484 (net)
                      0.648004    0.001014   16.964592 ^ _21153_/A1 (gf180mcu_fd_sc_mcu7t5v0__oai21_1)
     1    0.004722    0.308357    0.146878   17.111469 v _21153_/ZN (gf180mcu_fd_sc_mcu7t5v0__oai21_1)
                                                         _01861_ (net)
                      0.308357    0.000094   17.111565 v _26219_/D (gf180mcu_fd_sc_mcu7t5v0__dffq_1)
                                             17.111565   data arrival time

                                 20.000000   20.000000   clock clk (rise edge)
                                  0.000000   20.000000   clock source latency
     1    0.144215    0.601374    0.351847   20.351847 ^ clk (in)
                                                         clk (net)
                      0.605395    0.000000   20.351847 ^ clkbuf_0_clk/I (gf180mcu_fd_sc_mcu7t5v0__clkbuf_16)
     4    0.316832    0.358448    0.496566   20.848413 ^ clkbuf_0_clk/Z (gf180mcu_fd_sc_mcu7t5v0__clkbuf_16)
                                                         clknet_0_clk (net)
                      0.359436    0.011980   20.860394 ^ clkbuf_2_3_0_clk/I (gf180mcu_fd_sc_mcu7t5v0__clkbuf_8)
    16    0.409139    0.850106    0.731403   21.591795 ^ clkbuf_2_3_0_clk/Z (gf180mcu_fd_sc_mcu7t5v0__clkbuf_8)
                                                         clknet_2_3_0_clk (net)
                      0.851280    0.017792   21.609587 ^ clkbuf_6_60_0_clk/I (gf180mcu_fd_sc_mcu7t5v0__clkbuf_8)
     9    0.195113    0.432617    0.564718   22.174305 ^ clkbuf_6_60_0_clk/Z (gf180mcu_fd_sc_mcu7t5v0__clkbuf_8)
                                                         clknet_6_60_0_clk (net)
                      0.432652    0.001561   22.175867 ^ clkbuf_leaf_288_clk/I (gf180mcu_fd_sc_mcu7t5v0__clkbuf_8)
     9    0.049007    0.158845    0.335422   22.511290 ^ clkbuf_leaf_288_clk/Z (gf180mcu_fd_sc_mcu7t5v0__clkbuf_8)
                                                         clknet_leaf_288_clk (net)
                      0.158845    0.000572   22.511862 ^ _26219_/CLK (gf180mcu_fd_sc_mcu7t5v0__dffq_1)
                                 -0.250000   22.261862   clock uncertainty
                                  0.000000   22.261862   clock reconvergence pessimism
                                 -0.278603   21.983261   library setup time
                                             21.983261   data required time
---------------------------------------------------------------------------------------------
                                             21.983261   data required time
                                            -17.111565   data arrival time
---------------------------------------------------------------------------------------------
                                              4.871696   slack (MET)




===========================================================================
report_checks --slack_max -0.01
============================================================================
======================= nom_tt_025C_5v00 Corner ===================================

No paths found.


===========================================================================
 report_check_types -max_slew -max_cap -max_fanout -violators
============================================================================
======================= nom_tt_025C_5v00 Corner ===================================

max slew

Pin                                        Limit        Slew       Slack
------------------------------------------------------------------------
_17803_/A2                              3.000000    4.006940   -1.006940 (VIOLATED)
_17802_/Z                               3.000000    4.006752   -1.006752 (VIOLATED)
_18435_/A1                              3.000000    3.488972   -0.488973 (VIOLATED)
_18359_/A1                              3.000000    3.488726   -0.488726 (VIOLATED)
_17646_/A1                              3.000000    3.488704   -0.488704 (VIOLATED)
_17638_/Z                               3.000000    3.488690   -0.488690 (VIOLATED)

max fanout

Pin                                   Limit Fanout  Slack
---------------------------------------------------------
clkbuf_2_0_0_clk/Z                       10     16     -6 (VIOLATED)
clkbuf_2_1_0_clk/Z                       10     16     -6 (VIOLATED)
clkbuf_2_2_0_clk/Z                       10     16     -6 (VIOLATED)
clkbuf_2_3_0_clk/Z                       10     16     -6 (VIOLATED)
clkbuf_6_36_0_clk/Z                      10     13     -3 (VIOLATED)
clkbuf_6_55_0_clk/Z                      10     13     -3 (VIOLATED)
clkbuf_6_32_0_clk/Z                      10     12     -2 (VIOLATED)
clkbuf_6_33_0_clk/Z                      10     12     -2 (VIOLATED)
clkbuf_6_39_0_clk/Z                      10     12     -2 (VIOLATED)
clkbuf_6_41_0_clk/Z                      10     12     -2 (VIOLATED)
clkbuf_6_48_0_clk/Z                      10     12     -2 (VIOLATED)
clkbuf_6_56_0_clk/Z                      10     12     -2 (VIOLATED)
clkbuf_6_57_0_clk/Z                      10     12     -2 (VIOLATED)
clkbuf_6_58_0_clk/Z                      10     12     -2 (VIOLATED)
clkbuf_leaf_301_clk/Z                    10     12     -2 (VIOLATED)
clkbuf_6_34_0_clk/Z                      10     11        (VIOLATED)
clkbuf_6_35_0_clk/Z                      10     11        (VIOLATED)
clkbuf_6_37_0_clk/Z                      10     11        (VIOLATED)
clkbuf_6_38_0_clk/Z                      10     11        (VIOLATED)
clkbuf_6_46_0_clk/Z                      10     11        (VIOLATED)
clkbuf_6_50_0_clk/Z                      10     11        (VIOLATED)
clkbuf_6_54_0_clk/Z                      10     11        (VIOLATED)
clkbuf_6_59_0_clk/Z                      10     11        (VIOLATED)
clkbuf_6_61_0_clk/Z                      10     11        (VIOLATED)
clkbuf_leaf_161_clk/Z                    10     11        (VIOLATED)
clkbuf_leaf_218_clk/Z                    10     11        (VIOLATED)
clkbuf_leaf_290_clk/Z                    10     11        (VIOLATED)

max capacitance

Pin                                        Limit         Cap       Slack
------------------------------------------------------------------------
clkbuf_2_1_0_clk/Z                      0.200000    0.431569   -0.231569 (VIOLATED)
clkbuf_2_0_0_clk/Z                      0.200000    0.420279   -0.220279 (VIOLATED)
clkbuf_2_2_0_clk/Z                      0.200000    0.411042   -0.211042 (VIOLATED)
clkbuf_2_3_0_clk/Z                      0.200000    0.409139   -0.209139 (VIOLATED)
fanout1183/Z                            0.200000    0.345515   -0.145515 (VIOLATED)
fanout1321/Z                            0.200000    0.336244   -0.136244 (VIOLATED)
fanout1070/Z                            0.200000    0.335720   -0.135720 (VIOLATED)
fanout1431/Z                            0.200000    0.323509   -0.123509 (VIOLATED)
fanout1117/Z                            0.200000    0.321547   -0.121547 (VIOLATED)
fanout1332/Z                            0.200000    0.321205   -0.121205 (VIOLATED)
fanout1113/Z                            0.200000    0.319878   -0.119878 (VIOLATED)
fanout1080/Z                            0.200000    0.319388   -0.119388 (VIOLATED)
fanout1238/Z                            0.200000    0.318136   -0.118136 (VIOLATED)
fanout1328/Z                            0.200000    0.317801   -0.117801 (VIOLATED)
fanout1316/Z                            0.200000    0.317012   -0.117012 (VIOLATED)
clkbuf_0_clk/Z                          0.200000    0.316832   -0.116832 (VIOLATED)
fanout1261/Z                            0.200000    0.316526   -0.116526 (VIOLATED)
fanout879/Z                             0.200000    0.315619   -0.115619 (VIOLATED)
fanout1065/Z                            0.200000    0.315248   -0.115248 (VIOLATED)
fanout1155/Z                            0.200000    0.315128   -0.115128 (VIOLATED)
fanout1110/Z                            0.200000    0.310703   -0.110703 (VIOLATED)
fanout1266/Z                            0.200000    0.309974   -0.109974 (VIOLATED)
fanout1243/Z                            0.200000    0.308395   -0.108395 (VIOLATED)
fanout1085/Z                            0.200000    0.307955   -0.107955 (VIOLATED)
fanout1195/Z                            0.200000    0.307809   -0.107809 (VIOLATED)
fanout748/Z                             0.200000    0.307689   -0.107689 (VIOLATED)
fanout1255/Z                            0.200000    0.306448   -0.106448 (VIOLATED)
fanout1075/Z                            0.200000    0.305817   -0.105817 (VIOLATED)
max_cap1092/Z                           0.200000    0.304664   -0.104664 (VIOLATED)
max_cap1318/Z                           0.200000    0.303492   -0.103492 (VIOLATED)
fanout1149/Z                            0.200000    0.303441   -0.103441 (VIOLATED)
fanout806/Z                             0.200000    0.303193   -0.103193 (VIOLATED)
fanout1245/Z                            0.200000    0.301465   -0.101465 (VIOLATED)
fanout1121/Z                            0.200000    0.300186   -0.100186 (VIOLATED)
fanout1323/Z                            0.200000    0.299836   -0.099836 (VIOLATED)
fanout884/Z                             0.200000    0.299694   -0.099694 (VIOLATED)
fanout1296/Z                            0.200000    0.297082   -0.097082 (VIOLATED)
fanout1106/Z                            0.200000    0.296260   -0.096260 (VIOLATED)
fanout1211/Z                            0.200000    0.295764   -0.095764 (VIOLATED)
max_cap1130/Z                           0.200000    0.294053   -0.094053 (VIOLATED)
fanout1197/Z                            0.200000    0.292879   -0.092879 (VIOLATED)
fanout1125/Z                            0.200000    0.292229   -0.092229 (VIOLATED)
fanout551/Z                             0.200000    0.292079   -0.092079 (VIOLATED)
fanout1277/Z                            0.200000    0.291984   -0.091984 (VIOLATED)
fanout1108/Z                            0.200000    0.291134   -0.091134 (VIOLATED)
fanout1185/Z                            0.200000    0.289950   -0.089950 (VIOLATED)
fanout1229/Z                            0.200000    0.289834   -0.089834 (VIOLATED)
fanout1112/Z                            0.200000    0.289714   -0.089714 (VIOLATED)
max_cap1119/Z                           0.200000    0.289504   -0.089504 (VIOLATED)
fanout1164/Z                            0.200000    0.289125   -0.089125 (VIOLATED)
fanout1191/Z                            0.200000    0.287817   -0.087817 (VIOLATED)
fanout1087/Z                            0.200000    0.287769   -0.087769 (VIOLATED)
fanout1269/Z                            0.200000    0.287514   -0.087514 (VIOLATED)
fanout1151/Z                            0.200000    0.286389   -0.086389 (VIOLATED)
fanout231/Z                             0.200000    0.284723   -0.084723 (VIOLATED)
fanout1263/Z                            0.200000    0.284686   -0.084686 (VIOLATED)
fanout1134/Z                            0.200000    0.284579   -0.084579 (VIOLATED)
fanout989/Z                             0.200000    0.283805   -0.083805 (VIOLATED)
fanout1097/Z                            0.200000    0.283598   -0.083598 (VIOLATED)
fanout1098/Z                            0.200000    0.283032   -0.083032 (VIOLATED)
fanout1084/Z                            0.200000    0.282285   -0.082285 (VIOLATED)
fanout1273/Z                            0.200000    0.281817   -0.081817 (VIOLATED)
fanout1256/Z                            0.200000    0.281549   -0.081549 (VIOLATED)
fanout1223/Z                            0.200000    0.281215   -0.081215 (VIOLATED)
fanout1462/Z                            0.200000    0.280918   -0.080918 (VIOLATED)
fanout1189/Z                            0.200000    0.280144   -0.080144 (VIOLATED)
fanout1344/Z                            0.200000    0.279946   -0.079946 (VIOLATED)
fanout972/Z                             0.200000    0.279406   -0.079406 (VIOLATED)
fanout1586/Z                            0.200000    0.278344   -0.078344 (VIOLATED)
fanout1297/Z                            0.200000    0.278266   -0.078266 (VIOLATED)
fanout1336/Z                            0.200000    0.277968   -0.077968 (VIOLATED)
fanout1275/Z                            0.200000    0.277152   -0.077152 (VIOLATED)
fanout697/Z                             0.200000    0.276878   -0.076878 (VIOLATED)
fanout1148/Z                            0.200000    0.276263   -0.076263 (VIOLATED)
fanout1320/Z                            0.200000    0.275637   -0.075637 (VIOLATED)
fanout1190/Z                            0.200000    0.274545   -0.074545 (VIOLATED)
fanout1265/Z                            0.200000    0.274351   -0.074351 (VIOLATED)
fanout1172/Z                            0.200000    0.273799   -0.073799 (VIOLATED)
fanout1330/Z                            0.200000    0.273515   -0.073515 (VIOLATED)
fanout1270/Z                            0.200000    0.273154   -0.073154 (VIOLATED)
_14974_/ZN                              0.200000    0.271973   -0.071973 (VIOLATED)
wire1209/Z                              0.200000    0.271673   -0.071673 (VIOLATED)
fanout76/Z                              0.200000    0.270900   -0.070900 (VIOLATED)
fanout1141/Z                            0.200000    0.270374   -0.070374 (VIOLATED)
fanout1203/Z                            0.200000    0.269096   -0.069096 (VIOLATED)
fanout823/Z                             0.200000    0.269082   -0.069082 (VIOLATED)
fanout1253/Z                            0.200000    0.268978   -0.068978 (VIOLATED)
fanout1227/Z                            0.200000    0.268950   -0.068950 (VIOLATED)
fanout1258/Z                            0.200000    0.268616   -0.068616 (VIOLATED)
fanout1247/Z                            0.200000    0.267894   -0.067894 (VIOLATED)
fanout1168/Z                            0.200000    0.267545   -0.067545 (VIOLATED)
fanout1170/Z                            0.200000    0.267182   -0.067182 (VIOLATED)
fanout1225/Z                            0.200000    0.266937   -0.066937 (VIOLATED)
fanout730/Z                             0.200000    0.266505   -0.066505 (VIOLATED)
fanout1071/Z                            0.200000    0.266183   -0.066184 (VIOLATED)
fanout1207/Z                            0.200000    0.266049   -0.066049 (VIOLATED)
fanout1127/Z                            0.200000    0.265755   -0.065755 (VIOLATED)
fanout1161/Z                            0.200000    0.265622   -0.065622 (VIOLATED)
fanout1157/Z                            0.200000    0.265248   -0.065248 (VIOLATED)
fanout1102/Z                            0.200000    0.264269   -0.064269 (VIOLATED)
fanout1182/Z                            0.200000    0.264023   -0.064023 (VIOLATED)
fanout739/Z                             0.200000    0.263949   -0.063949 (VIOLATED)
fanout1274/Z                            0.200000    0.263293   -0.063293 (VIOLATED)
fanout1342/Z                            0.200000    0.263269   -0.063269 (VIOLATED)
fanout1239/Z                            0.200000    0.263123   -0.063123 (VIOLATED)
fanout1459/Z                            0.200000    0.261920   -0.061920 (VIOLATED)
fanout575/Z                             0.200000    0.261693   -0.061693 (VIOLATED)
fanout1334/Z                            0.200000    0.261165   -0.061165 (VIOLATED)
fanout1180/Z                            0.200000    0.260238   -0.060238 (VIOLATED)
fanout1578/Z                            0.200000    0.260177   -0.060177 (VIOLATED)
fanout1300/Z                            0.200000    0.259696   -0.059696 (VIOLATED)
fanout1136/Z                            0.200000    0.259592   -0.059592 (VIOLATED)
fanout1147/Z                            0.200000    0.259386   -0.059386 (VIOLATED)
fanout1104/Z                            0.200000    0.258687   -0.058687 (VIOLATED)
fanout1201/Z                            0.200000    0.256541   -0.056541 (VIOLATED)
fanout1326/Z                            0.200000    0.255208   -0.055208 (VIOLATED)
fanout1094/Z                            0.200000    0.255061   -0.055061 (VIOLATED)
fanout1123/Z                            0.200000    0.254141   -0.054141 (VIOLATED)
max_cap1307/Z                           0.200000    0.253865   -0.053865 (VIOLATED)
fanout1304/Z                            0.200000    0.253515   -0.053515 (VIOLATED)
fanout705/Z                             0.200000    0.252903   -0.052903 (VIOLATED)
fanout1430/Z                            0.200000    0.252497   -0.052497 (VIOLATED)
fanout1234/Z                            0.200000    0.252478   -0.052478 (VIOLATED)
fanout1228/Z                            0.200000    0.252271   -0.052271 (VIOLATED)
fanout1418/Z                            0.200000    0.251252   -0.051252 (VIOLATED)
fanout1193/Z                            0.200000    0.251162   -0.051162 (VIOLATED)
fanout1138/Z                            0.200000    0.250737   -0.050737 (VIOLATED)
fanout1340/Z                            0.200000    0.250403   -0.050403 (VIOLATED)
fanout855/Z                             0.200000    0.250375   -0.050375 (VIOLATED)
fanout1322/Z                            0.200000    0.250275   -0.050275 (VIOLATED)
fanout1221/Z                            0.200000    0.249292   -0.049292 (VIOLATED)
fanout1249/Z                            0.200000    0.249088   -0.049088 (VIOLATED)
fanout1460/Z                            0.200000    0.249018   -0.049018 (VIOLATED)
fanout1205/Z                            0.200000    0.248678   -0.048678 (VIOLATED)
fanout1096/Z                            0.200000    0.248627   -0.048627 (VIOLATED)
fanout1478/Z                            0.200000    0.248575   -0.048575 (VIOLATED)
fanout1315/Z                            0.200000    0.248556   -0.048556 (VIOLATED)
fanout1346/Z                            0.200000    0.248085   -0.048085 (VIOLATED)
fanout1074/Z                            0.200000    0.248076   -0.048076 (VIOLATED)
fanout1144/Z                            0.200000    0.247452   -0.047452 (VIOLATED)
fanout1283/Z                            0.200000    0.247337   -0.047337 (VIOLATED)
fanout1252/Z                            0.200000    0.247007   -0.047007 (VIOLATED)
fanout1140/Z                            0.200000    0.246039   -0.046039 (VIOLATED)
fanout1114/Z                            0.200000    0.245713   -0.045713 (VIOLATED)
fanout1063/Z                            0.200000    0.245694   -0.045694 (VIOLATED)
fanout1089/Z                            0.200000    0.244491   -0.044491 (VIOLATED)
fanout1116/Z                            0.200000    0.244381   -0.044381 (VIOLATED)
_18543_/Z                               0.200000    0.244153   -0.044153 (VIOLATED)
fanout1124/Z                            0.200000    0.243956   -0.043956 (VIOLATED)
_13222_/ZN                              0.200000    0.243637   -0.043637 (VIOLATED)
fanout1714/Z                            0.200000    0.243452   -0.043452 (VIOLATED)
fanout1313/Z                            0.200000    0.243279   -0.043279 (VIOLATED)
fanout1220/Z                            0.200000    0.243245   -0.043245 (VIOLATED)
fanout1100/Z                            0.200000    0.243215   -0.043215 (VIOLATED)
_18883_/ZN                              0.200000    0.242959   -0.042959 (VIOLATED)
fanout1213/Z                            0.200000    0.241894   -0.041894 (VIOLATED)
fanout1187/Z                            0.200000    0.241182   -0.041182 (VIOLATED)
fanout1699/Z                            0.200000    0.240846   -0.040846 (VIOLATED)
fanout1145/Z                            0.200000    0.240801   -0.040801 (VIOLATED)
fanout1254/Z                            0.200000    0.240762   -0.040762 (VIOLATED)
fanout1216/Z                            0.200000    0.240713   -0.040713 (VIOLATED)
fanout1115/Z                            0.200000    0.240667   -0.040667 (VIOLATED)
fanout1088/Z                            0.200000    0.240193   -0.040193 (VIOLATED)
fanout1152/Z                            0.200000    0.240171   -0.040171 (VIOLATED)
fanout1302/Z                            0.200000    0.239486   -0.039486 (VIOLATED)
fanout938/Z                             0.200000    0.239090   -0.039090 (VIOLATED)
fanout1241/Z                            0.200000    0.238937   -0.038937 (VIOLATED)
fanout851/Z                             0.200000    0.238882   -0.038882 (VIOLATED)
fanout1350/Z                            0.200000    0.238619   -0.038619 (VIOLATED)
fanout1126/Z                            0.200000    0.238199   -0.038199 (VIOLATED)
fanout1338/Z                            0.200000    0.237631   -0.037631 (VIOLATED)
_15875_/ZN                              0.200000    0.237571   -0.037571 (VIOLATED)
fanout641/Z                             0.200000    0.237040   -0.037040 (VIOLATED)
fanout271/Z                             0.200000    0.237034   -0.037034 (VIOLATED)
fanout1484/Z                            0.200000    0.236624   -0.036624 (VIOLATED)
fanout1295/Z                            0.200000    0.236339   -0.036339 (VIOLATED)
fanout1162/Z                            0.200000    0.236193   -0.036193 (VIOLATED)
fanout883/Z                             0.200000    0.236160   -0.036160 (VIOLATED)
fanout1132/Z                            0.200000    0.235610   -0.035610 (VIOLATED)
fanout1309/Z                            0.200000    0.235266   -0.035266 (VIOLATED)
fanout1324/Z                            0.200000    0.234274   -0.034274 (VIOLATED)
fanout1153/Z                            0.200000    0.234136   -0.034136 (VIOLATED)
fanout744/Z                             0.200000    0.233530   -0.033530 (VIOLATED)
fanout280/Z                             0.200000    0.233032   -0.033032 (VIOLATED)
fanout863/Z                             0.200000    0.232918   -0.032918 (VIOLATED)
fanout1486/Z                            0.200000    0.232763   -0.032763 (VIOLATED)
fanout1417/Z                            0.200000    0.232537   -0.032537 (VIOLATED)
fanout1212/Z                            0.200000    0.231261   -0.031261 (VIOLATED)
fanout1069/Z                            0.200000    0.231105   -0.031105 (VIOLATED)
_13339_/ZN                              0.200000    0.229709   -0.029709 (VIOLATED)
fanout1712/Z                            0.200000    0.228742   -0.028742 (VIOLATED)
fanout1325/Z                            0.200000    0.228165   -0.028165 (VIOLATED)
fanout1073/Z                            0.200000    0.227945   -0.027945 (VIOLATED)
fanout904/Z                             0.200000    0.227875   -0.027875 (VIOLATED)
fanout990/Z                             0.200000    0.227658   -0.027658 (VIOLATED)
_12843_/ZN                              0.200000    0.227267   -0.027267 (VIOLATED)
fanout1272/Z                            0.200000    0.227265   -0.027265 (VIOLATED)
_15802_/ZN                              0.200000    0.226759   -0.026759 (VIOLATED)
fanout1271/Z                            0.200000    0.226729   -0.026729 (VIOLATED)
fanout1086/Z                            0.200000    0.226403   -0.026403 (VIOLATED)
fanout1319/Z                            0.200000    0.225963   -0.025963 (VIOLATED)
_13188_/ZN                              0.200000    0.225780   -0.025780 (VIOLATED)
fanout881/Z                             0.200000    0.225434   -0.025434 (VIOLATED)
max_cap1299/Z                           0.200000    0.225097   -0.025097 (VIOLATED)
fanout1202/Z                            0.200000    0.224949   -0.024949 (VIOLATED)
_14972_/Z                               0.200000    0.224769   -0.024769 (VIOLATED)
fanout1352/Z                            0.200000    0.224376   -0.024376 (VIOLATED)
fanout1314/Z                            0.200000    0.224374   -0.024374 (VIOLATED)
fanout1235/Z                            0.200000    0.224141   -0.024141 (VIOLATED)
fanout1111/Z                            0.200000    0.223363   -0.023363 (VIOLATED)
fanout1717/Z                            0.200000    0.223205   -0.023205 (VIOLATED)
fanout1200/Z                            0.200000    0.223115   -0.023115 (VIOLATED)
fanout1174/Z                            0.200000    0.222855   -0.022855 (VIOLATED)
fanout1166/Z                            0.200000    0.222052   -0.022052 (VIOLATED)
_13377_/Z                               0.200000    0.221630   -0.021630 (VIOLATED)
fanout1499/Z                            0.200000    0.220410   -0.020410 (VIOLATED)
fanout1573/Z                            0.200000    0.219447   -0.019447 (VIOLATED)
fanout136/Z                             0.200000    0.219287   -0.019287 (VIOLATED)
fanout840/Z                             0.200000    0.218532   -0.018532 (VIOLATED)
fanout558/Z                             0.200000    0.217966   -0.017966 (VIOLATED)
fanout256/Z                             0.200000    0.217927   -0.017927 (VIOLATED)
clkbuf_6_33_0_clk/Z                     0.200000    0.217649   -0.017649 (VIOLATED)
fanout849/Z                             0.200000    0.217546   -0.017546 (VIOLATED)
fanout1720/Z                            0.200000    0.217247   -0.017247 (VIOLATED)
fanout1693/Z                            0.200000    0.216648   -0.016648 (VIOLATED)
fanout115/Z                             0.200000    0.216148   -0.016148 (VIOLATED)
fanout1165/Z                            0.200000    0.216140   -0.016140 (VIOLATED)
fanout755/Z                             0.200000    0.215995   -0.015995 (VIOLATED)
clkbuf_6_39_0_clk/Z                     0.200000    0.215800   -0.015800 (VIOLATED)
fanout23/Z                              0.200000    0.215252   -0.015252 (VIOLATED)
fanout1292/Z                            0.200000    0.215175   -0.015175 (VIOLATED)
fanout936/Z                             0.200000    0.214940   -0.014940 (VIOLATED)
fanout1476/Z                            0.200000    0.214623   -0.014623 (VIOLATED)
fanout1251/Z                            0.200000    0.214349   -0.014349 (VIOLATED)
fanout1259/Z                            0.200000    0.214282   -0.014282 (VIOLATED)
fanout1592/Z                            0.200000    0.214178   -0.014178 (VIOLATED)
fanout208/Z                             0.200000    0.214120   -0.014120 (VIOLATED)
_15844_/ZN                              0.200000    0.213996   -0.013996 (VIOLATED)
_15834_/ZN                              0.200000    0.213709   -0.013709 (VIOLATED)
clkbuf_6_36_0_clk/Z                     0.200000    0.213473   -0.013473 (VIOLATED)
fanout1590/Z                            0.200000    0.213403   -0.013403 (VIOLATED)
fanout171/Z                             0.200000    0.212666   -0.012666 (VIOLATED)
_15878_/ZN                              0.200000    0.212386   -0.012386 (VIOLATED)
clkbuf_6_48_0_clk/Z                     0.200000    0.212236   -0.012236 (VIOLATED)
_20966_/ZN                              0.200000    0.212140   -0.012140 (VIOLATED)
fanout783/Z                             0.200000    0.212012   -0.012012 (VIOLATED)
fanout206/Z                             0.200000    0.211560   -0.011560 (VIOLATED)
fanout1068/Z                            0.200000    0.211389   -0.011389 (VIOLATED)
max_cap1083/Z                           0.200000    0.210719   -0.010719 (VIOLATED)
fanout1214/Z                            0.200000    0.210647   -0.010647 (VIOLATED)
fanout1495/Z                            0.200000    0.210442   -0.010442 (VIOLATED)
fanout826/Z                             0.200000    0.210289   -0.010289 (VIOLATED)
fanout1577/Z                            0.200000    0.209948   -0.009948 (VIOLATED)
fanout1429/Z                            0.200000    0.209859   -0.009859 (VIOLATED)
clkbuf_6_37_0_clk/Z                     0.200000    0.209762   -0.009762 (VIOLATED)
fanout1199/Z                            0.200000    0.209636   -0.009636 (VIOLATED)
fanout264/Z                             0.200000    0.209617   -0.009617 (VIOLATED)
fanout1150/Z                            0.200000    0.209016   -0.009016 (VIOLATED)
fanout854/Z                             0.200000    0.208789   -0.008789 (VIOLATED)
fanout193/Z                             0.200000    0.208495   -0.008495 (VIOLATED)
fanout1584/Z                            0.200000    0.208400   -0.008400 (VIOLATED)
fanout67/Z                              0.200000    0.207972   -0.007972 (VIOLATED)
fanout1067/Z                            0.200000    0.207739   -0.007739 (VIOLATED)
fanout124/Z                             0.200000    0.207631   -0.007631 (VIOLATED)
fanout797/Z                             0.200000    0.207380   -0.007380 (VIOLATED)
_12849_/Z                               0.200000    0.206701   -0.006701 (VIOLATED)
_15861_/ZN                              0.200000    0.206628   -0.006628 (VIOLATED)
clkbuf_6_38_0_clk/Z                     0.200000    0.206622   -0.006622 (VIOLATED)
max_cap1078/Z                           0.200000    0.206402   -0.006402 (VIOLATED)
fanout649/Z                             0.200000    0.206276   -0.006276 (VIOLATED)
fanout830/Z                             0.200000    0.205712   -0.005712 (VIOLATED)
fanout620/Z                             0.200000    0.205599   -0.005599 (VIOLATED)
fanout1133/Z                            0.200000    0.205542   -0.005542 (VIOLATED)
_15798_/ZN                              0.200000    0.205462   -0.005462 (VIOLATED)
fanout1349/Z                            0.200000    0.205287   -0.005287 (VIOLATED)
clkbuf_6_45_0_clk/Z                     0.200000    0.204881   -0.004881 (VIOLATED)
fanout1095/Z                            0.200000    0.204607   -0.004607 (VIOLATED)
fanout963/Z                             0.200000    0.204137   -0.004137 (VIOLATED)
fanout1257/Z                            0.200000    0.203969   -0.003969 (VIOLATED)
fanout163/Z                             0.200000    0.203619   -0.003619 (VIOLATED)
fanout1311/Z                            0.200000    0.203607   -0.003607 (VIOLATED)
fanout1715/Z                            0.200000    0.203011   -0.003011 (VIOLATED)
fanout839/Z                             0.200000    0.202949   -0.002949 (VIOLATED)
fanout143/Z                             0.200000    0.202707   -0.002707 (VIOLATED)
fanout1188/Z                            0.200000    0.202666   -0.002666 (VIOLATED)
_17802_/Z                               0.128300    0.130928   -0.002628 (VIOLATED)
fanout1268/Z                            0.200000    0.202178   -0.002178 (VIOLATED)
fanout926/Z                             0.200000    0.202082   -0.002082 (VIOLATED)
fanout816/Z                             0.200000    0.201741   -0.001741 (VIOLATED)
fanout977/Z                             0.200000    0.201410   -0.001410 (VIOLATED)
fanout942/Z                             0.200000    0.201287   -0.001287 (VIOLATED)
fanout974/Z                             0.200000    0.200852   -0.000852 (VIOLATED)
fanout561/Z                             0.200000    0.200667   -0.000667 (VIOLATED)
fanout780/Z                             0.200000    0.200659   -0.000659 (VIOLATED)
fanout902/Z                             0.200000    0.200529   -0.000529 (VIOLATED)
fanout722/Z                             0.200000    0.200016   -0.000016 (VIOLATED)



===========================================================================
report_parasitic_annotation -report_unannotated
============================================================================
Found 492 unannotated drivers.
 clkload0/ZN
 clkload1/ZN
 clkload10/Z
 clkload100/ZN
 clkload101/ZN
 clkload102/Z
 clkload103/ZN
 clkload104/ZN
 clkload105/ZN
 clkload106/ZN
 clkload107/ZN
 clkload108/ZN
 clkload109/ZN
 clkload11/ZN
 clkload110/ZN
 clkload111/ZN
 clkload112/ZN
 clkload113/ZN
 clkload114/ZN
 clkload115/ZN
 clkload116/ZN
 clkload117/ZN
 clkload118/Z
 clkload119/Z
 clkload12/ZN
 clkload120/Z
 clkload121/Z
 clkload122/ZN
 clkload123/ZN
 clkload124/Z
 clkload125/Z
 clkload126/ZN
 clkload127/Z
 clkload128/Z
 clkload129/Z
 clkload13/ZN
 clkload130/ZN
 clkload131/ZN
 clkload132/ZN
 clkload133/ZN
 clkload134/Z
 clkload135/ZN
 clkload136/ZN
 clkload137/ZN
 clkload138/ZN
 clkload139/ZN
 clkload14/ZN
 clkload140/ZN
 clkload141/Z
 clkload142/Z
 clkload143/ZN
 clkload144/ZN
 clkload145/ZN
 clkload146/Z
 clkload147/ZN
 clkload148/ZN
 clkload149/Z
 clkload15/ZN
 clkload150/Z
 clkload151/ZN
 clkload152/Z
 clkload153/ZN
 clkload154/ZN
 clkload155/ZN
 clkload156/ZN
 clkload157/ZN
 clkload158/Z
 clkload159/Z
 clkload16/ZN
 clkload160/Z
 clkload161/Z
 clkload162/Z
 clkload163/Z
 clkload164/Z
 clkload165/Z
 clkload166/Z
 clkload167/Z
 clkload168/ZN
 clkload169/Z
 clkload17/ZN
 clkload170/Z
 clkload171/Z
 clkload172/Z
 clkload173/Z
 clkload174/Z
 clkload175/Z
 clkload176/ZN
 clkload177/ZN
 clkload178/ZN
 clkload179/ZN
 clkload18/ZN
 clkload180/ZN
 clkload181/Z
 clkload182/Z
 clkload183/Z
 clkload184/Z
 clkload185/Z
 clkload186/Z
 clkload187/Z
 clkload188/Z
 clkload189/Z
 clkload19/ZN
 clkload190/Z
 clkload191/ZN
 clkload192/ZN
 clkload193/ZN
 clkload194/ZN
 clkload195/Z
 clkload196/ZN
 clkload197/ZN
 clkload198/ZN
 clkload199/ZN
 clkload2/ZN
 clkload20/ZN
 clkload200/ZN
 clkload201/ZN
 clkload202/ZN
 clkload203/ZN
 clkload204/ZN
 clkload205/ZN
 clkload206/ZN
 clkload207/ZN
 clkload208/Z
 clkload209/Z
 clkload21/ZN
 clkload210/Z
 clkload211/Z
 clkload212/ZN
 clkload213/ZN
 clkload214/ZN
 clkload215/ZN
 clkload216/Z
 clkload217/ZN
 clkload218/Z
 clkload219/Z
 clkload22/ZN
 clkload220/ZN
 clkload221/Z
 clkload222/Z
 clkload223/Z
 clkload224/Z
 clkload225/Z
 clkload226/Z
 clkload227/Z
 clkload228/ZN
 clkload229/ZN
 clkload23/ZN
 clkload230/Z
 clkload231/Z
 clkload232/ZN
 clkload233/Z
 clkload234/ZN
 clkload235/Z
 clkload236/ZN
 clkload237/ZN
 clkload238/Z
 clkload239/ZN
 clkload24/ZN
 clkload240/ZN
 clkload241/ZN
 clkload242/ZN
 clkload243/Z
 clkload244/Z
 clkload245/Z
 clkload246/Z
 clkload247/Z
 clkload248/Z
 clkload249/ZN
 clkload25/Z
 clkload250/ZN
 clkload251/ZN
 clkload252/ZN
 clkload253/Z
 clkload254/Z
 clkload255/ZN
 clkload256/ZN
 clkload257/ZN
 clkload258/ZN
 clkload259/ZN
 clkload26/ZN
 clkload260/Z
 clkload261/Z
 clkload262/ZN
 clkload263/ZN
 clkload264/Z
 clkload265/Z
 clkload266/ZN
 clkload267/ZN
 clkload268/ZN
 clkload269/Z
 clkload27/ZN
 clkload270/ZN
 clkload271/ZN
 clkload272/ZN
 clkload273/ZN
 clkload274/Z
 clkload275/ZN
 clkload276/ZN
 clkload277/Z
 clkload278/Z
 clkload279/ZN
 clkload28/ZN
 clkload280/ZN
 clkload281/ZN
 clkload282/ZN
 clkload283/Z
 clkload284/ZN
 clkload285/ZN
 clkload286/Z
 clkload287/ZN
 clkload288/ZN
 clkload289/ZN
 clkload29/ZN
 clkload290/Z
 clkload291/Z
 clkload292/Z
 clkload293/Z
 clkload294/Z
 clkload295/ZN
 clkload296/Z
 clkload297/ZN
 clkload298/Z
 clkload299/Z
 clkload3/ZN
 clkload30/ZN
 clkload300/Z
 clkload301/Z
 clkload302/ZN
 clkload303/ZN
 clkload304/Z
 clkload305/Z
 clkload306/Z
 clkload307/Z
 clkload308/ZN
 clkload309/Z
 clkload31/ZN
 clkload310/Z
 clkload311/Z
 clkload312/Z
 clkload313/ZN
 clkload314/ZN
 clkload315/Z
 clkload316/ZN
 clkload317/Z
 clkload318/Z
 clkload319/Z
 clkload32/ZN
 clkload320/ZN
 clkload321/ZN
 clkload322/ZN
 clkload323/Z
 clkload324/ZN
 clkload325/ZN
 clkload326/ZN
 clkload327/ZN
 clkload328/Z
 clkload329/ZN
 clkload33/ZN
 clkload330/ZN
 clkload331/ZN
 clkload332/ZN
 clkload333/ZN
 clkload334/ZN
 clkload335/ZN
 clkload336/Z
 clkload337/Z
 clkload338/ZN
 clkload339/ZN
 clkload34/ZN
 clkload340/ZN
 clkload341/Z
 clkload342/ZN
 clkload343/ZN
 clkload344/Z
 clkload345/Z
 clkload346/Z
 clkload347/Z
 clkload348/Z
 clkload349/ZN
 clkload35/ZN
 clkload350/Z
 clkload351/ZN
 clkload352/Z
 clkload353/ZN
 clkload354/Z
 clkload355/Z
 clkload356/Z
 clkload357/ZN
 clkload358/Z
 clkload359/Z
 clkload36/ZN
 clkload360/ZN
 clkload361/ZN
 clkload362/ZN
 clkload363/ZN
 clkload364/ZN
 clkload365/ZN
 clkload366/Z
 clkload367/ZN
 clkload368/ZN
 clkload369/ZN
 clkload37/ZN
 clkload370/Z
 clkload371/ZN
 clkload372/ZN
 clkload373/ZN
 clkload374/Z
 clkload375/ZN
 clkload376/ZN
 clkload377/ZN
 clkload378/ZN
 clkload379/ZN
 clkload38/ZN
 clkload380/ZN
 clkload381/ZN
 clkload382/ZN
 clkload383/ZN
 clkload384/ZN
 clkload385/ZN
 clkload386/ZN
 clkload387/ZN
 clkload388/Z
 clkload389/ZN
 clkload39/ZN
 clkload390/ZN
 clkload391/ZN
 clkload392/Z
 clkload393/ZN
 clkload394/ZN
 clkload395/ZN
 clkload396/ZN
 clkload397/Z
 clkload398/ZN
 clkload399/ZN
 clkload4/ZN
 clkload40/ZN
 clkload400/ZN
 clkload401/ZN
 clkload402/ZN
 clkload403/ZN
 clkload404/ZN
 clkload405/ZN
 clkload406/ZN
 clkload407/Z
 clkload408/Z
 clkload409/Z
 clkload41/ZN
 clkload410/ZN
 clkload411/ZN
 clkload412/Z
 clkload413/Z
 clkload414/ZN
 clkload415/Z
 clkload416/Z
 clkload417/ZN
 clkload418/ZN
 clkload419/ZN
 clkload42/ZN
 clkload420/ZN
 clkload421/Z
 clkload422/Z
 clkload423/ZN
 clkload424/ZN
 clkload425/ZN
 clkload426/Z
 clkload427/ZN
 clkload428/ZN
 clkload429/ZN
 clkload43/ZN
 clkload430/Z
 clkload431/ZN
 clkload432/Z
 clkload433/ZN
 clkload434/ZN
 clkload435/ZN
 clkload436/Z
 clkload437/Z
 clkload438/Z
 clkload439/Z
 clkload44/ZN
 clkload440/ZN
 clkload441/ZN
 clkload442/Z
 clkload443/Z
 clkload444/Z
 clkload445/Z
 clkload446/ZN
 clkload447/ZN
 clkload448/Z
 clkload449/ZN
 clkload45/ZN
 clkload450/ZN
 clkload451/ZN
 clkload452/ZN
 clkload453/ZN
 clkload454/ZN
 clkload455/Z
 clkload456/ZN
 clkload457/ZN
 clkload458/ZN
 clkload459/ZN
 clkload46/ZN
 clkload460/ZN
 clkload461/ZN
 clkload462/ZN
 clkload463/ZN
 clkload464/ZN
 clkload465/Z
 clkload466/ZN
 clkload467/Z
 clkload468/Z
 clkload469/ZN
 clkload47/ZN
 clkload470/ZN
 clkload471/ZN
 clkload472/ZN
 clkload473/ZN
 clkload474/ZN
 clkload475/ZN
 clkload476/ZN
 clkload477/ZN
 clkload478/ZN
 clkload479/Z
 clkload48/ZN
 clkload480/Z
 clkload481/Z
 clkload482/Z
 clkload483/ZN
 clkload484/ZN
 clkload485/ZN
 clkload486/ZN
 clkload487/ZN
 clkload488/ZN
 clkload489/ZN
 clkload49/ZN
 clkload490/ZN
 clkload491/ZN
 clkload5/ZN
 clkload50/ZN
 clkload51/ZN
 clkload52/Z
 clkload53/Z
 clkload54/Z
 clkload55/ZN
 clkload56/ZN
 clkload57/ZN
 clkload58/ZN
 clkload59/ZN
 clkload6/Z
 clkload60/ZN
 clkload61/ZN
 clkload62/Z
 clkload63/ZN
 clkload64/ZN
 clkload65/Z
 clkload66/Z
 clkload67/ZN
 clkload68/ZN
 clkload69/ZN
 clkload7/ZN
 clkload70/ZN
 clkload71/ZN
 clkload72/ZN
 clkload73/ZN
 clkload74/Z
 clkload75/ZN
 clkload76/ZN
 clkload77/ZN
 clkload78/Z
 clkload79/Z
 clkload8/ZN
 clkload80/ZN
 clkload81/ZN
 clkload82/ZN
 clkload83/ZN
 clkload84/ZN
 clkload85/Z
 clkload86/ZN
 clkload87/ZN
 clkload88/Z
 clkload89/Z
 clkload9/ZN
 clkload90/ZN
 clkload91/ZN
 clkload92/ZN
 clkload93/ZN
 clkload94/ZN
 clkload95/ZN
 clkload96/ZN
 clkload97/Z
 clkload98/Z
 clkload99/ZN
Found 0 partially unannotated drivers.

===========================================================================
max slew violation count 6
max fanout violation count 27
max cap violation count 296
============================================================================

===========================================================================
check_setup -verbose -unconstrained_endpoints -multiple_clock -no_clock -no_input_delay -loops -generated_clocks
===========================================================================
