Clock: clk
Sources: clk 
Generated: no
Virtual: yes
Propagated: no
Period: 20.000000

===========================================================================
report_clock_properties
============================================================================
Clock                   Period          Waveform
----------------------------------------------------
clk                  20.000000    0.000000 10.000000

===========================================================================
report_clock_latency
============================================================================
Clock clk
rise -> rise
    min     max
0.000000 0.000000 source latency
2.120075         network latency _25435_/CLK
        2.555640 network latency _25970_/CLK
---------------
2.120075 2.555640 latency
        0.435565 skew

fall -> fall
    min     max
0.000000 0.000000 source latency
2.153664         network latency _25435_/CLK
        2.645672 network latency _25970_/CLK
---------------
2.153664 2.645672 latency
        0.492008 skew



===========================================================================
report_clock_min_period
============================================================================
clk period_min = 15.13 fmax = 66.10
