Reading OpenROAD database at '/foss/designs/ascon_top_layout/runs/RUN_2026-08-21_17-20-50/20-openroad-generatepdn/ascon_top.odb'…
Reading library file at '/foss/pdks/gf180mcuD/libs.ref/gf180mcu_fd_sc_mcu7t5v0/lib/gf180mcu_fd_sc_mcu7t5v0__tt_025C_5v00.lib'…
Reading design constraints file at '/usr/local/lib/python3.12/dist-packages/openlane/scripts/base.sdc'…
[INFO] Using clock clk…
[INFO] Setting output delay to: 4.0
[INFO] Setting input delay to: 4.0
[INFO] Setting load to: 0.07291
[INFO] Setting clock uncertainty to: 0.25
[INFO] Setting clock transition to: 0.1499999999999999944488848768742172978818416595458984375
[INFO] Setting timing derate to: 5%
+ global_placement -density 0.632378 -skip_io -pad_right 0 -pad_left 0 -init_wirelength_coef 0.25
[INFO GPL-0002] DBU: 2000
[INFO GPL-0003] SiteSize: (  0.560  3.920 ) um
[INFO GPL-0004] CoreBBox: (  6.720 15.680 ) ( 910.000 917.280 ) um
[INFO GPL-0006] NumInstances:             20698
[INFO GPL-0007] NumPlaceInstances:        15360
[INFO GPL-0008] NumFixedInstances:         5338
[INFO GPL-0009] NumDummyInstances:            0
[INFO GPL-0010] NumNets:                  15365
[INFO GPL-0011] NumPins:                  55987
[INFO GPL-0012] DieBBox:  (  0.000  0.000 ) ( 916.890 934.810 ) um
[INFO GPL-0013] CoreBBox: (  6.720 15.680 ) ( 910.000 917.280 ) um
[INFO GPL-0016] CoreArea:            814397.248 um^2
[INFO GPL-0017] NonPlaceInstsArea:    23435.955 um^2
[INFO GPL-0018] PlaceInstsArea:      408111.827 um^2
[INFO GPL-0019] Util:                    51.597 %
[INFO GPL-0020] StdInstsArea:        408111.827 um^2
[INFO GPL-0021] MacroInstsArea:           0.000 um^2
[INFO GPL-0031] FillerInit:NumGCells:     19058
[INFO GPL-0032] FillerInit:NumGNets:      15365
[INFO GPL-0033] FillerInit:NumGPins:      55987
[INFO GPL-0023] TargetDensity:            0.632
[INFO GPL-0024] AvrgPlaceInstArea:       26.570 um^2
[INFO GPL-0025] IdealBinArea:            42.016 um^2
[INFO GPL-0026] IdealBinCnt:              19383
[INFO GPL-0027] TotalBinArea:        814397.248 um^2
[INFO GPL-0028] BinCnt:       128    128
[INFO GPL-0029] BinSize: (  7.057  7.044 )
[INFO GPL-0030] NumBins: 16384
[NesterovSolve] Iter:    1 overflow: 0.999 HPWL: 121074045
[NesterovSolve] Iter:   10 overflow: 0.999 HPWL: 92381965
[NesterovSolve] Iter:   20 overflow: 0.999 HPWL: 91527582
[NesterovSolve] Iter:   30 overflow: 0.999 HPWL: 91231362
[NesterovSolve] Iter:   40 overflow: 0.998 HPWL: 91109277
[NesterovSolve] Iter:   50 overflow: 0.998 HPWL: 91065056
[NesterovSolve] Iter:   60 overflow: 0.998 HPWL: 91083139
[NesterovSolve] Iter:   70 overflow: 0.998 HPWL: 91130507
[NesterovSolve] Iter:   80 overflow: 0.998 HPWL: 91229618
[NesterovSolve] Iter:   90 overflow: 0.998 HPWL: 91463707
[NesterovSolve] Iter:  100 overflow: 0.998 HPWL: 92128944
[NesterovSolve] Iter:  110 overflow: 0.998 HPWL: 93833871
[NesterovSolve] Iter:  120 overflow: 0.997 HPWL: 97354097
[NesterovSolve] Iter:  130 overflow: 0.997 HPWL: 102455947
[NesterovSolve] Iter:  140 overflow: 0.995 HPWL: 111188217
[NesterovSolve] Iter:  150 overflow: 0.992 HPWL: 133748495
[NesterovSolve] Iter:  160 overflow: 0.987 HPWL: 172905864
[NesterovSolve] Iter:  170 overflow: 0.981 HPWL: 210492781
[NesterovSolve] Iter:  180 overflow: 0.975 HPWL: 240760116
[NesterovSolve] Iter:  190 overflow: 0.966 HPWL: 278671308
[NesterovSolve] Iter:  200 overflow: 0.953 HPWL: 324867614
[NesterovSolve] Iter:  210 overflow: 0.936 HPWL: 374370362
[NesterovSolve] Iter:  220 overflow: 0.914 HPWL: 430606737
[NesterovSolve] Iter:  230 overflow: 0.887 HPWL: 492806693
[NesterovSolve] Iter:  240 overflow: 0.856 HPWL: 561382070
[NesterovSolve] Iter:  250 overflow: 0.819 HPWL: 627859634
[NesterovSolve] Iter:  260 overflow: 0.777 HPWL: 685750939
[NesterovSolve] Iter:  270 overflow: 0.730 HPWL: 753463340
[NesterovSolve] Iter:  280 overflow: 0.678 HPWL: 842924332
[NesterovSolve] Iter:  290 overflow: 0.624 HPWL: 911750997
[NesterovSolve] Iter:  300 overflow: 0.568 HPWL: 982073775
[NesterovSolve] Iter:  310 overflow: 0.516 HPWL: 1040204658
[NesterovSolve] Iter:  320 overflow: 0.469 HPWL: 1079000848
[NesterovSolve] Iter:  330 overflow: 0.426 HPWL: 1101921869
[NesterovSolve] Iter:  340 overflow: 0.383 HPWL: 1118009242
[NesterovSolve] Iter:  350 overflow: 0.347 HPWL: 1127482607
[NesterovSolve] Iter:  360 overflow: 0.316 HPWL: 1130550865
[NesterovSolve] Iter:  370 overflow: 0.285 HPWL: 1130124151
[NesterovSolve] Iter:  380 overflow: 0.258 HPWL: 1131000295
[NesterovSolve] Iter:  390 overflow: 0.231 HPWL: 1131993801
[NesterovSolve] Iter:  400 overflow: 0.207 HPWL: 1133654999
[NesterovSolve] Iter:  410 overflow: 0.180 HPWL: 1135133971
[NesterovSolve] Iter:  420 overflow: 0.158 HPWL: 1136912868
[NesterovSolve] Iter:  430 overflow: 0.137 HPWL: 1138864274
[NesterovSolve] Iter:  440 overflow: 0.119 HPWL: 1140627337
[NesterovSolve] Iter:  450 overflow: 0.103 HPWL: 1142917894
[NesterovSolve] Finished with Overflow: 0.099347
[INFO] Setting RC values…
Setting global connections for newly added cells…
[INFO] Setting global connections...
Updating metrics…
Cell type report:                       Count       Area
  Endcap cell                             460    2019.58
  Tap cell                               5338   23435.96
  Inverter                               1144   10045.24
  Sequential cell                        2806  186973.96
  Multi-Input combinational cell        11410  211092.63
  Total                                 21158  433567.37
Writing OpenROAD database to '/foss/designs/ascon_top_layout/runs/RUN_2026-08-21_17-20-50/23-openroad-globalplacementskipio/ascon_top.odb'…
Writing netlist to '/foss/designs/ascon_top_layout/runs/RUN_2026-08-21_17-20-50/23-openroad-globalplacementskipio/ascon_top.nl.v'…
Writing powered netlist to '/foss/designs/ascon_top_layout/runs/RUN_2026-08-21_17-20-50/23-openroad-globalplacementskipio/ascon_top.pnl.v'…
Writing layout to '/foss/designs/ascon_top_layout/runs/RUN_2026-08-21_17-20-50/23-openroad-globalplacementskipio/ascon_top.def'…
Writing timing constraints to '/foss/designs/ascon_top_layout/runs/RUN_2026-08-21_17-20-50/23-openroad-globalplacementskipio/ascon_top.sdc'…
