
===========================================================================
report_checks -unconstrained
===========================================================================
======================= nom_ff_n40C_5v50 Corner ===================================

Startpoint: rst (input port clocked by clk)
Endpoint: _25162_ (recovery check against rising-edge clock clk)
Path Group: asynchronous
Path Type: max

Fanout         Cap        Slew       Delay        Time   Description
---------------------------------------------------------------------------------------------
                                  0.000000    0.000000   clock clk (rise edge)
                                  0.000000    0.000000   clock network delay (propagated)
                                  4.000000    4.000000 v input external delay
     1    0.004376    0.044952    0.018025    4.018025 v rst (in)
                                                         rst (net)
                      0.044952    0.000000    4.018025 v input3/I (gf180mcu_fd_sc_mcu7t5v0__clkbuf_1)
     1    0.010766    0.134219    0.162900    4.180925 v input3/Z (gf180mcu_fd_sc_mcu7t5v0__clkbuf_1)
                                                         net3 (net)
                      0.134219    0.000300    4.181225 v fanout1875/I (gf180mcu_fd_sc_mcu7t5v0__clkbuf_4)
     6    0.177139    0.488252    0.443678    4.624904 v fanout1875/Z (gf180mcu_fd_sc_mcu7t5v0__clkbuf_4)
                                                         net1875 (net)
                      0.488681    0.008285    4.633189 v fanout1820/I (gf180mcu_fd_sc_mcu7t5v0__buf_2)
     5    0.115664    0.387594    0.474330    5.107519 v fanout1820/Z (gf180mcu_fd_sc_mcu7t5v0__buf_2)
                                                         net1820 (net)
                      0.387771    0.004742    5.112261 v fanout1819/I (gf180mcu_fd_sc_mcu7t5v0__buf_2)
     5    0.097234    0.329023    0.412407    5.524668 v fanout1819/Z (gf180mcu_fd_sc_mcu7t5v0__buf_2)
                                                         net1819 (net)
                      0.329062    0.002064    5.526731 v fanout1814/I (gf180mcu_fd_sc_mcu7t5v0__clkbuf_3)
    10    0.093802    0.270610    0.358793    5.885524 v fanout1814/Z (gf180mcu_fd_sc_mcu7t5v0__clkbuf_3)
                                                         net1814 (net)
                      0.270615    0.000698    5.886222 v fanout1813/I (gf180mcu_fd_sc_mcu7t5v0__clkbuf_3)
    10    0.092676    0.267751    0.344639    6.230860 v fanout1813/Z (gf180mcu_fd_sc_mcu7t5v0__clkbuf_3)
                                                         net1813 (net)
                      0.267840    0.002757    6.233618 v fanout1812/I (gf180mcu_fd_sc_mcu7t5v0__buf_2)
    10    0.073267    0.253197    0.332859    6.566477 v fanout1812/Z (gf180mcu_fd_sc_mcu7t5v0__buf_2)
                                                         net1812 (net)
                      0.253217    0.001285    6.567762 v _24404_/I (gf180mcu_fd_sc_mcu7t5v0__clkinv_1)
     1    0.009138    0.158004    0.141204    6.708966 ^ _24404_/ZN (gf180mcu_fd_sc_mcu7t5v0__clkinv_1)
                                                         _00445_ (net)
                      0.158004    0.000189    6.709156 ^ _25162_/RN (gf180mcu_fd_sc_mcu7t5v0__dffrnq_1)
                                              6.709156   data arrival time

                                 20.000000   20.000000   clock clk (rise edge)
                                  0.000000   20.000000   clock source latency
     1    0.164719    0.451750    0.274660   20.274660 ^ clk (in)
                                                         clk (net)
                      0.457790    0.000000   20.274660 ^ clkbuf_0_clk/I (gf180mcu_fd_sc_mcu7t5v0__clkbuf_16)
     4    0.249345    0.193653    0.303995   20.578655 ^ clkbuf_0_clk/Z (gf180mcu_fd_sc_mcu7t5v0__clkbuf_16)
                                                         clknet_0_clk (net)
                      0.195151    0.012092   20.590748 ^ clkbuf_2_0_0_clk/I (gf180mcu_fd_sc_mcu7t5v0__clkbuf_8)
    16    0.457385    0.624319    0.502101   21.092850 ^ clkbuf_2_0_0_clk/Z (gf180mcu_fd_sc_mcu7t5v0__clkbuf_8)
                                                         clknet_2_0_0_clk (net)
                      0.627324    0.024496   21.117346 ^ clkbuf_6_10_0_clk/I (gf180mcu_fd_sc_mcu7t5v0__clkbuf_8)
    12    0.216379    0.312207    0.392994   21.510340 ^ clkbuf_6_10_0_clk/Z (gf180mcu_fd_sc_mcu7t5v0__clkbuf_8)
                                                         clknet_6_10_0_clk (net)
                      0.312517    0.005150   21.515490 ^ _25162_/CLK (gf180mcu_fd_sc_mcu7t5v0__dffrnq_1)
                                 -0.250000   21.265490   clock uncertainty
                                  0.000000   21.265490   clock reconvergence pessimism
                                  0.163799   21.429289   library recovery time
                                             21.429289   data required time
---------------------------------------------------------------------------------------------
                                             21.429289   data required time
                                             -6.709156   data arrival time
---------------------------------------------------------------------------------------------
                                             14.720133   slack (MET)


Startpoint: _25075_ (rising edge-triggered flip-flop clocked by clk)
Endpoint: _24856_ (rising edge-triggered flip-flop clocked by clk)
Path Group: clk
Path Type: max

Fanout         Cap        Slew       Delay        Time   Description
---------------------------------------------------------------------------------------------
                                  0.000000    0.000000   clock clk (rise edge)
                                  0.000000    0.000000   clock source latency
     1    0.164719    0.451750    0.274660    0.274660 ^ clk (in)
                                                         clk (net)
                      0.457790    0.000000    0.274660 ^ clkbuf_0_clk/I (gf180mcu_fd_sc_mcu7t5v0__clkbuf_16)
     4    0.249345    0.193653    0.303996    0.578655 ^ clkbuf_0_clk/Z (gf180mcu_fd_sc_mcu7t5v0__clkbuf_16)
                                                         clknet_0_clk (net)
                      0.194669    0.009943    0.588599 ^ clkbuf_2_1_0_clk/I (gf180mcu_fd_sc_mcu7t5v0__clkbuf_8)
    16    0.391897    0.539868    0.458236    1.046835 ^ clkbuf_2_1_0_clk/Z (gf180mcu_fd_sc_mcu7t5v0__clkbuf_8)
                                                         clknet_2_1_0_clk (net)
                      0.540371    0.009197    1.056031 ^ clkbuf_6_19_0_clk/I (gf180mcu_fd_sc_mcu7t5v0__clkbuf_8)
    10    0.197552    0.287438    0.368976    1.425007 ^ clkbuf_6_19_0_clk/Z (gf180mcu_fd_sc_mcu7t5v0__clkbuf_8)
                                                         clknet_6_19_0_clk (net)
                      0.287528    0.002693    1.427700 ^ clkbuf_leaf_48_clk/I (gf180mcu_fd_sc_mcu7t5v0__clkbuf_8)
     5    0.028560    0.080940    0.200024    1.627724 ^ clkbuf_leaf_48_clk/Z (gf180mcu_fd_sc_mcu7t5v0__clkbuf_8)
                                                         clknet_leaf_48_clk (net)
                      0.080940    0.000320    1.628044 ^ _25075_/CLK (gf180mcu_fd_sc_mcu7t5v0__dffrnq_1)
     1    0.015282    0.132457    0.479883    2.107927 v _25075_/Q (gf180mcu_fd_sc_mcu7t5v0__dffrnq_1)
                                                         pp_inst.core_inst.reg_fsm_i.data_q[1] (net)
                      0.132460    0.000397    2.108324 v fanout1750/I (gf180mcu_fd_sc_mcu7t5v0__buf_4)
     9    0.220572    0.369282    0.351192    2.459516 v fanout1750/Z (gf180mcu_fd_sc_mcu7t5v0__buf_4)
                                                         net1750 (net)
                      0.369419    0.004137    2.463653 v max_cap1746/I (gf180mcu_fd_sc_mcu7t5v0__buf_8)
     6    0.115567    0.123110    0.261565    2.725219 v max_cap1746/Z (gf180mcu_fd_sc_mcu7t5v0__buf_8)
                                                         net1746 (net)
                      0.123632    0.004777    2.729995 v fanout1744/I (gf180mcu_fd_sc_mcu7t5v0__buf_8)
    10    0.184555    0.166236    0.222689    2.952685 v fanout1744/Z (gf180mcu_fd_sc_mcu7t5v0__buf_8)
                                                         net1744 (net)
                      0.167178    0.006519    2.959204 v _13267_/A1 (gf180mcu_fd_sc_mcu7t5v0__nor3_4)
     3    0.045371    0.414950    0.253398    3.212602 ^ _13267_/ZN (gf180mcu_fd_sc_mcu7t5v0__nor3_4)
                                                         _09883_ (net)
                      0.414950    0.000358    3.212960 ^ _13280_/A1 (gf180mcu_fd_sc_mcu7t5v0__aoi21_4)
     2    0.119411    0.393986    0.262744    3.475704 v _13280_/ZN (gf180mcu_fd_sc_mcu7t5v0__aoi21_4)
                                                         _09896_ (net)
                      0.394225    0.004583    3.480287 v fanout1553/I (gf180mcu_fd_sc_mcu7t5v0__buf_8)
    10    0.262915    0.227626    0.333021    3.813308 v fanout1553/Z (gf180mcu_fd_sc_mcu7t5v0__buf_8)
                                                         net1553 (net)
                      0.227658    0.001377    3.814685 v _13286_/A1 (gf180mcu_fd_sc_mcu7t5v0__nand2_2)
     2    0.125572    0.770820    0.507869    4.322554 ^ _13286_/ZN (gf180mcu_fd_sc_mcu7t5v0__nand2_2)
                                                         _09902_ (net)
                      0.771137    0.008724    4.331278 ^ fanout1428/I (gf180mcu_fd_sc_mcu7t5v0__buf_2)
     5    0.123151    0.674477    0.512793    4.844071 ^ fanout1428/Z (gf180mcu_fd_sc_mcu7t5v0__buf_2)
                                                         net1428 (net)
                      0.675195    0.012421    4.856493 ^ fanout1425/I (gf180mcu_fd_sc_mcu7t5v0__buf_4)
    10    0.187287    0.518695    0.413125    5.269618 ^ fanout1425/Z (gf180mcu_fd_sc_mcu7t5v0__buf_4)
                                                         net1425 (net)
                      0.519093    0.008059    5.277677 ^ _13308_/A3 (gf180mcu_fd_sc_mcu7t5v0__nor3_2)
     1    0.019981    0.297309    0.204469    5.482146 v _13308_/ZN (gf180mcu_fd_sc_mcu7t5v0__nor3_2)
                                                         _09924_ (net)
                      0.297309    0.000228    5.482374 v fanout1325/I (gf180mcu_fd_sc_mcu7t5v0__buf_8)
     3    0.097036    0.107860    0.230512    5.712886 v fanout1325/Z (gf180mcu_fd_sc_mcu7t5v0__buf_8)
                                                         net1325 (net)
                      0.107869    0.001912    5.714797 v max_cap1326/I (gf180mcu_fd_sc_mcu7t5v0__buf_8)
     8    0.231560    0.201698    0.235329    5.950126 v max_cap1326/Z (gf180mcu_fd_sc_mcu7t5v0__buf_8)
                                                         net1326 (net)
                      0.209596    0.022558    5.972684 v fanout1324/I (gf180mcu_fd_sc_mcu7t5v0__clkbuf_8)
    10    0.259151    0.375690    0.386251    6.358934 v fanout1324/Z (gf180mcu_fd_sc_mcu7t5v0__clkbuf_8)
                                                         net1324 (net)
                      0.378993    0.019213    6.378148 v _14427_/B1 (gf180mcu_fd_sc_mcu7t5v0__aoi22_1)
     1    0.010105    0.355349    0.283576    6.661724 ^ _14427_/ZN (gf180mcu_fd_sc_mcu7t5v0__aoi22_1)
                                                         _11016_ (net)
                      0.355349    0.000102    6.661826 ^ _14428_/A2 (gf180mcu_fd_sc_mcu7t5v0__nand2_2)
     6    0.066175    0.345933    0.248960    6.910786 v _14428_/ZN (gf180mcu_fd_sc_mcu7t5v0__nand2_2)
                                                         _11017_ (net)
                      0.346072    0.003882    6.914668 v _14430_/A2 (gf180mcu_fd_sc_mcu7t5v0__xor2_1)
     2    0.022595    0.282904    0.439704    7.354372 v _14430_/Z (gf180mcu_fd_sc_mcu7t5v0__xor2_1)
                                                         _11019_ (net)
                      0.282905    0.000486    7.354858 v _14431_/A2 (gf180mcu_fd_sc_mcu7t5v0__aoi21_2)
     2    0.028618    0.383892    0.293408    7.648266 ^ _14431_/ZN (gf180mcu_fd_sc_mcu7t5v0__aoi21_2)
                                                         _11020_ (net)
                      0.383892    0.000230    7.648496 ^ _16955_/B1 (gf180mcu_fd_sc_mcu7t5v0__aoi22_2)
     1    0.068671    0.632529    0.330389    7.978885 v _16955_/ZN (gf180mcu_fd_sc_mcu7t5v0__aoi22_2)
                                                         _04357_ (net)
                      0.632543    0.004735    7.983620 v fanout374/I (gf180mcu_fd_sc_mcu7t5v0__clkbuf_2)
     5    0.060309    0.326742    0.441671    8.425291 v fanout374/Z (gf180mcu_fd_sc_mcu7t5v0__clkbuf_2)
                                                         net374 (net)
                      0.326858    0.003468    8.428760 v fanout373/I (gf180mcu_fd_sc_mcu7t5v0__clkbuf_2)
     5    0.052221    0.284750    0.358736    8.787496 v fanout373/Z (gf180mcu_fd_sc_mcu7t5v0__clkbuf_2)
                                                         net373 (net)
                      0.284766    0.001179    8.788674 v fanout372/I (gf180mcu_fd_sc_mcu7t5v0__buf_2)
     7    0.064316    0.226243    0.319026    9.107699 v fanout372/Z (gf180mcu_fd_sc_mcu7t5v0__buf_2)
                                                         net372 (net)
                      0.226467    0.004039    9.111739 v fanout370/I (gf180mcu_fd_sc_mcu7t5v0__clkbuf_3)
    10    0.090177    0.262388    0.331891    9.443630 v fanout370/Z (gf180mcu_fd_sc_mcu7t5v0__clkbuf_3)
                                                         net370 (net)
                      0.262423    0.001706    9.445336 v _16997_/A2 (gf180mcu_fd_sc_mcu7t5v0__oai22_4)
     2    0.089395    0.706019    0.394508    9.839845 ^ _16997_/ZN (gf180mcu_fd_sc_mcu7t5v0__oai22_4)
                                                         _04399_ (net)
                      0.706036    0.005739    9.845584 ^ _17300_/A1 (gf180mcu_fd_sc_mcu7t5v0__nand2_1)
     1    0.005694    0.213392    0.105040    9.950624 v _17300_/ZN (gf180mcu_fd_sc_mcu7t5v0__nand2_1)
                                                         _04651_ (net)
                      0.213392    0.000112    9.950736 v _17304_/C (gf180mcu_fd_sc_mcu7t5v0__oai211_1)
     1    0.006732    0.299901    0.227053   10.177789 ^ _17304_/ZN (gf180mcu_fd_sc_mcu7t5v0__oai211_1)
                                                         _00063_ (net)
                      0.299901    0.000153   10.177941 ^ _24856_/D (gf180mcu_fd_sc_mcu7t5v0__dffrnq_1)
                                             10.177941   data arrival time

                                 20.000000   20.000000   clock clk (rise edge)
                                  0.000000   20.000000   clock source latency
     1    0.164719    0.451750    0.274660   20.274660 ^ clk (in)
                                                         clk (net)
                      0.457790    0.000000   20.274660 ^ clkbuf_0_clk/I (gf180mcu_fd_sc_mcu7t5v0__clkbuf_16)
     4    0.249345    0.193653    0.303995   20.578655 ^ clkbuf_0_clk/Z (gf180mcu_fd_sc_mcu7t5v0__clkbuf_16)
                                                         clknet_0_clk (net)
                      0.194669    0.009944   20.588600 ^ clkbuf_2_1_0_clk/I (gf180mcu_fd_sc_mcu7t5v0__clkbuf_8)
    16    0.391897    0.539868    0.458234   21.046835 ^ clkbuf_2_1_0_clk/Z (gf180mcu_fd_sc_mcu7t5v0__clkbuf_8)
                                                         clknet_2_1_0_clk (net)
                      0.541252    0.015319   21.062153 ^ clkbuf_6_22_0_clk/I (gf180mcu_fd_sc_mcu7t5v0__clkbuf_8)
     8    0.184241    0.269936    0.357588   21.419741 ^ clkbuf_6_22_0_clk/Z (gf180mcu_fd_sc_mcu7t5v0__clkbuf_8)
                                                         clknet_6_22_0_clk (net)
                      0.270270    0.004981   21.424723 ^ clkbuf_leaf_115_clk/I (gf180mcu_fd_sc_mcu7t5v0__clkbuf_8)
     6    0.032890    0.084990    0.200883   21.625605 ^ clkbuf_leaf_115_clk/Z (gf180mcu_fd_sc_mcu7t5v0__clkbuf_8)
                                                         clknet_leaf_115_clk (net)
                      0.084990    0.000279   21.625883 ^ _24856_/CLK (gf180mcu_fd_sc_mcu7t5v0__dffrnq_1)
                                 -0.250000   21.375885   clock uncertainty
                                  0.000000   21.375885   clock reconvergence pessimism
                                 -0.220857   21.155027   library setup time
                                             21.155027   data required time
---------------------------------------------------------------------------------------------
                                             21.155027   data required time
                                            -10.177941   data arrival time
---------------------------------------------------------------------------------------------
                                             10.977085   slack (MET)




===========================================================================
report_checks --slack_max -0.01
============================================================================
======================= nom_ff_n40C_5v50 Corner ===================================

No paths found.


===========================================================================
 report_check_types -max_slew -max_cap -max_fanout -violators
============================================================================
======================= nom_ff_n40C_5v50 Corner ===================================

max fanout

Pin                                   Limit Fanout  Slack
---------------------------------------------------------
clkbuf_6_37_0_clk/Z                      10     18     -8 (VIOLATED)
clkbuf_6_48_0_clk/Z                      10     17     -7 (VIOLATED)
clkbuf_6_49_0_clk/Z                      10     17     -7 (VIOLATED)
clkbuf_6_52_0_clk/Z                      10     17     -7 (VIOLATED)
clkbuf_6_53_0_clk/Z                      10     17     -7 (VIOLATED)
clkbuf_2_0_0_clk/Z                       10     16     -6 (VIOLATED)
clkbuf_2_1_0_clk/Z                       10     16     -6 (VIOLATED)
clkbuf_2_2_0_clk/Z                       10     16     -6 (VIOLATED)
clkbuf_2_3_0_clk/Z                       10     16     -6 (VIOLATED)
clkbuf_6_50_0_clk/Z                      10     16     -6 (VIOLATED)
clkbuf_6_58_0_clk/Z                      10     16     -6 (VIOLATED)
clkbuf_6_44_0_clk/Z                      10     15     -5 (VIOLATED)
clkbuf_6_47_0_clk/Z                      10     15     -5 (VIOLATED)
clkbuf_6_63_0_clk/Z                      10     15     -5 (VIOLATED)
clkbuf_6_15_0_clk/Z                      10     14     -4 (VIOLATED)
clkbuf_6_51_0_clk/Z                      10     14     -4 (VIOLATED)
clkbuf_6_54_0_clk/Z                      10     14     -4 (VIOLATED)
clkbuf_6_56_0_clk/Z                      10     14     -4 (VIOLATED)
clkbuf_6_61_0_clk/Z                      10     14     -4 (VIOLATED)
clkbuf_6_27_0_clk/Z                      10     13     -3 (VIOLATED)
clkbuf_6_28_0_clk/Z                      10     13     -3 (VIOLATED)
clkbuf_6_31_0_clk/Z                      10     13     -3 (VIOLATED)
clkbuf_6_32_0_clk/Z                      10     13     -3 (VIOLATED)
clkbuf_6_36_0_clk/Z                      10     13     -3 (VIOLATED)
clkbuf_6_46_0_clk/Z                      10     13     -3 (VIOLATED)
clkbuf_6_5_0_clk/Z                       10     13     -3 (VIOLATED)
clkbuf_6_62_0_clk/Z                      10     13     -3 (VIOLATED)
clkbuf_6_10_0_clk/Z                      10     12     -2 (VIOLATED)
clkbuf_6_4_0_clk/Z                       10     12     -2 (VIOLATED)
clkbuf_6_55_0_clk/Z                      10     12     -2 (VIOLATED)
clkbuf_6_59_0_clk/Z                      10     12     -2 (VIOLATED)
clkbuf_6_60_0_clk/Z                      10     12     -2 (VIOLATED)
clkbuf_6_13_0_clk/Z                      10     11        (VIOLATED)
clkbuf_6_14_0_clk/Z                      10     11        (VIOLATED)
clkbuf_6_16_0_clk/Z                      10     11        (VIOLATED)
clkbuf_6_39_0_clk/Z                      10     11        (VIOLATED)
clkbuf_6_45_0_clk/Z                      10     11        (VIOLATED)
clkbuf_6_57_0_clk/Z                      10     11        (VIOLATED)
fanout1072/Z                             10     11        (VIOLATED)
fanout1300/Z                             10     11        (VIOLATED)

max capacitance

Pin                                        Limit         Cap       Slack
------------------------------------------------------------------------
clkbuf_2_0_0_clk/Z                      0.200000    0.457385   -0.257385 (VIOLATED)
clkbuf_2_3_0_clk/Z                      0.200000    0.438468   -0.238468 (VIOLATED)
clkbuf_2_2_0_clk/Z                      0.200000    0.417756   -0.217756 (VIOLATED)
clkbuf_2_1_0_clk/Z                      0.200000    0.391897   -0.191897 (VIOLATED)
fanout340/Z                             0.200000    0.364898   -0.164898 (VIOLATED)
fanout1143/Z                            0.200000    0.364760   -0.164760 (VIOLATED)
fanout739/Z                             0.200000    0.363705   -0.163705 (VIOLATED)
fanout1101/Z                            0.200000    0.352708   -0.152708 (VIOLATED)
fanout1189/Z                            0.200000    0.350060   -0.150060 (VIOLATED)
fanout1259/Z                            0.200000    0.343885   -0.143885 (VIOLATED)
fanout1255/Z                            0.200000    0.342216   -0.142216 (VIOLATED)
fanout1097/Z                            0.200000    0.338168   -0.138168 (VIOLATED)
fanout607/Z                             0.200000    0.337637   -0.137637 (VIOLATED)
fanout1068/Z                            0.200000    0.336673   -0.136673 (VIOLATED)
fanout1138/Z                            0.200000    0.334875   -0.134875 (VIOLATED)
fanout174/Z                             0.200000    0.334843   -0.134843 (VIOLATED)
fanout1168/Z                            0.200000    0.333064   -0.133064 (VIOLATED)
fanout712/Z                             0.200000    0.327073   -0.127073 (VIOLATED)
fanout1152/Z                            0.200000    0.326629   -0.126629 (VIOLATED)
fanout1197/Z                            0.200000    0.322587   -0.122587 (VIOLATED)
fanout1351/Z                            0.200000    0.320170   -0.120170 (VIOLATED)
fanout1091/Z                            0.200000    0.319929   -0.119929 (VIOLATED)
fanout1177/Z                            0.200000    0.319772   -0.119772 (VIOLATED)
fanout1296/Z                            0.200000    0.319489   -0.119489 (VIOLATED)
fanout1271/Z                            0.200000    0.318402   -0.118402 (VIOLATED)
fanout1086/Z                            0.200000    0.318254   -0.118254 (VIOLATED)
fanout240/Z                             0.200000    0.317792   -0.117792 (VIOLATED)
clkbuf_6_37_0_clk/Z                     0.200000    0.315243   -0.115243 (VIOLATED)
max_cap1205/Z                           0.200000    0.313965   -0.113965 (VIOLATED)
fanout1181/Z                            0.200000    0.313716   -0.113716 (VIOLATED)
fanout1118/Z                            0.200000    0.312463   -0.112463 (VIOLATED)
fanout1291/Z                            0.200000    0.312369   -0.112369 (VIOLATED)
fanout1207/Z                            0.200000    0.311490   -0.111490 (VIOLATED)
fanout1072/Z                            0.200000    0.311308   -0.111308 (VIOLATED)
fanout1346/Z                            0.200000    0.311137   -0.111137 (VIOLATED)
fanout1281/Z                            0.200000    0.309239   -0.109239 (VIOLATED)
fanout1267/Z                            0.200000    0.308648   -0.108648 (VIOLATED)
fanout1114/Z                            0.200000    0.308363   -0.108363 (VIOLATED)
fanout1251/Z                            0.200000    0.305522   -0.105522 (VIOLATED)
fanout1164/Z                            0.200000    0.304671   -0.104671 (VIOLATED)
fanout1190/Z                            0.200000    0.304241   -0.104241 (VIOLATED)
fanout1275/Z                            0.200000    0.303209   -0.103209 (VIOLATED)
fanout1187/Z                            0.200000    0.303156   -0.103156 (VIOLATED)
fanout1297/Z                            0.200000    0.303090   -0.103090 (VIOLATED)
fanout1064/Z                            0.200000    0.303011   -0.103011 (VIOLATED)
max_cap1141/Z                           0.200000    0.301795   -0.101795 (VIOLATED)
fanout1219/Z                            0.200000    0.299160   -0.099160 (VIOLATED)
clkbuf_6_32_0_clk/Z                     0.200000    0.298753   -0.098753 (VIOLATED)
fanout878/Z                             0.200000    0.298709   -0.098709 (VIOLATED)
fanout1279/Z                            0.200000    0.298422   -0.098422 (VIOLATED)
fanout1160/Z                            0.200000    0.298418   -0.098418 (VIOLATED)
fanout1227/Z                            0.200000    0.297011   -0.097011 (VIOLATED)
_24792_/Q                               0.200000    0.296992   -0.096992 (VIOLATED)
fanout1249/Z                            0.200000    0.296318   -0.096318 (VIOLATED)
max_cap1344/Z                           0.200000    0.295753   -0.095753 (VIOLATED)
fanout1132/Z                            0.200000    0.294787   -0.094787 (VIOLATED)
fanout1134/Z                            0.200000    0.294560   -0.094560 (VIOLATED)
clkbuf_6_48_0_clk/Z                     0.200000    0.293081   -0.093081 (VIOLATED)
fanout1253/Z                            0.200000    0.292831   -0.092831 (VIOLATED)
fanout1290/Z                            0.200000    0.292386   -0.092386 (VIOLATED)
fanout1119/Z                            0.200000    0.292234   -0.092234 (VIOLATED)
fanout1185/Z                            0.200000    0.291717   -0.091717 (VIOLATED)
fanout1066/Z                            0.200000    0.291252   -0.091252 (VIOLATED)
fanout1363/Z                            0.200000    0.290594   -0.090594 (VIOLATED)
clkbuf_6_49_0_clk/Z                     0.200000    0.290264   -0.090264 (VIOLATED)
fanout1210/Z                            0.200000    0.290101   -0.090101 (VIOLATED)
fanout1154/Z                            0.200000    0.289948   -0.089948 (VIOLATED)
fanout1092/Z                            0.200000    0.289648   -0.089648 (VIOLATED)
fanout1497/Z                            0.200000    0.289156   -0.089156 (VIOLATED)
fanout1247/Z                            0.200000    0.287896   -0.087896 (VIOLATED)
wire1171/Z                              0.200000    0.287872   -0.087872 (VIOLATED)
fanout644/Z                             0.200000    0.287219   -0.087219 (VIOLATED)
fanout1200/Z                            0.200000    0.286159   -0.086159 (VIOLATED)
max_cap1362/Z                           0.200000    0.285683   -0.085683 (VIOLATED)
fanout1341/Z                            0.200000    0.285541   -0.085541 (VIOLATED)
clkbuf_6_44_0_clk/Z                     0.200000    0.285028   -0.085028 (VIOLATED)
fanout224/Z                             0.200000    0.284759   -0.084759 (VIOLATED)
fanout1173/Z                            0.200000    0.284693   -0.084693 (VIOLATED)
max_cap1293/Z                           0.200000    0.284256   -0.084256 (VIOLATED)
fanout1127/Z                            0.200000    0.283901   -0.083901 (VIOLATED)
fanout1099/Z                            0.200000    0.283415   -0.083415 (VIOLATED)
fanout927/Z                             0.200000    0.282598   -0.082598 (VIOLATED)
fanout1109/Z                            0.200000    0.281574   -0.081574 (VIOLATED)
fanout1130/Z                            0.200000    0.281557   -0.081557 (VIOLATED)
fanout1126/Z                            0.200000    0.281441   -0.081441 (VIOLATED)
fanout633/Z                             0.200000    0.281146   -0.081146 (VIOLATED)
clkbuf_6_53_0_clk/Z                     0.200000    0.281022   -0.081022 (VIOLATED)
fanout1195/Z                            0.200000    0.280888   -0.080888 (VIOLATED)
fanout1257/Z                            0.200000    0.280693   -0.080693 (VIOLATED)
fanout1150/Z                            0.200000    0.280669   -0.080669 (VIOLATED)
fanout1156/Z                            0.200000    0.280659   -0.080659 (VIOLATED)
fanout1283/Z                            0.200000    0.280395   -0.080395 (VIOLATED)
clkbuf_6_52_0_clk/Z                     0.200000    0.280062   -0.080062 (VIOLATED)
fanout561/Z                             0.200000    0.279702   -0.079702 (VIOLATED)
max_cap1565/Z                           0.200000    0.279516   -0.079516 (VIOLATED)
max_cap1146/Z                           0.200000    0.278644   -0.078644 (VIOLATED)
clkbuf_6_47_0_clk/Z                     0.200000    0.278422   -0.078422 (VIOLATED)
fanout1285/Z                            0.200000    0.278388   -0.078388 (VIOLATED)
fanout1116/Z                            0.200000    0.278005   -0.078005 (VIOLATED)
fanout1084/Z                            0.200000    0.277993   -0.077993 (VIOLATED)
fanout1136/Z                            0.200000    0.277612   -0.077612 (VIOLATED)
fanout1076/Z                            0.200000    0.277189   -0.077189 (VIOLATED)
fanout1088/Z                            0.200000    0.277176   -0.077176 (VIOLATED)
fanout1299/Z                            0.200000    0.277147   -0.077147 (VIOLATED)
fanout1245/Z                            0.200000    0.276730   -0.076730 (VIOLATED)
max_cap1340/Z                           0.200000    0.276224   -0.076224 (VIOLATED)
fanout1071/Z                            0.200000    0.276013   -0.076013 (VIOLATED)
fanout166/Z                             0.200000    0.275618   -0.075618 (VIOLATED)
fanout1304/Z                            0.200000    0.274129   -0.074129 (VIOLATED)
fanout1215/Z                            0.200000    0.273923   -0.073923 (VIOLATED)
clkbuf_6_58_0_clk/Z                     0.200000    0.273725   -0.073725 (VIOLATED)
wire1583/Z                              0.200000    0.272873   -0.072873 (VIOLATED)
fanout1300/Z                            0.200000    0.272555   -0.072555 (VIOLATED)
fanout1129/Z                            0.200000    0.272435   -0.072435 (VIOLATED)
fanout1218/Z                            0.200000    0.272265   -0.072265 (VIOLATED)
fanout258/Z                             0.200000    0.272197   -0.072197 (VIOLATED)
fanout1211/Z                            0.200000    0.271994   -0.071994 (VIOLATED)
fanout670/Z                             0.200000    0.271939   -0.071939 (VIOLATED)
fanout1231/Z                            0.200000    0.271867   -0.071867 (VIOLATED)
fanout1124/Z                            0.200000    0.271548   -0.071548 (VIOLATED)
fanout1239/Z                            0.200000    0.270705   -0.070705 (VIOLATED)
fanout925/Z                             0.200000    0.270514   -0.070514 (VIOLATED)
fanout1102/Z                            0.200000    0.270000   -0.070000 (VIOLATED)
clkbuf_6_50_0_clk/Z                     0.200000    0.269622   -0.069622 (VIOLATED)
fanout1243/Z                            0.200000    0.269500   -0.069500 (VIOLATED)
clkbuf_6_51_0_clk/Z                     0.200000    0.269342   -0.069342 (VIOLATED)
fanout1193/Z                            0.200000    0.269049   -0.069049 (VIOLATED)
fanout1241/Z                            0.200000    0.268937   -0.068937 (VIOLATED)
_15679_/ZN                              0.200000    0.268183   -0.068183 (VIOLATED)
fanout884/Z                             0.200000    0.267422   -0.067422 (VIOLATED)
fanout1175/Z                            0.200000    0.266734   -0.066734 (VIOLATED)
fanout1234/Z                            0.200000    0.266712   -0.066712 (VIOLATED)
fanout1439/Z                            0.200000    0.266184   -0.066184 (VIOLATED)
fanout266/Z                             0.200000    0.266036   -0.066036 (VIOLATED)
clkbuf_6_45_0_clk/Z                     0.200000    0.265823   -0.065823 (VIOLATED)
fanout1352/Z                            0.200000    0.265733   -0.065733 (VIOLATED)
fanout1163/Z                            0.200000    0.265043   -0.065043 (VIOLATED)
clkbuf_6_46_0_clk/Z                     0.200000    0.264731   -0.064731 (VIOLATED)
_15701_/ZN                              0.200000    0.264317   -0.064317 (VIOLATED)
max_cap308/Z                            0.200000    0.264152   -0.064152 (VIOLATED)
fanout1148/Z                            0.200000    0.263888   -0.063888 (VIOLATED)
fanout1287/Z                            0.200000    0.263857   -0.063857 (VIOLATED)
fanout1107/Z                            0.200000    0.263635   -0.063635 (VIOLATED)
fanout1553/Z                            0.200000    0.262915   -0.062915 (VIOLATED)
fanout1235/Z                            0.200000    0.262831   -0.062831 (VIOLATED)
wire1320/Z                              0.200000    0.262603   -0.062603 (VIOLATED)
fanout1327/Z                            0.200000    0.262558   -0.062558 (VIOLATED)
clkbuf_6_54_0_clk/Z                     0.200000    0.262479   -0.062479 (VIOLATED)
fanout544/Z                             0.200000    0.262438   -0.062438 (VIOLATED)
fanout814/Z                             0.200000    0.262309   -0.062309 (VIOLATED)
fanout1354/Z                            0.200000    0.262170   -0.062170 (VIOLATED)
fanout1237/Z                            0.200000    0.262108   -0.062108 (VIOLATED)
clkbuf_6_39_0_clk/Z                     0.200000    0.261929   -0.061929 (VIOLATED)
clkbuf_6_61_0_clk/Z                     0.200000    0.261821   -0.061821 (VIOLATED)
clkbuf_6_56_0_clk/Z                     0.200000    0.261273   -0.061273 (VIOLATED)
clkbuf_6_62_0_clk/Z                     0.200000    0.260571   -0.060571 (VIOLATED)
fanout1277/Z                            0.200000    0.260567   -0.060567 (VIOLATED)
fanout848/Z                             0.200000    0.260224   -0.060224 (VIOLATED)
clkbuf_6_57_0_clk/Z                     0.200000    0.259914   -0.059914 (VIOLATED)
_15665_/ZN                              0.200000    0.259865   -0.059865 (VIOLATED)
wire1573/Z                              0.200000    0.259517   -0.059517 (VIOLATED)
fanout1330/Z                            0.200000    0.259452   -0.059452 (VIOLATED)
max_cap1568/Z                           0.200000    0.259393   -0.059393 (VIOLATED)
fanout1324/Z                            0.200000    0.259151   -0.059151 (VIOLATED)
fanout1167/Z                            0.200000    0.259049   -0.059049 (VIOLATED)
fanout1080/Z                            0.200000    0.258614   -0.058614 (VIOLATED)
fanout1213/Z                            0.200000    0.257815   -0.057815 (VIOLATED)
fanout906/Z                             0.200000    0.257739   -0.057739 (VIOLATED)
_15680_/ZN                              0.200000    0.256663   -0.056663 (VIOLATED)
clkbuf_6_36_0_clk/Z                     0.200000    0.255861   -0.055861 (VIOLATED)
clkbuf_6_63_0_clk/Z                     0.200000    0.255756   -0.055756 (VIOLATED)
_15080_/ZN                              0.200000    0.255632   -0.055632 (VIOLATED)
fanout1183/Z                            0.200000    0.255586   -0.055586 (VIOLATED)
fanout1261/Z                            0.200000    0.254959   -0.054959 (VIOLATED)
_15645_/ZN                              0.200000    0.254787   -0.054787 (VIOLATED)
clkbuf_6_59_0_clk/Z                     0.200000    0.254682   -0.054682 (VIOLATED)
fanout1104/Z                            0.200000    0.254436   -0.054436 (VIOLATED)
fanout1078/Z                            0.200000    0.252308   -0.052308 (VIOLATED)
fanout1110/Z                            0.200000    0.251714   -0.051714 (VIOLATED)
fanout1360/Z                            0.200000    0.251604   -0.051604 (VIOLATED)
_15707_/ZN                              0.200000    0.251464   -0.051464 (VIOLATED)
fanout1158/Z                            0.200000    0.250639   -0.050639 (VIOLATED)
fanout1192/Z                            0.200000    0.249785   -0.049785 (VIOLATED)
fanout1269/Z                            0.200000    0.249735   -0.049735 (VIOLATED)
clkbuf_0_clk/Z                          0.200000    0.249345   -0.049345 (VIOLATED)
fanout664/Z                             0.200000    0.249264   -0.049264 (VIOLATED)
fanout1273/Z                            0.200000    0.248893   -0.048893 (VIOLATED)
fanout1359/Z                            0.200000    0.248813   -0.048813 (VIOLATED)
fanout615/Z                             0.200000    0.248726   -0.048726 (VIOLATED)
fanout1122/Z                            0.200000    0.248507   -0.048507 (VIOLATED)
max_cap1578/Z                           0.200000    0.248195   -0.048195 (VIOLATED)
fanout1105/Z                            0.200000    0.247870   -0.047870 (VIOLATED)
fanout1082/Z                            0.200000    0.247649   -0.047649 (VIOLATED)
fanout269/Z                             0.200000    0.247573   -0.047573 (VIOLATED)
fanout665/Z                             0.200000    0.247302   -0.047302 (VIOLATED)
clkbuf_6_60_0_clk/Z                     0.200000    0.247189   -0.047189 (VIOLATED)
clkbuf_6_27_0_clk/Z                     0.200000    0.247148   -0.047148 (VIOLATED)
fanout895/Z                             0.200000    0.246615   -0.046615 (VIOLATED)
_15689_/ZN                              0.200000    0.246263   -0.046263 (VIOLATED)
fanout328/Z                             0.200000    0.246099   -0.046099 (VIOLATED)
fanout1328/Z                            0.200000    0.245506   -0.045506 (VIOLATED)
fanout1333/Z                            0.200000    0.245445   -0.045445 (VIOLATED)
fanout1179/Z                            0.200000    0.245051   -0.045051 (VIOLATED)
clkbuf_6_55_0_clk/Z                     0.200000    0.243197   -0.043197 (VIOLATED)
fanout1560/Z                            0.200000    0.243115   -0.043115 (VIOLATED)
fanout859/Z                             0.200000    0.242770   -0.042770 (VIOLATED)
fanout1229/Z                            0.200000    0.241557   -0.041557 (VIOLATED)
_15647_/ZN                              0.200000    0.241540   -0.041540 (VIOLATED)
max_cap1202/Z                           0.200000    0.241469   -0.041469 (VIOLATED)
fanout1085/Z                            0.200000    0.241463   -0.041463 (VIOLATED)
fanout838/Z                             0.200000    0.241370   -0.041370 (VIOLATED)
clkbuf_6_38_0_clk/Z                     0.200000    0.241229   -0.041229 (VIOLATED)
fanout657/Z                             0.200000    0.240764   -0.040764 (VIOLATED)
fanout1203/Z                            0.200000    0.240597   -0.040597 (VIOLATED)
_15657_/ZN                              0.200000    0.240378   -0.040378 (VIOLATED)
fanout1437/Z                            0.200000    0.240190   -0.040190 (VIOLATED)
fanout1208/Z                            0.200000    0.239996   -0.039996 (VIOLATED)
_15688_/ZN                              0.200000    0.239676   -0.039676 (VIOLATED)
_15639_/ZN                              0.200000    0.239195   -0.039195 (VIOLATED)
fanout92/Z                              0.200000    0.238978   -0.038978 (VIOLATED)
clkbuf_6_40_0_clk/Z                     0.200000    0.238761   -0.038761 (VIOLATED)
fanout767/Z                             0.200000    0.238338   -0.038338 (VIOLATED)
fanout667/Z                             0.200000    0.238124   -0.038124 (VIOLATED)
fanout930/Z                             0.200000    0.238109   -0.038109 (VIOLATED)
fanout1555/Z                            0.200000    0.237901   -0.037901 (VIOLATED)
fanout853/Z                             0.200000    0.237679   -0.037679 (VIOLATED)
fanout904/Z                             0.200000    0.237284   -0.037284 (VIOLATED)
_13296_/ZN                              0.200000    0.236977   -0.036977 (VIOLATED)
fanout967/Z                             0.200000    0.236867   -0.036867 (VIOLATED)
fanout975/Z                             0.200000    0.236644   -0.036644 (VIOLATED)
fanout1069/Z                            0.200000    0.236318   -0.036318 (VIOLATED)
fanout1284/Z                            0.200000    0.236098   -0.036098 (VIOLATED)
fanout1436/Z                            0.200000    0.235933   -0.035933 (VIOLATED)
fanout1223/Z                            0.200000    0.234637   -0.034637 (VIOLATED)
fanout721/Z                             0.200000    0.234349   -0.034349 (VIOLATED)
fanout1303/Z                            0.200000    0.234274   -0.034274 (VIOLATED)
_22730_/ZN                              0.200000    0.234171   -0.034171 (VIOLATED)
fanout610/Z                             0.200000    0.234056   -0.034056 (VIOLATED)
fanout1295/Z                            0.200000    0.233565   -0.033565 (VIOLATED)
fanout1268/Z                            0.200000    0.233314   -0.033314 (VIOLATED)
fanout177/Z                             0.200000    0.233260   -0.033260 (VIOLATED)
fanout1263/Z                            0.200000    0.233204   -0.033204 (VIOLATED)
fanout1345/Z                            0.200000    0.233048   -0.033048 (VIOLATED)
max_cap1441/Z                           0.200000    0.232892   -0.032892 (VIOLATED)
fanout1459/Z                            0.200000    0.232754   -0.032754 (VIOLATED)
clkbuf_6_42_0_clk/Z                     0.200000    0.232547   -0.032547 (VIOLATED)
fanout867/Z                             0.200000    0.232282   -0.032282 (VIOLATED)
fanout1298/Z                            0.200000    0.232244   -0.032244 (VIOLATED)
fanout870/Z                             0.200000    0.232015   -0.032015 (VIOLATED)
fanout1288/Z                            0.200000    0.231768   -0.031768 (VIOLATED)
fanout751/Z                             0.200000    0.231597   -0.031597 (VIOLATED)
max_cap1326/Z                           0.200000    0.231560   -0.031560 (VIOLATED)
fanout851/Z                             0.200000    0.231081   -0.031081 (VIOLATED)
fanout871/Z                             0.200000    0.230823   -0.030822 (VIOLATED)
fanout134/Z                             0.200000    0.230004   -0.030004 (VIOLATED)
fanout797/Z                             0.200000    0.229775   -0.029775 (VIOLATED)
fanout869/Z                             0.200000    0.229709   -0.029709 (VIOLATED)
fanout849/Z                             0.200000    0.229295   -0.029295 (VIOLATED)
fanout121/Z                             0.200000    0.229294   -0.029294 (VIOLATED)
_15677_/ZN                              0.200000    0.228866   -0.028866 (VIOLATED)
fanout556/Z                             0.200000    0.228637   -0.028637 (VIOLATED)
fanout1278/Z                            0.200000    0.228609   -0.028609 (VIOLATED)
fanout1331/Z                            0.200000    0.227863   -0.027863 (VIOLATED)
_20051_/ZN                              0.200000    0.227800   -0.027800 (VIOLATED)
fanout349/Z                             0.200000    0.227754   -0.027754 (VIOLATED)
fanout1438/Z                            0.200000    0.227243   -0.027243 (VIOLATED)
fanout319/Z                             0.200000    0.226861   -0.026861 (VIOLATED)
clkbuf_6_43_0_clk/Z                     0.200000    0.226703   -0.026703 (VIOLATED)
fanout1217/Z                            0.200000    0.226251   -0.026251 (VIOLATED)
fanout1221/Z                            0.200000    0.226017   -0.026017 (VIOLATED)
fanout926/Z                             0.200000    0.225915   -0.025915 (VIOLATED)
fanout576/Z                             0.200000    0.225844   -0.025844 (VIOLATED)
_23771_/ZN                              0.200000    0.225830   -0.025830 (VIOLATED)
clkbuf_6_41_0_clk/Z                     0.200000    0.225344   -0.025344 (VIOLATED)
fanout722/Z                             0.200000    0.224699   -0.024699 (VIOLATED)
fanout1558/Z                            0.200000    0.224152   -0.024152 (VIOLATED)
_22080_/ZN                              0.200000    0.224039   -0.024039 (VIOLATED)
fanout1169/Z                            0.200000    0.223849   -0.023849 (VIOLATED)
fanout960/Z                             0.200000    0.223758   -0.023758 (VIOLATED)
fanout1676/Z                            0.200000    0.223745   -0.023745 (VIOLATED)
fanout946/Z                             0.200000    0.223674   -0.023674 (VIOLATED)
fanout978/Z                             0.200000    0.222906   -0.022906 (VIOLATED)
fanout730/Z                             0.200000    0.222692   -0.022692 (VIOLATED)
_19128_/ZN                              0.200000    0.222590   -0.022590 (VIOLATED)
fanout129/Z                             0.200000    0.222439   -0.022439 (VIOLATED)
fanout857/Z                             0.200000    0.222339   -0.022339 (VIOLATED)
fanout1233/Z                            0.200000    0.221686   -0.021686 (VIOLATED)
fanout954/Z                             0.200000    0.221526   -0.021526 (VIOLATED)
_15699_/ZN                              0.200000    0.221477   -0.021477 (VIOLATED)
fanout852/Z                             0.200000    0.221139   -0.021139 (VIOLATED)
_15641_/ZN                              0.200000    0.220685   -0.020685 (VIOLATED)
fanout1750/Z                            0.200000    0.220572   -0.020572 (VIOLATED)
fanout1562/Z                            0.200000    0.220567   -0.020567 (VIOLATED)
_23641_/ZN                              0.200000    0.220183   -0.020183 (VIOLATED)
fanout303/Z                             0.200000    0.220008   -0.020008 (VIOLATED)
fanout145/Z                             0.200000    0.219960   -0.019960 (VIOLATED)
_15656_/ZN                              0.200000    0.219953   -0.019953 (VIOLATED)
_20316_/ZN                              0.200000    0.219915   -0.019915 (VIOLATED)
fanout1161/Z                            0.200000    0.219665   -0.019665 (VIOLATED)
fanout1741/Z                            0.200000    0.219412   -0.019412 (VIOLATED)
fanout219/Z                             0.200000    0.219043   -0.019043 (VIOLATED)
fanout1157/Z                            0.200000    0.218935   -0.018935 (VIOLATED)
fanout1087/Z                            0.200000    0.218762   -0.018762 (VIOLATED)
fanout1198/Z                            0.200000    0.218511   -0.018511 (VIOLATED)
fanout1061/Z                            0.200000    0.218318   -0.018318 (VIOLATED)
fanout1347/Z                            0.200000    0.218091   -0.018091 (VIOLATED)
fanout101/Z                             0.200000    0.217496   -0.017496 (VIOLATED)
clkbuf_6_15_0_clk/Z                     0.200000    0.217426   -0.017426 (VIOLATED)
fanout959/Z                             0.200000    0.217029   -0.017029 (VIOLATED)
fanout663/Z                             0.200000    0.216879   -0.016879 (VIOLATED)
fanout929/Z                             0.200000    0.216856   -0.016856 (VIOLATED)
fanout891/Z                             0.200000    0.216850   -0.016850 (VIOLATED)
fanout883/Z                             0.200000    0.216541   -0.016541 (VIOLATED)
fanout1162/Z                            0.200000    0.216382   -0.016382 (VIOLATED)
clkbuf_6_10_0_clk/Z                     0.200000    0.216379   -0.016379 (VIOLATED)
fanout1440/Z                            0.200000    0.216362   -0.016362 (VIOLATED)
fanout788/Z                             0.200000    0.216346   -0.016346 (VIOLATED)
fanout126/Z                             0.200000    0.216195   -0.016195 (VIOLATED)
fanout955/Z                             0.200000    0.216118   -0.016118 (VIOLATED)
fanout951/Z                             0.200000    0.215824   -0.015824 (VIOLATED)
clkbuf_6_33_0_clk/Z                     0.200000    0.215553   -0.015553 (VIOLATED)
_21950_/ZN                              0.200000    0.215405   -0.015405 (VIOLATED)
clkbuf_6_28_0_clk/Z                     0.200000    0.215020   -0.015020 (VIOLATED)
_15695_/ZN                              0.200000    0.214463   -0.014463 (VIOLATED)
clkbuf_6_35_0_clk/Z                     0.200000    0.213770   -0.013770 (VIOLATED)
_18002_/ZN                              0.200000    0.213446   -0.013446 (VIOLATED)
fanout949/Z                             0.200000    0.213370   -0.013370 (VIOLATED)
clkbuf_6_26_0_clk/Z                     0.200000    0.213008   -0.013008 (VIOLATED)
fanout1276/Z                            0.200000    0.212958   -0.012958 (VIOLATED)
fanout1302/Z                            0.200000    0.212757   -0.012757 (VIOLATED)
_15702_/ZN                              0.200000    0.212637   -0.012637 (VIOLATED)
fanout970/Z                             0.200000    0.212508   -0.012508 (VIOLATED)
fanout191/Z                             0.200000    0.212478   -0.012478 (VIOLATED)
fanout254/Z                             0.200000    0.212297   -0.012297 (VIOLATED)
max_cap966/Z                            0.200000    0.212285   -0.012285 (VIOLATED)
fanout543/Z                             0.200000    0.212276   -0.012276 (VIOLATED)
fanout861/Z                             0.200000    0.212034   -0.012034 (VIOLATED)
_15649_/ZN                              0.200000    0.211951   -0.011951 (VIOLATED)
fanout130/Z                             0.200000    0.211798   -0.011798 (VIOLATED)
fanout1738/Z                            0.200000    0.211784   -0.011784 (VIOLATED)
clkbuf_6_31_0_clk/Z                     0.200000    0.211757   -0.011757 (VIOLATED)
fanout1165/Z                            0.200000    0.211700   -0.011700 (VIOLATED)
fanout281/Z                             0.200000    0.211604   -0.011604 (VIOLATED)
fanout105/Z                             0.200000    0.211564   -0.011564 (VIOLATED)
_15661_/ZN                              0.200000    0.211465   -0.011465 (VIOLATED)
clkbuf_6_14_0_clk/Z                     0.200000    0.211112   -0.011112 (VIOLATED)
_15672_/ZN                              0.200000    0.211004   -0.011004 (VIOLATED)
fanout840/Z                             0.200000    0.210801   -0.010801 (VIOLATED)
fanout1431/Z                            0.200000    0.210467   -0.010467 (VIOLATED)
fanout1058/Z                            0.200000    0.210383   -0.010383 (VIOLATED)
_15667_/ZN                              0.200000    0.210375   -0.010375 (VIOLATED)
fanout855/Z                             0.200000    0.210364   -0.010364 (VIOLATED)
fanout624/Z                             0.200000    0.210323   -0.010323 (VIOLATED)
_15691_/ZN                              0.200000    0.210236   -0.010236 (VIOLATED)
fanout1050/Z                            0.200000    0.209684   -0.009684 (VIOLATED)
fanout1409/Z                            0.200000    0.209424   -0.009424 (VIOLATED)
fanout629/Z                             0.200000    0.209398   -0.009398 (VIOLATED)
clkbuf_6_16_0_clk/Z                     0.200000    0.209284   -0.009284 (VIOLATED)
_20448_/ZN                              0.200000    0.209282   -0.009282 (VIOLATED)
fanout1270/Z                            0.200000    0.209132   -0.009132 (VIOLATED)
fanout118/Z                             0.200000    0.208875   -0.008875 (VIOLATED)
fanout1305/Z                            0.200000    0.208581   -0.008581 (VIOLATED)
fanout948/Z                             0.200000    0.208352   -0.008352 (VIOLATED)
fanout1307/Z                            0.200000    0.208233   -0.008233 (VIOLATED)
fanout905/Z                             0.200000    0.207934   -0.007934 (VIOLATED)
fanout759/Z                             0.200000    0.207581   -0.007581 (VIOLATED)
fanout697/Z                             0.200000    0.207175   -0.007175 (VIOLATED)
fanout1265/Z                            0.200000    0.207036   -0.007036 (VIOLATED)
clkbuf_6_25_0_clk/Z                     0.200000    0.206937   -0.006937 (VIOLATED)
fanout348/Z                             0.200000    0.206867   -0.006867 (VIOLATED)
fanout818/Z                             0.200000    0.206783   -0.006783 (VIOLATED)
fanout1191/Z                            0.200000    0.206716   -0.006716 (VIOLATED)
fanout1411/Z                            0.200000    0.206612   -0.006612 (VIOLATED)
fanout1209/Z                            0.200000    0.206462   -0.006462 (VIOLATED)
fanout656/Z                             0.200000    0.206448   -0.006448 (VIOLATED)
fanout1121/Z                            0.200000    0.206392   -0.006392 (VIOLATED)
fanout876/Z                             0.200000    0.206300   -0.006300 (VIOLATED)
_15706_/ZN                              0.200000    0.206002   -0.006002 (VIOLATED)
_15682_/ZN                              0.200000    0.205847   -0.005847 (VIOLATED)
fanout1074/Z                            0.200000    0.205759   -0.005759 (VIOLATED)
fanout903/Z                             0.200000    0.205689   -0.005689 (VIOLATED)
max_cap964/Z                            0.200000    0.205567   -0.005567 (VIOLATED)
clkbuf_6_30_0_clk/Z                     0.200000    0.205386   -0.005386 (VIOLATED)
fanout782/Z                             0.200000    0.205222   -0.005222 (VIOLATED)
fanout199/Z                             0.200000    0.204938   -0.004938 (VIOLATED)
fanout1678/Z                            0.200000    0.204516   -0.004516 (VIOLATED)
clkbuf_6_34_0_clk/Z                     0.200000    0.204305   -0.004305 (VIOLATED)
fanout1128/Z                            0.200000    0.203936   -0.003936 (VIOLATED)
_23511_/ZN                              0.200000    0.203743   -0.003743 (VIOLATED)
fanout138/Z                             0.200000    0.203528   -0.003528 (VIOLATED)
fanout947/Z                             0.200000    0.203343   -0.003343 (VIOLATED)
fanout127/Z                             0.200000    0.203201   -0.003201 (VIOLATED)
_15681_/ZN                              0.200000    0.203122   -0.003122 (VIOLATED)
fanout1430/Z                            0.200000    0.203094   -0.003094 (VIOLATED)
clkbuf_6_13_0_clk/Z                     0.200000    0.203082   -0.003082 (VIOLATED)
fanout142/Z                             0.200000    0.203075   -0.003075 (VIOLATED)
fanout822/Z                             0.200000    0.202983   -0.002983 (VIOLATED)
fanout1332/Z                            0.200000    0.202915   -0.002915 (VIOLATED)
fanout945/Z                             0.200000    0.202728   -0.002728 (VIOLATED)
fanout806/Z                             0.200000    0.202706   -0.002706 (VIOLATED)
fanout598/Z                             0.200000    0.202498   -0.002498 (VIOLATED)
fanout575/Z                             0.200000    0.202493   -0.002493 (VIOLATED)
fanout1090/Z                            0.200000    0.202070   -0.002070 (VIOLATED)
fanout167/Z                             0.200000    0.202019   -0.002019 (VIOLATED)
clkbuf_6_4_0_clk/Z                      0.200000    0.201544   -0.001544 (VIOLATED)
fanout579/Z                             0.200000    0.201512   -0.001512 (VIOLATED)
fanout1380/Z                            0.200000    0.201486   -0.001486 (VIOLATED)
fanout207/Z                             0.200000    0.200767   -0.000767 (VIOLATED)
fanout1355/Z                            0.200000    0.200568   -0.000568 (VIOLATED)
fanout282/Z                             0.200000    0.200430   -0.000430 (VIOLATED)
fanout1294/Z                            0.200000    0.200020   -0.000020 (VIOLATED)



===========================================================================
report_parasitic_annotation -report_unannotated
============================================================================
Found 609 unannotated drivers.
 _27612_/Z
 clkload0/ZN
 clkload1/ZN
 clkload10/ZN
 clkload100/Z
 clkload101/ZN
 clkload102/ZN
 clkload103/ZN
 clkload104/ZN
 clkload105/ZN
 clkload106/ZN
 clkload107/ZN
 clkload108/ZN
 clkload109/ZN
 clkload11/ZN
 clkload110/ZN
 clkload111/ZN
 clkload112/ZN
 clkload113/ZN
 clkload114/ZN
 clkload115/Z
 clkload116/Z
 clkload117/Z
 clkload118/Z
 clkload119/Z
 clkload12/ZN
 clkload120/Z
 clkload121/Z
 clkload122/Z
 clkload123/ZN
 clkload124/ZN
 clkload125/ZN
 clkload126/ZN
 clkload127/ZN
 clkload128/ZN
 clkload129/ZN
 clkload13/ZN
 clkload130/Z
 clkload131/Z
 clkload132/Z
 clkload133/Z
 clkload134/Z
 clkload135/Z
 clkload136/Z
 clkload137/Z
 clkload138/Z
 clkload139/Z
 clkload14/ZN
 clkload140/ZN
 clkload141/ZN
 clkload142/ZN
 clkload143/Z
 clkload144/ZN
 clkload145/Z
 clkload146/ZN
 clkload147/ZN
 clkload148/Z
 clkload149/ZN
 clkload15/ZN
 clkload150/ZN
 clkload151/ZN
 clkload152/ZN
 clkload153/ZN
 clkload154/ZN
 clkload155/ZN
 clkload156/Z
 clkload157/ZN
 clkload158/ZN
 clkload159/ZN
 clkload16/ZN
 clkload160/ZN
 clkload161/Z
 clkload162/Z
 clkload163/Z
 clkload164/Z
 clkload165/ZN
 clkload166/ZN
 clkload167/Z
 clkload168/ZN
 clkload169/ZN
 clkload17/ZN
 clkload170/ZN
 clkload171/ZN
 clkload172/ZN
 clkload173/Z
 clkload174/ZN
 clkload175/ZN
 clkload176/ZN
 clkload177/Z
 clkload178/ZN
 clkload179/Z
 clkload18/ZN
 clkload180/ZN
 clkload181/ZN
 clkload182/ZN
 clkload183/Z
 clkload184/Z
 clkload185/Z
 clkload186/Z
 clkload187/Z
 clkload188/Z
 clkload189/ZN
 clkload19/ZN
 clkload190/ZN
 clkload191/ZN
 clkload192/Z
 clkload193/ZN
 clkload194/ZN
 clkload195/ZN
 clkload196/Z
 clkload197/Z
 clkload198/Z
 clkload199/Z
 clkload2/ZN
 clkload20/ZN
 clkload200/Z
 clkload201/ZN
 clkload202/Z
 clkload203/Z
 clkload204/Z
 clkload205/ZN
 clkload206/Z
 clkload207/ZN
 clkload208/ZN
 clkload209/Z
 clkload21/ZN
 clkload210/ZN
 clkload211/ZN
 clkload212/ZN
 clkload213/ZN
 clkload214/ZN
 clkload215/Z
 clkload216/Z
 clkload217/ZN
 clkload218/ZN
 clkload219/Z
 clkload22/ZN
 clkload220/Z
 clkload221/ZN
 clkload222/ZN
 clkload223/ZN
 clkload224/ZN
 clkload225/Z
 clkload226/ZN
 clkload227/Z
 clkload228/ZN
 clkload229/ZN
 clkload23/ZN
 clkload230/Z
 clkload231/Z
 clkload232/ZN
 clkload233/ZN
 clkload234/ZN
 clkload235/ZN
 clkload236/Z
 clkload237/ZN
 clkload238/ZN
 clkload239/ZN
 clkload24/ZN
 clkload240/ZN
 clkload241/ZN
 clkload242/Z
 clkload243/Z
 clkload244/Z
 clkload245/ZN
 clkload246/ZN
 clkload247/ZN
 clkload248/ZN
 clkload249/ZN
 clkload25/ZN
 clkload250/Z
 clkload251/ZN
 clkload252/Z
 clkload253/ZN
 clkload254/ZN
 clkload255/Z
 clkload256/Z
 clkload257/Z
 clkload258/Z
 clkload259/ZN
 clkload26/Z
 clkload260/Z
 clkload261/ZN
 clkload262/ZN
 clkload263/Z
 clkload264/ZN
 clkload265/Z
 clkload266/Z
 clkload267/Z
 clkload268/ZN
 clkload269/ZN
 clkload27/ZN
 clkload270/Z
 clkload271/Z
 clkload272/ZN
 clkload273/ZN
 clkload274/ZN
 clkload275/ZN
 clkload276/ZN
 clkload277/ZN
 clkload278/ZN
 clkload279/ZN
 clkload28/ZN
 clkload280/ZN
 clkload281/Z
 clkload282/ZN
 clkload283/ZN
 clkload284/Z
 clkload285/ZN
 clkload286/ZN
 clkload287/ZN
 clkload288/ZN
 clkload289/Z
 clkload29/ZN
 clkload290/Z
 clkload291/ZN
 clkload292/Z
 clkload293/Z
 clkload294/Z
 clkload295/Z
 clkload296/Z
 clkload297/ZN
 clkload298/Z
 clkload299/Z
 clkload3/ZN
 clkload30/ZN
 clkload300/Z
 clkload301/ZN
 clkload302/Z
 clkload303/Z
 clkload304/Z
 clkload305/Z
 clkload306/Z
 clkload307/Z
 clkload308/Z
 clkload309/ZN
 clkload31/ZN
 clkload310/ZN
 clkload311/ZN
 clkload312/Z
 clkload313/Z
 clkload314/Z
 clkload315/ZN
 clkload316/Z
 clkload317/ZN
 clkload318/ZN
 clkload319/ZN
 clkload32/ZN
 clkload320/Z
 clkload321/Z
 clkload322/Z
 clkload323/Z
 clkload324/ZN
 clkload325/Z
 clkload326/Z
 clkload327/Z
 clkload328/Z
 clkload329/Z
 clkload33/ZN
 clkload330/Z
 clkload331/ZN
 clkload332/Z
 clkload333/Z
 clkload334/Z
 clkload335/Z
 clkload336/ZN
 clkload337/ZN
 clkload338/ZN
 clkload339/Z
 clkload34/ZN
 clkload340/Z
 clkload341/ZN
 clkload342/Z
 clkload343/ZN
 clkload344/Z
 clkload345/Z
 clkload346/Z
 clkload347/Z
 clkload348/ZN
 clkload349/ZN
 clkload35/ZN
 clkload350/ZN
 clkload351/ZN
 clkload352/Z
 clkload353/ZN
 clkload354/Z
 clkload355/Z
 clkload356/Z
 clkload357/Z
 clkload358/ZN
 clkload359/Z
 clkload36/ZN
 clkload360/Z
 clkload361/ZN
 clkload362/Z
 clkload363/ZN
 clkload364/Z
 clkload365/Z
 clkload366/Z
 clkload367/Z
 clkload368/ZN
 clkload369/Z
 clkload37/ZN
 clkload370/ZN
 clkload371/ZN
 clkload372/ZN
 clkload373/ZN
 clkload374/ZN
 clkload375/ZN
 clkload376/Z
 clkload377/ZN
 clkload378/Z
 clkload379/ZN
 clkload38/ZN
 clkload380/ZN
 clkload381/ZN
 clkload382/ZN
 clkload383/ZN
 clkload384/ZN
 clkload385/Z
 clkload386/ZN
 clkload387/Z
 clkload388/ZN
 clkload389/ZN
 clkload39/ZN
 clkload390/Z
 clkload391/Z
 clkload392/ZN
 clkload393/ZN
 clkload394/ZN
 clkload395/ZN
 clkload396/ZN
 clkload397/Z
 clkload398/Z
 clkload399/Z
 clkload4/ZN
 clkload40/ZN
 clkload400/Z
 clkload401/Z
 clkload402/ZN
 clkload403/ZN
 clkload404/ZN
 clkload405/Z
 clkload406/ZN
 clkload407/Z
 clkload408/Z
 clkload409/ZN
 clkload41/ZN
 clkload410/Z
 clkload411/Z
 clkload412/ZN
 clkload413/Z
 clkload414/ZN
 clkload415/ZN
 clkload416/Z
 clkload417/ZN
 clkload418/ZN
 clkload419/ZN
 clkload42/ZN
 clkload420/ZN
 clkload421/ZN
 clkload422/ZN
 clkload423/ZN
 clkload424/Z
 clkload425/ZN
 clkload426/ZN
 clkload427/ZN
 clkload428/ZN
 clkload429/ZN
 clkload43/ZN
 clkload430/Z
 clkload431/Z
 clkload432/Z
 clkload433/ZN
 clkload434/ZN
 clkload435/ZN
 clkload436/ZN
 clkload437/ZN
 clkload438/ZN
 clkload439/ZN
 clkload44/Z
 clkload440/ZN
 clkload441/ZN
 clkload442/ZN
 clkload443/Z
 clkload444/ZN
 clkload445/Z
 clkload446/Z
 clkload447/ZN
 clkload448/Z
 clkload449/Z
 clkload45/ZN
 clkload450/ZN
 clkload451/Z
 clkload452/Z
 clkload453/Z
 clkload454/Z
 clkload455/Z
 clkload456/Z
 clkload457/ZN
 clkload458/Z
 clkload459/Z
 clkload46/ZN
 clkload460/Z
 clkload461/Z
 clkload462/ZN
 clkload463/ZN
 clkload464/ZN
 clkload465/Z
 clkload466/Z
 clkload467/Z
 clkload468/Z
 clkload469/Z
 clkload47/Z
 clkload470/ZN
 clkload471/Z
 clkload472/Z
 clkload473/ZN
 clkload474/Z
 clkload475/Z
 clkload476/ZN
 clkload477/ZN
 clkload478/ZN
 clkload479/Z
 clkload48/ZN
 clkload480/ZN
 clkload481/ZN
 clkload482/Z
 clkload483/ZN
 clkload484/ZN
 clkload485/ZN
 clkload486/ZN
 clkload487/ZN
 clkload488/ZN
 clkload489/Z
 clkload49/ZN
 clkload490/Z
 clkload491/Z
 clkload492/ZN
 clkload493/ZN
 clkload494/Z
 clkload495/Z
 clkload496/Z
 clkload497/ZN
 clkload498/Z
 clkload499/ZN
 clkload5/ZN
 clkload50/ZN
 clkload500/Z
 clkload501/Z
 clkload502/ZN
 clkload503/Z
 clkload504/ZN
 clkload505/Z
 clkload506/ZN
 clkload507/Z
 clkload508/ZN
 clkload509/Z
 clkload51/ZN
 clkload510/Z
 clkload511/ZN
 clkload512/Z
 clkload513/ZN
 clkload514/Z
 clkload515/Z
 clkload516/ZN
 clkload517/Z
 clkload518/ZN
 clkload519/Z
 clkload52/ZN
 clkload520/Z
 clkload521/Z
 clkload522/Z
 clkload523/Z
 clkload524/ZN
 clkload525/Z
 clkload526/ZN
 clkload527/ZN
 clkload528/ZN
 clkload529/Z
 clkload53/ZN
 clkload530/Z
 clkload531/ZN
 clkload532/Z
 clkload533/Z
 clkload534/Z
 clkload535/Z
 clkload536/Z
 clkload537/Z
 clkload538/ZN
 clkload539/Z
 clkload54/ZN
 clkload540/ZN
 clkload541/ZN
 clkload542/ZN
 clkload543/Z
 clkload544/Z
 clkload545/ZN
 clkload546/Z
 clkload547/ZN
 clkload548/ZN
 clkload549/Z
 clkload55/ZN
 clkload550/ZN
 clkload551/ZN
 clkload552/ZN
 clkload553/Z
 clkload554/ZN
 clkload555/Z
 clkload556/Z
 clkload557/Z
 clkload558/Z
 clkload559/Z
 clkload56/ZN
 clkload560/Z
 clkload561/Z
 clkload562/Z
 clkload563/ZN
 clkload564/ZN
 clkload565/ZN
 clkload566/ZN
 clkload567/ZN
 clkload568/Z
 clkload569/ZN
 clkload57/ZN
 clkload570/ZN
 clkload571/Z
 clkload572/Z
 clkload573/Z
 clkload574/ZN
 clkload575/Z
 clkload576/ZN
 clkload577/ZN
 clkload578/ZN
 clkload579/Z
 clkload58/ZN
 clkload580/ZN
 clkload581/ZN
 clkload582/Z
 clkload583/Z
 clkload584/ZN
 clkload585/ZN
 clkload586/ZN
 clkload587/ZN
 clkload588/ZN
 clkload589/ZN
 clkload59/Z
 clkload590/ZN
 clkload591/ZN
 clkload592/ZN
 clkload593/Z
 clkload594/ZN
 clkload595/Z
 clkload596/ZN
 clkload597/ZN
 clkload598/Z
 clkload599/ZN
 clkload6/ZN
 clkload60/ZN
 clkload600/ZN
 clkload601/ZN
 clkload602/Z
 clkload603/ZN
 clkload604/ZN
 clkload605/ZN
 clkload606/ZN
 clkload607/Z
 clkload61/ZN
 clkload62/ZN
 clkload63/ZN
 clkload64/ZN
 clkload65/Z
 clkload66/Z
 clkload67/Z
 clkload68/ZN
 clkload69/ZN
 clkload7/ZN
 clkload70/Z
 clkload71/ZN
 clkload72/Z
 clkload73/Z
 clkload74/ZN
 clkload75/ZN
 clkload76/Z
 clkload77/Z
 clkload78/Z
 clkload79/Z
 clkload8/ZN
 clkload80/Z
 clkload81/ZN
 clkload82/ZN
 clkload83/ZN
 clkload84/ZN
 clkload85/Z
 clkload86/ZN
 clkload87/Z
 clkload88/ZN
 clkload89/ZN
 clkload9/ZN
 clkload90/ZN
 clkload91/ZN
 clkload92/ZN
 clkload93/Z
 clkload94/Z
 clkload95/ZN
 clkload96/ZN
 clkload97/ZN
 clkload98/ZN
 clkload99/Z
Found 0 partially unannotated drivers.

===========================================================================
max slew violation count 0
max fanout violation count 40
max cap violation count 411
============================================================================

===========================================================================
check_setup -verbose -unconstrained_endpoints -multiple_clock -no_clock -no_input_delay -loops -generated_clocks
===========================================================================
Warning: There are 18 unconstrained endpoints.
  clk_PD
  clk_PU
  cs_n_PD
  cs_n_PU
  miso_CS
  miso_IE
  miso_OE
  miso_PD
  miso_PDRV0
  miso_PDRV1
  miso_PU
  miso_SL
  mosi_PD
  mosi_PU
  rst_PD
  rst_PU
  sclk_PD
  sclk_PU
