Clock: clk
Sources: clk 
Generated: no
Virtual: yes
Propagated: no
Period: 20.000000

===========================================================================
report_clock_properties
============================================================================
Clock                   Period          Waveform
----------------------------------------------------
clk                  20.000000    0.000000 10.000000

===========================================================================
report_clock_latency
============================================================================
Clock clk
rise -> rise
    min     max
0.000000 0.000000 source latency
1.393193         network latency _25369_/CLK
        1.796631 network latency _26139_/CLK
---------------
1.393193 1.796631 latency
        0.403437 skew

fall -> fall
    min     max
0.000000 0.000000 source latency
1.370437         network latency _25369_/CLK
        1.825065 network latency _26139_/CLK
---------------
1.370437 1.825065 latency
        0.454627 skew



===========================================================================
report_clock_min_period
============================================================================
clk period_min = 9.02 fmax = 110.83
