Clock: clk
Sources: clk 
Generated: no
Virtual: yes
Propagated: no
Period: 20.000000

===========================================================================
report_clock_properties
============================================================================
Clock                   Period          Waveform
----------------------------------------------------
clk                  20.000000    0.000000 10.000000

===========================================================================
report_clock_latency
============================================================================
Clock clk
rise -> rise
    min     max
0.000000 0.000000 source latency
27.560167         network latency _25502_/CLK
        29.443432 network latency _25941_/CLK
---------------
27.560167 29.443432 latency
        1.883263 skew

fall -> fall
    min     max
0.000000 0.000000 source latency
16.957994         network latency _25502_/CLK
        18.826494 network latency _25941_/CLK
---------------
16.957994 18.826494 latency
        1.868500 skew



===========================================================================
report_clock_min_period
============================================================================
clk period_min = 39.95 fmax = 25.03
