Reading OpenROAD database at '/foss/designs/ascon/runs/RUN_2026-09-05_03-04-29/41-openroad-repairantennas/1-diodeinsertion/ascon_top.odb'…
Reading library file at '/foss/pdks/gf180mcuD/libs.ref/gf180mcu_fd_sc_mcu7t5v0/lib/gf180mcu_fd_sc_mcu7t5v0__tt_025C_5v00.lib'…
Reading design constraints file at '/usr/local/lib/python3.12/dist-packages/openlane/scripts/base.sdc'…
[INFO] Using clock clk…
[INFO] Setting output delay to: 4.0
[INFO] Setting input delay to: 4.0
[INFO] Setting load to: 0.07291
[INFO] Setting clock uncertainty to: 0.25
[INFO] Setting clock transition to: 0.1499999999999999944488848768742172978818416595458984375
[INFO] Setting timing derate to: 5%
[INFO ORD-0030] Using 12 thread(s).
[INFO DRT-0149] Reading tech and libs.
[WARNING DRT-0349] LEF58_ENCLOSURE with no CUTCLASS is not supported. Skipping for layer Via1
[WARNING DRT-0349] LEF58_ENCLOSURE with no CUTCLASS is not supported. Skipping for layer Via1
[WARNING DRT-0349] LEF58_ENCLOSURE with no CUTCLASS is not supported. Skipping for layer Via2
[WARNING DRT-0349] LEF58_ENCLOSURE with no CUTCLASS is not supported. Skipping for layer Via2
[WARNING DRT-0349] LEF58_ENCLOSURE with no CUTCLASS is not supported. Skipping for layer Via3
[WARNING DRT-0349] LEF58_ENCLOSURE with no CUTCLASS is not supported. Skipping for layer Via3
[WARNING DRT-0349] LEF58_ENCLOSURE with no CUTCLASS is not supported. Skipping for layer Via4
[WARNING DRT-0349] LEF58_ENCLOSURE with no CUTCLASS is not supported. Skipping for layer Via4

Units:                2000
Number of layers:     11
Number of macros:     229
Number of vias:       59
Number of viarulegen: 16

[INFO DRT-0150] Reading design.

Design:                   ascon_top
Die area:                 ( 0 0 ) ( 2220000 2220000 )
Number of track patterns: 10
Number of DEF vias:       0
Number of components:     26695
Number of terminals:      27
Number of snets:          2
Number of nets:           17908

[INFO DRT-0167] List of default vias:
  Layer Via2
    default via: Via2_VH
  Layer Via3
    default via: Via3_HV
  Layer Via4
    default via: Via4_VH
[INFO DRT-0162] Library cell analysis.
[INFO DRT-0163] Instance analysis.
[INFO DRT-0164] Number of unique instances = 410.
[INFO DRT-0168] Init region query.
[INFO DRT-0024]   Complete Poly2.
[INFO DRT-0024]   Complete CON.
[INFO DRT-0024]   Complete Metal1.
[INFO DRT-0024]   Complete Via1.
[INFO DRT-0024]   Complete Metal2.
[INFO DRT-0024]   Complete Via2.
[INFO DRT-0024]   Complete Metal3.
[INFO DRT-0024]   Complete Via3.
[INFO DRT-0024]   Complete Metal4.
[INFO DRT-0024]   Complete Via4.
[INFO DRT-0024]   Complete Metal5.
[INFO DRT-0033] Poly2 shape region query size = 0.
[INFO DRT-0033] CON shape region query size = 0.
[INFO DRT-0033] Metal1 shape region query size = 511144.
[INFO DRT-0033] Via1 shape region query size = 6624.
[INFO DRT-0033] Metal2 shape region query size = 4441.
[INFO DRT-0033] Via2 shape region query size = 6624.
[INFO DRT-0033] Metal3 shape region query size = 4416.
[INFO DRT-0033] Via3 shape region query size = 6624.
[INFO DRT-0033] Metal4 shape region query size = 2240.
[INFO DRT-0033] Via4 shape region query size = 0.
[INFO DRT-0033] Metal5 shape region query size = 0.
[INFO DRT-0165] Start pin access.
[INFO DRT-0076]   Complete 1000 pins.
[INFO DRT-0078]   Complete 1509 pins.
[INFO DRT-0079]   Complete 100 unique inst patterns.
[INFO DRT-0079]   Complete 200 unique inst patterns.
[INFO DRT-0079]   Complete 300 unique inst patterns.
[INFO DRT-0079]   Complete 400 unique inst patterns.
[INFO DRT-0081]   Complete 404 unique inst patterns.
[INFO DRT-0082]   Complete 10000 groups.
[INFO DRT-0084]   Complete 12341 groups.
#scanned instances     = 26695
#unique  instances     = 410
#stdCellGenAp          = 12048
#stdCellValidPlanarAp  = 0
#stdCellValidViaAp     = 9510
#stdCellPinNoAp        = 0
#stdCellPinCnt         = 61605
#instTermValidViaApCnt = 0
#macroGenAp            = 0
#macroValidPlanarAp    = 0
#macroValidViaAp       = 0
#macroNoAp             = 0
[INFO DRT-0166] Complete pin access.
[INFO DRT-0267] cpu time = 00:00:54, elapsed time = 00:00:04, memory = 247.13 (MB), peak = 257.04 (MB)
[INFO DRT-0156] guideIn read 100000 guides.

[INFO DRT-0157] Number of guides:     165774

[INFO DRT-0169] Post process guides.
[INFO DRT-0176] GCELLGRID X 0 DO 132 STEP 16800 ;
[INFO DRT-0177] GCELLGRID Y 0 DO 132 STEP 16800 ;
[INFO DRT-0026]   Complete 100000 origin guides.
[INFO DRT-0028]   Complete Poly2.
[INFO DRT-0028]   Complete CON.
[INFO DRT-0028]   Complete Metal1.
[INFO DRT-0028]   Complete Via1.
[INFO DRT-0028]   Complete Metal2.
[INFO DRT-0028]   Complete Via2.
[INFO DRT-0028]   Complete Metal3.
[INFO DRT-0028]   Complete Via3.
[INFO DRT-0028]   Complete Metal4.
[INFO DRT-0028]   Complete Via4.
[INFO DRT-0028]   Complete Metal5.
[INFO DRT-0178] Init guide query.
[INFO DRT-0035]   Complete Poly2 (guide).
[INFO DRT-0035]   Complete CON (guide).
[INFO DRT-0035]   Complete Metal1 (guide).
[INFO DRT-0035]   Complete Via1 (guide).
[INFO DRT-0035]   Complete Metal2 (guide).
[INFO DRT-0035]   Complete Via2 (guide).
[INFO DRT-0035]   Complete Metal3 (guide).
[INFO DRT-0035]   Complete Via3 (guide).
[INFO DRT-0035]   Complete Metal4 (guide).
[INFO DRT-0035]   Complete Via4 (guide).
[INFO DRT-0035]   Complete Metal5 (guide).
[INFO DRT-0036] Poly2 guide region query size = 0.
[INFO DRT-0036] CON guide region query size = 0.
[INFO DRT-0036] Metal1 guide region query size = 52751.
[INFO DRT-0036] Via1 guide region query size = 0.
[INFO DRT-0036] Metal2 guide region query size = 45846.
[INFO DRT-0036] Via2 guide region query size = 0.
[INFO DRT-0036] Metal3 guide region query size = 26953.
[INFO DRT-0036] Via3 guide region query size = 0.
[INFO DRT-0036] Metal4 guide region query size = 2371.
[INFO DRT-0036] Via4 guide region query size = 0.
[INFO DRT-0036] Metal5 guide region query size = 1025.
[INFO DRT-0179] Init gr pin query.
[INFO DRT-0245] skipped writing guide updates to database.
[INFO DRT-0185] Post process initialize RPin region query.
[INFO DRT-0181] Start track assignment.
[INFO DRT-0184] Done with 48217 vertical wires in 3 frboxes and 80729 horizontal wires in 3 frboxes.
[INFO DRT-0186] Done with 14676 vertical wires in 3 frboxes and 12307 horizontal wires in 3 frboxes.
[INFO DRT-0182] Complete track assignment.
[INFO DRT-0267] cpu time = 00:00:07, elapsed time = 00:00:03, memory = 643.93 (MB), peak = 643.93 (MB)
[INFO DRT-0187] Start routing data preparation.
[INFO DRT-0267] cpu time = 00:00:00, elapsed time = 00:00:00, memory = 643.93 (MB), peak = 643.93 (MB)
[INFO DRT-0194] Start detail routing.
[INFO DRT-0195] Start 0th optimization iteration.
    Completing 10% with 0 violations.
    elapsed time = 00:00:01, memory = 740.68 (MB).
    Completing 20% with 0 violations.
    elapsed time = 00:00:02, memory = 799.68 (MB).
    Completing 30% with 1817 violations.
    elapsed time = 00:00:03, memory = 837.06 (MB).
    Completing 40% with 1817 violations.
    elapsed time = 00:00:06, memory = 846.56 (MB).
    Completing 50% with 1817 violations.
    elapsed time = 00:00:07, memory = 850.31 (MB).
    Completing 60% with 3525 violations.
    elapsed time = 00:00:09, memory = 866.93 (MB).
    Completing 70% with 3525 violations.
    elapsed time = 00:00:10, memory = 880.56 (MB).
    Completing 80% with 5215 violations.
    elapsed time = 00:00:12, memory = 902.93 (MB).
    Completing 90% with 5215 violations.
    elapsed time = 00:00:14, memory = 925.56 (MB).
    Completing 100% with 6858 violations.
    elapsed time = 00:00:16, memory = 937.06 (MB).
[INFO DRT-0199]   Number of violations = 8283.
Viol/Layer      Metal1 Metal2 Metal3 Metal4
Metal Spacing      162    673      7      0
Recheck              0   1054    360     11
Short                0   5342    672      2
[INFO DRT-0267] cpu time = 00:02:57, elapsed time = 00:00:17, memory = 1184.68 (MB), peak = 1184.68 (MB)
Total wire length = 1582891 um.
Total wire length on LAYER Metal1 = 0 um.
Total wire length on LAYER Metal2 = 664480 um.
Total wire length on LAYER Metal3 = 651933 um.
Total wire length on LAYER Metal4 = 121864 um.
Total wire length on LAYER Metal5 = 144613 um.
Total number of vias = 133833.
Up-via summary (total 133833):

-----------------
  Poly2         0
 Metal1     61650
 Metal2     65117
 Metal3      5118
 Metal4      1948
-----------------
           133833


[INFO DRT-0195] Start 1st optimization iteration.
    Completing 10% with 8283 violations.
    elapsed time = 00:00:01, memory = 1188.93 (MB).
    Completing 20% with 8283 violations.
    elapsed time = 00:00:03, memory = 1193.43 (MB).
    Completing 30% with 7034 violations.
    elapsed time = 00:00:04, memory = 1198.31 (MB).
    Completing 40% with 7034 violations.
    elapsed time = 00:00:06, memory = 1200.93 (MB).
    Completing 50% with 7034 violations.
    elapsed time = 00:00:07, memory = 1204.43 (MB).
    Completing 60% with 5741 violations.
    elapsed time = 00:00:09, memory = 1204.43 (MB).
    Completing 70% with 5741 violations.
    elapsed time = 00:00:11, memory = 1204.43 (MB).
    Completing 80% with 4459 violations.
    elapsed time = 00:00:12, memory = 1206.68 (MB).
    Completing 90% with 4459 violations.
    elapsed time = 00:00:14, memory = 1206.68 (MB).
    Completing 100% with 3299 violations.
    elapsed time = 00:00:16, memory = 1207.31 (MB).
[INFO DRT-0199]   Number of violations = 3301.
Viol/Layer      Metal1 Metal2 Metal3 Metal4
Metal Spacing       18    444     10      0
Recheck              1      1      0      0
Short                0   2717    106      4
[INFO DRT-0267] cpu time = 00:02:51, elapsed time = 00:00:16, memory = 1213.31 (MB), peak = 1213.31 (MB)
Total wire length = 1577886 um.
Total wire length on LAYER Metal1 = 0 um.
Total wire length on LAYER Metal2 = 658671 um.
Total wire length on LAYER Metal3 = 650223 um.
Total wire length on LAYER Metal4 = 124556 um.
Total wire length on LAYER Metal5 = 144436 um.
Total number of vias = 134407.
Up-via summary (total 134407):

-----------------
  Poly2         0
 Metal1     61637
 Metal2     64988
 Metal3      5806
 Metal4      1976
-----------------
           134407


[INFO DRT-0195] Start 2nd optimization iteration.
    Completing 10% with 3301 violations.
    elapsed time = 00:00:01, memory = 1216.93 (MB).
    Completing 20% with 3301 violations.
    elapsed time = 00:00:02, memory = 1217.18 (MB).
    Completing 30% with 3210 violations.
    elapsed time = 00:00:04, memory = 1217.18 (MB).
    Completing 40% with 3210 violations.
    elapsed time = 00:00:06, memory = 1217.18 (MB).
    Completing 50% with 3210 violations.
    elapsed time = 00:00:08, memory = 1218.18 (MB).
    Completing 60% with 3249 violations.
    elapsed time = 00:00:09, memory = 1218.18 (MB).
    Completing 70% with 3249 violations.
    elapsed time = 00:00:11, memory = 1218.18 (MB).
    Completing 80% with 3142 violations.
    elapsed time = 00:00:12, memory = 1218.18 (MB).
    Completing 90% with 3142 violations.
    elapsed time = 00:00:14, memory = 1219.56 (MB).
    Completing 100% with 3123 violations.
    elapsed time = 00:00:15, memory = 1219.56 (MB).
[INFO DRT-0199]   Number of violations = 3123.
Viol/Layer      Metal1 Metal2 Metal3 Metal4 Metal5
Metal Spacing       16    401      6      0      0
Short                0   2572    123      4      1
[INFO DRT-0267] cpu time = 00:02:43, elapsed time = 00:00:15, memory = 1225.56 (MB), peak = 1225.56 (MB)
Total wire length = 1576827 um.
Total wire length on LAYER Metal1 = 0 um.
Total wire length on LAYER Metal2 = 657854 um.
Total wire length on LAYER Metal3 = 649858 um.
Total wire length on LAYER Metal4 = 124666 um.
Total wire length on LAYER Metal5 = 144447 um.
Total number of vias = 134191.
Up-via summary (total 134191):

-----------------
  Poly2         0
 Metal1     61636
 Metal2     64873
 Metal3      5731
 Metal4      1951
-----------------
           134191


[INFO DRT-0195] Start 3rd optimization iteration.
    Completing 10% with 3123 violations.
    elapsed time = 00:00:00, memory = 1225.56 (MB).
    Completing 20% with 3123 violations.
    elapsed time = 00:00:00, memory = 1225.56 (MB).
    Completing 30% with 2335 violations.
    elapsed time = 00:00:01, memory = 1225.56 (MB).
    Completing 40% with 2335 violations.
    elapsed time = 00:00:02, memory = 1226.18 (MB).
    Completing 50% with 2335 violations.
    elapsed time = 00:00:02, memory = 1226.18 (MB).
    Completing 60% with 1599 violations.
    elapsed time = 00:00:03, memory = 1226.18 (MB).
    Completing 70% with 1599 violations.
    elapsed time = 00:00:04, memory = 1226.18 (MB).
    Completing 80% with 765 violations.
    elapsed time = 00:00:05, memory = 1226.18 (MB).
    Completing 90% with 765 violations.
    elapsed time = 00:00:05, memory = 1226.18 (MB).
    Completing 100% with 18 violations.
    elapsed time = 00:00:06, memory = 1227.18 (MB).
[INFO DRT-0199]   Number of violations = 18.
Viol/Layer      Metal2 Metal4
Metal Spacing        8      2
Short                6      2
[INFO DRT-0267] cpu time = 00:00:51, elapsed time = 00:00:07, memory = 1227.18 (MB), peak = 1227.18 (MB)
Total wire length = 1574029 um.
Total wire length on LAYER Metal1 = 0 um.
Total wire length on LAYER Metal2 = 608297 um.
Total wire length on LAYER Metal3 = 650979 um.
Total wire length on LAYER Metal4 = 169369 um.
Total wire length on LAYER Metal5 = 145383 um.
Total number of vias = 139462.
Up-via summary (total 139462):

-----------------
  Poly2         0
 Metal1     61636
 Metal2     66142
 Metal3      9649
 Metal4      2035
-----------------
           139462


[INFO DRT-0195] Start 4th optimization iteration.
    Completing 10% with 18 violations.
    elapsed time = 00:00:00, memory = 1227.18 (MB).
    Completing 20% with 18 violations.
    elapsed time = 00:00:00, memory = 1227.18 (MB).
    Completing 30% with 10 violations.
    elapsed time = 00:00:00, memory = 1227.18 (MB).
    Completing 40% with 10 violations.
    elapsed time = 00:00:00, memory = 1227.18 (MB).
    Completing 50% with 10 violations.
    elapsed time = 00:00:00, memory = 1227.18 (MB).
    Completing 60% with 9 violations.
    elapsed time = 00:00:00, memory = 1227.18 (MB).
    Completing 70% with 9 violations.
    elapsed time = 00:00:00, memory = 1227.18 (MB).
    Completing 80% with 4 violations.
    elapsed time = 00:00:00, memory = 1227.18 (MB).
    Completing 90% with 4 violations.
    elapsed time = 00:00:00, memory = 1227.18 (MB).
    Completing 100% with 3 violations.
    elapsed time = 00:00:00, memory = 1227.18 (MB).
[INFO DRT-0199]   Number of violations = 3.
Viol/Layer      Metal2
Metal Spacing        1
Short                2
[INFO DRT-0267] cpu time = 00:00:02, elapsed time = 00:00:00, memory = 1227.18 (MB), peak = 1227.18 (MB)
Total wire length = 1574013 um.
Total wire length on LAYER Metal1 = 0 um.
Total wire length on LAYER Metal2 = 608133 um.
Total wire length on LAYER Metal3 = 650993 um.
Total wire length on LAYER Metal4 = 169505 um.
Total wire length on LAYER Metal5 = 145380 um.
Total number of vias = 139468.
Up-via summary (total 139468):

-----------------
  Poly2         0
 Metal1     61636
 Metal2     66144
 Metal3      9655
 Metal4      2033
-----------------
           139468


[INFO DRT-0195] Start 5th optimization iteration.
    Completing 10% with 3 violations.
    elapsed time = 00:00:00, memory = 1227.18 (MB).
    Completing 20% with 3 violations.
    elapsed time = 00:00:00, memory = 1227.18 (MB).
    Completing 30% with 3 violations.
    elapsed time = 00:00:00, memory = 1227.18 (MB).
    Completing 40% with 3 violations.
    elapsed time = 00:00:00, memory = 1227.18 (MB).
    Completing 50% with 3 violations.
    elapsed time = 00:00:00, memory = 1227.18 (MB).
    Completing 60% with 3 violations.
    elapsed time = 00:00:00, memory = 1227.18 (MB).
    Completing 70% with 3 violations.
    elapsed time = 00:00:00, memory = 1227.18 (MB).
    Completing 80% with 3 violations.
    elapsed time = 00:00:00, memory = 1227.18 (MB).
    Completing 90% with 3 violations.
    elapsed time = 00:00:00, memory = 1227.18 (MB).
    Completing 100% with 3 violations.
    elapsed time = 00:00:00, memory = 1227.18 (MB).
[INFO DRT-0199]   Number of violations = 3.
Viol/Layer      Metal2
Metal Spacing        1
Short                2
[INFO DRT-0267] cpu time = 00:00:01, elapsed time = 00:00:00, memory = 1227.18 (MB), peak = 1227.18 (MB)
Total wire length = 1574013 um.
Total wire length on LAYER Metal1 = 0 um.
Total wire length on LAYER Metal2 = 608133 um.
Total wire length on LAYER Metal3 = 650993 um.
Total wire length on LAYER Metal4 = 169505 um.
Total wire length on LAYER Metal5 = 145380 um.
Total number of vias = 139468.
Up-via summary (total 139468):

-----------------
  Poly2         0
 Metal1     61636
 Metal2     66144
 Metal3      9655
 Metal4      2033
-----------------
           139468


[INFO DRT-0195] Start 6th optimization iteration.
    Completing 10% with 3 violations.
    elapsed time = 00:00:00, memory = 1227.18 (MB).
    Completing 20% with 3 violations.
    elapsed time = 00:00:00, memory = 1227.18 (MB).
    Completing 30% with 3 violations.
    elapsed time = 00:00:00, memory = 1227.18 (MB).
    Completing 40% with 3 violations.
    elapsed time = 00:00:00, memory = 1227.18 (MB).
    Completing 50% with 3 violations.
    elapsed time = 00:00:00, memory = 1227.18 (MB).
    Completing 60% with 3 violations.
    elapsed time = 00:00:00, memory = 1227.18 (MB).
    Completing 70% with 3 violations.
    elapsed time = 00:00:00, memory = 1227.18 (MB).
    Completing 80% with 3 violations.
    elapsed time = 00:00:00, memory = 1227.18 (MB).
    Completing 90% with 3 violations.
    elapsed time = 00:00:00, memory = 1227.18 (MB).
    Completing 100% with 3 violations.
    elapsed time = 00:00:00, memory = 1227.18 (MB).
[INFO DRT-0199]   Number of violations = 3.
Viol/Layer      Metal2
Metal Spacing        1
Short                2
[INFO DRT-0267] cpu time = 00:00:01, elapsed time = 00:00:00, memory = 1227.18 (MB), peak = 1227.18 (MB)
Total wire length = 1574013 um.
Total wire length on LAYER Metal1 = 0 um.
Total wire length on LAYER Metal2 = 608133 um.
Total wire length on LAYER Metal3 = 650993 um.
Total wire length on LAYER Metal4 = 169505 um.
Total wire length on LAYER Metal5 = 145380 um.
Total number of vias = 139468.
Up-via summary (total 139468):

-----------------
  Poly2         0
 Metal1     61636
 Metal2     66144
 Metal3      9655
 Metal4      2033
-----------------
           139468


[INFO DRT-0195] Start 7th optimization iteration.
    Completing 10% with 3 violations.
    elapsed time = 00:00:00, memory = 1227.18 (MB).
    Completing 20% with 3 violations.
    elapsed time = 00:00:00, memory = 1227.18 (MB).
    Completing 30% with 3 violations.
    elapsed time = 00:00:00, memory = 1227.18 (MB).
    Completing 40% with 3 violations.
    elapsed time = 00:00:00, memory = 1227.18 (MB).
    Completing 50% with 3 violations.
    elapsed time = 00:00:00, memory = 1227.18 (MB).
    Completing 60% with 3 violations.
    elapsed time = 00:00:00, memory = 1227.18 (MB).
    Completing 70% with 3 violations.
    elapsed time = 00:00:00, memory = 1227.18 (MB).
    Completing 80% with 3 violations.
    elapsed time = 00:00:00, memory = 1227.18 (MB).
    Completing 90% with 3 violations.
    elapsed time = 00:00:00, memory = 1227.18 (MB).
    Completing 100% with 3 violations.
    elapsed time = 00:00:00, memory = 1227.18 (MB).
[INFO DRT-0199]   Number of violations = 3.
Viol/Layer      Metal2
Metal Spacing        1
Short                2
[INFO DRT-0267] cpu time = 00:00:00, elapsed time = 00:00:00, memory = 1227.18 (MB), peak = 1227.18 (MB)
Total wire length = 1574013 um.
Total wire length on LAYER Metal1 = 0 um.
Total wire length on LAYER Metal2 = 608133 um.
Total wire length on LAYER Metal3 = 650993 um.
Total wire length on LAYER Metal4 = 169505 um.
Total wire length on LAYER Metal5 = 145380 um.
Total number of vias = 139468.
Up-via summary (total 139468):

-----------------
  Poly2         0
 Metal1     61636
 Metal2     66144
 Metal3      9655
 Metal4      2033
-----------------
           139468


[INFO DRT-0195] Start 8th optimization iteration.
    Completing 10% with 3 violations.
    elapsed time = 00:00:00, memory = 1227.18 (MB).
    Completing 20% with 3 violations.
    elapsed time = 00:00:00, memory = 1227.18 (MB).
    Completing 30% with 3 violations.
    elapsed time = 00:00:00, memory = 1227.18 (MB).
    Completing 40% with 3 violations.
    elapsed time = 00:00:00, memory = 1227.18 (MB).
    Completing 50% with 3 violations.
    elapsed time = 00:00:00, memory = 1227.18 (MB).
    Completing 60% with 3 violations.
    elapsed time = 00:00:00, memory = 1227.18 (MB).
    Completing 70% with 3 violations.
    elapsed time = 00:00:00, memory = 1227.18 (MB).
    Completing 80% with 3 violations.
    elapsed time = 00:00:00, memory = 1227.18 (MB).
    Completing 90% with 3 violations.
    elapsed time = 00:00:00, memory = 1227.18 (MB).
    Completing 100% with 3 violations.
    elapsed time = 00:00:00, memory = 1227.18 (MB).
[INFO DRT-0199]   Number of violations = 3.
Viol/Layer      Metal2
Metal Spacing        1
Short                2
[INFO DRT-0267] cpu time = 00:00:01, elapsed time = 00:00:00, memory = 1227.18 (MB), peak = 1227.18 (MB)
Total wire length = 1574013 um.
Total wire length on LAYER Metal1 = 0 um.
Total wire length on LAYER Metal2 = 608133 um.
Total wire length on LAYER Metal3 = 650993 um.
Total wire length on LAYER Metal4 = 169505 um.
Total wire length on LAYER Metal5 = 145380 um.
Total number of vias = 139468.
Up-via summary (total 139468):

-----------------
  Poly2         0
 Metal1     61636
 Metal2     66144
 Metal3      9655
 Metal4      2033
-----------------
           139468


[INFO DRT-0195] Start 9th optimization iteration.
    Completing 10% with 3 violations.
    elapsed time = 00:00:00, memory = 1227.18 (MB).
    Completing 20% with 3 violations.
    elapsed time = 00:00:00, memory = 1227.18 (MB).
    Completing 30% with 3 violations.
    elapsed time = 00:00:00, memory = 1227.18 (MB).
    Completing 40% with 3 violations.
    elapsed time = 00:00:00, memory = 1227.18 (MB).
    Completing 50% with 3 violations.
    elapsed time = 00:00:00, memory = 1227.18 (MB).
    Completing 60% with 3 violations.
    elapsed time = 00:00:00, memory = 1227.18 (MB).
    Completing 70% with 3 violations.
    elapsed time = 00:00:00, memory = 1227.18 (MB).
    Completing 80% with 3 violations.
    elapsed time = 00:00:00, memory = 1227.18 (MB).
    Completing 90% with 3 violations.
    elapsed time = 00:00:00, memory = 1227.18 (MB).
    Completing 100% with 3 violations.
    elapsed time = 00:00:00, memory = 1227.18 (MB).
[INFO DRT-0199]   Number of violations = 3.
Viol/Layer      Metal2
Metal Spacing        1
Short                2
[INFO DRT-0267] cpu time = 00:00:00, elapsed time = 00:00:00, memory = 1227.18 (MB), peak = 1227.18 (MB)
Total wire length = 1574014 um.
Total wire length on LAYER Metal1 = 0 um.
Total wire length on LAYER Metal2 = 608131 um.
Total wire length on LAYER Metal3 = 650994 um.
Total wire length on LAYER Metal4 = 169508 um.
Total wire length on LAYER Metal5 = 145380 um.
Total number of vias = 139470.
Up-via summary (total 139470):

-----------------
  Poly2         0
 Metal1     61636
 Metal2     66144
 Metal3      9657
 Metal4      2033
-----------------
           139470


[INFO DRT-0195] Start 10th optimization iteration.
    Completing 10% with 3 violations.
    elapsed time = 00:00:00, memory = 1227.18 (MB).
    Completing 20% with 3 violations.
    elapsed time = 00:00:00, memory = 1227.18 (MB).
    Completing 30% with 3 violations.
    elapsed time = 00:00:00, memory = 1227.18 (MB).
    Completing 40% with 3 violations.
    elapsed time = 00:00:00, memory = 1227.18 (MB).
    Completing 50% with 3 violations.
    elapsed time = 00:00:00, memory = 1227.18 (MB).
    Completing 60% with 3 violations.
    elapsed time = 00:00:00, memory = 1227.18 (MB).
    Completing 70% with 3 violations.
    elapsed time = 00:00:00, memory = 1227.18 (MB).
    Completing 80% with 3 violations.
    elapsed time = 00:00:00, memory = 1227.18 (MB).
    Completing 90% with 3 violations.
    elapsed time = 00:00:00, memory = 1227.18 (MB).
    Completing 100% with 3 violations.
    elapsed time = 00:00:00, memory = 1227.18 (MB).
[INFO DRT-0199]   Number of violations = 3.
Viol/Layer      Metal2
Metal Spacing        1
Short                2
[INFO DRT-0267] cpu time = 00:00:01, elapsed time = 00:00:00, memory = 1227.18 (MB), peak = 1227.18 (MB)
Total wire length = 1574014 um.
Total wire length on LAYER Metal1 = 0 um.
Total wire length on LAYER Metal2 = 608135 um.
Total wire length on LAYER Metal3 = 650992 um.
Total wire length on LAYER Metal4 = 169505 um.
Total wire length on LAYER Metal5 = 145380 um.
Total number of vias = 139468.
Up-via summary (total 139468):

-----------------
  Poly2         0
 Metal1     61636
 Metal2     66144
 Metal3      9655
 Metal4      2033
-----------------
           139468


[INFO DRT-0195] Start 11th optimization iteration.
    Completing 10% with 3 violations.
    elapsed time = 00:00:00, memory = 1227.18 (MB).
    Completing 20% with 3 violations.
    elapsed time = 00:00:00, memory = 1227.18 (MB).
    Completing 30% with 3 violations.
    elapsed time = 00:00:00, memory = 1227.18 (MB).
    Completing 40% with 3 violations.
    elapsed time = 00:00:00, memory = 1227.18 (MB).
    Completing 50% with 3 violations.
    elapsed time = 00:00:00, memory = 1227.18 (MB).
    Completing 60% with 3 violations.
    elapsed time = 00:00:00, memory = 1227.18 (MB).
    Completing 70% with 3 violations.
    elapsed time = 00:00:00, memory = 1227.18 (MB).
    Completing 80% with 3 violations.
    elapsed time = 00:00:00, memory = 1227.18 (MB).
    Completing 90% with 3 violations.
    elapsed time = 00:00:00, memory = 1227.18 (MB).
    Completing 100% with 3 violations.
    elapsed time = 00:00:00, memory = 1227.18 (MB).
[INFO DRT-0199]   Number of violations = 3.
Viol/Layer      Metal2
Metal Spacing        1
Short                2
[INFO DRT-0267] cpu time = 00:00:01, elapsed time = 00:00:00, memory = 1227.18 (MB), peak = 1227.18 (MB)
Total wire length = 1574015 um.
Total wire length on LAYER Metal1 = 0 um.
Total wire length on LAYER Metal2 = 608135 um.
Total wire length on LAYER Metal3 = 650994 um.
Total wire length on LAYER Metal4 = 169505 um.
Total wire length on LAYER Metal5 = 145380 um.
Total number of vias = 139468.
Up-via summary (total 139468):

-----------------
  Poly2         0
 Metal1     61636
 Metal2     66144
 Metal3      9655
 Metal4      2033
-----------------
           139468


[INFO DRT-0195] Start 12th optimization iteration.
    Completing 10% with 3 violations.
    elapsed time = 00:00:00, memory = 1227.18 (MB).
    Completing 20% with 3 violations.
    elapsed time = 00:00:00, memory = 1227.18 (MB).
    Completing 30% with 3 violations.
    elapsed time = 00:00:00, memory = 1227.18 (MB).
    Completing 40% with 3 violations.
    elapsed time = 00:00:00, memory = 1227.18 (MB).
    Completing 50% with 3 violations.
    elapsed time = 00:00:00, memory = 1227.18 (MB).
    Completing 60% with 3 violations.
    elapsed time = 00:00:00, memory = 1227.18 (MB).
    Completing 70% with 3 violations.
    elapsed time = 00:00:00, memory = 1227.18 (MB).
    Completing 80% with 3 violations.
    elapsed time = 00:00:00, memory = 1227.18 (MB).
    Completing 90% with 3 violations.
    elapsed time = 00:00:00, memory = 1227.18 (MB).
    Completing 100% with 3 violations.
    elapsed time = 00:00:00, memory = 1227.18 (MB).
[INFO DRT-0199]   Number of violations = 3.
Viol/Layer      Metal2
Metal Spacing        1
Short                2
[INFO DRT-0267] cpu time = 00:00:01, elapsed time = 00:00:00, memory = 1227.18 (MB), peak = 1227.18 (MB)
Total wire length = 1574014 um.
Total wire length on LAYER Metal1 = 0 um.
Total wire length on LAYER Metal2 = 608135 um.
Total wire length on LAYER Metal3 = 650992 um.
Total wire length on LAYER Metal4 = 169505 um.
Total wire length on LAYER Metal5 = 145380 um.
Total number of vias = 139468.
Up-via summary (total 139468):

-----------------
  Poly2         0
 Metal1     61636
 Metal2     66144
 Metal3      9655
 Metal4      2033
-----------------
           139468


[INFO DRT-0195] Start 13th optimization iteration.
    Completing 10% with 3 violations.
    elapsed time = 00:00:00, memory = 1227.18 (MB).
    Completing 20% with 3 violations.
    elapsed time = 00:00:00, memory = 1227.18 (MB).
    Completing 30% with 3 violations.
    elapsed time = 00:00:00, memory = 1227.18 (MB).
    Completing 40% with 3 violations.
    elapsed time = 00:00:00, memory = 1227.18 (MB).
    Completing 50% with 3 violations.
    elapsed time = 00:00:00, memory = 1227.18 (MB).
    Completing 60% with 3 violations.
    elapsed time = 00:00:00, memory = 1227.18 (MB).
    Completing 70% with 3 violations.
    elapsed time = 00:00:00, memory = 1227.18 (MB).
    Completing 80% with 3 violations.
    elapsed time = 00:00:00, memory = 1227.18 (MB).
    Completing 90% with 3 violations.
    elapsed time = 00:00:00, memory = 1227.18 (MB).
    Completing 100% with 3 violations.
    elapsed time = 00:00:00, memory = 1227.18 (MB).
[INFO DRT-0199]   Number of violations = 3.
Viol/Layer      Metal2
Metal Spacing        1
Short                2
[INFO DRT-0267] cpu time = 00:00:01, elapsed time = 00:00:00, memory = 1227.18 (MB), peak = 1227.18 (MB)
Total wire length = 1574015 um.
Total wire length on LAYER Metal1 = 0 um.
Total wire length on LAYER Metal2 = 608135 um.
Total wire length on LAYER Metal3 = 650994 um.
Total wire length on LAYER Metal4 = 169505 um.
Total wire length on LAYER Metal5 = 145380 um.
Total number of vias = 139468.
Up-via summary (total 139468):

-----------------
  Poly2         0
 Metal1     61636
 Metal2     66144
 Metal3      9655
 Metal4      2033
-----------------
           139468


[INFO DRT-0195] Start 14th optimization iteration.
    Completing 10% with 3 violations.
    elapsed time = 00:00:00, memory = 1227.18 (MB).
    Completing 20% with 3 violations.
    elapsed time = 00:00:00, memory = 1227.18 (MB).
    Completing 30% with 3 violations.
    elapsed time = 00:00:00, memory = 1227.18 (MB).
    Completing 40% with 3 violations.
    elapsed time = 00:00:00, memory = 1227.18 (MB).
    Completing 50% with 3 violations.
    elapsed time = 00:00:00, memory = 1227.18 (MB).
    Completing 60% with 3 violations.
    elapsed time = 00:00:00, memory = 1227.18 (MB).
    Completing 70% with 3 violations.
    elapsed time = 00:00:00, memory = 1227.18 (MB).
    Completing 80% with 3 violations.
    elapsed time = 00:00:00, memory = 1227.18 (MB).
    Completing 90% with 3 violations.
    elapsed time = 00:00:00, memory = 1227.18 (MB).
    Completing 100% with 3 violations.
    elapsed time = 00:00:00, memory = 1227.18 (MB).
[INFO DRT-0199]   Number of violations = 3.
Viol/Layer      Metal2
Metal Spacing        1
Short                2
[INFO DRT-0267] cpu time = 00:00:00, elapsed time = 00:00:00, memory = 1227.18 (MB), peak = 1227.18 (MB)
Total wire length = 1574015 um.
Total wire length on LAYER Metal1 = 0 um.
Total wire length on LAYER Metal2 = 608135 um.
Total wire length on LAYER Metal3 = 650994 um.
Total wire length on LAYER Metal4 = 169505 um.
Total wire length on LAYER Metal5 = 145380 um.
Total number of vias = 139468.
Up-via summary (total 139468):

-----------------
  Poly2         0
 Metal1     61636
 Metal2     66144
 Metal3      9655
 Metal4      2033
-----------------
           139468


[INFO DRT-0195] Start 15th optimization iteration.
    Completing 10% with 3 violations.
    elapsed time = 00:00:00, memory = 1227.18 (MB).
    Completing 20% with 3 violations.
    elapsed time = 00:00:00, memory = 1227.18 (MB).
    Completing 30% with 3 violations.
    elapsed time = 00:00:00, memory = 1227.18 (MB).
    Completing 40% with 3 violations.
    elapsed time = 00:00:00, memory = 1227.18 (MB).
    Completing 50% with 3 violations.
    elapsed time = 00:00:00, memory = 1227.18 (MB).
    Completing 60% with 3 violations.
    elapsed time = 00:00:00, memory = 1227.18 (MB).
    Completing 70% with 3 violations.
    elapsed time = 00:00:00, memory = 1227.18 (MB).
    Completing 80% with 3 violations.
    elapsed time = 00:00:00, memory = 1227.18 (MB).
    Completing 90% with 3 violations.
    elapsed time = 00:00:00, memory = 1227.18 (MB).
    Completing 100% with 3 violations.
    elapsed time = 00:00:00, memory = 1227.18 (MB).
[INFO DRT-0199]   Number of violations = 3.
Viol/Layer      Metal2
Metal Spacing        1
Short                2
[INFO DRT-0267] cpu time = 00:00:00, elapsed time = 00:00:00, memory = 1227.18 (MB), peak = 1227.18 (MB)
Total wire length = 1574014 um.
Total wire length on LAYER Metal1 = 0 um.
Total wire length on LAYER Metal2 = 608135 um.
Total wire length on LAYER Metal3 = 650992 um.
Total wire length on LAYER Metal4 = 169505 um.
Total wire length on LAYER Metal5 = 145380 um.
Total number of vias = 139468.
Up-via summary (total 139468):

-----------------
  Poly2         0
 Metal1     61636
 Metal2     66144
 Metal3      9655
 Metal4      2033
-----------------
           139468


[INFO DRT-0195] Start 16th optimization iteration.
    Completing 10% with 3 violations.
    elapsed time = 00:00:00, memory = 1227.18 (MB).
    Completing 20% with 3 violations.
    elapsed time = 00:00:00, memory = 1227.18 (MB).
    Completing 30% with 3 violations.
    elapsed time = 00:00:00, memory = 1227.18 (MB).
    Completing 40% with 3 violations.
    elapsed time = 00:00:00, memory = 1227.18 (MB).
    Completing 50% with 3 violations.
    elapsed time = 00:00:00, memory = 1227.18 (MB).
    Completing 60% with 3 violations.
    elapsed time = 00:00:00, memory = 1227.18 (MB).
    Completing 70% with 3 violations.
    elapsed time = 00:00:00, memory = 1227.18 (MB).
    Completing 80% with 3 violations.
    elapsed time = 00:00:00, memory = 1227.18 (MB).
    Completing 90% with 3 violations.
    elapsed time = 00:00:00, memory = 1227.18 (MB).
    Completing 100% with 3 violations.
    elapsed time = 00:00:00, memory = 1227.18 (MB).
[INFO DRT-0199]   Number of violations = 3.
Viol/Layer      Metal2
Metal Spacing        1
Short                2
[INFO DRT-0267] cpu time = 00:00:01, elapsed time = 00:00:00, memory = 1227.18 (MB), peak = 1227.18 (MB)
Total wire length = 1574014 um.
Total wire length on LAYER Metal1 = 0 um.
Total wire length on LAYER Metal2 = 608135 um.
Total wire length on LAYER Metal3 = 650992 um.
Total wire length on LAYER Metal4 = 169505 um.
Total wire length on LAYER Metal5 = 145380 um.
Total number of vias = 139468.
Up-via summary (total 139468):

-----------------
  Poly2         0
 Metal1     61636
 Metal2     66144
 Metal3      9655
 Metal4      2033
-----------------
           139468


[INFO DRT-0195] Start 17th optimization iteration.
    Completing 10% with 3 violations.
    elapsed time = 00:00:00, memory = 1227.18 (MB).
    Completing 20% with 3 violations.
    elapsed time = 00:00:00, memory = 1227.18 (MB).
    Completing 30% with 7 violations.
    elapsed time = 00:00:00, memory = 1227.18 (MB).
    Completing 40% with 7 violations.
    elapsed time = 00:00:00, memory = 1227.18 (MB).
    Completing 50% with 7 violations.
    elapsed time = 00:00:00, memory = 1227.18 (MB).
    Completing 60% with 8 violations.
    elapsed time = 00:00:00, memory = 1227.18 (MB).
    Completing 70% with 8 violations.
    elapsed time = 00:00:00, memory = 1227.18 (MB).
    Completing 80% with 8 violations.
    elapsed time = 00:00:00, memory = 1227.18 (MB).
    Completing 90% with 8 violations.
    elapsed time = 00:00:00, memory = 1227.18 (MB).
    Completing 100% with 8 violations.
    elapsed time = 00:00:00, memory = 1227.18 (MB).
[INFO DRT-0199]   Number of violations = 8.
Viol/Layer      Metal2
Metal Spacing        6
Short                2
[INFO DRT-0267] cpu time = 00:00:01, elapsed time = 00:00:00, memory = 1227.18 (MB), peak = 1227.18 (MB)
Total wire length = 1574005 um.
Total wire length on LAYER Metal1 = 0 um.
Total wire length on LAYER Metal2 = 608118 um.
Total wire length on LAYER Metal3 = 651000 um.
Total wire length on LAYER Metal4 = 169505 um.
Total wire length on LAYER Metal5 = 145380 um.
Total number of vias = 139473.
Up-via summary (total 139473):

-----------------
  Poly2         0
 Metal1     61636
 Metal2     66149
 Metal3      9655
 Metal4      2033
-----------------
           139473


[INFO DRT-0195] Start 18th optimization iteration.
    Completing 10% with 8 violations.
    elapsed time = 00:00:00, memory = 1227.18 (MB).
    Completing 20% with 8 violations.
    elapsed time = 00:00:00, memory = 1227.18 (MB).
    Completing 30% with 4 violations.
    elapsed time = 00:00:00, memory = 1227.18 (MB).
    Completing 40% with 4 violations.
    elapsed time = 00:00:00, memory = 1227.18 (MB).
    Completing 50% with 4 violations.
    elapsed time = 00:00:00, memory = 1227.18 (MB).
    Completing 60% with 4 violations.
    elapsed time = 00:00:00, memory = 1227.18 (MB).
    Completing 70% with 4 violations.
    elapsed time = 00:00:00, memory = 1227.18 (MB).
    Completing 80% with 4 violations.
    elapsed time = 00:00:00, memory = 1227.18 (MB).
    Completing 90% with 4 violations.
    elapsed time = 00:00:00, memory = 1227.18 (MB).
    Completing 100% with 4 violations.
    elapsed time = 00:00:00, memory = 1227.18 (MB).
[INFO DRT-0199]   Number of violations = 4.
Viol/Layer      Metal2
Metal Spacing        3
Short                1
[INFO DRT-0267] cpu time = 00:00:01, elapsed time = 00:00:00, memory = 1227.18 (MB), peak = 1227.18 (MB)
Total wire length = 1574007 um.
Total wire length on LAYER Metal1 = 0 um.
Total wire length on LAYER Metal2 = 608119 um.
Total wire length on LAYER Metal3 = 651001 um.
Total wire length on LAYER Metal4 = 169505 um.
Total wire length on LAYER Metal5 = 145380 um.
Total number of vias = 139473.
Up-via summary (total 139473):

-----------------
  Poly2         0
 Metal1     61636
 Metal2     66149
 Metal3      9655
 Metal4      2033
-----------------
           139473


[INFO DRT-0195] Start 19th optimization iteration.
    Completing 10% with 4 violations.
    elapsed time = 00:00:00, memory = 1227.18 (MB).
    Completing 20% with 4 violations.
    elapsed time = 00:00:00, memory = 1227.18 (MB).
    Completing 30% with 4 violations.
    elapsed time = 00:00:00, memory = 1227.18 (MB).
    Completing 40% with 4 violations.
    elapsed time = 00:00:00, memory = 1227.18 (MB).
    Completing 50% with 4 violations.
    elapsed time = 00:00:00, memory = 1227.18 (MB).
    Completing 60% with 4 violations.
    elapsed time = 00:00:00, memory = 1227.18 (MB).
    Completing 70% with 4 violations.
    elapsed time = 00:00:00, memory = 1227.18 (MB).
    Completing 80% with 4 violations.
    elapsed time = 00:00:00, memory = 1227.18 (MB).
    Completing 90% with 4 violations.
    elapsed time = 00:00:00, memory = 1227.18 (MB).
    Completing 100% with 4 violations.
    elapsed time = 00:00:00, memory = 1227.18 (MB).
[INFO DRT-0199]   Number of violations = 4.
Viol/Layer      Metal2
Metal Spacing        3
Short                1
[INFO DRT-0267] cpu time = 00:00:01, elapsed time = 00:00:00, memory = 1227.18 (MB), peak = 1227.18 (MB)
Total wire length = 1574007 um.
Total wire length on LAYER Metal1 = 0 um.
Total wire length on LAYER Metal2 = 608118 um.
Total wire length on LAYER Metal3 = 651002 um.
Total wire length on LAYER Metal4 = 169505 um.
Total wire length on LAYER Metal5 = 145380 um.
Total number of vias = 139473.
Up-via summary (total 139473):

-----------------
  Poly2         0
 Metal1     61636
 Metal2     66149
 Metal3      9655
 Metal4      2033
-----------------
           139473


[INFO DRT-0195] Start 20th optimization iteration.
    Completing 10% with 4 violations.
    elapsed time = 00:00:00, memory = 1227.18 (MB).
    Completing 20% with 4 violations.
    elapsed time = 00:00:00, memory = 1227.18 (MB).
    Completing 30% with 4 violations.
    elapsed time = 00:00:00, memory = 1227.18 (MB).
    Completing 40% with 4 violations.
    elapsed time = 00:00:00, memory = 1227.18 (MB).
    Completing 50% with 4 violations.
    elapsed time = 00:00:00, memory = 1227.18 (MB).
    Completing 60% with 4 violations.
    elapsed time = 00:00:00, memory = 1227.18 (MB).
    Completing 70% with 4 violations.
    elapsed time = 00:00:00, memory = 1227.18 (MB).
    Completing 80% with 4 violations.
    elapsed time = 00:00:00, memory = 1227.18 (MB).
    Completing 90% with 4 violations.
    elapsed time = 00:00:00, memory = 1227.18 (MB).
    Completing 100% with 4 violations.
    elapsed time = 00:00:00, memory = 1227.18 (MB).
[INFO DRT-0199]   Number of violations = 4.
Viol/Layer      Metal2
Metal Spacing        3
Short                1
[INFO DRT-0267] cpu time = 00:00:01, elapsed time = 00:00:00, memory = 1227.18 (MB), peak = 1227.18 (MB)
Total wire length = 1574007 um.
Total wire length on LAYER Metal1 = 0 um.
Total wire length on LAYER Metal2 = 608119 um.
Total wire length on LAYER Metal3 = 651002 um.
Total wire length on LAYER Metal4 = 169505 um.
Total wire length on LAYER Metal5 = 145380 um.
Total number of vias = 139473.
Up-via summary (total 139473):

-----------------
  Poly2         0
 Metal1     61636
 Metal2     66149
 Metal3      9655
 Metal4      2033
-----------------
           139473


[INFO DRT-0195] Start 21st optimization iteration.
    Completing 10% with 4 violations.
    elapsed time = 00:00:00, memory = 1227.18 (MB).
    Completing 20% with 4 violations.
    elapsed time = 00:00:00, memory = 1227.18 (MB).
    Completing 30% with 4 violations.
    elapsed time = 00:00:00, memory = 1227.18 (MB).
    Completing 40% with 4 violations.
    elapsed time = 00:00:00, memory = 1227.18 (MB).
    Completing 50% with 4 violations.
    elapsed time = 00:00:00, memory = 1227.18 (MB).
    Completing 60% with 4 violations.
    elapsed time = 00:00:00, memory = 1227.18 (MB).
    Completing 70% with 4 violations.
    elapsed time = 00:00:00, memory = 1227.18 (MB).
    Completing 80% with 4 violations.
    elapsed time = 00:00:00, memory = 1227.18 (MB).
    Completing 90% with 4 violations.
    elapsed time = 00:00:00, memory = 1227.18 (MB).
    Completing 100% with 4 violations.
    elapsed time = 00:00:00, memory = 1227.18 (MB).
[INFO DRT-0199]   Number of violations = 4.
Viol/Layer      Metal2
Metal Spacing        3
Short                1
[INFO DRT-0267] cpu time = 00:00:01, elapsed time = 00:00:00, memory = 1227.18 (MB), peak = 1227.18 (MB)
Total wire length = 1574007 um.
Total wire length on LAYER Metal1 = 0 um.
Total wire length on LAYER Metal2 = 608119 um.
Total wire length on LAYER Metal3 = 651002 um.
Total wire length on LAYER Metal4 = 169505 um.
Total wire length on LAYER Metal5 = 145380 um.
Total number of vias = 139473.
Up-via summary (total 139473):

-----------------
  Poly2         0
 Metal1     61636
 Metal2     66149
 Metal3      9655
 Metal4      2033
-----------------
           139473


[INFO DRT-0195] Start 22nd optimization iteration.
    Completing 10% with 4 violations.
    elapsed time = 00:00:00, memory = 1227.18 (MB).
    Completing 20% with 4 violations.
    elapsed time = 00:00:00, memory = 1227.18 (MB).
    Completing 30% with 4 violations.
    elapsed time = 00:00:00, memory = 1227.18 (MB).
    Completing 40% with 4 violations.
    elapsed time = 00:00:00, memory = 1227.18 (MB).
    Completing 50% with 4 violations.
    elapsed time = 00:00:00, memory = 1227.18 (MB).
    Completing 60% with 4 violations.
    elapsed time = 00:00:00, memory = 1227.18 (MB).
    Completing 70% with 4 violations.
    elapsed time = 00:00:00, memory = 1227.18 (MB).
    Completing 80% with 4 violations.
    elapsed time = 00:00:00, memory = 1227.18 (MB).
    Completing 90% with 4 violations.
    elapsed time = 00:00:00, memory = 1227.18 (MB).
    Completing 100% with 4 violations.
    elapsed time = 00:00:00, memory = 1227.18 (MB).
[INFO DRT-0199]   Number of violations = 4.
Viol/Layer      Metal2
Metal Spacing        3
Short                1
[INFO DRT-0267] cpu time = 00:00:00, elapsed time = 00:00:00, memory = 1227.18 (MB), peak = 1227.18 (MB)
Total wire length = 1574007 um.
Total wire length on LAYER Metal1 = 0 um.
Total wire length on LAYER Metal2 = 608118 um.
Total wire length on LAYER Metal3 = 651002 um.
Total wire length on LAYER Metal4 = 169505 um.
Total wire length on LAYER Metal5 = 145380 um.
Total number of vias = 139473.
Up-via summary (total 139473):

-----------------
  Poly2         0
 Metal1     61636
 Metal2     66149
 Metal3      9655
 Metal4      2033
-----------------
           139473


[INFO DRT-0195] Start 23rd optimization iteration.
    Completing 10% with 4 violations.
    elapsed time = 00:00:00, memory = 1227.18 (MB).
    Completing 20% with 4 violations.
    elapsed time = 00:00:00, memory = 1227.18 (MB).
    Completing 30% with 4 violations.
    elapsed time = 00:00:00, memory = 1227.18 (MB).
    Completing 40% with 4 violations.
    elapsed time = 00:00:00, memory = 1227.18 (MB).
    Completing 50% with 4 violations.
    elapsed time = 00:00:00, memory = 1227.18 (MB).
    Completing 60% with 4 violations.
    elapsed time = 00:00:00, memory = 1227.18 (MB).
    Completing 70% with 4 violations.
    elapsed time = 00:00:00, memory = 1227.18 (MB).
    Completing 80% with 4 violations.
    elapsed time = 00:00:00, memory = 1227.18 (MB).
    Completing 90% with 4 violations.
    elapsed time = 00:00:00, memory = 1227.18 (MB).
    Completing 100% with 4 violations.
    elapsed time = 00:00:00, memory = 1227.18 (MB).
[INFO DRT-0199]   Number of violations = 4.
Viol/Layer      Metal2
Metal Spacing        3
Short                1
[INFO DRT-0267] cpu time = 00:00:01, elapsed time = 00:00:00, memory = 1227.18 (MB), peak = 1227.18 (MB)
Total wire length = 1574007 um.
Total wire length on LAYER Metal1 = 0 um.
Total wire length on LAYER Metal2 = 608119 um.
Total wire length on LAYER Metal3 = 651001 um.
Total wire length on LAYER Metal4 = 169505 um.
Total wire length on LAYER Metal5 = 145380 um.
Total number of vias = 139473.
Up-via summary (total 139473):

-----------------
  Poly2         0
 Metal1     61636
 Metal2     66149
 Metal3      9655
 Metal4      2033
-----------------
           139473


[INFO DRT-0195] Start 24th optimization iteration.
    Completing 10% with 4 violations.
    elapsed time = 00:00:00, memory = 1227.18 (MB).
    Completing 20% with 4 violations.
    elapsed time = 00:00:00, memory = 1227.18 (MB).
    Completing 30% with 4 violations.
    elapsed time = 00:00:00, memory = 1227.18 (MB).
    Completing 40% with 4 violations.
    elapsed time = 00:00:00, memory = 1227.18 (MB).
    Completing 50% with 4 violations.
    elapsed time = 00:00:00, memory = 1227.18 (MB).
    Completing 60% with 4 violations.
    elapsed time = 00:00:00, memory = 1227.18 (MB).
    Completing 70% with 4 violations.
    elapsed time = 00:00:00, memory = 1227.18 (MB).
    Completing 80% with 4 violations.
    elapsed time = 00:00:00, memory = 1227.18 (MB).
    Completing 90% with 4 violations.
    elapsed time = 00:00:00, memory = 1227.18 (MB).
    Completing 100% with 4 violations.
    elapsed time = 00:00:00, memory = 1227.18 (MB).
[INFO DRT-0199]   Number of violations = 4.
Viol/Layer      Metal2
Metal Spacing        3
Short                1
[INFO DRT-0267] cpu time = 00:00:01, elapsed time = 00:00:00, memory = 1227.18 (MB), peak = 1227.18 (MB)
Total wire length = 1574007 um.
Total wire length on LAYER Metal1 = 0 um.
Total wire length on LAYER Metal2 = 608120 um.
Total wire length on LAYER Metal3 = 651001 um.
Total wire length on LAYER Metal4 = 169505 um.
Total wire length on LAYER Metal5 = 145380 um.
Total number of vias = 139473.
Up-via summary (total 139473):

-----------------
  Poly2         0
 Metal1     61636
 Metal2     66149
 Metal3      9655
 Metal4      2033
-----------------
           139473


[INFO DRT-0195] Start 25th optimization iteration.
    Completing 10% with 4 violations.
    elapsed time = 00:00:00, memory = 1227.18 (MB).
    Completing 20% with 4 violations.
    elapsed time = 00:00:00, memory = 1227.18 (MB).
    Completing 30% with 6 violations.
    elapsed time = 00:00:00, memory = 1227.18 (MB).
    Completing 40% with 6 violations.
    elapsed time = 00:00:00, memory = 1227.18 (MB).
    Completing 50% with 6 violations.
    elapsed time = 00:00:00, memory = 1227.18 (MB).
    Completing 60% with 6 violations.
    elapsed time = 00:00:00, memory = 1227.18 (MB).
    Completing 70% with 6 violations.
    elapsed time = 00:00:00, memory = 1227.18 (MB).
    Completing 80% with 6 violations.
    elapsed time = 00:00:00, memory = 1227.18 (MB).
    Completing 90% with 6 violations.
    elapsed time = 00:00:00, memory = 1227.18 (MB).
    Completing 100% with 6 violations.
    elapsed time = 00:00:00, memory = 1227.18 (MB).
[INFO DRT-0199]   Number of violations = 6.
Viol/Layer      Metal2
Metal Spacing        4
Short                2
[INFO DRT-0267] cpu time = 00:00:00, elapsed time = 00:00:00, memory = 1227.18 (MB), peak = 1227.18 (MB)
Total wire length = 1574006 um.
Total wire length on LAYER Metal1 = 0 um.
Total wire length on LAYER Metal2 = 608121 um.
Total wire length on LAYER Metal3 = 650998 um.
Total wire length on LAYER Metal4 = 169505 um.
Total wire length on LAYER Metal5 = 145380 um.
Total number of vias = 139473.
Up-via summary (total 139473):

-----------------
  Poly2         0
 Metal1     61636
 Metal2     66149
 Metal3      9655
 Metal4      2033
-----------------
           139473


[INFO DRT-0195] Start 26th optimization iteration.
    Completing 10% with 6 violations.
    elapsed time = 00:00:00, memory = 1227.18 (MB).
    Completing 20% with 6 violations.
    elapsed time = 00:00:00, memory = 1227.18 (MB).
    Completing 30% with 6 violations.
    elapsed time = 00:00:00, memory = 1227.18 (MB).
    Completing 40% with 6 violations.
    elapsed time = 00:00:00, memory = 1227.18 (MB).
    Completing 50% with 6 violations.
    elapsed time = 00:00:00, memory = 1227.18 (MB).
    Completing 60% with 6 violations.
    elapsed time = 00:00:00, memory = 1227.18 (MB).
    Completing 70% with 6 violations.
    elapsed time = 00:00:00, memory = 1227.18 (MB).
    Completing 80% with 6 violations.
    elapsed time = 00:00:00, memory = 1227.18 (MB).
    Completing 90% with 6 violations.
    elapsed time = 00:00:00, memory = 1227.18 (MB).
    Completing 100% with 6 violations.
    elapsed time = 00:00:00, memory = 1227.18 (MB).
[INFO DRT-0199]   Number of violations = 6.
Viol/Layer      Metal2
Metal Spacing        3
Short                3
[INFO DRT-0267] cpu time = 00:00:01, elapsed time = 00:00:01, memory = 1227.18 (MB), peak = 1227.18 (MB)
Total wire length = 1574006 um.
Total wire length on LAYER Metal1 = 0 um.
Total wire length on LAYER Metal2 = 608118 um.
Total wire length on LAYER Metal3 = 651002 um.
Total wire length on LAYER Metal4 = 169505 um.
Total wire length on LAYER Metal5 = 145380 um.
Total number of vias = 139473.
Up-via summary (total 139473):

-----------------
  Poly2         0
 Metal1     61636
 Metal2     66149
 Metal3      9655
 Metal4      2033
-----------------
           139473


[INFO DRT-0195] Start 27th optimization iteration.
    Completing 10% with 6 violations.
    elapsed time = 00:00:00, memory = 1227.18 (MB).
    Completing 20% with 6 violations.
    elapsed time = 00:00:00, memory = 1227.18 (MB).
    Completing 30% with 6 violations.
    elapsed time = 00:00:00, memory = 1227.18 (MB).
    Completing 40% with 6 violations.
    elapsed time = 00:00:00, memory = 1227.18 (MB).
    Completing 50% with 6 violations.
    elapsed time = 00:00:00, memory = 1227.18 (MB).
    Completing 60% with 6 violations.
    elapsed time = 00:00:00, memory = 1227.18 (MB).
    Completing 70% with 6 violations.
    elapsed time = 00:00:00, memory = 1227.18 (MB).
    Completing 80% with 6 violations.
    elapsed time = 00:00:00, memory = 1227.18 (MB).
    Completing 90% with 6 violations.
    elapsed time = 00:00:00, memory = 1227.18 (MB).
    Completing 100% with 6 violations.
    elapsed time = 00:00:00, memory = 1227.18 (MB).
[INFO DRT-0199]   Number of violations = 6.
Viol/Layer      Metal2
Metal Spacing        3
Short                3
[INFO DRT-0267] cpu time = 00:00:01, elapsed time = 00:00:00, memory = 1227.18 (MB), peak = 1227.18 (MB)
Total wire length = 1574006 um.
Total wire length on LAYER Metal1 = 0 um.
Total wire length on LAYER Metal2 = 608118 um.
Total wire length on LAYER Metal3 = 651002 um.
Total wire length on LAYER Metal4 = 169505 um.
Total wire length on LAYER Metal5 = 145380 um.
Total number of vias = 139473.
Up-via summary (total 139473):

-----------------
  Poly2         0
 Metal1     61636
 Metal2     66149
 Metal3      9655
 Metal4      2033
-----------------
           139473


[INFO DRT-0195] Start 28th optimization iteration.
    Completing 10% with 6 violations.
    elapsed time = 00:00:00, memory = 1227.18 (MB).
    Completing 20% with 6 violations.
    elapsed time = 00:00:00, memory = 1227.18 (MB).
    Completing 30% with 6 violations.
    elapsed time = 00:00:00, memory = 1227.18 (MB).
    Completing 40% with 6 violations.
    elapsed time = 00:00:00, memory = 1227.18 (MB).
    Completing 50% with 6 violations.
    elapsed time = 00:00:00, memory = 1227.18 (MB).
    Completing 60% with 6 violations.
    elapsed time = 00:00:00, memory = 1227.18 (MB).
    Completing 70% with 6 violations.
    elapsed time = 00:00:00, memory = 1227.18 (MB).
    Completing 80% with 6 violations.
    elapsed time = 00:00:00, memory = 1227.18 (MB).
    Completing 90% with 6 violations.
    elapsed time = 00:00:00, memory = 1227.18 (MB).
    Completing 100% with 6 violations.
    elapsed time = 00:00:00, memory = 1227.18 (MB).
[INFO DRT-0199]   Number of violations = 6.
Viol/Layer      Metal2
Metal Spacing        3
Short                3
[INFO DRT-0267] cpu time = 00:00:01, elapsed time = 00:00:00, memory = 1227.18 (MB), peak = 1227.18 (MB)
Total wire length = 1574006 um.
Total wire length on LAYER Metal1 = 0 um.
Total wire length on LAYER Metal2 = 608118 um.
Total wire length on LAYER Metal3 = 651002 um.
Total wire length on LAYER Metal4 = 169505 um.
Total wire length on LAYER Metal5 = 145380 um.
Total number of vias = 139473.
Up-via summary (total 139473):

-----------------
  Poly2         0
 Metal1     61636
 Metal2     66149
 Metal3      9655
 Metal4      2033
-----------------
           139473


[INFO DRT-0195] Start 29th optimization iteration.
    Completing 10% with 6 violations.
    elapsed time = 00:00:00, memory = 1227.18 (MB).
    Completing 20% with 6 violations.
    elapsed time = 00:00:00, memory = 1227.18 (MB).
    Completing 30% with 6 violations.
    elapsed time = 00:00:00, memory = 1227.18 (MB).
    Completing 40% with 6 violations.
    elapsed time = 00:00:00, memory = 1227.18 (MB).
    Completing 50% with 6 violations.
    elapsed time = 00:00:00, memory = 1227.18 (MB).
    Completing 60% with 6 violations.
    elapsed time = 00:00:00, memory = 1227.18 (MB).
    Completing 70% with 6 violations.
    elapsed time = 00:00:00, memory = 1227.18 (MB).
    Completing 80% with 6 violations.
    elapsed time = 00:00:00, memory = 1227.18 (MB).
    Completing 90% with 6 violations.
    elapsed time = 00:00:00, memory = 1227.18 (MB).
    Completing 100% with 6 violations.
    elapsed time = 00:00:00, memory = 1227.18 (MB).
[INFO DRT-0199]   Number of violations = 6.
Viol/Layer      Metal2
Metal Spacing        3
Short                3
[INFO DRT-0267] cpu time = 00:00:01, elapsed time = 00:00:00, memory = 1227.18 (MB), peak = 1227.18 (MB)
Total wire length = 1574006 um.
Total wire length on LAYER Metal1 = 0 um.
Total wire length on LAYER Metal2 = 608118 um.
Total wire length on LAYER Metal3 = 651002 um.
Total wire length on LAYER Metal4 = 169505 um.
Total wire length on LAYER Metal5 = 145380 um.
Total number of vias = 139473.
Up-via summary (total 139473):

-----------------
  Poly2         0
 Metal1     61636
 Metal2     66149
 Metal3      9655
 Metal4      2033
-----------------
           139473


[INFO DRT-0195] Start 30th optimization iteration.
    Completing 10% with 6 violations.
    elapsed time = 00:00:00, memory = 1227.18 (MB).
    Completing 20% with 6 violations.
    elapsed time = 00:00:00, memory = 1227.18 (MB).
    Completing 30% with 1 violations.
    elapsed time = 00:00:00, memory = 1227.18 (MB).
    Completing 40% with 1 violations.
    elapsed time = 00:00:00, memory = 1227.18 (MB).
    Completing 50% with 1 violations.
    elapsed time = 00:00:00, memory = 1227.18 (MB).
    Completing 60% with 1 violations.
    elapsed time = 00:00:00, memory = 1227.18 (MB).
    Completing 70% with 1 violations.
    elapsed time = 00:00:00, memory = 1227.18 (MB).
    Completing 80% with 1 violations.
    elapsed time = 00:00:00, memory = 1227.18 (MB).
    Completing 90% with 1 violations.
    elapsed time = 00:00:00, memory = 1227.18 (MB).
    Completing 100% with 1 violations.
    elapsed time = 00:00:00, memory = 1227.18 (MB).
[INFO DRT-0199]   Number of violations = 1.
Viol/Layer      Metal2
Metal Spacing        1
[INFO DRT-0267] cpu time = 00:00:00, elapsed time = 00:00:00, memory = 1227.18 (MB), peak = 1227.18 (MB)
Total wire length = 1574009 um.
Total wire length on LAYER Metal1 = 0 um.
Total wire length on LAYER Metal2 = 608122 um.
Total wire length on LAYER Metal3 = 651000 um.
Total wire length on LAYER Metal4 = 169505 um.
Total wire length on LAYER Metal5 = 145380 um.
Total number of vias = 139473.
Up-via summary (total 139473):

-----------------
  Poly2         0
 Metal1     61636
 Metal2     66149
 Metal3      9655
 Metal4      2033
-----------------
           139473


[INFO DRT-0195] Start 31st optimization iteration.
    Completing 10% with 1 violations.
    elapsed time = 00:00:00, memory = 1227.18 (MB).
    Completing 20% with 1 violations.
    elapsed time = 00:00:00, memory = 1227.18 (MB).
    Completing 30% with 1 violations.
    elapsed time = 00:00:00, memory = 1227.18 (MB).
    Completing 40% with 1 violations.
    elapsed time = 00:00:00, memory = 1227.18 (MB).
    Completing 50% with 1 violations.
    elapsed time = 00:00:00, memory = 1227.18 (MB).
    Completing 60% with 0 violations.
    elapsed time = 00:00:00, memory = 1227.18 (MB).
    Completing 70% with 0 violations.
    elapsed time = 00:00:00, memory = 1227.18 (MB).
    Completing 80% with 0 violations.
    elapsed time = 00:00:00, memory = 1227.18 (MB).
    Completing 90% with 0 violations.
    elapsed time = 00:00:00, memory = 1227.18 (MB).
    Completing 100% with 0 violations.
    elapsed time = 00:00:00, memory = 1227.18 (MB).
[INFO DRT-0199]   Number of violations = 0.
[INFO DRT-0267] cpu time = 00:00:00, elapsed time = 00:00:00, memory = 1227.18 (MB), peak = 1227.18 (MB)
Total wire length = 1574007 um.
Total wire length on LAYER Metal1 = 0 um.
Total wire length on LAYER Metal2 = 608123 um.
Total wire length on LAYER Metal3 = 650997 um.
Total wire length on LAYER Metal4 = 169505 um.
Total wire length on LAYER Metal5 = 145380 um.
Total number of vias = 139473.
Up-via summary (total 139473):

-----------------
  Poly2         0
 Metal1     61636
 Metal2     66149
 Metal3      9655
 Metal4      2033
-----------------
           139473


[INFO DRT-0198] Complete detail routing.
Total wire length = 1574007 um.
Total wire length on LAYER Metal1 = 0 um.
Total wire length on LAYER Metal2 = 608123 um.
Total wire length on LAYER Metal3 = 650997 um.
Total wire length on LAYER Metal4 = 169505 um.
Total wire length on LAYER Metal5 = 145380 um.
Total number of vias = 139473.
Up-via summary (total 139473):

-----------------
  Poly2         0
 Metal1     61636
 Metal2     66149
 Metal3      9655
 Metal4      2033
-----------------
           139473


[INFO DRT-0267] cpu time = 00:09:57, elapsed time = 00:01:10, memory = 1227.18 (MB), peak = 1227.18 (MB)

[INFO DRT-0180] Post processing.
Setting global connections for newly added cells…
[INFO] Setting global connections...
Updating metrics…
Cell type report:                       Count       Area
  Endcap cell                             550    2414.72
  Tap cell                               7621   33459.24
  Antenna cell                             14      61.47
  Tie cell                                 18     158.05
  Buffer                                    1      13.17
  Clock buffer                            960   46362.62
  Timing Repair Buffer                   1881   53121.64
  Inverter                               1115   10247.19
  Clock inverter                          351    8267.12
  Sequential cell                        2806  187926.68
  Multi-Input combinational cell        11378  249484.48
  Total                                 26695  591516.40
Writing OpenROAD database to '/foss/designs/ascon/runs/RUN_2026-09-05_03-04-29/43-openroad-detailedrouting/ascon_top.odb'…
Writing netlist to '/foss/designs/ascon/runs/RUN_2026-09-05_03-04-29/43-openroad-detailedrouting/ascon_top.nl.v'…
Writing powered netlist to '/foss/designs/ascon/runs/RUN_2026-09-05_03-04-29/43-openroad-detailedrouting/ascon_top.pnl.v'…
Writing layout to '/foss/designs/ascon/runs/RUN_2026-09-05_03-04-29/43-openroad-detailedrouting/ascon_top.def'…
Writing timing constraints to '/foss/designs/ascon/runs/RUN_2026-09-05_03-04-29/43-openroad-detailedrouting/ascon_top.sdc'…
