
22. Executing PROC_DLATCH pass (convert process syncs to latches).
No latch inferred for signal `\spi_controller.\next_state' from process `\spi_controller.$proc$/foss/designs/ascon/spi_controller.sv:0$94'.
No latch inferred for signal `\postprocessor_rup.$mem2reg_rd$\fifo_eot$/foss/designs/ascon/postprocessor_rup.sv:64$11_DATA' from process `\postprocessor_rup.$proc$/foss/designs/ascon/postprocessor_rup.sv:0$72'.
No latch inferred for signal `\postprocessor_rup.$mem2reg_rd$\fifo_type$/foss/designs/ascon/postprocessor_rup.sv:63$10_DATA' from process `\postprocessor_rup.$proc$/foss/designs/ascon/postprocessor_rup.sv:0$69'.
No latch inferred for signal `\postprocessor_rup.$mem2reg_rd$\fifo_data$/foss/designs/ascon/postprocessor_rup.sv:62$9_DATA' from process `\postprocessor_rup.$proc$/foss/designs/ascon/postprocessor_rup.sv:0$66'.
No latch inferred for signal `\postprocessor_rup.\safe_bdo_valid' from process `\postprocessor_rup.$proc$/foss/designs/ascon/postprocessor_rup.sv:0$19'.
No latch inferred for signal `\postprocessor_rup.\core_bdo_ready' from process `\postprocessor_rup.$proc$/foss/designs/ascon/postprocessor_rup.sv:0$19'.
No latch inferred for signal `\asconp.\x0' from process `\asconp.$proc$asconp.sv:0$506'.
No latch inferred for signal `\asconp.\x1' from process `\asconp.$proc$asconp.sv:0$506'.
No latch inferred for signal `\asconp.\x2' from process `\asconp.$proc$asconp.sv:0$506'.
No latch inferred for signal `\asconp.\x3' from process `\asconp.$proc$asconp.sv:0$506'.
No latch inferred for signal `\asconp.\x4' from process `\asconp.$proc$asconp.sv:0$506'.
No latch inferred for signal `\asconp.\x0_aff1' from process `\asconp.$proc$asconp.sv:0$506'.
No latch inferred for signal `\asconp.\x0_chi' from process `\asconp.$proc$asconp.sv:0$506'.
No latch inferred for signal `\asconp.\x0_aff2' from process `\asconp.$proc$asconp.sv:0$506'.
No latch inferred for signal `\asconp.\x1_aff1' from process `\asconp.$proc$asconp.sv:0$506'.
No latch inferred for signal `\asconp.\x1_chi' from process `\asconp.$proc$asconp.sv:0$506'.
No latch inferred for signal `\asconp.\x1_aff2' from process `\asconp.$proc$asconp.sv:0$506'.
No latch inferred for signal `\asconp.\x2_aff1' from process `\asconp.$proc$asconp.sv:0$506'.
No latch inferred for signal `\asconp.\x2_chi' from process `\asconp.$proc$asconp.sv:0$506'.
No latch inferred for signal `\asconp.\x2_aff2' from process `\asconp.$proc$asconp.sv:0$506'.
No latch inferred for signal `\asconp.\x3_aff1' from process `\asconp.$proc$asconp.sv:0$506'.
No latch inferred for signal `\asconp.\x3_chi' from process `\asconp.$proc$asconp.sv:0$506'.
No latch inferred for signal `\asconp.\x3_aff2' from process `\asconp.$proc$asconp.sv:0$506'.
No latch inferred for signal `\asconp.\x4_aff1' from process `\asconp.$proc$asconp.sv:0$506'.
No latch inferred for signal `\asconp.\x4_chi' from process `\asconp.$proc$asconp.sv:0$506'.
No latch inferred for signal `\asconp.\x4_aff2' from process `\asconp.$proc$asconp.sv:0$506'.
No latch inferred for signal `\asconp.\t' from process `\asconp.$proc$asconp.sv:0$506'.
No latch inferred for signal `\asconp.$fordecl_block$7.i' from process `\asconp.$proc$asconp.sv:0$506'.
No latch inferred for signal `\ascon_core.\mode_d' from process `\ascon_core.$proc$/foss/designs/ascon/ascon_core.sv:0$493'.
No latch inferred for signal `\ascon_core.\auth_d' from process `\ascon_core.$proc$/foss/designs/ascon/ascon_core.sv:0$493'.
No latch inferred for signal `\ascon_core.\auth_intern_d' from process `\ascon_core.$proc$/foss/designs/ascon/ascon_core.sv:0$493'.
No latch inferred for signal `\ascon_core.\auth_valid_d' from process `\ascon_core.$proc$/foss/designs/ascon/ascon_core.sv:0$493'.
No latch inferred for signal `\ascon_core.\ad_eot_d' from process `\ascon_core.$proc$/foss/designs/ascon/ascon_core.sv:0$493'.
No latch inferred for signal `\ascon_core.\ad_pad_d' from process `\ascon_core.$proc$/foss/designs/ascon/ascon_core.sv:0$493'.
No latch inferred for signal `\ascon_core.\msg_pad_d' from process `\ascon_core.$proc$/foss/designs/ascon/ascon_core.sv:0$493'.
No latch inferred for signal `\ascon_core.\eoi_d' from process `\ascon_core.$proc$/foss/designs/ascon/ascon_core.sv:0$493'.
No latch inferred for signal `\ascon_core.\round_cnt_d' from process `\ascon_core.$proc$/foss/designs/ascon/ascon_core.sv:0$488'.
No latch inferred for signal `\ascon_core.\word_cnt_d' from process `\ascon_core.$proc$/foss/designs/ascon/ascon_core.sv:0$471'.
No latch inferred for signal `\ascon_core.\key_d' from process `\ascon_core.$proc$/foss/designs/ascon/ascon_core.sv:0$460'.
No latch inferred for signal `\ascon_core.$bitselwrite$pos$/foss/designs/ascon/ascon_core.sv:411$158' from process `\ascon_core.$proc$/foss/designs/ascon/ascon_core.sv:0$460'.
No latch inferred for signal `\ascon_core.\state_d' from process `\ascon_core.$proc$/foss/designs/ascon/ascon_core.sv:0$418'.
No latch inferred for signal `\ascon_core.$bitselwrite$pos$/foss/designs/ascon/ascon_core.sv:354$156' from process `\ascon_core.$proc$/foss/designs/ascon/ascon_core.sv:0$418'.
No latch inferred for signal `\ascon_core.$bitselwrite$pos$/foss/designs/ascon/ascon_core.sv:359$157' from process `\ascon_core.$proc$/foss/designs/ascon/ascon_core.sv:0$418'.
No latch inferred for signal `\ascon_core.\fsm_d' from process `\ascon_core.$proc$/foss/designs/ascon/ascon_core.sv:0$397'.
No latch inferred for signal `\ascon_core.\key_ready' from process `\ascon_core.$proc$/foss/designs/ascon/ascon_core.sv:0$257'.
No latch inferred for signal `\ascon_core.\bdi_ready' from process `\ascon_core.$proc$/foss/designs/ascon/ascon_core.sv:0$257'.
No latch inferred for signal `\ascon_core.\bdo' from process `\ascon_core.$proc$/foss/designs/ascon/ascon_core.sv:0$257'.
No latch inferred for signal `\ascon_core.\bdo_valid' from process `\ascon_core.$proc$/foss/designs/ascon/ascon_core.sv:0$257'.
No latch inferred for signal `\ascon_core.\bdo_type' from process `\ascon_core.$proc$/foss/designs/ascon/ascon_core.sv:0$257'.
No latch inferred for signal `\ascon_core.\bdo_eot' from process `\ascon_core.$proc$/foss/designs/ascon/ascon_core.sv:0$257'.
No latch inferred for signal `\ascon_core.\auth' from process `\ascon_core.$proc$/foss/designs/ascon/ascon_core.sv:0$257'.
No latch inferred for signal `\ascon_core.\auth_valid' from process `\ascon_core.$proc$/foss/designs/ascon/ascon_core.sv:0$257'.
No latch inferred for signal `\ascon_core.\state_idx' from process `\ascon_core.$proc$/foss/designs/ascon/ascon_core.sv:0$257'.
No latch inferred for signal `\ascon_core.\state_slice_nx' from process `\ascon_core.$proc$/foss/designs/ascon/ascon_core.sv:0$257'.
No latch inferred for signal `\ascon_core.\bdi_pad' from process `\ascon_core.$proc$/foss/designs/ascon/ascon_core.sv:0$257'.
No latch inferred for signal `\ascon_core.\pad$func$/foss/designs/ascon/ascon_core.sv:215$151.$result' from process `\ascon_core.$proc$/foss/designs/ascon/ascon_core.sv:0$257'.
No latch inferred for signal `\ascon_core.\pad$func$/foss/designs/ascon/ascon_core.sv:215$151.in' from process `\ascon_core.$proc$/foss/designs/ascon/ascon_core.sv:0$257'.
No latch inferred for signal `\ascon_core.\pad$func$/foss/designs/ascon/ascon_core.sv:215$151.val' from process `\ascon_core.$proc$/foss/designs/ascon/ascon_core.sv:0$257'.
No latch inferred for signal `\ascon_core.\pad$func$/foss/designs/ascon/ascon_core.sv:215$151.$fordecl_block$1.i' from process `\ascon_core.$proc$/foss/designs/ascon/ascon_core.sv:0$257'.
No latch inferred for signal `\ascon_core.\pad$func$/foss/designs/ascon/ascon_core.sv:224$152.$result' from process `\ascon_core.$proc$/foss/designs/ascon/ascon_core.sv:0$257'.
No latch inferred for signal `\ascon_core.\pad$func$/foss/designs/ascon/ascon_core.sv:224$152.in' from process `\ascon_core.$proc$/foss/designs/ascon/ascon_core.sv:0$257'.
No latch inferred for signal `\ascon_core.\pad$func$/foss/designs/ascon/ascon_core.sv:224$152.val' from process `\ascon_core.$proc$/foss/designs/ascon/ascon_core.sv:0$257'.
No latch inferred for signal `\ascon_core.\pad$func$/foss/designs/ascon/ascon_core.sv:224$152.$fordecl_block$1.i' from process `\ascon_core.$proc$/foss/designs/ascon/ascon_core.sv:0$257'.
No latch inferred for signal `\ascon_core.\mask$func$/foss/designs/ascon/ascon_core.sv:226$153.$result' from process `\ascon_core.$proc$/foss/designs/ascon/ascon_core.sv:0$257'.
No latch inferred for signal `\ascon_core.\mask$func$/foss/designs/ascon/ascon_core.sv:226$153.in1' from process `\ascon_core.$proc$/foss/designs/ascon/ascon_core.sv:0$257'.
No latch inferred for signal `\ascon_core.\mask$func$/foss/designs/ascon/ascon_core.sv:226$153.val' from process `\ascon_core.$proc$/foss/designs/ascon/ascon_core.sv:0$257'.
No latch inferred for signal `\ascon_core.\mask$func$/foss/designs/ascon/ascon_core.sv:226$153.$fordecl_block$5.i' from process `\ascon_core.$proc$/foss/designs/ascon/ascon_core.sv:0$257'.
No latch inferred for signal `\ascon_core.\pad2$func$/foss/designs/ascon/ascon_core.sv:228$154.$result' from process `\ascon_core.$proc$/foss/designs/ascon/ascon_core.sv:0$257'.
No latch inferred for signal `\ascon_core.\pad2$func$/foss/designs/ascon/ascon_core.sv:228$154.in1' from process `\ascon_core.$proc$/foss/designs/ascon/ascon_core.sv:0$257'.
No latch inferred for signal `\ascon_core.\pad2$func$/foss/designs/ascon/ascon_core.sv:228$154.in2' from process `\ascon_core.$proc$/foss/designs/ascon/ascon_core.sv:0$257'.
No latch inferred for signal `\ascon_core.\pad2$func$/foss/designs/ascon/ascon_core.sv:228$154.val' from process `\ascon_core.$proc$/foss/designs/ascon/ascon_core.sv:0$257'.
No latch inferred for signal `\ascon_core.\pad2$func$/foss/designs/ascon/ascon_core.sv:228$154.$fordecl_block$3.i' from process `\ascon_core.$proc$/foss/designs/ascon/ascon_core.sv:0$257'.
No latch inferred for signal `\ascon_core.\mask$func$/foss/designs/ascon/ascon_core.sv:230$155.$result' from process `\ascon_core.$proc$/foss/designs/ascon/ascon_core.sv:0$257'.
No latch inferred for signal `\ascon_core.\mask$func$/foss/designs/ascon/ascon_core.sv:230$155.in1' from process `\ascon_core.$proc$/foss/designs/ascon/ascon_core.sv:0$257'.
No latch inferred for signal `\ascon_core.\mask$func$/foss/designs/ascon/ascon_core.sv:230$155.val' from process `\ascon_core.$proc$/foss/designs/ascon/ascon_core.sv:0$257'.
No latch inferred for signal `\ascon_core.\mask$func$/foss/designs/ascon/ascon_core.sv:230$155.$fordecl_block$5.i' from process `\ascon_core.$proc$/foss/designs/ascon/ascon_core.sv:0$257'.
