146. Printing statistics.

=== ascon_top ===

   Number of wires:              16342
   Number of wire bits:          19756
   Number of public wires:         163
   Number of public wire bits:    3577
   Number of ports:                 25
   Number of port bits:             25
   Number of memories:               0
   Number of memory bits:            0
   Number of processes:              0
   Number of cells:              19261
     $_ANDNOT_                    4543
     $_AND_                        192
     $_DFFE_PP0N_                   63
     $_DFFE_PP0P_                  418
     $_DFFE_PP_                   2048
     $_DFF_PP0_                    272
     $_DFF_PP1_                      5
     $_MUX_                       2516
     $_NAND_                       138
     $_NOR_                        397
     $_NOT_                        771
     $_ORNOT_                      164
     $_OR_                        6112
     $_XNOR_                       662
     $_XOR_                        960

   Area for cell type $_NOT_ is unknown!
   Area for cell type $_AND_ is unknown!
   Area for cell type $_NAND_ is unknown!
   Area for cell type $_OR_ is unknown!
   Area for cell type $_NOR_ is unknown!
   Area for cell type $_XOR_ is unknown!
   Area for cell type $_XNOR_ is unknown!
   Area for cell type $_ANDNOT_ is unknown!
   Area for cell type $_ORNOT_ is unknown!
   Area for cell type $_MUX_ is unknown!
   Area for cell type $_DFFE_PP_ is unknown!
   Area for cell type $_DFF_PP0_ is unknown!
   Area for cell type $_DFF_PP1_ is unknown!
   Area for cell type $_DFFE_PP0N_ is unknown!
   Area for cell type $_DFFE_PP0P_ is unknown!

