
===========================================================================
report_checks -unconstrained
===========================================================================
======================= min_ff_n40C_5v50 Corner ===================================

Startpoint: rst (input port clocked by clk)
Endpoint: _25481_ (recovery check against rising-edge clock clk)
Path Group: asynchronous
Path Type: max

Fanout         Cap        Slew       Delay        Time   Description
---------------------------------------------------------------------------------------------
                                  0.000000    0.000000   clock clk (rise edge)
                                  0.000000    0.000000   clock network delay (propagated)
                                  8.000000    8.000000 v input external delay
     1    0.005905    0.054877    0.024317    8.024317 v rst (in)
                                                         rst (net)
                      0.054877    0.000000    8.024317 v input3/I (gf180mcu_fd_sc_mcu7t5v0__buf_2)
     4    0.159976    0.530125    0.436252    8.460568 v input3/Z (gf180mcu_fd_sc_mcu7t5v0__buf_2)
                                                         net3 (net)
                      0.530129    0.000785    8.461353 v fanout1867/I (gf180mcu_fd_sc_mcu7t5v0__buf_2)
     5    0.097330    0.330255    0.447871    8.909225 v fanout1867/Z (gf180mcu_fd_sc_mcu7t5v0__buf_2)
                                                         net1867 (net)
                      0.330258    0.000486    8.909711 v fanout1846/I (gf180mcu_fd_sc_mcu7t5v0__buf_2)
     6    0.094941    0.321971    0.390100    9.299811 v fanout1846/Z (gf180mcu_fd_sc_mcu7t5v0__buf_2)
                                                         net1846 (net)
                      0.321974    0.000585    9.300396 v fanout1845/I (gf180mcu_fd_sc_mcu7t5v0__buf_2)
     8    0.079341    0.272525    0.359469    9.659865 v fanout1845/Z (gf180mcu_fd_sc_mcu7t5v0__buf_2)
                                                         net1845 (net)
                      0.272663    0.003475    9.663341 v fanout1841/I (gf180mcu_fd_sc_mcu7t5v0__buf_2)
    10    0.100648    0.338997    0.387082   10.050423 v fanout1841/Z (gf180mcu_fd_sc_mcu7t5v0__buf_2)
                                                         net1841 (net)
                      0.339030    0.001925   10.052348 v _24723_/I (gf180mcu_fd_sc_mcu7t5v0__clkinv_1)
     1    0.008082    0.168624    0.151489   10.203837 ^ _24723_/ZN (gf180mcu_fd_sc_mcu7t5v0__clkinv_1)
                                                         _00642_ (net)
                      0.168624    0.000082   10.203918 ^ _25481_/RN (gf180mcu_fd_sc_mcu7t5v0__dffrnq_1)
                                             10.203918   data arrival time

                                 40.000000   40.000000   clock clk (rise edge)
                                  0.000000   40.000000   clock source latency
     1    0.140255    0.385245    0.234667   40.234669 ^ clk (in)
                                                         clk (net)
                      0.389506    0.000000   40.234669 ^ clkbuf_0_clk/I (gf180mcu_fd_sc_mcu7t5v0__clkbuf_16)
     4    0.241761    0.187389    0.290836   40.525505 ^ clkbuf_0_clk/Z (gf180mcu_fd_sc_mcu7t5v0__clkbuf_16)
                                                         clknet_0_clk (net)
                      0.188505    0.009596   40.535099 ^ clkbuf_2_2_0_clk/I (gf180mcu_fd_sc_mcu7t5v0__clkbuf_8)
    16    0.426898    0.580547    0.471346   41.006447 ^ clkbuf_2_2_0_clk/Z (gf180mcu_fd_sc_mcu7t5v0__clkbuf_8)
                                                         clknet_2_2_0_clk (net)
                      0.583441    0.022364   41.028809 ^ clkbuf_6_42_0_clk/I (gf180mcu_fd_sc_mcu7t5v0__clkbuf_8)
     7    0.125798    0.199317    0.320981   41.349789 ^ clkbuf_6_42_0_clk/Z (gf180mcu_fd_sc_mcu7t5v0__clkbuf_8)
                                                         clknet_6_42_0_clk (net)
                      0.199321    0.001368   41.351158 ^ _25481_/CLK (gf180mcu_fd_sc_mcu7t5v0__dffrnq_1)
                                 -0.250000   41.101158   clock uncertainty
                                  0.000000   41.101158   clock reconvergence pessimism
                                  0.146114   41.247269   library recovery time
                                             41.247269   data required time
---------------------------------------------------------------------------------------------
                                             41.247269   data required time
                                            -10.203918   data arrival time
---------------------------------------------------------------------------------------------
                                             31.043350   slack (MET)


Startpoint: rst (input port clocked by clk)
Endpoint: _25959_ (rising edge-triggered flip-flop clocked by clk)
Path Group: clk
Path Type: max

Fanout         Cap        Slew       Delay        Time   Description
---------------------------------------------------------------------------------------------
                                  0.000000    0.000000   clock clk (rise edge)
                                  0.000000    0.000000   clock network delay (propagated)
                                  8.000000    8.000000 v input external delay
     1    0.005905    0.054877    0.024317    8.024317 v rst (in)
                                                         rst (net)
                      0.054877    0.000000    8.024317 v input3/I (gf180mcu_fd_sc_mcu7t5v0__buf_2)
     4    0.159976    0.530125    0.436252    8.460568 v input3/Z (gf180mcu_fd_sc_mcu7t5v0__buf_2)
                                                         net3 (net)
                      0.530887    0.011579    8.472148 v fanout1826/I (gf180mcu_fd_sc_mcu7t5v0__buf_2)
     6    0.117647    0.394095    0.484876    8.957024 v fanout1826/Z (gf180mcu_fd_sc_mcu7t5v0__buf_2)
                                                         net1826 (net)
                      0.394794    0.009496    8.966520 v fanout1812/I (gf180mcu_fd_sc_mcu7t5v0__clkbuf_2)
     5    0.056782    0.307182    0.387587    9.354107 v fanout1812/Z (gf180mcu_fd_sc_mcu7t5v0__clkbuf_2)
                                                         net1812 (net)
                      0.307184    0.000437    9.354544 v fanout1811/I (gf180mcu_fd_sc_mcu7t5v0__clkbuf_3)
    10    0.130173    0.362993    0.410896    9.765440 v fanout1811/Z (gf180mcu_fd_sc_mcu7t5v0__clkbuf_3)
                                                         net1811 (net)
                      0.363590    0.008376    9.773817 v _19971_/A1 (gf180mcu_fd_sc_mcu7t5v0__nor2_1)
     2    0.032821    0.664486    0.476415   10.250232 ^ _19971_/ZN (gf180mcu_fd_sc_mcu7t5v0__nor2_1)
                                                         _07024_ (net)
                      0.664488    0.001411   10.251643 ^ _19972_/A2 (gf180mcu_fd_sc_mcu7t5v0__nand2_1)
     2    0.033716    0.403684    0.278779   10.530422 v _19972_/ZN (gf180mcu_fd_sc_mcu7t5v0__nand2_1)
                                                         _07025_ (net)
                      0.403685    0.001037   10.531459 v _20040_/A2 (gf180mcu_fd_sc_mcu7t5v0__nor2_1)
     2    0.029959    0.615091    0.437456   10.968915 ^ _20040_/ZN (gf180mcu_fd_sc_mcu7t5v0__nor2_1)
                                                         _07061_ (net)
                      0.615091    0.000504   10.969419 ^ fanout644/I (gf180mcu_fd_sc_mcu7t5v0__buf_2)
    10    0.131832    0.722994    0.543850   11.513269 ^ fanout644/Z (gf180mcu_fd_sc_mcu7t5v0__buf_2)
                                                         net644 (net)
                      0.723030    0.002888   11.516158 ^ _20570_/A1 (gf180mcu_fd_sc_mcu7t5v0__nand2_1)
     1    0.035872    0.526218    0.344248   11.860406 v _20570_/ZN (gf180mcu_fd_sc_mcu7t5v0__nand2_1)
                                                         _07335_ (net)
                      0.526220    0.001635   11.862041 v fanout206/I (gf180mcu_fd_sc_mcu7t5v0__clkbuf_3)
     5    0.155314    0.429272    0.490767   12.352809 v fanout206/Z (gf180mcu_fd_sc_mcu7t5v0__clkbuf_3)
                                                         net206 (net)
                      0.430170    0.011201   12.364010 v fanout201/I (gf180mcu_fd_sc_mcu7t5v0__buf_2)
     6    0.120254    0.401531    0.467939   12.831949 v fanout201/Z (gf180mcu_fd_sc_mcu7t5v0__buf_2)
                                                         net201 (net)
                      0.401570    0.002276   12.834225 v fanout200/I (gf180mcu_fd_sc_mcu7t5v0__clkbuf_4)
     9    0.148132    0.410528    0.456581   13.290805 v fanout200/Z (gf180mcu_fd_sc_mcu7t5v0__clkbuf_4)
                                                         net200 (net)
                      0.411181    0.009334   13.300139 v fanout199/I (gf180mcu_fd_sc_mcu7t5v0__clkbuf_4)
    10    0.134060    0.373725    0.438972   13.739112 v fanout199/Z (gf180mcu_fd_sc_mcu7t5v0__clkbuf_4)
                                                         net199 (net)
                      0.373747    0.001668   13.740780 v _20617_/A2 (gf180mcu_fd_sc_mcu7t5v0__nand2_1)
     1    0.009399    0.215148    0.213264   13.954043 ^ _20617_/ZN (gf180mcu_fd_sc_mcu7t5v0__nand2_1)
                                                         _07359_ (net)
                      0.215148    0.000225   13.954268 ^ _20618_/B (gf180mcu_fd_sc_mcu7t5v0__oai21_1)
     1    0.004123    0.173522    0.109436   14.063704 v _20618_/ZN (gf180mcu_fd_sc_mcu7t5v0__oai21_1)
                                                         _01601_ (net)
                      0.173522    0.000046   14.063750 v _25959_/D (gf180mcu_fd_sc_mcu7t5v0__dffq_1)
                                             14.063750   data arrival time

                                 40.000000   40.000000   clock clk (rise edge)
                                  0.000000   40.000000   clock source latency
     1    0.140255    0.385245    0.234667   40.234669 ^ clk (in)
                                                         clk (net)
                      0.389506    0.000000   40.234669 ^ clkbuf_0_clk/I (gf180mcu_fd_sc_mcu7t5v0__clkbuf_16)
     4    0.241761    0.187389    0.290836   40.525505 ^ clkbuf_0_clk/Z (gf180mcu_fd_sc_mcu7t5v0__clkbuf_16)
                                                         clknet_0_clk (net)
                      0.189448    0.013340   40.538845 ^ clkbuf_2_1_0_clk/I (gf180mcu_fd_sc_mcu7t5v0__clkbuf_8)
    16    0.394798    0.545427    0.462780   41.001625 ^ clkbuf_2_1_0_clk/Z (gf180mcu_fd_sc_mcu7t5v0__clkbuf_8)
                                                         clknet_2_1_0_clk (net)
                      0.545805    0.008107   41.009731 ^ clkbuf_6_19_0_clk/I (gf180mcu_fd_sc_mcu7t5v0__clkbuf_8)
    10    0.201835    0.293337    0.373284   41.383015 ^ clkbuf_6_19_0_clk/Z (gf180mcu_fd_sc_mcu7t5v0__clkbuf_8)
                                                         clknet_6_19_0_clk (net)
                      0.293507    0.003997   41.387012 ^ clkbuf_leaf_120_clk/I (gf180mcu_fd_sc_mcu7t5v0__clkbuf_8)
     5    0.038780    0.091998    0.209937   41.596951 ^ clkbuf_leaf_120_clk/Z (gf180mcu_fd_sc_mcu7t5v0__clkbuf_8)
                                                         clknet_leaf_120_clk (net)
                      0.091999    0.000593   41.597542 ^ _25959_/CLK (gf180mcu_fd_sc_mcu7t5v0__dffq_1)
                                 -0.250000   41.347542   clock uncertainty
                                  0.000000   41.347542   clock reconvergence pessimism
                                 -0.155271   41.192272   library setup time
                                             41.192272   data required time
---------------------------------------------------------------------------------------------
                                             41.192272   data required time
                                            -14.063750   data arrival time
---------------------------------------------------------------------------------------------
                                             27.128519   slack (MET)




===========================================================================
report_checks --slack_max -0.01
============================================================================
======================= min_ff_n40C_5v50 Corner ===================================

No paths found.


===========================================================================
 report_check_types -max_slew -max_cap -max_fanout -violators
============================================================================
======================= min_ff_n40C_5v50 Corner ===================================

max fanout

Pin                                   Limit Fanout  Slack
---------------------------------------------------------
clkbuf_2_0_0_clk/Z                       10     16     -6 (VIOLATED)
clkbuf_2_1_0_clk/Z                       10     16     -6 (VIOLATED)
clkbuf_2_2_0_clk/Z                       10     16     -6 (VIOLATED)
clkbuf_2_3_0_clk/Z                       10     16     -6 (VIOLATED)
clkbuf_6_16_0_clk/Z                      10     14     -4 (VIOLATED)
clkbuf_6_18_0_clk/Z                      10     14     -4 (VIOLATED)
clkbuf_6_29_0_clk/Z                      10     14     -4 (VIOLATED)
clkbuf_6_17_0_clk/Z                      10     13     -3 (VIOLATED)
clkbuf_6_20_0_clk/Z                      10     13     -3 (VIOLATED)
clkbuf_6_23_0_clk/Z                      10     13     -3 (VIOLATED)
clkbuf_6_26_0_clk/Z                      10     13     -3 (VIOLATED)
clkbuf_6_27_0_clk/Z                      10     13     -3 (VIOLATED)
clkbuf_6_10_0_clk/Z                      10     12     -2 (VIOLATED)
clkbuf_6_15_0_clk/Z                      10     12     -2 (VIOLATED)
clkbuf_6_24_0_clk/Z                      10     12     -2 (VIOLATED)
clkbuf_6_25_0_clk/Z                      10     12     -2 (VIOLATED)
clkbuf_6_31_0_clk/Z                      10     12     -2 (VIOLATED)
clkbuf_6_4_0_clk/Z                       10     12     -2 (VIOLATED)
clkbuf_6_8_0_clk/Z                       10     12     -2 (VIOLATED)
clkbuf_6_22_0_clk/Z                      10     11        (VIOLATED)
clkbuf_6_30_0_clk/Z                      10     11        (VIOLATED)
clkbuf_6_62_0_clk/Z                      10     11        (VIOLATED)
clkbuf_leaf_102_clk/Z                    10     11        (VIOLATED)
clkbuf_leaf_354_clk/Z                    10     11        (VIOLATED)

max capacitance

Pin                                        Limit         Cap       Slack
------------------------------------------------------------------------
clkbuf_2_2_0_clk/Z                      0.200000    0.426898   -0.226898 (VIOLATED)
clkbuf_2_1_0_clk/Z                      0.200000    0.394798   -0.194798 (VIOLATED)
clkbuf_2_0_0_clk/Z                      0.200000    0.377282   -0.177282 (VIOLATED)
clkbuf_2_3_0_clk/Z                      0.200000    0.354927   -0.154927 (VIOLATED)
fanout266/Z                             0.200000    0.311410   -0.111410 (VIOLATED)
fanout1418/Z                            0.200000    0.297015   -0.097015 (VIOLATED)
fanout1108/Z                            0.200000    0.293916   -0.093916 (VIOLATED)
fanout1329/Z                            0.200000    0.291225   -0.091225 (VIOLATED)
fanout1074/Z                            0.200000    0.288028   -0.088028 (VIOLATED)
fanout870/Z                             0.200000    0.287982   -0.087982 (VIOLATED)
fanout1199/Z                            0.200000    0.287373   -0.087373 (VIOLATED)
fanout1097/Z                            0.200000    0.287215   -0.087215 (VIOLATED)
fanout643/Z                             0.200000    0.285659   -0.085659 (VIOLATED)
fanout1315/Z                            0.200000    0.282118   -0.082118 (VIOLATED)
fanout1067/Z                            0.200000    0.279664   -0.079664 (VIOLATED)
fanout241/Z                             0.200000    0.279244   -0.079244 (VIOLATED)
fanout1103/Z                            0.200000    0.277982   -0.077982 (VIOLATED)
fanout1173/Z                            0.200000    0.277911   -0.077911 (VIOLATED)
fanout1221/Z                            0.200000    0.277277   -0.077277 (VIOLATED)
fanout1178/Z                            0.200000    0.276834   -0.076834 (VIOLATED)
fanout1216/Z                            0.200000    0.275736   -0.075736 (VIOLATED)
fanout1229/Z                            0.200000    0.274854   -0.074854 (VIOLATED)
fanout1267/Z                            0.200000    0.274673   -0.074673 (VIOLATED)
max_cap1165/Z                           0.200000    0.273179   -0.073179 (VIOLATED)
fanout1119/Z                            0.200000    0.272791   -0.072791 (VIOLATED)
fanout1072/Z                            0.200000    0.272765   -0.072765 (VIOLATED)
fanout1305/Z                            0.200000    0.272418   -0.072418 (VIOLATED)
fanout140/Z                             0.200000    0.272126   -0.072126 (VIOLATED)
fanout1062/Z                            0.200000    0.271665   -0.071665 (VIOLATED)
fanout1218/Z                            0.200000    0.270207   -0.070207 (VIOLATED)
fanout1323/Z                            0.200000    0.269901   -0.069901 (VIOLATED)
fanout1319/Z                            0.200000    0.269647   -0.069647 (VIOLATED)
fanout1175/Z                            0.200000    0.268644   -0.068644 (VIOLATED)
fanout1123/Z                            0.200000    0.268096   -0.068096 (VIOLATED)
fanout1093/Z                            0.200000    0.268018   -0.068018 (VIOLATED)
fanout1247/Z                            0.200000    0.267513   -0.067513 (VIOLATED)
fanout1104/Z                            0.200000    0.267182   -0.067182 (VIOLATED)
fanout1109/Z                            0.200000    0.265905   -0.065905 (VIOLATED)
fanout1210/Z                            0.200000    0.265329   -0.065329 (VIOLATED)
fanout1291/Z                            0.200000    0.263384   -0.063384 (VIOLATED)
fanout1263/Z                            0.200000    0.262940   -0.062940 (VIOLATED)
fanout1241/Z                            0.200000    0.262688   -0.062688 (VIOLATED)
fanout1148/Z                            0.200000    0.262567   -0.062567 (VIOLATED)
fanout1293/Z                            0.200000    0.261842   -0.061842 (VIOLATED)
fanout1138/Z                            0.200000    0.261636   -0.061636 (VIOLATED)
fanout49/Z                              0.200000    0.261625   -0.061625 (VIOLATED)
max_cap1250/Z                           0.200000    0.261376   -0.061376 (VIOLATED)
fanout1331/Z                            0.200000    0.261054   -0.061054 (VIOLATED)
fanout1183/Z                            0.200000    0.259869   -0.059869 (VIOLATED)
fanout1181/Z                            0.200000    0.259636   -0.059636 (VIOLATED)
max_cap1253/Z                           0.200000    0.259405   -0.059405 (VIOLATED)
fanout1321/Z                            0.200000    0.259040   -0.059040 (VIOLATED)
fanout1144/Z                            0.200000    0.258938   -0.058938 (VIOLATED)
fanout1206/Z                            0.200000    0.257772   -0.057772 (VIOLATED)
fanout1177/Z                            0.200000    0.257287   -0.057287 (VIOLATED)
fanout699/Z                             0.200000    0.256657   -0.056657 (VIOLATED)
fanout1242/Z                            0.200000    0.255952   -0.055952 (VIOLATED)
fanout875/Z                             0.200000    0.255704   -0.055704 (VIOLATED)
fanout546/Z                             0.200000    0.254763   -0.054763 (VIOLATED)
fanout1225/Z                            0.200000    0.254687   -0.054687 (VIOLATED)
fanout1295/Z                            0.200000    0.254380   -0.054380 (VIOLATED)
fanout981/Z                             0.200000    0.254219   -0.054219 (VIOLATED)
fanout1158/Z                            0.200000    0.254197   -0.054197 (VIOLATED)
max_cap1262/Z                           0.200000    0.253837   -0.053837 (VIOLATED)
fanout1185/Z                            0.200000    0.253604   -0.053604 (VIOLATED)
fanout1076/Z                            0.200000    0.252776   -0.052776 (VIOLATED)
fanout1179/Z                            0.200000    0.251855   -0.051855 (VIOLATED)
fanout1127/Z                            0.200000    0.251634   -0.051634 (VIOLATED)
fanout1265/Z                            0.200000    0.251491   -0.051491 (VIOLATED)
fanout1063/Z                            0.200000    0.251263   -0.051263 (VIOLATED)
fanout1111/Z                            0.200000    0.250534   -0.050534 (VIOLATED)
fanout1115/Z                            0.200000    0.249933   -0.049933 (VIOLATED)
fanout1142/Z                            0.200000    0.249759   -0.049759 (VIOLATED)
fanout1140/Z                            0.200000    0.248168   -0.048168 (VIOLATED)
fanout1099/Z                            0.200000    0.247335   -0.047335 (VIOLATED)
wire1258/Z                              0.200000    0.247282   -0.047282 (VIOLATED)
fanout1057/Z                            0.200000    0.246959   -0.046959 (VIOLATED)
fanout1078/Z                            0.200000    0.246449   -0.046449 (VIOLATED)
fanout934/Z                             0.200000    0.246360   -0.046360 (VIOLATED)
fanout1191/Z                            0.200000    0.245926   -0.045926 (VIOLATED)
fanout1146/Z                            0.200000    0.245828   -0.045828 (VIOLATED)
fanout1200/Z                            0.200000    0.245656   -0.045656 (VIOLATED)
fanout1189/Z                            0.200000    0.245639   -0.045639 (VIOLATED)
fanout1170/Z                            0.200000    0.245531   -0.045531 (VIOLATED)
_14974_/ZN                              0.200000    0.245208   -0.045208 (VIOLATED)
fanout1286/Z                            0.200000    0.243708   -0.043708 (VIOLATED)
fanout1288/Z                            0.200000    0.243610   -0.043610 (VIOLATED)
fanout1215/Z                            0.200000    0.243082   -0.043082 (VIOLATED)
fanout1156/Z                            0.200000    0.242879   -0.042879 (VIOLATED)
fanout1160/Z                            0.200000    0.242768   -0.042768 (VIOLATED)
fanout1273/Z                            0.200000    0.242437   -0.042437 (VIOLATED)
clkbuf_0_clk/Z                          0.200000    0.241761   -0.041761 (VIOLATED)
fanout1447/Z                            0.200000    0.241327   -0.041327 (VIOLATED)
fanout1239/Z                            0.200000    0.240599   -0.040599 (VIOLATED)
fanout1162/Z                            0.200000    0.239695   -0.039695 (VIOLATED)
fanout1317/Z                            0.200000    0.238542   -0.038542 (VIOLATED)
fanout1061/Z                            0.200000    0.238510   -0.038510 (VIOLATED)
fanout1563/Z                            0.200000    0.238475   -0.038475 (VIOLATED)
fanout1091/Z                            0.200000    0.238164   -0.038164 (VIOLATED)
fanout1301/Z                            0.200000    0.237980   -0.037980 (VIOLATED)
fanout1445/Z                            0.200000    0.237193   -0.037193 (VIOLATED)
fanout834/Z                             0.200000    0.236949   -0.036949 (VIOLATED)
fanout1114/Z                            0.200000    0.236283   -0.036283 (VIOLATED)
fanout1118/Z                            0.200000    0.236099   -0.036099 (VIOLATED)
fanout578/Z                             0.200000    0.235686   -0.035686 (VIOLATED)
fanout1311/Z                            0.200000    0.235597   -0.035597 (VIOLATED)
fanout1312/Z                            0.200000    0.235138   -0.035138 (VIOLATED)
fanout1699/Z                            0.200000    0.234890   -0.034890 (VIOLATED)
fanout1340/Z                            0.200000    0.234797   -0.034797 (VIOLATED)
fanout1151/Z                            0.200000    0.234442   -0.034442 (VIOLATED)
fanout1546/Z                            0.200000    0.234409   -0.034409 (VIOLATED)
fanout1212/Z                            0.200000    0.233612   -0.033612 (VIOLATED)
fanout1088/Z                            0.200000    0.233368   -0.033368 (VIOLATED)
fanout1292/Z                            0.200000    0.233158   -0.033158 (VIOLATED)
fanout1231/Z                            0.200000    0.232975   -0.032975 (VIOLATED)
fanout1289/Z                            0.200000    0.232750   -0.032750 (VIOLATED)
fanout1113/Z                            0.200000    0.232603   -0.032603 (VIOLATED)
fanout1307/Z                            0.200000    0.232514   -0.032514 (VIOLATED)
fanout1309/Z                            0.200000    0.232419   -0.032419 (VIOLATED)
fanout1171/Z                            0.200000    0.232148   -0.032148 (VIOLATED)
fanout1227/Z                            0.200000    0.231950   -0.031950 (VIOLATED)
fanout172/Z                             0.200000    0.231898   -0.031898 (VIOLATED)
fanout1303/Z                            0.200000    0.231785   -0.031785 (VIOLATED)
fanout1207/Z                            0.200000    0.231608   -0.031608 (VIOLATED)
fanout1080/Z                            0.200000    0.231317   -0.031317 (VIOLATED)
fanout816/Z                             0.200000    0.230714   -0.030714 (VIOLATED)
fanout1089/Z                            0.200000    0.230407   -0.030407 (VIOLATED)
fanout197/Z                             0.200000    0.229964   -0.029964 (VIOLATED)
fanout1325/Z                            0.200000    0.229875   -0.029875 (VIOLATED)
fanout1136/Z                            0.200000    0.229727   -0.029727 (VIOLATED)
fanout964/Z                             0.200000    0.228795   -0.028794 (VIOLATED)
fanout1287/Z                            0.200000    0.228763   -0.028763 (VIOLATED)
fanout1202/Z                            0.200000    0.228435   -0.028435 (VIOLATED)
fanout1085/Z                            0.200000    0.227632   -0.027632 (VIOLATED)
_18883_/ZN                              0.200000    0.227548   -0.027548 (VIOLATED)
fanout1208/Z                            0.200000    0.227295   -0.027295 (VIOLATED)
fanout1188/Z                            0.200000    0.227068   -0.027068 (VIOLATED)
fanout1259/Z                            0.200000    0.225994   -0.025994 (VIOLATED)
clkbuf_6_18_0_clk/Z                     0.200000    0.225418   -0.025418 (VIOLATED)
fanout1476/Z                            0.200000    0.225396   -0.025396 (VIOLATED)
fanout1255/Z                            0.200000    0.225250   -0.025250 (VIOLATED)
fanout1313/Z                            0.200000    0.224855   -0.024855 (VIOLATED)
_13155_/Z                               0.200000    0.224832   -0.024832 (VIOLATED)
fanout1187/Z                            0.200000    0.224775   -0.024775 (VIOLATED)
fanout1168/Z                            0.200000    0.223414   -0.023414 (VIOLATED)
fanout1095/Z                            0.200000    0.222931   -0.022931 (VIOLATED)
fanout874/Z                             0.200000    0.222572   -0.022572 (VIOLATED)
fanout1117/Z                            0.200000    0.222371   -0.022371 (VIOLATED)
fanout1235/Z                            0.200000    0.221698   -0.021698 (VIOLATED)
fanout929/Z                             0.200000    0.221595   -0.021595 (VIOLATED)
clkbuf_6_16_0_clk/Z                     0.200000    0.221567   -0.021567 (VIOLATED)
fanout1102/Z                            0.200000    0.221370   -0.021370 (VIOLATED)
_18543_/Z                               0.200000    0.220717   -0.020717 (VIOLATED)
fanout164/Z                             0.200000    0.220628   -0.020628 (VIOLATED)
fanout1086/Z                            0.200000    0.220495   -0.020495 (VIOLATED)
fanout570/Z                             0.200000    0.219158   -0.019158 (VIOLATED)
fanout1055/Z                            0.200000    0.218867   -0.018867 (VIOLATED)
fanout1333/Z                            0.200000    0.218746   -0.018746 (VIOLATED)
_15802_/ZN                              0.200000    0.218474   -0.018474 (VIOLATED)
fanout1153/Z                            0.200000    0.218417   -0.018417 (VIOLATED)
fanout1129/Z                            0.200000    0.218230   -0.018230 (VIOLATED)
fanout799/Z                             0.200000    0.218187   -0.018187 (VIOLATED)
fanout1066/Z                            0.200000    0.218060   -0.018060 (VIOLATED)
fanout1107/Z                            0.200000    0.217983   -0.017983 (VIOLATED)
fanout1213/Z                            0.200000    0.217680   -0.017680 (VIOLATED)
fanout1060/Z                            0.200000    0.217492   -0.017492 (VIOLATED)
fanout40/Z                              0.200000    0.217102   -0.017102 (VIOLATED)
fanout854/Z                             0.200000    0.217025   -0.017025 (VIOLATED)
fanout1150/Z                            0.200000    0.216947   -0.016947 (VIOLATED)
fanout1245/Z                            0.200000    0.216678   -0.016678 (VIOLATED)
fanout1571/Z                            0.200000    0.216537   -0.016537 (VIOLATED)
fanout1224/Z                            0.200000    0.216447   -0.016447 (VIOLATED)
fanout843/Z                             0.200000    0.215831   -0.015831 (VIOLATED)
_13377_/Z                               0.200000    0.215311   -0.015311 (VIOLATED)
fanout1190/Z                            0.200000    0.215247   -0.015247 (VIOLATED)
fanout1417/Z                            0.200000    0.215143   -0.015143 (VIOLATED)
fanout1065/Z                            0.200000    0.213961   -0.013961 (VIOLATED)
clkbuf_6_24_0_clk/Z                     0.200000    0.213903   -0.013903 (VIOLATED)
fanout1405/Z                            0.200000    0.213705   -0.013705 (VIOLATED)
fanout1297/Z                            0.200000    0.213668   -0.013668 (VIOLATED)
clkbuf_6_30_0_clk/Z                     0.200000    0.213088   -0.013088 (VIOLATED)
fanout1195/Z                            0.200000    0.212902   -0.012902 (VIOLATED)
fanout1470/Z                            0.200000    0.212887   -0.012887 (VIOLATED)
clkbuf_6_27_0_clk/Z                     0.200000    0.212531   -0.012531 (VIOLATED)
fanout1154/Z                            0.200000    0.211558   -0.011558 (VIOLATED)
fanout1125/Z                            0.200000    0.211440   -0.011440 (VIOLATED)
fanout1327/Z                            0.200000    0.211403   -0.011403 (VIOLATED)
clkbuf_6_25_0_clk/Z                     0.200000    0.211261   -0.011261 (VIOLATED)
clkbuf_6_20_0_clk/Z                     0.200000    0.211252   -0.011252 (VIOLATED)
fanout774/Z                             0.200000    0.211002   -0.011002 (VIOLATED)
max_cap1083/Z                           0.200000    0.210738   -0.010738 (VIOLATED)
clkbuf_6_22_0_clk/Z                     0.200000    0.210497   -0.010496 (VIOLATED)
fanout1130/Z                            0.200000    0.210127   -0.010127 (VIOLATED)
fanout1299/Z                            0.200000    0.209257   -0.009257 (VIOLATED)
fanout1559/Z                            0.200000    0.209064   -0.009064 (VIOLATED)
fanout1684/Z                            0.200000    0.209022   -0.009022 (VIOLATED)
clkbuf_6_29_0_clk/Z                     0.200000    0.208810   -0.008810 (VIOLATED)
clkbuf_6_26_0_clk/Z                     0.200000    0.208712   -0.008712 (VIOLATED)
fanout634/Z                             0.200000    0.208379   -0.008379 (VIOLATED)
fanout1220/Z                            0.200000    0.207889   -0.007889 (VIOLATED)
fanout1134/Z                            0.200000    0.207609   -0.007609 (VIOLATED)
clkbuf_6_15_0_clk/Z                     0.200000    0.207462   -0.007462 (VIOLATED)
fanout194/Z                             0.200000    0.207182   -0.007182 (VIOLATED)
_15856_/ZN                              0.200000    0.207082   -0.007082 (VIOLATED)
fanout1285/Z                            0.200000    0.206717   -0.006717 (VIOLATED)
fanout1193/Z                            0.200000    0.206479   -0.006479 (VIOLATED)
fanout1106/Z                            0.200000    0.205787   -0.005787 (VIOLATED)
fanout1139/Z                            0.200000    0.205768   -0.005768 (VIOLATED)
fanout786/Z                             0.200000    0.205748   -0.005748 (VIOLATED)
clkbuf_6_23_0_clk/Z                     0.200000    0.205574   -0.005574 (VIOLATED)
fanout716/Z                             0.200000    0.205455   -0.005455 (VIOLATED)
fanout1167/Z                            0.200000    0.205450   -0.005450 (VIOLATED)
fanout1105/Z                            0.200000    0.204900   -0.004900 (VIOLATED)
fanout553/Z                             0.200000    0.204843   -0.004843 (VIOLATED)
fanout1545/Z                            0.200000    0.204380   -0.004380 (VIOLATED)
fanout1697/Z                            0.200000    0.204142   -0.004142 (VIOLATED)
fanout1708/Z                            0.200000    0.204070   -0.004070 (VIOLATED)
fanout1204/Z                            0.200000    0.203868   -0.003868 (VIOLATED)
clkbuf_6_17_0_clk/Z                     0.200000    0.203762   -0.003762 (VIOLATED)
clkbuf_6_28_0_clk/Z                     0.200000    0.203454   -0.003454 (VIOLATED)
clkbuf_6_31_0_clk/Z                     0.200000    0.203453   -0.003453 (VIOLATED)
_15861_/ZN                              0.200000    0.203430   -0.003430 (VIOLATED)
_13188_/ZN                              0.200000    0.202853   -0.002853 (VIOLATED)
fanout872/Z                             0.200000    0.202739   -0.002739 (VIOLATED)
fanout1141/Z                            0.200000    0.202619   -0.002619 (VIOLATED)
fanout1058/Z                            0.200000    0.202534   -0.002534 (VIOLATED)
clkbuf_6_19_0_clk/Z                     0.200000    0.201835   -0.001835 (VIOLATED)
fanout602/Z                             0.200000    0.201657   -0.001657 (VIOLATED)
fanout969/Z                             0.200000    0.201497   -0.001497 (VIOLATED)
fanout833/Z                             0.200000    0.200602   -0.000602 (VIOLATED)
_15873_/ZN                              0.200000    0.200560   -0.000560 (VIOLATED)
_18146_/ZN                              0.200000    0.200388   -0.000388 (VIOLATED)
fanout769/Z                             0.200000    0.200165   -0.000165 (VIOLATED)



===========================================================================
report_parasitic_annotation -report_unannotated
============================================================================
Found 495 unannotated drivers.
 clkload0/ZN
 clkload1/ZN
 clkload10/ZN
 clkload100/Z
 clkload101/Z
 clkload102/ZN
 clkload103/Z
 clkload104/ZN
 clkload105/Z
 clkload106/ZN
 clkload107/Z
 clkload108/ZN
 clkload109/Z
 clkload11/ZN
 clkload110/Z
 clkload111/ZN
 clkload112/Z
 clkload113/ZN
 clkload114/ZN
 clkload115/ZN
 clkload116/ZN
 clkload117/Z
 clkload118/ZN
 clkload119/ZN
 clkload12/ZN
 clkload120/ZN
 clkload121/ZN
 clkload122/ZN
 clkload123/ZN
 clkload124/ZN
 clkload125/ZN
 clkload126/ZN
 clkload127/ZN
 clkload128/ZN
 clkload129/ZN
 clkload13/ZN
 clkload130/Z
 clkload131/ZN
 clkload132/ZN
 clkload133/ZN
 clkload134/ZN
 clkload135/Z
 clkload136/ZN
 clkload137/Z
 clkload138/ZN
 clkload139/ZN
 clkload14/Z
 clkload140/ZN
 clkload141/ZN
 clkload142/ZN
 clkload143/ZN
 clkload144/ZN
 clkload145/ZN
 clkload146/ZN
 clkload147/ZN
 clkload148/ZN
 clkload149/Z
 clkload15/ZN
 clkload150/ZN
 clkload151/Z
 clkload152/Z
 clkload153/ZN
 clkload154/ZN
 clkload155/ZN
 clkload156/Z
 clkload157/Z
 clkload158/ZN
 clkload159/ZN
 clkload16/ZN
 clkload160/ZN
 clkload161/Z
 clkload162/Z
 clkload163/ZN
 clkload164/Z
 clkload165/ZN
 clkload166/ZN
 clkload167/ZN
 clkload168/ZN
 clkload169/ZN
 clkload17/ZN
 clkload170/Z
 clkload171/Z
 clkload172/ZN
 clkload173/ZN
 clkload174/ZN
 clkload175/ZN
 clkload176/ZN
 clkload177/ZN
 clkload178/ZN
 clkload179/ZN
 clkload18/ZN
 clkload180/ZN
 clkload181/ZN
 clkload182/ZN
 clkload183/Z
 clkload184/Z
 clkload185/Z
 clkload186/Z
 clkload187/ZN
 clkload188/ZN
 clkload189/ZN
 clkload19/ZN
 clkload190/Z
 clkload191/Z
 clkload192/Z
 clkload193/Z
 clkload194/ZN
 clkload195/Z
 clkload196/ZN
 clkload197/ZN
 clkload198/ZN
 clkload199/ZN
 clkload2/ZN
 clkload20/ZN
 clkload200/Z
 clkload201/ZN
 clkload202/Z
 clkload203/ZN
 clkload204/ZN
 clkload205/ZN
 clkload206/Z
 clkload207/ZN
 clkload208/ZN
 clkload209/ZN
 clkload21/ZN
 clkload210/ZN
 clkload211/ZN
 clkload212/Z
 clkload213/Z
 clkload214/ZN
 clkload215/Z
 clkload216/Z
 clkload217/ZN
 clkload218/ZN
 clkload219/ZN
 clkload22/ZN
 clkload220/Z
 clkload221/ZN
 clkload222/ZN
 clkload223/ZN
 clkload224/Z
 clkload225/ZN
 clkload226/Z
 clkload227/Z
 clkload228/Z
 clkload229/ZN
 clkload23/ZN
 clkload230/ZN
 clkload231/Z
 clkload232/ZN
 clkload233/ZN
 clkload234/Z
 clkload235/ZN
 clkload236/ZN
 clkload237/ZN
 clkload238/ZN
 clkload239/Z
 clkload24/ZN
 clkload240/ZN
 clkload241/ZN
 clkload242/ZN
 clkload243/Z
 clkload244/ZN
 clkload245/ZN
 clkload246/Z
 clkload247/Z
 clkload248/Z
 clkload249/Z
 clkload25/ZN
 clkload250/ZN
 clkload251/ZN
 clkload252/Z
 clkload253/Z
 clkload254/ZN
 clkload255/Z
 clkload256/ZN
 clkload257/Z
 clkload258/ZN
 clkload259/Z
 clkload26/Z
 clkload260/ZN
 clkload261/ZN
 clkload262/Z
 clkload263/ZN
 clkload264/ZN
 clkload265/ZN
 clkload266/Z
 clkload267/Z
 clkload268/ZN
 clkload269/ZN
 clkload27/ZN
 clkload270/ZN
 clkload271/Z
 clkload272/Z
 clkload273/Z
 clkload274/ZN
 clkload275/Z
 clkload276/Z
 clkload277/Z
 clkload278/Z
 clkload279/Z
 clkload28/ZN
 clkload280/ZN
 clkload281/Z
 clkload282/ZN
 clkload283/Z
 clkload284/Z
 clkload285/ZN
 clkload286/Z
 clkload287/Z
 clkload288/ZN
 clkload289/ZN
 clkload29/ZN
 clkload290/Z
 clkload291/ZN
 clkload292/ZN
 clkload293/Z
 clkload294/Z
 clkload295/ZN
 clkload296/ZN
 clkload297/ZN
 clkload298/ZN
 clkload299/Z
 clkload3/ZN
 clkload30/ZN
 clkload300/ZN
 clkload301/ZN
 clkload302/ZN
 clkload303/Z
 clkload304/ZN
 clkload305/Z
 clkload306/ZN
 clkload307/ZN
 clkload308/Z
 clkload309/Z
 clkload31/ZN
 clkload310/ZN
 clkload311/ZN
 clkload312/Z
 clkload313/Z
 clkload314/ZN
 clkload315/Z
 clkload316/ZN
 clkload317/ZN
 clkload318/ZN
 clkload319/ZN
 clkload32/ZN
 clkload320/ZN
 clkload321/ZN
 clkload322/ZN
 clkload323/ZN
 clkload324/ZN
 clkload325/ZN
 clkload326/ZN
 clkload327/Z
 clkload328/ZN
 clkload329/Z
 clkload33/Z
 clkload330/ZN
 clkload331/Z
 clkload332/ZN
 clkload333/Z
 clkload334/ZN
 clkload335/ZN
 clkload336/ZN
 clkload337/Z
 clkload338/ZN
 clkload339/ZN
 clkload34/ZN
 clkload340/Z
 clkload341/ZN
 clkload342/Z
 clkload343/ZN
 clkload344/ZN
 clkload345/ZN
 clkload346/ZN
 clkload347/ZN
 clkload348/ZN
 clkload349/Z
 clkload35/ZN
 clkload350/Z
 clkload351/Z
 clkload352/Z
 clkload353/Z
 clkload354/Z
 clkload355/Z
 clkload356/Z
 clkload357/ZN
 clkload358/ZN
 clkload359/ZN
 clkload36/ZN
 clkload360/ZN
 clkload361/Z
 clkload362/Z
 clkload363/Z
 clkload364/Z
 clkload365/Z
 clkload366/Z
 clkload367/Z
 clkload368/ZN
 clkload369/Z
 clkload37/ZN
 clkload370/ZN
 clkload371/ZN
 clkload372/ZN
 clkload373/ZN
 clkload374/Z
 clkload375/Z
 clkload376/Z
 clkload377/Z
 clkload378/Z
 clkload379/Z
 clkload38/ZN
 clkload380/Z
 clkload381/Z
 clkload382/ZN
 clkload383/ZN
 clkload384/ZN
 clkload385/Z
 clkload386/ZN
 clkload387/Z
 clkload388/Z
 clkload389/Z
 clkload39/ZN
 clkload390/Z
 clkload391/Z
 clkload392/ZN
 clkload393/ZN
 clkload394/ZN
 clkload395/ZN
 clkload396/ZN
 clkload397/ZN
 clkload398/Z
 clkload399/ZN
 clkload4/Z
 clkload40/ZN
 clkload400/ZN
 clkload401/ZN
 clkload402/Z
 clkload403/ZN
 clkload404/Z
 clkload405/ZN
 clkload406/ZN
 clkload407/ZN
 clkload408/ZN
 clkload409/ZN
 clkload41/ZN
 clkload410/ZN
 clkload411/ZN
 clkload412/ZN
 clkload413/ZN
 clkload414/ZN
 clkload415/ZN
 clkload416/ZN
 clkload417/Z
 clkload418/ZN
 clkload419/ZN
 clkload42/ZN
 clkload420/ZN
 clkload421/ZN
 clkload422/ZN
 clkload423/ZN
 clkload424/ZN
 clkload425/ZN
 clkload426/ZN
 clkload427/Z
 clkload428/ZN
 clkload429/ZN
 clkload43/ZN
 clkload430/Z
 clkload431/Z
 clkload432/Z
 clkload433/ZN
 clkload434/ZN
 clkload435/ZN
 clkload436/ZN
 clkload437/Z
 clkload438/ZN
 clkload439/Z
 clkload44/ZN
 clkload440/ZN
 clkload441/ZN
 clkload442/ZN
 clkload443/Z
 clkload444/Z
 clkload445/Z
 clkload446/Z
 clkload447/ZN
 clkload448/Z
 clkload449/Z
 clkload45/ZN
 clkload450/Z
 clkload451/ZN
 clkload452/ZN
 clkload453/ZN
 clkload454/ZN
 clkload455/ZN
 clkload456/Z
 clkload457/ZN
 clkload458/Z
 clkload459/Z
 clkload46/ZN
 clkload460/Z
 clkload461/Z
 clkload462/ZN
 clkload463/Z
 clkload464/Z
 clkload465/Z
 clkload466/Z
 clkload467/Z
 clkload468/Z
 clkload469/Z
 clkload47/ZN
 clkload470/ZN
 clkload471/ZN
 clkload472/ZN
 clkload473/Z
 clkload474/ZN
 clkload475/Z
 clkload476/ZN
 clkload477/ZN
 clkload478/Z
 clkload479/ZN
 clkload48/ZN
 clkload480/ZN
 clkload481/Z
 clkload482/ZN
 clkload483/ZN
 clkload484/ZN
 clkload485/ZN
 clkload486/ZN
 clkload487/ZN
 clkload488/ZN
 clkload489/Z
 clkload49/ZN
 clkload490/Z
 clkload491/Z
 clkload492/ZN
 clkload493/Z
 clkload494/ZN
 clkload5/ZN
 clkload50/ZN
 clkload51/ZN
 clkload52/ZN
 clkload53/ZN
 clkload54/ZN
 clkload55/ZN
 clkload56/ZN
 clkload57/ZN
 clkload58/ZN
 clkload59/ZN
 clkload6/ZN
 clkload60/ZN
 clkload61/ZN
 clkload62/Z
 clkload63/ZN
 clkload64/ZN
 clkload65/ZN
 clkload66/ZN
 clkload67/ZN
 clkload68/ZN
 clkload69/ZN
 clkload7/ZN
 clkload70/ZN
 clkload71/ZN
 clkload72/ZN
 clkload73/ZN
 clkload74/ZN
 clkload75/ZN
 clkload76/ZN
 clkload77/ZN
 clkload78/ZN
 clkload79/Z
 clkload8/Z
 clkload80/Z
 clkload81/ZN
 clkload82/ZN
 clkload83/ZN
 clkload84/Z
 clkload85/Z
 clkload86/ZN
 clkload87/ZN
 clkload88/ZN
 clkload89/ZN
 clkload9/ZN
 clkload90/Z
 clkload91/Z
 clkload92/Z
 clkload93/Z
 clkload94/Z
 clkload95/Z
 clkload96/Z
 clkload97/ZN
 clkload98/Z
 clkload99/Z
Found 0 partially unannotated drivers.

===========================================================================
max slew violation count 0
max fanout violation count 24
max cap violation count 233
============================================================================

===========================================================================
check_setup -verbose -unconstrained_endpoints -multiple_clock -no_clock -no_input_delay -loops -generated_clocks
===========================================================================
