Clock: clk
Sources: clk 
Generated: no
Virtual: yes
Propagated: no
Period: 20.000000

===========================================================================
report_clock_properties
============================================================================
Clock                   Period          Waveform
----------------------------------------------------
clk                  20.000000    0.000000 10.000000

===========================================================================
report_clock_latency
============================================================================
Clock clk
rise -> rise
    min     max
0.000000 0.000000 source latency
1.519584         network latency _25369_/CLK
        2.024633 network latency _25139_/CLK
---------------
1.519584 2.024633 latency
        0.505049 skew

fall -> fall
    min     max
0.000000 0.000000 source latency
1.561511         network latency _25369_/CLK
        2.136444 network latency _25139_/CLK
---------------
1.561511 2.136444 latency
        0.574933 skew



===========================================================================
report_clock_min_period
============================================================================
clk period_min = 11.44 fmax = 87.38
