
===========================================================================
report_checks -unconstrained
===========================================================================
======================= min_tt_025C_5v00 Corner ===================================

Startpoint: rst (input port clocked by clk)
Endpoint: _27672_ (recovery check against rising-edge clock clk)
Path Group: asynchronous
Path Type: max

Fanout         Cap        Slew       Delay        Time   Description
---------------------------------------------------------------------------------------------
                                  0.000000    0.000000   clock clk (rise edge)
                                  0.000000    0.000000   clock network delay (propagated)
                                  4.000000    4.000000 v input external delay
     1    0.003491    0.061186    0.021487    4.021487 v rst (in)
                                                         rst (net)
                      0.061186    0.000000    4.021487 v input3/I (gf180mcu_fd_sc_mcu7t5v0__buf_1)
     2    0.089835    0.890450    0.745463    4.766950 v input3/Z (gf180mcu_fd_sc_mcu7t5v0__buf_1)
                                                         net3 (net)
                      0.890620    0.007064    4.774014 v fanout1841/I (gf180mcu_fd_sc_mcu7t5v0__buf_2)
     6    0.132865    0.660878    0.802963    5.576977 v fanout1841/Z (gf180mcu_fd_sc_mcu7t5v0__buf_2)
                                                         net1841 (net)
                      0.661001    0.005163    5.582139 v fanout1828/I (gf180mcu_fd_sc_mcu7t5v0__buf_2)
     6    0.081257    0.419413    0.597614    6.179754 v fanout1828/Z (gf180mcu_fd_sc_mcu7t5v0__buf_2)
                                                         net1828 (net)
                      0.419425    0.001235    6.180989 v fanout1827/I (gf180mcu_fd_sc_mcu7t5v0__buf_2)
     9    0.120593    0.600902    0.646676    6.827665 v fanout1827/Z (gf180mcu_fd_sc_mcu7t5v0__buf_2)
                                                         net1827 (net)
                      0.600910    0.001242    6.828907 v fanout1826/I (gf180mcu_fd_sc_mcu7t5v0__buf_2)
    10    0.077197    0.398064    0.569455    7.398362 v fanout1826/Z (gf180mcu_fd_sc_mcu7t5v0__buf_2)
                                                         net1826 (net)
                      0.398075    0.001180    7.399542 v fanout1825/I (gf180mcu_fd_sc_mcu7t5v0__buf_2)
    10    0.069277    0.362357    0.491814    7.891356 v fanout1825/Z (gf180mcu_fd_sc_mcu7t5v0__buf_2)
                                                         net1825 (net)
                      0.362390    0.001964    7.893319 v _24898_/I (gf180mcu_fd_sc_mcu7t5v0__clkinv_1)
     1    0.016626    0.331359    0.285280    8.178599 ^ _24898_/ZN (gf180mcu_fd_sc_mcu7t5v0__clkinv_1)
                                                         _00817_ (net)
                      0.331359    0.000639    8.179238 ^ _27672_/RN (gf180mcu_fd_sc_mcu7t5v0__dffrnq_2)
                                              8.179238   data arrival time

                                 20.000000   20.000000   clock clk (rise edge)
                                  0.000000   20.000000   clock source latency
     1    0.134497    0.565469    0.327267   20.327267 ^ clk (in)
                                                         clk (net)
                      0.568165    0.000000   20.327267 ^ clkbuf_0_clk/I (gf180mcu_fd_sc_mcu7t5v0__clkbuf_16)
     4    0.284838    0.329527    0.472841   20.800108 ^ clkbuf_0_clk/Z (gf180mcu_fd_sc_mcu7t5v0__clkbuf_16)
                                                         clknet_0_clk (net)
                      0.330059    0.008596   20.808704 ^ clkbuf_2_0_0_clk/I (gf180mcu_fd_sc_mcu7t5v0__clkbuf_8)
    16    0.391266    0.816065    0.709422   21.518127 ^ clkbuf_2_0_0_clk/Z (gf180mcu_fd_sc_mcu7t5v0__clkbuf_8)
                                                         clknet_2_0_0_clk (net)
                      0.816516    0.010752   21.528879 ^ clkbuf_6_11_0_clk/I (gf180mcu_fd_sc_mcu7t5v0__clkbuf_8)
     9    0.146826    0.340158    0.506040   22.034918 ^ clkbuf_6_11_0_clk/Z (gf180mcu_fd_sc_mcu7t5v0__clkbuf_8)
                                                         clknet_6_11_0_clk (net)
                      0.340178    0.003942   22.038860 ^ clkbuf_leaf_37_clk/I (gf180mcu_fd_sc_mcu7t5v0__clkbuf_8)
     6    0.033546    0.130377    0.299757   22.338617 ^ clkbuf_leaf_37_clk/Z (gf180mcu_fd_sc_mcu7t5v0__clkbuf_8)
                                                         clknet_leaf_37_clk (net)
                      0.130378    0.000425   22.339041 ^ _27672_/CLK (gf180mcu_fd_sc_mcu7t5v0__dffrnq_2)
                                 -0.250000   22.089043   clock uncertainty
                                  0.000000   22.089043   clock reconvergence pessimism
                                  0.200700   22.289742   library recovery time
                                             22.289742   data required time
---------------------------------------------------------------------------------------------
                                             22.289742   data required time
                                             -8.179238   data arrival time
---------------------------------------------------------------------------------------------
                                             14.110504   slack (MET)


Startpoint: _25494_ (rising edge-triggered flip-flop clocked by clk)
Endpoint: _26219_ (rising edge-triggered flip-flop clocked by clk)
Path Group: clk
Path Type: max

Fanout         Cap        Slew       Delay        Time   Description
---------------------------------------------------------------------------------------------
                                  0.000000    0.000000   clock clk (rise edge)
                                  0.000000    0.000000   clock source latency
     1    0.134497    0.565469    0.327268    0.327268 ^ clk (in)
                                                         clk (net)
                      0.568165    0.000000    0.327268 ^ clkbuf_0_clk/I (gf180mcu_fd_sc_mcu7t5v0__clkbuf_16)
     4    0.284838    0.329527    0.472841    0.800108 ^ clkbuf_0_clk/Z (gf180mcu_fd_sc_mcu7t5v0__clkbuf_16)
                                                         clknet_0_clk (net)
                      0.330059    0.008596    0.808704 ^ clkbuf_2_0_0_clk/I (gf180mcu_fd_sc_mcu7t5v0__clkbuf_8)
    16    0.391266    0.816065    0.709422    1.518126 ^ clkbuf_2_0_0_clk/Z (gf180mcu_fd_sc_mcu7t5v0__clkbuf_8)
                                                         clknet_2_0_0_clk (net)
                      0.816543    0.011081    1.529207 ^ clkbuf_6_3_0_clk/I (gf180mcu_fd_sc_mcu7t5v0__clkbuf_8)
     9    0.143182    0.334439    0.503150    2.032356 ^ clkbuf_6_3_0_clk/Z (gf180mcu_fd_sc_mcu7t5v0__clkbuf_8)
                                                         clknet_6_3_0_clk (net)
                      0.334441    0.001248    2.033604 ^ clkbuf_leaf_487_clk/I (gf180mcu_fd_sc_mcu7t5v0__clkbuf_8)
     8    0.040731    0.142298    0.308401    2.342005 ^ clkbuf_leaf_487_clk/Z (gf180mcu_fd_sc_mcu7t5v0__clkbuf_8)
                                                         clknet_leaf_487_clk (net)
                      0.142299    0.000433    2.342438 ^ _25494_/CLK (gf180mcu_fd_sc_mcu7t5v0__dffrnq_1)
     1    0.011210    0.266187    0.951852    3.294289 ^ _25494_/Q (gf180mcu_fd_sc_mcu7t5v0__dffrnq_1)
                                                         pp_inst.core_inst.reg_cnt_i.data_q[0] (net)
                      0.266187    0.000229    3.294518 ^ fanout1717/I (gf180mcu_fd_sc_mcu7t5v0__buf_4)
     7    0.202459    0.837379    0.617396    3.911914 ^ fanout1717/Z (gf180mcu_fd_sc_mcu7t5v0__buf_4)
                                                         net1717 (net)
                      0.837979    0.012501    3.924415 ^ _12382_/I (gf180mcu_fd_sc_mcu7t5v0__clkinv_2)
     3    0.097138    0.826692    0.670763    4.595178 v _12382_/ZN (gf180mcu_fd_sc_mcu7t5v0__clkinv_2)
                                                         _09184_ (net)
                      0.826739    0.003539    4.598717 v fanout1714/I (gf180mcu_fd_sc_mcu7t5v0__buf_4)
    10    0.219379    0.545965    0.690254    5.288970 v fanout1714/Z (gf180mcu_fd_sc_mcu7t5v0__buf_4)
                                                         net1714 (net)
                      0.545990    0.002113    5.291084 v fanout1713/I (gf180mcu_fd_sc_mcu7t5v0__clkbuf_4)
    10    0.154532    0.654151    0.708233    5.999317 v fanout1713/Z (gf180mcu_fd_sc_mcu7t5v0__clkbuf_4)
                                                         net1713 (net)
                      0.655553    0.017270    6.016587 v _13346_/B (gf180mcu_fd_sc_mcu7t5v0__aoi21_1)
     1    0.027865    1.014267    0.736633    6.753220 ^ _13346_/ZN (gf180mcu_fd_sc_mcu7t5v0__aoi21_1)
                                                         _09960_ (net)
                      1.014268    0.001204    6.754424 ^ fanout1568/I (gf180mcu_fd_sc_mcu7t5v0__buf_2)
     5    0.138409    1.139715    0.846076    7.600500 ^ fanout1568/Z (gf180mcu_fd_sc_mcu7t5v0__buf_2)
                                                         net1568 (net)
                      1.140262    0.014055    7.614555 ^ fanout1567/I (gf180mcu_fd_sc_mcu7t5v0__buf_2)
     5    0.051700    0.455040    0.456271    8.070827 ^ fanout1567/Z (gf180mcu_fd_sc_mcu7t5v0__buf_2)
                                                         net1567 (net)
                      0.455071    0.002102    8.072929 ^ _13349_/A2 (gf180mcu_fd_sc_mcu7t5v0__nor2_1)
     1    0.013933    0.319313    0.263554    8.336483 v _13349_/ZN (gf180mcu_fd_sc_mcu7t5v0__nor2_1)
                                                         _09963_ (net)
                      0.319313    0.000339    8.336823 v fanout1476/I (gf180mcu_fd_sc_mcu7t5v0__buf_4)
     8    0.194673    0.486818    0.529941    8.866763 v fanout1476/Z (gf180mcu_fd_sc_mcu7t5v0__buf_4)
                                                         net1476 (net)
                      0.487764    0.012183    8.878946 v fanout1472/I (gf180mcu_fd_sc_mcu7t5v0__buf_2)
     7    0.094108    0.477833    0.589378    9.468325 v fanout1472/Z (gf180mcu_fd_sc_mcu7t5v0__buf_2)
                                                         net1472 (net)
                      0.477877    0.002626    9.470951 v fanout1471/I (gf180mcu_fd_sc_mcu7t5v0__clkbuf_4)
    10    0.109673    0.480508    0.590567   10.061518 v fanout1471/Z (gf180mcu_fd_sc_mcu7t5v0__clkbuf_4)
                                                         net1471 (net)
                      0.480680    0.005125   10.066643 v _13585_/A2 (gf180mcu_fd_sc_mcu7t5v0__aoi222_2)
     1    0.010598    0.809300    0.545454   10.612098 ^ _13585_/ZN (gf180mcu_fd_sc_mcu7t5v0__aoi222_2)
                                                         _10195_ (net)
                      0.809300    0.000115   10.612212 ^ _13586_/B (gf180mcu_fd_sc_mcu7t5v0__oai211_2)
     1    0.018942    0.436921    0.324002   10.936214 v _13586_/ZN (gf180mcu_fd_sc_mcu7t5v0__oai211_2)
                                                         _10196_ (net)
                      0.436921    0.000194   10.936408 v _13595_/B2 (gf180mcu_fd_sc_mcu7t5v0__aoi22_4)
     4    0.125567    1.314404    0.893262   11.829670 ^ _13595_/ZN (gf180mcu_fd_sc_mcu7t5v0__aoi22_4)
                                                         _10205_ (net)
                      1.314424    0.008099   11.837770 ^ _13597_/A2 (gf180mcu_fd_sc_mcu7t5v0__xor2_1)
     2    0.033609    1.181591    0.816796   12.654565 ^ _13597_/Z (gf180mcu_fd_sc_mcu7t5v0__xor2_1)
                                                         _10207_ (net)
                      1.181591    0.000710   12.655274 ^ _13598_/A2 (gf180mcu_fd_sc_mcu7t5v0__aoi21_4)
     2    0.039560    0.384428    0.168461   12.823735 v _13598_/ZN (gf180mcu_fd_sc_mcu7t5v0__aoi21_4)
                                                         _10208_ (net)
                      0.384429    0.000737   12.824472 v _16067_/B1 (gf180mcu_fd_sc_mcu7t5v0__aoi22_4)
     2    0.150817    1.513649    0.959954   13.784427 ^ _16067_/ZN (gf180mcu_fd_sc_mcu7t5v0__aoi22_4)
                                                         _03429_ (net)
                      1.513832    0.025088   13.809515 ^ fanout492/I (gf180mcu_fd_sc_mcu7t5v0__buf_2)
     6    0.087779    0.742345    0.621007   14.430522 ^ fanout492/Z (gf180mcu_fd_sc_mcu7t5v0__buf_2)
                                                         net492 (net)
                      0.742450    0.004925   14.435447 ^ fanout486/I (gf180mcu_fd_sc_mcu7t5v0__buf_2)
     6    0.067181    0.573641    0.516023   14.951469 ^ fanout486/Z (gf180mcu_fd_sc_mcu7t5v0__buf_2)
                                                         net486 (net)
                      0.573641    0.000437   14.951907 ^ fanout485/I (gf180mcu_fd_sc_mcu7t5v0__buf_1)
     5    0.042242    0.727074    0.607784   15.559690 ^ fanout485/Z (gf180mcu_fd_sc_mcu7t5v0__buf_1)
                                                         net485 (net)
                      0.727074    0.000595   15.560286 ^ fanout484/I (gf180mcu_fd_sc_mcu7t5v0__buf_2)
    10    0.073015    0.621226    0.544027   16.104313 ^ fanout484/Z (gf180mcu_fd_sc_mcu7t5v0__buf_2)
                                                         net484 (net)
                      0.621230    0.000901   16.105213 ^ _21153_/A1 (gf180mcu_fd_sc_mcu7t5v0__oai21_1)
     1    0.004427    0.293312    0.142736   16.247950 v _21153_/ZN (gf180mcu_fd_sc_mcu7t5v0__oai21_1)
                                                         _01861_ (net)
                      0.293312    0.000087   16.248035 v _26219_/D (gf180mcu_fd_sc_mcu7t5v0__dffq_1)
                                             16.248035   data arrival time

                                 20.000000   20.000000   clock clk (rise edge)
                                  0.000000   20.000000   clock source latency
     1    0.134497    0.565469    0.327267   20.327267 ^ clk (in)
                                                         clk (net)
                      0.568165    0.000000   20.327267 ^ clkbuf_0_clk/I (gf180mcu_fd_sc_mcu7t5v0__clkbuf_16)
     4    0.284838    0.329527    0.472841   20.800108 ^ clkbuf_0_clk/Z (gf180mcu_fd_sc_mcu7t5v0__clkbuf_16)
                                                         clknet_0_clk (net)
                      0.330214    0.009900   20.810009 ^ clkbuf_2_3_0_clk/I (gf180mcu_fd_sc_mcu7t5v0__clkbuf_8)
    16    0.381630    0.795830    0.696527   21.506536 ^ clkbuf_2_3_0_clk/Z (gf180mcu_fd_sc_mcu7t5v0__clkbuf_8)
                                                         clknet_2_3_0_clk (net)
                      0.796738    0.015120   21.521656 ^ clkbuf_6_60_0_clk/I (gf180mcu_fd_sc_mcu7t5v0__clkbuf_8)
     9    0.187775    0.418159    0.549894   22.071550 ^ clkbuf_6_60_0_clk/Z (gf180mcu_fd_sc_mcu7t5v0__clkbuf_8)
                                                         clknet_6_60_0_clk (net)
                      0.418185    0.001455   22.073006 ^ clkbuf_leaf_288_clk/I (gf180mcu_fd_sc_mcu7t5v0__clkbuf_8)
     9    0.046838    0.154857    0.330145   22.403151 ^ clkbuf_leaf_288_clk/Z (gf180mcu_fd_sc_mcu7t5v0__clkbuf_8)
                                                         clknet_leaf_288_clk (net)
                      0.154858    0.000533   22.403683 ^ _26219_/CLK (gf180mcu_fd_sc_mcu7t5v0__dffq_1)
                                 -0.250000   22.153685   clock uncertainty
                                  0.000000   22.153685   clock reconvergence pessimism
                                 -0.274599   21.879084   library setup time
                                             21.879084   data required time
---------------------------------------------------------------------------------------------
                                             21.879084   data required time
                                            -16.248035   data arrival time
---------------------------------------------------------------------------------------------
                                              5.631048   slack (MET)




===========================================================================
report_checks --slack_max -0.01
============================================================================
======================= min_tt_025C_5v00 Corner ===================================

No paths found.


===========================================================================
 report_check_types -max_slew -max_cap -max_fanout -violators
============================================================================
======================= min_tt_025C_5v00 Corner ===================================

max slew

Pin                                        Limit        Slew       Slack
------------------------------------------------------------------------
_17803_/A2                              3.000000    3.582237   -0.582237 (VIOLATED)
_17802_/Z                               3.000000    3.582105   -0.582105 (VIOLATED)
_18435_/A1                              3.000000    3.135740   -0.135740 (VIOLATED)
_18359_/A1                              3.000000    3.135557   -0.135557 (VIOLATED)
_17646_/A1                              3.000000    3.135540   -0.135540 (VIOLATED)
_17638_/Z                               3.000000    3.135529   -0.135529 (VIOLATED)

max fanout

Pin                                   Limit Fanout  Slack
---------------------------------------------------------
clkbuf_2_0_0_clk/Z                       10     16     -6 (VIOLATED)
clkbuf_2_1_0_clk/Z                       10     16     -6 (VIOLATED)
clkbuf_2_2_0_clk/Z                       10     16     -6 (VIOLATED)
clkbuf_2_3_0_clk/Z                       10     16     -6 (VIOLATED)
clkbuf_6_36_0_clk/Z                      10     13     -3 (VIOLATED)
clkbuf_6_55_0_clk/Z                      10     13     -3 (VIOLATED)
clkbuf_6_32_0_clk/Z                      10     12     -2 (VIOLATED)
clkbuf_6_33_0_clk/Z                      10     12     -2 (VIOLATED)
clkbuf_6_39_0_clk/Z                      10     12     -2 (VIOLATED)
clkbuf_6_41_0_clk/Z                      10     12     -2 (VIOLATED)
clkbuf_6_48_0_clk/Z                      10     12     -2 (VIOLATED)
clkbuf_6_56_0_clk/Z                      10     12     -2 (VIOLATED)
clkbuf_6_57_0_clk/Z                      10     12     -2 (VIOLATED)
clkbuf_6_58_0_clk/Z                      10     12     -2 (VIOLATED)
clkbuf_leaf_301_clk/Z                    10     12     -2 (VIOLATED)
clkbuf_6_34_0_clk/Z                      10     11        (VIOLATED)
clkbuf_6_35_0_clk/Z                      10     11        (VIOLATED)
clkbuf_6_37_0_clk/Z                      10     11        (VIOLATED)
clkbuf_6_38_0_clk/Z                      10     11        (VIOLATED)
clkbuf_6_46_0_clk/Z                      10     11        (VIOLATED)
clkbuf_6_50_0_clk/Z                      10     11        (VIOLATED)
clkbuf_6_54_0_clk/Z                      10     11        (VIOLATED)
clkbuf_6_59_0_clk/Z                      10     11        (VIOLATED)
clkbuf_6_61_0_clk/Z                      10     11        (VIOLATED)
clkbuf_leaf_161_clk/Z                    10     11        (VIOLATED)
clkbuf_leaf_218_clk/Z                    10     11        (VIOLATED)
clkbuf_leaf_290_clk/Z                    10     11        (VIOLATED)

max capacitance

Pin                                        Limit         Cap       Slack
------------------------------------------------------------------------
clkbuf_2_1_0_clk/Z                      0.200000    0.400861   -0.200861 (VIOLATED)
clkbuf_2_0_0_clk/Z                      0.200000    0.391266   -0.191266 (VIOLATED)
clkbuf_2_2_0_clk/Z                      0.200000    0.383658   -0.183658 (VIOLATED)
clkbuf_2_3_0_clk/Z                      0.200000    0.381630   -0.181630 (VIOLATED)
fanout1183/Z                            0.200000    0.312472   -0.112472 (VIOLATED)
fanout1070/Z                            0.200000    0.303090   -0.103090 (VIOLATED)
fanout1321/Z                            0.200000    0.301606   -0.101606 (VIOLATED)
fanout1332/Z                            0.200000    0.292712   -0.092712 (VIOLATED)
fanout1431/Z                            0.200000    0.292630   -0.092630 (VIOLATED)
fanout1113/Z                            0.200000    0.291141   -0.091141 (VIOLATED)
fanout1080/Z                            0.200000    0.290843   -0.090843 (VIOLATED)
fanout1117/Z                            0.200000    0.290429   -0.090429 (VIOLATED)
fanout1316/Z                            0.200000    0.289711   -0.089711 (VIOLATED)
fanout1328/Z                            0.200000    0.289214   -0.089214 (VIOLATED)
fanout1261/Z                            0.200000    0.288847   -0.088847 (VIOLATED)
fanout1238/Z                            0.200000    0.288334   -0.088334 (VIOLATED)
fanout1266/Z                            0.200000    0.286013   -0.086013 (VIOLATED)
fanout1065/Z                            0.200000    0.285696   -0.085696 (VIOLATED)
clkbuf_0_clk/Z                          0.200000    0.284838   -0.084838 (VIOLATED)
fanout1155/Z                            0.200000    0.284638   -0.084638 (VIOLATED)
fanout879/Z                             0.200000    0.283734   -0.083734 (VIOLATED)
fanout1085/Z                            0.200000    0.281702   -0.081702 (VIOLATED)
fanout1110/Z                            0.200000    0.281013   -0.081013 (VIOLATED)
fanout1255/Z                            0.200000    0.280258   -0.080258 (VIOLATED)
fanout1243/Z                            0.200000    0.279760   -0.079760 (VIOLATED)
fanout1195/Z                            0.200000    0.279742   -0.079742 (VIOLATED)
fanout1075/Z                            0.200000    0.279707   -0.079707 (VIOLATED)
max_cap1092/Z                           0.200000    0.278526   -0.078526 (VIOLATED)
fanout748/Z                             0.200000    0.276764   -0.076764 (VIOLATED)
max_cap1318/Z                           0.200000    0.276155   -0.076155 (VIOLATED)
fanout1149/Z                            0.200000    0.275783   -0.075783 (VIOLATED)
fanout1245/Z                            0.200000    0.274197   -0.074197 (VIOLATED)
fanout1121/Z                            0.200000    0.273735   -0.073735 (VIOLATED)
fanout1323/Z                            0.200000    0.273205   -0.073205 (VIOLATED)
fanout806/Z                             0.200000    0.272305   -0.072305 (VIOLATED)
fanout1296/Z                            0.200000    0.272024   -0.072024 (VIOLATED)
fanout884/Z                             0.200000    0.271943   -0.071943 (VIOLATED)
fanout1106/Z                            0.200000    0.270454   -0.070454 (VIOLATED)
max_cap1130/Z                           0.200000    0.268571   -0.068571 (VIOLATED)
fanout1211/Z                            0.200000    0.267102   -0.067102 (VIOLATED)
fanout1277/Z                            0.200000    0.266227   -0.066227 (VIOLATED)
fanout1197/Z                            0.200000    0.264841   -0.064841 (VIOLATED)
fanout1125/Z                            0.200000    0.264542   -0.064542 (VIOLATED)
fanout1164/Z                            0.200000    0.264462   -0.064462 (VIOLATED)
fanout1112/Z                            0.200000    0.264250   -0.064250 (VIOLATED)
fanout1108/Z                            0.200000    0.263973   -0.063973 (VIOLATED)
fanout1087/Z                            0.200000    0.263757   -0.063757 (VIOLATED)
fanout1185/Z                            0.200000    0.263716   -0.063716 (VIOLATED)
fanout1269/Z                            0.200000    0.263217   -0.063217 (VIOLATED)
fanout1229/Z                            0.200000    0.263037   -0.063037 (VIOLATED)
max_cap1119/Z                           0.200000    0.262828   -0.062828 (VIOLATED)
fanout551/Z                             0.200000    0.261499   -0.061499 (VIOLATED)
fanout1097/Z                            0.200000    0.260102   -0.060102 (VIOLATED)
fanout1263/Z                            0.200000    0.260100   -0.060100 (VIOLATED)
fanout1191/Z                            0.200000    0.259674   -0.059674 (VIOLATED)
fanout1151/Z                            0.200000    0.259263   -0.059263 (VIOLATED)
fanout1098/Z                            0.200000    0.259199   -0.059199 (VIOLATED)
fanout1134/Z                            0.200000    0.258983   -0.058983 (VIOLATED)
fanout1223/Z                            0.200000    0.258239   -0.058239 (VIOLATED)
fanout1273/Z                            0.200000    0.258128   -0.058128 (VIOLATED)
fanout1586/Z                            0.200000    0.257393   -0.057393 (VIOLATED)
fanout1189/Z                            0.200000    0.257150   -0.057150 (VIOLATED)
fanout231/Z                             0.200000    0.256937   -0.056937 (VIOLATED)
fanout1084/Z                            0.200000    0.256614   -0.056614 (VIOLATED)
fanout1256/Z                            0.200000    0.255684   -0.055684 (VIOLATED)
fanout1344/Z                            0.200000    0.255519   -0.055519 (VIOLATED)
fanout1462/Z                            0.200000    0.255470   -0.055470 (VIOLATED)
fanout1336/Z                            0.200000    0.254955   -0.054955 (VIOLATED)
fanout989/Z                             0.200000    0.254748   -0.054748 (VIOLATED)
fanout1275/Z                            0.200000    0.253673   -0.053673 (VIOLATED)
fanout1297/Z                            0.200000    0.253411   -0.053411 (VIOLATED)
fanout1265/Z                            0.200000    0.252669   -0.052669 (VIOLATED)
wire1209/Z                              0.200000    0.251550   -0.051550 (VIOLATED)
fanout1270/Z                            0.200000    0.251122   -0.051122 (VIOLATED)
fanout1320/Z                            0.200000    0.250844   -0.050844 (VIOLATED)
fanout972/Z                             0.200000    0.250574   -0.050574 (VIOLATED)
fanout1190/Z                            0.200000    0.250027   -0.050027 (VIOLATED)
fanout1148/Z                            0.200000    0.249180   -0.049180 (VIOLATED)
fanout1172/Z                            0.200000    0.248490   -0.048490 (VIOLATED)
fanout697/Z                             0.200000    0.247971   -0.047971 (VIOLATED)
fanout1330/Z                            0.200000    0.246683   -0.046683 (VIOLATED)
fanout1203/Z                            0.200000    0.246349   -0.046349 (VIOLATED)
fanout1253/Z                            0.200000    0.245937   -0.045937 (VIOLATED)
fanout1247/Z                            0.200000    0.244966   -0.044966 (VIOLATED)
fanout1141/Z                            0.200000    0.244823   -0.044823 (VIOLATED)
fanout1157/Z                            0.200000    0.244426   -0.044426 (VIOLATED)
_14974_/ZN                              0.200000    0.244344   -0.044344 (VIOLATED)
fanout1071/Z                            0.200000    0.244261   -0.044261 (VIOLATED)
fanout1170/Z                            0.200000    0.243932   -0.043932 (VIOLATED)
fanout1161/Z                            0.200000    0.243596   -0.043596 (VIOLATED)
fanout1227/Z                            0.200000    0.243568   -0.043568 (VIOLATED)
fanout823/Z                             0.200000    0.243398   -0.043398 (VIOLATED)
fanout1225/Z                            0.200000    0.243202   -0.043202 (VIOLATED)
fanout76/Z                              0.200000    0.243197   -0.043197 (VIOLATED)
fanout1102/Z                            0.200000    0.242468   -0.042468 (VIOLATED)
fanout1459/Z                            0.200000    0.242379   -0.042379 (VIOLATED)
fanout1168/Z                            0.200000    0.242326   -0.042326 (VIOLATED)
fanout1258/Z                            0.200000    0.242221   -0.042221 (VIOLATED)
fanout1578/Z                            0.200000    0.241774   -0.041774 (VIOLATED)
fanout1207/Z                            0.200000    0.241341   -0.041341 (VIOLATED)
fanout1342/Z                            0.200000    0.241276   -0.041276 (VIOLATED)
fanout1127/Z                            0.200000    0.241264   -0.041264 (VIOLATED)
fanout1274/Z                            0.200000    0.239243   -0.039243 (VIOLATED)
fanout1182/Z                            0.200000    0.239151   -0.039151 (VIOLATED)
fanout730/Z                             0.200000    0.238939   -0.038939 (VIOLATED)
fanout1300/Z                            0.200000    0.238478   -0.038478 (VIOLATED)
fanout1334/Z                            0.200000    0.237306   -0.037306 (VIOLATED)
fanout1239/Z                            0.200000    0.237144   -0.037144 (VIOLATED)
fanout739/Z                             0.200000    0.236924   -0.036924 (VIOLATED)
fanout575/Z                             0.200000    0.236920   -0.036920 (VIOLATED)
fanout1104/Z                            0.200000    0.236233   -0.036233 (VIOLATED)
fanout1147/Z                            0.200000    0.235956   -0.035956 (VIOLATED)
fanout1180/Z                            0.200000    0.235217   -0.035217 (VIOLATED)
fanout1201/Z                            0.200000    0.234247   -0.034247 (VIOLATED)
fanout1136/Z                            0.200000    0.234021   -0.034021 (VIOLATED)
max_cap1307/Z                           0.200000    0.232622   -0.032622 (VIOLATED)
fanout1228/Z                            0.200000    0.232497   -0.032497 (VIOLATED)
fanout1094/Z                            0.200000    0.231986   -0.031986 (VIOLATED)
fanout1304/Z                            0.200000    0.231637   -0.031637 (VIOLATED)
fanout1326/Z                            0.200000    0.231632   -0.031632 (VIOLATED)
fanout1234/Z                            0.200000    0.231295   -0.031295 (VIOLATED)
fanout1340/Z                            0.200000    0.231220   -0.031220 (VIOLATED)
fanout1138/Z                            0.200000    0.230632   -0.030632 (VIOLATED)
fanout1430/Z                            0.200000    0.230576   -0.030576 (VIOLATED)
fanout1460/Z                            0.200000    0.229710   -0.029710 (VIOLATED)
fanout1123/Z                            0.200000    0.229534   -0.029534 (VIOLATED)
fanout1346/Z                            0.200000    0.228565   -0.028565 (VIOLATED)
fanout1322/Z                            0.200000    0.228295   -0.028295 (VIOLATED)
fanout1478/Z                            0.200000    0.227794   -0.027794 (VIOLATED)
fanout705/Z                             0.200000    0.227523   -0.027523 (VIOLATED)
fanout1193/Z                            0.200000    0.226969   -0.026969 (VIOLATED)
fanout1418/Z                            0.200000    0.226910   -0.026910 (VIOLATED)
fanout1140/Z                            0.200000    0.226618   -0.026618 (VIOLATED)
fanout1221/Z                            0.200000    0.226409   -0.026409 (VIOLATED)
fanout1063/Z                            0.200000    0.225890   -0.025890 (VIOLATED)
fanout1074/Z                            0.200000    0.225437   -0.025437 (VIOLATED)
fanout1096/Z                            0.200000    0.225122   -0.025122 (VIOLATED)
fanout1315/Z                            0.200000    0.225085   -0.025085 (VIOLATED)
fanout1124/Z                            0.200000    0.224875   -0.024875 (VIOLATED)
fanout855/Z                             0.200000    0.224856   -0.024856 (VIOLATED)
fanout1249/Z                            0.200000    0.224786   -0.024786 (VIOLATED)
fanout1144/Z                            0.200000    0.224530   -0.024530 (VIOLATED)
fanout1205/Z                            0.200000    0.224343   -0.024343 (VIOLATED)
fanout1283/Z                            0.200000    0.224268   -0.024268 (VIOLATED)
fanout1313/Z                            0.200000    0.223607   -0.023607 (VIOLATED)
fanout1252/Z                            0.200000    0.223406   -0.023406 (VIOLATED)
fanout1089/Z                            0.200000    0.222644   -0.022644 (VIOLATED)
fanout1100/Z                            0.200000    0.222271   -0.022271 (VIOLATED)
fanout1216/Z                            0.200000    0.222081   -0.022081 (VIOLATED)
fanout1114/Z                            0.200000    0.221889   -0.021889 (VIOLATED)
fanout1115/Z                            0.200000    0.221746   -0.021746 (VIOLATED)
fanout1187/Z                            0.200000    0.221443   -0.021443 (VIOLATED)
fanout1116/Z                            0.200000    0.221016   -0.021016 (VIOLATED)
_18883_/ZN                              0.200000    0.220316   -0.020316 (VIOLATED)
fanout1254/Z                            0.200000    0.219857   -0.019857 (VIOLATED)
fanout1714/Z                            0.200000    0.219379   -0.019379 (VIOLATED)
_13222_/ZN                              0.200000    0.219344   -0.019344 (VIOLATED)
fanout1699/Z                            0.200000    0.219232   -0.019232 (VIOLATED)
fanout1213/Z                            0.200000    0.219116   -0.019116 (VIOLATED)
fanout1088/Z                            0.200000    0.218754   -0.018754 (VIOLATED)
_18543_/Z                               0.200000    0.218694   -0.018694 (VIOLATED)
fanout1338/Z                            0.200000    0.218662   -0.018662 (VIOLATED)
fanout1220/Z                            0.200000    0.218601   -0.018601 (VIOLATED)
fanout1241/Z                            0.200000    0.218594   -0.018594 (VIOLATED)
fanout1145/Z                            0.200000    0.218340   -0.018340 (VIOLATED)
fanout1126/Z                            0.200000    0.218134   -0.018134 (VIOLATED)
fanout938/Z                             0.200000    0.217464   -0.017464 (VIOLATED)
fanout1484/Z                            0.200000    0.217083   -0.017083 (VIOLATED)
fanout1302/Z                            0.200000    0.217028   -0.017029 (VIOLATED)
fanout1309/Z                            0.200000    0.216879   -0.016879 (VIOLATED)
fanout1152/Z                            0.200000    0.216521   -0.016521 (VIOLATED)
fanout1350/Z                            0.200000    0.215822   -0.015822 (VIOLATED)
fanout851/Z                             0.200000    0.215601   -0.015601 (VIOLATED)
fanout883/Z                             0.200000    0.215505   -0.015505 (VIOLATED)
fanout1295/Z                            0.200000    0.214981   -0.014981 (VIOLATED)
_15875_/ZN                              0.200000    0.214849   -0.014849 (VIOLATED)
fanout1162/Z                            0.200000    0.214317   -0.014317 (VIOLATED)
fanout1324/Z                            0.200000    0.214227   -0.014227 (VIOLATED)
fanout1132/Z                            0.200000    0.213799   -0.013799 (VIOLATED)
fanout1417/Z                            0.200000    0.213642   -0.013642 (VIOLATED)
fanout271/Z                             0.200000    0.213633   -0.013633 (VIOLATED)
fanout1153/Z                            0.200000    0.213062   -0.013062 (VIOLATED)
fanout1272/Z                            0.200000    0.212800   -0.012800 (VIOLATED)
fanout1212/Z                            0.200000    0.212406   -0.012406 (VIOLATED)
fanout641/Z                             0.200000    0.212105   -0.012105 (VIOLATED)
fanout280/Z                             0.200000    0.211470   -0.011470 (VIOLATED)
fanout863/Z                             0.200000    0.210958   -0.010958 (VIOLATED)
fanout1486/Z                            0.200000    0.210581   -0.010581 (VIOLATED)
fanout1352/Z                            0.200000    0.210407   -0.010407 (VIOLATED)
fanout1069/Z                            0.200000    0.209734   -0.009734 (VIOLATED)
fanout744/Z                             0.200000    0.209510   -0.009510 (VIOLATED)
_13339_/ZN                              0.200000    0.208676   -0.008676 (VIOLATED)
fanout1271/Z                            0.200000    0.208422   -0.008422 (VIOLATED)
fanout1319/Z                            0.200000    0.208395   -0.008395 (VIOLATED)
fanout1073/Z                            0.200000    0.208204   -0.008204 (VIOLATED)
fanout1693/Z                            0.200000    0.208193   -0.008193 (VIOLATED)
clkbuf_6_33_0_clk/Z                     0.200000    0.207671   -0.007671 (VIOLATED)
_12843_/ZN                              0.200000    0.207167   -0.007167 (VIOLATED)
fanout990/Z                             0.200000    0.206688   -0.006688 (VIOLATED)
fanout1111/Z                            0.200000    0.206654   -0.006654 (VIOLATED)
fanout1086/Z                            0.200000    0.206508   -0.006508 (VIOLATED)
fanout1314/Z                            0.200000    0.206265   -0.006265 (VIOLATED)
fanout1720/Z                            0.200000    0.206222   -0.006222 (VIOLATED)
fanout1325/Z                            0.200000    0.206092   -0.006092 (VIOLATED)
fanout904/Z                             0.200000    0.205978   -0.005978 (VIOLATED)
_13188_/ZN                              0.200000    0.205673   -0.005673 (VIOLATED)
clkbuf_6_39_0_clk/Z                     0.200000    0.205355   -0.005355 (VIOLATED)
_15802_/ZN                              0.200000    0.205037   -0.005037 (VIOLATED)
fanout1712/Z                            0.200000    0.204271   -0.004271 (VIOLATED)
fanout1235/Z                            0.200000    0.204202   -0.004202 (VIOLATED)
fanout881/Z                             0.200000    0.204130   -0.004130 (VIOLATED)
fanout1202/Z                            0.200000    0.204099   -0.004099 (VIOLATED)
clkbuf_6_36_0_clk/Z                     0.200000    0.203691   -0.003691 (VIOLATED)
_13377_/Z                               0.200000    0.203623   -0.003623 (VIOLATED)
fanout1166/Z                            0.200000    0.203592   -0.003592 (VIOLATED)
max_cap1299/Z                           0.200000    0.202913   -0.002913 (VIOLATED)
fanout1499/Z                            0.200000    0.202685   -0.002685 (VIOLATED)
fanout1592/Z                            0.200000    0.202648   -0.002648 (VIOLATED)
fanout1174/Z                            0.200000    0.202611   -0.002611 (VIOLATED)
fanout1200/Z                            0.200000    0.202542   -0.002542 (VIOLATED)
fanout1717/Z                            0.200000    0.202459   -0.002459 (VIOLATED)
clkbuf_6_48_0_clk/Z                     0.200000    0.202347   -0.002347 (VIOLATED)
fanout1292/Z                            0.200000    0.202260   -0.002260 (VIOLATED)
_14972_/Z                               0.200000    0.201318   -0.001318 (VIOLATED)
clkbuf_6_37_0_clk/Z                     0.200000    0.200391   -0.000391 (VIOLATED)



===========================================================================
report_parasitic_annotation -report_unannotated
============================================================================
Found 492 unannotated drivers.
 clkload0/ZN
 clkload1/ZN
 clkload10/Z
 clkload100/ZN
 clkload101/ZN
 clkload102/Z
 clkload103/ZN
 clkload104/ZN
 clkload105/ZN
 clkload106/ZN
 clkload107/ZN
 clkload108/ZN
 clkload109/ZN
 clkload11/ZN
 clkload110/ZN
 clkload111/ZN
 clkload112/ZN
 clkload113/ZN
 clkload114/ZN
 clkload115/ZN
 clkload116/ZN
 clkload117/ZN
 clkload118/Z
 clkload119/Z
 clkload12/ZN
 clkload120/Z
 clkload121/Z
 clkload122/ZN
 clkload123/ZN
 clkload124/Z
 clkload125/Z
 clkload126/ZN
 clkload127/Z
 clkload128/Z
 clkload129/Z
 clkload13/ZN
 clkload130/ZN
 clkload131/ZN
 clkload132/ZN
 clkload133/ZN
 clkload134/Z
 clkload135/ZN
 clkload136/ZN
 clkload137/ZN
 clkload138/ZN
 clkload139/ZN
 clkload14/ZN
 clkload140/ZN
 clkload141/Z
 clkload142/Z
 clkload143/ZN
 clkload144/ZN
 clkload145/ZN
 clkload146/Z
 clkload147/ZN
 clkload148/ZN
 clkload149/Z
 clkload15/ZN
 clkload150/Z
 clkload151/ZN
 clkload152/Z
 clkload153/ZN
 clkload154/ZN
 clkload155/ZN
 clkload156/ZN
 clkload157/ZN
 clkload158/Z
 clkload159/Z
 clkload16/ZN
 clkload160/Z
 clkload161/Z
 clkload162/Z
 clkload163/Z
 clkload164/Z
 clkload165/Z
 clkload166/Z
 clkload167/Z
 clkload168/ZN
 clkload169/Z
 clkload17/ZN
 clkload170/Z
 clkload171/Z
 clkload172/Z
 clkload173/Z
 clkload174/Z
 clkload175/Z
 clkload176/ZN
 clkload177/ZN
 clkload178/ZN
 clkload179/ZN
 clkload18/ZN
 clkload180/ZN
 clkload181/Z
 clkload182/Z
 clkload183/Z
 clkload184/Z
 clkload185/Z
 clkload186/Z
 clkload187/Z
 clkload188/Z
 clkload189/Z
 clkload19/ZN
 clkload190/Z
 clkload191/ZN
 clkload192/ZN
 clkload193/ZN
 clkload194/ZN
 clkload195/Z
 clkload196/ZN
 clkload197/ZN
 clkload198/ZN
 clkload199/ZN
 clkload2/ZN
 clkload20/ZN
 clkload200/ZN
 clkload201/ZN
 clkload202/ZN
 clkload203/ZN
 clkload204/ZN
 clkload205/ZN
 clkload206/ZN
 clkload207/ZN
 clkload208/Z
 clkload209/Z
 clkload21/ZN
 clkload210/Z
 clkload211/Z
 clkload212/ZN
 clkload213/ZN
 clkload214/ZN
 clkload215/ZN
 clkload216/Z
 clkload217/ZN
 clkload218/Z
 clkload219/Z
 clkload22/ZN
 clkload220/ZN
 clkload221/Z
 clkload222/Z
 clkload223/Z
 clkload224/Z
 clkload225/Z
 clkload226/Z
 clkload227/Z
 clkload228/ZN
 clkload229/ZN
 clkload23/ZN
 clkload230/Z
 clkload231/Z
 clkload232/ZN
 clkload233/Z
 clkload234/ZN
 clkload235/Z
 clkload236/ZN
 clkload237/ZN
 clkload238/Z
 clkload239/ZN
 clkload24/ZN
 clkload240/ZN
 clkload241/ZN
 clkload242/ZN
 clkload243/Z
 clkload244/Z
 clkload245/Z
 clkload246/Z
 clkload247/Z
 clkload248/Z
 clkload249/ZN
 clkload25/Z
 clkload250/ZN
 clkload251/ZN
 clkload252/ZN
 clkload253/Z
 clkload254/Z
 clkload255/ZN
 clkload256/ZN
 clkload257/ZN
 clkload258/ZN
 clkload259/ZN
 clkload26/ZN
 clkload260/Z
 clkload261/Z
 clkload262/ZN
 clkload263/ZN
 clkload264/Z
 clkload265/Z
 clkload266/ZN
 clkload267/ZN
 clkload268/ZN
 clkload269/Z
 clkload27/ZN
 clkload270/ZN
 clkload271/ZN
 clkload272/ZN
 clkload273/ZN
 clkload274/Z
 clkload275/ZN
 clkload276/ZN
 clkload277/Z
 clkload278/Z
 clkload279/ZN
 clkload28/ZN
 clkload280/ZN
 clkload281/ZN
 clkload282/ZN
 clkload283/Z
 clkload284/ZN
 clkload285/ZN
 clkload286/Z
 clkload287/ZN
 clkload288/ZN
 clkload289/ZN
 clkload29/ZN
 clkload290/Z
 clkload291/Z
 clkload292/Z
 clkload293/Z
 clkload294/Z
 clkload295/ZN
 clkload296/Z
 clkload297/ZN
 clkload298/Z
 clkload299/Z
 clkload3/ZN
 clkload30/ZN
 clkload300/Z
 clkload301/Z
 clkload302/ZN
 clkload303/ZN
 clkload304/Z
 clkload305/Z
 clkload306/Z
 clkload307/Z
 clkload308/ZN
 clkload309/Z
 clkload31/ZN
 clkload310/Z
 clkload311/Z
 clkload312/Z
 clkload313/ZN
 clkload314/ZN
 clkload315/Z
 clkload316/ZN
 clkload317/Z
 clkload318/Z
 clkload319/Z
 clkload32/ZN
 clkload320/ZN
 clkload321/ZN
 clkload322/ZN
 clkload323/Z
 clkload324/ZN
 clkload325/ZN
 clkload326/ZN
 clkload327/ZN
 clkload328/Z
 clkload329/ZN
 clkload33/ZN
 clkload330/ZN
 clkload331/ZN
 clkload332/ZN
 clkload333/ZN
 clkload334/ZN
 clkload335/ZN
 clkload336/Z
 clkload337/Z
 clkload338/ZN
 clkload339/ZN
 clkload34/ZN
 clkload340/ZN
 clkload341/Z
 clkload342/ZN
 clkload343/ZN
 clkload344/Z
 clkload345/Z
 clkload346/Z
 clkload347/Z
 clkload348/Z
 clkload349/ZN
 clkload35/ZN
 clkload350/Z
 clkload351/ZN
 clkload352/Z
 clkload353/ZN
 clkload354/Z
 clkload355/Z
 clkload356/Z
 clkload357/ZN
 clkload358/Z
 clkload359/Z
 clkload36/ZN
 clkload360/ZN
 clkload361/ZN
 clkload362/ZN
 clkload363/ZN
 clkload364/ZN
 clkload365/ZN
 clkload366/Z
 clkload367/ZN
 clkload368/ZN
 clkload369/ZN
 clkload37/ZN
 clkload370/Z
 clkload371/ZN
 clkload372/ZN
 clkload373/ZN
 clkload374/Z
 clkload375/ZN
 clkload376/ZN
 clkload377/ZN
 clkload378/ZN
 clkload379/ZN
 clkload38/ZN
 clkload380/ZN
 clkload381/ZN
 clkload382/ZN
 clkload383/ZN
 clkload384/ZN
 clkload385/ZN
 clkload386/ZN
 clkload387/ZN
 clkload388/Z
 clkload389/ZN
 clkload39/ZN
 clkload390/ZN
 clkload391/ZN
 clkload392/Z
 clkload393/ZN
 clkload394/ZN
 clkload395/ZN
 clkload396/ZN
 clkload397/Z
 clkload398/ZN
 clkload399/ZN
 clkload4/ZN
 clkload40/ZN
 clkload400/ZN
 clkload401/ZN
 clkload402/ZN
 clkload403/ZN
 clkload404/ZN
 clkload405/ZN
 clkload406/ZN
 clkload407/Z
 clkload408/Z
 clkload409/Z
 clkload41/ZN
 clkload410/ZN
 clkload411/ZN
 clkload412/Z
 clkload413/Z
 clkload414/ZN
 clkload415/Z
 clkload416/Z
 clkload417/ZN
 clkload418/ZN
 clkload419/ZN
 clkload42/ZN
 clkload420/ZN
 clkload421/Z
 clkload422/Z
 clkload423/ZN
 clkload424/ZN
 clkload425/ZN
 clkload426/Z
 clkload427/ZN
 clkload428/ZN
 clkload429/ZN
 clkload43/ZN
 clkload430/Z
 clkload431/ZN
 clkload432/Z
 clkload433/ZN
 clkload434/ZN
 clkload435/ZN
 clkload436/Z
 clkload437/Z
 clkload438/Z
 clkload439/Z
 clkload44/ZN
 clkload440/ZN
 clkload441/ZN
 clkload442/Z
 clkload443/Z
 clkload444/Z
 clkload445/Z
 clkload446/ZN
 clkload447/ZN
 clkload448/Z
 clkload449/ZN
 clkload45/ZN
 clkload450/ZN
 clkload451/ZN
 clkload452/ZN
 clkload453/ZN
 clkload454/ZN
 clkload455/Z
 clkload456/ZN
 clkload457/ZN
 clkload458/ZN
 clkload459/ZN
 clkload46/ZN
 clkload460/ZN
 clkload461/ZN
 clkload462/ZN
 clkload463/ZN
 clkload464/ZN
 clkload465/Z
 clkload466/ZN
 clkload467/Z
 clkload468/Z
 clkload469/ZN
 clkload47/ZN
 clkload470/ZN
 clkload471/ZN
 clkload472/ZN
 clkload473/ZN
 clkload474/ZN
 clkload475/ZN
 clkload476/ZN
 clkload477/ZN
 clkload478/ZN
 clkload479/Z
 clkload48/ZN
 clkload480/Z
 clkload481/Z
 clkload482/Z
 clkload483/ZN
 clkload484/ZN
 clkload485/ZN
 clkload486/ZN
 clkload487/ZN
 clkload488/ZN
 clkload489/ZN
 clkload49/ZN
 clkload490/ZN
 clkload491/ZN
 clkload5/ZN
 clkload50/ZN
 clkload51/ZN
 clkload52/Z
 clkload53/Z
 clkload54/Z
 clkload55/ZN
 clkload56/ZN
 clkload57/ZN
 clkload58/ZN
 clkload59/ZN
 clkload6/Z
 clkload60/ZN
 clkload61/ZN
 clkload62/Z
 clkload63/ZN
 clkload64/ZN
 clkload65/Z
 clkload66/Z
 clkload67/ZN
 clkload68/ZN
 clkload69/ZN
 clkload7/ZN
 clkload70/ZN
 clkload71/ZN
 clkload72/ZN
 clkload73/ZN
 clkload74/Z
 clkload75/ZN
 clkload76/ZN
 clkload77/ZN
 clkload78/Z
 clkload79/Z
 clkload8/ZN
 clkload80/ZN
 clkload81/ZN
 clkload82/ZN
 clkload83/ZN
 clkload84/ZN
 clkload85/Z
 clkload86/ZN
 clkload87/ZN
 clkload88/Z
 clkload89/Z
 clkload9/ZN
 clkload90/ZN
 clkload91/ZN
 clkload92/ZN
 clkload93/ZN
 clkload94/ZN
 clkload95/ZN
 clkload96/ZN
 clkload97/Z
 clkload98/Z
 clkload99/ZN
Found 0 partially unannotated drivers.

===========================================================================
max slew violation count 6
max fanout violation count 27
max cap violation count 225
============================================================================

===========================================================================
check_setup -verbose -unconstrained_endpoints -multiple_clock -no_clock -no_input_delay -loops -generated_clocks
===========================================================================
