Clock: clk
Sources: clk 
Generated: no
Virtual: yes
Propagated: no
Period: 20.000000

===========================================================================
report_clock_properties
============================================================================
Clock                   Period          Waveform
----------------------------------------------------
clk                  20.000000    0.000000 10.000000

===========================================================================
report_clock_latency
============================================================================
Clock clk
rise -> rise
    min     max
0.000000 0.000000 source latency
2.018563         network latency _25435_/CLK
        2.442960 network latency _25970_/CLK
---------------
2.018563 2.442960 latency
        0.424398 skew

fall -> fall
    min     max
0.000000 0.000000 source latency
2.048954         network latency _25435_/CLK
        2.527492 network latency _25970_/CLK
---------------
2.048954 2.527492 latency
        0.478538 skew



===========================================================================
report_clock_min_period
============================================================================
clk period_min = 14.37 fmax = 69.59
