Clock: clk
Sources: clk 
Generated: no
Virtual: yes
Propagated: no
Period: 40.000000

===========================================================================
report_clock_properties
============================================================================
Clock                   Period          Waveform
----------------------------------------------------
clk                  40.000000    0.000000 20.000000

===========================================================================
report_clock_latency
============================================================================
Clock clk
rise -> rise
    min     max
0.000000 0.000000 source latency
1.323689         network latency _27320_/CLK
        1.634821 network latency _26455_/CLK
---------------
1.323689 1.634821 latency
        0.311132 skew

fall -> fall
    min     max
0.000000 0.000000 source latency
1.310740         network latency _27320_/CLK
        1.661091 network latency _26583_/CLK
---------------
1.310740 1.661091 latency
        0.350351 skew



===========================================================================
report_clock_min_period
============================================================================
clk period_min = 10.30 fmax = 97.12
