Reading OpenROAD database at '/foss/designs/ascon_top_layout/runs/RUN_2026-08-21_17-20-50/38-openroad-globalrouting/ascon_top.odb'…
Reading library file at '/foss/pdks/gf180mcuD/libs.ref/gf180mcu_fd_sc_mcu7t5v0/lib/gf180mcu_fd_sc_mcu7t5v0__tt_025C_5v00.lib'…
Reading design constraints file at '/usr/local/lib/python3.12/dist-packages/openlane/scripts/base.sdc'…
[INFO] Using clock clk…
[INFO] Setting output delay to: 4.0
[INFO] Setting input delay to: 4.0
[INFO] Setting load to: 0.07291
[INFO] Setting clock uncertainty to: 0.25
[INFO] Setting clock transition to: 0.1499999999999999944488848768742172978818416595458984375
[INFO] Setting timing derate to: 5%
[INFO] Setting signal min routing layer to: Metal2 and clock min routing layer to Metal2. 
[INFO] Setting signal max routing layer to: Metal5 and clock max routing layer to Metal5. 
-congestion_iterations 50 -verbose
[INFO GRT-0020] Min routing layer: Metal2
[INFO GRT-0021] Max routing layer: Metal5
[INFO GRT-0022] Global adjustment: 30%
[INFO GRT-0023] Grid origin: (0, 0)
[INFO GRT-0043] No OR_DEFAULT vias defined.
[INFO GRT-0088] Layer Metal1  Track-Pitch = 0.5600  line-2-Via Pitch: 0.4750
[INFO GRT-0088] Layer Metal2  Track-Pitch = 0.5600  line-2-Via Pitch: 0.5600
[INFO GRT-0088] Layer Metal3  Track-Pitch = 0.5600  line-2-Via Pitch: 0.5600
[INFO GRT-0088] Layer Metal4  Track-Pitch = 0.5600  line-2-Via Pitch: 0.5600
[INFO GRT-0088] Layer Metal5  Track-Pitch = 0.9000  line-2-Via Pitch: 0.8200
[INFO GRT-0019] Found 580 clock nets.
[INFO GRT-0001] Minimum degree: 2
[INFO GRT-0002] Maximum degree: 17
[INFO GRT-0003] Macros: 0
[INFO GRT-0043] No OR_DEFAULT vias defined.
[INFO GRT-0004] Blockages: 0

[INFO GRT-0053] Routing resources analysis:
          Routing      Original      Derated      Resource
Layer     Direction    Resources     Resources    Reduction (%)
---------------------------------------------------------------
Metal1     Horizontal          0             0          0.00%
Metal2     Vertical       181737        119830          34.06%
Metal3     Horizontal     181891        119988          34.03%
Metal4     Vertical       181737        117418          35.39%
Metal5     Horizontal     109200         69660          36.21%
---------------------------------------------------------------

[INFO GRT-0101] Running extra iterations to remove overflow.
[INFO GRT-0197] Via related to pin nodes: 118540
[INFO GRT-0198] Via related Steiner nodes: 4300
[INFO GRT-0199] Via filling finished.
[INFO GRT-0111] Final number of vias: 159582
[INFO GRT-0112] Final usage 3D: 658163

[INFO GRT-0096] Final congestion report:
Layer         Resource        Demand        Usage (%)    Max H / Max V / Total Overflow
---------------------------------------------------------------------------------------
Metal1               0             0            0.00%             0 /  0 /  0
Metal2          119830         64114           53.50%             0 /  0 /  0
Metal3          119988         66871           55.73%             0 /  0 /  0
Metal4          117418         26388           22.47%             0 /  0 /  0
Metal5           69660         22044           31.65%             0 /  0 /  0
---------------------------------------------------------------------------------------
Total           426896        179417           42.03%             0 /  0 /  0

[INFO GRT-0018] Total wirelength: 2020821 um
[INFO GRT-0014] Routed nets: 17829
[INFO GRT-0006] Repairing antennas, iteration 1.
[INFO GRT-0043] No OR_DEFAULT vias defined.
[INFO GRT-0012] Found 8 antenna violations.
[INFO GRT-0015] Inserted 8 diodes.
[INFO GRT-0009] rerouting 4957 nets.
[INFO GRT-0001] Minimum degree: 2
[INFO GRT-0002] Maximum degree: 17
[INFO GRT-0006] Repairing antennas, iteration 2.
[INFO GRT-0043] No OR_DEFAULT vias defined.
[INFO GRT-0012] Found 0 antenna violations.
Placement Analysis
---------------------------------
total displacement          0.0 u
average displacement        0.0 u
max displacement            0.0 u
original HPWL         1262214.8 u
legalized HPWL        1262220.0 u
delta HPWL                    0 %

[INFO DPL-0020] Mirrored 6718 instances
[INFO DPL-0021] HPWL before          1262220.0 u
[INFO DPL-0022] HPWL after           1245669.2 u
[INFO DPL-0023] HPWL delta               -1.3 %
-congestion_iterations 50 -verbose
[INFO GRT-0020] Min routing layer: Metal2
[INFO GRT-0021] Max routing layer: Metal5
[INFO GRT-0022] Global adjustment: 30%
[INFO GRT-0023] Grid origin: (0, 0)
[INFO GRT-0043] No OR_DEFAULT vias defined.
[INFO GRT-0088] Layer Metal1  Track-Pitch = 0.5600  line-2-Via Pitch: 0.4750
[INFO GRT-0088] Layer Metal2  Track-Pitch = 0.5600  line-2-Via Pitch: 0.5600
[INFO GRT-0088] Layer Metal3  Track-Pitch = 0.5600  line-2-Via Pitch: 0.5600
[INFO GRT-0088] Layer Metal4  Track-Pitch = 0.5600  line-2-Via Pitch: 0.5600
[INFO GRT-0088] Layer Metal5  Track-Pitch = 0.9000  line-2-Via Pitch: 0.8200
[INFO GRT-0019] Found 580 clock nets.
[INFO GRT-0001] Minimum degree: 2
[INFO GRT-0002] Maximum degree: 17
[INFO GRT-0003] Macros: 0
[INFO GRT-0043] No OR_DEFAULT vias defined.
[INFO GRT-0004] Blockages: 0

[INFO GRT-0053] Routing resources analysis:
          Routing      Original      Derated      Resource
Layer     Direction    Resources     Resources    Reduction (%)
---------------------------------------------------------------
Metal1     Horizontal          0             0          0.00%
Metal2     Vertical       181737        119830          34.06%
Metal3     Horizontal     181891        119988          34.03%
Metal4     Vertical       181737        117418          35.39%
Metal5     Horizontal     109200         69660          36.21%
---------------------------------------------------------------

[INFO GRT-0101] Running extra iterations to remove overflow.
[INFO GRT-0197] Via related to pin nodes: 118556
[INFO GRT-0198] Via related Steiner nodes: 4242
[INFO GRT-0199] Via filling finished.
[INFO GRT-0111] Final number of vias: 159703
[INFO GRT-0112] Final usage 3D: 658169

[INFO GRT-0096] Final congestion report:
Layer         Resource        Demand        Usage (%)    Max H / Max V / Total Overflow
---------------------------------------------------------------------------------------
Metal1               0             0            0.00%             0 /  0 /  0
Metal2          119830         63839           53.27%             0 /  0 /  0
Metal3          119988         67194           56.00%             0 /  0 /  0
Metal4          117418         26445           22.52%             0 /  0 /  0
Metal5           69660         21582           30.98%             0 /  0 /  0
---------------------------------------------------------------------------------------
Total           426896        179060           41.94%             0 /  0 /  0

[INFO GRT-0018] Total wirelength: 2018478 um
[INFO GRT-0014] Routed nets: 17829
[INFO] Setting RC values…
Setting global connections for newly added cells…
[INFO] Setting global connections...
Updating metrics…
Cell type report:                       Count       Area
  Endcap cell                             460    2019.58
  Tap cell                               5338   23435.96
  Antenna cell                              8      35.12
  Clock buffer                            752   37349.13
  Timing Repair Buffer                   1885   51246.94
  Inverter                               1144   10291.10
  Clock inverter                          319    6963.17
  Sequential cell                        2806  187781.80
  Multi-Input combinational cell        11410  254307.33
  Total                                 24122  573430.14
Writing OpenROAD database to '/foss/designs/ascon_top_layout/runs/RUN_2026-08-21_17-20-50/41-openroad-repairantennas/1-diodeinsertion/ascon_top.odb'…
Writing layout to '/foss/designs/ascon_top_layout/runs/RUN_2026-08-21_17-20-50/41-openroad-repairantennas/1-diodeinsertion/ascon_top.def'…
