Reading OpenROAD database at '/foss/designs/ascon_top_layout/runs/RUN_2026-08-21_17-20-50/47-odb-reportdisconnectedpins/ascon_top.odb'…
Reading library file at '/foss/pdks/gf180mcuD/libs.ref/gf180mcu_fd_sc_mcu7t5v0/lib/gf180mcu_fd_sc_mcu7t5v0__tt_025C_5v00.lib'…
Reading design constraints file at '/usr/local/lib/python3.12/dist-packages/openlane/scripts/base.sdc'…
[INFO] Using clock clk…
[INFO] Setting output delay to: 4.0
[INFO] Setting input delay to: 4.0
[INFO] Setting load to: 0.07291
[INFO] Setting clock uncertainty to: 0.25
[INFO] Setting clock transition to: 0.1499999999999999944488848768742172978818416595458984375
[INFO] Setting timing derate to: 5%
gf180mcu_fd_sc_mcu7t5v0__fillcap_* gf180mcu_fd_sc_mcu7t5v0__fill_*
[INFO DPL-0001] Placed 16734 filler instances.
Setting global connections for newly added cells…
[INFO] Setting global connections...
Updating metrics…
Cell type report:                       Count       Area
  Endcap cell                             460    2019.58
  Fill cell                             16734  240967.10
  Tap cell                               5338   23435.96
  Antenna cell                              8      35.12
  Clock buffer                            752   37349.13
  Timing Repair Buffer                   1885   51246.94
  Inverter                               1144   10291.10
  Clock inverter                          319    6963.17
  Sequential cell                        2806  187781.80
  Multi-Input combinational cell        11410  254307.33
  Total                                 40856  814397.25
Writing OpenROAD database to '/foss/designs/ascon_top_layout/runs/RUN_2026-08-21_17-20-50/51-openroad-fillinsertion/ascon_top.odb'…
Writing netlist to '/foss/designs/ascon_top_layout/runs/RUN_2026-08-21_17-20-50/51-openroad-fillinsertion/ascon_top.nl.v'…
Writing powered netlist to '/foss/designs/ascon_top_layout/runs/RUN_2026-08-21_17-20-50/51-openroad-fillinsertion/ascon_top.pnl.v'…
Writing layout to '/foss/designs/ascon_top_layout/runs/RUN_2026-08-21_17-20-50/51-openroad-fillinsertion/ascon_top.def'…
Writing timing constraints to '/foss/designs/ascon_top_layout/runs/RUN_2026-08-21_17-20-50/51-openroad-fillinsertion/ascon_top.sdc'…
