
===========================================================================
report_checks -unconstrained
===========================================================================
======================= max_ss_125C_4v50 Corner ===================================

Startpoint: rst (input port clocked by clk)
Endpoint: _25162_ (recovery check against rising-edge clock clk)
Path Group: asynchronous
Path Type: max

Fanout         Cap        Slew       Delay        Time   Description
---------------------------------------------------------------------------------------------
                                  0.000000    0.000000   clock clk (rise edge)
                                  0.000000    0.000000   clock network delay (propagated)
                                  4.000000    4.000000 v input external delay
     1    0.004474    0.120405    0.043961    4.043961 v rst (in)
                                                         rst (net)
                      0.120405    0.000000    4.043961 v input3/I (gf180mcu_fd_sc_mcu7t5v0__clkbuf_1)
     1    0.011305    0.377217    0.456490    4.500452 v input3/Z (gf180mcu_fd_sc_mcu7t5v0__clkbuf_1)
                                                         net3 (net)
                      0.377217    0.000337    4.500788 v fanout1875/I (gf180mcu_fd_sc_mcu7t5v0__clkbuf_4)
     6    0.196243    1.430265    1.293290    5.794078 v fanout1875/Z (gf180mcu_fd_sc_mcu7t5v0__clkbuf_4)
                                                         net1875 (net)
                      1.430489    0.010200    5.804278 v fanout1820/I (gf180mcu_fd_sc_mcu7t5v0__buf_2)
     5    0.130311    1.083217    1.342759    7.147038 v fanout1820/Z (gf180mcu_fd_sc_mcu7t5v0__buf_2)
                                                         net1820 (net)
                      1.083314    0.005832    7.152870 v fanout1819/I (gf180mcu_fd_sc_mcu7t5v0__buf_2)
     5    0.108197    0.910208    1.152265    8.305136 v fanout1819/Z (gf180mcu_fd_sc_mcu7t5v0__buf_2)
                                                         net1819 (net)
                      0.910227    0.002338    8.307473 v fanout1814/I (gf180mcu_fd_sc_mcu7t5v0__clkbuf_3)
    10    0.101746    0.785913    1.046543    9.354016 v fanout1814/Z (gf180mcu_fd_sc_mcu7t5v0__clkbuf_3)
                                                         net1814 (net)
                      0.785915    0.000798    9.354815 v fanout1813/I (gf180mcu_fd_sc_mcu7t5v0__clkbuf_3)
    10    0.101185    0.781532    1.013532   10.368345 v fanout1813/Z (gf180mcu_fd_sc_mcu7t5v0__clkbuf_3)
                                                         net1813 (net)
                      0.781575    0.003251   10.371596 v fanout1812/I (gf180mcu_fd_sc_mcu7t5v0__buf_2)
    10    0.078921    0.683193    0.928151   11.299747 v fanout1812/Z (gf180mcu_fd_sc_mcu7t5v0__buf_2)
                                                         net1812 (net)
                      0.683202    0.001431   11.301178 v _24404_/I (gf180mcu_fd_sc_mcu7t5v0__clkinv_1)
     1    0.009483    0.424093    0.394695   11.695873 ^ _24404_/ZN (gf180mcu_fd_sc_mcu7t5v0__clkinv_1)
                                                         _00445_ (net)
                      0.424093    0.000200   11.696073 ^ _25162_/RN (gf180mcu_fd_sc_mcu7t5v0__dffrnq_1)
                                             11.696073   data arrival time

                                 20.000000   20.000000   clock clk (rise edge)
                                  0.000000   20.000000   clock source latency
     1    0.179181    1.259103    0.718131   20.718132 ^ clk (in)
                                                         clk (net)
                      1.262562    0.000000   20.718132 ^ clkbuf_0_clk/I (gf180mcu_fd_sc_mcu7t5v0__clkbuf_16)
     4    0.276401    0.565037    0.877570   21.595701 ^ clkbuf_0_clk/Z (gf180mcu_fd_sc_mcu7t5v0__clkbuf_16)
                                                         clknet_0_clk (net)
                      0.565596    0.015470   21.611172 ^ clkbuf_2_0_0_clk/I (gf180mcu_fd_sc_mcu7t5v0__clkbuf_8)
    16    0.497844    1.747434    1.435195   23.046368 ^ clkbuf_2_0_0_clk/Z (gf180mcu_fd_sc_mcu7t5v0__clkbuf_8)
                                                         clknet_2_0_0_clk (net)
                      1.748971    0.028997   23.075365 ^ clkbuf_6_10_0_clk/I (gf180mcu_fd_sc_mcu7t5v0__clkbuf_8)
    12    0.229894    0.859959    1.102370   24.177734 ^ clkbuf_6_10_0_clk/Z (gf180mcu_fd_sc_mcu7t5v0__clkbuf_8)
                                                         clknet_6_10_0_clk (net)
                      0.860108    0.005905   24.183640 ^ _25162_/CLK (gf180mcu_fd_sc_mcu7t5v0__dffrnq_1)
                                 -0.250000   23.933640   clock uncertainty
                                  0.000000   23.933640   clock reconvergence pessimism
                                  0.546190   24.479830   library recovery time
                                             24.479830   data required time
---------------------------------------------------------------------------------------------
                                             24.479830   data required time
                                            -11.696073   data arrival time
---------------------------------------------------------------------------------------------
                                             12.783757   slack (MET)


Startpoint: _25075_ (rising edge-triggered flip-flop clocked by clk)
Endpoint: _24856_ (rising edge-triggered flip-flop clocked by clk)
Path Group: clk
Path Type: max

Fanout         Cap        Slew       Delay        Time   Description
---------------------------------------------------------------------------------------------
                                  0.000000    0.000000   clock clk (rise edge)
                                  0.000000    0.000000   clock source latency
     1    0.179181    1.259103    0.718131    0.718131 ^ clk (in)
                                                         clk (net)
                      1.262562    0.000000    0.718131 ^ clkbuf_0_clk/I (gf180mcu_fd_sc_mcu7t5v0__clkbuf_16)
     4    0.276401    0.565037    0.877569    1.595701 ^ clkbuf_0_clk/Z (gf180mcu_fd_sc_mcu7t5v0__clkbuf_16)
                                                         clknet_0_clk (net)
                      0.565371    0.012655    1.608356 ^ clkbuf_2_1_0_clk/I (gf180mcu_fd_sc_mcu7t5v0__clkbuf_8)
    16    0.421339    1.492521    1.294725    2.903081 ^ clkbuf_2_1_0_clk/Z (gf180mcu_fd_sc_mcu7t5v0__clkbuf_8)
                                                         clknet_2_1_0_clk (net)
                      1.492763    0.010595    2.913676 ^ clkbuf_6_19_0_clk/I (gf180mcu_fd_sc_mcu7t5v0__clkbuf_8)
    10    0.206070    0.782028    1.026103    3.939779 ^ clkbuf_6_19_0_clk/Z (gf180mcu_fd_sc_mcu7t5v0__clkbuf_8)
                                                         clknet_6_19_0_clk (net)
                      0.782044    0.002936    3.942715 ^ clkbuf_leaf_48_clk/I (gf180mcu_fd_sc_mcu7t5v0__clkbuf_8)
     5    0.030165    0.226855    0.562650    4.505365 ^ clkbuf_leaf_48_clk/Z (gf180mcu_fd_sc_mcu7t5v0__clkbuf_8)
                                                         clknet_leaf_48_clk (net)
                      0.226855    0.000357    4.505723 ^ _25075_/CLK (gf180mcu_fd_sc_mcu7t5v0__dffrnq_1)
     1    0.016441    0.605808    1.898149    6.403872 ^ _25075_/Q (gf180mcu_fd_sc_mcu7t5v0__dffrnq_1)
                                                         pp_inst.core_inst.reg_fsm_i.data_q[1] (net)
                      0.605808    0.000447    6.404318 ^ fanout1750/I (gf180mcu_fd_sc_mcu7t5v0__buf_4)
     9    0.234994    1.650661    1.219726    7.624044 ^ fanout1750/Z (gf180mcu_fd_sc_mcu7t5v0__buf_4)
                                                         net1750 (net)
                      1.650701    0.004590    7.628634 ^ max_cap1746/I (gf180mcu_fd_sc_mcu7t5v0__buf_8)
     6    0.122243    0.495973    0.607892    8.236526 ^ max_cap1746/Z (gf180mcu_fd_sc_mcu7t5v0__buf_8)
                                                         net1746 (net)
                      0.495998    0.005396    8.241922 ^ fanout1744/I (gf180mcu_fd_sc_mcu7t5v0__buf_8)
    10    0.194818    0.724970    0.677329    8.919251 ^ fanout1744/Z (gf180mcu_fd_sc_mcu7t5v0__buf_8)
                                                         net1744 (net)
                      0.725274    0.007473    8.926724 ^ _13267_/A1 (gf180mcu_fd_sc_mcu7t5v0__nor3_4)
     3    0.047476    0.668734    0.439497    9.366221 v _13267_/ZN (gf180mcu_fd_sc_mcu7t5v0__nor3_4)
                                                         _09883_ (net)
                      0.668734    0.000385    9.366607 v _13280_/A1 (gf180mcu_fd_sc_mcu7t5v0__aoi21_4)
     2    0.131416    2.112582    1.336374   10.702980 ^ _13280_/ZN (gf180mcu_fd_sc_mcu7t5v0__aoi21_4)
                                                         _09896_ (net)
                      2.112587    0.005246   10.708225 ^ fanout1553/I (gf180mcu_fd_sc_mcu7t5v0__buf_8)
    10    0.294346    1.063887    0.934661   11.642887 ^ fanout1553/Z (gf180mcu_fd_sc_mcu7t5v0__buf_8)
                                                         net1553 (net)
                      1.063896    0.001567   11.644454 ^ _13286_/A1 (gf180mcu_fd_sc_mcu7t5v0__nand2_2)
     2    0.141156    1.915864    1.364455   13.008909 v _13286_/ZN (gf180mcu_fd_sc_mcu7t5v0__nand2_2)
                                                         _09902_ (net)
                      1.916064    0.011035   13.019943 v fanout1428/I (gf180mcu_fd_sc_mcu7t5v0__buf_2)
     5    0.137791    1.138309    1.485165   14.505109 v fanout1428/Z (gf180mcu_fd_sc_mcu7t5v0__buf_2)
                                                         net1428 (net)
                      1.138932    0.015188   14.520296 v fanout1425/I (gf180mcu_fd_sc_mcu7t5v0__buf_4)
    10    0.208726    0.874707    1.111049   15.631346 v fanout1425/Z (gf180mcu_fd_sc_mcu7t5v0__buf_4)
                                                         net1425 (net)
                      0.875051    0.009862   15.641208 v _13308_/A3 (gf180mcu_fd_sc_mcu7t5v0__nor3_2)
     1    0.020782    1.282665    0.937394   16.578602 ^ _13308_/ZN (gf180mcu_fd_sc_mcu7t5v0__nor3_2)
                                                         _09924_ (net)
                      1.282665    0.000245   16.578848 ^ fanout1325/I (gf180mcu_fd_sc_mcu7t5v0__buf_8)
     3    0.106163    0.438885    0.562585   17.141432 ^ fanout1325/Z (gf180mcu_fd_sc_mcu7t5v0__buf_8)
                                                         net1325 (net)
                      0.438889    0.002180   17.143612 ^ max_cap1326/I (gf180mcu_fd_sc_mcu7t5v0__buf_8)
     8    0.254559    0.923040    0.778297   17.921907 ^ max_cap1326/Z (gf180mcu_fd_sc_mcu7t5v0__buf_8)
                                                         net1326 (net)
                      0.925682    0.028056   17.949965 ^ fanout1324/I (gf180mcu_fd_sc_mcu7t5v0__clkbuf_8)
    10    0.286067    1.029031    1.089123   19.039087 ^ fanout1324/Z (gf180mcu_fd_sc_mcu7t5v0__clkbuf_8)
                                                         net1324 (net)
                      1.030833    0.023240   19.062326 ^ _14427_/B1 (gf180mcu_fd_sc_mcu7t5v0__aoi22_1)
     1    0.010667    0.725882    0.560982   19.623310 v _14427_/ZN (gf180mcu_fd_sc_mcu7t5v0__aoi22_1)
                                                         _11016_ (net)
                      0.725882    0.000108   19.623419 v _14428_/A2 (gf180mcu_fd_sc_mcu7t5v0__nand2_2)
     6    0.071787    1.216763    0.937979   20.561398 ^ _14428_/ZN (gf180mcu_fd_sc_mcu7t5v0__nand2_2)
                                                         _11017_ (net)
                      1.216770    0.004441   20.565838 ^ _14430_/A2 (gf180mcu_fd_sc_mcu7t5v0__xor2_1)
     2    0.024416    0.835558    0.607512   21.173349 v _14430_/Z (gf180mcu_fd_sc_mcu7t5v0__xor2_1)
                                                         _11019_ (net)
                      0.835558    0.000547   21.173897 v _14431_/A2 (gf180mcu_fd_sc_mcu7t5v0__aoi21_2)
     2    0.029960    1.154385    0.893021   22.066917 ^ _14431_/ZN (gf180mcu_fd_sc_mcu7t5v0__aoi21_2)
                                                         _11020_ (net)
                      1.154385    0.000249   22.067167 ^ _16955_/B1 (gf180mcu_fd_sc_mcu7t5v0__aoi22_2)
     1    0.076256    1.874384    1.029528   23.096695 v _16955_/ZN (gf180mcu_fd_sc_mcu7t5v0__aoi22_2)
                                                         _04357_ (net)
                      1.874390    0.005487   23.102182 v fanout374/I (gf180mcu_fd_sc_mcu7t5v0__clkbuf_2)
     5    0.066633    0.950721    1.305727   24.407909 v fanout374/Z (gf180mcu_fd_sc_mcu7t5v0__clkbuf_2)
                                                         net374 (net)
                      0.950778    0.004164   24.412073 v fanout373/I (gf180mcu_fd_sc_mcu7t5v0__clkbuf_2)
     5    0.057753    0.828754    1.050886   25.462959 v fanout373/Z (gf180mcu_fd_sc_mcu7t5v0__clkbuf_2)
                                                         net373 (net)
                      0.828761    0.001362   25.464321 v fanout372/I (gf180mcu_fd_sc_mcu7t5v0__buf_2)
     7    0.070038    0.617953    0.896819   26.361139 v fanout372/Z (gf180mcu_fd_sc_mcu7t5v0__buf_2)
                                                         net372 (net)
                      0.618062    0.004651   26.365789 v fanout370/I (gf180mcu_fd_sc_mcu7t5v0__clkbuf_3)
    10    0.096663    0.750199    0.953277   27.319067 v fanout370/Z (gf180mcu_fd_sc_mcu7t5v0__clkbuf_3)
                                                         net370 (net)
                      0.750214    0.001874   27.320940 v _16997_/A2 (gf180mcu_fd_sc_mcu7t5v0__oai22_4)
     2    0.099545    2.227310    1.251962   28.572903 ^ _16997_/ZN (gf180mcu_fd_sc_mcu7t5v0__oai22_4)
                                                         _04399_ (net)
                      2.227318    0.007134   28.580036 ^ _17300_/A1 (gf180mcu_fd_sc_mcu7t5v0__nand2_1)
     1    0.006074    0.638475    0.327084   28.907122 v _17300_/ZN (gf180mcu_fd_sc_mcu7t5v0__nand2_1)
                                                         _04651_ (net)
                      0.638475    0.000121   28.907242 v _17304_/C (gf180mcu_fd_sc_mcu7t5v0__oai211_1)
     1    0.007168    0.818496    0.662812   29.570053 ^ _17304_/ZN (gf180mcu_fd_sc_mcu7t5v0__oai211_1)
                                                         _00063_ (net)
                      0.818496    0.000169   29.570223 ^ _24856_/D (gf180mcu_fd_sc_mcu7t5v0__dffrnq_1)
                                             29.570223   data arrival time

                                 20.000000   20.000000   clock clk (rise edge)
                                  0.000000   20.000000   clock source latency
     1    0.179181    1.259103    0.718131   20.718132 ^ clk (in)
                                                         clk (net)
                      1.262562    0.000000   20.718132 ^ clkbuf_0_clk/I (gf180mcu_fd_sc_mcu7t5v0__clkbuf_16)
     4    0.276401    0.565037    0.877570   21.595701 ^ clkbuf_0_clk/Z (gf180mcu_fd_sc_mcu7t5v0__clkbuf_16)
                                                         clknet_0_clk (net)
                      0.565371    0.012655   21.608356 ^ clkbuf_2_1_0_clk/I (gf180mcu_fd_sc_mcu7t5v0__clkbuf_8)
    16    0.421339    1.492521    1.294724   22.903082 ^ clkbuf_2_1_0_clk/Z (gf180mcu_fd_sc_mcu7t5v0__clkbuf_8)
                                                         clknet_2_1_0_clk (net)
                      1.493221    0.017977   22.921057 ^ clkbuf_6_22_0_clk/I (gf180mcu_fd_sc_mcu7t5v0__clkbuf_8)
     8    0.191460    0.733487    0.996401   23.917459 ^ clkbuf_6_22_0_clk/Z (gf180mcu_fd_sc_mcu7t5v0__clkbuf_8)
                                                         clknet_6_22_0_clk (net)
                      0.733513    0.005503   23.922962 ^ clkbuf_leaf_115_clk/I (gf180mcu_fd_sc_mcu7t5v0__clkbuf_8)
     6    0.034469    0.237536    0.564718   24.487680 ^ clkbuf_leaf_115_clk/Z (gf180mcu_fd_sc_mcu7t5v0__clkbuf_8)
                                                         clknet_leaf_115_clk (net)
                      0.237536    0.000298   24.487978 ^ _24856_/CLK (gf180mcu_fd_sc_mcu7t5v0__dffrnq_1)
                                 -0.250000   24.237980   clock uncertainty
                                  0.000000   24.237980   clock reconvergence pessimism
                                 -0.691394   23.546585   library setup time
                                             23.546585   data required time
---------------------------------------------------------------------------------------------
                                             23.546585   data required time
                                            -29.570223   data arrival time
---------------------------------------------------------------------------------------------
                                             -6.023637   slack (VIOLATED)




===========================================================================
report_checks --slack_max -0.01
============================================================================
======================= max_ss_125C_4v50 Corner ===================================

Startpoint: _25075_ (rising edge-triggered flip-flop clocked by clk)
Endpoint: _24856_ (rising edge-triggered flip-flop clocked by clk)
Path Group: clk
Path Type: max

Fanout         Cap        Slew       Delay        Time   Description
---------------------------------------------------------------------------------------------
                                  0.000000    0.000000   clock clk (rise edge)
                                  0.000000    0.000000   clock source latency
     1    0.179181    1.259103    0.718131    0.718131 ^ clk (in)
                                                         clk (net)
                      1.262562    0.000000    0.718131 ^ clkbuf_0_clk/I (gf180mcu_fd_sc_mcu7t5v0__clkbuf_16)
     4    0.276401    0.565037    0.877569    1.595701 ^ clkbuf_0_clk/Z (gf180mcu_fd_sc_mcu7t5v0__clkbuf_16)
                                                         clknet_0_clk (net)
                      0.565371    0.012655    1.608356 ^ clkbuf_2_1_0_clk/I (gf180mcu_fd_sc_mcu7t5v0__clkbuf_8)
    16    0.421339    1.492521    1.294725    2.903081 ^ clkbuf_2_1_0_clk/Z (gf180mcu_fd_sc_mcu7t5v0__clkbuf_8)
                                                         clknet_2_1_0_clk (net)
                      1.492763    0.010595    2.913676 ^ clkbuf_6_19_0_clk/I (gf180mcu_fd_sc_mcu7t5v0__clkbuf_8)
    10    0.206070    0.782028    1.026103    3.939779 ^ clkbuf_6_19_0_clk/Z (gf180mcu_fd_sc_mcu7t5v0__clkbuf_8)
                                                         clknet_6_19_0_clk (net)
                      0.782044    0.002936    3.942715 ^ clkbuf_leaf_48_clk/I (gf180mcu_fd_sc_mcu7t5v0__clkbuf_8)
     5    0.030165    0.226855    0.562650    4.505365 ^ clkbuf_leaf_48_clk/Z (gf180mcu_fd_sc_mcu7t5v0__clkbuf_8)
                                                         clknet_leaf_48_clk (net)
                      0.226855    0.000357    4.505723 ^ _25075_/CLK (gf180mcu_fd_sc_mcu7t5v0__dffrnq_1)
     1    0.016441    0.605808    1.898149    6.403872 ^ _25075_/Q (gf180mcu_fd_sc_mcu7t5v0__dffrnq_1)
                                                         pp_inst.core_inst.reg_fsm_i.data_q[1] (net)
                      0.605808    0.000447    6.404318 ^ fanout1750/I (gf180mcu_fd_sc_mcu7t5v0__buf_4)
     9    0.234994    1.650661    1.219726    7.624044 ^ fanout1750/Z (gf180mcu_fd_sc_mcu7t5v0__buf_4)
                                                         net1750 (net)
                      1.650701    0.004590    7.628634 ^ max_cap1746/I (gf180mcu_fd_sc_mcu7t5v0__buf_8)
     6    0.122243    0.495973    0.607892    8.236526 ^ max_cap1746/Z (gf180mcu_fd_sc_mcu7t5v0__buf_8)
                                                         net1746 (net)
                      0.495998    0.005396    8.241922 ^ fanout1744/I (gf180mcu_fd_sc_mcu7t5v0__buf_8)
    10    0.194818    0.724970    0.677329    8.919251 ^ fanout1744/Z (gf180mcu_fd_sc_mcu7t5v0__buf_8)
                                                         net1744 (net)
                      0.725274    0.007473    8.926724 ^ _13267_/A1 (gf180mcu_fd_sc_mcu7t5v0__nor3_4)
     3    0.047476    0.668734    0.439497    9.366221 v _13267_/ZN (gf180mcu_fd_sc_mcu7t5v0__nor3_4)
                                                         _09883_ (net)
                      0.668734    0.000385    9.366607 v _13280_/A1 (gf180mcu_fd_sc_mcu7t5v0__aoi21_4)
     2    0.131416    2.112582    1.336374   10.702980 ^ _13280_/ZN (gf180mcu_fd_sc_mcu7t5v0__aoi21_4)
                                                         _09896_ (net)
                      2.112587    0.005246   10.708225 ^ fanout1553/I (gf180mcu_fd_sc_mcu7t5v0__buf_8)
    10    0.294346    1.063887    0.934661   11.642887 ^ fanout1553/Z (gf180mcu_fd_sc_mcu7t5v0__buf_8)
                                                         net1553 (net)
                      1.063896    0.001567   11.644454 ^ _13286_/A1 (gf180mcu_fd_sc_mcu7t5v0__nand2_2)
     2    0.141156    1.915864    1.364455   13.008909 v _13286_/ZN (gf180mcu_fd_sc_mcu7t5v0__nand2_2)
                                                         _09902_ (net)
                      1.916064    0.011035   13.019943 v fanout1428/I (gf180mcu_fd_sc_mcu7t5v0__buf_2)
     5    0.137791    1.138309    1.485165   14.505109 v fanout1428/Z (gf180mcu_fd_sc_mcu7t5v0__buf_2)
                                                         net1428 (net)
                      1.138932    0.015188   14.520296 v fanout1425/I (gf180mcu_fd_sc_mcu7t5v0__buf_4)
    10    0.208726    0.874707    1.111049   15.631346 v fanout1425/Z (gf180mcu_fd_sc_mcu7t5v0__buf_4)
                                                         net1425 (net)
                      0.875051    0.009862   15.641208 v _13308_/A3 (gf180mcu_fd_sc_mcu7t5v0__nor3_2)
     1    0.020782    1.282665    0.937394   16.578602 ^ _13308_/ZN (gf180mcu_fd_sc_mcu7t5v0__nor3_2)
                                                         _09924_ (net)
                      1.282665    0.000245   16.578848 ^ fanout1325/I (gf180mcu_fd_sc_mcu7t5v0__buf_8)
     3    0.106163    0.438885    0.562585   17.141432 ^ fanout1325/Z (gf180mcu_fd_sc_mcu7t5v0__buf_8)
                                                         net1325 (net)
                      0.438889    0.002180   17.143612 ^ max_cap1326/I (gf180mcu_fd_sc_mcu7t5v0__buf_8)
     8    0.254559    0.923040    0.778297   17.921907 ^ max_cap1326/Z (gf180mcu_fd_sc_mcu7t5v0__buf_8)
                                                         net1326 (net)
                      0.925682    0.028056   17.949965 ^ fanout1324/I (gf180mcu_fd_sc_mcu7t5v0__clkbuf_8)
    10    0.286067    1.029031    1.089123   19.039087 ^ fanout1324/Z (gf180mcu_fd_sc_mcu7t5v0__clkbuf_8)
                                                         net1324 (net)
                      1.030833    0.023240   19.062326 ^ _14427_/B1 (gf180mcu_fd_sc_mcu7t5v0__aoi22_1)
     1    0.010667    0.725882    0.560982   19.623310 v _14427_/ZN (gf180mcu_fd_sc_mcu7t5v0__aoi22_1)
                                                         _11016_ (net)
                      0.725882    0.000108   19.623419 v _14428_/A2 (gf180mcu_fd_sc_mcu7t5v0__nand2_2)
     6    0.071787    1.216763    0.937979   20.561398 ^ _14428_/ZN (gf180mcu_fd_sc_mcu7t5v0__nand2_2)
                                                         _11017_ (net)
                      1.216770    0.004441   20.565838 ^ _14430_/A2 (gf180mcu_fd_sc_mcu7t5v0__xor2_1)
     2    0.024416    0.835558    0.607512   21.173349 v _14430_/Z (gf180mcu_fd_sc_mcu7t5v0__xor2_1)
                                                         _11019_ (net)
                      0.835558    0.000547   21.173897 v _14431_/A2 (gf180mcu_fd_sc_mcu7t5v0__aoi21_2)
     2    0.029960    1.154385    0.893021   22.066917 ^ _14431_/ZN (gf180mcu_fd_sc_mcu7t5v0__aoi21_2)
                                                         _11020_ (net)
                      1.154385    0.000249   22.067167 ^ _16955_/B1 (gf180mcu_fd_sc_mcu7t5v0__aoi22_2)
     1    0.076256    1.874384    1.029528   23.096695 v _16955_/ZN (gf180mcu_fd_sc_mcu7t5v0__aoi22_2)
                                                         _04357_ (net)
                      1.874390    0.005487   23.102182 v fanout374/I (gf180mcu_fd_sc_mcu7t5v0__clkbuf_2)
     5    0.066633    0.950721    1.305727   24.407909 v fanout374/Z (gf180mcu_fd_sc_mcu7t5v0__clkbuf_2)
                                                         net374 (net)
                      0.950778    0.004164   24.412073 v fanout373/I (gf180mcu_fd_sc_mcu7t5v0__clkbuf_2)
     5    0.057753    0.828754    1.050886   25.462959 v fanout373/Z (gf180mcu_fd_sc_mcu7t5v0__clkbuf_2)
                                                         net373 (net)
                      0.828761    0.001362   25.464321 v fanout372/I (gf180mcu_fd_sc_mcu7t5v0__buf_2)
     7    0.070038    0.617953    0.896819   26.361139 v fanout372/Z (gf180mcu_fd_sc_mcu7t5v0__buf_2)
                                                         net372 (net)
                      0.618062    0.004651   26.365789 v fanout370/I (gf180mcu_fd_sc_mcu7t5v0__clkbuf_3)
    10    0.096663    0.750199    0.953277   27.319067 v fanout370/Z (gf180mcu_fd_sc_mcu7t5v0__clkbuf_3)
                                                         net370 (net)
                      0.750214    0.001874   27.320940 v _16997_/A2 (gf180mcu_fd_sc_mcu7t5v0__oai22_4)
     2    0.099545    2.227310    1.251962   28.572903 ^ _16997_/ZN (gf180mcu_fd_sc_mcu7t5v0__oai22_4)
                                                         _04399_ (net)
                      2.227318    0.007134   28.580036 ^ _17300_/A1 (gf180mcu_fd_sc_mcu7t5v0__nand2_1)
     1    0.006074    0.638475    0.327084   28.907122 v _17300_/ZN (gf180mcu_fd_sc_mcu7t5v0__nand2_1)
                                                         _04651_ (net)
                      0.638475    0.000121   28.907242 v _17304_/C (gf180mcu_fd_sc_mcu7t5v0__oai211_1)
     1    0.007168    0.818496    0.662812   29.570053 ^ _17304_/ZN (gf180mcu_fd_sc_mcu7t5v0__oai211_1)
                                                         _00063_ (net)
                      0.818496    0.000169   29.570223 ^ _24856_/D (gf180mcu_fd_sc_mcu7t5v0__dffrnq_1)
                                             29.570223   data arrival time

                                 20.000000   20.000000   clock clk (rise edge)
                                  0.000000   20.000000   clock source latency
     1    0.179181    1.259103    0.718131   20.718132 ^ clk (in)
                                                         clk (net)
                      1.262562    0.000000   20.718132 ^ clkbuf_0_clk/I (gf180mcu_fd_sc_mcu7t5v0__clkbuf_16)
     4    0.276401    0.565037    0.877570   21.595701 ^ clkbuf_0_clk/Z (gf180mcu_fd_sc_mcu7t5v0__clkbuf_16)
                                                         clknet_0_clk (net)
                      0.565371    0.012655   21.608356 ^ clkbuf_2_1_0_clk/I (gf180mcu_fd_sc_mcu7t5v0__clkbuf_8)
    16    0.421339    1.492521    1.294724   22.903082 ^ clkbuf_2_1_0_clk/Z (gf180mcu_fd_sc_mcu7t5v0__clkbuf_8)
                                                         clknet_2_1_0_clk (net)
                      1.493221    0.017977   22.921057 ^ clkbuf_6_22_0_clk/I (gf180mcu_fd_sc_mcu7t5v0__clkbuf_8)
     8    0.191460    0.733487    0.996401   23.917459 ^ clkbuf_6_22_0_clk/Z (gf180mcu_fd_sc_mcu7t5v0__clkbuf_8)
                                                         clknet_6_22_0_clk (net)
                      0.733513    0.005503   23.922962 ^ clkbuf_leaf_115_clk/I (gf180mcu_fd_sc_mcu7t5v0__clkbuf_8)
     6    0.034469    0.237536    0.564718   24.487680 ^ clkbuf_leaf_115_clk/Z (gf180mcu_fd_sc_mcu7t5v0__clkbuf_8)
                                                         clknet_leaf_115_clk (net)
                      0.237536    0.000298   24.487978 ^ _24856_/CLK (gf180mcu_fd_sc_mcu7t5v0__dffrnq_1)
                                 -0.250000   24.237980   clock uncertainty
                                  0.000000   24.237980   clock reconvergence pessimism
                                 -0.691394   23.546585   library setup time
                                             23.546585   data required time
---------------------------------------------------------------------------------------------
                                             23.546585   data required time
                                            -29.570223   data arrival time
---------------------------------------------------------------------------------------------
                                             -6.023637   slack (VIOLATED)




===========================================================================
 report_check_types -max_slew -max_cap -max_fanout -violators
============================================================================
======================= max_ss_125C_4v50 Corner ===================================

max slew

Pin                                        Limit        Slew       Slack
------------------------------------------------------------------------
_18451_/A2                              4.000000    6.391236   -2.391236 (VIOLATED)
_18450_/ZN                              4.000000    6.391205   -2.391205 (VIOLATED)
_18217_/B1                              4.000000    4.988421   -0.988421 (VIOLATED)
_18126_/A2                              4.000000    4.988311   -0.988311 (VIOLATED)
_18068_/B1                              4.000000    4.987903   -0.987903 (VIOLATED)
_18050_/A2                              4.000000    4.987774   -0.987774 (VIOLATED)
_18186_/A2                              4.000000    4.987647   -0.987647 (VIOLATED)
_18419_/B1                              4.000000    4.987474   -0.987475 (VIOLATED)
_18230_/A2                              4.000000    4.987201   -0.987201 (VIOLATED)
_18002_/ZN                              4.000000    4.987092   -0.987092 (VIOLATED)
_18006_/A2                              4.000000    4.987092   -0.987092 (VIOLATED)
_18796_/ZN                              4.000000    4.643793   -0.643793 (VIOLATED)
_18797_/A2                              4.000000    4.643793   -0.643793 (VIOLATED)
_13506_/Z                               4.000000    4.412350   -0.412350 (VIOLATED)
_13507_/A3                              4.000000    4.412350   -0.412350 (VIOLATED)
_14288_/A1                              4.000000    4.412350   -0.412350 (VIOLATED)
_14576_/A1                              4.000000    4.412350   -0.412350 (VIOLATED)
_14035_/ZN                              4.000000    4.363345   -0.363345 (VIOLATED)
_14036_/B1                              4.000000    4.363345   -0.363345 (VIOLATED)
_17047_/B2                              4.000000    4.325778   -0.325779 (VIOLATED)
_16909_/B2                              4.000000    4.325764   -0.325764 (VIOLATED)
_17134_/B2                              4.000000    4.325727   -0.325727 (VIOLATED)
_16864_/B2                              4.000000    4.325703   -0.325703 (VIOLATED)
_16818_/ZN                              4.000000    4.325679   -0.325679 (VIOLATED)
_16819_/B2                              4.000000    4.325679   -0.325679 (VIOLATED)
_16955_/B2                              4.000000    4.325679   -0.325679 (VIOLATED)
_17087_/B2                              4.000000    4.325679   -0.325679 (VIOLATED)
_18811_/A2                              4.000000    4.250680   -0.250680 (VIOLATED)
_19030_/A2                              4.000000    4.250655   -0.250655 (VIOLATED)
_18865_/A2                              4.000000    4.250619   -0.250619 (VIOLATED)
_19021_/A2                              4.000000    4.250614   -0.250614 (VIOLATED)
_18907_/A2                              4.000000    4.250529   -0.250529 (VIOLATED)
_18779_/A2                              4.000000    4.250519   -0.250519 (VIOLATED)
_18774_/ZN                              4.000000    4.250502   -0.250502 (VIOLATED)
_19052_/A2                              4.000000    4.250502   -0.250502 (VIOLATED)
_19061_/A2                              4.000000    4.250502   -0.250502 (VIOLATED)
_19070_/A2                              4.000000    4.250502   -0.250502 (VIOLATED)
_14994_/A2                              4.000000    4.239346   -0.239345 (VIOLATED)
_14993_/Z                               4.000000    4.239330   -0.239330 (VIOLATED)
_18986_/A2                              4.000000    4.239093   -0.239093 (VIOLATED)
_18985_/ZN                              4.000000    4.239076   -0.239076 (VIOLATED)
_19016_/ZN                              4.000000    4.233466   -0.233466 (VIOLATED)
_19017_/A2                              4.000000    4.233466   -0.233466 (VIOLATED)
_16449_/A2                              4.000000    4.199492   -0.199492 (VIOLATED)
_16446_/ZN                              4.000000    4.199485   -0.199485 (VIOLATED)
_19163_/B1                              4.000000    4.192207   -0.192207 (VIOLATED)
_19162_/Z                               4.000000    4.192183   -0.192183 (VIOLATED)
_15238_/A2                              4.000000    4.176821   -0.176821 (VIOLATED)
_15237_/Z                               4.000000    4.176804   -0.176803 (VIOLATED)
fanout1188/I                            4.000000    4.114023   -0.114023 (VIOLATED)
fanout1187/I                            4.000000    4.113997   -0.113997 (VIOLATED)
fanout1186/I                            4.000000    4.113936   -0.113936 (VIOLATED)
fanout1185/I                            4.000000    4.113784   -0.113784 (VIOLATED)
_15679_/ZN                              4.000000    4.113737   -0.113737 (VIOLATED)
_14950_/ZN                              4.000000    4.096598   -0.096598 (VIOLATED)
_14951_/A2                              4.000000    4.096598   -0.096598 (VIOLATED)
fanout1100/I                            4.000000    4.023665   -0.023666 (VIOLATED)
fanout1099/I                            4.000000    4.023350   -0.023350 (VIOLATED)
fanout1098/I                            4.000000    4.023203   -0.023203 (VIOLATED)
fanout1097/I                            4.000000    4.022997   -0.022997 (VIOLATED)
_15701_/ZN                              4.000000    4.022970   -0.022970 (VIOLATED)
_15310_/A2                              4.000000    4.021399   -0.021398 (VIOLATED)
_15309_/Z                               4.000000    4.021381   -0.021381 (VIOLATED)

max fanout

Pin                                   Limit Fanout  Slack
---------------------------------------------------------
clkbuf_6_37_0_clk/Z                      10     18     -8 (VIOLATED)
clkbuf_6_48_0_clk/Z                      10     17     -7 (VIOLATED)
clkbuf_6_49_0_clk/Z                      10     17     -7 (VIOLATED)
clkbuf_6_52_0_clk/Z                      10     17     -7 (VIOLATED)
clkbuf_6_53_0_clk/Z                      10     17     -7 (VIOLATED)
clkbuf_2_0_0_clk/Z                       10     16     -6 (VIOLATED)
clkbuf_2_1_0_clk/Z                       10     16     -6 (VIOLATED)
clkbuf_2_2_0_clk/Z                       10     16     -6 (VIOLATED)
clkbuf_2_3_0_clk/Z                       10     16     -6 (VIOLATED)
clkbuf_6_50_0_clk/Z                      10     16     -6 (VIOLATED)
clkbuf_6_58_0_clk/Z                      10     16     -6 (VIOLATED)
clkbuf_6_44_0_clk/Z                      10     15     -5 (VIOLATED)
clkbuf_6_47_0_clk/Z                      10     15     -5 (VIOLATED)
clkbuf_6_63_0_clk/Z                      10     15     -5 (VIOLATED)
clkbuf_6_15_0_clk/Z                      10     14     -4 (VIOLATED)
clkbuf_6_51_0_clk/Z                      10     14     -4 (VIOLATED)
clkbuf_6_54_0_clk/Z                      10     14     -4 (VIOLATED)
clkbuf_6_56_0_clk/Z                      10     14     -4 (VIOLATED)
clkbuf_6_61_0_clk/Z                      10     14     -4 (VIOLATED)
clkbuf_6_27_0_clk/Z                      10     13     -3 (VIOLATED)
clkbuf_6_28_0_clk/Z                      10     13     -3 (VIOLATED)
clkbuf_6_31_0_clk/Z                      10     13     -3 (VIOLATED)
clkbuf_6_32_0_clk/Z                      10     13     -3 (VIOLATED)
clkbuf_6_36_0_clk/Z                      10     13     -3 (VIOLATED)
clkbuf_6_46_0_clk/Z                      10     13     -3 (VIOLATED)
clkbuf_6_5_0_clk/Z                       10     13     -3 (VIOLATED)
clkbuf_6_62_0_clk/Z                      10     13     -3 (VIOLATED)
clkbuf_6_10_0_clk/Z                      10     12     -2 (VIOLATED)
clkbuf_6_4_0_clk/Z                       10     12     -2 (VIOLATED)
clkbuf_6_55_0_clk/Z                      10     12     -2 (VIOLATED)
clkbuf_6_59_0_clk/Z                      10     12     -2 (VIOLATED)
clkbuf_6_60_0_clk/Z                      10     12     -2 (VIOLATED)
clkbuf_6_13_0_clk/Z                      10     11        (VIOLATED)
clkbuf_6_14_0_clk/Z                      10     11        (VIOLATED)
clkbuf_6_16_0_clk/Z                      10     11        (VIOLATED)
clkbuf_6_39_0_clk/Z                      10     11        (VIOLATED)
clkbuf_6_45_0_clk/Z                      10     11        (VIOLATED)
clkbuf_6_57_0_clk/Z                      10     11        (VIOLATED)
fanout1072/Z                             10     11        (VIOLATED)
fanout1300/Z                             10     11        (VIOLATED)

max capacitance

Pin                                        Limit         Cap       Slack
------------------------------------------------------------------------
clkbuf_2_0_0_clk/Z                      0.200000    0.497844   -0.297844 (VIOLATED)
clkbuf_2_3_0_clk/Z                      0.200000    0.476162   -0.276162 (VIOLATED)
clkbuf_2_2_0_clk/Z                      0.200000    0.452009   -0.252009 (VIOLATED)
clkbuf_2_1_0_clk/Z                      0.200000    0.421339   -0.221339 (VIOLATED)
fanout1143/Z                            0.200000    0.411709   -0.211709 (VIOLATED)
fanout340/Z                             0.200000    0.408805   -0.208805 (VIOLATED)
fanout739/Z                             0.200000    0.408227   -0.208227 (VIOLATED)
fanout1189/Z                            0.200000    0.392876   -0.192876 (VIOLATED)
fanout1101/Z                            0.200000    0.392689   -0.192689 (VIOLATED)
fanout1259/Z                            0.200000    0.387575   -0.187575 (VIOLATED)
fanout1255/Z                            0.200000    0.384678   -0.184678 (VIOLATED)
fanout1097/Z                            0.200000    0.381260   -0.181260 (VIOLATED)
fanout1068/Z                            0.200000    0.379623   -0.179623 (VIOLATED)
fanout1138/Z                            0.200000    0.377768   -0.177768 (VIOLATED)
fanout1168/Z                            0.200000    0.375923   -0.175923 (VIOLATED)
fanout607/Z                             0.200000    0.375827   -0.175827 (VIOLATED)
fanout174/Z                             0.200000    0.373957   -0.173957 (VIOLATED)
fanout1152/Z                            0.200000    0.366556   -0.166556 (VIOLATED)
fanout712/Z                             0.200000    0.366344   -0.166344 (VIOLATED)
fanout1197/Z                            0.200000    0.360766   -0.160766 (VIOLATED)
fanout1271/Z                            0.200000    0.359831   -0.159831 (VIOLATED)
fanout1177/Z                            0.200000    0.359212   -0.159212 (VIOLATED)
fanout1296/Z                            0.200000    0.359058   -0.159058 (VIOLATED)
fanout1351/Z                            0.200000    0.358657   -0.158657 (VIOLATED)
fanout1091/Z                            0.200000    0.356012   -0.156012 (VIOLATED)
fanout1086/Z                            0.200000    0.355397   -0.155397 (VIOLATED)
fanout1181/Z                            0.200000    0.353095   -0.153095 (VIOLATED)
max_cap1205/Z                           0.200000    0.351505   -0.151505 (VIOLATED)
fanout1118/Z                            0.200000    0.350667   -0.150667 (VIOLATED)
fanout240/Z                             0.200000    0.350620   -0.150620 (VIOLATED)
fanout1291/Z                            0.200000    0.350194   -0.150194 (VIOLATED)
fanout1207/Z                            0.200000    0.350020   -0.150020 (VIOLATED)
fanout1072/Z                            0.200000    0.349405   -0.149405 (VIOLATED)
fanout1346/Z                            0.200000    0.348871   -0.148871 (VIOLATED)
fanout1267/Z                            0.200000    0.347756   -0.147756 (VIOLATED)
fanout1114/Z                            0.200000    0.347332   -0.147332 (VIOLATED)
fanout1251/Z                            0.200000    0.343412   -0.143412 (VIOLATED)
fanout1281/Z                            0.200000    0.342333   -0.142333 (VIOLATED)
fanout1275/Z                            0.200000    0.340444   -0.140444 (VIOLATED)
fanout1164/Z                            0.200000    0.339754   -0.139754 (VIOLATED)
fanout1187/Z                            0.200000    0.339487   -0.139487 (VIOLATED)
fanout1190/Z                            0.200000    0.339120   -0.139120 (VIOLATED)
fanout1064/Z                            0.200000    0.338348   -0.138348 (VIOLATED)
fanout1297/Z                            0.200000    0.338011   -0.138011 (VIOLATED)
max_cap1141/Z                           0.200000    0.337585   -0.137585 (VIOLATED)
fanout1219/Z                            0.200000    0.336404   -0.136404 (VIOLATED)
fanout878/Z                             0.200000    0.335116   -0.135116 (VIOLATED)
fanout1279/Z                            0.200000    0.335071   -0.135071 (VIOLATED)
fanout1227/Z                            0.200000    0.334291   -0.134291 (VIOLATED)
fanout1160/Z                            0.200000    0.333697   -0.133697 (VIOLATED)
clkbuf_6_37_0_clk/Z                     0.200000    0.332905   -0.132905 (VIOLATED)
fanout1134/Z                            0.200000    0.331410   -0.131410 (VIOLATED)
fanout1249/Z                            0.200000    0.330543   -0.130543 (VIOLATED)
_24792_/Q                               0.200000    0.329371   -0.129371 (VIOLATED)
fanout1132/Z                            0.200000    0.327517   -0.127517 (VIOLATED)
fanout1185/Z                            0.200000    0.327357   -0.127357 (VIOLATED)
max_cap1344/Z                           0.200000    0.326772   -0.126772 (VIOLATED)
fanout1363/Z                            0.200000    0.326644   -0.126644 (VIOLATED)
fanout1092/Z                            0.200000    0.326510   -0.126510 (VIOLATED)
fanout1119/Z                            0.200000    0.326332   -0.126332 (VIOLATED)
fanout1253/Z                            0.200000    0.325362   -0.125362 (VIOLATED)
fanout1290/Z                            0.200000    0.324701   -0.124701 (VIOLATED)
fanout1247/Z                            0.200000    0.323912   -0.123912 (VIOLATED)
fanout1066/Z                            0.200000    0.323484   -0.123484 (VIOLATED)
fanout1210/Z                            0.200000    0.322563   -0.122563 (VIOLATED)
fanout644/Z                             0.200000    0.322317   -0.122317 (VIOLATED)
fanout1497/Z                            0.200000    0.322015   -0.122015 (VIOLATED)
fanout1154/Z                            0.200000    0.320925   -0.120925 (VIOLATED)
fanout1341/Z                            0.200000    0.319888   -0.119888 (VIOLATED)
wire1171/Z                              0.200000    0.319459   -0.119459 (VIOLATED)
fanout1173/Z                            0.200000    0.318411   -0.118411 (VIOLATED)
fanout1109/Z                            0.200000    0.317534   -0.117534 (VIOLATED)
fanout1099/Z                            0.200000    0.317456   -0.117456 (VIOLATED)
fanout1126/Z                            0.200000    0.317148   -0.117148 (VIOLATED)
fanout633/Z                             0.200000    0.316873   -0.116873 (VIOLATED)
fanout224/Z                             0.200000    0.316790   -0.116790 (VIOLATED)
fanout1130/Z                            0.200000    0.316293   -0.116293 (VIOLATED)
max_cap1362/Z                           0.200000    0.316246   -0.116246 (VIOLATED)
max_cap1293/Z                           0.200000    0.316220   -0.116220 (VIOLATED)
fanout1283/Z                            0.200000    0.316085   -0.116085 (VIOLATED)
fanout1200/Z                            0.200000    0.315819   -0.115819 (VIOLATED)
fanout927/Z                             0.200000    0.315469   -0.115469 (VIOLATED)
clkbuf_6_32_0_clk/Z                     0.200000    0.315339   -0.115339 (VIOLATED)
fanout1195/Z                            0.200000    0.314781   -0.114781 (VIOLATED)
fanout1156/Z                            0.200000    0.314764   -0.114764 (VIOLATED)
fanout1127/Z                            0.200000    0.314528   -0.114528 (VIOLATED)
fanout561/Z                             0.200000    0.314384   -0.114384 (VIOLATED)
fanout1150/Z                            0.200000    0.311892   -0.111892 (VIOLATED)
fanout1257/Z                            0.200000    0.311795   -0.111795 (VIOLATED)
fanout1084/Z                            0.200000    0.310399   -0.110399 (VIOLATED)
fanout1285/Z                            0.200000    0.310335   -0.110335 (VIOLATED)
fanout1088/Z                            0.200000    0.310307   -0.110307 (VIOLATED)
fanout166/Z                             0.200000    0.309568   -0.109568 (VIOLATED)
fanout1245/Z                            0.200000    0.309218   -0.109218 (VIOLATED)
fanout1299/Z                            0.200000    0.309142   -0.109142 (VIOLATED)
clkbuf_6_48_0_clk/Z                     0.200000    0.309107   -0.109107 (VIOLATED)
max_cap1146/Z                           0.200000    0.309060   -0.109060 (VIOLATED)
fanout1304/Z                            0.200000    0.308806   -0.108806 (VIOLATED)
fanout1136/Z                            0.200000    0.308650   -0.108650 (VIOLATED)
fanout1116/Z                            0.200000    0.308634   -0.108634 (VIOLATED)
max_cap1565/Z                           0.200000    0.308468   -0.108468 (VIOLATED)
fanout1076/Z                            0.200000    0.307382   -0.107382 (VIOLATED)
fanout1071/Z                            0.200000    0.307068   -0.107068 (VIOLATED)
fanout258/Z                             0.200000    0.307062   -0.107062 (VIOLATED)
fanout1215/Z                            0.200000    0.306899   -0.106899 (VIOLATED)
fanout1231/Z                            0.200000    0.306188   -0.106188 (VIOLATED)
clkbuf_6_49_0_clk/Z                     0.200000    0.305492   -0.105492 (VIOLATED)
fanout1211/Z                            0.200000    0.305256   -0.105256 (VIOLATED)
max_cap1340/Z                           0.200000    0.304859   -0.104859 (VIOLATED)
fanout670/Z                             0.200000    0.304542   -0.104542 (VIOLATED)
fanout1239/Z                            0.200000    0.304518   -0.104518 (VIOLATED)
fanout1300/Z                            0.200000    0.303773   -0.103774 (VIOLATED)
fanout1124/Z                            0.200000    0.303701   -0.103701 (VIOLATED)
fanout1129/Z                            0.200000    0.303618   -0.103618 (VIOLATED)
fanout1193/Z                            0.200000    0.301180   -0.101180 (VIOLATED)
fanout925/Z                             0.200000    0.300905   -0.100905 (VIOLATED)
fanout1243/Z                            0.200000    0.300830   -0.100830 (VIOLATED)
_15679_/ZN                              0.200000    0.300330   -0.100330 (VIOLATED)
fanout1218/Z                            0.200000    0.300306   -0.100306 (VIOLATED)
fanout1241/Z                            0.200000    0.300138   -0.100138 (VIOLATED)
wire1583/Z                              0.200000    0.299948   -0.099948 (VIOLATED)
fanout1234/Z                            0.200000    0.299771   -0.099771 (VIOLATED)
clkbuf_6_44_0_clk/Z                     0.200000    0.299120   -0.099120 (VIOLATED)
fanout1102/Z                            0.200000    0.299002   -0.099002 (VIOLATED)
fanout266/Z                             0.200000    0.298637   -0.098637 (VIOLATED)
fanout1163/Z                            0.200000    0.298249   -0.098249 (VIOLATED)
fanout884/Z                             0.200000    0.297860   -0.097860 (VIOLATED)
fanout1439/Z                            0.200000    0.296503   -0.096503 (VIOLATED)
fanout1148/Z                            0.200000    0.296290   -0.096290 (VIOLATED)
fanout1175/Z                            0.200000    0.294951   -0.094951 (VIOLATED)
max_cap308/Z                            0.200000    0.294722   -0.094722 (VIOLATED)
fanout544/Z                             0.200000    0.294661   -0.094661 (VIOLATED)
fanout1287/Z                            0.200000    0.294547   -0.094547 (VIOLATED)
fanout1553/Z                            0.200000    0.294346   -0.094346 (VIOLATED)
fanout1235/Z                            0.200000    0.294254   -0.094254 (VIOLATED)
clkbuf_6_53_0_clk/Z                     0.200000    0.293879   -0.093879 (VIOLATED)
clkbuf_6_52_0_clk/Z                     0.200000    0.293757   -0.093757 (VIOLATED)
_15701_/ZN                              0.200000    0.293636   -0.093636 (VIOLATED)
fanout1352/Z                            0.200000    0.293417   -0.093417 (VIOLATED)
fanout1107/Z                            0.200000    0.293195   -0.093195 (VIOLATED)
fanout848/Z                             0.200000    0.292858   -0.092858 (VIOLATED)
fanout814/Z                             0.200000    0.292496   -0.092496 (VIOLATED)
_15665_/ZN                              0.200000    0.291719   -0.091719 (VIOLATED)
clkbuf_6_47_0_clk/Z                     0.200000    0.291271   -0.091271 (VIOLATED)
fanout1080/Z                            0.200000    0.291142   -0.091142 (VIOLATED)
fanout1327/Z                            0.200000    0.290638   -0.090638 (VIOLATED)
fanout1354/Z                            0.200000    0.290459   -0.090459 (VIOLATED)
fanout1237/Z                            0.200000    0.290458   -0.090458 (VIOLATED)
wire1320/Z                              0.200000    0.290455   -0.090455 (VIOLATED)
fanout1277/Z                            0.200000    0.289963   -0.089963 (VIOLATED)
fanout1167/Z                            0.200000    0.289434   -0.089434 (VIOLATED)
fanout1330/Z                            0.200000    0.289432   -0.089432 (VIOLATED)
_15680_/ZN                              0.200000    0.287991   -0.087991 (VIOLATED)
_15080_/ZN                              0.200000    0.287476   -0.087476 (VIOLATED)
clkbuf_6_58_0_clk/Z                     0.200000    0.287329   -0.087329 (VIOLATED)
fanout906/Z                             0.200000    0.287007   -0.087007 (VIOLATED)
fanout1324/Z                            0.200000    0.286067   -0.086067 (VIOLATED)
fanout1213/Z                            0.200000    0.285634   -0.085634 (VIOLATED)
max_cap1568/Z                           0.200000    0.284976   -0.084976 (VIOLATED)
_15645_/ZN                              0.200000    0.284671   -0.084671 (VIOLATED)
fanout1104/Z                            0.200000    0.284647   -0.084647 (VIOLATED)
fanout1183/Z                            0.200000    0.284352   -0.084352 (VIOLATED)
fanout1261/Z                            0.200000    0.283550   -0.083550 (VIOLATED)
wire1573/Z                              0.200000    0.283430   -0.083430 (VIOLATED)
clkbuf_6_50_0_clk/Z                     0.200000    0.282757   -0.082757 (VIOLATED)
clkbuf_6_51_0_clk/Z                     0.200000    0.282047   -0.082047 (VIOLATED)
fanout1078/Z                            0.200000    0.281749   -0.081749 (VIOLATED)
fanout1110/Z                            0.200000    0.281678   -0.081678 (VIOLATED)
_15707_/ZN                              0.200000    0.281634   -0.081634 (VIOLATED)
fanout615/Z                             0.200000    0.281010   -0.081010 (VIOLATED)
fanout1360/Z                            0.200000    0.279929   -0.079929 (VIOLATED)
fanout1158/Z                            0.200000    0.279838   -0.079838 (VIOLATED)
fanout664/Z                             0.200000    0.279580   -0.079580 (VIOLATED)
clkbuf_6_45_0_clk/Z                     0.200000    0.278959   -0.078959 (VIOLATED)
fanout1122/Z                            0.200000    0.278486   -0.078486 (VIOLATED)
fanout1105/Z                            0.200000    0.278218   -0.078218 (VIOLATED)
fanout1269/Z                            0.200000    0.277774   -0.077774 (VIOLATED)
fanout1192/Z                            0.200000    0.277435   -0.077435 (VIOLATED)
fanout269/Z                             0.200000    0.276646   -0.076646 (VIOLATED)
fanout1359/Z                            0.200000    0.276547   -0.076547 (VIOLATED)
fanout328/Z                             0.200000    0.276525   -0.076525 (VIOLATED)
clkbuf_0_clk/Z                          0.200000    0.276401   -0.076401 (VIOLATED)
fanout665/Z                             0.200000    0.276127   -0.076127 (VIOLATED)
_15689_/ZN                              0.200000    0.275789   -0.075789 (VIOLATED)
clkbuf_6_46_0_clk/Z                     0.200000    0.275751   -0.075751 (VIOLATED)
fanout895/Z                             0.200000    0.275561   -0.075561 (VIOLATED)
fanout1273/Z                            0.200000    0.275459   -0.075459 (VIOLATED)
fanout1082/Z                            0.200000    0.275152   -0.075152 (VIOLATED)
clkbuf_6_39_0_clk/Z                     0.200000    0.274595   -0.074595 (VIOLATED)
fanout1333/Z                            0.200000    0.274502   -0.074502 (VIOLATED)
clkbuf_6_54_0_clk/Z                     0.200000    0.273804   -0.073804 (VIOLATED)
clkbuf_6_57_0_clk/Z                     0.200000    0.273040   -0.073040 (VIOLATED)
clkbuf_6_61_0_clk/Z                     0.200000    0.272829   -0.072829 (VIOLATED)
clkbuf_6_62_0_clk/Z                     0.200000    0.272605   -0.072605 (VIOLATED)
fanout1328/Z                            0.200000    0.272405   -0.072405 (VIOLATED)
clkbuf_6_56_0_clk/Z                     0.200000    0.272387   -0.072387 (VIOLATED)
fanout1179/Z                            0.200000    0.272218   -0.072218 (VIOLATED)
_15647_/ZN                              0.200000    0.271903   -0.071903 (VIOLATED)
fanout859/Z                             0.200000    0.271897   -0.071897 (VIOLATED)
max_cap1578/Z                           0.200000    0.271188   -0.071188 (VIOLATED)
fanout1560/Z                            0.200000    0.271175   -0.071175 (VIOLATED)
max_cap1202/Z                           0.200000    0.271012   -0.071012 (VIOLATED)
_15657_/ZN                              0.200000    0.269817   -0.069817 (VIOLATED)
fanout657/Z                             0.200000    0.269686   -0.069686 (VIOLATED)
fanout1085/Z                            0.200000    0.268335   -0.068335 (VIOLATED)
fanout838/Z                             0.200000    0.268298   -0.068298 (VIOLATED)
fanout1203/Z                            0.200000    0.268114   -0.068114 (VIOLATED)
fanout1229/Z                            0.200000    0.267952   -0.067952 (VIOLATED)
fanout930/Z                             0.200000    0.267663   -0.067663 (VIOLATED)
_15688_/ZN                              0.200000    0.267426   -0.067426 (VIOLATED)
fanout92/Z                              0.200000    0.267264   -0.067264 (VIOLATED)
fanout767/Z                             0.200000    0.266436   -0.066436 (VIOLATED)
clkbuf_6_59_0_clk/Z                     0.200000    0.266163   -0.066163 (VIOLATED)
fanout1208/Z                            0.200000    0.266019   -0.066019 (VIOLATED)
_15639_/ZN                              0.200000    0.265909   -0.065909 (VIOLATED)
fanout1555/Z                            0.200000    0.265879   -0.065879 (VIOLATED)
fanout904/Z                             0.200000    0.265810   -0.065810 (VIOLATED)
clkbuf_6_36_0_clk/Z                     0.200000    0.265606   -0.065606 (VIOLATED)
clkbuf_6_63_0_clk/Z                     0.200000    0.265495   -0.065495 (VIOLATED)
fanout853/Z                             0.200000    0.265115   -0.065115 (VIOLATED)
fanout610/Z                             0.200000    0.264575   -0.064575 (VIOLATED)
fanout1437/Z                            0.200000    0.264218   -0.064218 (VIOLATED)
fanout667/Z                             0.200000    0.264106   -0.064106 (VIOLATED)
clkbuf_6_27_0_clk/Z                     0.200000    0.262771   -0.062771 (VIOLATED)
_13296_/ZN                              0.200000    0.262604   -0.062604 (VIOLATED)
fanout177/Z                             0.200000    0.262501   -0.062501 (VIOLATED)
fanout1069/Z                            0.200000    0.262437   -0.062437 (VIOLATED)
fanout721/Z                             0.200000    0.261957   -0.061957 (VIOLATED)
fanout1223/Z                            0.200000    0.261946   -0.061946 (VIOLATED)
fanout1303/Z                            0.200000    0.261742   -0.061742 (VIOLATED)
fanout751/Z                             0.200000    0.261730   -0.061730 (VIOLATED)
fanout975/Z                             0.200000    0.261587   -0.061587 (VIOLATED)
fanout1459/Z                            0.200000    0.261405   -0.061405 (VIOLATED)
fanout1268/Z                            0.200000    0.261396   -0.061396 (VIOLATED)
fanout1263/Z                            0.200000    0.261092   -0.061092 (VIOLATED)
fanout867/Z                             0.200000    0.261081   -0.061081 (VIOLATED)
fanout967/Z                             0.200000    0.261064   -0.061064 (VIOLATED)
fanout870/Z                             0.200000    0.260763   -0.060763 (VIOLATED)
fanout1284/Z                            0.200000    0.260706   -0.060706 (VIOLATED)
_22730_/ZN                              0.200000    0.260535   -0.060535 (VIOLATED)
fanout1295/Z                            0.200000    0.259405   -0.059405 (VIOLATED)
fanout1436/Z                            0.200000    0.258899   -0.058899 (VIOLATED)
fanout1288/Z                            0.200000    0.258420   -0.058420 (VIOLATED)
fanout556/Z                             0.200000    0.258331   -0.058331 (VIOLATED)
max_cap1441/Z                           0.200000    0.257927   -0.057927 (VIOLATED)
fanout121/Z                             0.200000    0.257821   -0.057821 (VIOLATED)
fanout869/Z                             0.200000    0.257703   -0.057703 (VIOLATED)
clkbuf_6_60_0_clk/Z                     0.200000    0.257649   -0.057649 (VIOLATED)
_15677_/ZN                              0.200000    0.257546   -0.057546 (VIOLATED)
fanout1345/Z                            0.200000    0.257482   -0.057482 (VIOLATED)
fanout871/Z                             0.200000    0.257414   -0.057414 (VIOLATED)
fanout797/Z                             0.200000    0.257248   -0.057248 (VIOLATED)
_20051_/ZN                              0.200000    0.257034   -0.057034 (VIOLATED)
fanout851/Z                             0.200000    0.256413   -0.056413 (VIOLATED)
fanout1298/Z                            0.200000    0.255770   -0.055770 (VIOLATED)
fanout849/Z                             0.200000    0.255118   -0.055118 (VIOLATED)
fanout134/Z                             0.200000    0.254942   -0.054942 (VIOLATED)
max_cap1326/Z                           0.200000    0.254559   -0.054559 (VIOLATED)
fanout1331/Z                            0.200000    0.254505   -0.054505 (VIOLATED)
fanout349/Z                             0.200000    0.254409   -0.054409 (VIOLATED)
fanout319/Z                             0.200000    0.253912   -0.053912 (VIOLATED)
fanout1278/Z                            0.200000    0.253894   -0.053894 (VIOLATED)
_22080_/ZN                              0.200000    0.253703   -0.053703 (VIOLATED)
_23771_/ZN                              0.200000    0.253435   -0.053435 (VIOLATED)
fanout1217/Z                            0.200000    0.252560   -0.052560 (VIOLATED)
clkbuf_6_55_0_clk/Z                     0.200000    0.252406   -0.052406 (VIOLATED)
fanout926/Z                             0.200000    0.252042   -0.052042 (VIOLATED)
fanout1169/Z                            0.200000    0.251886   -0.051886 (VIOLATED)
clkbuf_6_38_0_clk/Z                     0.200000    0.251701   -0.051701 (VIOLATED)
fanout722/Z                             0.200000    0.251240   -0.051240 (VIOLATED)
fanout576/Z                             0.200000    0.250736   -0.050736 (VIOLATED)
_19128_/ZN                              0.200000    0.250394   -0.050394 (VIOLATED)
fanout946/Z                             0.200000    0.250376   -0.050376 (VIOLATED)
fanout960/Z                             0.200000    0.249975   -0.049975 (VIOLATED)
fanout129/Z                             0.200000    0.249475   -0.049475 (VIOLATED)
fanout1438/Z                            0.200000    0.249309   -0.049309 (VIOLATED)
fanout1221/Z                            0.200000    0.249097   -0.049097 (VIOLATED)
clkbuf_6_40_0_clk/Z                     0.200000    0.249058   -0.049058 (VIOLATED)
fanout978/Z                             0.200000    0.249031   -0.049031 (VIOLATED)
fanout1558/Z                            0.200000    0.248258   -0.048258 (VIOLATED)
_20316_/ZN                              0.200000    0.248053   -0.048053 (VIOLATED)
_15641_/ZN                              0.200000    0.247931   -0.047931 (VIOLATED)
fanout145/Z                             0.200000    0.247671   -0.047671 (VIOLATED)
fanout852/Z                             0.200000    0.247264   -0.047264 (VIOLATED)
_15656_/ZN                              0.200000    0.247114   -0.047114 (VIOLATED)
_15699_/ZN                              0.200000    0.247040   -0.047040 (VIOLATED)
fanout730/Z                             0.200000    0.246935   -0.046935 (VIOLATED)
_23641_/ZN                              0.200000    0.246453   -0.046453 (VIOLATED)
fanout954/Z                             0.200000    0.246382   -0.046382 (VIOLATED)
fanout857/Z                             0.200000    0.246255   -0.046255 (VIOLATED)
fanout1233/Z                            0.200000    0.246159   -0.046159 (VIOLATED)
fanout1061/Z                            0.200000    0.245989   -0.045989 (VIOLATED)
fanout303/Z                             0.200000    0.245794   -0.045794 (VIOLATED)
fanout219/Z                             0.200000    0.245429   -0.045429 (VIOLATED)
fanout101/Z                             0.200000    0.244462   -0.044462 (VIOLATED)
fanout1676/Z                            0.200000    0.244301   -0.044301 (VIOLATED)
fanout1161/Z                            0.200000    0.244280   -0.044280 (VIOLATED)
fanout1198/Z                            0.200000    0.243869   -0.043869 (VIOLATED)
fanout959/Z                             0.200000    0.243702   -0.043702 (VIOLATED)
fanout788/Z                             0.200000    0.243594   -0.043594 (VIOLATED)
fanout1157/Z                            0.200000    0.243536   -0.043536 (VIOLATED)
fanout883/Z                             0.200000    0.243216   -0.043215 (VIOLATED)
fanout1741/Z                            0.200000    0.243066   -0.043066 (VIOLATED)
fanout126/Z                             0.200000    0.242824   -0.042824 (VIOLATED)
fanout1562/Z                            0.200000    0.242686   -0.042686 (VIOLATED)
fanout1087/Z                            0.200000    0.242303   -0.042303 (VIOLATED)
fanout663/Z                             0.200000    0.242266   -0.042266 (VIOLATED)
fanout1347/Z                            0.200000    0.242110   -0.042110 (VIOLATED)
clkbuf_6_42_0_clk/Z                     0.200000    0.241631   -0.041631 (VIOLATED)
fanout951/Z                             0.200000    0.241448   -0.041448 (VIOLATED)
fanout929/Z                             0.200000    0.241084   -0.041084 (VIOLATED)
fanout955/Z                             0.200000    0.240890   -0.040890 (VIOLATED)
fanout891/Z                             0.200000    0.240875   -0.040875 (VIOLATED)
_21950_/ZN                              0.200000    0.240593   -0.040593 (VIOLATED)
fanout1162/Z                            0.200000    0.239108   -0.039108 (VIOLATED)
_18002_/ZN                              0.200000    0.238994   -0.038994 (VIOLATED)
fanout949/Z                             0.200000    0.238507   -0.038507 (VIOLATED)
fanout105/Z                             0.200000    0.237892   -0.037892 (VIOLATED)
fanout254/Z                             0.200000    0.237794   -0.037794 (VIOLATED)
_15661_/ZN                              0.200000    0.237794   -0.037794 (VIOLATED)
fanout543/Z                             0.200000    0.237781   -0.037781 (VIOLATED)
_15695_/ZN                              0.200000    0.237747   -0.037747 (VIOLATED)
fanout861/Z                             0.200000    0.237730   -0.037730 (VIOLATED)
fanout130/Z                             0.200000    0.237687   -0.037687 (VIOLATED)
_15649_/ZN                              0.200000    0.237335   -0.037335 (VIOLATED)
fanout1440/Z                            0.200000    0.236899   -0.036899 (VIOLATED)
clkbuf_6_43_0_clk/Z                     0.200000    0.236727   -0.036727 (VIOLATED)
fanout1302/Z                            0.200000    0.236530   -0.036530 (VIOLATED)
fanout1165/Z                            0.200000    0.236015   -0.036015 (VIOLATED)
fanout1738/Z                            0.200000    0.235992   -0.035992 (VIOLATED)
fanout624/Z                             0.200000    0.235944   -0.035944 (VIOLATED)
fanout281/Z                             0.200000    0.235933   -0.035933 (VIOLATED)
fanout1276/Z                            0.200000    0.235463   -0.035463 (VIOLATED)
clkbuf_6_41_0_clk/Z                     0.200000    0.235289   -0.035289 (VIOLATED)
_15691_/ZN                              0.200000    0.235195   -0.035195 (VIOLATED)
fanout1750/Z                            0.200000    0.234994   -0.034994 (VIOLATED)
fanout191/Z                             0.200000    0.234828   -0.034828 (VIOLATED)
fanout840/Z                             0.200000    0.234815   -0.034815 (VIOLATED)
_15672_/ZN                              0.200000    0.234766   -0.034766 (VIOLATED)
fanout855/Z                             0.200000    0.234667   -0.034667 (VIOLATED)
_15667_/ZN                              0.200000    0.234605   -0.034605 (VIOLATED)
_15702_/ZN                              0.200000    0.234589   -0.034589 (VIOLATED)
fanout118/Z                             0.200000    0.234445   -0.034445 (VIOLATED)
_20448_/ZN                              0.200000    0.234206   -0.034206 (VIOLATED)
fanout759/Z                             0.200000    0.234016   -0.034016 (VIOLATED)
fanout1058/Z                            0.200000    0.233926   -0.033926 (VIOLATED)
fanout629/Z                             0.200000    0.233683   -0.033683 (VIOLATED)
fanout905/Z                             0.200000    0.233331   -0.033331 (VIOLATED)
fanout697/Z                             0.200000    0.233212   -0.033212 (VIOLATED)
fanout970/Z                             0.200000    0.232750   -0.032750 (VIOLATED)
fanout948/Z                             0.200000    0.232746   -0.032746 (VIOLATED)
max_cap966/Z                            0.200000    0.232367   -0.032367 (VIOLATED)
fanout1431/Z                            0.200000    0.231939   -0.031939 (VIOLATED)
fanout1209/Z                            0.200000    0.231902   -0.031902 (VIOLATED)
fanout1307/Z                            0.200000    0.231879   -0.031879 (VIOLATED)
fanout818/Z                             0.200000    0.231803   -0.031803 (VIOLATED)
fanout348/Z                             0.200000    0.231371   -0.031371 (VIOLATED)
_15706_/ZN                              0.200000    0.231162   -0.031162 (VIOLATED)
fanout1121/Z                            0.200000    0.230711   -0.030711 (VIOLATED)
fanout656/Z                             0.200000    0.230592   -0.030592 (VIOLATED)
fanout1411/Z                            0.200000    0.230581   -0.030581 (VIOLATED)
clkbuf_6_15_0_clk/Z                     0.200000    0.230577   -0.030577 (VIOLATED)
fanout1409/Z                            0.200000    0.230262   -0.030262 (VIOLATED)
fanout1270/Z                            0.200000    0.230142   -0.030142 (VIOLATED)
fanout876/Z                             0.200000    0.230090   -0.030090 (VIOLATED)
fanout1305/Z                            0.200000    0.229997   -0.029997 (VIOLATED)
clkbuf_6_10_0_clk/Z                     0.200000    0.229894   -0.029894 (VIOLATED)
fanout903/Z                             0.200000    0.229883   -0.029883 (VIOLATED)
fanout138/Z                             0.200000    0.229558   -0.029558 (VIOLATED)
fanout782/Z                             0.200000    0.229376   -0.029376 (VIOLATED)
fanout1050/Z                            0.200000    0.229288   -0.029288 (VIOLATED)
_15682_/ZN                              0.200000    0.229163   -0.029163 (VIOLATED)
fanout1191/Z                            0.200000    0.228752   -0.028752 (VIOLATED)
fanout199/Z                             0.200000    0.228466   -0.028466 (VIOLATED)
fanout1074/Z                            0.200000    0.228433   -0.028433 (VIOLATED)
fanout1128/Z                            0.200000    0.228274   -0.028274 (VIOLATED)
_23511_/ZN                              0.200000    0.228026   -0.028026 (VIOLATED)
fanout1265/Z                            0.200000    0.227815   -0.027815 (VIOLATED)
fanout127/Z                             0.200000    0.227410   -0.027410 (VIOLATED)
fanout822/Z                             0.200000    0.227189   -0.027189 (VIOLATED)
fanout579/Z                             0.200000    0.226802   -0.026802 (VIOLATED)
fanout142/Z                             0.200000    0.226757   -0.026757 (VIOLATED)
max_cap964/Z                            0.200000    0.226671   -0.026671 (VIOLATED)
clkbuf_6_33_0_clk/Z                     0.200000    0.226635   -0.026635 (VIOLATED)
fanout598/Z                             0.200000    0.226521   -0.026521 (VIOLATED)
fanout575/Z                             0.200000    0.226495   -0.026495 (VIOLATED)
_15681_/ZN                              0.200000    0.226446   -0.026446 (VIOLATED)
fanout945/Z                             0.200000    0.226407   -0.026407 (VIOLATED)
fanout947/Z                             0.200000    0.226294   -0.026294 (VIOLATED)
fanout806/Z                             0.200000    0.226237   -0.026237 (VIOLATED)
fanout167/Z                             0.200000    0.226230   -0.026230 (VIOLATED)
fanout1380/Z                            0.200000    0.225995   -0.025995 (VIOLATED)
fanout1332/Z                            0.200000    0.225832   -0.025832 (VIOLATED)
fanout1678/Z                            0.200000    0.225813   -0.025813 (VIOLATED)
clkbuf_6_28_0_clk/Z                     0.200000    0.225363   -0.025363 (VIOLATED)
clkbuf_6_14_0_clk/Z                     0.200000    0.224886   -0.024886 (VIOLATED)
fanout1090/Z                            0.200000    0.224885   -0.024885 (VIOLATED)
fanout1430/Z                            0.200000    0.224578   -0.024578 (VIOLATED)
fanout282/Z                             0.200000    0.224132   -0.024132 (VIOLATED)
clkbuf_6_26_0_clk/Z                     0.200000    0.223756   -0.023756 (VIOLATED)
fanout1355/Z                            0.200000    0.223548   -0.023548 (VIOLATED)
fanout726/Z                             0.200000    0.223343   -0.023343 (VIOLATED)
fanout872/Z                             0.200000    0.223317   -0.023317 (VIOLATED)
fanout1294/Z                            0.200000    0.223121   -0.023121 (VIOLATED)
fanout207/Z                             0.200000    0.222890   -0.022890 (VIOLATED)
fanout1353/Z                            0.200000    0.222866   -0.022866 (VIOLATED)
clkbuf_6_35_0_clk/Z                     0.200000    0.222576   -0.022576 (VIOLATED)
fanout87/Z                              0.200000    0.222337   -0.022337 (VIOLATED)
fanout837/Z                             0.200000    0.222112   -0.022112 (VIOLATED)
fanout1280/Z                            0.200000    0.222075   -0.022075 (VIOLATED)
fanout109/Z                             0.200000    0.222027   -0.022027 (VIOLATED)
fanout804/Z                             0.200000    0.221974   -0.021974 (VIOLATED)
max_cap1095/Z                           0.200000    0.221765   -0.021765 (VIOLATED)
fanout668/Z                             0.200000    0.221585   -0.021585 (VIOLATED)
fanout1172/Z                            0.200000    0.221386   -0.021386 (VIOLATED)
clkbuf_6_31_0_clk/Z                     0.200000    0.221221   -0.021221 (VIOLATED)
fanout916/Z                             0.200000    0.221185   -0.021185 (VIOLATED)
fanout1137/Z                            0.200000    0.221046   -0.021046 (VIOLATED)
fanout755/Z                             0.200000    0.220453   -0.020453 (VIOLATED)
fanout1067/Z                            0.200000    0.220113   -0.020113 (VIOLATED)
fanout931/Z                             0.200000    0.219964   -0.019964 (VIOLATED)
fanout704/Z                             0.200000    0.219857   -0.019857 (VIOLATED)
fanout1159/Z                            0.200000    0.219118   -0.019118 (VIOLATED)
fanout743/Z                             0.200000    0.219011   -0.019011 (VIOLATED)
clkbuf_6_16_0_clk/Z                     0.200000    0.218928   -0.018928 (VIOLATED)
fanout662/Z                             0.200000    0.218635   -0.018635 (VIOLATED)
_15652_/ZN                              0.200000    0.218514   -0.018514 (VIOLATED)
fanout666/Z                             0.200000    0.218488   -0.018488 (VIOLATED)
fanout1306/Z                            0.200000    0.217942   -0.017942 (VIOLATED)
_15666_/ZN                              0.200000    0.217899   -0.017899 (VIOLATED)
fanout795/Z                             0.200000    0.217815   -0.017815 (VIOLATED)
fanout792/Z                             0.200000    0.217651   -0.017651 (VIOLATED)
clkbuf_6_25_0_clk/Z                     0.200000    0.217562   -0.017562 (VIOLATED)
fanout249/Z                             0.200000    0.217303   -0.017303 (VIOLATED)
_19563_/ZN                              0.200000    0.216917   -0.016917 (VIOLATED)
fanout189/Z                             0.200000    0.216351   -0.016351 (VIOLATED)
fanout93/Z                              0.200000    0.215703   -0.015703 (VIOLATED)
fanout747/Z                             0.200000    0.215677   -0.015677 (VIOLATED)
clkbuf_6_30_0_clk/Z                     0.200000    0.215648   -0.015648 (VIOLATED)
fanout865/Z                             0.200000    0.215444   -0.015444 (VIOLATED)
fanout1342/Z                            0.200000    0.214401   -0.014401 (VIOLATED)
fanout1400/Z                            0.200000    0.214376   -0.014376 (VIOLATED)
fanout244/Z                             0.200000    0.214264   -0.014264 (VIOLATED)
fanout771/Z                             0.200000    0.214210   -0.014210 (VIOLATED)
fanout540/Z                             0.200000    0.214195   -0.014195 (VIOLATED)
fanout1113/Z                            0.200000    0.213567   -0.013567 (VIOLATED)
fanout1662/Z                            0.200000    0.213494   -0.013494 (VIOLATED)
clkbuf_6_13_0_clk/Z                     0.200000    0.213364   -0.013364 (VIOLATED)
fanout1358/Z                            0.200000    0.213213   -0.013213 (VIOLATED)
fanout976/Z                             0.200000    0.212989   -0.012989 (VIOLATED)
fanout843/Z                             0.200000    0.212934   -0.012934 (VIOLATED)
fanout1742/Z                            0.200000    0.212708   -0.012708 (VIOLATED)
clkbuf_6_34_0_clk/Z                     0.200000    0.212260   -0.012260 (VIOLATED)
fanout874/Z                             0.200000    0.212249   -0.012249 (VIOLATED)
clkbuf_6_4_0_clk/Z                      0.200000    0.211718   -0.011718 (VIOLATED)
max_cap1349/Z                           0.200000    0.211616   -0.011616 (VIOLATED)
clkbuf_6_7_0_clk/Z                      0.200000    0.211594   -0.011594 (VIOLATED)
_14514_/ZN                              0.200000    0.211571   -0.011571 (VIOLATED)
fanout1549/Z                            0.200000    0.211489   -0.011489 (VIOLATED)
fanout187/Z                             0.200000    0.211104   -0.011104 (VIOLATED)
fanout186/Z                             0.200000    0.210689   -0.010689 (VIOLATED)
fanout1225/Z                            0.200000    0.210602   -0.010602 (VIOLATED)
clkbuf_6_9_0_clk/Z                      0.200000    0.210256   -0.010256 (VIOLATED)
fanout592/Z                             0.200000    0.209855   -0.009855 (VIOLATED)
fanout253/Z                             0.200000    0.209743   -0.009743 (VIOLATED)
fanout553/Z                             0.200000    0.209706   -0.009706 (VIOLATED)
fanout154/Z                             0.200000    0.209625   -0.009625 (VIOLATED)
fanout1089/Z                            0.200000    0.209210   -0.009210 (VIOLATED)
fanout1543/Z                            0.200000    0.209100   -0.009100 (VIOLATED)
fanout1222/Z                            0.200000    0.209024   -0.009024 (VIOLATED)
fanout241/Z                             0.200000    0.208874   -0.008874 (VIOLATED)
fanout902/Z                             0.200000    0.208775   -0.008775 (VIOLATED)
_15693_/ZN                              0.200000    0.208768   -0.008768 (VIOLATED)
fanout587/Z                             0.200000    0.208726   -0.008726 (VIOLATED)
fanout1425/Z                            0.200000    0.208726   -0.008726 (VIOLATED)
max_cap1748/Z                           0.200000    0.208351   -0.008351 (VIOLATED)
_15687_/ZN                              0.200000    0.208277   -0.008277 (VIOLATED)
fanout1559/Z                            0.200000    0.208273   -0.008273 (VIOLATED)
fanout1554/Z                            0.200000    0.208222   -0.008222 (VIOLATED)
fanout1199/Z                            0.200000    0.207937   -0.007937 (VIOLATED)
_21300_/ZN                              0.200000    0.207761   -0.007761 (VIOLATED)
fanout952/Z                             0.200000    0.207546   -0.007546 (VIOLATED)
fanout1575/Z                            0.200000    0.207174   -0.007174 (VIOLATED)
fanout1166/Z                            0.200000    0.206973   -0.006973 (VIOLATED)
fanout650/Z                             0.200000    0.206882   -0.006882 (VIOLATED)
fanout1096/Z                            0.200000    0.206752   -0.006752 (VIOLATED)
fanout716/Z                             0.200000    0.206583   -0.006583 (VIOLATED)
fanout125/Z                             0.200000    0.206394   -0.006394 (VIOLATED)
clkbuf_6_12_0_clk/Z                     0.200000    0.206388   -0.006388 (VIOLATED)
fanout1314/Z                            0.200000    0.206371   -0.006371 (VIOLATED)
fanout120/Z                             0.200000    0.206254   -0.006254 (VIOLATED)
fanout862/Z                             0.200000    0.206248   -0.006248 (VIOLATED)
clkbuf_6_19_0_clk/Z                     0.200000    0.206070   -0.006070 (VIOLATED)
fanout1262/Z                            0.200000    0.206042   -0.006042 (VIOLATED)
_15659_/ZN                              0.200000    0.205931   -0.005931 (VIOLATED)
fanout1551/Z                            0.200000    0.205626   -0.005626 (VIOLATED)
fanout146/Z                             0.200000    0.205516   -0.005516 (VIOLATED)
fanout811/Z                             0.200000    0.205353   -0.005353 (VIOLATED)
fanout150/Z                             0.200000    0.205296   -0.005296 (VIOLATED)
fanout1206/Z                            0.200000    0.205266   -0.005266 (VIOLATED)
fanout205/Z                             0.200000    0.205264   -0.005264 (VIOLATED)
_12387_/ZN                              0.200000    0.204980   -0.004980 (VIOLATED)
fanout634/Z                             0.200000    0.204798   -0.004798 (VIOLATED)
_15692_/ZN                              0.200000    0.204777   -0.004777 (VIOLATED)
fanout302/Z                             0.200000    0.204732   -0.004732 (VIOLATED)
fanout1329/Z                            0.200000    0.204634   -0.004634 (VIOLATED)
fanout602/Z                             0.200000    0.204523   -0.004523 (VIOLATED)
fanout218/Z                             0.200000    0.204412   -0.004412 (VIOLATED)
max_cap1366/Z                           0.200000    0.204317   -0.004317 (VIOLATED)
_16818_/ZN                              0.200000    0.203802   -0.003802 (VIOLATED)
fanout122/Z                             0.200000    0.203785   -0.003785 (VIOLATED)
fanout242/Z                             0.200000    0.203643   -0.003643 (VIOLATED)
fanout642/Z                             0.200000    0.203552   -0.003552 (VIOLATED)
fanout868/Z                             0.200000    0.203462   -0.003462 (VIOLATED)
fanout102/Z                             0.200000    0.203393   -0.003393 (VIOLATED)
fanout847/Z                             0.200000    0.203380   -0.003380 (VIOLATED)
fanout1322/Z                            0.200000    0.203242   -0.003242 (VIOLATED)
clkbuf_6_11_0_clk/Z                     0.200000    0.202966   -0.002966 (VIOLATED)
clkbuf_6_5_0_clk/Z                      0.200000    0.202865   -0.002865 (VIOLATED)
clkbuf_6_6_0_clk/Z                      0.200000    0.202760   -0.002760 (VIOLATED)
fanout301/Z                             0.200000    0.202624   -0.002624 (VIOLATED)
fanout1520/Z                            0.200000    0.202598   -0.002598 (VIOLATED)
clkbuf_6_24_0_clk/Z                     0.200000    0.202594   -0.002594 (VIOLATED)
fanout1435/Z                            0.200000    0.202425   -0.002425 (VIOLATED)
fanout574/Z                             0.200000    0.202301   -0.002301 (VIOLATED)
_18778_/ZN                              0.200000    0.202251   -0.002251 (VIOLATED)
_15705_/ZN                              0.200000    0.202239   -0.002239 (VIOLATED)
fanout299/Z                             0.200000    0.202196   -0.002196 (VIOLATED)
fanout707/Z                             0.200000    0.202155   -0.002155 (VIOLATED)
fanout541/Z                             0.200000    0.201785   -0.001785 (VIOLATED)
fanout713/Z                             0.200000    0.201650   -0.001650 (VIOLATED)
fanout720/Z                             0.200000    0.201227   -0.001227 (VIOLATED)
fanout1125/Z                            0.200000    0.201033   -0.001033 (VIOLATED)
fanout1580/Z                            0.200000    0.201026   -0.001026 (VIOLATED)
fanout235/Z                             0.200000    0.201023   -0.001023 (VIOLATED)
fanout1570/Z                            0.200000    0.200833   -0.000833 (VIOLATED)
fanout962/Z                             0.200000    0.200598   -0.000598 (VIOLATED)
fanout654/Z                             0.200000    0.200527   -0.000527 (VIOLATED)
fanout208/Z                             0.200000    0.200511   -0.000511 (VIOLATED)
_12638_/ZN                              0.200000    0.200458   -0.000458 (VIOLATED)
fanout1117/Z                            0.200000    0.200310   -0.000310 (VIOLATED)
fanout882/Z                             0.200000    0.200122   -0.000122 (VIOLATED)
_16452_/ZN                              0.200000    0.200007   -0.000007 (VIOLATED)



===========================================================================
report_parasitic_annotation -report_unannotated
============================================================================
Found 609 unannotated drivers.
 _27612_/Z
 clkload0/ZN
 clkload1/ZN
 clkload10/ZN
 clkload100/Z
 clkload101/ZN
 clkload102/ZN
 clkload103/ZN
 clkload104/ZN
 clkload105/ZN
 clkload106/ZN
 clkload107/ZN
 clkload108/ZN
 clkload109/ZN
 clkload11/ZN
 clkload110/ZN
 clkload111/ZN
 clkload112/ZN
 clkload113/ZN
 clkload114/ZN
 clkload115/Z
 clkload116/Z
 clkload117/Z
 clkload118/Z
 clkload119/Z
 clkload12/ZN
 clkload120/Z
 clkload121/Z
 clkload122/Z
 clkload123/ZN
 clkload124/ZN
 clkload125/ZN
 clkload126/ZN
 clkload127/ZN
 clkload128/ZN
 clkload129/ZN
 clkload13/ZN
 clkload130/Z
 clkload131/Z
 clkload132/Z
 clkload133/Z
 clkload134/Z
 clkload135/Z
 clkload136/Z
 clkload137/Z
 clkload138/Z
 clkload139/Z
 clkload14/ZN
 clkload140/ZN
 clkload141/ZN
 clkload142/ZN
 clkload143/Z
 clkload144/ZN
 clkload145/Z
 clkload146/ZN
 clkload147/ZN
 clkload148/Z
 clkload149/ZN
 clkload15/ZN
 clkload150/ZN
 clkload151/ZN
 clkload152/ZN
 clkload153/ZN
 clkload154/ZN
 clkload155/ZN
 clkload156/Z
 clkload157/ZN
 clkload158/ZN
 clkload159/ZN
 clkload16/ZN
 clkload160/ZN
 clkload161/Z
 clkload162/Z
 clkload163/Z
 clkload164/Z
 clkload165/ZN
 clkload166/ZN
 clkload167/Z
 clkload168/ZN
 clkload169/ZN
 clkload17/ZN
 clkload170/ZN
 clkload171/ZN
 clkload172/ZN
 clkload173/Z
 clkload174/ZN
 clkload175/ZN
 clkload176/ZN
 clkload177/Z
 clkload178/ZN
 clkload179/Z
 clkload18/ZN
 clkload180/ZN
 clkload181/ZN
 clkload182/ZN
 clkload183/Z
 clkload184/Z
 clkload185/Z
 clkload186/Z
 clkload187/Z
 clkload188/Z
 clkload189/ZN
 clkload19/ZN
 clkload190/ZN
 clkload191/ZN
 clkload192/Z
 clkload193/ZN
 clkload194/ZN
 clkload195/ZN
 clkload196/Z
 clkload197/Z
 clkload198/Z
 clkload199/Z
 clkload2/ZN
 clkload20/ZN
 clkload200/Z
 clkload201/ZN
 clkload202/Z
 clkload203/Z
 clkload204/Z
 clkload205/ZN
 clkload206/Z
 clkload207/ZN
 clkload208/ZN
 clkload209/Z
 clkload21/ZN
 clkload210/ZN
 clkload211/ZN
 clkload212/ZN
 clkload213/ZN
 clkload214/ZN
 clkload215/Z
 clkload216/Z
 clkload217/ZN
 clkload218/ZN
 clkload219/Z
 clkload22/ZN
 clkload220/Z
 clkload221/ZN
 clkload222/ZN
 clkload223/ZN
 clkload224/ZN
 clkload225/Z
 clkload226/ZN
 clkload227/Z
 clkload228/ZN
 clkload229/ZN
 clkload23/ZN
 clkload230/Z
 clkload231/Z
 clkload232/ZN
 clkload233/ZN
 clkload234/ZN
 clkload235/ZN
 clkload236/Z
 clkload237/ZN
 clkload238/ZN
 clkload239/ZN
 clkload24/ZN
 clkload240/ZN
 clkload241/ZN
 clkload242/Z
 clkload243/Z
 clkload244/Z
 clkload245/ZN
 clkload246/ZN
 clkload247/ZN
 clkload248/ZN
 clkload249/ZN
 clkload25/ZN
 clkload250/Z
 clkload251/ZN
 clkload252/Z
 clkload253/ZN
 clkload254/ZN
 clkload255/Z
 clkload256/Z
 clkload257/Z
 clkload258/Z
 clkload259/ZN
 clkload26/Z
 clkload260/Z
 clkload261/ZN
 clkload262/ZN
 clkload263/Z
 clkload264/ZN
 clkload265/Z
 clkload266/Z
 clkload267/Z
 clkload268/ZN
 clkload269/ZN
 clkload27/ZN
 clkload270/Z
 clkload271/Z
 clkload272/ZN
 clkload273/ZN
 clkload274/ZN
 clkload275/ZN
 clkload276/ZN
 clkload277/ZN
 clkload278/ZN
 clkload279/ZN
 clkload28/ZN
 clkload280/ZN
 clkload281/Z
 clkload282/ZN
 clkload283/ZN
 clkload284/Z
 clkload285/ZN
 clkload286/ZN
 clkload287/ZN
 clkload288/ZN
 clkload289/Z
 clkload29/ZN
 clkload290/Z
 clkload291/ZN
 clkload292/Z
 clkload293/Z
 clkload294/Z
 clkload295/Z
 clkload296/Z
 clkload297/ZN
 clkload298/Z
 clkload299/Z
 clkload3/ZN
 clkload30/ZN
 clkload300/Z
 clkload301/ZN
 clkload302/Z
 clkload303/Z
 clkload304/Z
 clkload305/Z
 clkload306/Z
 clkload307/Z
 clkload308/Z
 clkload309/ZN
 clkload31/ZN
 clkload310/ZN
 clkload311/ZN
 clkload312/Z
 clkload313/Z
 clkload314/Z
 clkload315/ZN
 clkload316/Z
 clkload317/ZN
 clkload318/ZN
 clkload319/ZN
 clkload32/ZN
 clkload320/Z
 clkload321/Z
 clkload322/Z
 clkload323/Z
 clkload324/ZN
 clkload325/Z
 clkload326/Z
 clkload327/Z
 clkload328/Z
 clkload329/Z
 clkload33/ZN
 clkload330/Z
 clkload331/ZN
 clkload332/Z
 clkload333/Z
 clkload334/Z
 clkload335/Z
 clkload336/ZN
 clkload337/ZN
 clkload338/ZN
 clkload339/Z
 clkload34/ZN
 clkload340/Z
 clkload341/ZN
 clkload342/Z
 clkload343/ZN
 clkload344/Z
 clkload345/Z
 clkload346/Z
 clkload347/Z
 clkload348/ZN
 clkload349/ZN
 clkload35/ZN
 clkload350/ZN
 clkload351/ZN
 clkload352/Z
 clkload353/ZN
 clkload354/Z
 clkload355/Z
 clkload356/Z
 clkload357/Z
 clkload358/ZN
 clkload359/Z
 clkload36/ZN
 clkload360/Z
 clkload361/ZN
 clkload362/Z
 clkload363/ZN
 clkload364/Z
 clkload365/Z
 clkload366/Z
 clkload367/Z
 clkload368/ZN
 clkload369/Z
 clkload37/ZN
 clkload370/ZN
 clkload371/ZN
 clkload372/ZN
 clkload373/ZN
 clkload374/ZN
 clkload375/ZN
 clkload376/Z
 clkload377/ZN
 clkload378/Z
 clkload379/ZN
 clkload38/ZN
 clkload380/ZN
 clkload381/ZN
 clkload382/ZN
 clkload383/ZN
 clkload384/ZN
 clkload385/Z
 clkload386/ZN
 clkload387/Z
 clkload388/ZN
 clkload389/ZN
 clkload39/ZN
 clkload390/Z
 clkload391/Z
 clkload392/ZN
 clkload393/ZN
 clkload394/ZN
 clkload395/ZN
 clkload396/ZN
 clkload397/Z
 clkload398/Z
 clkload399/Z
 clkload4/ZN
 clkload40/ZN
 clkload400/Z
 clkload401/Z
 clkload402/ZN
 clkload403/ZN
 clkload404/ZN
 clkload405/Z
 clkload406/ZN
 clkload407/Z
 clkload408/Z
 clkload409/ZN
 clkload41/ZN
 clkload410/Z
 clkload411/Z
 clkload412/ZN
 clkload413/Z
 clkload414/ZN
 clkload415/ZN
 clkload416/Z
 clkload417/ZN
 clkload418/ZN
 clkload419/ZN
 clkload42/ZN
 clkload420/ZN
 clkload421/ZN
 clkload422/ZN
 clkload423/ZN
 clkload424/Z
 clkload425/ZN
 clkload426/ZN
 clkload427/ZN
 clkload428/ZN
 clkload429/ZN
 clkload43/ZN
 clkload430/Z
 clkload431/Z
 clkload432/Z
 clkload433/ZN
 clkload434/ZN
 clkload435/ZN
 clkload436/ZN
 clkload437/ZN
 clkload438/ZN
 clkload439/ZN
 clkload44/Z
 clkload440/ZN
 clkload441/ZN
 clkload442/ZN
 clkload443/Z
 clkload444/ZN
 clkload445/Z
 clkload446/Z
 clkload447/ZN
 clkload448/Z
 clkload449/Z
 clkload45/ZN
 clkload450/ZN
 clkload451/Z
 clkload452/Z
 clkload453/Z
 clkload454/Z
 clkload455/Z
 clkload456/Z
 clkload457/ZN
 clkload458/Z
 clkload459/Z
 clkload46/ZN
 clkload460/Z
 clkload461/Z
 clkload462/ZN
 clkload463/ZN
 clkload464/ZN
 clkload465/Z
 clkload466/Z
 clkload467/Z
 clkload468/Z
 clkload469/Z
 clkload47/Z
 clkload470/ZN
 clkload471/Z
 clkload472/Z
 clkload473/ZN
 clkload474/Z
 clkload475/Z
 clkload476/ZN
 clkload477/ZN
 clkload478/ZN
 clkload479/Z
 clkload48/ZN
 clkload480/ZN
 clkload481/ZN
 clkload482/Z
 clkload483/ZN
 clkload484/ZN
 clkload485/ZN
 clkload486/ZN
 clkload487/ZN
 clkload488/ZN
 clkload489/Z
 clkload49/ZN
 clkload490/Z
 clkload491/Z
 clkload492/ZN
 clkload493/ZN
 clkload494/Z
 clkload495/Z
 clkload496/Z
 clkload497/ZN
 clkload498/Z
 clkload499/ZN
 clkload5/ZN
 clkload50/ZN
 clkload500/Z
 clkload501/Z
 clkload502/ZN
 clkload503/Z
 clkload504/ZN
 clkload505/Z
 clkload506/ZN
 clkload507/Z
 clkload508/ZN
 clkload509/Z
 clkload51/ZN
 clkload510/Z
 clkload511/ZN
 clkload512/Z
 clkload513/ZN
 clkload514/Z
 clkload515/Z
 clkload516/ZN
 clkload517/Z
 clkload518/ZN
 clkload519/Z
 clkload52/ZN
 clkload520/Z
 clkload521/Z
 clkload522/Z
 clkload523/Z
 clkload524/ZN
 clkload525/Z
 clkload526/ZN
 clkload527/ZN
 clkload528/ZN
 clkload529/Z
 clkload53/ZN
 clkload530/Z
 clkload531/ZN
 clkload532/Z
 clkload533/Z
 clkload534/Z
 clkload535/Z
 clkload536/Z
 clkload537/Z
 clkload538/ZN
 clkload539/Z
 clkload54/ZN
 clkload540/ZN
 clkload541/ZN
 clkload542/ZN
 clkload543/Z
 clkload544/Z
 clkload545/ZN
 clkload546/Z
 clkload547/ZN
 clkload548/ZN
 clkload549/Z
 clkload55/ZN
 clkload550/ZN
 clkload551/ZN
 clkload552/ZN
 clkload553/Z
 clkload554/ZN
 clkload555/Z
 clkload556/Z
 clkload557/Z
 clkload558/Z
 clkload559/Z
 clkload56/ZN
 clkload560/Z
 clkload561/Z
 clkload562/Z
 clkload563/ZN
 clkload564/ZN
 clkload565/ZN
 clkload566/ZN
 clkload567/ZN
 clkload568/Z
 clkload569/ZN
 clkload57/ZN
 clkload570/ZN
 clkload571/Z
 clkload572/Z
 clkload573/Z
 clkload574/ZN
 clkload575/Z
 clkload576/ZN
 clkload577/ZN
 clkload578/ZN
 clkload579/Z
 clkload58/ZN
 clkload580/ZN
 clkload581/ZN
 clkload582/Z
 clkload583/Z
 clkload584/ZN
 clkload585/ZN
 clkload586/ZN
 clkload587/ZN
 clkload588/ZN
 clkload589/ZN
 clkload59/Z
 clkload590/ZN
 clkload591/ZN
 clkload592/ZN
 clkload593/Z
 clkload594/ZN
 clkload595/Z
 clkload596/ZN
 clkload597/ZN
 clkload598/Z
 clkload599/ZN
 clkload6/ZN
 clkload60/ZN
 clkload600/ZN
 clkload601/ZN
 clkload602/Z
 clkload603/ZN
 clkload604/ZN
 clkload605/ZN
 clkload606/ZN
 clkload607/Z
 clkload61/ZN
 clkload62/ZN
 clkload63/ZN
 clkload64/ZN
 clkload65/Z
 clkload66/Z
 clkload67/Z
 clkload68/ZN
 clkload69/ZN
 clkload7/ZN
 clkload70/Z
 clkload71/ZN
 clkload72/Z
 clkload73/Z
 clkload74/ZN
 clkload75/ZN
 clkload76/Z
 clkload77/Z
 clkload78/Z
 clkload79/Z
 clkload8/ZN
 clkload80/Z
 clkload81/ZN
 clkload82/ZN
 clkload83/ZN
 clkload84/ZN
 clkload85/Z
 clkload86/ZN
 clkload87/Z
 clkload88/ZN
 clkload89/ZN
 clkload9/ZN
 clkload90/ZN
 clkload91/ZN
 clkload92/ZN
 clkload93/Z
 clkload94/Z
 clkload95/ZN
 clkload96/ZN
 clkload97/ZN
 clkload98/ZN
 clkload99/Z
Found 0 partially unannotated drivers.

===========================================================================
max slew violation count 63
max fanout violation count 40
max cap violation count 543
============================================================================

===========================================================================
check_setup -verbose -unconstrained_endpoints -multiple_clock -no_clock -no_input_delay -loops -generated_clocks
===========================================================================
Warning: There are 18 unconstrained endpoints.
  clk_PD
  clk_PU
  cs_n_PD
  cs_n_PU
  miso_CS
  miso_IE
  miso_OE
  miso_PD
  miso_PDRV0
  miso_PDRV1
  miso_PU
  miso_SL
  mosi_PD
  mosi_PU
  rst_PD
  rst_PU
  sclk_PD
  sclk_PU
