
===========================================================================
report_checks -unconstrained
===========================================================================
======================= nom_tt_025C_5v00 Corner ===================================

Startpoint: rst (input port clocked by clk)
Endpoint: _25162_ (recovery check against rising-edge clock clk)
Path Group: asynchronous
Path Type: max

Fanout         Cap        Slew       Delay        Time   Description
---------------------------------------------------------------------------------------------
                                  0.000000    0.000000   clock clk (rise edge)
                                  0.000000    0.000000   clock network delay (propagated)
                                  4.000000    4.000000 v input external delay
     1    0.004119    0.068512    0.025239    4.025239 v rst (in)
                                                         rst (net)
                      0.068512    0.000000    4.025239 v input3/I (gf180mcu_fd_sc_mcu7t5v0__clkbuf_1)
     1    0.008705    0.178677    0.233854    4.259093 v input3/Z (gf180mcu_fd_sc_mcu7t5v0__clkbuf_1)
                                                         net3 (net)
                      0.178677    0.000103    4.259196 v fanout1875/I (gf180mcu_fd_sc_mcu7t5v0__clkbuf_4)
     6    0.086720    0.388677    0.459075    4.718271 v fanout1875/Z (gf180mcu_fd_sc_mcu7t5v0__clkbuf_4)
                                                         net1875 (net)
                      0.388781    0.003547    4.721818 v fanout1820/I (gf180mcu_fd_sc_mcu7t5v0__buf_2)
     5    0.049647    0.274945    0.430884    5.152702 v fanout1820/Z (gf180mcu_fd_sc_mcu7t5v0__buf_2)
                                                         net1820 (net)
                      0.274954    0.000851    5.153553 v fanout1819/I (gf180mcu_fd_sc_mcu7t5v0__buf_2)
     5    0.051756    0.282815    0.404141    5.557694 v fanout1819/Z (gf180mcu_fd_sc_mcu7t5v0__buf_2)
                                                         net1819 (net)
                      0.282815    0.000269    5.557963 v fanout1814/I (gf180mcu_fd_sc_mcu7t5v0__clkbuf_3)
    10    0.063259    0.300793    0.432908    5.990872 v fanout1814/Z (gf180mcu_fd_sc_mcu7t5v0__clkbuf_3)
                                                         net1814 (net)
                      0.300793    0.000060    5.990932 v fanout1813/I (gf180mcu_fd_sc_mcu7t5v0__clkbuf_3)
    10    0.062496    0.298128    0.436245    6.427177 v fanout1813/Z (gf180mcu_fd_sc_mcu7t5v0__clkbuf_3)
                                                         net1813 (net)
                      0.298128    0.000116    6.427294 v fanout1812/I (gf180mcu_fd_sc_mcu7t5v0__buf_2)
    10    0.053370    0.290224    0.416274    6.843568 v fanout1812/Z (gf180mcu_fd_sc_mcu7t5v0__buf_2)
                                                         net1812 (net)
                      0.290224    0.000179    6.843747 v _24404_/I (gf180mcu_fd_sc_mcu7t5v0__clkinv_1)
     1    0.007930    0.208992    0.182819    7.026566 ^ _24404_/ZN (gf180mcu_fd_sc_mcu7t5v0__clkinv_1)
                                                         _00445_ (net)
                      0.208992    0.000023    7.026588 ^ _25162_/RN (gf180mcu_fd_sc_mcu7t5v0__dffrnq_1)
                                              7.026588   data arrival time

                                 20.000000   20.000000   clock clk (rise edge)
                                  0.000000   20.000000   clock source latency
     1    0.085276    0.371419    0.211827   20.211828 ^ clk (in)
                                                         clk (net)
                      0.373106    0.000000   20.211828 ^ clkbuf_0_clk/I (gf180mcu_fd_sc_mcu7t5v0__clkbuf_16)
     4    0.118007    0.176033    0.345079   20.556906 ^ clkbuf_0_clk/Z (gf180mcu_fd_sc_mcu7t5v0__clkbuf_16)
                                                         clknet_0_clk (net)
                      0.176082    0.004651   20.561556 ^ clkbuf_2_0_0_clk/I (gf180mcu_fd_sc_mcu7t5v0__clkbuf_8)
    16    0.268246    0.572053    0.538419   21.099976 ^ clkbuf_2_0_0_clk/Z (gf180mcu_fd_sc_mcu7t5v0__clkbuf_8)
                                                         clknet_2_0_0_clk (net)
                      0.572317    0.006825   21.106800 ^ clkbuf_6_10_0_clk/I (gf180mcu_fd_sc_mcu7t5v0__clkbuf_8)
    12    0.157797    0.360091    0.487947   21.594748 ^ clkbuf_6_10_0_clk/Z (gf180mcu_fd_sc_mcu7t5v0__clkbuf_8)
                                                         clknet_6_10_0_clk (net)
                      0.360094    0.001359   21.596107 ^ _25162_/CLK (gf180mcu_fd_sc_mcu7t5v0__dffrnq_1)
                                 -0.250000   21.346107   clock uncertainty
                                  0.000000   21.346107   clock reconvergence pessimism
                                  0.261490   21.607597   library recovery time
                                             21.607597   data required time
---------------------------------------------------------------------------------------------
                                             21.607597   data required time
                                             -7.026588   data arrival time
---------------------------------------------------------------------------------------------
                                             14.581010   slack (MET)


Startpoint: _25075_ (rising edge-triggered flip-flop clocked by clk)
Endpoint: _24857_ (rising edge-triggered flip-flop clocked by clk)
Path Group: clk
Path Type: max

Fanout         Cap        Slew       Delay        Time   Description
---------------------------------------------------------------------------------------------
                                  0.000000    0.000000   clock clk (rise edge)
                                  0.000000    0.000000   clock source latency
     1    0.085276    0.371419    0.211827    0.211827 ^ clk (in)
                                                         clk (net)
                      0.373106    0.000000    0.211827 ^ clkbuf_0_clk/I (gf180mcu_fd_sc_mcu7t5v0__clkbuf_16)
     4    0.118007    0.176033    0.345078    0.556905 ^ clkbuf_0_clk/Z (gf180mcu_fd_sc_mcu7t5v0__clkbuf_16)
                                                         clknet_0_clk (net)
                      0.176057    0.003390    0.560296 ^ clkbuf_2_1_0_clk/I (gf180mcu_fd_sc_mcu7t5v0__clkbuf_8)
    16    0.254612    0.545781    0.523554    1.083849 ^ clkbuf_2_1_0_clk/Z (gf180mcu_fd_sc_mcu7t5v0__clkbuf_8)
                                                         clknet_2_1_0_clk (net)
                      0.545819    0.002473    1.086322 ^ clkbuf_6_19_0_clk/I (gf180mcu_fd_sc_mcu7t5v0__clkbuf_8)
    10    0.165420    0.374815    0.492530    1.578852 ^ clkbuf_6_19_0_clk/Z (gf180mcu_fd_sc_mcu7t5v0__clkbuf_8)
                                                         clknet_6_19_0_clk (net)
                      0.374815    0.000123    1.578974 ^ clkbuf_leaf_48_clk/I (gf180mcu_fd_sc_mcu7t5v0__clkbuf_8)
     5    0.022990    0.113864    0.291494    1.870468 ^ clkbuf_leaf_48_clk/Z (gf180mcu_fd_sc_mcu7t5v0__clkbuf_8)
                                                         clknet_leaf_48_clk (net)
                      0.113864    0.000067    1.870535 ^ _25075_/CLK (gf180mcu_fd_sc_mcu7t5v0__dffrnq_1)
     1    0.011184    0.167611    0.735250    2.605785 v _25075_/Q (gf180mcu_fd_sc_mcu7t5v0__dffrnq_1)
                                                         pp_inst.core_inst.reg_fsm_i.data_q[1] (net)
                      0.167611    0.000081    2.605867 v fanout1750/I (gf180mcu_fd_sc_mcu7t5v0__buf_4)
     9    0.172312    0.436424    0.457369    3.063236 v fanout1750/Z (gf180mcu_fd_sc_mcu7t5v0__buf_4)
                                                         net1750 (net)
                      0.436429    0.000805    3.064041 v max_cap1746/I (gf180mcu_fd_sc_mcu7t5v0__buf_8)
     6    0.094471    0.161980    0.348760    3.412801 v max_cap1746/Z (gf180mcu_fd_sc_mcu7t5v0__buf_8)
                                                         net1746 (net)
                      0.161986    0.001773    3.414574 v fanout1744/I (gf180mcu_fd_sc_mcu7t5v0__buf_8)
    10    0.154110    0.219490    0.317159    3.731733 v fanout1744/Z (gf180mcu_fd_sc_mcu7t5v0__buf_8)
                                                         net1744 (net)
                      0.219574    0.002312    3.734045 v _13268_/A1 (gf180mcu_fd_sc_mcu7t5v0__or3_4)
     4    0.062442    0.283415    0.538851    4.272896 v _13268_/Z (gf180mcu_fd_sc_mcu7t5v0__or3_4)
                                                         _09884_ (net)
                      0.283415    0.000243    4.273139 v _13281_/A1 (gf180mcu_fd_sc_mcu7t5v0__oai21_4)
     3    0.037350    0.476909    0.346030    4.619170 ^ _13281_/ZN (gf180mcu_fd_sc_mcu7t5v0__oai21_4)
                                                         _09897_ (net)
                      0.476909    0.000206    4.619375 ^ fanout1550/I (gf180mcu_fd_sc_mcu7t5v0__buf_4)
     6    0.085262    0.376970    0.376417    4.995792 ^ fanout1550/Z (gf180mcu_fd_sc_mcu7t5v0__buf_4)
                                                         net1550 (net)
                      0.376970    0.000209    4.996001 ^ fanout1549/I (gf180mcu_fd_sc_mcu7t5v0__buf_8)
    10    0.119704    0.279165    0.314340    5.310341 ^ fanout1549/Z (gf180mcu_fd_sc_mcu7t5v0__buf_8)
                                                         net1549 (net)
                      0.279165    0.000273    5.310614 ^ _13290_/A1 (gf180mcu_fd_sc_mcu7t5v0__nand2_2)
     3    0.047186    0.433906    0.297989    5.608602 v _13290_/ZN (gf180mcu_fd_sc_mcu7t5v0__nand2_2)
                                                         _09906_ (net)
                      0.433906    0.000552    5.609154 v fanout1416/I (gf180mcu_fd_sc_mcu7t5v0__buf_4)
     7    0.080169    0.228830    0.398869    6.008023 v fanout1416/Z (gf180mcu_fd_sc_mcu7t5v0__buf_4)
                                                         net1416 (net)
                      0.228830    0.000018    6.008040 v fanout1415/I (gf180mcu_fd_sc_mcu7t5v0__buf_4)
    10    0.098249    0.266944    0.367275    6.375315 v fanout1415/Z (gf180mcu_fd_sc_mcu7t5v0__buf_4)
                                                         net1415 (net)
                      0.267023    0.002578    6.377893 v _13292_/A2 (gf180mcu_fd_sc_mcu7t5v0__nor2_2)
     3    0.023982    0.467649    0.333190    6.711084 ^ _13292_/ZN (gf180mcu_fd_sc_mcu7t5v0__nor2_2)
                                                         _09908_ (net)
                      0.467649    0.000020    6.711103 ^ _13307_/A2 (gf180mcu_fd_sc_mcu7t5v0__nand2_2)
     2    0.043284    0.386995    0.284297    6.995400 v _13307_/ZN (gf180mcu_fd_sc_mcu7t5v0__nand2_2)
                                                         _09923_ (net)
                      0.387000    0.002048    6.997447 v fanout967/I (gf180mcu_fd_sc_mcu7t5v0__buf_8)
    10    0.146258    0.214014    0.376316    7.373764 v fanout967/Z (gf180mcu_fd_sc_mcu7t5v0__buf_8)
                                                         net967 (net)
                      0.214014    0.000020    7.373784 v fanout965/I (gf180mcu_fd_sc_mcu7t5v0__buf_2)
     2    0.030099    0.193961    0.318353    7.692137 v fanout965/Z (gf180mcu_fd_sc_mcu7t5v0__buf_2)
                                                         net965 (net)
                      0.193961    0.000024    7.692161 v max_cap966/I (gf180mcu_fd_sc_mcu7t5v0__clkbuf_8)
     9    0.141838    0.341473    0.432919    8.125079 v max_cap966/Z (gf180mcu_fd_sc_mcu7t5v0__clkbuf_8)
                                                         net966 (net)
                      0.341629    0.003932    8.129011 v _14397_/A1 (gf180mcu_fd_sc_mcu7t5v0__oai221_4)
     6    0.079731    1.190847    0.602605    8.731617 ^ _14397_/ZN (gf180mcu_fd_sc_mcu7t5v0__oai221_4)
                                                         _10987_ (net)
                      1.190859    0.006797    8.738414 ^ _14399_/A2 (gf180mcu_fd_sc_mcu7t5v0__xor2_2)
     2    0.031465    0.259382    0.673041    9.411455 v _14399_/Z (gf180mcu_fd_sc_mcu7t5v0__xor2_2)
                                                         _10989_ (net)
                      0.259382    0.000076    9.411531 v _14400_/A2 (gf180mcu_fd_sc_mcu7t5v0__aoi21_4)
     2    0.036250    0.495206    0.334667    9.746198 ^ _14400_/ZN (gf180mcu_fd_sc_mcu7t5v0__aoi21_4)
                                                         _10990_ (net)
                      0.495206    0.000077    9.746275 ^ _16909_/B1 (gf180mcu_fd_sc_mcu7t5v0__aoi22_4)
     6    0.061929    0.668522    0.325986   10.072262 v _16909_/ZN (gf180mcu_fd_sc_mcu7t5v0__aoi22_4)
                                                         _04312_ (net)
                      0.668529    0.003987   10.076248 v fanout377/I (gf180mcu_fd_sc_mcu7t5v0__buf_4)
    10    0.060104    0.193434    0.427963   10.504211 v fanout377/Z (gf180mcu_fd_sc_mcu7t5v0__buf_4)
                                                         net377 (net)
                      0.193439    0.000631   10.504843 v fanout376/I (gf180mcu_fd_sc_mcu7t5v0__buf_2)
    10    0.060280    0.320529    0.405061   10.909904 v fanout376/Z (gf180mcu_fd_sc_mcu7t5v0__buf_2)
                                                         net376 (net)
                      0.320529    0.000201   10.910104 v fanout375/I (gf180mcu_fd_sc_mcu7t5v0__buf_2)
    10    0.058265    0.312291    0.438129   11.348233 v fanout375/Z (gf180mcu_fd_sc_mcu7t5v0__buf_2)
                                                         net375 (net)
                      0.312292    0.000376   11.348609 v _16953_/A2 (gf180mcu_fd_sc_mcu7t5v0__oai21_1)
     2    0.011724    0.495759    0.363014   11.711622 ^ _16953_/ZN (gf180mcu_fd_sc_mcu7t5v0__oai21_1)
                                                         _04356_ (net)
                      0.495759    0.000101   11.711723 ^ _17305_/A1 (gf180mcu_fd_sc_mcu7t5v0__nand2_1)
     1    0.004830    0.207266    0.140055   11.851779 v _17305_/ZN (gf180mcu_fd_sc_mcu7t5v0__nand2_1)
                                                         _04655_ (net)
                      0.207266    0.000004   11.851782 v _17309_/C (gf180mcu_fd_sc_mcu7t5v0__oai211_1)
     1    0.003772    0.397395    0.281423   12.133205 ^ _17309_/ZN (gf180mcu_fd_sc_mcu7t5v0__oai211_1)
                                                         _00064_ (net)
                      0.397395    0.000012   12.133218 ^ _24857_/D (gf180mcu_fd_sc_mcu7t5v0__dffrnq_1)
                                             12.133218   data arrival time

                                 20.000000   20.000000   clock clk (rise edge)
                                  0.000000   20.000000   clock source latency
     1    0.085276    0.371419    0.211827   20.211828 ^ clk (in)
                                                         clk (net)
                      0.373106    0.000000   20.211828 ^ clkbuf_0_clk/I (gf180mcu_fd_sc_mcu7t5v0__clkbuf_16)
     4    0.118007    0.176033    0.345079   20.556906 ^ clkbuf_0_clk/Z (gf180mcu_fd_sc_mcu7t5v0__clkbuf_16)
                                                         clknet_0_clk (net)
                      0.176057    0.003389   20.560295 ^ clkbuf_2_1_0_clk/I (gf180mcu_fd_sc_mcu7t5v0__clkbuf_8)
    16    0.254612    0.545781    0.523555   21.083851 ^ clkbuf_2_1_0_clk/Z (gf180mcu_fd_sc_mcu7t5v0__clkbuf_8)
                                                         clknet_2_1_0_clk (net)
                      0.545959    0.005389   21.089239 ^ clkbuf_6_22_0_clk/I (gf180mcu_fd_sc_mcu7t5v0__clkbuf_8)
     8    0.158179    0.360433    0.483780   21.573019 ^ clkbuf_6_22_0_clk/Z (gf180mcu_fd_sc_mcu7t5v0__clkbuf_8)
                                                         clknet_6_22_0_clk (net)
                      0.360433    0.000320   21.573339 ^ clkbuf_leaf_112_clk/I (gf180mcu_fd_sc_mcu7t5v0__clkbuf_8)
     5    0.025588    0.117722    0.292633   21.865973 ^ clkbuf_leaf_112_clk/Z (gf180mcu_fd_sc_mcu7t5v0__clkbuf_8)
                                                         clknet_leaf_112_clk (net)
                      0.117722    0.000027   21.865999 ^ _24857_/CLK (gf180mcu_fd_sc_mcu7t5v0__dffrnq_1)
                                 -0.250000   21.616001   clock uncertainty
                                  0.000000   21.616001   clock reconvergence pessimism
                                 -0.349906   21.266096   library setup time
                                             21.266096   data required time
---------------------------------------------------------------------------------------------
                                             21.266096   data required time
                                            -12.133218   data arrival time
---------------------------------------------------------------------------------------------
                                              9.132877   slack (MET)




===========================================================================
report_checks --slack_max -0.01
============================================================================
======================= nom_tt_025C_5v00 Corner ===================================

No paths found.


===========================================================================
 report_check_types -max_slew -max_cap -max_fanout -violators
============================================================================
======================= nom_tt_025C_5v00 Corner ===================================

max fanout

Pin                                   Limit Fanout  Slack
---------------------------------------------------------
clkbuf_6_37_0_clk/Z                      10     18     -8 (VIOLATED)
clkbuf_6_48_0_clk/Z                      10     17     -7 (VIOLATED)
clkbuf_6_49_0_clk/Z                      10     17     -7 (VIOLATED)
clkbuf_6_52_0_clk/Z                      10     17     -7 (VIOLATED)
clkbuf_6_53_0_clk/Z                      10     17     -7 (VIOLATED)
clkbuf_2_0_0_clk/Z                       10     16     -6 (VIOLATED)
clkbuf_2_1_0_clk/Z                       10     16     -6 (VIOLATED)
clkbuf_2_2_0_clk/Z                       10     16     -6 (VIOLATED)
clkbuf_2_3_0_clk/Z                       10     16     -6 (VIOLATED)
clkbuf_6_50_0_clk/Z                      10     16     -6 (VIOLATED)
clkbuf_6_58_0_clk/Z                      10     16     -6 (VIOLATED)
clkbuf_6_44_0_clk/Z                      10     15     -5 (VIOLATED)
clkbuf_6_47_0_clk/Z                      10     15     -5 (VIOLATED)
clkbuf_6_63_0_clk/Z                      10     15     -5 (VIOLATED)
clkbuf_6_15_0_clk/Z                      10     14     -4 (VIOLATED)
clkbuf_6_51_0_clk/Z                      10     14     -4 (VIOLATED)
clkbuf_6_54_0_clk/Z                      10     14     -4 (VIOLATED)
clkbuf_6_56_0_clk/Z                      10     14     -4 (VIOLATED)
clkbuf_6_61_0_clk/Z                      10     14     -4 (VIOLATED)
clkbuf_6_27_0_clk/Z                      10     13     -3 (VIOLATED)
clkbuf_6_28_0_clk/Z                      10     13     -3 (VIOLATED)
clkbuf_6_31_0_clk/Z                      10     13     -3 (VIOLATED)
clkbuf_6_32_0_clk/Z                      10     13     -3 (VIOLATED)
clkbuf_6_36_0_clk/Z                      10     13     -3 (VIOLATED)
clkbuf_6_46_0_clk/Z                      10     13     -3 (VIOLATED)
clkbuf_6_5_0_clk/Z                       10     13     -3 (VIOLATED)
clkbuf_6_62_0_clk/Z                      10     13     -3 (VIOLATED)
clkbuf_6_10_0_clk/Z                      10     12     -2 (VIOLATED)
clkbuf_6_4_0_clk/Z                       10     12     -2 (VIOLATED)
clkbuf_6_55_0_clk/Z                      10     12     -2 (VIOLATED)
clkbuf_6_59_0_clk/Z                      10     12     -2 (VIOLATED)
clkbuf_6_60_0_clk/Z                      10     12     -2 (VIOLATED)
clkbuf_6_13_0_clk/Z                      10     11        (VIOLATED)
clkbuf_6_14_0_clk/Z                      10     11        (VIOLATED)
clkbuf_6_16_0_clk/Z                      10     11        (VIOLATED)
clkbuf_6_39_0_clk/Z                      10     11        (VIOLATED)
clkbuf_6_45_0_clk/Z                      10     11        (VIOLATED)
clkbuf_6_57_0_clk/Z                      10     11        (VIOLATED)

max capacitance

Pin                                        Limit         Cap       Slack
------------------------------------------------------------------------
clkbuf_2_0_0_clk/Z                      0.200000    0.268246   -0.068246 (VIOLATED)
clkbuf_2_3_0_clk/Z                      0.200000    0.267387   -0.067387 (VIOLATED)
clkbuf_2_2_0_clk/Z                      0.200000    0.262609   -0.062609 (VIOLATED)
clkbuf_2_1_0_clk/Z                      0.200000    0.254612   -0.054612 (VIOLATED)
clkbuf_6_32_0_clk/Z                     0.200000    0.242271   -0.042271 (VIOLATED)
clkbuf_6_37_0_clk/Z                     0.200000    0.238673   -0.038673 (VIOLATED)
clkbuf_6_44_0_clk/Z                     0.200000    0.230825   -0.030825 (VIOLATED)
clkbuf_6_47_0_clk/Z                     0.200000    0.229164   -0.029164 (VIOLATED)
clkbuf_6_53_0_clk/Z                     0.200000    0.226215   -0.026215 (VIOLATED)
clkbuf_6_45_0_clk/Z                     0.200000    0.224625   -0.024625 (VIOLATED)
clkbuf_6_48_0_clk/Z                     0.200000    0.224019   -0.024019 (VIOLATED)
clkbuf_6_49_0_clk/Z                     0.200000    0.223245   -0.023245 (VIOLATED)
clkbuf_6_39_0_clk/Z                     0.200000    0.222698   -0.022698 (VIOLATED)
clkbuf_6_52_0_clk/Z                     0.200000    0.222464   -0.022464 (VIOLATED)
clkbuf_6_46_0_clk/Z                     0.200000    0.221892   -0.021892 (VIOLATED)
clkbuf_6_58_0_clk/Z                     0.200000    0.220515   -0.020515 (VIOLATED)
clkbuf_6_36_0_clk/Z                     0.200000    0.219062   -0.019062 (VIOLATED)
clkbuf_6_61_0_clk/Z                     0.200000    0.218261   -0.018261 (VIOLATED)
clkbuf_6_51_0_clk/Z                     0.200000    0.218243   -0.018243 (VIOLATED)
clkbuf_6_62_0_clk/Z                     0.200000    0.218057   -0.018057 (VIOLATED)
clkbuf_6_50_0_clk/Z                     0.200000    0.216608   -0.016608 (VIOLATED)
clkbuf_6_56_0_clk/Z                     0.200000    0.216365   -0.016365 (VIOLATED)
clkbuf_6_54_0_clk/Z                     0.200000    0.216226   -0.016226 (VIOLATED)
clkbuf_6_57_0_clk/Z                     0.200000    0.214302   -0.014302 (VIOLATED)
clkbuf_6_63_0_clk/Z                     0.200000    0.213615   -0.013615 (VIOLATED)
clkbuf_6_38_0_clk/Z                     0.200000    0.212139   -0.012139 (VIOLATED)
clkbuf_6_59_0_clk/Z                     0.200000    0.210176   -0.010176 (VIOLATED)
clkbuf_6_40_0_clk/Z                     0.200000    0.210103   -0.010103 (VIOLATED)
clkbuf_6_55_0_clk/Z                     0.200000    0.209026   -0.009026 (VIOLATED)
clkbuf_6_60_0_clk/Z                     0.200000    0.208709   -0.008709 (VIOLATED)
clkbuf_6_42_0_clk/Z                     0.200000    0.208678   -0.008678 (VIOLATED)



===========================================================================
report_parasitic_annotation -report_unannotated
============================================================================
Found 609 unannotated drivers.
 _27612_/Z
 clkload0/ZN
 clkload1/ZN
 clkload10/ZN
 clkload100/Z
 clkload101/ZN
 clkload102/ZN
 clkload103/ZN
 clkload104/ZN
 clkload105/ZN
 clkload106/ZN
 clkload107/ZN
 clkload108/ZN
 clkload109/ZN
 clkload11/ZN
 clkload110/ZN
 clkload111/ZN
 clkload112/ZN
 clkload113/ZN
 clkload114/ZN
 clkload115/Z
 clkload116/Z
 clkload117/Z
 clkload118/Z
 clkload119/Z
 clkload12/ZN
 clkload120/Z
 clkload121/Z
 clkload122/Z
 clkload123/ZN
 clkload124/ZN
 clkload125/ZN
 clkload126/ZN
 clkload127/ZN
 clkload128/ZN
 clkload129/ZN
 clkload13/ZN
 clkload130/Z
 clkload131/Z
 clkload132/Z
 clkload133/Z
 clkload134/Z
 clkload135/Z
 clkload136/Z
 clkload137/Z
 clkload138/Z
 clkload139/Z
 clkload14/ZN
 clkload140/ZN
 clkload141/ZN
 clkload142/ZN
 clkload143/Z
 clkload144/ZN
 clkload145/Z
 clkload146/ZN
 clkload147/ZN
 clkload148/Z
 clkload149/ZN
 clkload15/ZN
 clkload150/ZN
 clkload151/ZN
 clkload152/ZN
 clkload153/ZN
 clkload154/ZN
 clkload155/ZN
 clkload156/Z
 clkload157/ZN
 clkload158/ZN
 clkload159/ZN
 clkload16/ZN
 clkload160/ZN
 clkload161/Z
 clkload162/Z
 clkload163/Z
 clkload164/Z
 clkload165/ZN
 clkload166/ZN
 clkload167/Z
 clkload168/ZN
 clkload169/ZN
 clkload17/ZN
 clkload170/ZN
 clkload171/ZN
 clkload172/ZN
 clkload173/Z
 clkload174/ZN
 clkload175/ZN
 clkload176/ZN
 clkload177/Z
 clkload178/ZN
 clkload179/Z
 clkload18/ZN
 clkload180/ZN
 clkload181/ZN
 clkload182/ZN
 clkload183/Z
 clkload184/Z
 clkload185/Z
 clkload186/Z
 clkload187/Z
 clkload188/Z
 clkload189/ZN
 clkload19/ZN
 clkload190/ZN
 clkload191/ZN
 clkload192/Z
 clkload193/ZN
 clkload194/ZN
 clkload195/ZN
 clkload196/Z
 clkload197/Z
 clkload198/Z
 clkload199/Z
 clkload2/ZN
 clkload20/ZN
 clkload200/Z
 clkload201/ZN
 clkload202/Z
 clkload203/Z
 clkload204/Z
 clkload205/ZN
 clkload206/Z
 clkload207/ZN
 clkload208/ZN
 clkload209/Z
 clkload21/ZN
 clkload210/ZN
 clkload211/ZN
 clkload212/ZN
 clkload213/ZN
 clkload214/ZN
 clkload215/Z
 clkload216/Z
 clkload217/ZN
 clkload218/ZN
 clkload219/Z
 clkload22/ZN
 clkload220/Z
 clkload221/ZN
 clkload222/ZN
 clkload223/ZN
 clkload224/ZN
 clkload225/Z
 clkload226/ZN
 clkload227/Z
 clkload228/ZN
 clkload229/ZN
 clkload23/ZN
 clkload230/Z
 clkload231/Z
 clkload232/ZN
 clkload233/ZN
 clkload234/ZN
 clkload235/ZN
 clkload236/Z
 clkload237/ZN
 clkload238/ZN
 clkload239/ZN
 clkload24/ZN
 clkload240/ZN
 clkload241/ZN
 clkload242/Z
 clkload243/Z
 clkload244/Z
 clkload245/ZN
 clkload246/ZN
 clkload247/ZN
 clkload248/ZN
 clkload249/ZN
 clkload25/ZN
 clkload250/Z
 clkload251/ZN
 clkload252/Z
 clkload253/ZN
 clkload254/ZN
 clkload255/Z
 clkload256/Z
 clkload257/Z
 clkload258/Z
 clkload259/ZN
 clkload26/Z
 clkload260/Z
 clkload261/ZN
 clkload262/ZN
 clkload263/Z
 clkload264/ZN
 clkload265/Z
 clkload266/Z
 clkload267/Z
 clkload268/ZN
 clkload269/ZN
 clkload27/ZN
 clkload270/Z
 clkload271/Z
 clkload272/ZN
 clkload273/ZN
 clkload274/ZN
 clkload275/ZN
 clkload276/ZN
 clkload277/ZN
 clkload278/ZN
 clkload279/ZN
 clkload28/ZN
 clkload280/ZN
 clkload281/Z
 clkload282/ZN
 clkload283/ZN
 clkload284/Z
 clkload285/ZN
 clkload286/ZN
 clkload287/ZN
 clkload288/ZN
 clkload289/Z
 clkload29/ZN
 clkload290/Z
 clkload291/ZN
 clkload292/Z
 clkload293/Z
 clkload294/Z
 clkload295/Z
 clkload296/Z
 clkload297/ZN
 clkload298/Z
 clkload299/Z
 clkload3/ZN
 clkload30/ZN
 clkload300/Z
 clkload301/ZN
 clkload302/Z
 clkload303/Z
 clkload304/Z
 clkload305/Z
 clkload306/Z
 clkload307/Z
 clkload308/Z
 clkload309/ZN
 clkload31/ZN
 clkload310/ZN
 clkload311/ZN
 clkload312/Z
 clkload313/Z
 clkload314/Z
 clkload315/ZN
 clkload316/Z
 clkload317/ZN
 clkload318/ZN
 clkload319/ZN
 clkload32/ZN
 clkload320/Z
 clkload321/Z
 clkload322/Z
 clkload323/Z
 clkload324/ZN
 clkload325/Z
 clkload326/Z
 clkload327/Z
 clkload328/Z
 clkload329/Z
 clkload33/ZN
 clkload330/Z
 clkload331/ZN
 clkload332/Z
 clkload333/Z
 clkload334/Z
 clkload335/Z
 clkload336/ZN
 clkload337/ZN
 clkload338/ZN
 clkload339/Z
 clkload34/ZN
 clkload340/Z
 clkload341/ZN
 clkload342/Z
 clkload343/ZN
 clkload344/Z
 clkload345/Z
 clkload346/Z
 clkload347/Z
 clkload348/ZN
 clkload349/ZN
 clkload35/ZN
 clkload350/ZN
 clkload351/ZN
 clkload352/Z
 clkload353/ZN
 clkload354/Z
 clkload355/Z
 clkload356/Z
 clkload357/Z
 clkload358/ZN
 clkload359/Z
 clkload36/ZN
 clkload360/Z
 clkload361/ZN
 clkload362/Z
 clkload363/ZN
 clkload364/Z
 clkload365/Z
 clkload366/Z
 clkload367/Z
 clkload368/ZN
 clkload369/Z
 clkload37/ZN
 clkload370/ZN
 clkload371/ZN
 clkload372/ZN
 clkload373/ZN
 clkload374/ZN
 clkload375/ZN
 clkload376/Z
 clkload377/ZN
 clkload378/Z
 clkload379/ZN
 clkload38/ZN
 clkload380/ZN
 clkload381/ZN
 clkload382/ZN
 clkload383/ZN
 clkload384/ZN
 clkload385/Z
 clkload386/ZN
 clkload387/Z
 clkload388/ZN
 clkload389/ZN
 clkload39/ZN
 clkload390/Z
 clkload391/Z
 clkload392/ZN
 clkload393/ZN
 clkload394/ZN
 clkload395/ZN
 clkload396/ZN
 clkload397/Z
 clkload398/Z
 clkload399/Z
 clkload4/ZN
 clkload40/ZN
 clkload400/Z
 clkload401/Z
 clkload402/ZN
 clkload403/ZN
 clkload404/ZN
 clkload405/Z
 clkload406/ZN
 clkload407/Z
 clkload408/Z
 clkload409/ZN
 clkload41/ZN
 clkload410/Z
 clkload411/Z
 clkload412/ZN
 clkload413/Z
 clkload414/ZN
 clkload415/ZN
 clkload416/Z
 clkload417/ZN
 clkload418/ZN
 clkload419/ZN
 clkload42/ZN
 clkload420/ZN
 clkload421/ZN
 clkload422/ZN
 clkload423/ZN
 clkload424/Z
 clkload425/ZN
 clkload426/ZN
 clkload427/ZN
 clkload428/ZN
 clkload429/ZN
 clkload43/ZN
 clkload430/Z
 clkload431/Z
 clkload432/Z
 clkload433/ZN
 clkload434/ZN
 clkload435/ZN
 clkload436/ZN
 clkload437/ZN
 clkload438/ZN
 clkload439/ZN
 clkload44/Z
 clkload440/ZN
 clkload441/ZN
 clkload442/ZN
 clkload443/Z
 clkload444/ZN
 clkload445/Z
 clkload446/Z
 clkload447/ZN
 clkload448/Z
 clkload449/Z
 clkload45/ZN
 clkload450/ZN
 clkload451/Z
 clkload452/Z
 clkload453/Z
 clkload454/Z
 clkload455/Z
 clkload456/Z
 clkload457/ZN
 clkload458/Z
 clkload459/Z
 clkload46/ZN
 clkload460/Z
 clkload461/Z
 clkload462/ZN
 clkload463/ZN
 clkload464/ZN
 clkload465/Z
 clkload466/Z
 clkload467/Z
 clkload468/Z
 clkload469/Z
 clkload47/Z
 clkload470/ZN
 clkload471/Z
 clkload472/Z
 clkload473/ZN
 clkload474/Z
 clkload475/Z
 clkload476/ZN
 clkload477/ZN
 clkload478/ZN
 clkload479/Z
 clkload48/ZN
 clkload480/ZN
 clkload481/ZN
 clkload482/Z
 clkload483/ZN
 clkload484/ZN
 clkload485/ZN
 clkload486/ZN
 clkload487/ZN
 clkload488/ZN
 clkload489/Z
 clkload49/ZN
 clkload490/Z
 clkload491/Z
 clkload492/ZN
 clkload493/ZN
 clkload494/Z
 clkload495/Z
 clkload496/Z
 clkload497/ZN
 clkload498/Z
 clkload499/ZN
 clkload5/ZN
 clkload50/ZN
 clkload500/Z
 clkload501/Z
 clkload502/ZN
 clkload503/Z
 clkload504/ZN
 clkload505/Z
 clkload506/ZN
 clkload507/Z
 clkload508/ZN
 clkload509/Z
 clkload51/ZN
 clkload510/Z
 clkload511/ZN
 clkload512/Z
 clkload513/ZN
 clkload514/Z
 clkload515/Z
 clkload516/ZN
 clkload517/Z
 clkload518/ZN
 clkload519/Z
 clkload52/ZN
 clkload520/Z
 clkload521/Z
 clkload522/Z
 clkload523/Z
 clkload524/ZN
 clkload525/Z
 clkload526/ZN
 clkload527/ZN
 clkload528/ZN
 clkload529/Z
 clkload53/ZN
 clkload530/Z
 clkload531/ZN
 clkload532/Z
 clkload533/Z
 clkload534/Z
 clkload535/Z
 clkload536/Z
 clkload537/Z
 clkload538/ZN
 clkload539/Z
 clkload54/ZN
 clkload540/ZN
 clkload541/ZN
 clkload542/ZN
 clkload543/Z
 clkload544/Z
 clkload545/ZN
 clkload546/Z
 clkload547/ZN
 clkload548/ZN
 clkload549/Z
 clkload55/ZN
 clkload550/ZN
 clkload551/ZN
 clkload552/ZN
 clkload553/Z
 clkload554/ZN
 clkload555/Z
 clkload556/Z
 clkload557/Z
 clkload558/Z
 clkload559/Z
 clkload56/ZN
 clkload560/Z
 clkload561/Z
 clkload562/Z
 clkload563/ZN
 clkload564/ZN
 clkload565/ZN
 clkload566/ZN
 clkload567/ZN
 clkload568/Z
 clkload569/ZN
 clkload57/ZN
 clkload570/ZN
 clkload571/Z
 clkload572/Z
 clkload573/Z
 clkload574/ZN
 clkload575/Z
 clkload576/ZN
 clkload577/ZN
 clkload578/ZN
 clkload579/Z
 clkload58/ZN
 clkload580/ZN
 clkload581/ZN
 clkload582/Z
 clkload583/Z
 clkload584/ZN
 clkload585/ZN
 clkload586/ZN
 clkload587/ZN
 clkload588/ZN
 clkload589/ZN
 clkload59/Z
 clkload590/ZN
 clkload591/ZN
 clkload592/ZN
 clkload593/Z
 clkload594/ZN
 clkload595/Z
 clkload596/ZN
 clkload597/ZN
 clkload598/Z
 clkload599/ZN
 clkload6/ZN
 clkload60/ZN
 clkload600/ZN
 clkload601/ZN
 clkload602/Z
 clkload603/ZN
 clkload604/ZN
 clkload605/ZN
 clkload606/ZN
 clkload607/Z
 clkload61/ZN
 clkload62/ZN
 clkload63/ZN
 clkload64/ZN
 clkload65/Z
 clkload66/Z
 clkload67/Z
 clkload68/ZN
 clkload69/ZN
 clkload7/ZN
 clkload70/Z
 clkload71/ZN
 clkload72/Z
 clkload73/Z
 clkload74/ZN
 clkload75/ZN
 clkload76/Z
 clkload77/Z
 clkload78/Z
 clkload79/Z
 clkload8/ZN
 clkload80/Z
 clkload81/ZN
 clkload82/ZN
 clkload83/ZN
 clkload84/ZN
 clkload85/Z
 clkload86/ZN
 clkload87/Z
 clkload88/ZN
 clkload89/ZN
 clkload9/ZN
 clkload90/ZN
 clkload91/ZN
 clkload92/ZN
 clkload93/Z
 clkload94/Z
 clkload95/ZN
 clkload96/ZN
 clkload97/ZN
 clkload98/ZN
 clkload99/Z
Found 0 partially unannotated drivers.

===========================================================================
max slew violation count 0
Writing metric design__max_slew_violation__count__corner:nom_tt_025C_5v00: 0
max fanout violation count 38
Writing metric design__max_fanout_violation__count__corner:nom_tt_025C_5v00: 38
max cap violation count 31
Writing metric design__max_cap_violation__count__corner:nom_tt_025C_5v00: 31
============================================================================

===========================================================================
check_setup -verbose -unconstrained_endpoints -multiple_clock -no_clock -no_input_delay -loops -generated_clocks
===========================================================================
Warning: There are 18 unconstrained endpoints.
  clk_PD
  clk_PU
  cs_n_PD
  cs_n_PU
  miso_CS
  miso_IE
  miso_OE
  miso_PD
  miso_PDRV0
  miso_PDRV1
  miso_PU
  miso_SL
  mosi_PD
  mosi_PU
  rst_PD
  rst_PU
  sclk_PD
  sclk_PU
