Clock: clk
Sources: clk 
Generated: no
Virtual: yes
Propagated: no
Period: 20.000000

===========================================================================
report_clock_properties
============================================================================
Clock                   Period          Waveform
----------------------------------------------------
clk                  20.000000    0.000000 10.000000

===========================================================================
report_clock_latency
============================================================================
Clock clk
rise -> rise
    min     max
0.000000 0.000000 source latency
1.549774         network latency _25369_/CLK
        2.004338 network latency _25171_/CLK
---------------
1.549774 2.004338 latency
        0.454564 skew

fall -> fall
    min     max
0.000000 0.000000 source latency
1.570901         network latency _25369_/CLK
        2.088670 network latency _25171_/CLK
---------------
1.570901 2.088670 latency
        0.517769 skew



===========================================================================
report_clock_min_period
============================================================================
clk period_min = 10.87 fmax = 92.02
