┏━━━━━━━━━━━━━━━━━━━━━━┳━━━━━━━━━━┳━━━━━━━━━━┳━━━━━━━━━━┳━━━━━━━━━━┳━━━━━━━━━━┳━━━━━━━━━━━┳━━━━━━━━━━┳━━━━━━━━━━━┳━━━━━━━━━━┳━━━━━━━━━━━┳━━━━━━━━━━┳━━━━━━━━━━━┓
┃                      ┃ Hold     ┃ Reg to   ┃          ┃          ┃ of which ┃ Setup     ┃ Reg to   ┃           ┃ Setup    ┃ of which  ┃          ┃           ┃
┃                      ┃ Worst    ┃ Reg      ┃          ┃ Hold Vio ┃ reg to   ┃ Worst     ┃ Reg      ┃           ┃ Vio      ┃ reg to    ┃ Max Cap  ┃ Max Slew  ┃
┃ Corner/Group         ┃ Slack    ┃ Paths    ┃ Hold TNS ┃ Count    ┃ reg      ┃ Slack     ┃ Paths    ┃ Setup TNS ┃ Count    ┃ reg       ┃ Violati… ┃ Violatio… ┃
┡━━━━━━━━━━━━━━━━━━━━━━╇━━━━━━━━━━╇━━━━━━━━━━╇━━━━━━━━━━╇━━━━━━━━━━╇━━━━━━━━━━╇━━━━━━━━━━━╇━━━━━━━━━━╇━━━━━━━━━━━╇━━━━━━━━━━╇━━━━━━━━━━━╇━━━━━━━━━━╇━━━━━━━━━━━┩
│ Overall              │ 0.0734   │ 0.0734   │ 0.0000   │ 0        │ 0        │ -63.8590  │ -12.4662 │ -117422.… │ 8067     │ 407       │ 215      │ 15957     │
│ nom_tt_025C_5v00     │ 0.2835   │ 0.2835   │ 0.0000   │ 0        │ 0        │ -29.4518  │ 1.1318   │ -47044.0… │ 2806     │ 0         │ 212      │ 12131     │
│ nom_ss_125C_4v50     │ 0.7795   │ 0.7795   │ 0.0000   │ 0        │ 0        │ -63.8590  │ -12.4662 │ -117422.… │ 3213     │ 407       │ 215      │ 15957     │
│ nom_ff_n40C_5v50     │ 0.0734   │ 0.0734   │ 0.0000   │ 0        │ 0        │ -13.8862  │ 7.2083   │ -16643.1… │ 2048     │ 0         │ 209      │ 11963     │
└──────────────────────┴──────────┴──────────┴──────────┴──────────┴──────────┴───────────┴──────────┴───────────┴──────────┴───────────┴──────────┴───────────┘
