
===========================================================================
report_checks -unconstrained
===========================================================================
======================= nom_ff_n40C_5v50 Corner ===================================

Startpoint: rst (input port clocked by clk)
Endpoint: _25481_ (recovery check against rising-edge clock clk)
Path Group: asynchronous
Path Type: max

Fanout         Cap        Slew       Delay        Time   Description
---------------------------------------------------------------------------------------------
                                  0.000000    0.000000   clock clk (rise edge)
                                  0.000000    0.000000   clock network delay (propagated)
                                  8.000000    8.000000 v input external delay
     1    0.005986    0.055405    0.024653    8.024653 v rst (in)
                                                         rst (net)
                      0.055405    0.000000    8.024653 v input3/I (gf180mcu_fd_sc_mcu7t5v0__buf_2)
     4    0.178417    0.589586    0.471473    8.496126 v input3/Z (gf180mcu_fd_sc_mcu7t5v0__buf_2)
                                                         net3 (net)
                      0.589590    0.000877    8.497003 v fanout1867/I (gf180mcu_fd_sc_mcu7t5v0__buf_2)
     5    0.105815    0.356675    0.478489    8.975492 v fanout1867/Z (gf180mcu_fd_sc_mcu7t5v0__buf_2)
                                                         net1867 (net)
                      0.356678    0.000528    8.976020 v fanout1846/I (gf180mcu_fd_sc_mcu7t5v0__buf_2)
     6    0.104283    0.351301    0.414840    9.390860 v fanout1846/Z (gf180mcu_fd_sc_mcu7t5v0__buf_2)
                                                         net1846 (net)
                      0.351305    0.000669    9.391529 v fanout1845/I (gf180mcu_fd_sc_mcu7t5v0__buf_2)
     8    0.085291    0.291277    0.378966    9.770494 v fanout1845/Z (gf180mcu_fd_sc_mcu7t5v0__buf_2)
                                                         net1845 (net)
                      0.291459    0.004139    9.774633 v fanout1841/I (gf180mcu_fd_sc_mcu7t5v0__buf_2)
    10    0.109300    0.366214    0.408926   10.183560 v fanout1841/Z (gf180mcu_fd_sc_mcu7t5v0__buf_2)
                                                         net1841 (net)
                      0.366253    0.002182   10.185742 v _24723_/I (gf180mcu_fd_sc_mcu7t5v0__clkinv_1)
     1    0.008192    0.175690    0.157767   10.343510 ^ _24723_/ZN (gf180mcu_fd_sc_mcu7t5v0__clkinv_1)
                                                         _00642_ (net)
                      0.175690    0.000084   10.343594 ^ _25481_/RN (gf180mcu_fd_sc_mcu7t5v0__dffrnq_1)
                                             10.343594   data arrival time

                                 40.000000   40.000000   clock clk (rise edge)
                                  0.000000   40.000000   clock source latency
     1    0.151357    0.415534    0.253646   40.253647 ^ clk (in)
                                                         clk (net)
                      0.421833    0.000000   40.253647 ^ clkbuf_0_clk/I (gf180mcu_fd_sc_mcu7t5v0__clkbuf_16)
     4    0.267992    0.202383    0.304620   40.558266 ^ clkbuf_0_clk/Z (gf180mcu_fd_sc_mcu7t5v0__clkbuf_16)
                                                         clknet_0_clk (net)
                      0.204406    0.011418   40.569687 ^ clkbuf_2_2_0_clk/I (gf180mcu_fd_sc_mcu7t5v0__clkbuf_8)
    16    0.460610    0.623668    0.495692   41.065376 ^ clkbuf_2_2_0_clk/Z (gf180mcu_fd_sc_mcu7t5v0__clkbuf_8)
                                                         clknet_2_2_0_clk (net)
                      0.627840    0.027143   41.092522 ^ clkbuf_6_42_0_clk/I (gf180mcu_fd_sc_mcu7t5v0__clkbuf_8)
     7    0.130753    0.205705    0.330488   41.423008 ^ clkbuf_6_42_0_clk/Z (gf180mcu_fd_sc_mcu7t5v0__clkbuf_8)
                                                         clknet_6_42_0_clk (net)
                      0.205709    0.001510   41.424519 ^ _25481_/CLK (gf180mcu_fd_sc_mcu7t5v0__dffrnq_1)
                                 -0.250000   41.174519   clock uncertainty
                                  0.000000   41.174519   clock reconvergence pessimism
                                  0.146729   41.321243   library recovery time
                                             41.321243   data required time
---------------------------------------------------------------------------------------------
                                             41.321243   data required time
                                            -10.343594   data arrival time
---------------------------------------------------------------------------------------------
                                             30.977650   slack (MET)


Startpoint: rst (input port clocked by clk)
Endpoint: _25959_ (rising edge-triggered flip-flop clocked by clk)
Path Group: clk
Path Type: max

Fanout         Cap        Slew       Delay        Time   Description
---------------------------------------------------------------------------------------------
                                  0.000000    0.000000   clock clk (rise edge)
                                  0.000000    0.000000   clock network delay (propagated)
                                  8.000000    8.000000 v input external delay
     1    0.005986    0.055405    0.024653    8.024653 v rst (in)
                                                         rst (net)
                      0.055405    0.000000    8.024653 v input3/I (gf180mcu_fd_sc_mcu7t5v0__buf_2)
     4    0.178417    0.589586    0.471473    8.496126 v input3/Z (gf180mcu_fd_sc_mcu7t5v0__buf_2)
                                                         net3 (net)
                      0.590599    0.014092    8.510218 v fanout1826/I (gf180mcu_fd_sc_mcu7t5v0__buf_2)
     6    0.129181    0.430596    0.521160    9.031378 v fanout1826/Z (gf180mcu_fd_sc_mcu7t5v0__buf_2)
                                                         net1826 (net)
                      0.431501    0.011315    9.042692 v fanout1812/I (gf180mcu_fd_sc_mcu7t5v0__clkbuf_2)
     5    0.061367    0.329843    0.408575    9.451266 v fanout1812/Z (gf180mcu_fd_sc_mcu7t5v0__clkbuf_2)
                                                         net1812 (net)
                      0.329846    0.000481    9.451747 v fanout1811/I (gf180mcu_fd_sc_mcu7t5v0__clkbuf_3)
    10    0.140758    0.391779    0.431991    9.883739 v fanout1811/Z (gf180mcu_fd_sc_mcu7t5v0__clkbuf_3)
                                                         net1811 (net)
                      0.392559    0.009972    9.893711 v _19971_/A1 (gf180mcu_fd_sc_mcu7t5v0__nor2_1)
     2    0.036705    0.734093    0.523952   10.417664 ^ _19971_/ZN (gf180mcu_fd_sc_mcu7t5v0__nor2_1)
                                                         _07024_ (net)
                      0.734093    0.001680   10.419343 ^ _19972_/A2 (gf180mcu_fd_sc_mcu7t5v0__nand2_1)
     2    0.036790    0.441042    0.300004   10.719347 v _19972_/ZN (gf180mcu_fd_sc_mcu7t5v0__nand2_1)
                                                         _07025_ (net)
                      0.441043    0.001226   10.720572 v _20040_/A2 (gf180mcu_fd_sc_mcu7t5v0__nor2_1)
     2    0.032610    0.663472    0.471903   11.192474 ^ _20040_/ZN (gf180mcu_fd_sc_mcu7t5v0__nor2_1)
                                                         _07061_ (net)
                      0.663472    0.000547   11.193022 ^ fanout644/I (gf180mcu_fd_sc_mcu7t5v0__buf_2)
    10    0.143491    0.784784    0.580923   11.773945 ^ fanout644/Z (gf180mcu_fd_sc_mcu7t5v0__buf_2)
                                                         net644 (net)
                      0.784825    0.003228   11.777172 ^ _20570_/A1 (gf180mcu_fd_sc_mcu7t5v0__nand2_1)
     1    0.039645    0.575335    0.374535   12.151708 v _20570_/ZN (gf180mcu_fd_sc_mcu7t5v0__nand2_1)
                                                         _07335_ (net)
                      0.575338    0.001958   12.153666 v fanout206/I (gf180mcu_fd_sc_mcu7t5v0__clkbuf_3)
     5    0.172282    0.473341    0.524869   12.678535 v fanout206/Z (gf180mcu_fd_sc_mcu7t5v0__clkbuf_3)
                                                         net206 (net)
                      0.474584    0.013857   12.692392 v fanout201/I (gf180mcu_fd_sc_mcu7t5v0__buf_2)
     6    0.133124    0.442573    0.503813   13.196205 v fanout201/Z (gf180mcu_fd_sc_mcu7t5v0__buf_2)
                                                         net201 (net)
                      0.442618    0.002594   13.198800 v fanout200/I (gf180mcu_fd_sc_mcu7t5v0__clkbuf_4)
     9    0.162778    0.448811    0.486342   13.685142 v fanout200/Z (gf180mcu_fd_sc_mcu7t5v0__clkbuf_4)
                                                         net200 (net)
                      0.449686    0.011312   13.696453 v fanout199/I (gf180mcu_fd_sc_mcu7t5v0__clkbuf_4)
    10    0.145542    0.403422    0.463673   14.160126 v fanout199/Z (gf180mcu_fd_sc_mcu7t5v0__clkbuf_4)
                                                         net199 (net)
                      0.403450    0.001938   14.162064 v _20617_/A2 (gf180mcu_fd_sc_mcu7t5v0__nand2_1)
     1    0.010061    0.227047    0.226573   14.388638 ^ _20617_/ZN (gf180mcu_fd_sc_mcu7t5v0__nand2_1)
                                                         _07359_ (net)
                      0.227047    0.000251   14.388888 ^ _20618_/B (gf180mcu_fd_sc_mcu7t5v0__oai21_1)
     1    0.004302    0.182745    0.111102   14.499991 v _20618_/ZN (gf180mcu_fd_sc_mcu7t5v0__oai21_1)
                                                         _01601_ (net)
                      0.182745    0.000051   14.500042 v _25959_/D (gf180mcu_fd_sc_mcu7t5v0__dffq_1)
                                             14.500042   data arrival time

                                 40.000000   40.000000   clock clk (rise edge)
                                  0.000000   40.000000   clock source latency
     1    0.151357    0.415534    0.253646   40.253647 ^ clk (in)
                                                         clk (net)
                      0.421833    0.000000   40.253647 ^ clkbuf_0_clk/I (gf180mcu_fd_sc_mcu7t5v0__clkbuf_16)
     4    0.267992    0.202383    0.304620   40.558266 ^ clkbuf_0_clk/Z (gf180mcu_fd_sc_mcu7t5v0__clkbuf_16)
                                                         clknet_0_clk (net)
                      0.205651    0.015618   40.573883 ^ clkbuf_2_1_0_clk/I (gf180mcu_fd_sc_mcu7t5v0__clkbuf_8)
    16    0.423561    0.583019    0.487137   41.061024 ^ clkbuf_2_1_0_clk/Z (gf180mcu_fd_sc_mcu7t5v0__clkbuf_8)
                                                         clknet_2_1_0_clk (net)
                      0.583499    0.009461   41.070484 ^ clkbuf_6_19_0_clk/I (gf180mcu_fd_sc_mcu7t5v0__clkbuf_8)
    10    0.208199    0.301660    0.382716   41.453197 ^ clkbuf_6_19_0_clk/Z (gf180mcu_fd_sc_mcu7t5v0__clkbuf_8)
                                                         clknet_6_19_0_clk (net)
                      0.301870    0.004512   41.457710 ^ clkbuf_leaf_120_clk/I (gf180mcu_fd_sc_mcu7t5v0__clkbuf_8)
     5    0.039798    0.093334    0.212246   41.669956 ^ clkbuf_leaf_120_clk/Z (gf180mcu_fd_sc_mcu7t5v0__clkbuf_8)
                                                         clknet_leaf_120_clk (net)
                      0.093335    0.000639   41.670597 ^ _25959_/CLK (gf180mcu_fd_sc_mcu7t5v0__dffq_1)
                                 -0.250000   41.420597   clock uncertainty
                                  0.000000   41.420597   clock reconvergence pessimism
                                 -0.157797   41.262798   library setup time
                                             41.262798   data required time
---------------------------------------------------------------------------------------------
                                             41.262798   data required time
                                            -14.500042   data arrival time
---------------------------------------------------------------------------------------------
                                             26.762756   slack (MET)




===========================================================================
report_checks --slack_max -0.01
============================================================================
======================= nom_ff_n40C_5v50 Corner ===================================

No paths found.


===========================================================================
 report_check_types -max_slew -max_cap -max_fanout -violators
============================================================================
======================= nom_ff_n40C_5v50 Corner ===================================

max fanout

Pin                                   Limit Fanout  Slack
---------------------------------------------------------
clkbuf_2_0_0_clk/Z                       10     16     -6 (VIOLATED)
clkbuf_2_1_0_clk/Z                       10     16     -6 (VIOLATED)
clkbuf_2_2_0_clk/Z                       10     16     -6 (VIOLATED)
clkbuf_2_3_0_clk/Z                       10     16     -6 (VIOLATED)
clkbuf_6_16_0_clk/Z                      10     14     -4 (VIOLATED)
clkbuf_6_18_0_clk/Z                      10     14     -4 (VIOLATED)
clkbuf_6_29_0_clk/Z                      10     14     -4 (VIOLATED)
clkbuf_6_17_0_clk/Z                      10     13     -3 (VIOLATED)
clkbuf_6_20_0_clk/Z                      10     13     -3 (VIOLATED)
clkbuf_6_23_0_clk/Z                      10     13     -3 (VIOLATED)
clkbuf_6_26_0_clk/Z                      10     13     -3 (VIOLATED)
clkbuf_6_27_0_clk/Z                      10     13     -3 (VIOLATED)
clkbuf_6_10_0_clk/Z                      10     12     -2 (VIOLATED)
clkbuf_6_15_0_clk/Z                      10     12     -2 (VIOLATED)
clkbuf_6_24_0_clk/Z                      10     12     -2 (VIOLATED)
clkbuf_6_25_0_clk/Z                      10     12     -2 (VIOLATED)
clkbuf_6_31_0_clk/Z                      10     12     -2 (VIOLATED)
clkbuf_6_4_0_clk/Z                       10     12     -2 (VIOLATED)
clkbuf_6_8_0_clk/Z                       10     12     -2 (VIOLATED)
clkbuf_6_22_0_clk/Z                      10     11        (VIOLATED)
clkbuf_6_30_0_clk/Z                      10     11        (VIOLATED)
clkbuf_6_62_0_clk/Z                      10     11        (VIOLATED)
clkbuf_leaf_102_clk/Z                    10     11        (VIOLATED)
clkbuf_leaf_354_clk/Z                    10     11        (VIOLATED)

max capacitance

Pin                                        Limit         Cap       Slack
------------------------------------------------------------------------
clkbuf_2_2_0_clk/Z                      0.200000    0.460610   -0.260610 (VIOLATED)
clkbuf_2_1_0_clk/Z                      0.200000    0.423561   -0.223561 (VIOLATED)
clkbuf_2_0_0_clk/Z                      0.200000    0.402502   -0.202502 (VIOLATED)
clkbuf_2_3_0_clk/Z                      0.200000    0.379295   -0.179295 (VIOLATED)
fanout266/Z                             0.200000    0.346579   -0.146579 (VIOLATED)
fanout1418/Z                            0.200000    0.330254   -0.130254 (VIOLATED)
fanout1108/Z                            0.200000    0.323959   -0.123959 (VIOLATED)
fanout1329/Z                            0.200000    0.320118   -0.120118 (VIOLATED)
fanout870/Z                             0.200000    0.319008   -0.119008 (VIOLATED)
fanout643/Z                             0.200000    0.318739   -0.118739 (VIOLATED)
fanout1199/Z                            0.200000    0.318386   -0.118386 (VIOLATED)
fanout1097/Z                            0.200000    0.316079   -0.116079 (VIOLATED)
fanout1074/Z                            0.200000    0.314313   -0.114313 (VIOLATED)
fanout241/Z                             0.200000    0.313055   -0.113055 (VIOLATED)
fanout1315/Z                            0.200000    0.310516   -0.110516 (VIOLATED)
fanout1221/Z                            0.200000    0.307133   -0.107133 (VIOLATED)
fanout1067/Z                            0.200000    0.306174   -0.106174 (VIOLATED)
fanout1173/Z                            0.200000    0.305351   -0.105351 (VIOLATED)
fanout1216/Z                            0.200000    0.304328   -0.104328 (VIOLATED)
fanout1178/Z                            0.200000    0.304294   -0.104294 (VIOLATED)
fanout1103/Z                            0.200000    0.304258   -0.104258 (VIOLATED)
fanout140/Z                             0.200000    0.304113   -0.104113 (VIOLATED)
fanout1229/Z                            0.200000    0.302599   -0.102599 (VIOLATED)
fanout1267/Z                            0.200000    0.302249   -0.102249 (VIOLATED)
fanout1062/Z                            0.200000    0.299862   -0.099862 (VIOLATED)
fanout1119/Z                            0.200000    0.299831   -0.099831 (VIOLATED)
fanout1072/Z                            0.200000    0.298774   -0.098774 (VIOLATED)
fanout1218/Z                            0.200000    0.297581   -0.097581 (VIOLATED)
fanout1305/Z                            0.200000    0.297488   -0.097488 (VIOLATED)
max_cap1165/Z                           0.200000    0.297105   -0.097105 (VIOLATED)
fanout1319/Z                            0.200000    0.296567   -0.096567 (VIOLATED)
fanout1323/Z                            0.200000    0.295884   -0.095884 (VIOLATED)
fanout1104/Z                            0.200000    0.295228   -0.095228 (VIOLATED)
fanout1123/Z                            0.200000    0.295206   -0.095206 (VIOLATED)
fanout1175/Z                            0.200000    0.295164   -0.095164 (VIOLATED)
fanout49/Z                              0.200000    0.293158   -0.093158 (VIOLATED)
fanout1093/Z                            0.200000    0.292695   -0.092695 (VIOLATED)
fanout1247/Z                            0.200000    0.292365   -0.092365 (VIOLATED)
fanout1291/Z                            0.200000    0.291227   -0.091227 (VIOLATED)
fanout1210/Z                            0.200000    0.290283   -0.090283 (VIOLATED)
fanout1109/Z                            0.200000    0.289779   -0.089779 (VIOLATED)
fanout1138/Z                            0.200000    0.288787   -0.088787 (VIOLATED)
fanout1241/Z                            0.200000    0.287620   -0.087620 (VIOLATED)
fanout1263/Z                            0.200000    0.287241   -0.087241 (VIOLATED)
fanout1293/Z                            0.200000    0.286530   -0.086530 (VIOLATED)
fanout1181/Z                            0.200000    0.286522   -0.086522 (VIOLATED)
fanout1331/Z                            0.200000    0.286081   -0.086081 (VIOLATED)
fanout1321/Z                            0.200000    0.285854   -0.085854 (VIOLATED)
max_cap1250/Z                           0.200000    0.285622   -0.085622 (VIOLATED)
fanout1144/Z                            0.200000    0.285307   -0.085307 (VIOLATED)
fanout699/Z                             0.200000    0.284971   -0.084971 (VIOLATED)
fanout1183/Z                            0.200000    0.284966   -0.084966 (VIOLATED)
fanout546/Z                             0.200000    0.284505   -0.084505 (VIOLATED)
fanout1148/Z                            0.200000    0.284421   -0.084421 (VIOLATED)
fanout981/Z                             0.200000    0.282867   -0.082867 (VIOLATED)
fanout1242/Z                            0.200000    0.282571   -0.082571 (VIOLATED)
fanout875/Z                             0.200000    0.281918   -0.081918 (VIOLATED)
max_cap1253/Z                           0.200000    0.281354   -0.081354 (VIOLATED)
fanout1225/Z                            0.200000    0.281333   -0.081333 (VIOLATED)
fanout1177/Z                            0.200000    0.280455   -0.080455 (VIOLATED)
fanout1206/Z                            0.200000    0.279829   -0.079829 (VIOLATED)
fanout1158/Z                            0.200000    0.279233   -0.079233 (VIOLATED)
fanout1185/Z                            0.200000    0.279064   -0.079064 (VIOLATED)
fanout1295/Z                            0.200000    0.278407   -0.078407 (VIOLATED)
fanout1179/Z                            0.200000    0.278025   -0.078025 (VIOLATED)
fanout1076/Z                            0.200000    0.277969   -0.077969 (VIOLATED)
fanout1127/Z                            0.200000    0.275725   -0.075725 (VIOLATED)
fanout1265/Z                            0.200000    0.275084   -0.075084 (VIOLATED)
fanout1063/Z                            0.200000    0.274916   -0.074916 (VIOLATED)
max_cap1262/Z                           0.200000    0.274837   -0.074837 (VIOLATED)
fanout1099/Z                            0.200000    0.274657   -0.074657 (VIOLATED)
fanout1142/Z                            0.200000    0.274210   -0.074210 (VIOLATED)
fanout1111/Z                            0.200000    0.274034   -0.074034 (VIOLATED)
_14974_/ZN                              0.200000    0.273796   -0.073796 (VIOLATED)
fanout1115/Z                            0.200000    0.273796   -0.073796 (VIOLATED)
fanout1140/Z                            0.200000    0.273726   -0.073726 (VIOLATED)
fanout934/Z                             0.200000    0.272039   -0.072039 (VIOLATED)
fanout1200/Z                            0.200000    0.271600   -0.071600 (VIOLATED)
fanout1189/Z                            0.200000    0.271519   -0.071519 (VIOLATED)
fanout1170/Z                            0.200000    0.270239   -0.070239 (VIOLATED)
fanout1057/Z                            0.200000    0.269878   -0.069878 (VIOLATED)
fanout1078/Z                            0.200000    0.269809   -0.069809 (VIOLATED)
fanout1273/Z                            0.200000    0.269018   -0.069018 (VIOLATED)
fanout1156/Z                            0.200000    0.268886   -0.068886 (VIOLATED)
fanout1191/Z                            0.200000    0.268583   -0.068583 (VIOLATED)
fanout1288/Z                            0.200000    0.267996   -0.067996 (VIOLATED)
clkbuf_0_clk/Z                          0.200000    0.267992   -0.067992 (VIOLATED)
wire1258/Z                              0.200000    0.267199   -0.067199 (VIOLATED)
fanout1146/Z                            0.200000    0.266694   -0.066694 (VIOLATED)
fanout1160/Z                            0.200000    0.266052   -0.066052 (VIOLATED)
fanout1162/Z                            0.200000    0.265430   -0.065430 (VIOLATED)
fanout1239/Z                            0.200000    0.264583   -0.064583 (VIOLATED)
fanout1286/Z                            0.200000    0.264455   -0.064455 (VIOLATED)
fanout1317/Z                            0.200000    0.264342   -0.064342 (VIOLATED)
fanout1061/Z                            0.200000    0.264078   -0.064078 (VIOLATED)
fanout1215/Z                            0.200000    0.263958   -0.063958 (VIOLATED)
fanout1447/Z                            0.200000    0.263332   -0.063332 (VIOLATED)
fanout578/Z                             0.200000    0.262553   -0.062553 (VIOLATED)
fanout834/Z                             0.200000    0.262294   -0.062294 (VIOLATED)
fanout1699/Z                            0.200000    0.260460   -0.060460 (VIOLATED)
fanout1091/Z                            0.200000    0.260092   -0.060092 (VIOLATED)
fanout1301/Z                            0.200000    0.260081   -0.060081 (VIOLATED)
fanout1312/Z                            0.200000    0.259273   -0.059273 (VIOLATED)
fanout1118/Z                            0.200000    0.259216   -0.059216 (VIOLATED)
fanout1114/Z                            0.200000    0.258422   -0.058422 (VIOLATED)
fanout172/Z                             0.200000    0.258155   -0.058155 (VIOLATED)
fanout1207/Z                            0.200000    0.257842   -0.057842 (VIOLATED)
fanout1563/Z                            0.200000    0.257728   -0.057728 (VIOLATED)
fanout1445/Z                            0.200000    0.257528   -0.057528 (VIOLATED)
fanout1311/Z                            0.200000    0.257492   -0.057492 (VIOLATED)
fanout197/Z                             0.200000    0.257061   -0.057061 (VIOLATED)
fanout1292/Z                            0.200000    0.256967   -0.056967 (VIOLATED)
fanout1546/Z                            0.200000    0.256936   -0.056936 (VIOLATED)
fanout1231/Z                            0.200000    0.256699   -0.056699 (VIOLATED)
fanout816/Z                             0.200000    0.256163   -0.056163 (VIOLATED)
fanout1309/Z                            0.200000    0.256118   -0.056118 (VIOLATED)
fanout1212/Z                            0.200000    0.255364   -0.055364 (VIOLATED)
fanout1307/Z                            0.200000    0.255303   -0.055303 (VIOLATED)
fanout1151/Z                            0.200000    0.255164   -0.055164 (VIOLATED)
fanout1303/Z                            0.200000    0.255088   -0.055088 (VIOLATED)
fanout1289/Z                            0.200000    0.255027   -0.055027 (VIOLATED)
fanout1340/Z                            0.200000    0.255017   -0.055017 (VIOLATED)
fanout964/Z                             0.200000    0.255002   -0.055002 (VIOLATED)
fanout1080/Z                            0.200000    0.254492   -0.054492 (VIOLATED)
fanout1171/Z                            0.200000    0.254283   -0.054283 (VIOLATED)
fanout1113/Z                            0.200000    0.253467   -0.053467 (VIOLATED)
fanout1088/Z                            0.200000    0.253038   -0.053038 (VIOLATED)
fanout1202/Z                            0.200000    0.252625   -0.052625 (VIOLATED)
fanout1136/Z                            0.200000    0.252410   -0.052410 (VIOLATED)
_18883_/ZN                              0.200000    0.252155   -0.052155 (VIOLATED)
fanout1089/Z                            0.200000    0.251924   -0.051924 (VIOLATED)
fanout1227/Z                            0.200000    0.251230   -0.051230 (VIOLATED)
fanout1188/Z                            0.200000    0.251092   -0.051092 (VIOLATED)
fanout1208/Z                            0.200000    0.250747   -0.050747 (VIOLATED)
fanout1287/Z                            0.200000    0.250527   -0.050527 (VIOLATED)
_13155_/Z                               0.200000    0.249651   -0.049651 (VIOLATED)
fanout1255/Z                            0.200000    0.249370   -0.049370 (VIOLATED)
fanout1325/Z                            0.200000    0.249051   -0.049051 (VIOLATED)
fanout1259/Z                            0.200000    0.248045   -0.048045 (VIOLATED)
fanout1313/Z                            0.200000    0.246399   -0.046399 (VIOLATED)
fanout1168/Z                            0.200000    0.246310   -0.046310 (VIOLATED)
fanout1085/Z                            0.200000    0.246197   -0.046197 (VIOLATED)
_18543_/Z                               0.200000    0.246043   -0.046043 (VIOLATED)
fanout1235/Z                            0.200000    0.245985   -0.045985 (VIOLATED)
fanout1187/Z                            0.200000    0.245302   -0.045302 (VIOLATED)
fanout874/Z                             0.200000    0.244665   -0.044665 (VIOLATED)
fanout1095/Z                            0.200000    0.244429   -0.044429 (VIOLATED)
fanout164/Z                             0.200000    0.243896   -0.043896 (VIOLATED)
fanout929/Z                             0.200000    0.243871   -0.043871 (VIOLATED)
fanout799/Z                             0.200000    0.243661   -0.043661 (VIOLATED)
fanout570/Z                             0.200000    0.243523   -0.043523 (VIOLATED)
fanout1086/Z                            0.200000    0.243081   -0.043081 (VIOLATED)
_15802_/ZN                              0.200000    0.243052   -0.043052 (VIOLATED)
fanout1117/Z                            0.200000    0.241476   -0.041476 (VIOLATED)
fanout1055/Z                            0.200000    0.240723   -0.040723 (VIOLATED)
fanout1150/Z                            0.200000    0.240425   -0.040425 (VIOLATED)
fanout1066/Z                            0.200000    0.240092   -0.040092 (VIOLATED)
fanout1102/Z                            0.200000    0.240080   -0.040080 (VIOLATED)
fanout1153/Z                            0.200000    0.239727   -0.039727 (VIOLATED)
fanout843/Z                             0.200000    0.239629   -0.039629 (VIOLATED)
fanout1213/Z                            0.200000    0.239418   -0.039418 (VIOLATED)
fanout1476/Z                            0.200000    0.239379   -0.039379 (VIOLATED)
fanout1107/Z                            0.200000    0.239074   -0.039074 (VIOLATED)
fanout854/Z                             0.200000    0.238800   -0.038800 (VIOLATED)
fanout1333/Z                            0.200000    0.238229   -0.038229 (VIOLATED)
fanout1190/Z                            0.200000    0.238148   -0.038148 (VIOLATED)
fanout40/Z                              0.200000    0.237949   -0.037949 (VIOLATED)
fanout1245/Z                            0.200000    0.237512   -0.037512 (VIOLATED)
fanout1224/Z                            0.200000    0.237223   -0.037223 (VIOLATED)
_13377_/Z                               0.200000    0.236853   -0.036853 (VIOLATED)
fanout1060/Z                            0.200000    0.236419   -0.036419 (VIOLATED)
fanout774/Z                             0.200000    0.236384   -0.036384 (VIOLATED)
fanout1129/Z                            0.200000    0.236085   -0.036085 (VIOLATED)
clkbuf_6_18_0_clk/Z                     0.200000    0.235249   -0.035249 (VIOLATED)
fanout1417/Z                            0.200000    0.234925   -0.034925 (VIOLATED)
fanout1125/Z                            0.200000    0.234286   -0.034286 (VIOLATED)
fanout1065/Z                            0.200000    0.233932   -0.033932 (VIOLATED)
fanout1405/Z                            0.200000    0.233797   -0.033797 (VIOLATED)
fanout1195/Z                            0.200000    0.233531   -0.033531 (VIOLATED)
fanout1154/Z                            0.200000    0.232788   -0.032788 (VIOLATED)
fanout1297/Z                            0.200000    0.232725   -0.032725 (VIOLATED)
fanout634/Z                             0.200000    0.232167   -0.032167 (VIOLATED)
fanout1571/Z                            0.200000    0.231908   -0.031908 (VIOLATED)
fanout1130/Z                            0.200000    0.231310   -0.031310 (VIOLATED)
fanout1299/Z                            0.200000    0.231045   -0.031045 (VIOLATED)
fanout1684/Z                            0.200000    0.231017   -0.031017 (VIOLATED)
fanout1470/Z                            0.200000    0.230913   -0.030913 (VIOLATED)
fanout1327/Z                            0.200000    0.230789   -0.030789 (VIOLATED)
fanout194/Z                             0.200000    0.230515   -0.030515 (VIOLATED)
max_cap1083/Z                           0.200000    0.230200   -0.030200 (VIOLATED)
clkbuf_6_16_0_clk/Z                     0.200000    0.230039   -0.030039 (VIOLATED)
fanout716/Z                             0.200000    0.229512   -0.029512 (VIOLATED)
_15856_/ZN                              0.200000    0.229181   -0.029181 (VIOLATED)
fanout1559/Z                            0.200000    0.228814   -0.028814 (VIOLATED)
fanout1134/Z                            0.200000    0.228561   -0.028561 (VIOLATED)
fanout1193/Z                            0.200000    0.227926   -0.027926 (VIOLATED)
fanout1167/Z                            0.200000    0.227909   -0.027909 (VIOLATED)
_15861_/ZN                              0.200000    0.227890   -0.027890 (VIOLATED)
fanout1220/Z                            0.200000    0.227797   -0.027797 (VIOLATED)
fanout786/Z                             0.200000    0.227613   -0.027613 (VIOLATED)
fanout1697/Z                            0.200000    0.226216   -0.026216 (VIOLATED)
fanout553/Z                             0.200000    0.225969   -0.025969 (VIOLATED)
fanout602/Z                             0.200000    0.225931   -0.025931 (VIOLATED)
fanout1285/Z                            0.200000    0.225792   -0.025792 (VIOLATED)
fanout969/Z                             0.200000    0.225728   -0.025728 (VIOLATED)
fanout1139/Z                            0.200000    0.225589   -0.025589 (VIOLATED)
fanout1105/Z                            0.200000    0.225367   -0.025367 (VIOLATED)
fanout1141/Z                            0.200000    0.225052   -0.025052 (VIOLATED)
fanout1545/Z                            0.200000    0.224903   -0.024903 (VIOLATED)
fanout872/Z                             0.200000    0.224327   -0.024327 (VIOLATED)
_18146_/ZN                              0.200000    0.223595   -0.023595 (VIOLATED)
_13188_/ZN                              0.200000    0.223218   -0.023218 (VIOLATED)
fanout1058/Z                            0.200000    0.222757   -0.022757 (VIOLATED)
_15873_/ZN                              0.200000    0.222703   -0.022703 (VIOLATED)
fanout1106/Z                            0.200000    0.222637   -0.022637 (VIOLATED)
clkbuf_6_24_0_clk/Z                     0.200000    0.222619   -0.022619 (VIOLATED)
fanout769/Z                             0.200000    0.221898   -0.021898 (VIOLATED)
fanout1204/Z                            0.200000    0.221534   -0.021534 (VIOLATED)
clkbuf_6_27_0_clk/Z                     0.200000    0.221014   -0.021014 (VIOLATED)
fanout260/Z                             0.200000    0.220769   -0.020769 (VIOLATED)
clkbuf_6_30_0_clk/Z                     0.200000    0.220712   -0.020712 (VIOLATED)
_13222_/ZN                              0.200000    0.219995   -0.019995 (VIOLATED)
fanout833/Z                             0.200000    0.219973   -0.019973 (VIOLATED)
fanout895/Z                             0.200000    0.219820   -0.019820 (VIOLATED)
clkbuf_6_25_0_clk/Z                     0.200000    0.219324   -0.019324 (VIOLATED)
clkbuf_6_20_0_clk/Z                     0.200000    0.219262   -0.019262 (VIOLATED)
fanout960/Z                             0.200000    0.219063   -0.019063 (VIOLATED)
fanout1233/Z                            0.200000    0.218841   -0.018841 (VIOLATED)
fanout1549/Z                            0.200000    0.218331   -0.018331 (VIOLATED)
clkbuf_6_15_0_clk/Z                     0.200000    0.217978   -0.017978 (VIOLATED)
fanout181/Z                             0.200000    0.217727   -0.017727 (VIOLATED)
clkbuf_6_22_0_clk/Z                     0.200000    0.217681   -0.017681 (VIOLATED)
fanout701/Z                             0.200000    0.217406   -0.017406 (VIOLATED)
fanout846/Z                             0.200000    0.217209   -0.017209 (VIOLATED)
fanout621/Z                             0.200000    0.216743   -0.016743 (VIOLATED)
clkbuf_6_26_0_clk/Z                     0.200000    0.216722   -0.016722 (VIOLATED)
_15818_/ZN                              0.200000    0.216030   -0.016030 (VIOLATED)
fanout1708/Z                            0.200000    0.215839   -0.015839 (VIOLATED)
fanout1406/Z                            0.200000    0.215597   -0.015597 (VIOLATED)
fanout1101/Z                            0.200000    0.215321   -0.015321 (VIOLATED)
clkbuf_6_29_0_clk/Z                     0.200000    0.215057   -0.015057 (VIOLATED)
fanout110/Z                             0.200000    0.214875   -0.014875 (VIOLATED)
fanout1244/Z                            0.200000    0.214869   -0.014869 (VIOLATED)
fanout1260/Z                            0.200000    0.213987   -0.013987 (VIOLATED)
fanout1243/Z                            0.200000    0.213973   -0.013973 (VIOLATED)
fanout1120/Z                            0.200000    0.213821   -0.013821 (VIOLATED)
fanout1116/Z                            0.200000    0.213603   -0.013603 (VIOLATED)
fanout847/Z                             0.200000    0.212258   -0.012258 (VIOLATED)
clkbuf_6_23_0_clk/Z                     0.200000    0.212080   -0.012080 (VIOLATED)
_15875_/ZN                              0.200000    0.211592   -0.011592 (VIOLATED)
_22267_/ZN                              0.200000    0.211359   -0.011359 (VIOLATED)
fanout593/Z                             0.200000    0.211277   -0.011277 (VIOLATED)
fanout613/Z                             0.200000    0.211160   -0.011160 (VIOLATED)
fanout1702/Z                            0.200000    0.211124   -0.011124 (VIOLATED)
fanout865/Z                             0.200000    0.210468   -0.010468 (VIOLATED)
fanout1569/Z                            0.200000    0.210179   -0.010179 (VIOLATED)
clkbuf_6_17_0_clk/Z                     0.200000    0.210154   -0.010154 (VIOLATED)
clkbuf_6_28_0_clk/Z                     0.200000    0.210112   -0.010112 (VIOLATED)
clkbuf_6_31_0_clk/Z                     0.200000    0.210066   -0.010066 (VIOLATED)
fanout1237/Z                            0.200000    0.209881   -0.009881 (VIOLATED)
fanout1464/Z                            0.200000    0.209827   -0.009827 (VIOLATED)
_13350_/ZN                              0.200000    0.209511   -0.009511 (VIOLATED)
_12843_/ZN                              0.200000    0.209103   -0.009103 (VIOLATED)
fanout841/Z                             0.200000    0.209047   -0.009047 (VIOLATED)
fanout1306/Z                            0.200000    0.208801   -0.008801 (VIOLATED)
fanout276/Z                             0.200000    0.208734   -0.008734 (VIOLATED)
_15874_/ZN                              0.200000    0.208693   -0.008693 (VIOLATED)
fanout1472/Z                            0.200000    0.208531   -0.008531 (VIOLATED)
clkbuf_6_19_0_clk/Z                     0.200000    0.208199   -0.008199 (VIOLATED)
fanout861/Z                             0.200000    0.208062   -0.008062 (VIOLATED)
fanout248/Z                             0.200000    0.207971   -0.007971 (VIOLATED)
fanout1176/Z                            0.200000    0.207964   -0.007964 (VIOLATED)
fanout233/Z                             0.200000    0.207937   -0.007937 (VIOLATED)
_15878_/ZN                              0.200000    0.207863   -0.007863 (VIOLATED)
fanout1174/Z                            0.200000    0.207737   -0.007737 (VIOLATED)
fanout805/Z                             0.200000    0.207617   -0.007617 (VIOLATED)
fanout770/Z                             0.200000    0.207522   -0.007522 (VIOLATED)
fanout733/Z                             0.200000    0.207515   -0.007515 (VIOLATED)
_15834_/ZN                              0.200000    0.207230   -0.007230 (VIOLATED)
fanout832/Z                             0.200000    0.207129   -0.007129 (VIOLATED)
fanout1059/Z                            0.200000    0.206986   -0.006986 (VIOLATED)
fanout1468/Z                            0.200000    0.206821   -0.006821 (VIOLATED)
_12849_/Z                               0.200000    0.206543   -0.006543 (VIOLATED)
fanout982/Z                             0.200000    0.205374   -0.005374 (VIOLATED)
_15880_/ZN                              0.200000    0.205132   -0.005132 (VIOLATED)
fanout1485/Z                            0.200000    0.204882   -0.004882 (VIOLATED)
clkbuf_6_21_0_clk/Z                     0.200000    0.204249   -0.004249 (VIOLATED)
fanout931/Z                             0.200000    0.204112   -0.004112 (VIOLATED)
max_cap1132/Z                           0.200000    0.203738   -0.003738 (VIOLATED)
fanout1133/Z                            0.200000    0.203154   -0.003154 (VIOLATED)
clkbuf_6_10_0_clk/Z                     0.200000    0.203149   -0.003149 (VIOLATED)
fanout741/Z                             0.200000    0.203137   -0.003137 (VIOLATED)
max_cap1223/Z                           0.200000    0.203125   -0.003125 (VIOLATED)
fanout902/Z                             0.200000    0.203110   -0.003110 (VIOLATED)
fanout884/Z                             0.200000    0.202880   -0.002880 (VIOLATED)
fanout1567/Z                            0.200000    0.202402   -0.002402 (VIOLATED)
fanout223/Z                             0.200000    0.202313   -0.002313 (VIOLATED)
fanout559/Z                             0.200000    0.202119   -0.002119 (VIOLATED)
fanout1302/Z                            0.200000    0.202040   -0.002040 (VIOLATED)
fanout65/Z                              0.200000    0.201529   -0.001529 (VIOLATED)
fanout1577/Z                            0.200000    0.201440   -0.001440 (VIOLATED)
fanout706/Z                             0.200000    0.201282   -0.001282 (VIOLATED)
fanout1483/Z                            0.200000    0.200989   -0.000989 (VIOLATED)
_14972_/Z                               0.200000    0.200745   -0.000745 (VIOLATED)
_15798_/ZN                              0.200000    0.200120   -0.000120 (VIOLATED)



===========================================================================
report_parasitic_annotation -report_unannotated
============================================================================
Found 495 unannotated drivers.
 clkload0/ZN
 clkload1/ZN
 clkload10/ZN
 clkload100/Z
 clkload101/Z
 clkload102/ZN
 clkload103/Z
 clkload104/ZN
 clkload105/Z
 clkload106/ZN
 clkload107/Z
 clkload108/ZN
 clkload109/Z
 clkload11/ZN
 clkload110/Z
 clkload111/ZN
 clkload112/Z
 clkload113/ZN
 clkload114/ZN
 clkload115/ZN
 clkload116/ZN
 clkload117/Z
 clkload118/ZN
 clkload119/ZN
 clkload12/ZN
 clkload120/ZN
 clkload121/ZN
 clkload122/ZN
 clkload123/ZN
 clkload124/ZN
 clkload125/ZN
 clkload126/ZN
 clkload127/ZN
 clkload128/ZN
 clkload129/ZN
 clkload13/ZN
 clkload130/Z
 clkload131/ZN
 clkload132/ZN
 clkload133/ZN
 clkload134/ZN
 clkload135/Z
 clkload136/ZN
 clkload137/Z
 clkload138/ZN
 clkload139/ZN
 clkload14/Z
 clkload140/ZN
 clkload141/ZN
 clkload142/ZN
 clkload143/ZN
 clkload144/ZN
 clkload145/ZN
 clkload146/ZN
 clkload147/ZN
 clkload148/ZN
 clkload149/Z
 clkload15/ZN
 clkload150/ZN
 clkload151/Z
 clkload152/Z
 clkload153/ZN
 clkload154/ZN
 clkload155/ZN
 clkload156/Z
 clkload157/Z
 clkload158/ZN
 clkload159/ZN
 clkload16/ZN
 clkload160/ZN
 clkload161/Z
 clkload162/Z
 clkload163/ZN
 clkload164/Z
 clkload165/ZN
 clkload166/ZN
 clkload167/ZN
 clkload168/ZN
 clkload169/ZN
 clkload17/ZN
 clkload170/Z
 clkload171/Z
 clkload172/ZN
 clkload173/ZN
 clkload174/ZN
 clkload175/ZN
 clkload176/ZN
 clkload177/ZN
 clkload178/ZN
 clkload179/ZN
 clkload18/ZN
 clkload180/ZN
 clkload181/ZN
 clkload182/ZN
 clkload183/Z
 clkload184/Z
 clkload185/Z
 clkload186/Z
 clkload187/ZN
 clkload188/ZN
 clkload189/ZN
 clkload19/ZN
 clkload190/Z
 clkload191/Z
 clkload192/Z
 clkload193/Z
 clkload194/ZN
 clkload195/Z
 clkload196/ZN
 clkload197/ZN
 clkload198/ZN
 clkload199/ZN
 clkload2/ZN
 clkload20/ZN
 clkload200/Z
 clkload201/ZN
 clkload202/Z
 clkload203/ZN
 clkload204/ZN
 clkload205/ZN
 clkload206/Z
 clkload207/ZN
 clkload208/ZN
 clkload209/ZN
 clkload21/ZN
 clkload210/ZN
 clkload211/ZN
 clkload212/Z
 clkload213/Z
 clkload214/ZN
 clkload215/Z
 clkload216/Z
 clkload217/ZN
 clkload218/ZN
 clkload219/ZN
 clkload22/ZN
 clkload220/Z
 clkload221/ZN
 clkload222/ZN
 clkload223/ZN
 clkload224/Z
 clkload225/ZN
 clkload226/Z
 clkload227/Z
 clkload228/Z
 clkload229/ZN
 clkload23/ZN
 clkload230/ZN
 clkload231/Z
 clkload232/ZN
 clkload233/ZN
 clkload234/Z
 clkload235/ZN
 clkload236/ZN
 clkload237/ZN
 clkload238/ZN
 clkload239/Z
 clkload24/ZN
 clkload240/ZN
 clkload241/ZN
 clkload242/ZN
 clkload243/Z
 clkload244/ZN
 clkload245/ZN
 clkload246/Z
 clkload247/Z
 clkload248/Z
 clkload249/Z
 clkload25/ZN
 clkload250/ZN
 clkload251/ZN
 clkload252/Z
 clkload253/Z
 clkload254/ZN
 clkload255/Z
 clkload256/ZN
 clkload257/Z
 clkload258/ZN
 clkload259/Z
 clkload26/Z
 clkload260/ZN
 clkload261/ZN
 clkload262/Z
 clkload263/ZN
 clkload264/ZN
 clkload265/ZN
 clkload266/Z
 clkload267/Z
 clkload268/ZN
 clkload269/ZN
 clkload27/ZN
 clkload270/ZN
 clkload271/Z
 clkload272/Z
 clkload273/Z
 clkload274/ZN
 clkload275/Z
 clkload276/Z
 clkload277/Z
 clkload278/Z
 clkload279/Z
 clkload28/ZN
 clkload280/ZN
 clkload281/Z
 clkload282/ZN
 clkload283/Z
 clkload284/Z
 clkload285/ZN
 clkload286/Z
 clkload287/Z
 clkload288/ZN
 clkload289/ZN
 clkload29/ZN
 clkload290/Z
 clkload291/ZN
 clkload292/ZN
 clkload293/Z
 clkload294/Z
 clkload295/ZN
 clkload296/ZN
 clkload297/ZN
 clkload298/ZN
 clkload299/Z
 clkload3/ZN
 clkload30/ZN
 clkload300/ZN
 clkload301/ZN
 clkload302/ZN
 clkload303/Z
 clkload304/ZN
 clkload305/Z
 clkload306/ZN
 clkload307/ZN
 clkload308/Z
 clkload309/Z
 clkload31/ZN
 clkload310/ZN
 clkload311/ZN
 clkload312/Z
 clkload313/Z
 clkload314/ZN
 clkload315/Z
 clkload316/ZN
 clkload317/ZN
 clkload318/ZN
 clkload319/ZN
 clkload32/ZN
 clkload320/ZN
 clkload321/ZN
 clkload322/ZN
 clkload323/ZN
 clkload324/ZN
 clkload325/ZN
 clkload326/ZN
 clkload327/Z
 clkload328/ZN
 clkload329/Z
 clkload33/Z
 clkload330/ZN
 clkload331/Z
 clkload332/ZN
 clkload333/Z
 clkload334/ZN
 clkload335/ZN
 clkload336/ZN
 clkload337/Z
 clkload338/ZN
 clkload339/ZN
 clkload34/ZN
 clkload340/Z
 clkload341/ZN
 clkload342/Z
 clkload343/ZN
 clkload344/ZN
 clkload345/ZN
 clkload346/ZN
 clkload347/ZN
 clkload348/ZN
 clkload349/Z
 clkload35/ZN
 clkload350/Z
 clkload351/Z
 clkload352/Z
 clkload353/Z
 clkload354/Z
 clkload355/Z
 clkload356/Z
 clkload357/ZN
 clkload358/ZN
 clkload359/ZN
 clkload36/ZN
 clkload360/ZN
 clkload361/Z
 clkload362/Z
 clkload363/Z
 clkload364/Z
 clkload365/Z
 clkload366/Z
 clkload367/Z
 clkload368/ZN
 clkload369/Z
 clkload37/ZN
 clkload370/ZN
 clkload371/ZN
 clkload372/ZN
 clkload373/ZN
 clkload374/Z
 clkload375/Z
 clkload376/Z
 clkload377/Z
 clkload378/Z
 clkload379/Z
 clkload38/ZN
 clkload380/Z
 clkload381/Z
 clkload382/ZN
 clkload383/ZN
 clkload384/ZN
 clkload385/Z
 clkload386/ZN
 clkload387/Z
 clkload388/Z
 clkload389/Z
 clkload39/ZN
 clkload390/Z
 clkload391/Z
 clkload392/ZN
 clkload393/ZN
 clkload394/ZN
 clkload395/ZN
 clkload396/ZN
 clkload397/ZN
 clkload398/Z
 clkload399/ZN
 clkload4/Z
 clkload40/ZN
 clkload400/ZN
 clkload401/ZN
 clkload402/Z
 clkload403/ZN
 clkload404/Z
 clkload405/ZN
 clkload406/ZN
 clkload407/ZN
 clkload408/ZN
 clkload409/ZN
 clkload41/ZN
 clkload410/ZN
 clkload411/ZN
 clkload412/ZN
 clkload413/ZN
 clkload414/ZN
 clkload415/ZN
 clkload416/ZN
 clkload417/Z
 clkload418/ZN
 clkload419/ZN
 clkload42/ZN
 clkload420/ZN
 clkload421/ZN
 clkload422/ZN
 clkload423/ZN
 clkload424/ZN
 clkload425/ZN
 clkload426/ZN
 clkload427/Z
 clkload428/ZN
 clkload429/ZN
 clkload43/ZN
 clkload430/Z
 clkload431/Z
 clkload432/Z
 clkload433/ZN
 clkload434/ZN
 clkload435/ZN
 clkload436/ZN
 clkload437/Z
 clkload438/ZN
 clkload439/Z
 clkload44/ZN
 clkload440/ZN
 clkload441/ZN
 clkload442/ZN
 clkload443/Z
 clkload444/Z
 clkload445/Z
 clkload446/Z
 clkload447/ZN
 clkload448/Z
 clkload449/Z
 clkload45/ZN
 clkload450/Z
 clkload451/ZN
 clkload452/ZN
 clkload453/ZN
 clkload454/ZN
 clkload455/ZN
 clkload456/Z
 clkload457/ZN
 clkload458/Z
 clkload459/Z
 clkload46/ZN
 clkload460/Z
 clkload461/Z
 clkload462/ZN
 clkload463/Z
 clkload464/Z
 clkload465/Z
 clkload466/Z
 clkload467/Z
 clkload468/Z
 clkload469/Z
 clkload47/ZN
 clkload470/ZN
 clkload471/ZN
 clkload472/ZN
 clkload473/Z
 clkload474/ZN
 clkload475/Z
 clkload476/ZN
 clkload477/ZN
 clkload478/Z
 clkload479/ZN
 clkload48/ZN
 clkload480/ZN
 clkload481/Z
 clkload482/ZN
 clkload483/ZN
 clkload484/ZN
 clkload485/ZN
 clkload486/ZN
 clkload487/ZN
 clkload488/ZN
 clkload489/Z
 clkload49/ZN
 clkload490/Z
 clkload491/Z
 clkload492/ZN
 clkload493/Z
 clkload494/ZN
 clkload5/ZN
 clkload50/ZN
 clkload51/ZN
 clkload52/ZN
 clkload53/ZN
 clkload54/ZN
 clkload55/ZN
 clkload56/ZN
 clkload57/ZN
 clkload58/ZN
 clkload59/ZN
 clkload6/ZN
 clkload60/ZN
 clkload61/ZN
 clkload62/Z
 clkload63/ZN
 clkload64/ZN
 clkload65/ZN
 clkload66/ZN
 clkload67/ZN
 clkload68/ZN
 clkload69/ZN
 clkload7/ZN
 clkload70/ZN
 clkload71/ZN
 clkload72/ZN
 clkload73/ZN
 clkload74/ZN
 clkload75/ZN
 clkload76/ZN
 clkload77/ZN
 clkload78/ZN
 clkload79/Z
 clkload8/Z
 clkload80/Z
 clkload81/ZN
 clkload82/ZN
 clkload83/ZN
 clkload84/Z
 clkload85/Z
 clkload86/ZN
 clkload87/ZN
 clkload88/ZN
 clkload89/ZN
 clkload9/ZN
 clkload90/Z
 clkload91/Z
 clkload92/Z
 clkload93/Z
 clkload94/Z
 clkload95/Z
 clkload96/Z
 clkload97/ZN
 clkload98/Z
 clkload99/Z
Found 0 partially unannotated drivers.

===========================================================================
max slew violation count 0
max fanout violation count 24
max cap violation count 305
============================================================================

===========================================================================
check_setup -verbose -unconstrained_endpoints -multiple_clock -no_clock -no_input_delay -loops -generated_clocks
===========================================================================
