Clock: clk
Sources: clk 
Generated: no
Virtual: yes
Propagated: no
Period: 40.000000

===========================================================================
report_clock_properties
============================================================================
Clock                   Period          Waveform
----------------------------------------------------
clk                  40.000000    0.000000 20.000000

===========================================================================
report_clock_latency
============================================================================
Clock clk
rise -> rise
    min     max
0.000000 0.000000 source latency
1.391055         network latency _27320_/CLK
        1.711882 network latency _27286_/CLK
---------------
1.391055 1.711882 latency
        0.320827 skew

fall -> fall
    min     max
0.000000 0.000000 source latency
1.376636         network latency _27320_/CLK
        1.738359 network latency _27286_/CLK
---------------
1.376636 1.738359 latency
        0.361723 skew



===========================================================================
report_clock_min_period
============================================================================
clk period_min = 10.88 fmax = 91.95
