
===========================================================================
report_checks -unconstrained
===========================================================================
======================= nom_tt_025C_5v00 Corner ===================================

Startpoint: rst (input port clocked by clk)
Endpoint: _25481_ (recovery check against rising-edge clock clk)
Path Group: asynchronous
Path Type: max

Fanout         Cap        Slew       Delay        Time   Description
---------------------------------------------------------------------------------------------
                                  0.000000    0.000000   clock clk (rise edge)
                                  0.000000    0.000000   clock network delay (propagated)
                                  8.000000    8.000000 v input external delay
     1    0.006057    0.085462    0.036885    8.036885 v rst (in)
                                                         rst (net)
                      0.085462    0.000000    8.036885 v input3/I (gf180mcu_fd_sc_mcu7t5v0__buf_2)
     4    0.178629    0.872152    0.712523    8.749408 v input3/Z (gf180mcu_fd_sc_mcu7t5v0__buf_2)
                                                         net3 (net)
                      0.872154    0.000878    8.750286 v fanout1867/I (gf180mcu_fd_sc_mcu7t5v0__buf_2)
     5    0.106170    0.534086    0.719008    9.469294 v fanout1867/Z (gf180mcu_fd_sc_mcu7t5v0__buf_2)
                                                         net1867 (net)
                      0.534086    0.000530    9.469824 v fanout1846/I (gf180mcu_fd_sc_mcu7t5v0__buf_2)
     6    0.104709    0.524153    0.628878   10.098702 v fanout1846/Z (gf180mcu_fd_sc_mcu7t5v0__buf_2)
                                                         net1846 (net)
                      0.524155    0.000671   10.099374 v fanout1845/I (gf180mcu_fd_sc_mcu7t5v0__buf_2)
     8    0.085691    0.437083    0.573497   10.672871 v fanout1845/Z (gf180mcu_fd_sc_mcu7t5v0__buf_2)
                                                         net1845 (net)
                      0.437206    0.004160   10.677032 v fanout1841/I (gf180mcu_fd_sc_mcu7t5v0__buf_2)
    10    0.109820    0.548635    0.619519   11.296550 v fanout1841/Z (gf180mcu_fd_sc_mcu7t5v0__buf_2)
                                                         net1841 (net)
                      0.548662    0.002194   11.298743 v _24723_/I (gf180mcu_fd_sc_mcu7t5v0__clkinv_1)
     1    0.008117    0.263440    0.240319   11.539062 ^ _24723_/ZN (gf180mcu_fd_sc_mcu7t5v0__clkinv_1)
                                                         _00642_ (net)
                      0.263440    0.000083   11.539146 ^ _25481_/RN (gf180mcu_fd_sc_mcu7t5v0__dffrnq_1)
                                             11.539146   data arrival time

                                 40.000000   40.000000   clock clk (rise edge)
                                  0.000000   40.000000   clock source latency
     1    0.151347    0.629316    0.368626   40.368626 ^ clk (in)
                                                         clk (net)
                      0.633511    0.000000   40.368626 ^ clkbuf_0_clk/I (gf180mcu_fd_sc_mcu7t5v0__clkbuf_16)
     4    0.267792    0.313723    0.471744   40.840370 ^ clkbuf_0_clk/Z (gf180mcu_fd_sc_mcu7t5v0__clkbuf_16)
                                                         clknet_0_clk (net)
                      0.314573    0.011454   40.851826 ^ clkbuf_2_2_0_clk/I (gf180mcu_fd_sc_mcu7t5v0__clkbuf_8)
    16    0.459810    0.942882    0.765567   41.617393 ^ clkbuf_2_2_0_clk/Z (gf180mcu_fd_sc_mcu7t5v0__clkbuf_8)
                                                         clknet_2_2_0_clk (net)
                      0.945525    0.027178   41.644569 ^ clkbuf_6_42_0_clk/I (gf180mcu_fd_sc_mcu7t5v0__clkbuf_8)
     7    0.131077    0.314641    0.504713   42.149284 ^ clkbuf_6_42_0_clk/Z (gf180mcu_fd_sc_mcu7t5v0__clkbuf_8)
                                                         clknet_6_42_0_clk (net)
                      0.314645    0.001517   42.150799 ^ _25481_/CLK (gf180mcu_fd_sc_mcu7t5v0__dffrnq_1)
                                 -0.250000   41.900799   clock uncertainty
                                  0.000000   41.900799   clock reconvergence pessimism
                                  0.251740   42.152542   library recovery time
                                             42.152542   data required time
---------------------------------------------------------------------------------------------
                                             42.152542   data required time
                                            -11.539146   data arrival time
---------------------------------------------------------------------------------------------
                                             30.613394   slack (MET)


Startpoint: _25494_ (rising edge-triggered flip-flop clocked by clk)
Endpoint: _25805_ (rising edge-triggered flip-flop clocked by clk)
Path Group: clk
Path Type: max

Fanout         Cap        Slew       Delay        Time   Description
---------------------------------------------------------------------------------------------
                                  0.000000    0.000000   clock clk (rise edge)
                                  0.000000    0.000000   clock source latency
     1    0.151347    0.629316    0.368626    0.368626 ^ clk (in)
                                                         clk (net)
                      0.633511    0.000000    0.368626 ^ clkbuf_0_clk/I (gf180mcu_fd_sc_mcu7t5v0__clkbuf_16)
     4    0.267792    0.313723    0.471745    0.840371 ^ clkbuf_0_clk/Z (gf180mcu_fd_sc_mcu7t5v0__clkbuf_16)
                                                         clknet_0_clk (net)
                      0.314869    0.013325    0.853696 ^ clkbuf_2_0_0_clk/I (gf180mcu_fd_sc_mcu7t5v0__clkbuf_8)
    16    0.401702    0.836819    0.718169    1.571865 ^ clkbuf_2_0_0_clk/Z (gf180mcu_fd_sc_mcu7t5v0__clkbuf_8)
                                                         clknet_2_0_0_clk (net)
                      0.837994    0.017843    1.589707 ^ clkbuf_6_11_0_clk/I (gf180mcu_fd_sc_mcu7t5v0__clkbuf_8)
     9    0.182340    0.408550    0.549113    2.138820 ^ clkbuf_6_11_0_clk/Z (gf180mcu_fd_sc_mcu7t5v0__clkbuf_8)
                                                         clknet_6_11_0_clk (net)
                      0.408576    0.002645    2.141466 ^ clkbuf_leaf_499_clk/I (gf180mcu_fd_sc_mcu7t5v0__clkbuf_8)
     8    0.046569    0.154207    0.328393    2.469859 ^ clkbuf_leaf_499_clk/Z (gf180mcu_fd_sc_mcu7t5v0__clkbuf_8)
                                                         clknet_leaf_499_clk (net)
                      0.154207    0.000644    2.470503 ^ _25494_/CLK (gf180mcu_fd_sc_mcu7t5v0__dffrnq_1)
     1    0.008723    0.229629    0.929682    3.400185 ^ _25494_/Q (gf180mcu_fd_sc_mcu7t5v0__dffrnq_1)
                                                         pp_inst.core_inst.reg_cnt_i.data_q[0] (net)
                      0.229629    0.000194    3.400379 ^ fanout1702/I (gf180mcu_fd_sc_mcu7t5v0__clkbuf_4)
     7    0.211363    0.869826    0.722789    4.123168 ^ fanout1702/Z (gf180mcu_fd_sc_mcu7t5v0__clkbuf_4)
                                                         net1702 (net)
                      0.869871    0.003611    4.126780 ^ fanout1700/I (gf180mcu_fd_sc_mcu7t5v0__clkbuf_4)
    10    0.155400    0.655725    0.719753    4.846532 ^ fanout1700/Z (gf180mcu_fd_sc_mcu7t5v0__clkbuf_4)
                                                         net1700 (net)
                      0.655785    0.003489    4.850021 ^ _12382_/I (gf180mcu_fd_sc_mcu7t5v0__clkinv_3)
     3    0.151967    0.822233    0.647322    5.497343 v _12382_/ZN (gf180mcu_fd_sc_mcu7t5v0__clkinv_3)
                                                         _09184_ (net)
                      0.822326    0.005028    5.502371 v fanout1699/I (gf180mcu_fd_sc_mcu7t5v0__buf_4)
    10    0.260782    0.639033    0.741988    6.244359 v fanout1699/Z (gf180mcu_fd_sc_mcu7t5v0__buf_4)
                                                         net1699 (net)
                      0.639055    0.002176    6.246535 v fanout1698/I (gf180mcu_fd_sc_mcu7t5v0__buf_4)
    10    0.183884    0.463499    0.602040    6.848576 v fanout1698/Z (gf180mcu_fd_sc_mcu7t5v0__buf_4)
                                                         net1698 (net)
                      0.463720    0.005784    6.854360 v _13346_/B (gf180mcu_fd_sc_mcu7t5v0__aoi21_2)
     2    0.144108    2.283536    1.432805    8.287165 ^ _13346_/ZN (gf180mcu_fd_sc_mcu7t5v0__aoi21_2)
                                                         _09960_ (net)
                      2.283911    0.016286    8.303451 ^ fanout1553/I (gf180mcu_fd_sc_mcu7t5v0__buf_3)
     6    0.127945    0.735034    0.678631    8.982081 ^ fanout1553/Z (gf180mcu_fd_sc_mcu7t5v0__buf_3)
                                                         net1553 (net)
                      0.735095    0.003546    8.985627 ^ fanout1552/I (gf180mcu_fd_sc_mcu7t5v0__clkbuf_4)
    10    0.142515    0.603577    0.668697    9.654324 ^ fanout1552/Z (gf180mcu_fd_sc_mcu7t5v0__clkbuf_4)
                                                         net1552 (net)
                      0.603893    0.007634    9.661958 ^ _13349_/A2 (gf180mcu_fd_sc_mcu7t5v0__nor2_1)
     1    0.015196    0.371188    0.298118    9.960075 v _13349_/ZN (gf180mcu_fd_sc_mcu7t5v0__nor2_1)
                                                         _09963_ (net)
                      0.371188    0.000588    9.960664 v fanout1462/I (gf180mcu_fd_sc_mcu7t5v0__clkbuf_4)
     8    0.174021    0.734066    0.717846   10.678510 v fanout1462/Z (gf180mcu_fd_sc_mcu7t5v0__clkbuf_4)
                                                         net1462 (net)
                      0.734179    0.005236   10.683745 v fanout1458/I (gf180mcu_fd_sc_mcu7t5v0__buf_2)
     5    0.077863    0.402972    0.604252   11.287997 v fanout1458/Z (gf180mcu_fd_sc_mcu7t5v0__buf_2)
                                                         net1458 (net)
                      0.402979    0.000935   11.288933 v fanout1457/I (gf180mcu_fd_sc_mcu7t5v0__buf_2)
     7    0.078817    0.403759    0.519741   11.808674 v fanout1457/Z (gf180mcu_fd_sc_mcu7t5v0__buf_2)
                                                         net1457 (net)
                      0.403904    0.004349   11.813023 v fanout1456/I (gf180mcu_fd_sc_mcu7t5v0__clkbuf_4)
    10    0.120040    0.518645    0.597671   12.410694 v fanout1456/Z (gf180mcu_fd_sc_mcu7t5v0__clkbuf_4)
                                                         net1456 (net)
                      0.518869    0.006100   12.416794 v _13489_/A2 (gf180mcu_fd_sc_mcu7t5v0__aoi221_2)
     1    0.012139    0.791303    0.540309   12.957104 ^ _13489_/ZN (gf180mcu_fd_sc_mcu7t5v0__aoi221_2)
                                                         _10101_ (net)
                      0.791303    0.000155   12.957259 ^ _13492_/A2 (gf180mcu_fd_sc_mcu7t5v0__aoi21_2)
     1    0.022201    0.333203    0.207301   13.164559 v _13492_/ZN (gf180mcu_fd_sc_mcu7t5v0__aoi21_2)
                                                         _10104_ (net)
                      0.333204    0.000554   13.165113 v _13493_/B1 (gf180mcu_fd_sc_mcu7t5v0__aoi22_4)
     4    0.137275    1.408257    0.894238   14.059351 ^ _13493_/ZN (gf180mcu_fd_sc_mcu7t5v0__aoi22_4)
                                                         _10105_ (net)
                      1.408299    0.011947   14.071299 ^ _13495_/A2 (gf180mcu_fd_sc_mcu7t5v0__xor2_1)
     2    0.043857    1.478226    0.979987   15.051285 ^ _13495_/Z (gf180mcu_fd_sc_mcu7t5v0__xor2_1)
                                                         _10107_ (net)
                      1.478226    0.000679   15.051964 ^ _13496_/A2 (gf180mcu_fd_sc_mcu7t5v0__aoi21_2)
     2    0.030354    0.511676    0.245988   15.297952 v _13496_/ZN (gf180mcu_fd_sc_mcu7t5v0__aoi21_2)
                                                         _10108_ (net)
                      0.511676    0.000529   15.298481 v _15977_/B1 (gf180mcu_fd_sc_mcu7t5v0__aoi22_2)
     1    0.045609    0.936399    0.650820   15.949301 ^ _15977_/ZN (gf180mcu_fd_sc_mcu7t5v0__aoi22_2)
                                                         _12339_ (net)
                      0.936404    0.003370   15.952671 ^ fanout504/I (gf180mcu_fd_sc_mcu7t5v0__buf_2)
     5    0.138829    1.142506    0.845173   16.797844 ^ fanout504/Z (gf180mcu_fd_sc_mcu7t5v0__buf_2)
                                                         net504 (net)
                      1.143445    0.018479   16.816322 ^ fanout503/I (gf180mcu_fd_sc_mcu7t5v0__buf_2)
     7    0.063470    0.547816    0.510074   17.326397 ^ fanout503/Z (gf180mcu_fd_sc_mcu7t5v0__buf_2)
                                                         net503 (net)
                      0.547831    0.001611   17.328009 ^ fanout502/I (gf180mcu_fd_sc_mcu7t5v0__buf_2)
    10    0.078235    0.661232    0.557684   17.885693 ^ fanout502/Z (gf180mcu_fd_sc_mcu7t5v0__buf_2)
                                                         net502 (net)
                      0.661346    0.004865   17.890556 ^ fanout501/I (gf180mcu_fd_sc_mcu7t5v0__buf_1)
     5    0.038623    0.669508    0.578277   18.468834 ^ fanout501/Z (gf180mcu_fd_sc_mcu7t5v0__buf_1)
                                                         net501 (net)
                      0.669512    0.000909   18.469744 ^ _20300_/A1 (gf180mcu_fd_sc_mcu7t5v0__oai21_1)
     1    0.005445    0.302377    0.156582   18.626326 v _20300_/ZN (gf180mcu_fd_sc_mcu7t5v0__oai21_1)
                                                         _01447_ (net)
                      0.302377    0.000117   18.626444 v _25805_/D (gf180mcu_fd_sc_mcu7t5v0__dffq_1)
                                             18.626444   data arrival time

                                 40.000000   40.000000   clock clk (rise edge)
                                  0.000000   40.000000   clock source latency
     1    0.151347    0.629316    0.368626   40.368626 ^ clk (in)
                                                         clk (net)
                      0.633511    0.000000   40.368626 ^ clkbuf_0_clk/I (gf180mcu_fd_sc_mcu7t5v0__clkbuf_16)
     4    0.267792    0.313723    0.471744   40.840370 ^ clkbuf_0_clk/Z (gf180mcu_fd_sc_mcu7t5v0__clkbuf_16)
                                                         clknet_0_clk (net)
                      0.314324    0.009692   40.850063 ^ clkbuf_2_3_0_clk/I (gf180mcu_fd_sc_mcu7t5v0__clkbuf_8)
    16    0.378495    0.790170    0.690982   41.541042 ^ clkbuf_2_3_0_clk/Z (gf180mcu_fd_sc_mcu7t5v0__clkbuf_8)
                                                         clknet_2_3_0_clk (net)
                      0.790318    0.006064   41.547108 ^ clkbuf_6_55_0_clk/I (gf180mcu_fd_sc_mcu7t5v0__clkbuf_8)
     7    0.140326    0.328548    0.496545   42.043652 ^ clkbuf_6_55_0_clk/Z (gf180mcu_fd_sc_mcu7t5v0__clkbuf_8)
                                                         clknet_6_55_0_clk (net)
                      0.328551    0.001592   42.045246 ^ clkbuf_leaf_332_clk/I (gf180mcu_fd_sc_mcu7t5v0__clkbuf_8)
     6    0.031774    0.127018    0.295479   42.340725 ^ clkbuf_leaf_332_clk/Z (gf180mcu_fd_sc_mcu7t5v0__clkbuf_8)
                                                         clknet_leaf_332_clk (net)
                      0.127018    0.000366   42.341091 ^ _25805_/CLK (gf180mcu_fd_sc_mcu7t5v0__dffq_1)
                                 -0.250000   42.091087   clock uncertainty
                                  0.000000   42.091087   clock reconvergence pessimism
                                 -0.283188   41.807903   library setup time
                                             41.807903   data required time
---------------------------------------------------------------------------------------------
                                             41.807903   data required time
                                            -18.626444   data arrival time
---------------------------------------------------------------------------------------------
                                             23.181459   slack (MET)




===========================================================================
report_checks --slack_max -0.01
============================================================================
======================= nom_tt_025C_5v00 Corner ===================================

No paths found.


===========================================================================
 report_check_types -max_slew -max_cap -max_fanout -violators
============================================================================
======================= nom_tt_025C_5v00 Corner ===================================

max slew

Pin                                        Limit        Slew       Slack
------------------------------------------------------------------------
_17803_/A2                              3.000000    3.989594   -0.989594 (VIOLATED)
_17802_/Z                               3.000000    3.989440   -0.989441 (VIOLATED)
_18435_/A2                              3.000000    3.460077   -0.460077 (VIOLATED)
_18512_/A2                              3.000000    3.460076   -0.460076 (VIOLATED)
_17785_/A2                              3.000000    3.459982   -0.459982 (VIOLATED)
_17781_/Z                               3.000000    3.459971   -0.459971 (VIOLATED)
_18435_/A1                              3.000000    3.034378   -0.034378 (VIOLATED)
_18359_/A1                              3.000000    3.034256   -0.034256 (VIOLATED)
_17638_/Z                               3.000000    3.034246   -0.034246 (VIOLATED)
_17646_/A1                              3.000000    3.034246   -0.034246 (VIOLATED)

max fanout

Pin                                   Limit Fanout  Slack
---------------------------------------------------------
clkbuf_2_0_0_clk/Z                       10     16     -6 (VIOLATED)
clkbuf_2_1_0_clk/Z                       10     16     -6 (VIOLATED)
clkbuf_2_2_0_clk/Z                       10     16     -6 (VIOLATED)
clkbuf_2_3_0_clk/Z                       10     16     -6 (VIOLATED)
clkbuf_6_16_0_clk/Z                      10     14     -4 (VIOLATED)
clkbuf_6_18_0_clk/Z                      10     14     -4 (VIOLATED)
clkbuf_6_29_0_clk/Z                      10     14     -4 (VIOLATED)
clkbuf_6_17_0_clk/Z                      10     13     -3 (VIOLATED)
clkbuf_6_20_0_clk/Z                      10     13     -3 (VIOLATED)
clkbuf_6_23_0_clk/Z                      10     13     -3 (VIOLATED)
clkbuf_6_26_0_clk/Z                      10     13     -3 (VIOLATED)
clkbuf_6_27_0_clk/Z                      10     13     -3 (VIOLATED)
clkbuf_6_10_0_clk/Z                      10     12     -2 (VIOLATED)
clkbuf_6_15_0_clk/Z                      10     12     -2 (VIOLATED)
clkbuf_6_24_0_clk/Z                      10     12     -2 (VIOLATED)
clkbuf_6_25_0_clk/Z                      10     12     -2 (VIOLATED)
clkbuf_6_31_0_clk/Z                      10     12     -2 (VIOLATED)
clkbuf_6_4_0_clk/Z                       10     12     -2 (VIOLATED)
clkbuf_6_8_0_clk/Z                       10     12     -2 (VIOLATED)
clkbuf_6_22_0_clk/Z                      10     11        (VIOLATED)
clkbuf_6_30_0_clk/Z                      10     11        (VIOLATED)
clkbuf_6_62_0_clk/Z                      10     11        (VIOLATED)
clkbuf_leaf_102_clk/Z                    10     11        (VIOLATED)
clkbuf_leaf_354_clk/Z                    10     11        (VIOLATED)

max capacitance

Pin                                        Limit         Cap       Slack
------------------------------------------------------------------------
clkbuf_2_2_0_clk/Z                      0.200000    0.459810   -0.259810 (VIOLATED)
clkbuf_2_1_0_clk/Z                      0.200000    0.422761   -0.222761 (VIOLATED)
clkbuf_2_0_0_clk/Z                      0.200000    0.401702   -0.201702 (VIOLATED)
clkbuf_2_3_0_clk/Z                      0.200000    0.378495   -0.178495 (VIOLATED)
fanout266/Z                             0.200000    0.346843   -0.146843 (VIOLATED)
fanout1418/Z                            0.200000    0.330845   -0.130845 (VIOLATED)
fanout1108/Z                            0.200000    0.324449   -0.124449 (VIOLATED)
fanout1329/Z                            0.200000    0.320838   -0.120838 (VIOLATED)
fanout870/Z                             0.200000    0.319426   -0.119426 (VIOLATED)
fanout643/Z                             0.200000    0.319083   -0.119083 (VIOLATED)
fanout1199/Z                            0.200000    0.318806   -0.118806 (VIOLATED)
fanout1097/Z                            0.200000    0.316677   -0.116677 (VIOLATED)
fanout1074/Z                            0.200000    0.315287   -0.115287 (VIOLATED)
fanout241/Z                             0.200000    0.313371   -0.113371 (VIOLATED)
fanout1315/Z                            0.200000    0.311228   -0.111228 (VIOLATED)
fanout1221/Z                            0.200000    0.307781   -0.107781 (VIOLATED)
fanout1067/Z                            0.200000    0.307073   -0.107073 (VIOLATED)
fanout1173/Z                            0.200000    0.305951   -0.105951 (VIOLATED)
fanout1103/Z                            0.200000    0.305224   -0.105224 (VIOLATED)
fanout1216/Z                            0.200000    0.305026   -0.105026 (VIOLATED)
fanout1178/Z                            0.200000    0.304589   -0.104589 (VIOLATED)
fanout140/Z                             0.200000    0.304411   -0.104411 (VIOLATED)
fanout1229/Z                            0.200000    0.303166   -0.103166 (VIOLATED)
fanout1267/Z                            0.200000    0.302961   -0.102961 (VIOLATED)
fanout1119/Z                            0.200000    0.300716   -0.100716 (VIOLATED)
fanout1062/Z                            0.200000    0.300340   -0.100340 (VIOLATED)
fanout1072/Z                            0.200000    0.299508   -0.099508 (VIOLATED)
fanout1305/Z                            0.200000    0.298318   -0.098318 (VIOLATED)
fanout1218/Z                            0.200000    0.298187   -0.098187 (VIOLATED)
max_cap1165/Z                           0.200000    0.298151   -0.098151 (VIOLATED)
fanout1319/Z                            0.200000    0.297232   -0.097232 (VIOLATED)
fanout1323/Z                            0.200000    0.296487   -0.096487 (VIOLATED)
fanout1123/Z                            0.200000    0.295987   -0.095987 (VIOLATED)
fanout1175/Z                            0.200000    0.295887   -0.095887 (VIOLATED)
fanout1104/Z                            0.200000    0.295563   -0.095563 (VIOLATED)
fanout1093/Z                            0.200000    0.293695   -0.093695 (VIOLATED)
fanout49/Z                              0.200000    0.293379   -0.093379 (VIOLATED)
fanout1247/Z                            0.200000    0.293048   -0.093048 (VIOLATED)
fanout1291/Z                            0.200000    0.291906   -0.091906 (VIOLATED)
fanout1210/Z                            0.200000    0.290972   -0.090972 (VIOLATED)
fanout1109/Z                            0.200000    0.290900   -0.090900 (VIOLATED)
fanout1138/Z                            0.200000    0.289394   -0.089394 (VIOLATED)
fanout1241/Z                            0.200000    0.288543   -0.088543 (VIOLATED)
fanout1263/Z                            0.200000    0.287924   -0.087924 (VIOLATED)
fanout1293/Z                            0.200000    0.287429   -0.087429 (VIOLATED)
fanout1181/Z                            0.200000    0.287029   -0.087029 (VIOLATED)
fanout1331/Z                            0.200000    0.286822   -0.086822 (VIOLATED)
fanout1321/Z                            0.200000    0.286557   -0.086557 (VIOLATED)
max_cap1250/Z                           0.200000    0.286262   -0.086262 (VIOLATED)
fanout1144/Z                            0.200000    0.286016   -0.086016 (VIOLATED)
fanout1183/Z                            0.200000    0.285683   -0.085683 (VIOLATED)
fanout699/Z                             0.200000    0.285286   -0.085286 (VIOLATED)
fanout1148/Z                            0.200000    0.285215   -0.085215 (VIOLATED)
fanout546/Z                             0.200000    0.284706   -0.084706 (VIOLATED)
fanout981/Z                             0.200000    0.283305   -0.083305 (VIOLATED)
fanout1242/Z                            0.200000    0.283295   -0.083295 (VIOLATED)
fanout875/Z                             0.200000    0.282586   -0.082586 (VIOLATED)
max_cap1253/Z                           0.200000    0.282109   -0.082109 (VIOLATED)
fanout1225/Z                            0.200000    0.281947   -0.081947 (VIOLATED)
fanout1177/Z                            0.200000    0.281282   -0.081282 (VIOLATED)
fanout1206/Z                            0.200000    0.280533   -0.080533 (VIOLATED)
fanout1158/Z                            0.200000    0.280010   -0.080010 (VIOLATED)
fanout1185/Z                            0.200000    0.279661   -0.079661 (VIOLATED)
fanout1295/Z                            0.200000    0.279345   -0.079345 (VIOLATED)
fanout1076/Z                            0.200000    0.278809   -0.078809 (VIOLATED)
fanout1179/Z                            0.200000    0.278582   -0.078582 (VIOLATED)
fanout1127/Z                            0.200000    0.276437   -0.076437 (VIOLATED)
fanout1265/Z                            0.200000    0.275837   -0.075837 (VIOLATED)
max_cap1262/Z                           0.200000    0.275613   -0.075613 (VIOLATED)
fanout1063/Z                            0.200000    0.275509   -0.075509 (VIOLATED)
fanout1099/Z                            0.200000    0.275221   -0.075221 (VIOLATED)
fanout1142/Z                            0.200000    0.274788   -0.074788 (VIOLATED)
fanout1111/Z                            0.200000    0.274668   -0.074668 (VIOLATED)
fanout1115/Z                            0.200000    0.274386   -0.074386 (VIOLATED)
fanout1140/Z                            0.200000    0.274262   -0.074262 (VIOLATED)
_14974_/ZN                              0.200000    0.274074   -0.074074 (VIOLATED)
fanout934/Z                             0.200000    0.272987   -0.072987 (VIOLATED)
fanout1200/Z                            0.200000    0.272167   -0.072167 (VIOLATED)
fanout1189/Z                            0.200000    0.271979   -0.071979 (VIOLATED)
fanout1057/Z                            0.200000    0.270880   -0.070880 (VIOLATED)
fanout1170/Z                            0.200000    0.270803   -0.070803 (VIOLATED)
fanout1078/Z                            0.200000    0.270767   -0.070767 (VIOLATED)
fanout1156/Z                            0.200000    0.269477   -0.069477 (VIOLATED)
fanout1273/Z                            0.200000    0.269444   -0.069444 (VIOLATED)
fanout1191/Z                            0.200000    0.269387   -0.069387 (VIOLATED)
fanout1288/Z                            0.200000    0.268274   -0.068274 (VIOLATED)
wire1258/Z                              0.200000    0.268013   -0.068013 (VIOLATED)
fanout1146/Z                            0.200000    0.267806   -0.067806 (VIOLATED)
clkbuf_0_clk/Z                          0.200000    0.267792   -0.067792 (VIOLATED)
fanout1160/Z                            0.200000    0.266708   -0.066708 (VIOLATED)
fanout1162/Z                            0.200000    0.265959   -0.065959 (VIOLATED)
fanout1286/Z                            0.200000    0.265253   -0.065253 (VIOLATED)
fanout1239/Z                            0.200000    0.265179   -0.065179 (VIOLATED)
fanout1317/Z                            0.200000    0.264834   -0.064834 (VIOLATED)
fanout1061/Z                            0.200000    0.264610   -0.064610 (VIOLATED)
fanout1447/Z                            0.200000    0.264602   -0.064602 (VIOLATED)
fanout1215/Z                            0.200000    0.264562   -0.064562 (VIOLATED)
fanout578/Z                             0.200000    0.262822   -0.062822 (VIOLATED)
fanout834/Z                             0.200000    0.262642   -0.062642 (VIOLATED)
fanout1091/Z                            0.200000    0.260999   -0.060999 (VIOLATED)
fanout1301/Z                            0.200000    0.260997   -0.060997 (VIOLATED)
fanout1699/Z                            0.200000    0.260782   -0.060782 (VIOLATED)
fanout1118/Z                            0.200000    0.259648   -0.059648 (VIOLATED)
fanout1312/Z                            0.200000    0.259399   -0.059399 (VIOLATED)
fanout1563/Z                            0.200000    0.259388   -0.059388 (VIOLATED)
fanout1114/Z                            0.200000    0.259182   -0.059182 (VIOLATED)
fanout1445/Z                            0.200000    0.258648   -0.058648 (VIOLATED)
fanout172/Z                             0.200000    0.258358   -0.058358 (VIOLATED)
fanout1311/Z                            0.200000    0.258073   -0.058073 (VIOLATED)
fanout1207/Z                            0.200000    0.257896   -0.057896 (VIOLATED)
fanout1546/Z                            0.200000    0.257443   -0.057443 (VIOLATED)
fanout197/Z                             0.200000    0.257353   -0.057353 (VIOLATED)
fanout1292/Z                            0.200000    0.257320   -0.057320 (VIOLATED)
fanout1231/Z                            0.200000    0.257177   -0.057177 (VIOLATED)
fanout1309/Z                            0.200000    0.256874   -0.056874 (VIOLATED)
fanout816/Z                             0.200000    0.256595   -0.056595 (VIOLATED)
fanout1340/Z                            0.200000    0.256229   -0.056229 (VIOLATED)
fanout1151/Z                            0.200000    0.256054   -0.056054 (VIOLATED)
fanout1289/Z                            0.200000    0.255969   -0.055969 (VIOLATED)
fanout1212/Z                            0.200000    0.255942   -0.055942 (VIOLATED)
fanout1307/Z                            0.200000    0.255857   -0.055857 (VIOLATED)
fanout1303/Z                            0.200000    0.255641   -0.055641 (VIOLATED)
fanout964/Z                             0.200000    0.255243   -0.055243 (VIOLATED)
fanout1080/Z                            0.200000    0.255178   -0.055178 (VIOLATED)
fanout1171/Z                            0.200000    0.254976   -0.054976 (VIOLATED)
fanout1113/Z                            0.200000    0.254318   -0.054318 (VIOLATED)
fanout1088/Z                            0.200000    0.253614   -0.053614 (VIOLATED)
fanout1202/Z                            0.200000    0.253222   -0.053222 (VIOLATED)
fanout1136/Z                            0.200000    0.253068   -0.053068 (VIOLATED)
_18883_/ZN                              0.200000    0.252881   -0.052881 (VIOLATED)
fanout1089/Z                            0.200000    0.252579   -0.052579 (VIOLATED)
fanout1227/Z                            0.200000    0.251826   -0.051826 (VIOLATED)
fanout1188/Z                            0.200000    0.251618   -0.051618 (VIOLATED)
fanout1208/Z                            0.200000    0.251296   -0.051296 (VIOLATED)
fanout1287/Z                            0.200000    0.251088   -0.051088 (VIOLATED)
fanout1255/Z                            0.200000    0.249890   -0.049890 (VIOLATED)
fanout1325/Z                            0.200000    0.249849   -0.049849 (VIOLATED)
_13155_/Z                               0.200000    0.249703   -0.049703 (VIOLATED)
fanout1259/Z                            0.200000    0.248554   -0.048554 (VIOLATED)
fanout1313/Z                            0.200000    0.246965   -0.046965 (VIOLATED)
fanout1168/Z                            0.200000    0.246867   -0.046867 (VIOLATED)
fanout1085/Z                            0.200000    0.246831   -0.046831 (VIOLATED)
fanout1235/Z                            0.200000    0.246489   -0.046489 (VIOLATED)
_18543_/Z                               0.200000    0.246391   -0.046391 (VIOLATED)
fanout1187/Z                            0.200000    0.246130   -0.046130 (VIOLATED)
fanout1095/Z                            0.200000    0.245158   -0.045158 (VIOLATED)
fanout874/Z                             0.200000    0.244860   -0.044860 (VIOLATED)
fanout929/Z                             0.200000    0.244610   -0.044610 (VIOLATED)
fanout164/Z                             0.200000    0.244136   -0.044136 (VIOLATED)
fanout799/Z                             0.200000    0.243839   -0.043839 (VIOLATED)
fanout570/Z                             0.200000    0.243761   -0.043761 (VIOLATED)
fanout1086/Z                            0.200000    0.243558   -0.043558 (VIOLATED)
_15802_/ZN                              0.200000    0.243044   -0.043044 (VIOLATED)
fanout1117/Z                            0.200000    0.242306   -0.042306 (VIOLATED)
fanout1055/Z                            0.200000    0.241259   -0.041259 (VIOLATED)
fanout1102/Z                            0.200000    0.241050   -0.041050 (VIOLATED)
fanout1150/Z                            0.200000    0.240869   -0.040869 (VIOLATED)
fanout1066/Z                            0.200000    0.240681   -0.040681 (VIOLATED)
fanout1153/Z                            0.200000    0.240119   -0.040119 (VIOLATED)
fanout1213/Z                            0.200000    0.239967   -0.039967 (VIOLATED)
fanout1476/Z                            0.200000    0.239934   -0.039934 (VIOLATED)
fanout843/Z                             0.200000    0.239929   -0.039929 (VIOLATED)
fanout1107/Z                            0.200000    0.239628   -0.039628 (VIOLATED)
fanout854/Z                             0.200000    0.239410   -0.039410 (VIOLATED)
fanout1333/Z                            0.200000    0.239246   -0.039246 (VIOLATED)
fanout40/Z                              0.200000    0.238433   -0.038433 (VIOLATED)
fanout1190/Z                            0.200000    0.238260   -0.038260 (VIOLATED)
fanout1245/Z                            0.200000    0.238129   -0.038129 (VIOLATED)
_13377_/Z                               0.200000    0.237788   -0.037788 (VIOLATED)
fanout1224/Z                            0.200000    0.237465   -0.037465 (VIOLATED)
fanout1060/Z                            0.200000    0.237432   -0.037432 (VIOLATED)
fanout1129/Z                            0.200000    0.237165   -0.037165 (VIOLATED)
fanout774/Z                             0.200000    0.236626   -0.036626 (VIOLATED)
fanout1417/Z                            0.200000    0.235719   -0.035719 (VIOLATED)
fanout1125/Z                            0.200000    0.234754   -0.034754 (VIOLATED)
fanout1065/Z                            0.200000    0.234707   -0.034707 (VIOLATED)
clkbuf_6_18_0_clk/Z                     0.200000    0.234549   -0.034549 (VIOLATED)
fanout1405/Z                            0.200000    0.234539   -0.034539 (VIOLATED)
fanout1195/Z                            0.200000    0.234109   -0.034109 (VIOLATED)
fanout1297/Z                            0.200000    0.233677   -0.033677 (VIOLATED)
fanout1571/Z                            0.200000    0.233568   -0.033568 (VIOLATED)
fanout1154/Z                            0.200000    0.233384   -0.033384 (VIOLATED)
fanout634/Z                             0.200000    0.232465   -0.032465 (VIOLATED)
fanout1130/Z                            0.200000    0.231733   -0.031733 (VIOLATED)
fanout1470/Z                            0.200000    0.231727   -0.031727 (VIOLATED)
fanout1299/Z                            0.200000    0.231656   -0.031656 (VIOLATED)
fanout1684/Z                            0.200000    0.231515   -0.031515 (VIOLATED)
fanout1327/Z                            0.200000    0.231412   -0.031412 (VIOLATED)
max_cap1083/Z                           0.200000    0.231115   -0.031115 (VIOLATED)
fanout194/Z                             0.200000    0.231085   -0.031085 (VIOLATED)
fanout716/Z                             0.200000    0.229822   -0.029822 (VIOLATED)
fanout1559/Z                            0.200000    0.229498   -0.029498 (VIOLATED)
clkbuf_6_16_0_clk/Z                     0.200000    0.229338   -0.029338 (VIOLATED)
_15856_/ZN                              0.200000    0.229173   -0.029173 (VIOLATED)
fanout1134/Z                            0.200000    0.229156   -0.029156 (VIOLATED)
fanout1193/Z                            0.200000    0.228406   -0.028406 (VIOLATED)
fanout1167/Z                            0.200000    0.228377   -0.028377 (VIOLATED)
fanout1220/Z                            0.200000    0.228349   -0.028349 (VIOLATED)
fanout786/Z                             0.200000    0.228217   -0.028217 (VIOLATED)
_15861_/ZN                              0.200000    0.227999   -0.027999 (VIOLATED)
fanout1697/Z                            0.200000    0.226500   -0.026500 (VIOLATED)
fanout553/Z                             0.200000    0.226439   -0.026439 (VIOLATED)
fanout1285/Z                            0.200000    0.226320   -0.026320 (VIOLATED)
fanout602/Z                             0.200000    0.226168   -0.026168 (VIOLATED)
fanout1139/Z                            0.200000    0.226134   -0.026134 (VIOLATED)
fanout1105/Z                            0.200000    0.225917   -0.025917 (VIOLATED)
fanout969/Z                             0.200000    0.225764   -0.025764 (VIOLATED)
fanout1545/Z                            0.200000    0.225493   -0.025493 (VIOLATED)
fanout1141/Z                            0.200000    0.225144   -0.025144 (VIOLATED)
fanout872/Z                             0.200000    0.224429   -0.024429 (VIOLATED)
_18146_/ZN                              0.200000    0.223834   -0.023834 (VIOLATED)
fanout1106/Z                            0.200000    0.223600   -0.023600 (VIOLATED)
_13188_/ZN                              0.200000    0.223206   -0.023206 (VIOLATED)
fanout1058/Z                            0.200000    0.223001   -0.023001 (VIOLATED)
_15873_/ZN                              0.200000    0.222686   -0.022686 (VIOLATED)
fanout1204/Z                            0.200000    0.222355   -0.022355 (VIOLATED)
fanout769/Z                             0.200000    0.222221   -0.022221 (VIOLATED)
clkbuf_6_24_0_clk/Z                     0.200000    0.222139   -0.022139 (VIOLATED)
fanout260/Z                             0.200000    0.221339   -0.021339 (VIOLATED)
clkbuf_6_27_0_clk/Z                     0.200000    0.220584   -0.020584 (VIOLATED)
clkbuf_6_30_0_clk/Z                     0.200000    0.220502   -0.020502 (VIOLATED)
fanout833/Z                             0.200000    0.220453   -0.020453 (VIOLATED)
fanout895/Z                             0.200000    0.220382   -0.020382 (VIOLATED)
_13222_/ZN                              0.200000    0.219983   -0.019983 (VIOLATED)
fanout960/Z                             0.200000    0.219417   -0.019417 (VIOLATED)
fanout1233/Z                            0.200000    0.219346   -0.019346 (VIOLATED)
fanout1549/Z                            0.200000    0.218953   -0.018953 (VIOLATED)
clkbuf_6_25_0_clk/Z                     0.200000    0.218844   -0.018844 (VIOLATED)
clkbuf_6_20_0_clk/Z                     0.200000    0.218832   -0.018832 (VIOLATED)
fanout181/Z                             0.200000    0.218297   -0.018297 (VIOLATED)
fanout701/Z                             0.200000    0.217914   -0.017914 (VIOLATED)
clkbuf_6_22_0_clk/Z                     0.200000    0.217471   -0.017471 (VIOLATED)
clkbuf_6_15_0_clk/Z                     0.200000    0.217378   -0.017378 (VIOLATED)
fanout846/Z                             0.200000    0.217178   -0.017178 (VIOLATED)
fanout621/Z                             0.200000    0.217074   -0.017074 (VIOLATED)
fanout1708/Z                            0.200000    0.216735   -0.016735 (VIOLATED)
clkbuf_6_26_0_clk/Z                     0.200000    0.216292   -0.016292 (VIOLATED)
_15818_/ZN                              0.200000    0.216203   -0.016203 (VIOLATED)
fanout1101/Z                            0.200000    0.215912   -0.015912 (VIOLATED)
fanout1406/Z                            0.200000    0.215798   -0.015798 (VIOLATED)
fanout110/Z                             0.200000    0.215387   -0.015387 (VIOLATED)
fanout1244/Z                            0.200000    0.215061   -0.015061 (VIOLATED)
fanout1243/Z                            0.200000    0.214643   -0.014643 (VIOLATED)
fanout1260/Z                            0.200000    0.214595   -0.014595 (VIOLATED)
clkbuf_6_29_0_clk/Z                     0.200000    0.214357   -0.014357 (VIOLATED)
fanout1120/Z                            0.200000    0.214028   -0.014028 (VIOLATED)
fanout1116/Z                            0.200000    0.213724   -0.013724 (VIOLATED)
fanout847/Z                             0.200000    0.212227   -0.012227 (VIOLATED)
fanout1569/Z                            0.200000    0.211839   -0.011839 (VIOLATED)
_15875_/ZN                              0.200000    0.211760   -0.011760 (VIOLATED)
fanout593/Z                             0.200000    0.211721   -0.011721 (VIOLATED)
clkbuf_6_23_0_clk/Z                     0.200000    0.211650   -0.011650 (VIOLATED)
fanout613/Z                             0.200000    0.211606   -0.011606 (VIOLATED)
_22267_/ZN                              0.200000    0.211525   -0.011525 (VIOLATED)
fanout1702/Z                            0.200000    0.211363   -0.011363 (VIOLATED)
fanout865/Z                             0.200000    0.211064   -0.011064 (VIOLATED)
fanout1464/Z                            0.200000    0.210481   -0.010481 (VIOLATED)
fanout1237/Z                            0.200000    0.210382   -0.010382 (VIOLATED)
clkbuf_6_28_0_clk/Z                     0.200000    0.210242   -0.010242 (VIOLATED)
clkbuf_6_17_0_clk/Z                     0.200000    0.209724   -0.009724 (VIOLATED)
clkbuf_6_31_0_clk/Z                     0.200000    0.209586   -0.009586 (VIOLATED)
fanout1306/Z                            0.200000    0.209523   -0.009523 (VIOLATED)
fanout841/Z                             0.200000    0.209437   -0.009437 (VIOLATED)
_13350_/ZN                              0.200000    0.209435   -0.009435 (VIOLATED)
fanout276/Z                             0.200000    0.209280   -0.009280 (VIOLATED)
_12843_/ZN                              0.200000    0.209091   -0.009091 (VIOLATED)
fanout1176/Z                            0.200000    0.208740   -0.008740 (VIOLATED)
_15874_/ZN                              0.200000    0.208740   -0.008740 (VIOLATED)
fanout1472/Z                            0.200000    0.208695   -0.008695 (VIOLATED)
fanout861/Z                             0.200000    0.208572   -0.008572 (VIOLATED)
fanout248/Z                             0.200000    0.208337   -0.008337 (VIOLATED)
clkbuf_6_19_0_clk/Z                     0.200000    0.208329   -0.008329 (VIOLATED)
fanout1174/Z                            0.200000    0.208322   -0.008322 (VIOLATED)
fanout805/Z                             0.200000    0.208129   -0.008129 (VIOLATED)
fanout233/Z                             0.200000    0.208123   -0.008123 (VIOLATED)
fanout770/Z                             0.200000    0.208058   -0.008058 (VIOLATED)
_15878_/ZN                              0.200000    0.208036   -0.008036 (VIOLATED)
fanout733/Z                             0.200000    0.207756   -0.007756 (VIOLATED)
fanout1059/Z                            0.200000    0.207414   -0.007414 (VIOLATED)
_15834_/ZN                              0.200000    0.207403   -0.007403 (VIOLATED)
fanout1468/Z                            0.200000    0.207343   -0.007343 (VIOLATED)
fanout832/Z                             0.200000    0.207107   -0.007107 (VIOLATED)
_12849_/Z                               0.200000    0.206963   -0.006963 (VIOLATED)
fanout982/Z                             0.200000    0.205941   -0.005941 (VIOLATED)
_15880_/ZN                              0.200000    0.205124   -0.005124 (VIOLATED)
max_cap1132/Z                           0.200000    0.204860   -0.004860 (VIOLATED)
fanout1485/Z                            0.200000    0.204850   -0.004850 (VIOLATED)
fanout931/Z                             0.200000    0.204528   -0.004528 (VIOLATED)
clkbuf_6_21_0_clk/Z                     0.200000    0.204379   -0.004379 (VIOLATED)
fanout1567/Z                            0.200000    0.204062   -0.004062 (VIOLATED)
max_cap1223/Z                           0.200000    0.203676   -0.003676 (VIOLATED)
fanout1133/Z                            0.200000    0.203520   -0.003520 (VIOLATED)
fanout741/Z                             0.200000    0.203464   -0.003464 (VIOLATED)
fanout884/Z                             0.200000    0.203420   -0.003420 (VIOLATED)
fanout902/Z                             0.200000    0.203227   -0.003227 (VIOLATED)
fanout1577/Z                            0.200000    0.203100   -0.003100 (VIOLATED)
fanout559/Z                             0.200000    0.202689   -0.002689 (VIOLATED)
fanout223/Z                             0.200000    0.202596   -0.002596 (VIOLATED)
fanout1302/Z                            0.200000    0.202566   -0.002566 (VIOLATED)
clkbuf_6_10_0_clk/Z                     0.200000    0.202549   -0.002549 (VIOLATED)
_17802_/Z                               0.128300    0.130329   -0.002029 (VIOLATED)
fanout706/Z                             0.200000    0.201762   -0.001762 (VIOLATED)
fanout65/Z                              0.200000    0.201738   -0.001738 (VIOLATED)
fanout1483/Z                            0.200000    0.201455   -0.001455 (VIOLATED)
_14972_/Z                               0.200000    0.200979   -0.000979 (VIOLATED)
max_cap1197/Z                           0.200000    0.200474   -0.000474 (VIOLATED)
_15798_/ZN                              0.200000    0.200350   -0.000350 (VIOLATED)
fanout1467/Z                            0.200000    0.200193   -0.000193 (VIOLATED)



===========================================================================
report_parasitic_annotation -report_unannotated
============================================================================
Found 495 unannotated drivers.
 clkload0/ZN
 clkload1/ZN
 clkload10/ZN
 clkload100/Z
 clkload101/Z
 clkload102/ZN
 clkload103/Z
 clkload104/ZN
 clkload105/Z
 clkload106/ZN
 clkload107/Z
 clkload108/ZN
 clkload109/Z
 clkload11/ZN
 clkload110/Z
 clkload111/ZN
 clkload112/Z
 clkload113/ZN
 clkload114/ZN
 clkload115/ZN
 clkload116/ZN
 clkload117/Z
 clkload118/ZN
 clkload119/ZN
 clkload12/ZN
 clkload120/ZN
 clkload121/ZN
 clkload122/ZN
 clkload123/ZN
 clkload124/ZN
 clkload125/ZN
 clkload126/ZN
 clkload127/ZN
 clkload128/ZN
 clkload129/ZN
 clkload13/ZN
 clkload130/Z
 clkload131/ZN
 clkload132/ZN
 clkload133/ZN
 clkload134/ZN
 clkload135/Z
 clkload136/ZN
 clkload137/Z
 clkload138/ZN
 clkload139/ZN
 clkload14/Z
 clkload140/ZN
 clkload141/ZN
 clkload142/ZN
 clkload143/ZN
 clkload144/ZN
 clkload145/ZN
 clkload146/ZN
 clkload147/ZN
 clkload148/ZN
 clkload149/Z
 clkload15/ZN
 clkload150/ZN
 clkload151/Z
 clkload152/Z
 clkload153/ZN
 clkload154/ZN
 clkload155/ZN
 clkload156/Z
 clkload157/Z
 clkload158/ZN
 clkload159/ZN
 clkload16/ZN
 clkload160/ZN
 clkload161/Z
 clkload162/Z
 clkload163/ZN
 clkload164/Z
 clkload165/ZN
 clkload166/ZN
 clkload167/ZN
 clkload168/ZN
 clkload169/ZN
 clkload17/ZN
 clkload170/Z
 clkload171/Z
 clkload172/ZN
 clkload173/ZN
 clkload174/ZN
 clkload175/ZN
 clkload176/ZN
 clkload177/ZN
 clkload178/ZN
 clkload179/ZN
 clkload18/ZN
 clkload180/ZN
 clkload181/ZN
 clkload182/ZN
 clkload183/Z
 clkload184/Z
 clkload185/Z
 clkload186/Z
 clkload187/ZN
 clkload188/ZN
 clkload189/ZN
 clkload19/ZN
 clkload190/Z
 clkload191/Z
 clkload192/Z
 clkload193/Z
 clkload194/ZN
 clkload195/Z
 clkload196/ZN
 clkload197/ZN
 clkload198/ZN
 clkload199/ZN
 clkload2/ZN
 clkload20/ZN
 clkload200/Z
 clkload201/ZN
 clkload202/Z
 clkload203/ZN
 clkload204/ZN
 clkload205/ZN
 clkload206/Z
 clkload207/ZN
 clkload208/ZN
 clkload209/ZN
 clkload21/ZN
 clkload210/ZN
 clkload211/ZN
 clkload212/Z
 clkload213/Z
 clkload214/ZN
 clkload215/Z
 clkload216/Z
 clkload217/ZN
 clkload218/ZN
 clkload219/ZN
 clkload22/ZN
 clkload220/Z
 clkload221/ZN
 clkload222/ZN
 clkload223/ZN
 clkload224/Z
 clkload225/ZN
 clkload226/Z
 clkload227/Z
 clkload228/Z
 clkload229/ZN
 clkload23/ZN
 clkload230/ZN
 clkload231/Z
 clkload232/ZN
 clkload233/ZN
 clkload234/Z
 clkload235/ZN
 clkload236/ZN
 clkload237/ZN
 clkload238/ZN
 clkload239/Z
 clkload24/ZN
 clkload240/ZN
 clkload241/ZN
 clkload242/ZN
 clkload243/Z
 clkload244/ZN
 clkload245/ZN
 clkload246/Z
 clkload247/Z
 clkload248/Z
 clkload249/Z
 clkload25/ZN
 clkload250/ZN
 clkload251/ZN
 clkload252/Z
 clkload253/Z
 clkload254/ZN
 clkload255/Z
 clkload256/ZN
 clkload257/Z
 clkload258/ZN
 clkload259/Z
 clkload26/Z
 clkload260/ZN
 clkload261/ZN
 clkload262/Z
 clkload263/ZN
 clkload264/ZN
 clkload265/ZN
 clkload266/Z
 clkload267/Z
 clkload268/ZN
 clkload269/ZN
 clkload27/ZN
 clkload270/ZN
 clkload271/Z
 clkload272/Z
 clkload273/Z
 clkload274/ZN
 clkload275/Z
 clkload276/Z
 clkload277/Z
 clkload278/Z
 clkload279/Z
 clkload28/ZN
 clkload280/ZN
 clkload281/Z
 clkload282/ZN
 clkload283/Z
 clkload284/Z
 clkload285/ZN
 clkload286/Z
 clkload287/Z
 clkload288/ZN
 clkload289/ZN
 clkload29/ZN
 clkload290/Z
 clkload291/ZN
 clkload292/ZN
 clkload293/Z
 clkload294/Z
 clkload295/ZN
 clkload296/ZN
 clkload297/ZN
 clkload298/ZN
 clkload299/Z
 clkload3/ZN
 clkload30/ZN
 clkload300/ZN
 clkload301/ZN
 clkload302/ZN
 clkload303/Z
 clkload304/ZN
 clkload305/Z
 clkload306/ZN
 clkload307/ZN
 clkload308/Z
 clkload309/Z
 clkload31/ZN
 clkload310/ZN
 clkload311/ZN
 clkload312/Z
 clkload313/Z
 clkload314/ZN
 clkload315/Z
 clkload316/ZN
 clkload317/ZN
 clkload318/ZN
 clkload319/ZN
 clkload32/ZN
 clkload320/ZN
 clkload321/ZN
 clkload322/ZN
 clkload323/ZN
 clkload324/ZN
 clkload325/ZN
 clkload326/ZN
 clkload327/Z
 clkload328/ZN
 clkload329/Z
 clkload33/Z
 clkload330/ZN
 clkload331/Z
 clkload332/ZN
 clkload333/Z
 clkload334/ZN
 clkload335/ZN
 clkload336/ZN
 clkload337/Z
 clkload338/ZN
 clkload339/ZN
 clkload34/ZN
 clkload340/Z
 clkload341/ZN
 clkload342/Z
 clkload343/ZN
 clkload344/ZN
 clkload345/ZN
 clkload346/ZN
 clkload347/ZN
 clkload348/ZN
 clkload349/Z
 clkload35/ZN
 clkload350/Z
 clkload351/Z
 clkload352/Z
 clkload353/Z
 clkload354/Z
 clkload355/Z
 clkload356/Z
 clkload357/ZN
 clkload358/ZN
 clkload359/ZN
 clkload36/ZN
 clkload360/ZN
 clkload361/Z
 clkload362/Z
 clkload363/Z
 clkload364/Z
 clkload365/Z
 clkload366/Z
 clkload367/Z
 clkload368/ZN
 clkload369/Z
 clkload37/ZN
 clkload370/ZN
 clkload371/ZN
 clkload372/ZN
 clkload373/ZN
 clkload374/Z
 clkload375/Z
 clkload376/Z
 clkload377/Z
 clkload378/Z
 clkload379/Z
 clkload38/ZN
 clkload380/Z
 clkload381/Z
 clkload382/ZN
 clkload383/ZN
 clkload384/ZN
 clkload385/Z
 clkload386/ZN
 clkload387/Z
 clkload388/Z
 clkload389/Z
 clkload39/ZN
 clkload390/Z
 clkload391/Z
 clkload392/ZN
 clkload393/ZN
 clkload394/ZN
 clkload395/ZN
 clkload396/ZN
 clkload397/ZN
 clkload398/Z
 clkload399/ZN
 clkload4/Z
 clkload40/ZN
 clkload400/ZN
 clkload401/ZN
 clkload402/Z
 clkload403/ZN
 clkload404/Z
 clkload405/ZN
 clkload406/ZN
 clkload407/ZN
 clkload408/ZN
 clkload409/ZN
 clkload41/ZN
 clkload410/ZN
 clkload411/ZN
 clkload412/ZN
 clkload413/ZN
 clkload414/ZN
 clkload415/ZN
 clkload416/ZN
 clkload417/Z
 clkload418/ZN
 clkload419/ZN
 clkload42/ZN
 clkload420/ZN
 clkload421/ZN
 clkload422/ZN
 clkload423/ZN
 clkload424/ZN
 clkload425/ZN
 clkload426/ZN
 clkload427/Z
 clkload428/ZN
 clkload429/ZN
 clkload43/ZN
 clkload430/Z
 clkload431/Z
 clkload432/Z
 clkload433/ZN
 clkload434/ZN
 clkload435/ZN
 clkload436/ZN
 clkload437/Z
 clkload438/ZN
 clkload439/Z
 clkload44/ZN
 clkload440/ZN
 clkload441/ZN
 clkload442/ZN
 clkload443/Z
 clkload444/Z
 clkload445/Z
 clkload446/Z
 clkload447/ZN
 clkload448/Z
 clkload449/Z
 clkload45/ZN
 clkload450/Z
 clkload451/ZN
 clkload452/ZN
 clkload453/ZN
 clkload454/ZN
 clkload455/ZN
 clkload456/Z
 clkload457/ZN
 clkload458/Z
 clkload459/Z
 clkload46/ZN
 clkload460/Z
 clkload461/Z
 clkload462/ZN
 clkload463/Z
 clkload464/Z
 clkload465/Z
 clkload466/Z
 clkload467/Z
 clkload468/Z
 clkload469/Z
 clkload47/ZN
 clkload470/ZN
 clkload471/ZN
 clkload472/ZN
 clkload473/Z
 clkload474/ZN
 clkload475/Z
 clkload476/ZN
 clkload477/ZN
 clkload478/Z
 clkload479/ZN
 clkload48/ZN
 clkload480/ZN
 clkload481/Z
 clkload482/ZN
 clkload483/ZN
 clkload484/ZN
 clkload485/ZN
 clkload486/ZN
 clkload487/ZN
 clkload488/ZN
 clkload489/Z
 clkload49/ZN
 clkload490/Z
 clkload491/Z
 clkload492/ZN
 clkload493/Z
 clkload494/ZN
 clkload5/ZN
 clkload50/ZN
 clkload51/ZN
 clkload52/ZN
 clkload53/ZN
 clkload54/ZN
 clkload55/ZN
 clkload56/ZN
 clkload57/ZN
 clkload58/ZN
 clkload59/ZN
 clkload6/ZN
 clkload60/ZN
 clkload61/ZN
 clkload62/Z
 clkload63/ZN
 clkload64/ZN
 clkload65/ZN
 clkload66/ZN
 clkload67/ZN
 clkload68/ZN
 clkload69/ZN
 clkload7/ZN
 clkload70/ZN
 clkload71/ZN
 clkload72/ZN
 clkload73/ZN
 clkload74/ZN
 clkload75/ZN
 clkload76/ZN
 clkload77/ZN
 clkload78/ZN
 clkload79/Z
 clkload8/Z
 clkload80/Z
 clkload81/ZN
 clkload82/ZN
 clkload83/ZN
 clkload84/Z
 clkload85/Z
 clkload86/ZN
 clkload87/ZN
 clkload88/ZN
 clkload89/ZN
 clkload9/ZN
 clkload90/Z
 clkload91/Z
 clkload92/Z
 clkload93/Z
 clkload94/Z
 clkload95/Z
 clkload96/Z
 clkload97/ZN
 clkload98/Z
 clkload99/Z
Found 0 partially unannotated drivers.

===========================================================================
max slew violation count 10
max fanout violation count 24
max cap violation count 308
============================================================================

===========================================================================
check_setup -verbose -unconstrained_endpoints -multiple_clock -no_clock -no_input_delay -loops -generated_clocks
===========================================================================
