Clock: clk
Sources: clk 
Generated: no
Virtual: yes
Propagated: no
Period: 40.000000

===========================================================================
report_clock_properties
============================================================================
Clock                   Period          Waveform
----------------------------------------------------
clk                  40.000000    0.000000 20.000000

===========================================================================
report_clock_latency
============================================================================
Clock clk
rise -> rise
    min     max
0.000000 0.000000 source latency
2.094717         network latency _27320_/CLK
        2.584164 network latency _26455_/CLK
---------------
2.094717 2.584164 latency
        0.489447 skew

fall -> fall
    min     max
0.000000 0.000000 source latency
2.110243         network latency _27320_/CLK
        2.673442 network latency _26455_/CLK
---------------
2.110243 2.673442 latency
        0.563199 skew



===========================================================================
report_clock_min_period
============================================================================
clk period_min = 16.82 fmax = 59.46
