
===========================================================================
 report_power
============================================================================
======================= nom_tt_025C_5v00 Corner ===================================

Group                    Internal    Switching      Leakage        Total
                            Power        Power        Power        Power (Watts)
------------------------------------------------------------------------
Sequential           3.653437e-02 2.127216e-04 1.146819e-06 3.674823e-02  39.8%
Combinational        7.140132e-04 1.174970e-03 1.950540e-06 1.890933e-03   2.0%
Clock                3.348955e-02 2.030701e-02 1.419926e-06 5.379798e-02  58.2%
Macro                0.000000e+00 0.000000e+00 0.000000e+00 0.000000e+00   0.0%
Pad                  0.000000e+00 0.000000e+00 0.000000e+00 0.000000e+00   0.0%
------------------------------------------------------------------------
Total                7.073795e-02 2.169471e-02 4.517457e-06 9.243717e-02 100.0%
                            76.5%        23.5%         0.0%

