
===========================================================================
report_checks -unconstrained
===========================================================================
======================= nom_ss_125C_4v50 Corner ===================================

Startpoint: rst (input port clocked by clk)
Endpoint: _27672_ (recovery check against rising-edge clock clk)
Path Group: asynchronous
Path Type: max

Fanout         Cap        Slew       Delay        Time   Description
---------------------------------------------------------------------------------------------
                                  0.000000    0.000000   clock clk (rise edge)
                                  0.000000    0.000000   clock network delay (propagated)
                                  4.000000    4.000000 v input external delay
     1    0.003551    0.105937    0.034920    4.034920 v rst (in)
                                                         rst (net)
                      0.105937    0.000000    4.034920 v input3/I (gf180mcu_fd_sc_mcu7t5v0__buf_1)
     2    0.100925    1.662198    1.382899    5.417819 v input3/Z (gf180mcu_fd_sc_mcu7t5v0__buf_1)
                                                         net3 (net)
                      1.662335    0.008623    5.426441 v fanout1841/I (gf180mcu_fd_sc_mcu7t5v0__buf_2)
     6    0.147030    1.216443    1.479476    6.905917 v fanout1841/Z (gf180mcu_fd_sc_mcu7t5v0__buf_2)
                                                         net1841 (net)
                      1.216540    0.006216    6.912133 v fanout1828/I (gf180mcu_fd_sc_mcu7t5v0__buf_2)
     6    0.088339    0.759901    1.089848    8.001981 v fanout1828/Z (gf180mcu_fd_sc_mcu7t5v0__buf_2)
                                                         net1828 (net)
                      0.759908    0.001326    8.003306 v fanout1827/I (gf180mcu_fd_sc_mcu7t5v0__buf_2)
     9    0.131569    1.090029    1.175452    9.178759 v fanout1827/Z (gf180mcu_fd_sc_mcu7t5v0__buf_2)
                                                         net1827 (net)
                      1.090034    0.001372    9.180131 v fanout1826/I (gf180mcu_fd_sc_mcu7t5v0__buf_2)
    10    0.082817    0.715362    1.031036   10.211166 v fanout1826/Z (gf180mcu_fd_sc_mcu7t5v0__buf_2)
                                                         net1826 (net)
                      0.715370    0.001351   10.212518 v fanout1825/I (gf180mcu_fd_sc_mcu7t5v0__buf_2)
    10    0.074028    0.646322    0.886322   11.098840 v fanout1825/Z (gf180mcu_fd_sc_mcu7t5v0__buf_2)
                                                         net1825 (net)
                      0.646346    0.002250   11.101089 v _24898_/I (gf180mcu_fd_sc_mcu7t5v0__clkinv_1)
     1    0.018029    0.602253    0.528553   11.629642 ^ _24898_/ZN (gf180mcu_fd_sc_mcu7t5v0__clkinv_1)
                                                         _00817_ (net)
                      0.602254    0.000734   11.630376 ^ _27672_/RN (gf180mcu_fd_sc_mcu7t5v0__dffrnq_2)
                                             11.630376   data arrival time

                                 20.000000   20.000000   clock clk (rise edge)
                                  0.000000   20.000000   clock source latency
     1    0.144485    1.028682    0.580675   20.580675 ^ clk (in)
                                                         clk (net)
                      1.031087    0.000000   20.580675 ^ clkbuf_0_clk/I (gf180mcu_fd_sc_mcu7t5v0__clkbuf_16)
     4    0.317192    0.625355    0.887994   21.468670 ^ clkbuf_0_clk/Z (gf180mcu_fd_sc_mcu7t5v0__clkbuf_16)
                                                         clknet_0_clk (net)
                      0.625449    0.010617   21.479286 ^ clkbuf_2_0_0_clk/I (gf180mcu_fd_sc_mcu7t5v0__clkbuf_8)
    16    0.421719    1.495533    1.308667   22.787954 ^ clkbuf_2_0_0_clk/Z (gf180mcu_fd_sc_mcu7t5v0__clkbuf_8)
                                                         clknet_2_0_0_clk (net)
                      1.495869    0.012520   22.800474 ^ clkbuf_6_11_0_clk/I (gf180mcu_fd_sc_mcu7t5v0__clkbuf_8)
     9    0.154266    0.615349    0.926237   23.726709 ^ clkbuf_6_11_0_clk/Z (gf180mcu_fd_sc_mcu7t5v0__clkbuf_8)
                                                         clknet_6_11_0_clk (net)
                      0.615363    0.004384   23.731094 ^ clkbuf_leaf_37_clk/I (gf180mcu_fd_sc_mcu7t5v0__clkbuf_8)
     6    0.035711    0.236998    0.547397   24.278490 ^ clkbuf_leaf_37_clk/Z (gf180mcu_fd_sc_mcu7t5v0__clkbuf_8)
                                                         clknet_leaf_37_clk (net)
                      0.236998    0.000462   24.278954 ^ _27672_/CLK (gf180mcu_fd_sc_mcu7t5v0__dffrnq_2)
                                 -0.250000   24.028954   clock uncertainty
                                  0.000000   24.028954   clock reconvergence pessimism
                                  0.403995   24.432949   library recovery time
                                             24.432949   data required time
---------------------------------------------------------------------------------------------
                                             24.432949   data required time
                                            -11.630376   data arrival time
---------------------------------------------------------------------------------------------
                                             12.802572   slack (MET)


Startpoint: _25494_ (rising edge-triggered flip-flop clocked by clk)
Endpoint: _26219_ (rising edge-triggered flip-flop clocked by clk)
Path Group: clk
Path Type: max

Fanout         Cap        Slew       Delay        Time   Description
---------------------------------------------------------------------------------------------
                                  0.000000    0.000000   clock clk (rise edge)
                                  0.000000    0.000000   clock source latency
     1    0.144485    1.028682    0.580675    0.580675 ^ clk (in)
                                                         clk (net)
                      1.031087    0.000000    0.580675 ^ clkbuf_0_clk/I (gf180mcu_fd_sc_mcu7t5v0__clkbuf_16)
     4    0.317192    0.625355    0.887995    1.468670 ^ clkbuf_0_clk/Z (gf180mcu_fd_sc_mcu7t5v0__clkbuf_16)
                                                         clknet_0_clk (net)
                      0.625449    0.010617    1.479287 ^ clkbuf_2_0_0_clk/I (gf180mcu_fd_sc_mcu7t5v0__clkbuf_8)
    16    0.421719    1.495533    1.308667    2.787953 ^ clkbuf_2_0_0_clk/Z (gf180mcu_fd_sc_mcu7t5v0__clkbuf_8)
                                                         clknet_2_0_0_clk (net)
                      1.495897    0.013049    2.801002 ^ clkbuf_6_3_0_clk/I (gf180mcu_fd_sc_mcu7t5v0__clkbuf_8)
     9    0.150406    0.604276    0.920122    3.721124 ^ clkbuf_6_3_0_clk/Z (gf180mcu_fd_sc_mcu7t5v0__clkbuf_8)
                                                         clknet_6_3_0_clk (net)
                      0.604277    0.001371    3.722496 ^ clkbuf_leaf_487_clk/I (gf180mcu_fd_sc_mcu7t5v0__clkbuf_8)
     8    0.043020    0.258097    0.562854    4.285349 ^ clkbuf_leaf_487_clk/Z (gf180mcu_fd_sc_mcu7t5v0__clkbuf_8)
                                                         clknet_leaf_487_clk (net)
                      0.258097    0.000471    4.285820 ^ _25494_/CLK (gf180mcu_fd_sc_mcu7t5v0__dffrnq_1)
     1    0.011665    0.487056    1.822450    6.108271 ^ _25494_/Q (gf180mcu_fd_sc_mcu7t5v0__dffrnq_1)
                                                         pp_inst.core_inst.reg_cnt_i.data_q[0] (net)
                      0.487056    0.000243    6.108514 ^ fanout1717/I (gf180mcu_fd_sc_mcu7t5v0__buf_4)
     7    0.224057    1.574147    1.153707    7.262220 ^ fanout1717/Z (gf180mcu_fd_sc_mcu7t5v0__buf_4)
                                                         net1717 (net)
                      1.574609    0.015073    7.277293 ^ _12382_/I (gf180mcu_fd_sc_mcu7t5v0__clkinv_2)
     3    0.107140    1.561234    1.287038    8.564331 v _12382_/ZN (gf180mcu_fd_sc_mcu7t5v0__clkinv_2)
                                                         _09184_ (net)
                      1.561269    0.004174    8.568504 v fanout1714/I (gf180mcu_fd_sc_mcu7t5v0__buf_4)
    10    0.244255    1.014718    1.286289    9.854794 v fanout1714/Z (gf180mcu_fd_sc_mcu7t5v0__buf_4)
                                                         net1714 (net)
                      1.014734    0.002363    9.857156 v fanout1713/I (gf180mcu_fd_sc_mcu7t5v0__clkbuf_4)
    10    0.169569    1.238332    1.340471   11.197627 v fanout1713/Z (gf180mcu_fd_sc_mcu7t5v0__clkbuf_4)
                                                         net1713 (net)
                      1.239411    0.020751   11.218378 v _13346_/B (gf180mcu_fd_sc_mcu7t5v0__aoi21_1)
     1    0.030903    1.983861    1.459542   12.677919 ^ _13346_/ZN (gf180mcu_fd_sc_mcu7t5v0__aoi21_1)
                                                         _09960_ (net)
                      1.983861    0.001311   12.679231 ^ fanout1568/I (gf180mcu_fd_sc_mcu7t5v0__buf_2)
     5    0.154452    2.151305    1.592719   14.271950 ^ fanout1568/Z (gf180mcu_fd_sc_mcu7t5v0__buf_2)
                                                         net1568 (net)
                      2.151741    0.017203   14.289152 ^ fanout1567/I (gf180mcu_fd_sc_mcu7t5v0__buf_2)
     5    0.055733    0.831124    0.838992   15.128144 ^ fanout1567/Z (gf180mcu_fd_sc_mcu7t5v0__buf_2)
                                                         net1567 (net)
                      0.831148    0.002487   15.130631 ^ _13349_/A2 (gf180mcu_fd_sc_mcu7t5v0__nor2_1)
     1    0.014769    0.571175    0.488869   15.619501 v _13349_/ZN (gf180mcu_fd_sc_mcu7t5v0__nor2_1)
                                                         _09963_ (net)
                      0.571175    0.000377   15.619878 v fanout1476/I (gf180mcu_fd_sc_mcu7t5v0__buf_4)
     8    0.215558    0.895516    0.971443   16.591320 v fanout1476/Z (gf180mcu_fd_sc_mcu7t5v0__buf_4)
                                                         net1476 (net)
                      0.896292    0.014952   16.606272 v fanout1472/I (gf180mcu_fd_sc_mcu7t5v0__buf_2)
     7    0.103462    0.873282    1.079556   17.685829 v fanout1472/Z (gf180mcu_fd_sc_mcu7t5v0__buf_2)
                                                         net1472 (net)
                      0.873317    0.003132   17.688961 v fanout1471/I (gf180mcu_fd_sc_mcu7t5v0__clkbuf_4)
    10    0.117602    0.890789    1.095708   18.784668 v fanout1471/Z (gf180mcu_fd_sc_mcu7t5v0__clkbuf_4)
                                                         net1471 (net)
                      0.890909    0.005821   18.790489 v _13585_/A2 (gf180mcu_fd_sc_mcu7t5v0__aoi222_2)
     1    0.011112    1.523736    1.048337   19.838827 ^ _13585_/ZN (gf180mcu_fd_sc_mcu7t5v0__aoi222_2)
                                                         _10195_ (net)
                      1.523736    0.000124   19.838951 ^ _13586_/B (gf180mcu_fd_sc_mcu7t5v0__oai211_2)
     1    0.019512    0.816151    0.627498   20.466448 v _13586_/ZN (gf180mcu_fd_sc_mcu7t5v0__oai211_2)
                                                         _10196_ (net)
                      0.816151    0.000204   20.466654 v _13595_/B2 (gf180mcu_fd_sc_mcu7t5v0__aoi22_4)
     4    0.137952    2.559553    1.761713   22.228365 ^ _13595_/ZN (gf180mcu_fd_sc_mcu7t5v0__aoi22_4)
                                                         _10205_ (net)
                      2.559569    0.010040   22.238405 ^ _13597_/A2 (gf180mcu_fd_sc_mcu7t5v0__xor2_1)
     2    0.035665    2.239181    1.581874   23.820280 ^ _13597_/Z (gf180mcu_fd_sc_mcu7t5v0__xor2_1)
                                                         _10207_ (net)
                      2.239181    0.000792   23.821072 ^ _13598_/A2 (gf180mcu_fd_sc_mcu7t5v0__aoi21_4)
     2    0.041124    0.697999    0.330257   24.151329 v _13598_/ZN (gf180mcu_fd_sc_mcu7t5v0__aoi21_4)
                                                         _10208_ (net)
                      0.697999    0.000789   24.152117 v _16067_/B1 (gf180mcu_fd_sc_mcu7t5v0__aoi22_4)
     2    0.169666    3.016161    1.933719   26.085836 ^ _16067_/ZN (gf180mcu_fd_sc_mcu7t5v0__aoi22_4)
                                                         _03429_ (net)
                      3.016305    0.031715   26.117552 ^ fanout492/I (gf180mcu_fd_sc_mcu7t5v0__buf_2)
     6    0.096152    1.378182    1.152664   27.270216 ^ fanout492/Z (gf180mcu_fd_sc_mcu7t5v0__buf_2)
                                                         net492 (net)
                      1.378268    0.006050   27.276266 ^ fanout486/I (gf180mcu_fd_sc_mcu7t5v0__buf_2)
     6    0.073494    1.062907    0.954870   28.231136 ^ fanout486/Z (gf180mcu_fd_sc_mcu7t5v0__buf_2)
                                                         net486 (net)
                      1.062907    0.000490   28.231627 ^ fanout485/I (gf180mcu_fd_sc_mcu7t5v0__buf_1)
     5    0.045378    1.325340    1.122483   29.354109 ^ fanout485/Z (gf180mcu_fd_sc_mcu7t5v0__buf_1)
                                                         net485 (net)
                      1.325340    0.000670   29.354778 ^ fanout484/I (gf180mcu_fd_sc_mcu7t5v0__buf_2)
    10    0.077562    1.119261    0.986502   30.341280 ^ fanout484/Z (gf180mcu_fd_sc_mcu7t5v0__buf_2)
                                                         net484 (net)
                      1.119261    0.001030   30.342310 ^ _21153_/A1 (gf180mcu_fd_sc_mcu7t5v0__oai21_1)
     1    0.004711    0.527039    0.282899   30.625210 v _21153_/ZN (gf180mcu_fd_sc_mcu7t5v0__oai21_1)
                                                         _01861_ (net)
                      0.527039    0.000096   30.625305 v _26219_/D (gf180mcu_fd_sc_mcu7t5v0__dffq_1)
                                             30.625305   data arrival time

                                 20.000000   20.000000   clock clk (rise edge)
                                  0.000000   20.000000   clock source latency
     1    0.144485    1.028682    0.580675   20.580675 ^ clk (in)
                                                         clk (net)
                      1.031087    0.000000   20.580675 ^ clkbuf_0_clk/I (gf180mcu_fd_sc_mcu7t5v0__clkbuf_16)
     4    0.317192    0.625355    0.887994   21.468670 ^ clkbuf_0_clk/Z (gf180mcu_fd_sc_mcu7t5v0__clkbuf_16)
                                                         clknet_0_clk (net)
                      0.625500    0.012026   21.480696 ^ clkbuf_2_3_0_clk/I (gf180mcu_fd_sc_mcu7t5v0__clkbuf_8)
    16    0.410579    1.456609    1.284979   22.765675 ^ clkbuf_2_3_0_clk/Z (gf180mcu_fd_sc_mcu7t5v0__clkbuf_8)
                                                         clknet_2_3_0_clk (net)
                      1.457311    0.017881   22.783556 ^ clkbuf_6_60_0_clk/I (gf180mcu_fd_sc_mcu7t5v0__clkbuf_8)
     9    0.196633    0.750872    1.003135   23.786690 ^ clkbuf_6_60_0_clk/Z (gf180mcu_fd_sc_mcu7t5v0__clkbuf_8)
                                                         clknet_6_60_0_clk (net)
                      0.750874    0.001574   23.788265 ^ clkbuf_leaf_288_clk/I (gf180mcu_fd_sc_mcu7t5v0__clkbuf_8)
     9    0.049237    0.280722    0.602617   24.390881 ^ clkbuf_leaf_288_clk/Z (gf180mcu_fd_sc_mcu7t5v0__clkbuf_8)
                                                         clknet_leaf_288_clk (net)
                      0.280722    0.000576   24.391457 ^ _26219_/CLK (gf180mcu_fd_sc_mcu7t5v0__dffq_1)
                                 -0.250000   24.141457   clock uncertainty
                                  0.000000   24.141457   clock reconvergence pessimism
                                 -0.545918   23.595541   library setup time
                                             23.595541   data required time
---------------------------------------------------------------------------------------------
                                             23.595541   data required time
                                            -30.625305   data arrival time
---------------------------------------------------------------------------------------------
                                             -7.029766   slack (VIOLATED)




===========================================================================
report_checks --slack_max -0.01
============================================================================
======================= nom_ss_125C_4v50 Corner ===================================

Startpoint: _25494_ (rising edge-triggered flip-flop clocked by clk)
Endpoint: _26219_ (rising edge-triggered flip-flop clocked by clk)
Path Group: clk
Path Type: max

Fanout         Cap        Slew       Delay        Time   Description
---------------------------------------------------------------------------------------------
                                  0.000000    0.000000   clock clk (rise edge)
                                  0.000000    0.000000   clock source latency
     1    0.144485    1.028682    0.580675    0.580675 ^ clk (in)
                                                         clk (net)
                      1.031087    0.000000    0.580675 ^ clkbuf_0_clk/I (gf180mcu_fd_sc_mcu7t5v0__clkbuf_16)
     4    0.317192    0.625355    0.887995    1.468670 ^ clkbuf_0_clk/Z (gf180mcu_fd_sc_mcu7t5v0__clkbuf_16)
                                                         clknet_0_clk (net)
                      0.625449    0.010617    1.479287 ^ clkbuf_2_0_0_clk/I (gf180mcu_fd_sc_mcu7t5v0__clkbuf_8)
    16    0.421719    1.495533    1.308667    2.787953 ^ clkbuf_2_0_0_clk/Z (gf180mcu_fd_sc_mcu7t5v0__clkbuf_8)
                                                         clknet_2_0_0_clk (net)
                      1.495897    0.013049    2.801002 ^ clkbuf_6_3_0_clk/I (gf180mcu_fd_sc_mcu7t5v0__clkbuf_8)
     9    0.150406    0.604276    0.920122    3.721124 ^ clkbuf_6_3_0_clk/Z (gf180mcu_fd_sc_mcu7t5v0__clkbuf_8)
                                                         clknet_6_3_0_clk (net)
                      0.604277    0.001371    3.722496 ^ clkbuf_leaf_487_clk/I (gf180mcu_fd_sc_mcu7t5v0__clkbuf_8)
     8    0.043020    0.258097    0.562854    4.285349 ^ clkbuf_leaf_487_clk/Z (gf180mcu_fd_sc_mcu7t5v0__clkbuf_8)
                                                         clknet_leaf_487_clk (net)
                      0.258097    0.000471    4.285820 ^ _25494_/CLK (gf180mcu_fd_sc_mcu7t5v0__dffrnq_1)
     1    0.011665    0.487056    1.822450    6.108271 ^ _25494_/Q (gf180mcu_fd_sc_mcu7t5v0__dffrnq_1)
                                                         pp_inst.core_inst.reg_cnt_i.data_q[0] (net)
                      0.487056    0.000243    6.108514 ^ fanout1717/I (gf180mcu_fd_sc_mcu7t5v0__buf_4)
     7    0.224057    1.574147    1.153707    7.262220 ^ fanout1717/Z (gf180mcu_fd_sc_mcu7t5v0__buf_4)
                                                         net1717 (net)
                      1.574609    0.015073    7.277293 ^ _12382_/I (gf180mcu_fd_sc_mcu7t5v0__clkinv_2)
     3    0.107140    1.561234    1.287038    8.564331 v _12382_/ZN (gf180mcu_fd_sc_mcu7t5v0__clkinv_2)
                                                         _09184_ (net)
                      1.561269    0.004174    8.568504 v fanout1714/I (gf180mcu_fd_sc_mcu7t5v0__buf_4)
    10    0.244255    1.014718    1.286289    9.854794 v fanout1714/Z (gf180mcu_fd_sc_mcu7t5v0__buf_4)
                                                         net1714 (net)
                      1.014734    0.002363    9.857156 v fanout1713/I (gf180mcu_fd_sc_mcu7t5v0__clkbuf_4)
    10    0.169569    1.238332    1.340471   11.197627 v fanout1713/Z (gf180mcu_fd_sc_mcu7t5v0__clkbuf_4)
                                                         net1713 (net)
                      1.239411    0.020751   11.218378 v _13346_/B (gf180mcu_fd_sc_mcu7t5v0__aoi21_1)
     1    0.030903    1.983861    1.459542   12.677919 ^ _13346_/ZN (gf180mcu_fd_sc_mcu7t5v0__aoi21_1)
                                                         _09960_ (net)
                      1.983861    0.001311   12.679231 ^ fanout1568/I (gf180mcu_fd_sc_mcu7t5v0__buf_2)
     5    0.154452    2.151305    1.592719   14.271950 ^ fanout1568/Z (gf180mcu_fd_sc_mcu7t5v0__buf_2)
                                                         net1568 (net)
                      2.151741    0.017203   14.289152 ^ fanout1567/I (gf180mcu_fd_sc_mcu7t5v0__buf_2)
     5    0.055733    0.831124    0.838992   15.128144 ^ fanout1567/Z (gf180mcu_fd_sc_mcu7t5v0__buf_2)
                                                         net1567 (net)
                      0.831148    0.002487   15.130631 ^ _13349_/A2 (gf180mcu_fd_sc_mcu7t5v0__nor2_1)
     1    0.014769    0.571175    0.488869   15.619501 v _13349_/ZN (gf180mcu_fd_sc_mcu7t5v0__nor2_1)
                                                         _09963_ (net)
                      0.571175    0.000377   15.619878 v fanout1476/I (gf180mcu_fd_sc_mcu7t5v0__buf_4)
     8    0.215558    0.895516    0.971443   16.591320 v fanout1476/Z (gf180mcu_fd_sc_mcu7t5v0__buf_4)
                                                         net1476 (net)
                      0.896292    0.014952   16.606272 v fanout1472/I (gf180mcu_fd_sc_mcu7t5v0__buf_2)
     7    0.103462    0.873282    1.079556   17.685829 v fanout1472/Z (gf180mcu_fd_sc_mcu7t5v0__buf_2)
                                                         net1472 (net)
                      0.873317    0.003132   17.688961 v fanout1471/I (gf180mcu_fd_sc_mcu7t5v0__clkbuf_4)
    10    0.117602    0.890789    1.095708   18.784668 v fanout1471/Z (gf180mcu_fd_sc_mcu7t5v0__clkbuf_4)
                                                         net1471 (net)
                      0.890909    0.005821   18.790489 v _13585_/A2 (gf180mcu_fd_sc_mcu7t5v0__aoi222_2)
     1    0.011112    1.523736    1.048337   19.838827 ^ _13585_/ZN (gf180mcu_fd_sc_mcu7t5v0__aoi222_2)
                                                         _10195_ (net)
                      1.523736    0.000124   19.838951 ^ _13586_/B (gf180mcu_fd_sc_mcu7t5v0__oai211_2)
     1    0.019512    0.816151    0.627498   20.466448 v _13586_/ZN (gf180mcu_fd_sc_mcu7t5v0__oai211_2)
                                                         _10196_ (net)
                      0.816151    0.000204   20.466654 v _13595_/B2 (gf180mcu_fd_sc_mcu7t5v0__aoi22_4)
     4    0.137952    2.559553    1.761713   22.228365 ^ _13595_/ZN (gf180mcu_fd_sc_mcu7t5v0__aoi22_4)
                                                         _10205_ (net)
                      2.559569    0.010040   22.238405 ^ _13597_/A2 (gf180mcu_fd_sc_mcu7t5v0__xor2_1)
     2    0.035665    2.239181    1.581874   23.820280 ^ _13597_/Z (gf180mcu_fd_sc_mcu7t5v0__xor2_1)
                                                         _10207_ (net)
                      2.239181    0.000792   23.821072 ^ _13598_/A2 (gf180mcu_fd_sc_mcu7t5v0__aoi21_4)
     2    0.041124    0.697999    0.330257   24.151329 v _13598_/ZN (gf180mcu_fd_sc_mcu7t5v0__aoi21_4)
                                                         _10208_ (net)
                      0.697999    0.000789   24.152117 v _16067_/B1 (gf180mcu_fd_sc_mcu7t5v0__aoi22_4)
     2    0.169666    3.016161    1.933719   26.085836 ^ _16067_/ZN (gf180mcu_fd_sc_mcu7t5v0__aoi22_4)
                                                         _03429_ (net)
                      3.016305    0.031715   26.117552 ^ fanout492/I (gf180mcu_fd_sc_mcu7t5v0__buf_2)
     6    0.096152    1.378182    1.152664   27.270216 ^ fanout492/Z (gf180mcu_fd_sc_mcu7t5v0__buf_2)
                                                         net492 (net)
                      1.378268    0.006050   27.276266 ^ fanout486/I (gf180mcu_fd_sc_mcu7t5v0__buf_2)
     6    0.073494    1.062907    0.954870   28.231136 ^ fanout486/Z (gf180mcu_fd_sc_mcu7t5v0__buf_2)
                                                         net486 (net)
                      1.062907    0.000490   28.231627 ^ fanout485/I (gf180mcu_fd_sc_mcu7t5v0__buf_1)
     5    0.045378    1.325340    1.122483   29.354109 ^ fanout485/Z (gf180mcu_fd_sc_mcu7t5v0__buf_1)
                                                         net485 (net)
                      1.325340    0.000670   29.354778 ^ fanout484/I (gf180mcu_fd_sc_mcu7t5v0__buf_2)
    10    0.077562    1.119261    0.986502   30.341280 ^ fanout484/Z (gf180mcu_fd_sc_mcu7t5v0__buf_2)
                                                         net484 (net)
                      1.119261    0.001030   30.342310 ^ _21153_/A1 (gf180mcu_fd_sc_mcu7t5v0__oai21_1)
     1    0.004711    0.527039    0.282899   30.625210 v _21153_/ZN (gf180mcu_fd_sc_mcu7t5v0__oai21_1)
                                                         _01861_ (net)
                      0.527039    0.000096   30.625305 v _26219_/D (gf180mcu_fd_sc_mcu7t5v0__dffq_1)
                                             30.625305   data arrival time

                                 20.000000   20.000000   clock clk (rise edge)
                                  0.000000   20.000000   clock source latency
     1    0.144485    1.028682    0.580675   20.580675 ^ clk (in)
                                                         clk (net)
                      1.031087    0.000000   20.580675 ^ clkbuf_0_clk/I (gf180mcu_fd_sc_mcu7t5v0__clkbuf_16)
     4    0.317192    0.625355    0.887994   21.468670 ^ clkbuf_0_clk/Z (gf180mcu_fd_sc_mcu7t5v0__clkbuf_16)
                                                         clknet_0_clk (net)
                      0.625500    0.012026   21.480696 ^ clkbuf_2_3_0_clk/I (gf180mcu_fd_sc_mcu7t5v0__clkbuf_8)
    16    0.410579    1.456609    1.284979   22.765675 ^ clkbuf_2_3_0_clk/Z (gf180mcu_fd_sc_mcu7t5v0__clkbuf_8)
                                                         clknet_2_3_0_clk (net)
                      1.457311    0.017881   22.783556 ^ clkbuf_6_60_0_clk/I (gf180mcu_fd_sc_mcu7t5v0__clkbuf_8)
     9    0.196633    0.750872    1.003135   23.786690 ^ clkbuf_6_60_0_clk/Z (gf180mcu_fd_sc_mcu7t5v0__clkbuf_8)
                                                         clknet_6_60_0_clk (net)
                      0.750874    0.001574   23.788265 ^ clkbuf_leaf_288_clk/I (gf180mcu_fd_sc_mcu7t5v0__clkbuf_8)
     9    0.049237    0.280722    0.602617   24.390881 ^ clkbuf_leaf_288_clk/Z (gf180mcu_fd_sc_mcu7t5v0__clkbuf_8)
                                                         clknet_leaf_288_clk (net)
                      0.280722    0.000576   24.391457 ^ _26219_/CLK (gf180mcu_fd_sc_mcu7t5v0__dffq_1)
                                 -0.250000   24.141457   clock uncertainty
                                  0.000000   24.141457   clock reconvergence pessimism
                                 -0.545918   23.595541   library setup time
                                             23.595541   data required time
---------------------------------------------------------------------------------------------
                                             23.595541   data required time
                                            -30.625305   data arrival time
---------------------------------------------------------------------------------------------
                                             -7.029766   slack (VIOLATED)




===========================================================================
 report_check_types -max_slew -max_cap -max_fanout -violators
============================================================================
======================= nom_ss_125C_4v50 Corner ===================================

max slew

Pin                                        Limit        Slew       Slack
------------------------------------------------------------------------
_17803_/A2                              3.000000    7.210833   -4.210833 (VIOLATED)
_17802_/Z                               3.000000    7.210730   -4.210730 (VIOLATED)
_18435_/A1                              3.000000    6.275222   -3.275222 (VIOLATED)
_18359_/A1                              3.000000    6.275085   -3.275086 (VIOLATED)
_17638_/Z                               3.000000    6.275066   -3.275066 (VIOLATED)
_17646_/A1                              3.000000    6.275066   -3.275066 (VIOLATED)
fanout1152/I                            3.000000    5.291733   -2.291734 (VIOLATED)
_15857_/ZN                              3.000000    5.291695   -2.291695 (VIOLATED)
_18056_/A1                              3.000000    4.747362   -1.747362 (VIOLATED)
_19610_/A1                              3.000000    4.747362   -1.747362 (VIOLATED)
_13649_/A2                              3.000000    4.747360   -1.747360 (VIOLATED)
_18475_/A2                              3.000000    4.747360   -1.747361 (VIOLATED)
_13650_/A3                              3.000000    4.747355   -1.747355 (VIOLATED)
_14807_/A1                              3.000000    4.747356   -1.747357 (VIOLATED)
_13648_/ZN                              3.000000    4.747338   -1.747338 (VIOLATED)
_13960_/Z                               3.000000    4.728862   -1.728862 (VIOLATED)
_13961_/A3                              3.000000    4.728862   -1.728862 (VIOLATED)
_14153_/A3                              3.000000    4.728862   -1.728862 (VIOLATED)
_19644_/A2                              3.000000    4.679484   -1.679484 (VIOLATED)
_19643_/ZN                              3.000000    4.679467   -1.679467 (VIOLATED)
_13552_/A2                              3.000000    4.661927   -1.661927 (VIOLATED)
_18083_/A1                              3.000000    4.661928   -1.661928 (VIOLATED)
_14788_/A1                              3.000000    4.661925   -1.661925 (VIOLATED)
_18497_/A2                              3.000000    4.661926   -1.661926 (VIOLATED)
_19634_/A1                              3.000000    4.661927   -1.661928 (VIOLATED)
_13553_/A3                              3.000000    4.661922   -1.661922 (VIOLATED)
_13551_/ZN                              3.000000    4.661881   -1.661882 (VIOLATED)
fanout1088/I                            3.000000    4.616707   -1.616707 (VIOLATED)
_15873_/ZN                              3.000000    4.616671   -1.616671 (VIOLATED)
_17972_/A1                              3.000000    4.399394   -1.399394 (VIOLATED)
_18409_/A2                              3.000000    4.399394   -1.399394 (VIOLATED)
_18755_/A1                              3.000000    4.399394   -1.399394 (VIOLATED)
_19532_/A1                              3.000000    4.399394   -1.399394 (VIOLATED)
_13955_/A2                              3.000000    4.399391   -1.399391 (VIOLATED)
_13956_/A3                              3.000000    4.399391   -1.399391 (VIOLATED)
_14838_/A1                              3.000000    4.399387   -1.399387 (VIOLATED)
_13954_/ZN                              3.000000    4.399374   -1.399374 (VIOLATED)
_18001_/A1                              3.000000    4.310141   -1.310141 (VIOLATED)
_19562_/A1                              3.000000    4.310141   -1.310141 (VIOLATED)
_13866_/A2                              3.000000    4.310140   -1.310140 (VIOLATED)
_18431_/A2                              3.000000    4.310140   -1.310140 (VIOLATED)
_14828_/A1                              3.000000    4.310138   -1.310138 (VIOLATED)
_13867_/A3                              3.000000    4.310136   -1.310136 (VIOLATED)
_13865_/ZN                              3.000000    4.310122   -1.310123 (VIOLATED)
_17872_/A1                              3.000000    4.273353   -1.273353 (VIOLATED)
_14278_/A2                              3.000000    4.273352   -1.273352 (VIOLATED)
_18328_/A2                              3.000000    4.273353   -1.273353 (VIOLATED)
_19423_/A1                              3.000000    4.273353   -1.273353 (VIOLATED)
_14875_/A1                              3.000000    4.273350   -1.273350 (VIOLATED)
_14279_/A3                              3.000000    4.273348   -1.273348 (VIOLATED)
_14277_/ZN                              3.000000    4.273335   -1.273335 (VIOLATED)
fanout1274/I                            3.000000    4.161448   -1.161449 (VIOLATED)
_15806_/ZN                              3.000000    4.161425   -1.161425 (VIOLATED)
_13601_/A2                              3.000000    4.111262   -1.111263 (VIOLATED)
_13602_/A3                              3.000000    4.111263   -1.111264 (VIOLATED)
_18070_/A1                              3.000000    4.111262   -1.111263 (VIOLATED)
_18486_/A2                              3.000000    4.111263   -1.111263 (VIOLATED)
_18828_/A1                              3.000000    4.111262   -1.111262 (VIOLATED)
_19622_/A1                              3.000000    4.111261   -1.111261 (VIOLATED)
_14802_/A1                              3.000000    4.111259   -1.111259 (VIOLATED)
_13600_/ZN                              3.000000    4.111248   -1.111248 (VIOLATED)
_17987_/A1                              3.000000    4.052192   -1.052192 (VIOLATED)
_18420_/A2                              3.000000    4.052192   -1.052192 (VIOLATED)
_19547_/A1                              3.000000    4.052193   -1.052193 (VIOLATED)
_13908_/A2                              3.000000    4.052190   -1.052190 (VIOLATED)
_14833_/A1                              3.000000    4.052189   -1.052189 (VIOLATED)
_13909_/A3                              3.000000    4.052187   -1.052187 (VIOLATED)
_13907_/ZN                              3.000000    4.052177   -1.052177 (VIOLATED)
_14898_/ZN                              3.000000    4.022432   -1.022432 (VIOLATED)
_14899_/B2                              3.000000    4.022432   -1.022432 (VIOLATED)
_18014_/A1                              3.000000    4.005565   -1.005565 (VIOLATED)
_18442_/A2                              3.000000    4.005565   -1.005565 (VIOLATED)
_19574_/A1                              3.000000    4.005563   -1.005563 (VIOLATED)
_13815_/A2                              3.000000    4.005558   -1.005558 (VIOLATED)
_14824_/A1                              3.000000    4.005558   -1.005557 (VIOLATED)
_13814_/ZN                              3.000000    4.005546   -1.005546 (VIOLATED)
_13980_/A2                              3.000000    3.979687   -0.979687 (VIOLATED)
_14372_/A2                              3.000000    3.979687   -0.979687 (VIOLATED)
_13971_/Z                               3.000000    3.979669   -0.979669 (VIOLATED)
_14907_/A2                              3.000000    3.979669   -0.979669 (VIOLATED)
_13499_/A2                              3.000000    3.934229   -0.934229 (VIOLATED)
_18097_/A1                              3.000000    3.934230   -0.934230 (VIOLATED)
_19646_/A1                              3.000000    3.934230   -0.934231 (VIOLATED)
_18508_/A2                              3.000000    3.934229   -0.934229 (VIOLATED)
_14775_/A1                              3.000000    3.934227   -0.934227 (VIOLATED)
_13500_/A3                              3.000000    3.934226   -0.934226 (VIOLATED)
_13498_/ZN                              3.000000    3.934215   -0.934215 (VIOLATED)
_17943_/A1                              3.000000    3.791637   -0.791637 (VIOLATED)
_14048_/A2                              3.000000    3.791636   -0.791637 (VIOLATED)
_18387_/A2                              3.000000    3.791637   -0.791637 (VIOLATED)
_19501_/A1                              3.000000    3.791637   -0.791637 (VIOLATED)
_14049_/A3                              3.000000    3.791634   -0.791634 (VIOLATED)
_14851_/A1                              3.000000    3.791628   -0.791629 (VIOLATED)
_14047_/ZN                              3.000000    3.791619   -0.791619 (VIOLATED)
_18224_/A2                              3.000000    3.759269   -0.759269 (VIOLATED)
_18223_/Z                               3.000000    3.759242   -0.759242 (VIOLATED)
_14992_/B1                              3.000000    3.755914   -0.755914 (VIOLATED)
_15132_/B1                              3.000000    3.755912   -0.755912 (VIOLATED)
_15089_/B1                              3.000000    3.755908   -0.755908 (VIOLATED)
_15044_/A3                              3.000000    3.755867   -0.755867 (VIOLATED)
_15218_/B1                              3.000000    3.755835   -0.755835 (VIOLATED)
_15121_/A2                              3.000000    3.755803   -0.755803 (VIOLATED)
_15026_/A3                              3.000000    3.755798   -0.755798 (VIOLATED)
_15105_/B1                              3.000000    3.755782   -0.755782 (VIOLATED)
_15157_/B1                              3.000000    3.755747   -0.755747 (VIOLATED)
_15191_/A2                              3.000000    3.755721   -0.755721 (VIOLATED)
_14974_/ZN                              3.000000    3.755690   -0.755690 (VIOLATED)
_14932_/ZN                              3.000000    3.750206   -0.750206 (VIOLATED)
_14933_/A2                              3.000000    3.750206   -0.750206 (VIOLATED)
_14934_/A2                              3.000000    3.750206   -0.750206 (VIOLATED)
_18111_/A1                              3.000000    3.680162   -0.680162 (VIOLATED)
_13449_/A3                              3.000000    3.680161   -0.680161 (VIOLATED)
_14762_/A1                              3.000000    3.680162   -0.680162 (VIOLATED)
_19658_/A1                              3.000000    3.680161   -0.680161 (VIOLATED)
_13448_/A2                              3.000000    3.680160   -0.680160 (VIOLATED)
_13447_/ZN                              3.000000    3.680152   -0.680152 (VIOLATED)
_13471_/ZN                              3.000000    3.675704   -0.675704 (VIOLATED)
_13480_/A1                              3.000000    3.675704   -0.675704 (VIOLATED)
_14372_/A1                              3.000000    3.675704   -0.675704 (VIOLATED)
_14679_/A1                              3.000000    3.675704   -0.675704 (VIOLATED)
_12940_/ZN                              3.000000    3.661593   -0.661593 (VIOLATED)
_12941_/I                               3.000000    3.661593   -0.661593 (VIOLATED)
_14903_/ZN                              3.000000    3.620065   -0.620065 (VIOLATED)
_14904_/B2                              3.000000    3.620065   -0.620065 (VIOLATED)
_13700_/ZN                              3.000000    3.569443   -0.569443 (VIOLATED)
_18464_/A1                              3.000000    3.569443   -0.569443 (VIOLATED)
_19132_/A1                              3.000000    3.569443   -0.569443 (VIOLATED)
_13722_/ZN                              3.000000    3.537816   -0.537816 (VIOLATED)
_13732_/A1                              3.000000    3.537816   -0.537816 (VIOLATED)
_14546_/A1                              3.000000    3.537816   -0.537816 (VIOLATED)
_14785_/A1                              3.000000    3.537816   -0.537816 (VIOLATED)
_19844_/B1                              3.000000    3.524272   -0.524273 (VIOLATED)
_19843_/Z                               3.000000    3.524271   -0.524271 (VIOLATED)
fanout1753/I                            3.000000    3.522669   -0.522669 (VIOLATED)
fanout1730/I                            3.000000    3.522638   -0.522638 (VIOLATED)
_25208_/Q                               3.000000    3.522619   -0.522619 (VIOLATED)
fanout1737/I                            3.000000    3.522619   -0.522619 (VIOLATED)
_15512_/ZN                              3.000000    3.516585   -0.516585 (VIOLATED)
_15516_/A1                              3.000000    3.516585   -0.516585 (VIOLATED)
_18104_/Z                               3.000000    3.492276   -0.492276 (VIOLATED)
_18105_/A2                              3.000000    3.492277   -0.492277 (VIOLATED)
_13430_/ZN                              3.000000    3.475645   -0.475645 (VIOLATED)
_13431_/C                               3.000000    3.475645   -0.475645 (VIOLATED)
_13530_/ZN                              3.000000    3.454964   -0.454964 (VIOLATED)
_13531_/B1                              3.000000    3.454964   -0.454964 (VIOLATED)
_19631_/A1                              3.000000    3.443864   -0.443864 (VIOLATED)
_19259_/Z                               3.000000    3.443863   -0.443863 (VIOLATED)
_19268_/A1                              3.000000    3.443863   -0.443863 (VIOLATED)
_19313_/A1                              3.000000    3.443863   -0.443863 (VIOLATED)
_26159_/D                               3.000000    3.431179   -0.431179 (VIOLATED)
_21030_/ZN                              3.000000    3.431152   -0.431152 (VIOLATED)
_17765_/Z                               3.000000    3.418095   -0.418095 (VIOLATED)
_17769_/A2                              3.000000    3.418095   -0.418095 (VIOLATED)
_17878_/A2                              3.000000    3.418095   -0.418095 (VIOLATED)
_18021_/A1                              3.000000    3.418095   -0.418095 (VIOLATED)
_13396_/A1                              3.000000    3.408950   -0.408950 (VIOLATED)
_13804_/B                               3.000000    3.408935   -0.408935 (VIOLATED)
_13359_/A1                              3.000000    3.408884   -0.408884 (VIOLATED)
fanout1292/I                            3.000000    3.408231   -0.408231 (VIOLATED)
_13339_/ZN                              3.000000    3.408106   -0.408106 (VIOLATED)
_14170_/ZN                              3.000000    3.402356   -0.402356 (VIOLATED)
_14171_/A3                              3.000000    3.402356   -0.402356 (VIOLATED)
_14785_/A2                              3.000000    3.402356   -0.402356 (VIOLATED)
_14840_/A2                              3.000000    3.402356   -0.402356 (VIOLATED)
_14092_/A3                              3.000000    3.394309   -0.394309 (VIOLATED)
_14855_/A1                              3.000000    3.394309   -0.394309 (VIOLATED)
_14091_/A2                              3.000000    3.394308   -0.394308 (VIOLATED)
_17929_/A1                              3.000000    3.394307   -0.394307 (VIOLATED)
_19486_/A1                              3.000000    3.394307   -0.394307 (VIOLATED)
_18376_/A2                              3.000000    3.394306   -0.394306 (VIOLATED)
_14090_/ZN                              3.000000    3.394298   -0.394298 (VIOLATED)
_17710_/A2                              3.000000    3.393713   -0.393713 (VIOLATED)
_17709_/Z                               3.000000    3.393712   -0.393712 (VIOLATED)
_12838_/ZN                              3.000000    3.388660   -0.388660 (VIOLATED)
wire1596/I                              3.000000    3.388660   -0.388660 (VIOLATED)
_19024_/A2                              3.000000    3.382762   -0.382762 (VIOLATED)
_19160_/A2                              3.000000    3.382754   -0.382754 (VIOLATED)
_19033_/A2                              3.000000    3.382754   -0.382754 (VIOLATED)
_19168_/A2                              3.000000    3.382749   -0.382749 (VIOLATED)
_19152_/A2                              3.000000    3.382723   -0.382723 (VIOLATED)
_18974_/A2                              3.000000    3.382700   -0.382700 (VIOLATED)
_18896_/A2                              3.000000    3.382668   -0.382669 (VIOLATED)
_18965_/B1                              3.000000    3.382662   -0.382662 (VIOLATED)
_18955_/A2                              3.000000    3.382628   -0.382628 (VIOLATED)
_18946_/A2                              3.000000    3.382624   -0.382625 (VIOLATED)
_18883_/ZN                              3.000000    3.382574   -0.382574 (VIOLATED)
_17906_/Z                               3.000000    3.370893   -0.370893 (VIOLATED)
_17907_/A3                              3.000000    3.370893   -0.370893 (VIOLATED)
_18007_/A2                              3.000000    3.370893   -0.370893 (VIOLATED)
_18153_/A1                              3.000000    3.370893   -0.370893 (VIOLATED)
_17842_/A1                              3.000000    3.349797   -0.349797 (VIOLATED)
_18299_/A2                              3.000000    3.349797   -0.349797 (VIOLATED)
_19393_/A1                              3.000000    3.349797   -0.349797 (VIOLATED)
_14358_/A2                              3.000000    3.349796   -0.349796 (VIOLATED)
_14359_/A3                              3.000000    3.349794   -0.349794 (VIOLATED)
_14885_/A1                              3.000000    3.349792   -0.349792 (VIOLATED)
_14357_/ZN                              3.000000    3.349778   -0.349778 (VIOLATED)
_18425_/A2                              3.000000    3.325227   -0.325227 (VIOLATED)
_18424_/Z                               3.000000    3.325225   -0.325225 (VIOLATED)
_14925_/A1                              3.000000    3.323784   -0.323784 (VIOLATED)
_14631_/A3                              3.000000    3.323783   -0.323783 (VIOLATED)
_17696_/A1                              3.000000    3.323783   -0.323783 (VIOLATED)
_18189_/A2                              3.000000    3.323783   -0.323783 (VIOLATED)
_14630_/A2                              3.000000    3.323782   -0.323782 (VIOLATED)
_19271_/A1                              3.000000    3.323781   -0.323781 (VIOLATED)
_14629_/ZN                              3.000000    3.323778   -0.323778 (VIOLATED)
_19198_/ZN                              3.000000    3.291343   -0.291344 (VIOLATED)
_19199_/A2                              3.000000    3.291343   -0.291344 (VIOLATED)
fanout1076/I                            3.000000    3.291191   -0.291191 (VIOLATED)
fanout1079/I                            3.000000    3.290683   -0.290683 (VIOLATED)
fanout1077/I                            3.000000    3.290483   -0.290483 (VIOLATED)
fanout1075/I                            3.000000    3.290209   -0.290209 (VIOLATED)
_15875_/ZN                              3.000000    3.290067   -0.290067 (VIOLATED)
_18480_/A2                              3.000000    3.247542   -0.247542 (VIOLATED)
_18479_/Z                               3.000000    3.247541   -0.247541 (VIOLATED)
_19343_/A2                              3.000000    3.234437   -0.234437 (VIOLATED)
_19342_/Z                               3.000000    3.234435   -0.234435 (VIOLATED)
_18034_/A3                              3.000000    3.234194   -0.234194 (VIOLATED)
_18033_/Z                               3.000000    3.234192   -0.234192 (VIOLATED)
_18134_/A2                              3.000000    3.234192   -0.234192 (VIOLATED)
_18279_/A1                              3.000000    3.234192   -0.234192 (VIOLATED)
_18360_/A2                              3.000000    3.230411   -0.230411 (VIOLATED)
_18359_/Z                               3.000000    3.230409   -0.230409 (VIOLATED)
_16432_/B1                              3.000000    3.216105   -0.216105 (VIOLATED)
_16430_/ZN                              3.000000    3.216091   -0.216091 (VIOLATED)
_19278_/Z                               3.000000    3.205804   -0.205804 (VIOLATED)
_19283_/A2                              3.000000    3.205804   -0.205804 (VIOLATED)
_19327_/A1                              3.000000    3.205804   -0.205804 (VIOLATED)
_19643_/A1                              3.000000    3.205804   -0.205804 (VIOLATED)
fanout517/I                             3.000000    3.203719   -0.203719 (VIOLATED)
_23955_/A1                              3.000000    3.203719   -0.203719 (VIOLATED)
_21159_/A1                              3.000000    3.203717   -0.203717 (VIOLATED)
_15973_/I0                              3.000000    3.203634   -0.203634 (VIOLATED)
_15929_/ZN                              3.000000    3.203582   -0.203582 (VIOLATED)
_18864_/Z                               3.000000    3.197451   -0.197451 (VIOLATED)
_18865_/A3                              3.000000    3.197451   -0.197451 (VIOLATED)
_18921_/A2                              3.000000    3.197451   -0.197451 (VIOLATED)
_18931_/A1                              3.000000    3.197451   -0.197451 (VIOLATED)
_14729_/A2                              3.000000    3.196814   -0.196814 (VIOLATED)
_18145_/A1                              3.000000    3.196814   -0.196814 (VIOLATED)
_18882_/A1                              3.000000    3.196814   -0.196814 (VIOLATED)
_14728_/ZN                              3.000000    3.196812   -0.196812 (VIOLATED)
_15575_/A2                              3.000000    3.196812   -0.196812 (VIOLATED)
_17770_/A2                              3.000000    3.195326   -0.195326 (VIOLATED)
_17769_/Z                               3.000000    3.195324   -0.195324 (VIOLATED)
_14479_/ZN                              3.000000    3.178739   -0.178739 (VIOLATED)
_14481_/B1                              3.000000    3.178739   -0.178739 (VIOLATED)
_17750_/A2                              3.000000    3.171981   -0.171981 (VIOLATED)
_17749_/Z                               3.000000    3.171979   -0.171979 (VIOLATED)
_14893_/ZN                              3.000000    3.166548   -0.166549 (VIOLATED)
_14894_/B2                              3.000000    3.166548   -0.166549 (VIOLATED)
_18265_/Z                               3.000000    3.164993   -0.164993 (VIOLATED)
_18266_/A2                              3.000000    3.164993   -0.164993 (VIOLATED)
fanout1278/I                            3.000000    3.160064   -0.160064 (VIOLATED)
fanout1276/I                            3.000000    3.160025   -0.160025 (VIOLATED)
fanout1277/I                            3.000000    3.159984   -0.159984 (VIOLATED)
fanout1275/I                            3.000000    3.159970   -0.159970 (VIOLATED)
_15802_/ZN                              3.000000    3.159954   -0.159954 (VIOLATED)
_18627_/ZN                              3.000000    3.142313   -0.142313 (VIOLATED)
_18628_/A2                              3.000000    3.142313   -0.142313 (VIOLATED)
_18090_/A3                              3.000000    3.141377   -0.141377 (VIOLATED)
_18089_/Z                               3.000000    3.141376   -0.141376 (VIOLATED)
_18196_/A2                              3.000000    3.141376   -0.141376 (VIOLATED)
_18335_/A1                              3.000000    3.141376   -0.141376 (VIOLATED)
_21227_/A2                              3.000000    3.133838   -0.133838 (VIOLATED)
_21812_/A2                              3.000000    3.133835   -0.133835 (VIOLATED)
_21032_/A2                              3.000000    3.133817   -0.133817 (VIOLATED)
_21942_/A2                              3.000000    3.133795   -0.133795 (VIOLATED)
_21682_/A2                              3.000000    3.133790   -0.133790 (VIOLATED)
_21487_/A2                              3.000000    3.133770   -0.133770 (VIOLATED)
fanout838/Z                             3.000000    3.133770   -0.133770 (VIOLATED)
_17995_/A2                              3.000000    3.130036   -0.130036 (VIOLATED)
_17994_/Z                               3.000000    3.130033   -0.130034 (VIOLATED)
_19391_/A2                              3.000000    3.120703   -0.120703 (VIOLATED)
_19390_/Z                               3.000000    3.120701   -0.120701 (VIOLATED)
_14197_/Z                               3.000000    3.120040   -0.120040 (VIOLATED)
_14198_/I                               3.000000    3.120040   -0.120040 (VIOLATED)
_17687_/A1                              3.000000    3.120040   -0.120040 (VIOLATED)
_18560_/A1                              3.000000    3.120040   -0.120040 (VIOLATED)
_19258_/A1                              3.000000    3.120040   -0.120040 (VIOLATED)
_21097_/A1                              3.000000    3.115201   -0.115201 (VIOLATED)
_20041_/A1                              3.000000    3.115195   -0.115195 (VIOLATED)
_23113_/A1                              3.000000    3.115154   -0.115154 (VIOLATED)
_20039_/ZN                              3.000000    3.115113   -0.115113 (VIOLATED)
_22137_/A2                              3.000000    3.115113   -0.115113 (VIOLATED)
_13661_/ZN                              3.000000    3.109467   -0.109467 (VIOLATED)
_13678_/A1                              3.000000    3.109467   -0.109467 (VIOLATED)
_14114_/A1                              3.000000    3.109467   -0.109467 (VIOLATED)
_14877_/A1                              3.000000    3.109467   -0.109467 (VIOLATED)
fanout856/I                             3.000000    3.101400   -0.101400 (VIOLATED)
_18542_/ZN                              3.000000    3.101334   -0.101334 (VIOLATED)
fanout855/I                             3.000000    3.101334   -0.101334 (VIOLATED)
_12991_/ZN                              3.000000    3.099972   -0.099972 (VIOLATED)
_12992_/I                               3.000000    3.099972   -0.099972 (VIOLATED)
_13018_/A1                              3.000000    3.099972   -0.099972 (VIOLATED)
_13080_/A1                              3.000000    3.099972   -0.099972 (VIOLATED)
_17716_/A1                              3.000000    3.097525   -0.097525 (VIOLATED)
_14600_/A2                              3.000000    3.097525   -0.097525 (VIOLATED)
_14601_/A3                              3.000000    3.097524   -0.097524 (VIOLATED)
_14920_/A1                              3.000000    3.097524   -0.097524 (VIOLATED)
_19286_/A1                              3.000000    3.097523   -0.097523 (VIOLATED)
_14599_/ZN                              3.000000    3.097517   -0.097518 (VIOLATED)
_26386_/D                               3.000000    3.089705   -0.089705 (VIOLATED)
_21493_/ZN                              3.000000    3.089691   -0.089691 (VIOLATED)
_13130_/I0                              3.000000    3.083136   -0.083136 (VIOLATED)
_13196_/I0                              3.000000    3.083136   -0.083136 (VIOLATED)
_13230_/I0                              3.000000    3.083130   -0.083130 (VIOLATED)
_13163_/I1                              3.000000    3.083117   -0.083118 (VIOLATED)
_15596_/I0                              3.000000    3.083079   -0.083079 (VIOLATED)
_25118_/Q                               3.000000    3.083079   -0.083079 (VIOLATED)
_18513_/A2                              3.000000    3.075436   -0.075436 (VIOLATED)
_18512_/ZN                              3.000000    3.075424   -0.075424 (VIOLATED)
_18997_/Z                               3.000000    3.069235   -0.069235 (VIOLATED)
_18998_/A3                              3.000000    3.069235   -0.069235 (VIOLATED)
_19047_/A2                              3.000000    3.069235   -0.069235 (VIOLATED)
_19057_/A1                              3.000000    3.069235   -0.069235 (VIOLATED)
_13979_/ZN                              3.000000    3.065954   -0.065954 (VIOLATED)
_13980_/A3                              3.000000    3.065954   -0.065954 (VIOLATED)
_14709_/A2                              3.000000    3.065954   -0.065954 (VIOLATED)
_14819_/A2                              3.000000    3.065954   -0.065954 (VIOLATED)
_13053_/A2                              3.000000    3.038843   -0.038843 (VIOLATED)
_12978_/A3                              3.000000    3.038842   -0.038842 (VIOLATED)
_12977_/A3                              3.000000    3.038842   -0.038842 (VIOLATED)
_12895_/A3                              3.000000    3.038842   -0.038842 (VIOLATED)
_12987_/A2                              3.000000    3.038842   -0.038842 (VIOLATED)
_13005_/A2                              3.000000    3.038842   -0.038842 (VIOLATED)
_12839_/A1                              3.000000    3.038842   -0.038842 (VIOLATED)
_12835_/A3                              3.000000    3.038841   -0.038842 (VIOLATED)
_17432_/A2                              3.000000    3.038841   -0.038841 (VIOLATED)
_12906_/A4                              3.000000    3.038840   -0.038840 (VIOLATED)
_12831_/ZN                              3.000000    3.038838   -0.038838 (VIOLATED)
_17908_/A2                              3.000000    3.032194   -0.032194 (VIOLATED)
_17907_/Z                               3.000000    3.032192   -0.032192 (VIOLATED)
_21162_/A1                              3.000000    3.025876   -0.025876 (VIOLATED)
_20107_/A2                              3.000000    3.025875   -0.025875 (VIOLATED)
_22202_/A2                              3.000000    3.025875   -0.025875 (VIOLATED)
_20106_/ZN                              3.000000    3.025865   -0.025865 (VIOLATED)
_23178_/A1                              3.000000    3.025865   -0.025865 (VIOLATED)
fanout492/I                             3.000000    3.016305   -0.016305 (VIOLATED)
_16108_/I0                              3.000000    3.016226   -0.016226 (VIOLATED)
_16067_/ZN                              3.000000    3.016161   -0.016161 (VIOLATED)
_12906_/ZN                              3.000000    3.003775   -0.003775 (VIOLATED)
_12907_/A3                              3.000000    3.003775   -0.003775 (VIOLATED)
_12908_/A4                              3.000000    3.003775   -0.003775 (VIOLATED)
_12922_/A2                              3.000000    3.003775   -0.003775 (VIOLATED)
_12923_/A4                              3.000000    3.003775   -0.003775 (VIOLATED)
_13006_/A1                              3.000000    3.003775   -0.003775 (VIOLATED)
_17797_/Z                               3.000000    3.002177   -0.002177 (VIOLATED)
_17802_/A2                              3.000000    3.002177   -0.002177 (VIOLATED)
_18446_/A2                              3.000000    3.002177   -0.002177 (VIOLATED)
_18523_/A2                              3.000000    3.002177   -0.002177 (VIOLATED)
_12828_/ZN                              3.000000    3.000309   -0.000309 (VIOLATED)
_12829_/A2                              3.000000    3.000309   -0.000309 (VIOLATED)
_12830_/A2                              3.000000    3.000309   -0.000309 (VIOLATED)

max fanout

Pin                                   Limit Fanout  Slack
---------------------------------------------------------
clkbuf_2_0_0_clk/Z                       10     16     -6 (VIOLATED)
clkbuf_2_1_0_clk/Z                       10     16     -6 (VIOLATED)
clkbuf_2_2_0_clk/Z                       10     16     -6 (VIOLATED)
clkbuf_2_3_0_clk/Z                       10     16     -6 (VIOLATED)
clkbuf_6_36_0_clk/Z                      10     13     -3 (VIOLATED)
clkbuf_6_55_0_clk/Z                      10     13     -3 (VIOLATED)
clkbuf_6_32_0_clk/Z                      10     12     -2 (VIOLATED)
clkbuf_6_33_0_clk/Z                      10     12     -2 (VIOLATED)
clkbuf_6_39_0_clk/Z                      10     12     -2 (VIOLATED)
clkbuf_6_41_0_clk/Z                      10     12     -2 (VIOLATED)
clkbuf_6_48_0_clk/Z                      10     12     -2 (VIOLATED)
clkbuf_6_56_0_clk/Z                      10     12     -2 (VIOLATED)
clkbuf_6_57_0_clk/Z                      10     12     -2 (VIOLATED)
clkbuf_6_58_0_clk/Z                      10     12     -2 (VIOLATED)
clkbuf_leaf_301_clk/Z                    10     12     -2 (VIOLATED)
clkbuf_6_34_0_clk/Z                      10     11        (VIOLATED)
clkbuf_6_35_0_clk/Z                      10     11        (VIOLATED)
clkbuf_6_37_0_clk/Z                      10     11        (VIOLATED)
clkbuf_6_38_0_clk/Z                      10     11        (VIOLATED)
clkbuf_6_46_0_clk/Z                      10     11        (VIOLATED)
clkbuf_6_50_0_clk/Z                      10     11        (VIOLATED)
clkbuf_6_54_0_clk/Z                      10     11        (VIOLATED)
clkbuf_6_59_0_clk/Z                      10     11        (VIOLATED)
clkbuf_6_61_0_clk/Z                      10     11        (VIOLATED)
clkbuf_leaf_161_clk/Z                    10     11        (VIOLATED)
clkbuf_leaf_218_clk/Z                    10     11        (VIOLATED)
clkbuf_leaf_290_clk/Z                    10     11        (VIOLATED)

max capacitance

Pin                                        Limit         Cap       Slack
------------------------------------------------------------------------
clkbuf_2_1_0_clk/Z                      0.200000    0.433009   -0.233009 (VIOLATED)
clkbuf_2_0_0_clk/Z                      0.200000    0.421719   -0.221719 (VIOLATED)
clkbuf_2_2_0_clk/Z                      0.200000    0.412482   -0.212482 (VIOLATED)
clkbuf_2_3_0_clk/Z                      0.200000    0.410579   -0.210579 (VIOLATED)
fanout1183/Z                            0.200000    0.347137   -0.147137 (VIOLATED)
fanout1321/Z                            0.200000    0.337150   -0.137150 (VIOLATED)
fanout1070/Z                            0.200000    0.337078   -0.137078 (VIOLATED)
fanout1431/Z                            0.200000    0.325077   -0.125077 (VIOLATED)
fanout1332/Z                            0.200000    0.323242   -0.123242 (VIOLATED)
fanout1117/Z                            0.200000    0.322831   -0.122831 (VIOLATED)
fanout1080/Z                            0.200000    0.321388   -0.121388 (VIOLATED)
fanout1113/Z                            0.200000    0.321115   -0.121115 (VIOLATED)
fanout1328/Z                            0.200000    0.319720   -0.119720 (VIOLATED)
fanout1238/Z                            0.200000    0.319415   -0.119415 (VIOLATED)
fanout1316/Z                            0.200000    0.318787   -0.118787 (VIOLATED)
fanout1261/Z                            0.200000    0.318420   -0.118420 (VIOLATED)
clkbuf_0_clk/Z                          0.200000    0.317192   -0.117192 (VIOLATED)
fanout1065/Z                            0.200000    0.316937   -0.116937 (VIOLATED)
fanout879/Z                             0.200000    0.316774   -0.116774 (VIOLATED)
fanout1155/Z                            0.200000    0.316369   -0.116369 (VIOLATED)
fanout1110/Z                            0.200000    0.312418   -0.112418 (VIOLATED)
fanout1266/Z                            0.200000    0.311605   -0.111605 (VIOLATED)
fanout1085/Z                            0.200000    0.310211   -0.110211 (VIOLATED)
fanout1243/Z                            0.200000    0.309939   -0.109939 (VIOLATED)
fanout1195/Z                            0.200000    0.309741   -0.109741 (VIOLATED)
fanout1255/Z                            0.200000    0.308648   -0.108648 (VIOLATED)
fanout748/Z                             0.200000    0.308505   -0.108505 (VIOLATED)
fanout1075/Z                            0.200000    0.307805   -0.107805 (VIOLATED)
max_cap1092/Z                           0.200000    0.306760   -0.106760 (VIOLATED)
max_cap1318/Z                           0.200000    0.305442   -0.105442 (VIOLATED)
fanout1149/Z                            0.200000    0.305199   -0.105199 (VIOLATED)
fanout806/Z                             0.200000    0.303921   -0.103921 (VIOLATED)
fanout1245/Z                            0.200000    0.303289   -0.103289 (VIOLATED)
fanout1121/Z                            0.200000    0.302050   -0.102050 (VIOLATED)
fanout1323/Z                            0.200000    0.301658   -0.101658 (VIOLATED)
fanout884/Z                             0.200000    0.301190   -0.101190 (VIOLATED)
fanout1296/Z                            0.200000    0.299047   -0.099047 (VIOLATED)
fanout1106/Z                            0.200000    0.297971   -0.097971 (VIOLATED)
fanout1211/Z                            0.200000    0.296970   -0.096970 (VIOLATED)
max_cap1130/Z                           0.200000    0.296329   -0.096329 (VIOLATED)
fanout1197/Z                            0.200000    0.294351   -0.094351 (VIOLATED)
fanout1125/Z                            0.200000    0.293844   -0.093844 (VIOLATED)
fanout1277/Z                            0.200000    0.293840   -0.093840 (VIOLATED)
fanout551/Z                             0.200000    0.292766   -0.092766 (VIOLATED)
fanout1108/Z                            0.200000    0.292513   -0.092513 (VIOLATED)
fanout1112/Z                            0.200000    0.291623   -0.091623 (VIOLATED)
fanout1185/Z                            0.200000    0.291555   -0.091555 (VIOLATED)
fanout1229/Z                            0.200000    0.291470   -0.091470 (VIOLATED)
max_cap1119/Z                           0.200000    0.291293   -0.091293 (VIOLATED)
fanout1164/Z                            0.200000    0.291120   -0.091120 (VIOLATED)
fanout1087/Z                            0.200000    0.289871   -0.089871 (VIOLATED)
fanout1269/Z                            0.200000    0.289610   -0.089610 (VIOLATED)
fanout1191/Z                            0.200000    0.289113   -0.089113 (VIOLATED)
fanout1151/Z                            0.200000    0.287788   -0.087788 (VIOLATED)
fanout1263/Z                            0.200000    0.286650   -0.086650 (VIOLATED)
fanout1134/Z                            0.200000    0.286414   -0.086414 (VIOLATED)
fanout1097/Z                            0.200000    0.285441   -0.085441 (VIOLATED)
fanout231/Z                             0.200000    0.285406   -0.085406 (VIOLATED)
fanout1098/Z                            0.200000    0.284870   -0.084870 (VIOLATED)
fanout989/Z                             0.200000    0.284857   -0.084857 (VIOLATED)
fanout1084/Z                            0.200000    0.283810   -0.083810 (VIOLATED)
fanout1273/Z                            0.200000    0.283762   -0.083762 (VIOLATED)
fanout1223/Z                            0.200000    0.283392   -0.083392 (VIOLATED)
fanout1256/Z                            0.200000    0.283134   -0.083134 (VIOLATED)
fanout1462/Z                            0.200000    0.282434   -0.082434 (VIOLATED)
fanout1189/Z                            0.200000    0.282279   -0.082279 (VIOLATED)
fanout1344/Z                            0.200000    0.281842   -0.081842 (VIOLATED)
fanout1586/Z                            0.200000    0.281344   -0.081344 (VIOLATED)
fanout972/Z                             0.200000    0.280206   -0.080206 (VIOLATED)
fanout1297/Z                            0.200000    0.279854   -0.079854 (VIOLATED)
fanout1336/Z                            0.200000    0.279549   -0.079549 (VIOLATED)
fanout1275/Z                            0.200000    0.279123   -0.079123 (VIOLATED)
fanout697/Z                             0.200000    0.277734   -0.077734 (VIOLATED)
fanout1320/Z                            0.200000    0.277359   -0.077359 (VIOLATED)
fanout1148/Z                            0.200000    0.277284   -0.077284 (VIOLATED)
fanout1265/Z                            0.200000    0.276493   -0.076493 (VIOLATED)
fanout1190/Z                            0.200000    0.275693   -0.075693 (VIOLATED)
fanout1172/Z                            0.200000    0.275411   -0.075411 (VIOLATED)
fanout1330/Z                            0.200000    0.274747   -0.074747 (VIOLATED)
fanout1270/Z                            0.200000    0.274622   -0.074622 (VIOLATED)
wire1209/Z                              0.200000    0.274483   -0.074483 (VIOLATED)
_14974_/ZN                              0.200000    0.272869   -0.072869 (VIOLATED)
fanout76/Z                              0.200000    0.271744   -0.071744 (VIOLATED)
fanout1141/Z                            0.200000    0.271740   -0.071740 (VIOLATED)
fanout1203/Z                            0.200000    0.270965   -0.070965 (VIOLATED)
fanout1253/Z                            0.200000    0.270935   -0.070935 (VIOLATED)
fanout1227/Z                            0.200000    0.270501   -0.070501 (VIOLATED)
fanout823/Z                             0.200000    0.270191   -0.070191 (VIOLATED)
fanout1247/Z                            0.200000    0.269606   -0.069606 (VIOLATED)
fanout1258/Z                            0.200000    0.269461   -0.069461 (VIOLATED)
fanout1168/Z                            0.200000    0.268973   -0.068973 (VIOLATED)
fanout1170/Z                            0.200000    0.268958   -0.068958 (VIOLATED)
fanout1225/Z                            0.200000    0.268487   -0.068487 (VIOLATED)
fanout1071/Z                            0.200000    0.268136   -0.068136 (VIOLATED)
fanout1157/Z                            0.200000    0.267719   -0.067719 (VIOLATED)
fanout1207/Z                            0.200000    0.267535   -0.067535 (VIOLATED)
fanout1127/Z                            0.200000    0.267470   -0.067470 (VIOLATED)
fanout730/Z                             0.200000    0.267260   -0.067260 (VIOLATED)
fanout1161/Z                            0.200000    0.267015   -0.067015 (VIOLATED)
fanout1102/Z                            0.200000    0.266220   -0.066220 (VIOLATED)
fanout1182/Z                            0.200000    0.265290   -0.065290 (VIOLATED)
fanout1342/Z                            0.200000    0.265268   -0.065268 (VIOLATED)
fanout1459/Z                            0.200000    0.264795   -0.064795 (VIOLATED)
fanout739/Z                             0.200000    0.264717   -0.064717 (VIOLATED)
fanout1239/Z                            0.200000    0.264500   -0.064500 (VIOLATED)
fanout1274/Z                            0.200000    0.264282   -0.064282 (VIOLATED)
fanout1578/Z                            0.200000    0.263177   -0.063177 (VIOLATED)
fanout1334/Z                            0.200000    0.262791   -0.062791 (VIOLATED)
fanout575/Z                             0.200000    0.262536   -0.062536 (VIOLATED)
fanout1300/Z                            0.200000    0.262087   -0.062087 (VIOLATED)
fanout1180/Z                            0.200000    0.261546   -0.061546 (VIOLATED)
fanout1147/Z                            0.200000    0.260877   -0.060877 (VIOLATED)
fanout1136/Z                            0.200000    0.260816   -0.060816 (VIOLATED)
fanout1104/Z                            0.200000    0.260581   -0.060581 (VIOLATED)
fanout1201/Z                            0.200000    0.257909   -0.057909 (VIOLATED)
fanout1326/Z                            0.200000    0.256681   -0.056681 (VIOLATED)
fanout1094/Z                            0.200000    0.256396   -0.056396 (VIOLATED)
max_cap1307/Z                           0.200000    0.255766   -0.055766 (VIOLATED)
fanout1123/Z                            0.200000    0.255311   -0.055311 (VIOLATED)
fanout1304/Z                            0.200000    0.255241   -0.055241 (VIOLATED)
fanout1430/Z                            0.200000    0.254558   -0.054558 (VIOLATED)
fanout1234/Z                            0.200000    0.254397   -0.054397 (VIOLATED)
fanout1228/Z                            0.200000    0.253990   -0.053990 (VIOLATED)
fanout705/Z                             0.200000    0.253698   -0.053698 (VIOLATED)
fanout1340/Z                            0.200000    0.252937   -0.052937 (VIOLATED)
fanout1138/Z                            0.200000    0.252542   -0.052542 (VIOLATED)
fanout1193/Z                            0.200000    0.252410   -0.052410 (VIOLATED)
fanout1418/Z                            0.200000    0.252056   -0.052056 (VIOLATED)
fanout1322/Z                            0.200000    0.251930   -0.051930 (VIOLATED)
fanout1460/Z                            0.200000    0.251718   -0.051718 (VIOLATED)
fanout855/Z                             0.200000    0.250962   -0.050962 (VIOLATED)
fanout1221/Z                            0.200000    0.250883   -0.050883 (VIOLATED)
fanout1346/Z                            0.200000    0.250705   -0.050705 (VIOLATED)
fanout1478/Z                            0.200000    0.250637   -0.050637 (VIOLATED)
fanout1249/Z                            0.200000    0.250269   -0.050269 (VIOLATED)
fanout1205/Z                            0.200000    0.250003   -0.050003 (VIOLATED)
fanout1096/Z                            0.200000    0.249897   -0.049897 (VIOLATED)
fanout1315/Z                            0.200000    0.249861   -0.049861 (VIOLATED)
fanout1074/Z                            0.200000    0.249471   -0.049471 (VIOLATED)
fanout1283/Z                            0.200000    0.248531   -0.048531 (VIOLATED)
fanout1144/Z                            0.200000    0.248407   -0.048407 (VIOLATED)
fanout1140/Z                            0.200000    0.248341   -0.048341 (VIOLATED)
fanout1252/Z                            0.200000    0.248269   -0.048269 (VIOLATED)
fanout1063/Z                            0.200000    0.247291   -0.047291 (VIOLATED)
fanout1114/Z                            0.200000    0.247085   -0.047085 (VIOLATED)
fanout1089/Z                            0.200000    0.246117   -0.046117 (VIOLATED)
fanout1124/Z                            0.200000    0.245783   -0.045783 (VIOLATED)
fanout1116/Z                            0.200000    0.245577   -0.045577 (VIOLATED)
fanout1313/Z                            0.200000    0.245191   -0.045191 (VIOLATED)
_18543_/Z                               0.200000    0.245089   -0.045089 (VIOLATED)
fanout1100/Z                            0.200000    0.244845   -0.044845 (VIOLATED)
_18883_/ZN                              0.200000    0.244541   -0.044541 (VIOLATED)
fanout1714/Z                            0.200000    0.244255   -0.044255 (VIOLATED)
_13222_/ZN                              0.200000    0.244080   -0.044080 (VIOLATED)
fanout1220/Z                            0.200000    0.244012   -0.044012 (VIOLATED)
fanout1213/Z                            0.200000    0.243148   -0.043148 (VIOLATED)
fanout1216/Z                            0.200000    0.243089   -0.043089 (VIOLATED)
fanout1187/Z                            0.200000    0.242977   -0.042977 (VIOLATED)
fanout1115/Z                            0.200000    0.242779   -0.042779 (VIOLATED)
fanout1145/Z                            0.200000    0.242376   -0.042376 (VIOLATED)
fanout1699/Z                            0.200000    0.242152   -0.042152 (VIOLATED)
fanout1254/Z                            0.200000    0.241835   -0.041835 (VIOLATED)
fanout1088/Z                            0.200000    0.240959   -0.040959 (VIOLATED)
fanout1152/Z                            0.200000    0.240813   -0.040813 (VIOLATED)
fanout1302/Z                            0.200000    0.240790   -0.040790 (VIOLATED)
fanout938/Z                             0.200000    0.240551   -0.040551 (VIOLATED)
fanout1241/Z                            0.200000    0.240334   -0.040334 (VIOLATED)
fanout851/Z                             0.200000    0.239850   -0.039850 (VIOLATED)
fanout1126/Z                            0.200000    0.239812   -0.039812 (VIOLATED)
fanout1350/Z                            0.200000    0.239662   -0.039662 (VIOLATED)
fanout1338/Z                            0.200000    0.239541   -0.039541 (VIOLATED)
fanout1484/Z                            0.200000    0.238582   -0.038582 (VIOLATED)
_15875_/ZN                              0.200000    0.238314   -0.038314 (VIOLATED)
fanout271/Z                             0.200000    0.238184   -0.038184 (VIOLATED)
fanout1295/Z                            0.200000    0.237622   -0.037622 (VIOLATED)
fanout641/Z                             0.200000    0.237472   -0.037472 (VIOLATED)
fanout1309/Z                            0.200000    0.237410   -0.037410 (VIOLATED)
fanout1162/Z                            0.200000    0.237391   -0.037391 (VIOLATED)
fanout1132/Z                            0.200000    0.237091   -0.037091 (VIOLATED)
fanout883/Z                             0.200000    0.237050   -0.037050 (VIOLATED)
fanout1324/Z                            0.200000    0.235692   -0.035692 (VIOLATED)
fanout1153/Z                            0.200000    0.235609   -0.035609 (VIOLATED)
fanout1417/Z                            0.200000    0.234826   -0.034826 (VIOLATED)
fanout744/Z                             0.200000    0.234680   -0.034680 (VIOLATED)
fanout280/Z                             0.200000    0.234259   -0.034259 (VIOLATED)
fanout863/Z                             0.200000    0.234127   -0.034127 (VIOLATED)
fanout1486/Z                            0.200000    0.233674   -0.033674 (VIOLATED)
fanout1212/Z                            0.200000    0.232972   -0.032972 (VIOLATED)
fanout1069/Z                            0.200000    0.232505   -0.032505 (VIOLATED)
_13339_/ZN                              0.200000    0.230555   -0.030555 (VIOLATED)
fanout1073/Z                            0.200000    0.229696   -0.029696 (VIOLATED)
fanout1272/Z                            0.200000    0.229513   -0.029513 (VIOLATED)
fanout1712/Z                            0.200000    0.229244   -0.029244 (VIOLATED)
fanout904/Z                             0.200000    0.229150   -0.029150 (VIOLATED)
fanout990/Z                             0.200000    0.228738   -0.028738 (VIOLATED)
fanout1325/Z                            0.200000    0.228698   -0.028698 (VIOLATED)
fanout1271/Z                            0.200000    0.228639   -0.028639 (VIOLATED)
fanout1319/Z                            0.200000    0.227914   -0.027914 (VIOLATED)
fanout1086/Z                            0.200000    0.227788   -0.027788 (VIOLATED)
fanout1352/Z                            0.200000    0.227745   -0.027745 (VIOLATED)
_12843_/ZN                              0.200000    0.227710   -0.027710 (VIOLATED)
_15802_/ZN                              0.200000    0.227244   -0.027244 (VIOLATED)
_13188_/ZN                              0.200000    0.226223   -0.026223 (VIOLATED)
fanout881/Z                             0.200000    0.226221   -0.026221 (VIOLATED)
max_cap1299/Z                           0.200000    0.225993   -0.025993 (VIOLATED)
fanout1314/Z                            0.200000    0.225947   -0.025947 (VIOLATED)
fanout1202/Z                            0.200000    0.225760   -0.025760 (VIOLATED)
fanout1235/Z                            0.200000    0.225679   -0.025679 (VIOLATED)
_14972_/Z                               0.200000    0.225471   -0.025471 (VIOLATED)
fanout1111/Z                            0.200000    0.225397   -0.025397 (VIOLATED)
fanout1200/Z                            0.200000    0.224229   -0.024229 (VIOLATED)
fanout1174/Z                            0.200000    0.224118   -0.024118 (VIOLATED)
fanout1717/Z                            0.200000    0.224057   -0.024057 (VIOLATED)
fanout1166/Z                            0.200000    0.223908   -0.023908 (VIOLATED)
_13377_/Z                               0.200000    0.223582   -0.023582 (VIOLATED)
fanout1499/Z                            0.200000    0.221386   -0.021386 (VIOLATED)
fanout1693/Z                            0.200000    0.220683   -0.020683 (VIOLATED)
fanout840/Z                             0.200000    0.220470   -0.020470 (VIOLATED)
fanout1720/Z                            0.200000    0.220346   -0.020346 (VIOLATED)
fanout136/Z                             0.200000    0.220269   -0.020269 (VIOLATED)
fanout1573/Z                            0.200000    0.219946   -0.019946 (VIOLATED)
clkbuf_6_33_0_clk/Z                     0.200000    0.218959   -0.018959 (VIOLATED)
fanout558/Z                             0.200000    0.218873   -0.018873 (VIOLATED)
fanout256/Z                             0.200000    0.218717   -0.018717 (VIOLATED)
fanout849/Z                             0.200000    0.218716   -0.018716 (VIOLATED)
fanout1292/Z                            0.200000    0.217803   -0.017803 (VIOLATED)
fanout1165/Z                            0.200000    0.217718   -0.017718 (VIOLATED)
fanout1592/Z                            0.200000    0.217178   -0.017178 (VIOLATED)
clkbuf_6_39_0_clk/Z                     0.200000    0.217110   -0.017110 (VIOLATED)
fanout115/Z                             0.200000    0.217055   -0.017055 (VIOLATED)
fanout755/Z                             0.200000    0.216902   -0.016902 (VIOLATED)
fanout23/Z                              0.200000    0.216552   -0.016552 (VIOLATED)
fanout1590/Z                            0.200000    0.216403   -0.016403 (VIOLATED)
fanout1251/Z                            0.200000    0.216265   -0.016265 (VIOLATED)
fanout936/Z                             0.200000    0.216151   -0.016151 (VIOLATED)
fanout1259/Z                            0.200000    0.215874   -0.015874 (VIOLATED)
fanout1476/Z                            0.200000    0.215558   -0.015558 (VIOLATED)
fanout208/Z                             0.200000    0.215270   -0.015270 (VIOLATED)
clkbuf_6_36_0_clk/Z                     0.200000    0.214592   -0.014592 (VIOLATED)
_15844_/ZN                              0.200000    0.214519   -0.014519 (VIOLATED)
_15834_/ZN                              0.200000    0.214238   -0.014238 (VIOLATED)
fanout1068/Z                            0.200000    0.213562   -0.013562 (VIOLATED)
fanout171/Z                             0.200000    0.213547   -0.013547 (VIOLATED)
clkbuf_6_48_0_clk/Z                     0.200000    0.213316   -0.013316 (VIOLATED)
fanout783/Z                             0.200000    0.213163   -0.013163 (VIOLATED)
_15878_/ZN                              0.200000    0.212958   -0.012958 (VIOLATED)
fanout1495/Z                            0.200000    0.212772   -0.012772 (VIOLATED)
_20966_/ZN                              0.200000    0.212523   -0.012523 (VIOLATED)
fanout206/Z                             0.200000    0.212116   -0.012116 (VIOLATED)
max_cap1083/Z                           0.200000    0.212045   -0.012045 (VIOLATED)
fanout1214/Z                            0.200000    0.212039   -0.012039 (VIOLATED)
fanout1429/Z                            0.200000    0.211554   -0.011554 (VIOLATED)
fanout1199/Z                            0.200000    0.211408   -0.011408 (VIOLATED)
fanout1584/Z                            0.200000    0.211400   -0.011400 (VIOLATED)
fanout826/Z                             0.200000    0.211148   -0.011148 (VIOLATED)
clkbuf_6_37_0_clk/Z                     0.200000    0.211121   -0.011121 (VIOLATED)
fanout1577/Z                            0.200000    0.210677   -0.010677 (VIOLATED)
fanout1150/Z                            0.200000    0.210505   -0.010505 (VIOLATED)
fanout264/Z                             0.200000    0.210301   -0.010301 (VIOLATED)
fanout854/Z                             0.200000    0.209376   -0.009376 (VIOLATED)
fanout193/Z                             0.200000    0.209284   -0.009284 (VIOLATED)
fanout1067/Z                            0.200000    0.208794   -0.008794 (VIOLATED)
fanout1349/Z                            0.200000    0.208693   -0.008693 (VIOLATED)
fanout67/Z                              0.200000    0.208608   -0.008608 (VIOLATED)
fanout124/Z                             0.200000    0.208144   -0.008144 (VIOLATED)
_12849_/Z                               0.200000    0.208059   -0.008059 (VIOLATED)
clkbuf_6_38_0_clk/Z                     0.200000    0.208032   -0.008032 (VIOLATED)
max_cap1078/Z                           0.200000    0.207998   -0.007998 (VIOLATED)
fanout797/Z                             0.200000    0.207935   -0.007935 (VIOLATED)
_15861_/ZN                              0.200000    0.207200   -0.007200 (VIOLATED)
fanout830/Z                             0.200000    0.207131   -0.007131 (VIOLATED)
fanout649/Z                             0.200000    0.207066   -0.007066 (VIOLATED)
fanout1133/Z                            0.200000    0.206837   -0.006837 (VIOLATED)
fanout620/Z                             0.200000    0.206750   -0.006750 (VIOLATED)
clkbuf_6_45_0_clk/Z                     0.200000    0.206521   -0.006521 (VIOLATED)
_15798_/ZN                              0.200000    0.206427   -0.006427 (VIOLATED)
_17802_/Z                               0.124600    0.131026   -0.006426 (VIOLATED)
fanout1095/Z                            0.200000    0.205988   -0.005988 (VIOLATED)
fanout1257/Z                            0.200000    0.205620   -0.005620 (VIOLATED)
fanout1311/Z                            0.200000    0.204785   -0.004785 (VIOLATED)
fanout963/Z                             0.200000    0.204734   -0.004734 (VIOLATED)
fanout1188/Z                            0.200000    0.204617   -0.004617 (VIOLATED)
fanout1715/Z                            0.200000    0.204613   -0.004613 (VIOLATED)
fanout163/Z                             0.200000    0.204408   -0.004408 (VIOLATED)
fanout839/Z                             0.200000    0.203709   -0.003709 (VIOLATED)
fanout143/Z                             0.200000    0.203496   -0.003496 (VIOLATED)
fanout1268/Z                            0.200000    0.203472   -0.003472 (VIOLATED)
fanout926/Z                             0.200000    0.203115   -0.003115 (VIOLATED)
fanout816/Z                             0.200000    0.202731   -0.002731 (VIOLATED)
fanout942/Z                             0.200000    0.202239   -0.002239 (VIOLATED)
fanout974/Z                             0.200000    0.202026   -0.002026 (VIOLATED)
fanout977/Z                             0.200000    0.201774   -0.001774 (VIOLATED)
fanout902/Z                             0.200000    0.201595   -0.001595 (VIOLATED)
fanout561/Z                             0.200000    0.201572   -0.001572 (VIOLATED)
fanout780/Z                             0.200000    0.201448   -0.001448 (VIOLATED)
fanout722/Z                             0.200000    0.200656   -0.000656 (VIOLATED)
clkbuf_6_56_0_clk/Z                     0.200000    0.200409   -0.000409 (VIOLATED)



===========================================================================
report_parasitic_annotation -report_unannotated
============================================================================
Found 492 unannotated drivers.
 clkload0/ZN
 clkload1/ZN
 clkload10/Z
 clkload100/ZN
 clkload101/ZN
 clkload102/Z
 clkload103/ZN
 clkload104/ZN
 clkload105/ZN
 clkload106/ZN
 clkload107/ZN
 clkload108/ZN
 clkload109/ZN
 clkload11/ZN
 clkload110/ZN
 clkload111/ZN
 clkload112/ZN
 clkload113/ZN
 clkload114/ZN
 clkload115/ZN
 clkload116/ZN
 clkload117/ZN
 clkload118/Z
 clkload119/Z
 clkload12/ZN
 clkload120/Z
 clkload121/Z
 clkload122/ZN
 clkload123/ZN
 clkload124/Z
 clkload125/Z
 clkload126/ZN
 clkload127/Z
 clkload128/Z
 clkload129/Z
 clkload13/ZN
 clkload130/ZN
 clkload131/ZN
 clkload132/ZN
 clkload133/ZN
 clkload134/Z
 clkload135/ZN
 clkload136/ZN
 clkload137/ZN
 clkload138/ZN
 clkload139/ZN
 clkload14/ZN
 clkload140/ZN
 clkload141/Z
 clkload142/Z
 clkload143/ZN
 clkload144/ZN
 clkload145/ZN
 clkload146/Z
 clkload147/ZN
 clkload148/ZN
 clkload149/Z
 clkload15/ZN
 clkload150/Z
 clkload151/ZN
 clkload152/Z
 clkload153/ZN
 clkload154/ZN
 clkload155/ZN
 clkload156/ZN
 clkload157/ZN
 clkload158/Z
 clkload159/Z
 clkload16/ZN
 clkload160/Z
 clkload161/Z
 clkload162/Z
 clkload163/Z
 clkload164/Z
 clkload165/Z
 clkload166/Z
 clkload167/Z
 clkload168/ZN
 clkload169/Z
 clkload17/ZN
 clkload170/Z
 clkload171/Z
 clkload172/Z
 clkload173/Z
 clkload174/Z
 clkload175/Z
 clkload176/ZN
 clkload177/ZN
 clkload178/ZN
 clkload179/ZN
 clkload18/ZN
 clkload180/ZN
 clkload181/Z
 clkload182/Z
 clkload183/Z
 clkload184/Z
 clkload185/Z
 clkload186/Z
 clkload187/Z
 clkload188/Z
 clkload189/Z
 clkload19/ZN
 clkload190/Z
 clkload191/ZN
 clkload192/ZN
 clkload193/ZN
 clkload194/ZN
 clkload195/Z
 clkload196/ZN
 clkload197/ZN
 clkload198/ZN
 clkload199/ZN
 clkload2/ZN
 clkload20/ZN
 clkload200/ZN
 clkload201/ZN
 clkload202/ZN
 clkload203/ZN
 clkload204/ZN
 clkload205/ZN
 clkload206/ZN
 clkload207/ZN
 clkload208/Z
 clkload209/Z
 clkload21/ZN
 clkload210/Z
 clkload211/Z
 clkload212/ZN
 clkload213/ZN
 clkload214/ZN
 clkload215/ZN
 clkload216/Z
 clkload217/ZN
 clkload218/Z
 clkload219/Z
 clkload22/ZN
 clkload220/ZN
 clkload221/Z
 clkload222/Z
 clkload223/Z
 clkload224/Z
 clkload225/Z
 clkload226/Z
 clkload227/Z
 clkload228/ZN
 clkload229/ZN
 clkload23/ZN
 clkload230/Z
 clkload231/Z
 clkload232/ZN
 clkload233/Z
 clkload234/ZN
 clkload235/Z
 clkload236/ZN
 clkload237/ZN
 clkload238/Z
 clkload239/ZN
 clkload24/ZN
 clkload240/ZN
 clkload241/ZN
 clkload242/ZN
 clkload243/Z
 clkload244/Z
 clkload245/Z
 clkload246/Z
 clkload247/Z
 clkload248/Z
 clkload249/ZN
 clkload25/Z
 clkload250/ZN
 clkload251/ZN
 clkload252/ZN
 clkload253/Z
 clkload254/Z
 clkload255/ZN
 clkload256/ZN
 clkload257/ZN
 clkload258/ZN
 clkload259/ZN
 clkload26/ZN
 clkload260/Z
 clkload261/Z
 clkload262/ZN
 clkload263/ZN
 clkload264/Z
 clkload265/Z
 clkload266/ZN
 clkload267/ZN
 clkload268/ZN
 clkload269/Z
 clkload27/ZN
 clkload270/ZN
 clkload271/ZN
 clkload272/ZN
 clkload273/ZN
 clkload274/Z
 clkload275/ZN
 clkload276/ZN
 clkload277/Z
 clkload278/Z
 clkload279/ZN
 clkload28/ZN
 clkload280/ZN
 clkload281/ZN
 clkload282/ZN
 clkload283/Z
 clkload284/ZN
 clkload285/ZN
 clkload286/Z
 clkload287/ZN
 clkload288/ZN
 clkload289/ZN
 clkload29/ZN
 clkload290/Z
 clkload291/Z
 clkload292/Z
 clkload293/Z
 clkload294/Z
 clkload295/ZN
 clkload296/Z
 clkload297/ZN
 clkload298/Z
 clkload299/Z
 clkload3/ZN
 clkload30/ZN
 clkload300/Z
 clkload301/Z
 clkload302/ZN
 clkload303/ZN
 clkload304/Z
 clkload305/Z
 clkload306/Z
 clkload307/Z
 clkload308/ZN
 clkload309/Z
 clkload31/ZN
 clkload310/Z
 clkload311/Z
 clkload312/Z
 clkload313/ZN
 clkload314/ZN
 clkload315/Z
 clkload316/ZN
 clkload317/Z
 clkload318/Z
 clkload319/Z
 clkload32/ZN
 clkload320/ZN
 clkload321/ZN
 clkload322/ZN
 clkload323/Z
 clkload324/ZN
 clkload325/ZN
 clkload326/ZN
 clkload327/ZN
 clkload328/Z
 clkload329/ZN
 clkload33/ZN
 clkload330/ZN
 clkload331/ZN
 clkload332/ZN
 clkload333/ZN
 clkload334/ZN
 clkload335/ZN
 clkload336/Z
 clkload337/Z
 clkload338/ZN
 clkload339/ZN
 clkload34/ZN
 clkload340/ZN
 clkload341/Z
 clkload342/ZN
 clkload343/ZN
 clkload344/Z
 clkload345/Z
 clkload346/Z
 clkload347/Z
 clkload348/Z
 clkload349/ZN
 clkload35/ZN
 clkload350/Z
 clkload351/ZN
 clkload352/Z
 clkload353/ZN
 clkload354/Z
 clkload355/Z
 clkload356/Z
 clkload357/ZN
 clkload358/Z
 clkload359/Z
 clkload36/ZN
 clkload360/ZN
 clkload361/ZN
 clkload362/ZN
 clkload363/ZN
 clkload364/ZN
 clkload365/ZN
 clkload366/Z
 clkload367/ZN
 clkload368/ZN
 clkload369/ZN
 clkload37/ZN
 clkload370/Z
 clkload371/ZN
 clkload372/ZN
 clkload373/ZN
 clkload374/Z
 clkload375/ZN
 clkload376/ZN
 clkload377/ZN
 clkload378/ZN
 clkload379/ZN
 clkload38/ZN
 clkload380/ZN
 clkload381/ZN
 clkload382/ZN
 clkload383/ZN
 clkload384/ZN
 clkload385/ZN
 clkload386/ZN
 clkload387/ZN
 clkload388/Z
 clkload389/ZN
 clkload39/ZN
 clkload390/ZN
 clkload391/ZN
 clkload392/Z
 clkload393/ZN
 clkload394/ZN
 clkload395/ZN
 clkload396/ZN
 clkload397/Z
 clkload398/ZN
 clkload399/ZN
 clkload4/ZN
 clkload40/ZN
 clkload400/ZN
 clkload401/ZN
 clkload402/ZN
 clkload403/ZN
 clkload404/ZN
 clkload405/ZN
 clkload406/ZN
 clkload407/Z
 clkload408/Z
 clkload409/Z
 clkload41/ZN
 clkload410/ZN
 clkload411/ZN
 clkload412/Z
 clkload413/Z
 clkload414/ZN
 clkload415/Z
 clkload416/Z
 clkload417/ZN
 clkload418/ZN
 clkload419/ZN
 clkload42/ZN
 clkload420/ZN
 clkload421/Z
 clkload422/Z
 clkload423/ZN
 clkload424/ZN
 clkload425/ZN
 clkload426/Z
 clkload427/ZN
 clkload428/ZN
 clkload429/ZN
 clkload43/ZN
 clkload430/Z
 clkload431/ZN
 clkload432/Z
 clkload433/ZN
 clkload434/ZN
 clkload435/ZN
 clkload436/Z
 clkload437/Z
 clkload438/Z
 clkload439/Z
 clkload44/ZN
 clkload440/ZN
 clkload441/ZN
 clkload442/Z
 clkload443/Z
 clkload444/Z
 clkload445/Z
 clkload446/ZN
 clkload447/ZN
 clkload448/Z
 clkload449/ZN
 clkload45/ZN
 clkload450/ZN
 clkload451/ZN
 clkload452/ZN
 clkload453/ZN
 clkload454/ZN
 clkload455/Z
 clkload456/ZN
 clkload457/ZN
 clkload458/ZN
 clkload459/ZN
 clkload46/ZN
 clkload460/ZN
 clkload461/ZN
 clkload462/ZN
 clkload463/ZN
 clkload464/ZN
 clkload465/Z
 clkload466/ZN
 clkload467/Z
 clkload468/Z
 clkload469/ZN
 clkload47/ZN
 clkload470/ZN
 clkload471/ZN
 clkload472/ZN
 clkload473/ZN
 clkload474/ZN
 clkload475/ZN
 clkload476/ZN
 clkload477/ZN
 clkload478/ZN
 clkload479/Z
 clkload48/ZN
 clkload480/Z
 clkload481/Z
 clkload482/Z
 clkload483/ZN
 clkload484/ZN
 clkload485/ZN
 clkload486/ZN
 clkload487/ZN
 clkload488/ZN
 clkload489/ZN
 clkload49/ZN
 clkload490/ZN
 clkload491/ZN
 clkload5/ZN
 clkload50/ZN
 clkload51/ZN
 clkload52/Z
 clkload53/Z
 clkload54/Z
 clkload55/ZN
 clkload56/ZN
 clkload57/ZN
 clkload58/ZN
 clkload59/ZN
 clkload6/Z
 clkload60/ZN
 clkload61/ZN
 clkload62/Z
 clkload63/ZN
 clkload64/ZN
 clkload65/Z
 clkload66/Z
 clkload67/ZN
 clkload68/ZN
 clkload69/ZN
 clkload7/ZN
 clkload70/ZN
 clkload71/ZN
 clkload72/ZN
 clkload73/ZN
 clkload74/Z
 clkload75/ZN
 clkload76/ZN
 clkload77/ZN
 clkload78/Z
 clkload79/Z
 clkload8/ZN
 clkload80/ZN
 clkload81/ZN
 clkload82/ZN
 clkload83/ZN
 clkload84/ZN
 clkload85/Z
 clkload86/ZN
 clkload87/ZN
 clkload88/Z
 clkload89/Z
 clkload9/ZN
 clkload90/ZN
 clkload91/ZN
 clkload92/ZN
 clkload93/ZN
 clkload94/ZN
 clkload95/ZN
 clkload96/ZN
 clkload97/Z
 clkload98/Z
 clkload99/ZN
Found 0 partially unannotated drivers.

===========================================================================
max slew violation count 354
max fanout violation count 27
max cap violation count 297
============================================================================

===========================================================================
check_setup -verbose -unconstrained_endpoints -multiple_clock -no_clock -no_input_delay -loops -generated_clocks
===========================================================================
