Clock: clk
Sources: clk 
Generated: no
Virtual: yes
Propagated: no
Period: 20.000000

===========================================================================
report_clock_properties
============================================================================
Clock                   Period          Waveform
----------------------------------------------------
clk                  20.000000    0.000000 10.000000

===========================================================================
report_clock_latency
============================================================================
Clock clk
rise -> rise
    min     max
0.000000 0.000000 source latency
3.694772         network latency _25435_/CLK
        4.465162 network latency _25970_/CLK
---------------
3.694772 4.465162 latency
        0.770390 skew

fall -> fall
    min     max
0.000000 0.000000 source latency
3.787262         network latency _25435_/CLK
        4.667352 network latency _25970_/CLK
---------------
3.787262 4.667352 latency
        0.880090 skew



===========================================================================
report_clock_min_period
============================================================================
clk period_min = 27.03 fmax = 37.00
