                                                                     Buffers by Cell Master                                                                     
┏━━━━━━━━━━━━━━━━━━━━━━━━━━━━━━━━━━━━━━━━━━━━━━━━━━━━━━━━━━━━━━━━━━━━━━━━━━━━━━━━━━━━━━━━━━━━━━━━━━━━━━━━━━━━━━━━━━━━━━━━━━━━━━━━━━━━┳━━━━━━━━━━━━━━━━━━━━━━━━━┓
┃ Buffer                                                                                                                             ┃ Count                   ┃
┡━━━━━━━━━━━━━━━━━━━━━━━━━━━━━━━━━━━━━━━━━━━━━━━━━━━━━━━━━━━━━━━━━━━━━━━━━━━━━━━━━━━━━━━━━━━━━━━━━━━━━━━━━━━━━━━━━━━━━━━━━━━━━━━━━━━━╇━━━━━━━━━━━━━━━━━━━━━━━━━┩
│ gf180mcu_fd_sc_mcu7t5v0__buf_1                                                                                                     │ 38                      │
│ gf180mcu_fd_sc_mcu7t5v0__buf_12                                                                                                    │ 1                       │
│ gf180mcu_fd_sc_mcu7t5v0__buf_2                                                                                                     │ 624                     │
│ gf180mcu_fd_sc_mcu7t5v0__buf_3                                                                                                     │ 8                       │
│ gf180mcu_fd_sc_mcu7t5v0__buf_4                                                                                                     │ 296                     │
│ gf180mcu_fd_sc_mcu7t5v0__buf_8                                                                                                     │ 22                      │
│ gf180mcu_fd_sc_mcu7t5v0__clkbuf_1                                                                                                  │ 3                       │
│ gf180mcu_fd_sc_mcu7t5v0__clkbuf_16                                                                                                 │ 1                       │
│ gf180mcu_fd_sc_mcu7t5v0__clkbuf_2                                                                                                  │ 200                     │
│ gf180mcu_fd_sc_mcu7t5v0__clkbuf_3                                                                                                  │ 281                     │
│ gf180mcu_fd_sc_mcu7t5v0__clkbuf_4                                                                                                  │ 485                     │
│ gf180mcu_fd_sc_mcu7t5v0__clkbuf_8                                                                                                  │ 875                     │
│ gf180mcu_fd_sc_mcu7t5v0__dlya_1                                                                                                    │ 1                       │
│ gf180mcu_fd_sc_mcu7t5v0__dlya_2                                                                                                    │ 4                       │
│ gf180mcu_fd_sc_mcu7t5v0__dlyb_1                                                                                                    │ 1                       │
│ gf180mcu_fd_sc_mcu7t5v0__dlyc_1                                                                                                    │ 2                       │
└────────────────────────────────────────────────────────────────────────────────────────────────────────────────────────────────────┴─────────────────────────┘
