                                                                        Cells by Master                                                                         
┏━━━━━━━━━━━━━━━━━━━━━━━━━━━━━━━━━━━━━━━━━━━━━━━━━━━━━━━━━━━━━━━━━━━━━━━━━━━━━━━━━━━━━━━━━━━━━━━━━━━━━━━━━━━━━━━━━━━━━━━━━━━━━━━━━━━━━┳━━━━━━━━━━━━━━━━━━━━━━━━┓
┃ Cell                                                                                                                                ┃ Count                  ┃
┡━━━━━━━━━━━━━━━━━━━━━━━━━━━━━━━━━━━━━━━━━━━━━━━━━━━━━━━━━━━━━━━━━━━━━━━━━━━━━━━━━━━━━━━━━━━━━━━━━━━━━━━━━━━━━━━━━━━━━━━━━━━━━━━━━━━━━╇━━━━━━━━━━━━━━━━━━━━━━━━┩
│ gf180mcu_fd_sc_mcu7t5v0__and2_1                                                                                                     │ 41                     │
│ gf180mcu_fd_sc_mcu7t5v0__and2_2                                                                                                     │ 8                      │
│ gf180mcu_fd_sc_mcu7t5v0__and2_4                                                                                                     │ 1                      │
│ gf180mcu_fd_sc_mcu7t5v0__and3_1                                                                                                     │ 7                      │
│ gf180mcu_fd_sc_mcu7t5v0__and3_2                                                                                                     │ 1                      │
│ gf180mcu_fd_sc_mcu7t5v0__and4_1                                                                                                     │ 19                     │
│ gf180mcu_fd_sc_mcu7t5v0__and4_2                                                                                                     │ 1                      │
│ gf180mcu_fd_sc_mcu7t5v0__antenna                                                                                                    │ 14                     │
│ gf180mcu_fd_sc_mcu7t5v0__aoi211_1                                                                                                   │ 69                     │
│ gf180mcu_fd_sc_mcu7t5v0__aoi211_2                                                                                                   │ 45                     │
│ gf180mcu_fd_sc_mcu7t5v0__aoi211_4                                                                                                   │ 16                     │
│ gf180mcu_fd_sc_mcu7t5v0__aoi21_1                                                                                                    │ 389                    │
│ gf180mcu_fd_sc_mcu7t5v0__aoi21_2                                                                                                    │ 30                     │
│ gf180mcu_fd_sc_mcu7t5v0__aoi21_4                                                                                                    │ 32                     │
│ gf180mcu_fd_sc_mcu7t5v0__aoi221_1                                                                                                   │ 222                    │
│ gf180mcu_fd_sc_mcu7t5v0__aoi221_2                                                                                                   │ 108                    │
│ gf180mcu_fd_sc_mcu7t5v0__aoi221_4                                                                                                   │ 71                     │
│ gf180mcu_fd_sc_mcu7t5v0__aoi222_1                                                                                                   │ 14                     │
│ gf180mcu_fd_sc_mcu7t5v0__aoi222_2                                                                                                   │ 38                     │
│ gf180mcu_fd_sc_mcu7t5v0__aoi222_4                                                                                                   │ 15                     │
│ gf180mcu_fd_sc_mcu7t5v0__aoi22_1                                                                                                    │ 890                    │
│ gf180mcu_fd_sc_mcu7t5v0__aoi22_2                                                                                                    │ 33                     │
│ gf180mcu_fd_sc_mcu7t5v0__aoi22_4                                                                                                    │ 40                     │
│ gf180mcu_fd_sc_mcu7t5v0__buf_1                                                                                                      │ 38                     │
│ gf180mcu_fd_sc_mcu7t5v0__buf_12                                                                                                     │ 1                      │
│ gf180mcu_fd_sc_mcu7t5v0__buf_2                                                                                                      │ 624                    │
│ gf180mcu_fd_sc_mcu7t5v0__buf_3                                                                                                      │ 8                      │
│ gf180mcu_fd_sc_mcu7t5v0__buf_4                                                                                                      │ 296                    │
│ gf180mcu_fd_sc_mcu7t5v0__buf_8                                                                                                      │ 22                     │
│ gf180mcu_fd_sc_mcu7t5v0__clkbuf_1                                                                                                   │ 3                      │
│ gf180mcu_fd_sc_mcu7t5v0__clkbuf_16                                                                                                  │ 1                      │
│ gf180mcu_fd_sc_mcu7t5v0__clkbuf_2                                                                                                   │ 200                    │
│ gf180mcu_fd_sc_mcu7t5v0__clkbuf_3                                                                                                   │ 281                    │
│ gf180mcu_fd_sc_mcu7t5v0__clkbuf_4                                                                                                   │ 485                    │
│ gf180mcu_fd_sc_mcu7t5v0__clkbuf_8                                                                                                   │ 875                    │
│ gf180mcu_fd_sc_mcu7t5v0__clkinv_1                                                                                                   │ 966                    │
│ gf180mcu_fd_sc_mcu7t5v0__clkinv_12                                                                                                  │ 11                     │
│ gf180mcu_fd_sc_mcu7t5v0__clkinv_16                                                                                                  │ 10                     │
│ gf180mcu_fd_sc_mcu7t5v0__clkinv_2                                                                                                   │ 90                     │
│ gf180mcu_fd_sc_mcu7t5v0__clkinv_20                                                                                                  │ 4                      │
│ gf180mcu_fd_sc_mcu7t5v0__clkinv_3                                                                                                   │ 15                     │
│ gf180mcu_fd_sc_mcu7t5v0__clkinv_4                                                                                                   │ 44                     │
│ gf180mcu_fd_sc_mcu7t5v0__clkinv_8                                                                                                   │ 6                      │
│ gf180mcu_fd_sc_mcu7t5v0__dffq_1                                                                                                     │ 2048                   │
│ gf180mcu_fd_sc_mcu7t5v0__dffrnq_1                                                                                                   │ 546                    │
│ gf180mcu_fd_sc_mcu7t5v0__dffrnq_2                                                                                                   │ 203                    │
│ gf180mcu_fd_sc_mcu7t5v0__dffrnq_4                                                                                                   │ 4                      │
│ gf180mcu_fd_sc_mcu7t5v0__dffsnq_1                                                                                                   │ 3                      │
│ gf180mcu_fd_sc_mcu7t5v0__dffsnq_2                                                                                                   │ 2                      │
│ gf180mcu_fd_sc_mcu7t5v0__dlya_1                                                                                                     │ 1                      │
│ gf180mcu_fd_sc_mcu7t5v0__dlya_2                                                                                                     │ 4                      │
│ gf180mcu_fd_sc_mcu7t5v0__dlyb_1                                                                                                     │ 1                      │
│ gf180mcu_fd_sc_mcu7t5v0__dlyc_1                                                                                                     │ 2                      │
│ gf180mcu_fd_sc_mcu7t5v0__endcap                                                                                                     │ 550                    │
│ gf180mcu_fd_sc_mcu7t5v0__fill_1                                                                                                     │ 7677                   │
│ gf180mcu_fd_sc_mcu7t5v0__fill_2                                                                                                     │ 6977                   │
│ gf180mcu_fd_sc_mcu7t5v0__fillcap_16                                                                                                 │ 2454                   │
│ gf180mcu_fd_sc_mcu7t5v0__fillcap_32                                                                                                 │ 1032                   │
│ gf180mcu_fd_sc_mcu7t5v0__fillcap_4                                                                                                  │ 7660                   │
│ gf180mcu_fd_sc_mcu7t5v0__fillcap_64                                                                                                 │ 1723                   │
│ gf180mcu_fd_sc_mcu7t5v0__fillcap_8                                                                                                  │ 4270                   │
│ gf180mcu_fd_sc_mcu7t5v0__filltie                                                                                                    │ 7621                   │
│ gf180mcu_fd_sc_mcu7t5v0__inv_1                                                                                                      │ 72                     │
│ gf180mcu_fd_sc_mcu7t5v0__inv_12                                                                                                     │ 4                      │
│ gf180mcu_fd_sc_mcu7t5v0__inv_16                                                                                                     │ 2                      │
│ gf180mcu_fd_sc_mcu7t5v0__inv_2                                                                                                      │ 139                    │
│ gf180mcu_fd_sc_mcu7t5v0__inv_20                                                                                                     │ 12                     │
│ gf180mcu_fd_sc_mcu7t5v0__inv_3                                                                                                      │ 74                     │
│ gf180mcu_fd_sc_mcu7t5v0__inv_4                                                                                                      │ 16                     │
│ gf180mcu_fd_sc_mcu7t5v0__inv_8                                                                                                      │ 1                      │
│ gf180mcu_fd_sc_mcu7t5v0__mux2_2                                                                                                     │ 258                    │
│ gf180mcu_fd_sc_mcu7t5v0__nand2_1                                                                                                    │ 2847                   │
│ gf180mcu_fd_sc_mcu7t5v0__nand2_2                                                                                                    │ 69                     │
│ gf180mcu_fd_sc_mcu7t5v0__nand2_4                                                                                                    │ 57                     │
│ gf180mcu_fd_sc_mcu7t5v0__nand3_1                                                                                                    │ 291                    │
│ gf180mcu_fd_sc_mcu7t5v0__nand3_2                                                                                                    │ 50                     │
│ gf180mcu_fd_sc_mcu7t5v0__nand3_4                                                                                                    │ 13                     │
│ gf180mcu_fd_sc_mcu7t5v0__nand4_1                                                                                                    │ 52                     │
│ gf180mcu_fd_sc_mcu7t5v0__nand4_2                                                                                                    │ 84                     │
│ gf180mcu_fd_sc_mcu7t5v0__nand4_4                                                                                                    │ 31                     │
│ gf180mcu_fd_sc_mcu7t5v0__nor2_1                                                                                                     │ 476                    │
│ gf180mcu_fd_sc_mcu7t5v0__nor2_2                                                                                                     │ 70                     │
│ gf180mcu_fd_sc_mcu7t5v0__nor2_4                                                                                                     │ 87                     │
│ gf180mcu_fd_sc_mcu7t5v0__nor3_1                                                                                                     │ 39                     │
│ gf180mcu_fd_sc_mcu7t5v0__nor3_2                                                                                                     │ 20                     │
│ gf180mcu_fd_sc_mcu7t5v0__nor3_4                                                                                                     │ 29                     │
│ gf180mcu_fd_sc_mcu7t5v0__nor4_1                                                                                                     │ 9                      │
│ gf180mcu_fd_sc_mcu7t5v0__nor4_2                                                                                                     │ 2                      │
│ gf180mcu_fd_sc_mcu7t5v0__nor4_4                                                                                                     │ 33                     │
│ gf180mcu_fd_sc_mcu7t5v0__oai211_1                                                                                                   │ 453                    │
│ gf180mcu_fd_sc_mcu7t5v0__oai211_2                                                                                                   │ 7                      │
│ gf180mcu_fd_sc_mcu7t5v0__oai211_4                                                                                                   │ 4                      │
│ gf180mcu_fd_sc_mcu7t5v0__oai21_1                                                                                                    │ 2529                   │
│ gf180mcu_fd_sc_mcu7t5v0__oai21_2                                                                                                    │ 84                     │
│ gf180mcu_fd_sc_mcu7t5v0__oai21_4                                                                                                    │ 47                     │
│ gf180mcu_fd_sc_mcu7t5v0__oai221_1                                                                                                   │ 39                     │
│ gf180mcu_fd_sc_mcu7t5v0__oai221_2                                                                                                   │ 5                      │
│ gf180mcu_fd_sc_mcu7t5v0__oai221_4                                                                                                   │ 18                     │
│ gf180mcu_fd_sc_mcu7t5v0__oai222_1                                                                                                   │ 7                      │
│ gf180mcu_fd_sc_mcu7t5v0__oai222_2                                                                                                   │ 3                      │
│ gf180mcu_fd_sc_mcu7t5v0__oai222_4                                                                                                   │ 3                      │
│ gf180mcu_fd_sc_mcu7t5v0__oai22_1                                                                                                    │ 142                    │
│ gf180mcu_fd_sc_mcu7t5v0__oai22_2                                                                                                    │ 18                     │
│ gf180mcu_fd_sc_mcu7t5v0__oai22_4                                                                                                    │ 19                     │
│ gf180mcu_fd_sc_mcu7t5v0__oai31_1                                                                                                    │ 56                     │
│ gf180mcu_fd_sc_mcu7t5v0__oai31_2                                                                                                    │ 4                      │
│ gf180mcu_fd_sc_mcu7t5v0__oai31_4                                                                                                    │ 7                      │
│ gf180mcu_fd_sc_mcu7t5v0__oai32_1                                                                                                    │ 104                    │
│ gf180mcu_fd_sc_mcu7t5v0__oai32_2                                                                                                    │ 5                      │
│ gf180mcu_fd_sc_mcu7t5v0__oai33_1                                                                                                    │ 1                      │
│ gf180mcu_fd_sc_mcu7t5v0__oai33_4                                                                                                    │ 1                      │
│ gf180mcu_fd_sc_mcu7t5v0__or2_1                                                                                                      │ 49                     │
│ gf180mcu_fd_sc_mcu7t5v0__or2_2                                                                                                      │ 8                      │
│ gf180mcu_fd_sc_mcu7t5v0__or2_4                                                                                                      │ 1                      │
│ gf180mcu_fd_sc_mcu7t5v0__or3_1                                                                                                      │ 10                     │
│ gf180mcu_fd_sc_mcu7t5v0__or3_2                                                                                                      │ 3                      │
│ gf180mcu_fd_sc_mcu7t5v0__or3_4                                                                                                      │ 1                      │
│ gf180mcu_fd_sc_mcu7t5v0__or4_1                                                                                                      │ 5                      │
│ gf180mcu_fd_sc_mcu7t5v0__or4_2                                                                                                      │ 2                      │
│ gf180mcu_fd_sc_mcu7t5v0__or4_4                                                                                                      │ 6                      │
│ gf180mcu_fd_sc_mcu7t5v0__tieh                                                                                                       │ 2                      │
│ gf180mcu_fd_sc_mcu7t5v0__tiel                                                                                                       │ 16                     │
│ gf180mcu_fd_sc_mcu7t5v0__xnor2_1                                                                                                    │ 91                     │
│ gf180mcu_fd_sc_mcu7t5v0__xnor2_2                                                                                                    │ 65                     │
│ gf180mcu_fd_sc_mcu7t5v0__xnor2_4                                                                                                    │ 6                      │
│ gf180mcu_fd_sc_mcu7t5v0__xnor3_1                                                                                                    │ 97                     │
│ gf180mcu_fd_sc_mcu7t5v0__xnor3_2                                                                                                    │ 3                      │
│ gf180mcu_fd_sc_mcu7t5v0__xor2_1                                                                                                     │ 435                    │
│ gf180mcu_fd_sc_mcu7t5v0__xor2_2                                                                                                     │ 215                    │
│ gf180mcu_fd_sc_mcu7t5v0__xor2_4                                                                                                     │ 2                      │
│ gf180mcu_fd_sc_mcu7t5v0__xor3_1                                                                                                     │ 207                    │
│ gf180mcu_fd_sc_mcu7t5v0__xor3_2                                                                                                     │ 9                      │
└─────────────────────────────────────────────────────────────────────────────────────────────────────────────────────────────────────┴────────────────────────┘
