Clock: clk
Sources: clk 
Generated: no
Virtual: yes
Propagated: no
Period: 20.000000

===========================================================================
report_clock_properties
============================================================================
Clock                   Period          Waveform
----------------------------------------------------
clk                  20.000000    0.000000 10.000000

===========================================================================
report_clock_latency
============================================================================
Clock clk
rise -> rise
    min     max
0.000000 0.000000 source latency
3.512160         network latency _25369_/CLK
        4.515990 network latency _26139_/CLK
---------------
3.512160 4.515990 latency
        1.003830 skew

fall -> fall
    min     max
0.000000 0.000000 source latency
3.548412         network latency _25369_/CLK
        4.723485 network latency _26139_/CLK
---------------
3.548412 4.723485 latency
        1.175073 skew



===========================================================================
report_clock_min_period
============================================================================
clk period_min = 23.91 fmax = 41.82
