Reading technology LEF file at '/foss/pdks/gf180mcuD/libs.ref/gf180mcu_fd_sc_mcu7t5v0/techlef/gf180mcu_fd_sc_mcu7t5v0__nom.tlef'…
[INFO ODB-0388] unsupported LEF58_EOLENCLOSURE property for layer Via1 :"
  	EOLENCLOSURE 0.34 0.06 ;"
[INFO ODB-0388] unsupported LEF58_EOLENCLOSURE property for layer Via2 :" EOLENCLOSURE 0.34 0.06 ; "
[INFO ODB-0388] unsupported LEF58_EOLENCLOSURE property for layer Via3 :" EOLENCLOSURE 0.34 0.06 ; "
[INFO ODB-0388] unsupported LEF58_EOLENCLOSURE property for layer Via4 :" EOLENCLOSURE 0.34 0.06 ; "
[INFO ODB-0227] LEF file: /foss/pdks/gf180mcuD/libs.ref/gf180mcu_fd_sc_mcu7t5v0/techlef/gf180mcu_fd_sc_mcu7t5v0__nom.tlef, created 15 layers, 56 vias
Reading cell LEF file at '/foss/pdks/gf180mcuD/libs.ref/gf180mcu_fd_sc_mcu7t5v0/lef/gf180mcu_fd_sc_mcu7t5v0.lef'…
[WARNING ODB-0220] WARNING (LEFPARS-2008): NOWIREEXTENSIONATPIN statement is obsolete in version 5.6 or later.
The NOWIREEXTENSIONATPIN statement will be ignored. See file /foss/pdks/gf180mcuD/libs.ref/gf180mcu_fd_sc_mcu7t5v0/lef/gf180mcu_fd_sc_mcu7t5v0.lef at line 2.

[INFO ODB-0227] LEF file: /foss/pdks/gf180mcuD/libs.ref/gf180mcu_fd_sc_mcu7t5v0/lef/gf180mcu_fd_sc_mcu7t5v0.lef, created 229 library cells
[INFO ODB-0127] Reading DEF file: /foss/designs/ascon_top_layout/runs/RUN_2026-08-21_17-20-50/52-odb-cellfrequencytables/ascon_top.def
[INFO ODB-0128] Design: ascon_top
[INFO ODB-0130]     Created 8 pins.
[INFO ODB-0131]     Created 40856 components and 213735 component-terminals.
[INFO ODB-0132]     Created 2 special nets and 151828 connections.
[INFO ODB-0133]     Created 17829 nets and 61415 connections.
[INFO ODB-0134] Finished DEF file: /foss/designs/ascon_top_layout/runs/RUN_2026-08-21_17-20-50/52-odb-cellfrequencytables/ascon_top.def
Using RCX ruleset '/foss/pdks/gf180mcuD/libs.tech/openlane/rules.openrcx.gf180mcuD.nom'…
[INFO RCX-0431] Defined process_corner CURRENT_CORNER with ext_model_index 0
[INFO RCX-0029] Defined extraction corner CURRENT_CORNER
[INFO RCX-0435] Reading extraction model file /foss/pdks/gf180mcuD/libs.tech/openlane/rules.openrcx.gf180mcuD.nom ...
[INFO RCX-0436] RC segment generation ascon_top (max_merge_res 50.0) ...
[INFO RCX-0040] Final 73292 rc segments
[INFO RCX-0439] Coupling Cap extraction ascon_top ...
[INFO RCX-0440] Coupling threshhold is 0.1000 fF, coupling capacitance less than 0.1000 fF will be grounded.
[INFO RCX-0442] 46% of 156686 wires extracted
[INFO RCX-0442] 100% of 156686 wires extracted
[INFO RCX-0045] Extract 17829 nets, 91121 rsegs, 91121 caps, 255242 ccs
Setting global connections for newly added cells…
[INFO] Setting global connections...
Updating metrics…
Cell type report:                       Count       Area
  Endcap cell                             460    2019.58
  Fill cell                             16734  240967.10
  Tap cell                               5338   23435.96
  Antenna cell                              8      35.12
  Standard cell                         18316  547939.48
  Total                                 40856  814397.25
Writing extracted parasitics to '/foss/designs/ascon_top_layout/runs/RUN_2026-08-21_17-20-50/53-openroad-rcx/nom/ascon_top.nom.spef'…
[INFO RCX-0443] 17829 nets finished
