Clock: clk
Sources: clk 
Generated: no
Virtual: yes
Propagated: no
Period: 20.000000

===========================================================================
report_clock_properties
============================================================================
Clock                   Period          Waveform
----------------------------------------------------
clk                  20.000000    0.000000 10.000000

===========================================================================
report_clock_latency
============================================================================
Clock clk
rise -> rise
    min     max
0.000000 0.000000 source latency
2.011295         network latency _25369_/CLK
        2.586667 network latency _26139_/CLK
---------------
2.011295 2.586667 latency
        0.575372 skew

fall -> fall
    min     max
0.000000 0.000000 source latency
2.015717         network latency _25369_/CLK
        2.678815 network latency _26139_/CLK
---------------
2.015717 2.678815 latency
        0.663099 skew



===========================================================================
report_clock_min_period
============================================================================
clk period_min = 13.38 fmax = 74.73
