
===========================================================================
Violator List
============================================================================
[setup in-reg] rst -> _26166_/D : -13.886146
[setup in-reg] rst -> _26167_/D : -13.886146
[setup in-reg] rst -> _26168_/D : -13.886146
[setup in-reg] rst -> _26169_/D : -13.886146
[setup in-reg] rst -> _26170_/D : -13.886146
[setup in-reg] rst -> _26171_/D : -13.886146
[setup in-reg] rst -> _26172_/D : -13.886146
[setup in-reg] rst -> _26173_/D : -13.886146
[setup in-reg] rst -> _26174_/D : -13.886146
[setup in-reg] rst -> _26175_/D : -13.886146
[setup in-reg] rst -> _26176_/D : -13.886146
[setup in-reg] rst -> _26177_/D : -13.886146
[setup in-reg] rst -> _26178_/D : -13.886146
[setup in-reg] rst -> _26179_/D : -13.886146
[setup in-reg] rst -> _26180_/D : -13.886146
[setup in-reg] rst -> _26181_/D : -13.886146
[setup in-reg] rst -> _26182_/D : -13.886146
[setup in-reg] rst -> _26183_/D : -13.886146
[setup in-reg] rst -> _26184_/D : -13.886146
[setup in-reg] rst -> _26185_/D : -13.886146
[setup in-reg] rst -> _26186_/D : -13.886146
[setup in-reg] rst -> _26187_/D : -13.886146
[setup in-reg] rst -> _26188_/D : -13.886146
[setup in-reg] rst -> _26189_/D : -13.886146
[setup in-reg] rst -> _26190_/D : -13.886146
[setup in-reg] rst -> _26191_/D : -13.886146
[setup in-reg] rst -> _26192_/D : -13.886146
[setup in-reg] rst -> _26193_/D : -13.886146
[setup in-reg] rst -> _26194_/D : -13.886146
[setup in-reg] rst -> _26195_/D : -13.886146
[setup in-reg] rst -> _26196_/D : -13.886146
[setup in-reg] rst -> _26197_/D : -13.886146
[setup in-reg] rst -> _26198_/D : -13.886151
[setup in-reg] rst -> _26199_/D : -13.886151
[setup in-reg] rst -> _26200_/D : -13.886151
[setup in-reg] rst -> _26201_/D : -13.886151
[setup in-reg] rst -> _26202_/D : -13.886151
[setup in-reg] rst -> _26203_/D : -13.886151
[setup in-reg] rst -> _26204_/D : -13.886151
[setup in-reg] rst -> _26205_/D : -13.886151
[setup in-reg] rst -> _26206_/D : -13.886151
[setup in-reg] rst -> _26207_/D : -13.886151
[setup in-reg] rst -> _26208_/D : -13.886151
[setup in-reg] rst -> _26209_/D : -13.886151
[setup in-reg] rst -> _26210_/D : -13.886151
[setup in-reg] rst -> _26211_/D : -13.886151
[setup in-reg] rst -> _26212_/D : -13.886151
[setup in-reg] rst -> _26213_/D : -13.886151
[setup in-reg] rst -> _26214_/D : -13.886151
[setup in-reg] rst -> _26215_/D : -13.886151
[setup in-reg] rst -> _26216_/D : -13.886151
[setup in-reg] rst -> _26217_/D : -13.886151
[setup in-reg] rst -> _26218_/D : -13.886151
[setup in-reg] rst -> _26219_/D : -13.886151
[setup in-reg] rst -> _26220_/D : -13.886151
[setup in-reg] rst -> _26221_/D : -13.886151
[setup in-reg] rst -> _26222_/D : -13.886151
[setup in-reg] rst -> _26223_/D : -13.886151
[setup in-reg] rst -> _26224_/D : -13.886151
[setup in-reg] rst -> _26225_/D : -13.886151
[setup in-reg] rst -> _26226_/D : -13.886151
[setup in-reg] rst -> _26227_/D : -13.886151
[setup in-reg] rst -> _26228_/D : -13.886151
[setup in-reg] rst -> _26229_/D : -13.886151
[setup in-reg] rst -> _26230_/D : -13.886151
[setup in-reg] rst -> _26231_/D : -13.886151
[setup in-reg] rst -> _26232_/D : -13.886151
[setup in-reg] rst -> _26233_/D : -13.886151
[setup in-reg] rst -> _26234_/D : -13.886151
[setup in-reg] rst -> _26235_/D : -13.886151
[setup in-reg] rst -> _26236_/D : -13.886151
[setup in-reg] rst -> _26237_/D : -13.886151
[setup in-reg] rst -> _26238_/D : -13.886151
[setup in-reg] rst -> _26239_/D : -13.886151
[setup in-reg] rst -> _26240_/D : -13.886151
[setup in-reg] rst -> _26241_/D : -13.886151
[setup in-reg] rst -> _26242_/D : -13.886151
[setup in-reg] rst -> _26243_/D : -13.886151
[setup in-reg] rst -> _26244_/D : -13.886151
[setup in-reg] rst -> _26245_/D : -13.886151
[setup in-reg] rst -> _26246_/D : -13.886151
[setup in-reg] rst -> _26247_/D : -13.886151
[setup in-reg] rst -> _26248_/D : -13.886151
[setup in-reg] rst -> _26249_/D : -13.886151
[setup in-reg] rst -> _26250_/D : -13.886151
[setup in-reg] rst -> _26251_/D : -13.886151
[setup in-reg] rst -> _26252_/D : -13.886151
[setup in-reg] rst -> _26253_/D : -13.886151
[setup in-reg] rst -> _26254_/D : -13.886151
[setup in-reg] rst -> _26255_/D : -13.886151
[setup in-reg] rst -> _26256_/D : -13.886151
[setup in-reg] rst -> _26257_/D : -13.886151
[setup in-reg] rst -> _26258_/D : -13.886151
[setup in-reg] rst -> _26259_/D : -13.886151
[setup in-reg] rst -> _26260_/D : -13.886151
[setup in-reg] rst -> _26261_/D : -13.886151
[setup in-reg] rst -> _26262_/D : -13.886151
[setup in-reg] rst -> _26263_/D : -13.886151
[setup in-reg] rst -> _26264_/D : -13.886151
[setup in-reg] rst -> _26265_/D : -13.886151
[setup in-reg] rst -> _26266_/D : -13.886151
[setup in-reg] rst -> _26267_/D : -13.886151
[setup in-reg] rst -> _26268_/D : -13.886151
[setup in-reg] rst -> _26269_/D : -13.886151
[setup in-reg] rst -> _26270_/D : -13.886151
[setup in-reg] rst -> _26271_/D : -13.886151
[setup in-reg] rst -> _26272_/D : -13.886151
[setup in-reg] rst -> _26273_/D : -13.886151
[setup in-reg] rst -> _26274_/D : -13.886151
[setup in-reg] rst -> _26275_/D : -13.886151
[setup in-reg] rst -> _26276_/D : -13.886151
[setup in-reg] rst -> _26277_/D : -13.886151
[setup in-reg] rst -> _26278_/D : -13.886151
[setup in-reg] rst -> _26279_/D : -13.886151
[setup in-reg] rst -> _26280_/D : -13.886151
[setup in-reg] rst -> _26281_/D : -13.886151
[setup in-reg] rst -> _26282_/D : -13.886151
[setup in-reg] rst -> _26283_/D : -13.886151
[setup in-reg] rst -> _26284_/D : -13.886151
[setup in-reg] rst -> _26285_/D : -13.886151
[setup in-reg] rst -> _26286_/D : -13.886151
[setup in-reg] rst -> _26287_/D : -13.886151
[setup in-reg] rst -> _26288_/D : -13.886151
[setup in-reg] rst -> _26289_/D : -13.886151
[setup in-reg] rst -> _26290_/D : -13.886151
[setup in-reg] rst -> _26291_/D : -13.886151
[setup in-reg] rst -> _26292_/D : -13.886151
[setup in-reg] rst -> _26293_/D : -13.886151
[setup in-reg] rst -> _26486_/D : -13.886151
[setup in-reg] rst -> _26487_/D : -13.886151
[setup in-reg] rst -> _26488_/D : -13.886151
[setup in-reg] rst -> _26489_/D : -13.886151
[setup in-reg] rst -> _26490_/D : -13.886151
[setup in-reg] rst -> _26491_/D : -13.886151
[setup in-reg] rst -> _26492_/D : -13.886151
[setup in-reg] rst -> _26493_/D : -13.886151
[setup in-reg] rst -> _26494_/D : -13.886151
[setup in-reg] rst -> _26495_/D : -13.886151
[setup in-reg] rst -> _26496_/D : -13.886151
[setup in-reg] rst -> _26497_/D : -13.886151
[setup in-reg] rst -> _26498_/D : -13.886151
[setup in-reg] rst -> _26499_/D : -13.886151
[setup in-reg] rst -> _26500_/D : -13.886151
[setup in-reg] rst -> _26501_/D : -13.886151
[setup in-reg] rst -> _26502_/D : -13.886151
[setup in-reg] rst -> _26503_/D : -13.886151
[setup in-reg] rst -> _26504_/D : -13.886151
[setup in-reg] rst -> _26505_/D : -13.886151
[setup in-reg] rst -> _26506_/D : -13.886151
[setup in-reg] rst -> _26507_/D : -13.886151
[setup in-reg] rst -> _26508_/D : -13.886151
[setup in-reg] rst -> _26509_/D : -13.886151
[setup in-reg] rst -> _26510_/D : -13.886151
[setup in-reg] rst -> _26511_/D : -13.886151
[setup in-reg] rst -> _26512_/D : -13.886151
[setup in-reg] rst -> _26513_/D : -13.886151
[setup in-reg] rst -> _26514_/D : -13.886151
[setup in-reg] rst -> _26515_/D : -13.886151
[setup in-reg] rst -> _26516_/D : -13.886151
[setup in-reg] rst -> _26517_/D : -13.886151
[setup in-reg] rst -> _26518_/D : -13.886151
[setup in-reg] rst -> _26519_/D : -13.886151
[setup in-reg] rst -> _26520_/D : -13.886151
[setup in-reg] rst -> _26521_/D : -13.886151
[setup in-reg] rst -> _26522_/D : -13.886151
[setup in-reg] rst -> _26523_/D : -13.886151
[setup in-reg] rst -> _26524_/D : -13.886151
[setup in-reg] rst -> _26525_/D : -13.886151
[setup in-reg] rst -> _26526_/D : -13.886151
[setup in-reg] rst -> _26527_/D : -13.886151
[setup in-reg] rst -> _26528_/D : -13.886151
[setup in-reg] rst -> _26529_/D : -13.886151
[setup in-reg] rst -> _26530_/D : -13.886151
[setup in-reg] rst -> _26531_/D : -13.886151
[setup in-reg] rst -> _26532_/D : -13.886151
[setup in-reg] rst -> _26533_/D : -13.886151
[setup in-reg] rst -> _26534_/D : -13.886151
[setup in-reg] rst -> _26535_/D : -13.886151
[setup in-reg] rst -> _26536_/D : -13.886151
[setup in-reg] rst -> _26537_/D : -13.886151
[setup in-reg] rst -> _26538_/D : -13.886151
[setup in-reg] rst -> _26539_/D : -13.886151
[setup in-reg] rst -> _26540_/D : -13.886151
[setup in-reg] rst -> _26541_/D : -13.886151
[setup in-reg] rst -> _26542_/D : -13.886151
[setup in-reg] rst -> _26543_/D : -13.886151
[setup in-reg] rst -> _26544_/D : -13.886151
[setup in-reg] rst -> _26545_/D : -13.886151
[setup in-reg] rst -> _26546_/D : -13.886151
[setup in-reg] rst -> _26547_/D : -13.886151
[setup in-reg] rst -> _26548_/D : -13.886151
[setup in-reg] rst -> _26549_/D : -13.886151
[setup in-reg] rst -> _26038_/D : -13.886135
[setup in-reg] rst -> _26039_/D : -13.886135
[setup in-reg] rst -> _26040_/D : -13.886135
[setup in-reg] rst -> _26041_/D : -13.886135
[setup in-reg] rst -> _26042_/D : -13.886135
[setup in-reg] rst -> _26043_/D : -13.886135
[setup in-reg] rst -> _26044_/D : -13.886135
[setup in-reg] rst -> _26045_/D : -13.886135
[setup in-reg] rst -> _26046_/D : -13.886135
[setup in-reg] rst -> _26047_/D : -13.886135
[setup in-reg] rst -> _26048_/D : -13.886135
[setup in-reg] rst -> _26049_/D : -13.886135
[setup in-reg] rst -> _26050_/D : -13.886135
[setup in-reg] rst -> _26051_/D : -13.886135
[setup in-reg] rst -> _26052_/D : -13.886135
[setup in-reg] rst -> _26053_/D : -13.886135
[setup in-reg] rst -> _26054_/D : -13.886135
[setup in-reg] rst -> _26055_/D : -13.886135
[setup in-reg] rst -> _26056_/D : -13.886135
[setup in-reg] rst -> _26057_/D : -13.886135
[setup in-reg] rst -> _26058_/D : -13.886135
[setup in-reg] rst -> _26059_/D : -13.886135
[setup in-reg] rst -> _26060_/D : -13.886135
[setup in-reg] rst -> _26061_/D : -13.886135
[setup in-reg] rst -> _26062_/D : -13.886135
[setup in-reg] rst -> _26063_/D : -13.886135
[setup in-reg] rst -> _26064_/D : -13.886135
[setup in-reg] rst -> _26065_/D : -13.886135
[setup in-reg] rst -> _26066_/D : -13.886135
[setup in-reg] rst -> _26067_/D : -13.886135
[setup in-reg] rst -> _26068_/D : -13.886135
[setup in-reg] rst -> _26069_/D : -13.886135
[setup in-reg] rst -> _26070_/D : -13.886145
[setup in-reg] rst -> _26071_/D : -13.886145
[setup in-reg] rst -> _26072_/D : -13.886145
[setup in-reg] rst -> _26073_/D : -13.886145
[setup in-reg] rst -> _26074_/D : -13.886145
[setup in-reg] rst -> _26075_/D : -13.886145
[setup in-reg] rst -> _26076_/D : -13.886145
[setup in-reg] rst -> _26077_/D : -13.886145
[setup in-reg] rst -> _26078_/D : -13.886145
[setup in-reg] rst -> _26079_/D : -13.886145
[setup in-reg] rst -> _26080_/D : -13.886145
[setup in-reg] rst -> _26081_/D : -13.886145
[setup in-reg] rst -> _26082_/D : -13.886145
[setup in-reg] rst -> _26083_/D : -13.886145
[setup in-reg] rst -> _26084_/D : -13.886145
[setup in-reg] rst -> _26085_/D : -13.886145
[setup in-reg] rst -> _26086_/D : -13.886145
[setup in-reg] rst -> _26087_/D : -13.886145
[setup in-reg] rst -> _26088_/D : -13.886145
[setup in-reg] rst -> _26089_/D : -13.886145
[setup in-reg] rst -> _26090_/D : -13.886145
[setup in-reg] rst -> _26091_/D : -13.886145
[setup in-reg] rst -> _26092_/D : -13.886145
[setup in-reg] rst -> _26093_/D : -13.886145
[setup in-reg] rst -> _26094_/D : -13.886145
[setup in-reg] rst -> _26095_/D : -13.886145
[setup in-reg] rst -> _26096_/D : -13.886145
[setup in-reg] rst -> _26097_/D : -13.886145
[setup in-reg] rst -> _26098_/D : -13.886145
[setup in-reg] rst -> _26099_/D : -13.886145
[setup in-reg] rst -> _26100_/D : -13.886145
[setup in-reg] rst -> _26101_/D : -13.886145
[setup in-reg] rst -> _26102_/D : -13.886146
[setup in-reg] rst -> _26103_/D : -13.886146
[setup in-reg] rst -> _26104_/D : -13.886146
[setup in-reg] rst -> _26105_/D : -13.886146
[setup in-reg] rst -> _26106_/D : -13.886146
[setup in-reg] rst -> _26107_/D : -13.886146
[setup in-reg] rst -> _26108_/D : -13.886146
[setup in-reg] rst -> _26109_/D : -13.886146
[setup in-reg] rst -> _26110_/D : -13.886146
[setup in-reg] rst -> _26111_/D : -13.886146
[setup in-reg] rst -> _26112_/D : -13.886146
[setup in-reg] rst -> _26113_/D : -13.886146
[setup in-reg] rst -> _26114_/D : -13.886146
[setup in-reg] rst -> _26115_/D : -13.886146
[setup in-reg] rst -> _26116_/D : -13.886146
[setup in-reg] rst -> _26117_/D : -13.886146
[setup in-reg] rst -> _26118_/D : -13.886146
[setup in-reg] rst -> _26119_/D : -13.886146
[setup in-reg] rst -> _26120_/D : -13.886146
[setup in-reg] rst -> _26121_/D : -13.886146
[setup in-reg] rst -> _26122_/D : -13.886146
[setup in-reg] rst -> _26123_/D : -13.886146
[setup in-reg] rst -> _26124_/D : -13.886146
[setup in-reg] rst -> _26125_/D : -13.886146
[setup in-reg] rst -> _26126_/D : -13.886146
[setup in-reg] rst -> _26127_/D : -13.886146
[setup in-reg] rst -> _26128_/D : -13.886146
[setup in-reg] rst -> _26129_/D : -13.886146
[setup in-reg] rst -> _26130_/D : -13.886146
[setup in-reg] rst -> _26131_/D : -13.886146
[setup in-reg] rst -> _26132_/D : -13.886146
[setup in-reg] rst -> _26133_/D : -13.886146
[setup in-reg] rst -> _26134_/D : -13.886153
[setup in-reg] rst -> _26135_/D : -13.886153
[setup in-reg] rst -> _26136_/D : -13.886153
[setup in-reg] rst -> _26137_/D : -13.886153
[setup in-reg] rst -> _26138_/D : -13.886153
[setup in-reg] rst -> _26139_/D : -13.886153
[setup in-reg] rst -> _26140_/D : -13.886153
[setup in-reg] rst -> _26141_/D : -13.886153
[setup in-reg] rst -> _26142_/D : -13.886153
[setup in-reg] rst -> _26143_/D : -13.886153
[setup in-reg] rst -> _26144_/D : -13.886153
[setup in-reg] rst -> _26145_/D : -13.886153
[setup in-reg] rst -> _26146_/D : -13.886153
[setup in-reg] rst -> _26147_/D : -13.886153
[setup in-reg] rst -> _26148_/D : -13.886153
[setup in-reg] rst -> _26149_/D : -13.886153
[setup in-reg] rst -> _26150_/D : -13.886153
[setup in-reg] rst -> _26151_/D : -13.886153
[setup in-reg] rst -> _26152_/D : -13.886153
[setup in-reg] rst -> _26153_/D : -13.886153
[setup in-reg] rst -> _26154_/D : -13.886153
[setup in-reg] rst -> _26155_/D : -13.886153
[setup in-reg] rst -> _26156_/D : -13.886153
[setup in-reg] rst -> _26157_/D : -13.886153
[setup in-reg] rst -> _26158_/D : -13.886153
[setup in-reg] rst -> _26159_/D : -13.886153
[setup in-reg] rst -> _26160_/D : -13.886153
[setup in-reg] rst -> _26161_/D : -13.886153
[setup in-reg] rst -> _26162_/D : -13.886153
[setup in-reg] rst -> _26163_/D : -13.886153
[setup in-reg] rst -> _26164_/D : -13.886153
[setup in-reg] rst -> _26165_/D : -13.886153
[setup in-reg] rst -> _26294_/D : -13.886146
[setup in-reg] rst -> _26295_/D : -13.886146
[setup in-reg] rst -> _26296_/D : -13.886146
[setup in-reg] rst -> _26297_/D : -13.886146
[setup in-reg] rst -> _26298_/D : -13.886146
[setup in-reg] rst -> _26299_/D : -13.886146
[setup in-reg] rst -> _26300_/D : -13.886146
[setup in-reg] rst -> _26301_/D : -13.886146
[setup in-reg] rst -> _26302_/D : -13.886146
[setup in-reg] rst -> _26303_/D : -13.886146
[setup in-reg] rst -> _26304_/D : -13.886146
[setup in-reg] rst -> _26305_/D : -13.886146
[setup in-reg] rst -> _26306_/D : -13.886146
[setup in-reg] rst -> _26307_/D : -13.886146
[setup in-reg] rst -> _26308_/D : -13.886146
[setup in-reg] rst -> _26309_/D : -13.886146
[setup in-reg] rst -> _26310_/D : -13.886146
[setup in-reg] rst -> _26311_/D : -13.886146
[setup in-reg] rst -> _26312_/D : -13.886146
[setup in-reg] rst -> _26313_/D : -13.886146
[setup in-reg] rst -> _26314_/D : -13.886146
[setup in-reg] rst -> _26315_/D : -13.886146
[setup in-reg] rst -> _26316_/D : -13.886146
[setup in-reg] rst -> _26317_/D : -13.886146
[setup in-reg] rst -> _26318_/D : -13.886146
[setup in-reg] rst -> _26319_/D : -13.886146
[setup in-reg] rst -> _26320_/D : -13.886146
[setup in-reg] rst -> _26321_/D : -13.886146
[setup in-reg] rst -> _26322_/D : -13.886146
[setup in-reg] rst -> _26323_/D : -13.886146
[setup in-reg] rst -> _26324_/D : -13.886146
[setup in-reg] rst -> _26325_/D : -13.886146
[setup in-reg] rst -> _26326_/D : -13.886153
[setup in-reg] rst -> _26327_/D : -13.886153
[setup in-reg] rst -> _26328_/D : -13.886153
[setup in-reg] rst -> _26329_/D : -13.886153
[setup in-reg] rst -> _26330_/D : -13.886153
[setup in-reg] rst -> _26331_/D : -13.886153
[setup in-reg] rst -> _26332_/D : -13.886153
[setup in-reg] rst -> _26333_/D : -13.886153
[setup in-reg] rst -> _26334_/D : -13.886153
[setup in-reg] rst -> _26335_/D : -13.886153
[setup in-reg] rst -> _26336_/D : -13.886153
[setup in-reg] rst -> _26337_/D : -13.886153
[setup in-reg] rst -> _26338_/D : -13.886153
[setup in-reg] rst -> _26339_/D : -13.886153
[setup in-reg] rst -> _26340_/D : -13.886153
[setup in-reg] rst -> _26341_/D : -13.886153
[setup in-reg] rst -> _26342_/D : -13.886153
[setup in-reg] rst -> _26343_/D : -13.886153
[setup in-reg] rst -> _26344_/D : -13.886153
[setup in-reg] rst -> _26345_/D : -13.886153
[setup in-reg] rst -> _26346_/D : -13.886153
[setup in-reg] rst -> _26347_/D : -13.886153
[setup in-reg] rst -> _26348_/D : -13.886153
[setup in-reg] rst -> _26349_/D : -13.886153
[setup in-reg] rst -> _26350_/D : -13.886153
[setup in-reg] rst -> _26351_/D : -13.886153
[setup in-reg] rst -> _26352_/D : -13.886153
[setup in-reg] rst -> _26353_/D : -13.886153
[setup in-reg] rst -> _26354_/D : -13.886153
[setup in-reg] rst -> _26355_/D : -13.886153
[setup in-reg] rst -> _26356_/D : -13.886153
[setup in-reg] rst -> _26357_/D : -13.886153
[setup in-reg] rst -> _26358_/D : -13.886153
[setup in-reg] rst -> _26359_/D : -13.886153
[setup in-reg] rst -> _26360_/D : -13.886153
[setup in-reg] rst -> _26361_/D : -13.886153
[setup in-reg] rst -> _26362_/D : -13.886153
[setup in-reg] rst -> _26363_/D : -13.886153
[setup in-reg] rst -> _26364_/D : -13.886153
[setup in-reg] rst -> _26365_/D : -13.886153
[setup in-reg] rst -> _26366_/D : -13.886153
[setup in-reg] rst -> _26367_/D : -13.886153
[setup in-reg] rst -> _26368_/D : -13.886153
[setup in-reg] rst -> _26369_/D : -13.886153
[setup in-reg] rst -> _26370_/D : -13.886153
[setup in-reg] rst -> _26371_/D : -13.886153
[setup in-reg] rst -> _26372_/D : -13.886153
[setup in-reg] rst -> _26373_/D : -13.886153
[setup in-reg] rst -> _26374_/D : -13.886153
[setup in-reg] rst -> _26375_/D : -13.886153
[setup in-reg] rst -> _26376_/D : -13.886153
[setup in-reg] rst -> _26377_/D : -13.886153
[setup in-reg] rst -> _26378_/D : -13.886153
[setup in-reg] rst -> _26379_/D : -13.886153
[setup in-reg] rst -> _26380_/D : -13.886153
[setup in-reg] rst -> _26381_/D : -13.886153
[setup in-reg] rst -> _26382_/D : -13.886153
[setup in-reg] rst -> _26383_/D : -13.886153
[setup in-reg] rst -> _26384_/D : -13.886153
[setup in-reg] rst -> _26385_/D : -13.886153
[setup in-reg] rst -> _26386_/D : -13.886153
[setup in-reg] rst -> _26387_/D : -13.886153
[setup in-reg] rst -> _26388_/D : -13.886153
[setup in-reg] rst -> _26389_/D : -13.886153
[setup in-reg] rst -> _26390_/D : -13.886149
[setup in-reg] rst -> _26391_/D : -13.886149
[setup in-reg] rst -> _26392_/D : -13.886149
[setup in-reg] rst -> _26393_/D : -13.886149
[setup in-reg] rst -> _26394_/D : -13.886149
[setup in-reg] rst -> _26395_/D : -13.886149
[setup in-reg] rst -> _26396_/D : -13.886149
[setup in-reg] rst -> _26397_/D : -13.886149
[setup in-reg] rst -> _26398_/D : -13.886149
[setup in-reg] rst -> _26399_/D : -13.886149
[setup in-reg] rst -> _26400_/D : -13.886149
[setup in-reg] rst -> _26401_/D : -13.886149
[setup in-reg] rst -> _26402_/D : -13.886149
[setup in-reg] rst -> _26403_/D : -13.886149
[setup in-reg] rst -> _26404_/D : -13.886149
[setup in-reg] rst -> _26405_/D : -13.886149
[setup in-reg] rst -> _26406_/D : -13.886149
[setup in-reg] rst -> _26407_/D : -13.886149
[setup in-reg] rst -> _26408_/D : -13.886149
[setup in-reg] rst -> _26409_/D : -13.886149
[setup in-reg] rst -> _26410_/D : -13.886149
[setup in-reg] rst -> _26411_/D : -13.886149
[setup in-reg] rst -> _26412_/D : -13.886149
[setup in-reg] rst -> _26413_/D : -13.886149
[setup in-reg] rst -> _26414_/D : -13.886149
[setup in-reg] rst -> _26415_/D : -13.886149
[setup in-reg] rst -> _26416_/D : -13.886149
[setup in-reg] rst -> _26417_/D : -13.886149
[setup in-reg] rst -> _26418_/D : -13.886149
[setup in-reg] rst -> _26419_/D : -13.886149
[setup in-reg] rst -> _26420_/D : -13.886149
[setup in-reg] rst -> _26421_/D : -13.886149
[setup in-reg] rst -> _26422_/D : -13.886146
[setup in-reg] rst -> _26423_/D : -13.886146
[setup in-reg] rst -> _26424_/D : -13.886146
[setup in-reg] rst -> _26425_/D : -13.886146
[setup in-reg] rst -> _26426_/D : -13.886146
[setup in-reg] rst -> _26427_/D : -13.886146
[setup in-reg] rst -> _26428_/D : -13.886146
[setup in-reg] rst -> _26429_/D : -13.886146
[setup in-reg] rst -> _26430_/D : -13.886146
[setup in-reg] rst -> _26431_/D : -13.886146
[setup in-reg] rst -> _26432_/D : -13.886146
[setup in-reg] rst -> _26433_/D : -13.886146
[setup in-reg] rst -> _26434_/D : -13.886146
[setup in-reg] rst -> _26435_/D : -13.886146
[setup in-reg] rst -> _26436_/D : -13.886146
[setup in-reg] rst -> _26437_/D : -13.886146
[setup in-reg] rst -> _26438_/D : -13.886146
[setup in-reg] rst -> _26439_/D : -13.886146
[setup in-reg] rst -> _26440_/D : -13.886146
[setup in-reg] rst -> _26441_/D : -13.886146
[setup in-reg] rst -> _26442_/D : -13.886146
[setup in-reg] rst -> _26443_/D : -13.886146
[setup in-reg] rst -> _26444_/D : -13.886146
[setup in-reg] rst -> _26445_/D : -13.886146
[setup in-reg] rst -> _26446_/D : -13.886146
[setup in-reg] rst -> _26447_/D : -13.886146
[setup in-reg] rst -> _26448_/D : -13.886146
[setup in-reg] rst -> _26449_/D : -13.886146
[setup in-reg] rst -> _26450_/D : -13.886146
[setup in-reg] rst -> _26451_/D : -13.886146
[setup in-reg] rst -> _26452_/D : -13.886146
[setup in-reg] rst -> _26453_/D : -13.886146
[setup in-reg] rst -> _26454_/D : -13.886151
[setup in-reg] rst -> _26455_/D : -13.886151
[setup in-reg] rst -> _26456_/D : -13.886151
[setup in-reg] rst -> _26457_/D : -13.886151
[setup in-reg] rst -> _26458_/D : -13.886151
[setup in-reg] rst -> _26459_/D : -13.886151
[setup in-reg] rst -> _26460_/D : -13.886151
[setup in-reg] rst -> _26461_/D : -13.886151
[setup in-reg] rst -> _26462_/D : -13.886151
[setup in-reg] rst -> _26463_/D : -13.886151
[setup in-reg] rst -> _26464_/D : -13.886151
[setup in-reg] rst -> _26465_/D : -13.886151
[setup in-reg] rst -> _26466_/D : -13.886151
[setup in-reg] rst -> _26467_/D : -13.886151
[setup in-reg] rst -> _26468_/D : -13.886151
[setup in-reg] rst -> _26469_/D : -13.886151
[setup in-reg] rst -> _26470_/D : -13.886151
[setup in-reg] rst -> _26471_/D : -13.886151
[setup in-reg] rst -> _26472_/D : -13.886151
[setup in-reg] rst -> _26473_/D : -13.886151
[setup in-reg] rst -> _26474_/D : -13.886151
[setup in-reg] rst -> _26475_/D : -13.886151
[setup in-reg] rst -> _26476_/D : -13.886151
[setup in-reg] rst -> _26477_/D : -13.886151
[setup in-reg] rst -> _26478_/D : -13.886151
[setup in-reg] rst -> _26479_/D : -13.886151
[setup in-reg] rst -> _26480_/D : -13.886151
[setup in-reg] rst -> _26481_/D : -13.886151
[setup in-reg] rst -> _26482_/D : -13.886151
[setup in-reg] rst -> _26483_/D : -13.886151
[setup in-reg] rst -> _26484_/D : -13.886151
[setup in-reg] rst -> _26485_/D : -13.886151
[setup in-reg] rst -> _25520_/D : -6.356779
[setup in-reg] rst -> _25521_/D : -6.356779
[setup in-reg] rst -> _25522_/D : -6.356779
[setup in-reg] rst -> _25523_/D : -6.356779
[setup in-reg] rst -> _25524_/D : -6.356779
[setup in-reg] rst -> _25525_/D : -6.356779
[setup in-reg] rst -> _25526_/D : -6.356779
[setup in-reg] rst -> _25527_/D : -6.356779
[setup in-reg] rst -> _25528_/D : -6.356779
[setup in-reg] rst -> _25529_/D : -6.356779
[setup in-reg] rst -> _25530_/D : -6.356779
[setup in-reg] rst -> _25531_/D : -6.356779
[setup in-reg] rst -> _25532_/D : -6.356779
[setup in-reg] rst -> _25533_/D : -6.356779
[setup in-reg] rst -> _25534_/D : -6.356779
[setup in-reg] rst -> _25535_/D : -6.356779
[setup in-reg] rst -> _25536_/D : -6.356779
[setup in-reg] rst -> _25537_/D : -6.356779
[setup in-reg] rst -> _25538_/D : -6.356779
[setup in-reg] rst -> _25539_/D : -6.356779
[setup in-reg] rst -> _25540_/D : -6.356779
[setup in-reg] rst -> _25541_/D : -6.356779
[setup in-reg] rst -> _25542_/D : -6.356779
[setup in-reg] rst -> _25543_/D : -6.356779
[setup in-reg] rst -> _25544_/D : -6.356779
[setup in-reg] rst -> _25545_/D : -6.356779
[setup in-reg] rst -> _25546_/D : -6.356779
[setup in-reg] rst -> _25547_/D : -6.356779
[setup in-reg] rst -> _25548_/D : -6.356779
[setup in-reg] rst -> _25549_/D : -6.356779
[setup in-reg] rst -> _25550_/D : -6.356779
[setup in-reg] rst -> _25551_/D : -6.356779
[setup in-reg] rst -> _26550_/D : -6.356779
[setup in-reg] rst -> _26551_/D : -6.356779
[setup in-reg] rst -> _26552_/D : -6.356779
[setup in-reg] rst -> _26553_/D : -6.356779
[setup in-reg] rst -> _26554_/D : -6.356779
[setup in-reg] rst -> _26555_/D : -6.356779
[setup in-reg] rst -> _26556_/D : -6.356779
[setup in-reg] rst -> _26557_/D : -6.356779
[setup in-reg] rst -> _26558_/D : -6.356779
[setup in-reg] rst -> _26559_/D : -6.356779
[setup in-reg] rst -> _26560_/D : -6.356779
[setup in-reg] rst -> _26561_/D : -6.356779
[setup in-reg] rst -> _26562_/D : -6.356779
[setup in-reg] rst -> _26563_/D : -6.356779
[setup in-reg] rst -> _26564_/D : -6.356779
[setup in-reg] rst -> _26565_/D : -6.356779
[setup in-reg] rst -> _26566_/D : -6.356779
[setup in-reg] rst -> _26567_/D : -6.356779
[setup in-reg] rst -> _26568_/D : -6.356779
[setup in-reg] rst -> _26569_/D : -6.356779
[setup in-reg] rst -> _26570_/D : -6.356779
[setup in-reg] rst -> _26571_/D : -6.356779
[setup in-reg] rst -> _26572_/D : -6.356779
[setup in-reg] rst -> _26573_/D : -6.356779
[setup in-reg] rst -> _26574_/D : -6.356779
[setup in-reg] rst -> _26575_/D : -6.356779
[setup in-reg] rst -> _26576_/D : -6.356779
[setup in-reg] rst -> _26577_/D : -6.356779
[setup in-reg] rst -> _26578_/D : -6.356779
[setup in-reg] rst -> _26579_/D : -6.356779
[setup in-reg] rst -> _26580_/D : -6.356779
[setup in-reg] rst -> _26581_/D : -6.356779
[setup in-reg] rst -> _26582_/D : -6.343697
[setup in-reg] rst -> _26583_/D : -6.343697
[setup in-reg] rst -> _26584_/D : -6.343697
[setup in-reg] rst -> _26585_/D : -6.343697
[setup in-reg] rst -> _26586_/D : -6.343697
[setup in-reg] rst -> _26587_/D : -6.343697
[setup in-reg] rst -> _26588_/D : -6.343697
[setup in-reg] rst -> _26589_/D : -6.343697
[setup in-reg] rst -> _26590_/D : -6.343697
[setup in-reg] rst -> _26591_/D : -6.343697
[setup in-reg] rst -> _26592_/D : -6.343697
[setup in-reg] rst -> _26593_/D : -6.343697
[setup in-reg] rst -> _26594_/D : -6.343697
[setup in-reg] rst -> _26595_/D : -6.343697
[setup in-reg] rst -> _26596_/D : -6.343697
[setup in-reg] rst -> _26597_/D : -6.343697
[setup in-reg] rst -> _26598_/D : -6.343697
[setup in-reg] rst -> _26599_/D : -6.343697
[setup in-reg] rst -> _26600_/D : -6.343697
[setup in-reg] rst -> _26601_/D : -6.343697
[setup in-reg] rst -> _26602_/D : -6.343697
[setup in-reg] rst -> _26603_/D : -6.343697
[setup in-reg] rst -> _26604_/D : -6.343697
[setup in-reg] rst -> _26605_/D : -6.343697
[setup in-reg] rst -> _26606_/D : -6.343697
[setup in-reg] rst -> _26607_/D : -6.343697
[setup in-reg] rst -> _26608_/D : -6.343697
[setup in-reg] rst -> _26609_/D : -6.343697
[setup in-reg] rst -> _26610_/D : -6.343697
[setup in-reg] rst -> _26611_/D : -6.343697
[setup in-reg] rst -> _26612_/D : -6.343697
[setup in-reg] rst -> _26613_/D : -6.343697
[setup in-reg] rst -> _26614_/D : -6.343696
[setup in-reg] rst -> _26615_/D : -6.343696
[setup in-reg] rst -> _26616_/D : -6.343696
[setup in-reg] rst -> _26617_/D : -6.343696
[setup in-reg] rst -> _26618_/D : -6.343696
[setup in-reg] rst -> _26619_/D : -6.343696
[setup in-reg] rst -> _26620_/D : -6.343696
[setup in-reg] rst -> _26621_/D : -6.343696
[setup in-reg] rst -> _26622_/D : -6.343696
[setup in-reg] rst -> _26623_/D : -6.343696
[setup in-reg] rst -> _26624_/D : -6.343696
[setup in-reg] rst -> _26625_/D : -6.343696
[setup in-reg] rst -> _26626_/D : -6.343696
[setup in-reg] rst -> _26627_/D : -6.343696
[setup in-reg] rst -> _26628_/D : -6.343696
[setup in-reg] rst -> _26629_/D : -6.343696
[setup in-reg] rst -> _26630_/D : -6.343696
[setup in-reg] rst -> _26631_/D : -6.343696
[setup in-reg] rst -> _26632_/D : -6.343696
[setup in-reg] rst -> _26633_/D : -6.343696
[setup in-reg] rst -> _26634_/D : -6.343696
[setup in-reg] rst -> _26635_/D : -6.343696
[setup in-reg] rst -> _26636_/D : -6.343696
[setup in-reg] rst -> _26637_/D : -6.343696
[setup in-reg] rst -> _26638_/D : -6.343696
[setup in-reg] rst -> _26639_/D : -6.343696
[setup in-reg] rst -> _26640_/D : -6.343696
[setup in-reg] rst -> _26641_/D : -6.343696
[setup in-reg] rst -> _26642_/D : -6.343696
[setup in-reg] rst -> _26643_/D : -6.343696
[setup in-reg] rst -> _26644_/D : -6.343696
[setup in-reg] rst -> _26645_/D : -6.343696
[setup in-reg] rst -> _26646_/D : -6.343692
[setup in-reg] rst -> _26647_/D : -6.343692
[setup in-reg] rst -> _26648_/D : -6.343692
[setup in-reg] rst -> _26649_/D : -6.343692
[setup in-reg] rst -> _26650_/D : -6.343692
[setup in-reg] rst -> _26651_/D : -6.343692
[setup in-reg] rst -> _26652_/D : -6.343692
[setup in-reg] rst -> _26653_/D : -6.343692
[setup in-reg] rst -> _26654_/D : -6.343692
[setup in-reg] rst -> _26655_/D : -6.343692
[setup in-reg] rst -> _26656_/D : -6.343692
[setup in-reg] rst -> _26657_/D : -6.343692
[setup in-reg] rst -> _26658_/D : -6.343692
[setup in-reg] rst -> _26659_/D : -6.343692
[setup in-reg] rst -> _26660_/D : -6.343692
[setup in-reg] rst -> _26661_/D : -6.343692
[setup in-reg] rst -> _26662_/D : -6.343692
[setup in-reg] rst -> _26663_/D : -6.343692
[setup in-reg] rst -> _26664_/D : -6.343692
[setup in-reg] rst -> _26665_/D : -6.343692
[setup in-reg] rst -> _26666_/D : -6.343692
[setup in-reg] rst -> _26667_/D : -6.343692
[setup in-reg] rst -> _26668_/D : -6.343692
[setup in-reg] rst -> _26669_/D : -6.343692
[setup in-reg] rst -> _26670_/D : -6.343692
[setup in-reg] rst -> _26671_/D : -6.343692
[setup in-reg] rst -> _26672_/D : -6.343692
[setup in-reg] rst -> _26673_/D : -6.343692
[setup in-reg] rst -> _26674_/D : -6.343692
[setup in-reg] rst -> _26675_/D : -6.343692
[setup in-reg] rst -> _26676_/D : -6.343692
[setup in-reg] rst -> _26677_/D : -6.343692
[setup in-reg] rst -> _26678_/D : -6.343697
[setup in-reg] rst -> _26679_/D : -6.343697
[setup in-reg] rst -> _26680_/D : -6.343697
[setup in-reg] rst -> _26681_/D : -6.343697
[setup in-reg] rst -> _26682_/D : -6.343697
[setup in-reg] rst -> _26683_/D : -6.343697
[setup in-reg] rst -> _26684_/D : -6.343697
[setup in-reg] rst -> _26685_/D : -6.343697
[setup in-reg] rst -> _26686_/D : -6.343697
[setup in-reg] rst -> _26687_/D : -6.343697
[setup in-reg] rst -> _26688_/D : -6.343697
[setup in-reg] rst -> _26689_/D : -6.343697
[setup in-reg] rst -> _26690_/D : -6.343697
[setup in-reg] rst -> _26691_/D : -6.343697
[setup in-reg] rst -> _26692_/D : -6.343697
[setup in-reg] rst -> _26693_/D : -6.343697
[setup in-reg] rst -> _26694_/D : -6.343697
[setup in-reg] rst -> _26695_/D : -6.343697
[setup in-reg] rst -> _26696_/D : -6.343697
[setup in-reg] rst -> _26697_/D : -6.343697
[setup in-reg] rst -> _26698_/D : -6.343697
[setup in-reg] rst -> _26699_/D : -6.343697
[setup in-reg] rst -> _26700_/D : -6.343697
[setup in-reg] rst -> _26701_/D : -6.343697
[setup in-reg] rst -> _26702_/D : -6.343697
[setup in-reg] rst -> _26703_/D : -6.343697
[setup in-reg] rst -> _26704_/D : -6.343697
[setup in-reg] rst -> _26705_/D : -6.343697
[setup in-reg] rst -> _26706_/D : -6.343697
[setup in-reg] rst -> _26707_/D : -6.343697
[setup in-reg] rst -> _26708_/D : -6.343697
[setup in-reg] rst -> _26709_/D : -6.343697
[setup in-reg] rst -> _26710_/D : -6.343692
[setup in-reg] rst -> _26711_/D : -6.343692
[setup in-reg] rst -> _26712_/D : -6.343692
[setup in-reg] rst -> _26713_/D : -6.343692
[setup in-reg] rst -> _26714_/D : -6.343692
[setup in-reg] rst -> _26715_/D : -6.343692
[setup in-reg] rst -> _26716_/D : -6.343692
[setup in-reg] rst -> _26717_/D : -6.343692
[setup in-reg] rst -> _26718_/D : -6.343692
[setup in-reg] rst -> _26719_/D : -6.343692
[setup in-reg] rst -> _26720_/D : -6.343692
[setup in-reg] rst -> _26721_/D : -6.343692
[setup in-reg] rst -> _26722_/D : -6.343692
[setup in-reg] rst -> _26723_/D : -6.343692
[setup in-reg] rst -> _26724_/D : -6.343692
[setup in-reg] rst -> _26725_/D : -6.343692
[setup in-reg] rst -> _26726_/D : -6.343692
[setup in-reg] rst -> _26727_/D : -6.343692
[setup in-reg] rst -> _26728_/D : -6.343692
[setup in-reg] rst -> _26729_/D : -6.343692
[setup in-reg] rst -> _26730_/D : -6.343692
[setup in-reg] rst -> _26731_/D : -6.343692
[setup in-reg] rst -> _26732_/D : -6.343692
[setup in-reg] rst -> _26733_/D : -6.343692
[setup in-reg] rst -> _26734_/D : -6.343692
[setup in-reg] rst -> _26735_/D : -6.343692
[setup in-reg] rst -> _26736_/D : -6.343692
[setup in-reg] rst -> _26737_/D : -6.343692
[setup in-reg] rst -> _26738_/D : -6.343692
[setup in-reg] rst -> _26739_/D : -6.343692
[setup in-reg] rst -> _26740_/D : -6.343692
[setup in-reg] rst -> _26741_/D : -6.343692
[setup in-reg] rst -> _26742_/D : -6.343692
[setup in-reg] rst -> _26743_/D : -6.343692
[setup in-reg] rst -> _26744_/D : -6.343692
[setup in-reg] rst -> _26745_/D : -6.343692
[setup in-reg] rst -> _26746_/D : -6.343692
[setup in-reg] rst -> _26747_/D : -6.343692
[setup in-reg] rst -> _26748_/D : -6.343692
[setup in-reg] rst -> _26749_/D : -6.343692
[setup in-reg] rst -> _26750_/D : -6.343692
[setup in-reg] rst -> _26751_/D : -6.343692
[setup in-reg] rst -> _26752_/D : -6.343692
[setup in-reg] rst -> _26753_/D : -6.343692
[setup in-reg] rst -> _26754_/D : -6.343692
[setup in-reg] rst -> _26755_/D : -6.343692
[setup in-reg] rst -> _26756_/D : -6.343692
[setup in-reg] rst -> _26757_/D : -6.343692
[setup in-reg] rst -> _26758_/D : -6.343692
[setup in-reg] rst -> _26759_/D : -6.343692
[setup in-reg] rst -> _26760_/D : -6.343692
[setup in-reg] rst -> _26761_/D : -6.343692
[setup in-reg] rst -> _26762_/D : -6.343692
[setup in-reg] rst -> _26763_/D : -6.343692
[setup in-reg] rst -> _26764_/D : -6.343692
[setup in-reg] rst -> _26765_/D : -6.343692
[setup in-reg] rst -> _26766_/D : -6.343692
[setup in-reg] rst -> _26767_/D : -6.343692
[setup in-reg] rst -> _26768_/D : -6.343692
[setup in-reg] rst -> _26769_/D : -6.343692
[setup in-reg] rst -> _26770_/D : -6.343692
[setup in-reg] rst -> _26771_/D : -6.343692
[setup in-reg] rst -> _26772_/D : -6.343692
[setup in-reg] rst -> _26773_/D : -6.343692
[setup in-reg] rst -> _26774_/D : -6.343692
[setup in-reg] rst -> _26775_/D : -6.343692
[setup in-reg] rst -> _26776_/D : -6.343692
[setup in-reg] rst -> _26777_/D : -6.343692
[setup in-reg] rst -> _26778_/D : -6.343692
[setup in-reg] rst -> _26779_/D : -6.343692
[setup in-reg] rst -> _26780_/D : -6.343692
[setup in-reg] rst -> _26781_/D : -6.343692
[setup in-reg] rst -> _26782_/D : -6.343692
[setup in-reg] rst -> _26783_/D : -6.343692
[setup in-reg] rst -> _26784_/D : -6.343692
[setup in-reg] rst -> _26785_/D : -6.343692
[setup in-reg] rst -> _26786_/D : -6.343692
[setup in-reg] rst -> _26787_/D : -6.343692
[setup in-reg] rst -> _26788_/D : -6.343692
[setup in-reg] rst -> _26789_/D : -6.343692
[setup in-reg] rst -> _26790_/D : -6.343692
[setup in-reg] rst -> _26791_/D : -6.343692
[setup in-reg] rst -> _26792_/D : -6.343692
[setup in-reg] rst -> _26793_/D : -6.343692
[setup in-reg] rst -> _26794_/D : -6.343692
[setup in-reg] rst -> _26795_/D : -6.343692
[setup in-reg] rst -> _26796_/D : -6.343692
[setup in-reg] rst -> _26797_/D : -6.343692
[setup in-reg] rst -> _26798_/D : -6.343692
[setup in-reg] rst -> _26799_/D : -6.343692
[setup in-reg] rst -> _26800_/D : -6.343692
[setup in-reg] rst -> _26801_/D : -6.343692
[setup in-reg] rst -> _26802_/D : -6.343692
[setup in-reg] rst -> _26803_/D : -6.343692
[setup in-reg] rst -> _26804_/D : -6.343692
[setup in-reg] rst -> _26805_/D : -6.343692
[setup in-reg] rst -> _26806_/D : -6.343697
[setup in-reg] rst -> _26807_/D : -6.343697
[setup in-reg] rst -> _26808_/D : -6.343697
[setup in-reg] rst -> _26809_/D : -6.343697
[setup in-reg] rst -> _26810_/D : -6.343697
[setup in-reg] rst -> _26811_/D : -6.343697
[setup in-reg] rst -> _26812_/D : -6.343697
[setup in-reg] rst -> _26813_/D : -6.343697
[setup in-reg] rst -> _26814_/D : -6.343697
[setup in-reg] rst -> _26815_/D : -6.343697
[setup in-reg] rst -> _26816_/D : -6.343697
[setup in-reg] rst -> _26817_/D : -6.343697
[setup in-reg] rst -> _26818_/D : -6.343697
[setup in-reg] rst -> _26819_/D : -6.343697
[setup in-reg] rst -> _26820_/D : -6.343697
[setup in-reg] rst -> _26821_/D : -6.343697
[setup in-reg] rst -> _26822_/D : -6.343697
[setup in-reg] rst -> _26823_/D : -6.343697
[setup in-reg] rst -> _26824_/D : -6.343697
[setup in-reg] rst -> _26825_/D : -6.343697
[setup in-reg] rst -> _26826_/D : -6.343697
[setup in-reg] rst -> _26827_/D : -6.343697
[setup in-reg] rst -> _26828_/D : -6.343697
[setup in-reg] rst -> _26829_/D : -6.343697
[setup in-reg] rst -> _26830_/D : -6.343697
[setup in-reg] rst -> _26831_/D : -6.343697
[setup in-reg] rst -> _26832_/D : -6.343697
[setup in-reg] rst -> _26833_/D : -6.343697
[setup in-reg] rst -> _26834_/D : -6.343697
[setup in-reg] rst -> _26835_/D : -6.343697
[setup in-reg] rst -> _26836_/D : -6.343697
[setup in-reg] rst -> _26837_/D : -6.343697
[setup in-reg] rst -> _26838_/D : -6.343692
[setup in-reg] rst -> _26839_/D : -6.343692
[setup in-reg] rst -> _26840_/D : -6.343692
[setup in-reg] rst -> _26841_/D : -6.343692
[setup in-reg] rst -> _26842_/D : -6.343692
[setup in-reg] rst -> _26843_/D : -6.343692
[setup in-reg] rst -> _26844_/D : -6.343692
[setup in-reg] rst -> _26845_/D : -6.343692
[setup in-reg] rst -> _26846_/D : -6.343692
[setup in-reg] rst -> _26847_/D : -6.343692
[setup in-reg] rst -> _26848_/D : -6.343692
[setup in-reg] rst -> _26849_/D : -6.343692
[setup in-reg] rst -> _26850_/D : -6.343692
[setup in-reg] rst -> _26851_/D : -6.343692
[setup in-reg] rst -> _26852_/D : -6.343692
[setup in-reg] rst -> _26853_/D : -6.343692
[setup in-reg] rst -> _26854_/D : -6.343692
[setup in-reg] rst -> _26855_/D : -6.343692
[setup in-reg] rst -> _26856_/D : -6.343692
[setup in-reg] rst -> _26857_/D : -6.343692
[setup in-reg] rst -> _26858_/D : -6.343692
[setup in-reg] rst -> _26859_/D : -6.343692
[setup in-reg] rst -> _26860_/D : -6.343692
[setup in-reg] rst -> _26861_/D : -6.343692
[setup in-reg] rst -> _26862_/D : -6.343692
[setup in-reg] rst -> _26863_/D : -6.343692
[setup in-reg] rst -> _26864_/D : -6.343692
[setup in-reg] rst -> _26865_/D : -6.343692
[setup in-reg] rst -> _26866_/D : -6.343692
[setup in-reg] rst -> _26867_/D : -6.343692
[setup in-reg] rst -> _26868_/D : -6.343692
[setup in-reg] rst -> _26869_/D : -6.343692
[setup in-reg] rst -> _26870_/D : -6.343692
[setup in-reg] rst -> _26871_/D : -6.343692
[setup in-reg] rst -> _26872_/D : -6.343692
[setup in-reg] rst -> _26873_/D : -6.343692
[setup in-reg] rst -> _26874_/D : -6.343692
[setup in-reg] rst -> _26875_/D : -6.343692
[setup in-reg] rst -> _26876_/D : -6.343692
[setup in-reg] rst -> _26877_/D : -6.343692
[setup in-reg] rst -> _26878_/D : -6.343692
[setup in-reg] rst -> _26879_/D : -6.343692
[setup in-reg] rst -> _26880_/D : -6.343692
[setup in-reg] rst -> _26881_/D : -6.343692
[setup in-reg] rst -> _26882_/D : -6.343692
[setup in-reg] rst -> _26883_/D : -6.343692
[setup in-reg] rst -> _26884_/D : -6.343692
[setup in-reg] rst -> _26885_/D : -6.343692
[setup in-reg] rst -> _26886_/D : -6.343692
[setup in-reg] rst -> _26887_/D : -6.343692
[setup in-reg] rst -> _26888_/D : -6.343692
[setup in-reg] rst -> _26889_/D : -6.343692
[setup in-reg] rst -> _26890_/D : -6.343692
[setup in-reg] rst -> _26891_/D : -6.343692
[setup in-reg] rst -> _26892_/D : -6.343692
[setup in-reg] rst -> _26893_/D : -6.343692
[setup in-reg] rst -> _26894_/D : -6.343692
[setup in-reg] rst -> _26895_/D : -6.343692
[setup in-reg] rst -> _26896_/D : -6.343692
[setup in-reg] rst -> _26897_/D : -6.343692
[setup in-reg] rst -> _26898_/D : -6.343692
[setup in-reg] rst -> _26899_/D : -6.343692
[setup in-reg] rst -> _26900_/D : -6.343692
[setup in-reg] rst -> _26901_/D : -6.343692
[setup in-reg] rst -> _26902_/D : -6.343697
[setup in-reg] rst -> _26903_/D : -6.343697
[setup in-reg] rst -> _26904_/D : -6.343697
[setup in-reg] rst -> _26905_/D : -6.343697
[setup in-reg] rst -> _26906_/D : -6.343697
[setup in-reg] rst -> _26907_/D : -6.343697
[setup in-reg] rst -> _26908_/D : -6.343697
[setup in-reg] rst -> _26909_/D : -6.343697
[setup in-reg] rst -> _26910_/D : -6.343697
[setup in-reg] rst -> _26911_/D : -6.343697
[setup in-reg] rst -> _26912_/D : -6.343697
[setup in-reg] rst -> _26913_/D : -6.343697
[setup in-reg] rst -> _26914_/D : -6.343697
[setup in-reg] rst -> _26915_/D : -6.343697
[setup in-reg] rst -> _26916_/D : -6.343697
[setup in-reg] rst -> _26917_/D : -6.343697
[setup in-reg] rst -> _26918_/D : -6.343697
[setup in-reg] rst -> _26919_/D : -6.343697
[setup in-reg] rst -> _26920_/D : -6.343697
[setup in-reg] rst -> _26921_/D : -6.343697
[setup in-reg] rst -> _26922_/D : -6.343697
[setup in-reg] rst -> _26923_/D : -6.343697
[setup in-reg] rst -> _26924_/D : -6.343697
[setup in-reg] rst -> _26925_/D : -6.343697
[setup in-reg] rst -> _26926_/D : -6.343697
[setup in-reg] rst -> _26927_/D : -6.343697
[setup in-reg] rst -> _26928_/D : -6.343697
[setup in-reg] rst -> _26929_/D : -6.343697
[setup in-reg] rst -> _26930_/D : -6.343697
[setup in-reg] rst -> _26931_/D : -6.343697
[setup in-reg] rst -> _26932_/D : -6.343697
[setup in-reg] rst -> _26933_/D : -6.343697
[setup in-reg] rst -> _26934_/D : -6.343692
[setup in-reg] rst -> _26935_/D : -6.343692
[setup in-reg] rst -> _26936_/D : -6.343692
[setup in-reg] rst -> _26937_/D : -6.343692
[setup in-reg] rst -> _26938_/D : -6.343692
[setup in-reg] rst -> _26939_/D : -6.343692
[setup in-reg] rst -> _26940_/D : -6.343692
[setup in-reg] rst -> _26941_/D : -6.343692
[setup in-reg] rst -> _26942_/D : -6.343692
[setup in-reg] rst -> _26943_/D : -6.343692
[setup in-reg] rst -> _26944_/D : -6.343692
[setup in-reg] rst -> _26945_/D : -6.343692
[setup in-reg] rst -> _26946_/D : -6.343692
[setup in-reg] rst -> _26947_/D : -6.343692
[setup in-reg] rst -> _26948_/D : -6.343692
[setup in-reg] rst -> _26949_/D : -6.343692
[setup in-reg] rst -> _26950_/D : -6.343692
[setup in-reg] rst -> _26951_/D : -6.343692
[setup in-reg] rst -> _26952_/D : -6.343692
[setup in-reg] rst -> _26953_/D : -6.343692
[setup in-reg] rst -> _26954_/D : -6.343692
[setup in-reg] rst -> _26955_/D : -6.343692
[setup in-reg] rst -> _26956_/D : -6.343692
[setup in-reg] rst -> _26957_/D : -6.343692
[setup in-reg] rst -> _26958_/D : -6.343692
[setup in-reg] rst -> _26959_/D : -6.343692
[setup in-reg] rst -> _26960_/D : -6.343692
[setup in-reg] rst -> _26961_/D : -6.343692
[setup in-reg] rst -> _26962_/D : -6.343692
[setup in-reg] rst -> _26963_/D : -6.343692
[setup in-reg] rst -> _26964_/D : -6.343692
[setup in-reg] rst -> _26965_/D : -6.343692
[setup in-reg] rst -> _26966_/D : -6.343692
[setup in-reg] rst -> _26967_/D : -6.343692
[setup in-reg] rst -> _26968_/D : -6.343692
[setup in-reg] rst -> _26969_/D : -6.343692
[setup in-reg] rst -> _26970_/D : -6.343692
[setup in-reg] rst -> _26971_/D : -6.343692
[setup in-reg] rst -> _26972_/D : -6.343692
[setup in-reg] rst -> _26973_/D : -6.343692
[setup in-reg] rst -> _26974_/D : -6.343692
[setup in-reg] rst -> _26975_/D : -6.343692
[setup in-reg] rst -> _26976_/D : -6.343692
[setup in-reg] rst -> _26977_/D : -6.343692
[setup in-reg] rst -> _26978_/D : -6.343692
[setup in-reg] rst -> _26979_/D : -6.343692
[setup in-reg] rst -> _26980_/D : -6.343692
[setup in-reg] rst -> _26981_/D : -6.343692
[setup in-reg] rst -> _26982_/D : -6.343692
[setup in-reg] rst -> _26983_/D : -6.343692
[setup in-reg] rst -> _26984_/D : -6.343692
[setup in-reg] rst -> _26985_/D : -6.343692
[setup in-reg] rst -> _26986_/D : -6.343692
[setup in-reg] rst -> _26987_/D : -6.343692
[setup in-reg] rst -> _26988_/D : -6.343692
[setup in-reg] rst -> _26989_/D : -6.343692
[setup in-reg] rst -> _26990_/D : -6.343692
[setup in-reg] rst -> _26991_/D : -6.343692
[setup in-reg] rst -> _26992_/D : -6.343692
[setup in-reg] rst -> _26993_/D : -6.343692
[setup in-reg] rst -> _26994_/D : -6.343692
[setup in-reg] rst -> _26995_/D : -6.343692
[setup in-reg] rst -> _26996_/D : -6.343692
[setup in-reg] rst -> _26997_/D : -6.343692
[setup in-reg] rst -> _26998_/D : -6.343692
[setup in-reg] rst -> _26999_/D : -6.343692
[setup in-reg] rst -> _27000_/D : -6.343692
[setup in-reg] rst -> _27001_/D : -6.343692
[setup in-reg] rst -> _27002_/D : -6.343692
[setup in-reg] rst -> _27003_/D : -6.343692
[setup in-reg] rst -> _27004_/D : -6.343692
[setup in-reg] rst -> _27005_/D : -6.343692
[setup in-reg] rst -> _27006_/D : -6.343692
[setup in-reg] rst -> _27007_/D : -6.343692
[setup in-reg] rst -> _27008_/D : -6.343692
[setup in-reg] rst -> _27009_/D : -6.343692
[setup in-reg] rst -> _27010_/D : -6.343692
[setup in-reg] rst -> _27011_/D : -6.343692
[setup in-reg] rst -> _27012_/D : -6.343692
[setup in-reg] rst -> _27013_/D : -6.343692
[setup in-reg] rst -> _27014_/D : -6.343692
[setup in-reg] rst -> _27015_/D : -6.343692
[setup in-reg] rst -> _27016_/D : -6.343692
[setup in-reg] rst -> _27017_/D : -6.343692
[setup in-reg] rst -> _27018_/D : -6.343692
[setup in-reg] rst -> _27019_/D : -6.343692
[setup in-reg] rst -> _27020_/D : -6.343692
[setup in-reg] rst -> _27021_/D : -6.343692
[setup in-reg] rst -> _27022_/D : -6.343692
[setup in-reg] rst -> _27023_/D : -6.343692
[setup in-reg] rst -> _27024_/D : -6.343692
[setup in-reg] rst -> _27025_/D : -6.343692
[setup in-reg] rst -> _27026_/D : -6.343692
[setup in-reg] rst -> _27027_/D : -6.343692
[setup in-reg] rst -> _27028_/D : -6.343692
[setup in-reg] rst -> _27029_/D : -6.343692
[setup in-reg] rst -> _25558_/D : -6.223610
[setup in-reg] rst -> _25559_/D : -6.223610
[setup in-reg] rst -> _25560_/D : -6.223610
[setup in-reg] rst -> _25561_/D : -6.223610
[setup in-reg] rst -> _25562_/D : -6.223610
[setup in-reg] rst -> _25563_/D : -6.223610
[setup in-reg] rst -> _25564_/D : -6.223610
[setup in-reg] rst -> _25565_/D : -6.223610
[setup in-reg] rst -> _25566_/D : -6.223610
[setup in-reg] rst -> _25567_/D : -6.223610
[setup in-reg] rst -> _25568_/D : -6.223610
[setup in-reg] rst -> _25569_/D : -6.223610
[setup in-reg] rst -> _25570_/D : -6.223610
[setup in-reg] rst -> _25571_/D : -6.223610
[setup in-reg] rst -> _25572_/D : -6.223610
[setup in-reg] rst -> _25573_/D : -6.223610
[setup in-reg] rst -> _25574_/D : -6.223610
[setup in-reg] rst -> _25575_/D : -6.223610
[setup in-reg] rst -> _25576_/D : -6.223610
[setup in-reg] rst -> _25577_/D : -6.223610
[setup in-reg] rst -> _25578_/D : -6.223610
[setup in-reg] rst -> _25579_/D : -6.223610
[setup in-reg] rst -> _25580_/D : -6.223610
[setup in-reg] rst -> _25581_/D : -6.223610
[setup in-reg] rst -> _25582_/D : -6.223610
[setup in-reg] rst -> _25583_/D : -6.223610
[setup in-reg] rst -> _25584_/D : -6.223610
[setup in-reg] rst -> _25585_/D : -6.223610
[setup in-reg] rst -> _25586_/D : -6.223610
[setup in-reg] rst -> _25587_/D : -6.223610
[setup in-reg] rst -> _25588_/D : -6.223610
[setup in-reg] rst -> _25589_/D : -6.223610
[setup in-reg] rst -> _25878_/D : -6.223610
[setup in-reg] rst -> _25879_/D : -6.223610
[setup in-reg] rst -> _25880_/D : -6.223610
[setup in-reg] rst -> _25881_/D : -6.223610
[setup in-reg] rst -> _25882_/D : -6.223610
[setup in-reg] rst -> _25883_/D : -6.223610
[setup in-reg] rst -> _25884_/D : -6.223610
[setup in-reg] rst -> _25885_/D : -6.223610
[setup in-reg] rst -> _25886_/D : -6.223610
[setup in-reg] rst -> _25887_/D : -6.223610
[setup in-reg] rst -> _25888_/D : -6.223610
[setup in-reg] rst -> _25889_/D : -6.223610
[setup in-reg] rst -> _25890_/D : -6.223610
[setup in-reg] rst -> _25891_/D : -6.223610
[setup in-reg] rst -> _25892_/D : -6.223610
[setup in-reg] rst -> _25893_/D : -6.223610
[setup in-reg] rst -> _25894_/D : -6.223610
[setup in-reg] rst -> _25895_/D : -6.223610
[setup in-reg] rst -> _25896_/D : -6.223610
[setup in-reg] rst -> _25897_/D : -6.223610
[setup in-reg] rst -> _25898_/D : -6.223610
[setup in-reg] rst -> _25899_/D : -6.223610
[setup in-reg] rst -> _25900_/D : -6.223610
[setup in-reg] rst -> _25901_/D : -6.223610
[setup in-reg] rst -> _25902_/D : -6.223610
[setup in-reg] rst -> _25903_/D : -6.223610
[setup in-reg] rst -> _25904_/D : -6.223610
[setup in-reg] rst -> _25905_/D : -6.223610
[setup in-reg] rst -> _25906_/D : -6.223610
[setup in-reg] rst -> _25907_/D : -6.223610
[setup in-reg] rst -> _25908_/D : -6.223610
[setup in-reg] rst -> _25909_/D : -6.223610
[setup in-reg] rst -> _27558_/D : -6.223610
[setup in-reg] rst -> _27559_/D : -6.223610
[setup in-reg] rst -> _27560_/D : -6.223610
[setup in-reg] rst -> _27561_/D : -6.223610
[setup in-reg] rst -> _27562_/D : -6.223610
[setup in-reg] rst -> _27563_/D : -6.223610
[setup in-reg] rst -> _27564_/D : -6.223610
[setup in-reg] rst -> _27565_/D : -6.223610
[setup in-reg] rst -> _27566_/D : -6.223610
[setup in-reg] rst -> _27567_/D : -6.223610
[setup in-reg] rst -> _27568_/D : -6.223610
[setup in-reg] rst -> _27569_/D : -6.223610
[setup in-reg] rst -> _27570_/D : -6.223610
[setup in-reg] rst -> _27571_/D : -6.223610
[setup in-reg] rst -> _27572_/D : -6.223610
[setup in-reg] rst -> _27573_/D : -6.223610
[setup in-reg] rst -> _27574_/D : -6.223610
[setup in-reg] rst -> _27575_/D : -6.223610
[setup in-reg] rst -> _27576_/D : -6.223610
[setup in-reg] rst -> _27577_/D : -6.223610
[setup in-reg] rst -> _27578_/D : -6.223610
[setup in-reg] rst -> _27579_/D : -6.223610
[setup in-reg] rst -> _27580_/D : -6.223610
[setup in-reg] rst -> _27581_/D : -6.223610
[setup in-reg] rst -> _27582_/D : -6.223610
[setup in-reg] rst -> _27583_/D : -6.223610
[setup in-reg] rst -> _27584_/D : -6.223610
[setup in-reg] rst -> _27585_/D : -6.223610
[setup in-reg] rst -> _27586_/D : -6.223610
[setup in-reg] rst -> _27587_/D : -6.223610
[setup in-reg] rst -> _27588_/D : -6.223610
[setup in-reg] rst -> _27589_/D : -6.223610
[setup in-reg] rst -> _25590_/D : -6.212350
[setup in-reg] rst -> _25591_/D : -6.212350
[setup in-reg] rst -> _25592_/D : -6.212350
[setup in-reg] rst -> _25593_/D : -6.212350
[setup in-reg] rst -> _25594_/D : -6.212350
[setup in-reg] rst -> _25595_/D : -6.212350
[setup in-reg] rst -> _25596_/D : -6.212350
[setup in-reg] rst -> _25597_/D : -6.212350
[setup in-reg] rst -> _25598_/D : -6.212350
[setup in-reg] rst -> _25599_/D : -6.212350
[setup in-reg] rst -> _25600_/D : -6.212350
[setup in-reg] rst -> _25601_/D : -6.212350
[setup in-reg] rst -> _25602_/D : -6.212350
[setup in-reg] rst -> _25603_/D : -6.212350
[setup in-reg] rst -> _25604_/D : -6.212350
[setup in-reg] rst -> _25605_/D : -6.212350
[setup in-reg] rst -> _25606_/D : -6.212350
[setup in-reg] rst -> _25607_/D : -6.212350
[setup in-reg] rst -> _25608_/D : -6.212350
[setup in-reg] rst -> _25609_/D : -6.212350
[setup in-reg] rst -> _25610_/D : -6.212350
[setup in-reg] rst -> _25611_/D : -6.212350
[setup in-reg] rst -> _25612_/D : -6.212350
[setup in-reg] rst -> _25613_/D : -6.212350
[setup in-reg] rst -> _25614_/D : -6.212350
[setup in-reg] rst -> _25615_/D : -6.212350
[setup in-reg] rst -> _25616_/D : -6.212350
[setup in-reg] rst -> _25617_/D : -6.212350
[setup in-reg] rst -> _25618_/D : -6.212350
[setup in-reg] rst -> _25619_/D : -6.212350
[setup in-reg] rst -> _25620_/D : -6.212350
[setup in-reg] rst -> _25621_/D : -6.212350
[setup in-reg] rst -> _25622_/D : -6.212347
[setup in-reg] rst -> _25623_/D : -6.212347
[setup in-reg] rst -> _25624_/D : -6.212347
[setup in-reg] rst -> _25625_/D : -6.212347
[setup in-reg] rst -> _25626_/D : -6.212347
[setup in-reg] rst -> _25627_/D : -6.212347
[setup in-reg] rst -> _25628_/D : -6.212347
[setup in-reg] rst -> _25629_/D : -6.212347
[setup in-reg] rst -> _25630_/D : -6.212347
[setup in-reg] rst -> _25631_/D : -6.212347
[setup in-reg] rst -> _25632_/D : -6.212347
[setup in-reg] rst -> _25633_/D : -6.212347
[setup in-reg] rst -> _25634_/D : -6.212347
[setup in-reg] rst -> _25635_/D : -6.212347
[setup in-reg] rst -> _25636_/D : -6.212347
[setup in-reg] rst -> _25637_/D : -6.212347
[setup in-reg] rst -> _25638_/D : -6.212347
[setup in-reg] rst -> _25639_/D : -6.212347
[setup in-reg] rst -> _25640_/D : -6.212347
[setup in-reg] rst -> _25641_/D : -6.212347
[setup in-reg] rst -> _25642_/D : -6.212347
[setup in-reg] rst -> _25643_/D : -6.212347
[setup in-reg] rst -> _25644_/D : -6.212347
[setup in-reg] rst -> _25645_/D : -6.212347
[setup in-reg] rst -> _25646_/D : -6.212347
[setup in-reg] rst -> _25647_/D : -6.212347
[setup in-reg] rst -> _25648_/D : -6.212347
[setup in-reg] rst -> _25649_/D : -6.212347
[setup in-reg] rst -> _25650_/D : -6.212347
[setup in-reg] rst -> _25651_/D : -6.212347
[setup in-reg] rst -> _25652_/D : -6.212347
[setup in-reg] rst -> _25653_/D : -6.212347
[setup in-reg] rst -> _25654_/D : -6.212352
[setup in-reg] rst -> _25655_/D : -6.212352
[setup in-reg] rst -> _25656_/D : -6.212352
[setup in-reg] rst -> _25657_/D : -6.212352
[setup in-reg] rst -> _25658_/D : -6.212352
[setup in-reg] rst -> _25659_/D : -6.212352
[setup in-reg] rst -> _25660_/D : -6.212352
[setup in-reg] rst -> _25661_/D : -6.212352
[setup in-reg] rst -> _25662_/D : -6.212352
[setup in-reg] rst -> _25663_/D : -6.212352
[setup in-reg] rst -> _25664_/D : -6.212352
[setup in-reg] rst -> _25665_/D : -6.212352
[setup in-reg] rst -> _25666_/D : -6.212352
[setup in-reg] rst -> _25667_/D : -6.212352
[setup in-reg] rst -> _25668_/D : -6.212352
[setup in-reg] rst -> _25669_/D : -6.212352
[setup in-reg] rst -> _25670_/D : -6.212352
[setup in-reg] rst -> _25671_/D : -6.212352
[setup in-reg] rst -> _25672_/D : -6.212352
[setup in-reg] rst -> _25673_/D : -6.212352
[setup in-reg] rst -> _25674_/D : -6.212352
[setup in-reg] rst -> _25675_/D : -6.212352
[setup in-reg] rst -> _25676_/D : -6.212352
[setup in-reg] rst -> _25677_/D : -6.212352
[setup in-reg] rst -> _25678_/D : -6.212352
[setup in-reg] rst -> _25679_/D : -6.212352
[setup in-reg] rst -> _25680_/D : -6.212352
[setup in-reg] rst -> _25681_/D : -6.212352
[setup in-reg] rst -> _25682_/D : -6.212352
[setup in-reg] rst -> _25683_/D : -6.212352
[setup in-reg] rst -> _25684_/D : -6.212352
[setup in-reg] rst -> _25685_/D : -6.212352
[setup in-reg] rst -> _25686_/D : -6.212347
[setup in-reg] rst -> _25687_/D : -6.212347
[setup in-reg] rst -> _25688_/D : -6.212347
[setup in-reg] rst -> _25689_/D : -6.212347
[setup in-reg] rst -> _25690_/D : -6.212347
[setup in-reg] rst -> _25691_/D : -6.212347
[setup in-reg] rst -> _25692_/D : -6.212347
[setup in-reg] rst -> _25693_/D : -6.212347
[setup in-reg] rst -> _25694_/D : -6.212347
[setup in-reg] rst -> _25695_/D : -6.212347
[setup in-reg] rst -> _25696_/D : -6.212347
[setup in-reg] rst -> _25697_/D : -6.212347
[setup in-reg] rst -> _25698_/D : -6.212347
[setup in-reg] rst -> _25699_/D : -6.212347
[setup in-reg] rst -> _25700_/D : -6.212347
[setup in-reg] rst -> _25701_/D : -6.212347
[setup in-reg] rst -> _25702_/D : -6.212347
[setup in-reg] rst -> _25703_/D : -6.212347
[setup in-reg] rst -> _25704_/D : -6.212347
[setup in-reg] rst -> _25705_/D : -6.212347
[setup in-reg] rst -> _25706_/D : -6.212347
[setup in-reg] rst -> _25707_/D : -6.212347
[setup in-reg] rst -> _25708_/D : -6.212347
[setup in-reg] rst -> _25709_/D : -6.212347
[setup in-reg] rst -> _25710_/D : -6.212347
[setup in-reg] rst -> _25711_/D : -6.212347
[setup in-reg] rst -> _25712_/D : -6.212347
[setup in-reg] rst -> _25713_/D : -6.212347
[setup in-reg] rst -> _25714_/D : -6.212347
[setup in-reg] rst -> _25715_/D : -6.212347
[setup in-reg] rst -> _25716_/D : -6.212347
[setup in-reg] rst -> _25717_/D : -6.212347
[setup in-reg] rst -> _25718_/D : -6.212347
[setup in-reg] rst -> _25719_/D : -6.212347
[setup in-reg] rst -> _25720_/D : -6.212347
[setup in-reg] rst -> _25721_/D : -6.212347
[setup in-reg] rst -> _25722_/D : -6.212347
[setup in-reg] rst -> _25723_/D : -6.212347
[setup in-reg] rst -> _25724_/D : -6.212347
[setup in-reg] rst -> _25725_/D : -6.212347
[setup in-reg] rst -> _25726_/D : -6.212347
[setup in-reg] rst -> _25727_/D : -6.212347
[setup in-reg] rst -> _25728_/D : -6.212347
[setup in-reg] rst -> _25729_/D : -6.212347
[setup in-reg] rst -> _25730_/D : -6.212347
[setup in-reg] rst -> _25731_/D : -6.212347
[setup in-reg] rst -> _25732_/D : -6.212347
[setup in-reg] rst -> _25733_/D : -6.212347
[setup in-reg] rst -> _25734_/D : -6.212347
[setup in-reg] rst -> _25735_/D : -6.212347
[setup in-reg] rst -> _25736_/D : -6.212347
[setup in-reg] rst -> _25737_/D : -6.212347
[setup in-reg] rst -> _25738_/D : -6.212347
[setup in-reg] rst -> _25739_/D : -6.212347
[setup in-reg] rst -> _25740_/D : -6.212347
[setup in-reg] rst -> _25741_/D : -6.212347
[setup in-reg] rst -> _25742_/D : -6.212347
[setup in-reg] rst -> _25743_/D : -6.212347
[setup in-reg] rst -> _25744_/D : -6.212347
[setup in-reg] rst -> _25745_/D : -6.212347
[setup in-reg] rst -> _25746_/D : -6.212347
[setup in-reg] rst -> _25747_/D : -6.212347
[setup in-reg] rst -> _25748_/D : -6.212347
[setup in-reg] rst -> _25749_/D : -6.212347
[setup in-reg] rst -> _25750_/D : -6.212347
[setup in-reg] rst -> _25751_/D : -6.212347
[setup in-reg] rst -> _25752_/D : -6.212347
[setup in-reg] rst -> _25753_/D : -6.212347
[setup in-reg] rst -> _25754_/D : -6.212347
[setup in-reg] rst -> _25755_/D : -6.212347
[setup in-reg] rst -> _25756_/D : -6.212347
[setup in-reg] rst -> _25757_/D : -6.212347
[setup in-reg] rst -> _25758_/D : -6.212347
[setup in-reg] rst -> _25759_/D : -6.212347
[setup in-reg] rst -> _25760_/D : -6.212347
[setup in-reg] rst -> _25761_/D : -6.212347
[setup in-reg] rst -> _25762_/D : -6.212347
[setup in-reg] rst -> _25763_/D : -6.212347
[setup in-reg] rst -> _25764_/D : -6.212347
[setup in-reg] rst -> _25765_/D : -6.212347
[setup in-reg] rst -> _25766_/D : -6.212347
[setup in-reg] rst -> _25767_/D : -6.212347
[setup in-reg] rst -> _25768_/D : -6.212347
[setup in-reg] rst -> _25769_/D : -6.212347
[setup in-reg] rst -> _25770_/D : -6.212347
[setup in-reg] rst -> _25771_/D : -6.212347
[setup in-reg] rst -> _25772_/D : -6.212347
[setup in-reg] rst -> _25773_/D : -6.212347
[setup in-reg] rst -> _25774_/D : -6.212347
[setup in-reg] rst -> _25775_/D : -6.212347
[setup in-reg] rst -> _25776_/D : -6.212347
[setup in-reg] rst -> _25777_/D : -6.212347
[setup in-reg] rst -> _25778_/D : -6.212347
[setup in-reg] rst -> _25779_/D : -6.212347
[setup in-reg] rst -> _25780_/D : -6.212347
[setup in-reg] rst -> _25781_/D : -6.212347
[setup in-reg] rst -> _25782_/D : -6.212352
[setup in-reg] rst -> _25783_/D : -6.212352
[setup in-reg] rst -> _25784_/D : -6.212352
[setup in-reg] rst -> _25785_/D : -6.212352
[setup in-reg] rst -> _25786_/D : -6.212352
[setup in-reg] rst -> _25787_/D : -6.212352
[setup in-reg] rst -> _25788_/D : -6.212352
[setup in-reg] rst -> _25789_/D : -6.212352
[setup in-reg] rst -> _25790_/D : -6.212352
[setup in-reg] rst -> _25791_/D : -6.212352
[setup in-reg] rst -> _25792_/D : -6.212352
[setup in-reg] rst -> _25793_/D : -6.212352
[setup in-reg] rst -> _25794_/D : -6.212352
[setup in-reg] rst -> _25795_/D : -6.212352
[setup in-reg] rst -> _25796_/D : -6.212352
[setup in-reg] rst -> _25797_/D : -6.212352
[setup in-reg] rst -> _25798_/D : -6.212352
[setup in-reg] rst -> _25799_/D : -6.212352
[setup in-reg] rst -> _25800_/D : -6.212352
[setup in-reg] rst -> _25801_/D : -6.212352
[setup in-reg] rst -> _25802_/D : -6.212352
[setup in-reg] rst -> _25803_/D : -6.212352
[setup in-reg] rst -> _25804_/D : -6.212352
[setup in-reg] rst -> _25805_/D : -6.212352
[setup in-reg] rst -> _25806_/D : -6.212352
[setup in-reg] rst -> _25807_/D : -6.212352
[setup in-reg] rst -> _25808_/D : -6.212352
[setup in-reg] rst -> _25809_/D : -6.212352
[setup in-reg] rst -> _25810_/D : -6.212352
[setup in-reg] rst -> _25811_/D : -6.212352
[setup in-reg] rst -> _25812_/D : -6.212352
[setup in-reg] rst -> _25813_/D : -6.212352
[setup in-reg] rst -> _25814_/D : -6.212347
[setup in-reg] rst -> _25815_/D : -6.212347
[setup in-reg] rst -> _25816_/D : -6.212347
[setup in-reg] rst -> _25817_/D : -6.212347
[setup in-reg] rst -> _25818_/D : -6.212347
[setup in-reg] rst -> _25819_/D : -6.212347
[setup in-reg] rst -> _25820_/D : -6.212347
[setup in-reg] rst -> _25821_/D : -6.212347
[setup in-reg] rst -> _25822_/D : -6.212347
[setup in-reg] rst -> _25823_/D : -6.212347
[setup in-reg] rst -> _25824_/D : -6.212347
[setup in-reg] rst -> _25825_/D : -6.212347
[setup in-reg] rst -> _25826_/D : -6.212347
[setup in-reg] rst -> _25827_/D : -6.212347
[setup in-reg] rst -> _25828_/D : -6.212347
[setup in-reg] rst -> _25829_/D : -6.212347
[setup in-reg] rst -> _25830_/D : -6.212347
[setup in-reg] rst -> _25831_/D : -6.212347
[setup in-reg] rst -> _25832_/D : -6.212347
[setup in-reg] rst -> _25833_/D : -6.212347
[setup in-reg] rst -> _25834_/D : -6.212347
[setup in-reg] rst -> _25835_/D : -6.212347
[setup in-reg] rst -> _25836_/D : -6.212347
[setup in-reg] rst -> _25837_/D : -6.212347
[setup in-reg] rst -> _25838_/D : -6.212347
[setup in-reg] rst -> _25839_/D : -6.212347
[setup in-reg] rst -> _25840_/D : -6.212347
[setup in-reg] rst -> _25841_/D : -6.212347
[setup in-reg] rst -> _25842_/D : -6.212347
[setup in-reg] rst -> _25843_/D : -6.212347
[setup in-reg] rst -> _25844_/D : -6.212347
[setup in-reg] rst -> _25845_/D : -6.212347
[setup in-reg] rst -> _25846_/D : -6.212347
[setup in-reg] rst -> _25847_/D : -6.212347
[setup in-reg] rst -> _25848_/D : -6.212347
[setup in-reg] rst -> _25849_/D : -6.212347
[setup in-reg] rst -> _25850_/D : -6.212347
[setup in-reg] rst -> _25851_/D : -6.212347
[setup in-reg] rst -> _25852_/D : -6.212347
[setup in-reg] rst -> _25853_/D : -6.212347
[setup in-reg] rst -> _25854_/D : -6.212347
[setup in-reg] rst -> _25855_/D : -6.212347
[setup in-reg] rst -> _25856_/D : -6.212347
[setup in-reg] rst -> _25857_/D : -6.212347
[setup in-reg] rst -> _25858_/D : -6.212347
[setup in-reg] rst -> _25859_/D : -6.212347
[setup in-reg] rst -> _25860_/D : -6.212347
[setup in-reg] rst -> _25861_/D : -6.212347
[setup in-reg] rst -> _25862_/D : -6.212347
[setup in-reg] rst -> _25863_/D : -6.212347
[setup in-reg] rst -> _25864_/D : -6.212347
[setup in-reg] rst -> _25865_/D : -6.212347
[setup in-reg] rst -> _25866_/D : -6.212347
[setup in-reg] rst -> _25867_/D : -6.212347
[setup in-reg] rst -> _25868_/D : -6.212347
[setup in-reg] rst -> _25869_/D : -6.212347
[setup in-reg] rst -> _25870_/D : -6.212347
[setup in-reg] rst -> _25871_/D : -6.212347
[setup in-reg] rst -> _25872_/D : -6.212347
[setup in-reg] rst -> _25873_/D : -6.212347
[setup in-reg] rst -> _25874_/D : -6.212347
[setup in-reg] rst -> _25875_/D : -6.212347
[setup in-reg] rst -> _25876_/D : -6.212347
[setup in-reg] rst -> _25877_/D : -6.212347
[setup in-reg] rst -> _25910_/D : -6.212352
[setup in-reg] rst -> _25911_/D : -6.212352
[setup in-reg] rst -> _25912_/D : -6.212352
[setup in-reg] rst -> _25913_/D : -6.212352
[setup in-reg] rst -> _25914_/D : -6.212352
[setup in-reg] rst -> _25915_/D : -6.212352
[setup in-reg] rst -> _25916_/D : -6.212352
[setup in-reg] rst -> _25917_/D : -6.212352
[setup in-reg] rst -> _25918_/D : -6.212352
[setup in-reg] rst -> _25919_/D : -6.212352
[setup in-reg] rst -> _25920_/D : -6.212352
[setup in-reg] rst -> _25921_/D : -6.212352
[setup in-reg] rst -> _25922_/D : -6.212352
[setup in-reg] rst -> _25923_/D : -6.212352
[setup in-reg] rst -> _25924_/D : -6.212352
[setup in-reg] rst -> _25925_/D : -6.212352
[setup in-reg] rst -> _25926_/D : -6.212352
[setup in-reg] rst -> _25927_/D : -6.212352
[setup in-reg] rst -> _25928_/D : -6.212352
[setup in-reg] rst -> _25929_/D : -6.212352
[setup in-reg] rst -> _25930_/D : -6.212352
[setup in-reg] rst -> _25931_/D : -6.212352
[setup in-reg] rst -> _25932_/D : -6.212352
[setup in-reg] rst -> _25933_/D : -6.212352
[setup in-reg] rst -> _25934_/D : -6.212352
[setup in-reg] rst -> _25935_/D : -6.212352
[setup in-reg] rst -> _25936_/D : -6.212352
[setup in-reg] rst -> _25937_/D : -6.212352
[setup in-reg] rst -> _25938_/D : -6.212352
[setup in-reg] rst -> _25939_/D : -6.212352
[setup in-reg] rst -> _25940_/D : -6.212352
[setup in-reg] rst -> _25941_/D : -6.212352
[setup in-reg] rst -> _25942_/D : -6.212347
[setup in-reg] rst -> _25943_/D : -6.212347
[setup in-reg] rst -> _25944_/D : -6.212347
[setup in-reg] rst -> _25945_/D : -6.212347
[setup in-reg] rst -> _25946_/D : -6.212347
[setup in-reg] rst -> _25947_/D : -6.212347
[setup in-reg] rst -> _25948_/D : -6.212347
[setup in-reg] rst -> _25949_/D : -6.212347
[setup in-reg] rst -> _25950_/D : -6.212347
[setup in-reg] rst -> _25951_/D : -6.212347
[setup in-reg] rst -> _25952_/D : -6.212347
[setup in-reg] rst -> _25953_/D : -6.212347
[setup in-reg] rst -> _25954_/D : -6.212347
[setup in-reg] rst -> _25955_/D : -6.212347
[setup in-reg] rst -> _25956_/D : -6.212347
[setup in-reg] rst -> _25957_/D : -6.212347
[setup in-reg] rst -> _25958_/D : -6.212347
[setup in-reg] rst -> _25959_/D : -6.212347
[setup in-reg] rst -> _25960_/D : -6.212347
[setup in-reg] rst -> _25961_/D : -6.212347
[setup in-reg] rst -> _25962_/D : -6.212347
[setup in-reg] rst -> _25963_/D : -6.212347
[setup in-reg] rst -> _25964_/D : -6.212347
[setup in-reg] rst -> _25965_/D : -6.212347
[setup in-reg] rst -> _25966_/D : -6.212347
[setup in-reg] rst -> _25967_/D : -6.212347
[setup in-reg] rst -> _25968_/D : -6.212347
[setup in-reg] rst -> _25969_/D : -6.212347
[setup in-reg] rst -> _25970_/D : -6.212347
[setup in-reg] rst -> _25971_/D : -6.212347
[setup in-reg] rst -> _25972_/D : -6.212347
[setup in-reg] rst -> _25973_/D : -6.212347
[setup in-reg] rst -> _25974_/D : -6.212347
[setup in-reg] rst -> _25975_/D : -6.212347
[setup in-reg] rst -> _25976_/D : -6.212347
[setup in-reg] rst -> _25977_/D : -6.212347
[setup in-reg] rst -> _25978_/D : -6.212347
[setup in-reg] rst -> _25979_/D : -6.212347
[setup in-reg] rst -> _25980_/D : -6.212347
[setup in-reg] rst -> _25981_/D : -6.212347
[setup in-reg] rst -> _25982_/D : -6.212347
[setup in-reg] rst -> _25983_/D : -6.212347
[setup in-reg] rst -> _25984_/D : -6.212347
[setup in-reg] rst -> _25985_/D : -6.212347
[setup in-reg] rst -> _25986_/D : -6.212347
[setup in-reg] rst -> _25987_/D : -6.212347
[setup in-reg] rst -> _25988_/D : -6.212347
[setup in-reg] rst -> _25989_/D : -6.212347
[setup in-reg] rst -> _25990_/D : -6.212347
[setup in-reg] rst -> _25991_/D : -6.212347
[setup in-reg] rst -> _25992_/D : -6.212347
[setup in-reg] rst -> _25993_/D : -6.212347
[setup in-reg] rst -> _25994_/D : -6.212347
[setup in-reg] rst -> _25995_/D : -6.212347
[setup in-reg] rst -> _25996_/D : -6.212347
[setup in-reg] rst -> _25997_/D : -6.212347
[setup in-reg] rst -> _25998_/D : -6.212347
[setup in-reg] rst -> _25999_/D : -6.212347
[setup in-reg] rst -> _26000_/D : -6.212347
[setup in-reg] rst -> _26001_/D : -6.212347
[setup in-reg] rst -> _26002_/D : -6.212347
[setup in-reg] rst -> _26003_/D : -6.212347
[setup in-reg] rst -> _26004_/D : -6.212347
[setup in-reg] rst -> _26005_/D : -6.212347
[setup in-reg] rst -> _26006_/D : -6.212347
[setup in-reg] rst -> _26007_/D : -6.212347
[setup in-reg] rst -> _26008_/D : -6.212347
[setup in-reg] rst -> _26009_/D : -6.212347
[setup in-reg] rst -> _26010_/D : -6.212347
[setup in-reg] rst -> _26011_/D : -6.212347
[setup in-reg] rst -> _26012_/D : -6.212347
[setup in-reg] rst -> _26013_/D : -6.212347
[setup in-reg] rst -> _26014_/D : -6.212347
[setup in-reg] rst -> _26015_/D : -6.212347
[setup in-reg] rst -> _26016_/D : -6.212347
[setup in-reg] rst -> _26017_/D : -6.212347
[setup in-reg] rst -> _26018_/D : -6.212347
[setup in-reg] rst -> _26019_/D : -6.212347
[setup in-reg] rst -> _26020_/D : -6.212347
[setup in-reg] rst -> _26021_/D : -6.212347
[setup in-reg] rst -> _26022_/D : -6.212347
[setup in-reg] rst -> _26023_/D : -6.212347
[setup in-reg] rst -> _26024_/D : -6.212347
[setup in-reg] rst -> _26025_/D : -6.212347
[setup in-reg] rst -> _26026_/D : -6.212347
[setup in-reg] rst -> _26027_/D : -6.212347
[setup in-reg] rst -> _26028_/D : -6.212347
[setup in-reg] rst -> _26029_/D : -6.212347
[setup in-reg] rst -> _26030_/D : -6.212347
[setup in-reg] rst -> _26031_/D : -6.212347
[setup in-reg] rst -> _26032_/D : -6.212347
[setup in-reg] rst -> _26033_/D : -6.212347
[setup in-reg] rst -> _26034_/D : -6.212347
[setup in-reg] rst -> _26035_/D : -6.212347
[setup in-reg] rst -> _26036_/D : -6.212347
[setup in-reg] rst -> _26037_/D : -6.212347
[setup in-reg] rst -> _27030_/D : -6.059983
[setup in-reg] rst -> _27031_/D : -6.059983
[setup in-reg] rst -> _27032_/D : -6.059983
[setup in-reg] rst -> _27033_/D : -6.059983
[setup in-reg] rst -> _27034_/D : -6.059983
[setup in-reg] rst -> _27035_/D : -6.059983
[setup in-reg] rst -> _27036_/D : -6.059983
[setup in-reg] rst -> _27037_/D : -6.059983
[setup in-reg] rst -> _27038_/D : -6.059983
[setup in-reg] rst -> _27039_/D : -6.059983
[setup in-reg] rst -> _27040_/D : -6.059983
[setup in-reg] rst -> _27041_/D : -6.059983
[setup in-reg] rst -> _27042_/D : -6.059983
[setup in-reg] rst -> _27043_/D : -6.059983
[setup in-reg] rst -> _27044_/D : -6.059983
[setup in-reg] rst -> _27045_/D : -6.059983
[setup in-reg] rst -> _27046_/D : -6.059983
[setup in-reg] rst -> _27047_/D : -6.059983
[setup in-reg] rst -> _27048_/D : -6.059983
[setup in-reg] rst -> _27049_/D : -6.059983
[setup in-reg] rst -> _27050_/D : -6.059983
[setup in-reg] rst -> _27051_/D : -6.059983
[setup in-reg] rst -> _27052_/D : -6.059983
[setup in-reg] rst -> _27053_/D : -6.059983
[setup in-reg] rst -> _27054_/D : -6.059983
[setup in-reg] rst -> _27055_/D : -6.059983
[setup in-reg] rst -> _27056_/D : -6.059983
[setup in-reg] rst -> _27057_/D : -6.059983
[setup in-reg] rst -> _27058_/D : -6.059983
[setup in-reg] rst -> _27059_/D : -6.059983
[setup in-reg] rst -> _27060_/D : -6.059983
[setup in-reg] rst -> _27061_/D : -6.059983
[setup in-reg] rst -> _27062_/D : -6.059983
[setup in-reg] rst -> _27063_/D : -6.059983
[setup in-reg] rst -> _27064_/D : -6.059983
[setup in-reg] rst -> _27065_/D : -6.059983
[setup in-reg] rst -> _27066_/D : -6.059983
[setup in-reg] rst -> _27067_/D : -6.059983
[setup in-reg] rst -> _27068_/D : -6.059983
[setup in-reg] rst -> _27069_/D : -6.059983
[setup in-reg] rst -> _27070_/D : -6.059983
[setup in-reg] rst -> _27071_/D : -6.059983
[setup in-reg] rst -> _27072_/D : -6.059983
[setup in-reg] rst -> _27073_/D : -6.059983
[setup in-reg] rst -> _27074_/D : -6.059983
[setup in-reg] rst -> _27075_/D : -6.059983
[setup in-reg] rst -> _27076_/D : -6.059983
[setup in-reg] rst -> _27077_/D : -6.059983
[setup in-reg] rst -> _27078_/D : -6.059983
[setup in-reg] rst -> _27079_/D : -6.059983
[setup in-reg] rst -> _27080_/D : -6.059983
[setup in-reg] rst -> _27081_/D : -6.059983
[setup in-reg] rst -> _27082_/D : -6.059983
[setup in-reg] rst -> _27083_/D : -6.059983
[setup in-reg] rst -> _27084_/D : -6.059983
[setup in-reg] rst -> _27085_/D : -6.059983
[setup in-reg] rst -> _27086_/D : -6.059983
[setup in-reg] rst -> _27087_/D : -6.059983
[setup in-reg] rst -> _27088_/D : -6.059983
[setup in-reg] rst -> _27089_/D : -6.059983
[setup in-reg] rst -> _27090_/D : -6.059983
[setup in-reg] rst -> _27091_/D : -6.059983
[setup in-reg] rst -> _27092_/D : -6.059983
[setup in-reg] rst -> _27093_/D : -6.059983
[setup in-reg] rst -> _27094_/D : -6.059983
[setup in-reg] rst -> _27095_/D : -6.059983
[setup in-reg] rst -> _27096_/D : -6.059983
[setup in-reg] rst -> _27097_/D : -6.059983
[setup in-reg] rst -> _27098_/D : -6.059983
[setup in-reg] rst -> _27099_/D : -6.059983
[setup in-reg] rst -> _27100_/D : -6.059983
[setup in-reg] rst -> _27101_/D : -6.059983
[setup in-reg] rst -> _27102_/D : -6.059983
[setup in-reg] rst -> _27103_/D : -6.059983
[setup in-reg] rst -> _27104_/D : -6.059983
[setup in-reg] rst -> _27105_/D : -6.059983
[setup in-reg] rst -> _27106_/D : -6.059983
[setup in-reg] rst -> _27107_/D : -6.059983
[setup in-reg] rst -> _27108_/D : -6.059983
[setup in-reg] rst -> _27109_/D : -6.059983
[setup in-reg] rst -> _27110_/D : -6.059983
[setup in-reg] rst -> _27111_/D : -6.059983
[setup in-reg] rst -> _27112_/D : -6.059983
[setup in-reg] rst -> _27113_/D : -6.059983
[setup in-reg] rst -> _27114_/D : -6.059983
[setup in-reg] rst -> _27115_/D : -6.059983
[setup in-reg] rst -> _27116_/D : -6.059983
[setup in-reg] rst -> _27117_/D : -6.059983
[setup in-reg] rst -> _27118_/D : -6.059983
[setup in-reg] rst -> _27119_/D : -6.059983
[setup in-reg] rst -> _27120_/D : -6.059983
[setup in-reg] rst -> _27121_/D : -6.059983
[setup in-reg] rst -> _27122_/D : -6.059983
[setup in-reg] rst -> _27123_/D : -6.059983
[setup in-reg] rst -> _27124_/D : -6.059983
[setup in-reg] rst -> _27125_/D : -6.059983
[setup in-reg] rst -> _27126_/D : -6.059983
[setup in-reg] rst -> _27127_/D : -6.059983
[setup in-reg] rst -> _27128_/D : -6.059983
[setup in-reg] rst -> _27129_/D : -6.059983
[setup in-reg] rst -> _27130_/D : -6.059983
[setup in-reg] rst -> _27131_/D : -6.059983
[setup in-reg] rst -> _27132_/D : -6.059983
[setup in-reg] rst -> _27133_/D : -6.059983
[setup in-reg] rst -> _27134_/D : -6.059983
[setup in-reg] rst -> _27135_/D : -6.059983
[setup in-reg] rst -> _27136_/D : -6.059983
[setup in-reg] rst -> _27137_/D : -6.059983
[setup in-reg] rst -> _27138_/D : -6.059983
[setup in-reg] rst -> _27139_/D : -6.059983
[setup in-reg] rst -> _27140_/D : -6.059983
[setup in-reg] rst -> _27141_/D : -6.059983
[setup in-reg] rst -> _27142_/D : -6.059983
[setup in-reg] rst -> _27143_/D : -6.059983
[setup in-reg] rst -> _27144_/D : -6.059983
[setup in-reg] rst -> _27145_/D : -6.059983
[setup in-reg] rst -> _27146_/D : -6.059983
[setup in-reg] rst -> _27147_/D : -6.059983
[setup in-reg] rst -> _27148_/D : -6.059983
[setup in-reg] rst -> _27149_/D : -6.059983
[setup in-reg] rst -> _27150_/D : -6.059983
[setup in-reg] rst -> _27151_/D : -6.059983
[setup in-reg] rst -> _27152_/D : -6.059983
[setup in-reg] rst -> _27153_/D : -6.059983
[setup in-reg] rst -> _27154_/D : -6.059983
[setup in-reg] rst -> _27155_/D : -6.059983
[setup in-reg] rst -> _27156_/D : -6.059983
[setup in-reg] rst -> _27157_/D : -6.059983
[setup in-reg] rst -> _27158_/D : -6.059983
[setup in-reg] rst -> _27159_/D : -6.059983
[setup in-reg] rst -> _27160_/D : -6.059983
[setup in-reg] rst -> _27161_/D : -6.059983
[setup in-reg] rst -> _27162_/D : -6.059983
[setup in-reg] rst -> _27163_/D : -6.059983
[setup in-reg] rst -> _27164_/D : -6.059983
[setup in-reg] rst -> _27165_/D : -6.059983
[setup in-reg] rst -> _27166_/D : -6.059983
[setup in-reg] rst -> _27167_/D : -6.059983
[setup in-reg] rst -> _27168_/D : -6.059983
[setup in-reg] rst -> _27169_/D : -6.059983
[setup in-reg] rst -> _27170_/D : -6.059983
[setup in-reg] rst -> _27171_/D : -6.059983
[setup in-reg] rst -> _27172_/D : -6.059983
[setup in-reg] rst -> _27173_/D : -6.059983
[setup in-reg] rst -> _27174_/D : -6.059983
[setup in-reg] rst -> _27175_/D : -6.059983
[setup in-reg] rst -> _27176_/D : -6.059983
[setup in-reg] rst -> _27177_/D : -6.059983
[setup in-reg] rst -> _27178_/D : -6.059983
[setup in-reg] rst -> _27179_/D : -6.059983
[setup in-reg] rst -> _27180_/D : -6.059983
[setup in-reg] rst -> _27181_/D : -6.059983
[setup in-reg] rst -> _27182_/D : -6.059983
[setup in-reg] rst -> _27183_/D : -6.059983
[setup in-reg] rst -> _27184_/D : -6.059983
[setup in-reg] rst -> _27185_/D : -6.059983
[setup in-reg] rst -> _27186_/D : -6.059983
[setup in-reg] rst -> _27187_/D : -6.059983
[setup in-reg] rst -> _27188_/D : -6.059983
[setup in-reg] rst -> _27189_/D : -6.059983
[setup in-reg] rst -> _27190_/D : -6.059983
[setup in-reg] rst -> _27191_/D : -6.059983
[setup in-reg] rst -> _27192_/D : -6.059983
[setup in-reg] rst -> _27193_/D : -6.059983
[setup in-reg] rst -> _27194_/D : -6.059983
[setup in-reg] rst -> _27195_/D : -6.059983
[setup in-reg] rst -> _27196_/D : -6.059983
[setup in-reg] rst -> _27197_/D : -6.059983
[setup in-reg] rst -> _27198_/D : -6.059983
[setup in-reg] rst -> _27199_/D : -6.059983
[setup in-reg] rst -> _27200_/D : -6.059983
[setup in-reg] rst -> _27201_/D : -6.059983
[setup in-reg] rst -> _27202_/D : -6.059983
[setup in-reg] rst -> _27203_/D : -6.059983
[setup in-reg] rst -> _27204_/D : -6.059983
[setup in-reg] rst -> _27205_/D : -6.059983
[setup in-reg] rst -> _27206_/D : -6.059983
[setup in-reg] rst -> _27207_/D : -6.059983
[setup in-reg] rst -> _27208_/D : -6.059983
[setup in-reg] rst -> _27209_/D : -6.059983
[setup in-reg] rst -> _27210_/D : -6.059983
[setup in-reg] rst -> _27211_/D : -6.059983
[setup in-reg] rst -> _27212_/D : -6.059983
[setup in-reg] rst -> _27213_/D : -6.059983
[setup in-reg] rst -> _27214_/D : -6.059983
[setup in-reg] rst -> _27215_/D : -6.059983
[setup in-reg] rst -> _27216_/D : -6.059983
[setup in-reg] rst -> _27217_/D : -6.059983
[setup in-reg] rst -> _27218_/D : -6.059983
[setup in-reg] rst -> _27219_/D : -6.059983
[setup in-reg] rst -> _27220_/D : -6.059983
[setup in-reg] rst -> _27221_/D : -6.059983
[setup in-reg] rst -> _27222_/D : -6.059983
[setup in-reg] rst -> _27223_/D : -6.059983
[setup in-reg] rst -> _27224_/D : -6.059983
[setup in-reg] rst -> _27225_/D : -6.059983
[setup in-reg] rst -> _27226_/D : -6.059983
[setup in-reg] rst -> _27227_/D : -6.059983
[setup in-reg] rst -> _27228_/D : -6.059983
[setup in-reg] rst -> _27229_/D : -6.059983
[setup in-reg] rst -> _27230_/D : -6.059983
[setup in-reg] rst -> _27231_/D : -6.059983
[setup in-reg] rst -> _27232_/D : -6.059983
[setup in-reg] rst -> _27233_/D : -6.059983
[setup in-reg] rst -> _27234_/D : -6.059983
[setup in-reg] rst -> _27235_/D : -6.059983
[setup in-reg] rst -> _27236_/D : -6.059983
[setup in-reg] rst -> _27237_/D : -6.059983
[setup in-reg] rst -> _27238_/D : -6.059983
[setup in-reg] rst -> _27239_/D : -6.059983
[setup in-reg] rst -> _27240_/D : -6.059983
[setup in-reg] rst -> _27241_/D : -6.059983
[setup in-reg] rst -> _27242_/D : -6.059983
[setup in-reg] rst -> _27243_/D : -6.059983
[setup in-reg] rst -> _27244_/D : -6.059983
[setup in-reg] rst -> _27245_/D : -6.059983
[setup in-reg] rst -> _27246_/D : -6.059983
[setup in-reg] rst -> _27247_/D : -6.059983
[setup in-reg] rst -> _27248_/D : -6.059983
[setup in-reg] rst -> _27249_/D : -6.059983
[setup in-reg] rst -> _27250_/D : -6.059983
[setup in-reg] rst -> _27251_/D : -6.059983
[setup in-reg] rst -> _27252_/D : -6.059983
[setup in-reg] rst -> _27253_/D : -6.059983
[setup in-reg] rst -> _27254_/D : -6.059983
[setup in-reg] rst -> _27255_/D : -6.059983
[setup in-reg] rst -> _27256_/D : -6.059983
[setup in-reg] rst -> _27257_/D : -6.059983
[setup in-reg] rst -> _27258_/D : -6.059983
[setup in-reg] rst -> _27259_/D : -6.059983
[setup in-reg] rst -> _27260_/D : -6.059983
[setup in-reg] rst -> _27261_/D : -6.059983
[setup in-reg] rst -> _27262_/D : -6.059983
[setup in-reg] rst -> _27263_/D : -6.059983
[setup in-reg] rst -> _27264_/D : -6.059983
[setup in-reg] rst -> _27265_/D : -6.059983
[setup in-reg] rst -> _27266_/D : -6.059983
[setup in-reg] rst -> _27267_/D : -6.059983
[setup in-reg] rst -> _27268_/D : -6.059983
[setup in-reg] rst -> _27269_/D : -6.059983
[setup in-reg] rst -> _27270_/D : -6.059983
[setup in-reg] rst -> _27271_/D : -6.059983
[setup in-reg] rst -> _27272_/D : -6.059983
[setup in-reg] rst -> _27273_/D : -6.059983
[setup in-reg] rst -> _27274_/D : -6.059983
[setup in-reg] rst -> _27275_/D : -6.059983
[setup in-reg] rst -> _27276_/D : -6.059983
[setup in-reg] rst -> _27277_/D : -6.059983
[setup in-reg] rst -> _27278_/D : -6.059983
[setup in-reg] rst -> _27279_/D : -6.059983
[setup in-reg] rst -> _27280_/D : -6.059983
[setup in-reg] rst -> _27281_/D : -6.059983
[setup in-reg] rst -> _27282_/D : -6.059983
[setup in-reg] rst -> _27283_/D : -6.059983
[setup in-reg] rst -> _27284_/D : -6.059983
[setup in-reg] rst -> _27285_/D : -6.059983
[setup in-reg] rst -> _27286_/D : -6.059983
[setup in-reg] rst -> _27287_/D : -6.059983
[setup in-reg] rst -> _27288_/D : -6.059983
[setup in-reg] rst -> _27289_/D : -6.059983
[setup in-reg] rst -> _27290_/D : -6.059983
[setup in-reg] rst -> _27291_/D : -6.059983
[setup in-reg] rst -> _27292_/D : -6.059983
[setup in-reg] rst -> _27293_/D : -6.059983
[setup in-reg] rst -> _27294_/D : -6.059983
[setup in-reg] rst -> _27295_/D : -6.059983
[setup in-reg] rst -> _27296_/D : -6.059983
[setup in-reg] rst -> _27297_/D : -6.059983
[setup in-reg] rst -> _27298_/D : -6.059983
[setup in-reg] rst -> _27299_/D : -6.059983
[setup in-reg] rst -> _27300_/D : -6.059983
[setup in-reg] rst -> _27301_/D : -6.059983
[setup in-reg] rst -> _27302_/D : -6.059983
[setup in-reg] rst -> _27303_/D : -6.059983
[setup in-reg] rst -> _27304_/D : -6.059983
[setup in-reg] rst -> _27305_/D : -6.059983
[setup in-reg] rst -> _27306_/D : -6.059983
[setup in-reg] rst -> _27307_/D : -6.059983
[setup in-reg] rst -> _27308_/D : -6.059983
[setup in-reg] rst -> _27309_/D : -6.059983
[setup in-reg] rst -> _27310_/D : -6.059983
[setup in-reg] rst -> _27311_/D : -6.059983
[setup in-reg] rst -> _27312_/D : -6.059983
[setup in-reg] rst -> _27313_/D : -6.059983
[setup in-reg] rst -> _27314_/D : -6.059983
[setup in-reg] rst -> _27315_/D : -6.059983
[setup in-reg] rst -> _27316_/D : -6.059983
[setup in-reg] rst -> _27317_/D : -6.059983
[setup in-reg] rst -> _27318_/D : -6.059983
[setup in-reg] rst -> _27319_/D : -6.059983
[setup in-reg] rst -> _27320_/D : -6.059983
[setup in-reg] rst -> _27321_/D : -6.059983
[setup in-reg] rst -> _27322_/D : -6.059983
[setup in-reg] rst -> _27323_/D : -6.059983
[setup in-reg] rst -> _27324_/D : -6.059983
[setup in-reg] rst -> _27325_/D : -6.059983
[setup in-reg] rst -> _27326_/D : -6.059983
[setup in-reg] rst -> _27327_/D : -6.059983
[setup in-reg] rst -> _27328_/D : -6.059983
[setup in-reg] rst -> _27329_/D : -6.059983
[setup in-reg] rst -> _27330_/D : -6.059983
[setup in-reg] rst -> _27331_/D : -6.059983
[setup in-reg] rst -> _27332_/D : -6.059983
[setup in-reg] rst -> _27333_/D : -6.059983
[setup in-reg] rst -> _27334_/D : -6.059983
[setup in-reg] rst -> _27335_/D : -6.059983
[setup in-reg] rst -> _27336_/D : -6.059983
[setup in-reg] rst -> _27337_/D : -6.059983
[setup in-reg] rst -> _27338_/D : -6.059983
[setup in-reg] rst -> _27339_/D : -6.059983
[setup in-reg] rst -> _27340_/D : -6.059983
[setup in-reg] rst -> _27341_/D : -6.059983
[setup in-reg] rst -> _27342_/D : -6.059983
[setup in-reg] rst -> _27343_/D : -6.059983
[setup in-reg] rst -> _27344_/D : -6.059983
[setup in-reg] rst -> _27345_/D : -6.059983
[setup in-reg] rst -> _27346_/D : -6.059983
[setup in-reg] rst -> _27347_/D : -6.059983
[setup in-reg] rst -> _27348_/D : -6.059983
[setup in-reg] rst -> _27349_/D : -6.059983
[setup in-reg] rst -> _27350_/D : -6.059983
[setup in-reg] rst -> _27351_/D : -6.059983
[setup in-reg] rst -> _27352_/D : -6.059983
[setup in-reg] rst -> _27353_/D : -6.059983
[setup in-reg] rst -> _27354_/D : -6.059983
[setup in-reg] rst -> _27355_/D : -6.059983
[setup in-reg] rst -> _27356_/D : -6.059983
[setup in-reg] rst -> _27357_/D : -6.059983
[setup in-reg] rst -> _27358_/D : -6.059983
[setup in-reg] rst -> _27359_/D : -6.059983
[setup in-reg] rst -> _27360_/D : -6.059983
[setup in-reg] rst -> _27361_/D : -6.059983
[setup in-reg] rst -> _27362_/D : -6.059983
[setup in-reg] rst -> _27363_/D : -6.059983
[setup in-reg] rst -> _27364_/D : -6.059983
[setup in-reg] rst -> _27365_/D : -6.059983
[setup in-reg] rst -> _27366_/D : -6.059983
[setup in-reg] rst -> _27367_/D : -6.059983
[setup in-reg] rst -> _27368_/D : -6.059983
[setup in-reg] rst -> _27369_/D : -6.059983
[setup in-reg] rst -> _27370_/D : -6.059983
[setup in-reg] rst -> _27371_/D : -6.059983
[setup in-reg] rst -> _27372_/D : -6.059983
[setup in-reg] rst -> _27373_/D : -6.059983
[setup in-reg] rst -> _27374_/D : -6.059983
[setup in-reg] rst -> _27375_/D : -6.059983
[setup in-reg] rst -> _27376_/D : -6.059983
[setup in-reg] rst -> _27377_/D : -6.059983
[setup in-reg] rst -> _27378_/D : -6.059983
[setup in-reg] rst -> _27379_/D : -6.059983
[setup in-reg] rst -> _27380_/D : -6.059983
[setup in-reg] rst -> _27381_/D : -6.059983
[setup in-reg] rst -> _27382_/D : -6.059983
[setup in-reg] rst -> _27383_/D : -6.059983
[setup in-reg] rst -> _27384_/D : -6.059983
[setup in-reg] rst -> _27385_/D : -6.059983
[setup in-reg] rst -> _27386_/D : -6.059983
[setup in-reg] rst -> _27387_/D : -6.059983
[setup in-reg] rst -> _27388_/D : -6.059983
[setup in-reg] rst -> _27389_/D : -6.059983
[setup in-reg] rst -> _27390_/D : -6.059983
[setup in-reg] rst -> _27391_/D : -6.059983
[setup in-reg] rst -> _27392_/D : -6.059983
[setup in-reg] rst -> _27393_/D : -6.059983
[setup in-reg] rst -> _27394_/D : -6.059983
[setup in-reg] rst -> _27395_/D : -6.059983
[setup in-reg] rst -> _27396_/D : -6.059983
[setup in-reg] rst -> _27397_/D : -6.059983
[setup in-reg] rst -> _27398_/D : -6.059983
[setup in-reg] rst -> _27399_/D : -6.059983
[setup in-reg] rst -> _27400_/D : -6.059983
[setup in-reg] rst -> _27401_/D : -6.059983
[setup in-reg] rst -> _27402_/D : -6.059983
[setup in-reg] rst -> _27403_/D : -6.059983
[setup in-reg] rst -> _27404_/D : -6.059983
[setup in-reg] rst -> _27405_/D : -6.059983
[setup in-reg] rst -> _27406_/D : -6.059983
[setup in-reg] rst -> _27407_/D : -6.059983
[setup in-reg] rst -> _27408_/D : -6.059983
[setup in-reg] rst -> _27409_/D : -6.059983
[setup in-reg] rst -> _27410_/D : -6.059983
[setup in-reg] rst -> _27411_/D : -6.059983
[setup in-reg] rst -> _27412_/D : -6.059983
[setup in-reg] rst -> _27413_/D : -6.059983
[setup in-reg] rst -> _27414_/D : -6.059983
[setup in-reg] rst -> _27415_/D : -6.059983
[setup in-reg] rst -> _27416_/D : -6.059983
[setup in-reg] rst -> _27417_/D : -6.059983
[setup in-reg] rst -> _27418_/D : -6.059983
[setup in-reg] rst -> _27419_/D : -6.059983
[setup in-reg] rst -> _27420_/D : -6.059983
[setup in-reg] rst -> _27421_/D : -6.059983
[setup in-reg] rst -> _27422_/D : -6.059983
[setup in-reg] rst -> _27423_/D : -6.059983
[setup in-reg] rst -> _27424_/D : -6.059983
[setup in-reg] rst -> _27425_/D : -6.059983
[setup in-reg] rst -> _27426_/D : -6.059983
[setup in-reg] rst -> _27427_/D : -6.059983
[setup in-reg] rst -> _27428_/D : -6.059983
[setup in-reg] rst -> _27429_/D : -6.059983
[setup in-reg] rst -> _27430_/D : -6.059983
[setup in-reg] rst -> _27431_/D : -6.059983
[setup in-reg] rst -> _27432_/D : -6.059983
[setup in-reg] rst -> _27433_/D : -6.059983
[setup in-reg] rst -> _27434_/D : -6.059983
[setup in-reg] rst -> _27435_/D : -6.059983
[setup in-reg] rst -> _27436_/D : -6.059983
[setup in-reg] rst -> _27437_/D : -6.059983
[setup in-reg] rst -> _27438_/D : -6.059983
[setup in-reg] rst -> _27439_/D : -6.059983
[setup in-reg] rst -> _27440_/D : -6.059983
[setup in-reg] rst -> _27441_/D : -6.059983
[setup in-reg] rst -> _27442_/D : -6.059983
[setup in-reg] rst -> _27443_/D : -6.059983
[setup in-reg] rst -> _27444_/D : -6.059983
[setup in-reg] rst -> _27445_/D : -6.059983
[setup in-reg] rst -> _27446_/D : -6.059983
[setup in-reg] rst -> _27447_/D : -6.059983
[setup in-reg] rst -> _27448_/D : -6.059983
[setup in-reg] rst -> _27449_/D : -6.059983
[setup in-reg] rst -> _27450_/D : -6.059983
[setup in-reg] rst -> _27451_/D : -6.059983
[setup in-reg] rst -> _27452_/D : -6.059983
[setup in-reg] rst -> _27453_/D : -6.059983
[setup in-reg] rst -> _27454_/D : -6.059983
[setup in-reg] rst -> _27455_/D : -6.059983
[setup in-reg] rst -> _27456_/D : -6.059983
[setup in-reg] rst -> _27457_/D : -6.059983
[setup in-reg] rst -> _27458_/D : -6.059983
[setup in-reg] rst -> _27459_/D : -6.059983
[setup in-reg] rst -> _27460_/D : -6.059983
[setup in-reg] rst -> _27461_/D : -6.059983
[setup in-reg] rst -> _27462_/D : -6.059983
[setup in-reg] rst -> _27463_/D : -6.059983
[setup in-reg] rst -> _27464_/D : -6.059983
[setup in-reg] rst -> _27465_/D : -6.059983
[setup in-reg] rst -> _27466_/D : -6.059983
[setup in-reg] rst -> _27467_/D : -6.059983
[setup in-reg] rst -> _27468_/D : -6.059983
[setup in-reg] rst -> _27469_/D : -6.059983
[setup in-reg] rst -> _27470_/D : -6.059983
[setup in-reg] rst -> _27471_/D : -6.059983
[setup in-reg] rst -> _27472_/D : -6.059983
[setup in-reg] rst -> _27473_/D : -6.059983
[setup in-reg] rst -> _27474_/D : -6.059983
[setup in-reg] rst -> _27475_/D : -6.059983
[setup in-reg] rst -> _27476_/D : -6.059983
[setup in-reg] rst -> _27477_/D : -6.059983
[setup in-reg] rst -> _27478_/D : -6.059983
[setup in-reg] rst -> _27479_/D : -6.059983
[setup in-reg] rst -> _27480_/D : -6.059983
[setup in-reg] rst -> _27481_/D : -6.059983
[setup in-reg] rst -> _27482_/D : -6.059983
[setup in-reg] rst -> _27483_/D : -6.059983
[setup in-reg] rst -> _27484_/D : -6.059983
[setup in-reg] rst -> _27485_/D : -6.059983
[setup in-reg] rst -> _27486_/D : -6.059983
[setup in-reg] rst -> _27487_/D : -6.059983
[setup in-reg] rst -> _27488_/D : -6.059983
[setup in-reg] rst -> _27489_/D : -6.059983
[setup in-reg] rst -> _27490_/D : -6.059983
[setup in-reg] rst -> _27491_/D : -6.059983
[setup in-reg] rst -> _27492_/D : -6.059983
[setup in-reg] rst -> _27493_/D : -6.059983
[setup in-reg] rst -> _27494_/D : -6.059983
[setup in-reg] rst -> _27495_/D : -6.059983
[setup in-reg] rst -> _27496_/D : -6.059983
[setup in-reg] rst -> _27497_/D : -6.059983
[setup in-reg] rst -> _27498_/D : -6.059983
[setup in-reg] rst -> _27499_/D : -6.059983
[setup in-reg] rst -> _27500_/D : -6.059983
[setup in-reg] rst -> _27501_/D : -6.059983
[setup in-reg] rst -> _27502_/D : -6.059983
[setup in-reg] rst -> _27503_/D : -6.059983
[setup in-reg] rst -> _27504_/D : -6.059983
[setup in-reg] rst -> _27505_/D : -6.059983
[setup in-reg] rst -> _27506_/D : -6.059983
[setup in-reg] rst -> _27507_/D : -6.059983
[setup in-reg] rst -> _27508_/D : -6.059983
[setup in-reg] rst -> _27509_/D : -6.059983
[setup in-reg] rst -> _27510_/D : -6.059983
[setup in-reg] rst -> _27511_/D : -6.059983
[setup in-reg] rst -> _27512_/D : -6.059983
[setup in-reg] rst -> _27513_/D : -6.059983
[setup in-reg] rst -> _27514_/D : -6.059983
[setup in-reg] rst -> _27515_/D : -6.059983
[setup in-reg] rst -> _27516_/D : -6.059983
[setup in-reg] rst -> _27517_/D : -6.059983
[setup in-reg] rst -> _27518_/D : -6.059983
[setup in-reg] rst -> _27519_/D : -6.059983
[setup in-reg] rst -> _27520_/D : -6.059983
[setup in-reg] rst -> _27521_/D : -6.059983
[setup in-reg] rst -> _27522_/D : -6.059983
[setup in-reg] rst -> _27523_/D : -6.059983
[setup in-reg] rst -> _27524_/D : -6.059983
[setup in-reg] rst -> _27525_/D : -6.059983
[setup in-reg] rst -> _27526_/D : -6.059983
[setup in-reg] rst -> _27527_/D : -6.059983
[setup in-reg] rst -> _27528_/D : -6.059983
[setup in-reg] rst -> _27529_/D : -6.059983
[setup in-reg] rst -> _27530_/D : -6.059983
[setup in-reg] rst -> _27531_/D : -6.059983
[setup in-reg] rst -> _27532_/D : -6.059983
[setup in-reg] rst -> _27533_/D : -6.059983
[setup in-reg] rst -> _27534_/D : -6.059983
[setup in-reg] rst -> _27535_/D : -6.059983
[setup in-reg] rst -> _27536_/D : -6.059983
[setup in-reg] rst -> _27537_/D : -6.059983
[setup in-reg] rst -> _27538_/D : -6.059983
[setup in-reg] rst -> _27539_/D : -6.059983
[setup in-reg] rst -> _27540_/D : -6.059983
[setup in-reg] rst -> _27541_/D : -6.059983
