Clock: clk
Sources: clk 
Generated: no
Virtual: yes
Propagated: no
Period: 20.000000

===========================================================================
report_clock_properties
============================================================================
Clock                   Period          Waveform
----------------------------------------------------
clk                  20.000000    0.000000 10.000000

===========================================================================
report_clock_latency
============================================================================
Clock clk
rise -> rise
    min     max
0.000000 0.000000 source latency
3.892956         network latency _25435_/CLK
        4.687436 network latency _25970_/CLK
---------------
3.892956 4.687436 latency
        0.794480 skew

fall -> fall
    min     max
0.000000 0.000000 source latency
3.997448         network latency _25435_/CLK
        4.907286 network latency _25970_/CLK
---------------
3.997448 4.907286 latency
        0.909838 skew



===========================================================================
report_clock_min_period
============================================================================
clk period_min = 28.58 fmax = 34.99
