Reading technology LEF file at '/foss/pdks/gf180mcuD/libs.ref/gf180mcu_fd_sc_mcu7t5v0/techlef/gf180mcu_fd_sc_mcu7t5v0__nom.tlef'…
[INFO ODB-0388] unsupported LEF58_EOLENCLOSURE property for layer Via1 :"
  	EOLENCLOSURE 0.34 0.06 ;"
[INFO ODB-0388] unsupported LEF58_EOLENCLOSURE property for layer Via2 :" EOLENCLOSURE 0.34 0.06 ; "
[INFO ODB-0388] unsupported LEF58_EOLENCLOSURE property for layer Via3 :" EOLENCLOSURE 0.34 0.06 ; "
[INFO ODB-0388] unsupported LEF58_EOLENCLOSURE property for layer Via4 :" EOLENCLOSURE 0.34 0.06 ; "
[INFO ODB-0227] LEF file: /foss/pdks/gf180mcuD/libs.ref/gf180mcu_fd_sc_mcu7t5v0/techlef/gf180mcu_fd_sc_mcu7t5v0__nom.tlef, created 15 layers, 56 vias
Reading cell LEF file at '/foss/pdks/gf180mcuD/libs.ref/gf180mcu_fd_sc_mcu7t5v0/lef/gf180mcu_fd_sc_mcu7t5v0.lef'…
[WARNING ODB-0220] WARNING (LEFPARS-2008): NOWIREEXTENSIONATPIN statement is obsolete in version 5.6 or later.
The NOWIREEXTENSIONATPIN statement will be ignored. See file /foss/pdks/gf180mcuD/libs.ref/gf180mcu_fd_sc_mcu7t5v0/lef/gf180mcu_fd_sc_mcu7t5v0.lef at line 2.

[INFO ODB-0227] LEF file: /foss/pdks/gf180mcuD/libs.ref/gf180mcu_fd_sc_mcu7t5v0/lef/gf180mcu_fd_sc_mcu7t5v0.lef, created 229 library cells
[INFO ODB-0127] Reading DEF file: /foss/designs/ascon/runs/RUN_2026-09-05_03-04-29/52-odb-cellfrequencytables/ascon_top.def
[INFO ODB-0128] Design: ascon_top
[INFO ODB-0130]     Created 27 pins.
[INFO ODB-0131]     Created 58488 components and 279855 component-terminals.
[INFO ODB-0132]     Created 2 special nets and 217610 connections.
[INFO ODB-0133]     Created 17908 nets and 61637 connections.
[INFO ODB-0134] Finished DEF file: /foss/designs/ascon/runs/RUN_2026-09-05_03-04-29/52-odb-cellfrequencytables/ascon_top.def
Using RCX ruleset '/foss/pdks/gf180mcuD/libs.tech/openlane/rules.openrcx.gf180mcuD.nom'…
[INFO RCX-0431] Defined process_corner CURRENT_CORNER with ext_model_index 0
[INFO RCX-0029] Defined extraction corner CURRENT_CORNER
[INFO RCX-0435] Reading extraction model file /foss/pdks/gf180mcuD/libs.tech/openlane/rules.openrcx.gf180mcuD.nom ...
[INFO RCX-0436] RC segment generation ascon_top (max_merge_res 50.0) ...
[INFO RCX-0040] Final 74490 rc segments
[INFO RCX-0439] Coupling Cap extraction ascon_top ...
[INFO RCX-0440] Coupling threshhold is 0.1000 fF, coupling capacitance less than 0.1000 fF will be grounded.
[INFO RCX-0442] 46% of 147108 wires extracted
[INFO RCX-0442] 100% of 147108 wires extracted
[INFO RCX-0045] Extract 17908 nets, 92397 rsegs, 92397 caps, 232924 ccs
Setting global connections for newly added cells…
[INFO] Setting global connections...
Updating metrics…
Cell type report:                       Count       Area
  Endcap cell                             550    2414.72
  Fill cell                             31793  590489.04
  Tap cell                               7621   33459.24
  Antenna cell                             14      61.47
  Tie cell                                 18     158.05
  Standard cell                         18492  555422.92
  Total                                 58488 1182005.44
Writing extracted parasitics to '/foss/designs/ascon/runs/RUN_2026-09-05_03-04-29/53-openroad-rcx/nom/ascon_top.nom.spef'…
[INFO RCX-0443] 17908 nets finished
