[INFO PSM-0040] All shapes on net VDD are connected.
########## IR report #################
Net              : VDD
Corner           : nom_tt_025C_5v00
Supply voltage   : 5.00e+00 V
Worstcase voltage: 5.00e+00 V
Average voltage  : 5.00e+00 V
Average IR drop  : 1.33e-04 V
Worstcase IR drop: 7.66e-04 V
Percentage drop  : 0.02 %
######################################
[INFO PSM-0040] All shapes on net VSS are connected.
########## IR report #################
Net              : VSS
Corner           : nom_tt_025C_5v00
Supply voltage   : 0.00e+00 V
Worstcase voltage: 4.19e-04 V
Average voltage  : 1.27e-04 V
Average IR drop  : 1.27e-04 V
Worstcase IR drop: 4.19e-04 V
Percentage drop  : 0.01 %
######################################
