Using 12 threads…
Using a tile size of (500 µm)²…
Reading /foss/designs/ascon/runs/RUN_2026-09-05_03-04-29/56-magic-streamout/ascon_top.magic.gds ..
Reading /foss/designs/ascon/runs/RUN_2026-09-05_03-04-29/57-klayout-streamout/ascon_top.klayout.gds ..
--- Running XOR for layer 0/0 ---
"input" in: xor.drc:109
    Polygons (raw): 58489 (flat)  133 (hierarchical)
    Elapsed: 0.030s  Memory: 499.00M
"input" in: xor.drc:109
    Polygons (raw): 58489 (flat)  133 (hierarchical)
    Elapsed: 0.000s  Memory: 499.00M
"^" in: xor.drc:109
    Polygons (raw): 0 (flat)  0 (hierarchical)
    Elapsed: 0.750s  Memory: 541.00M
XOR differences: 0
"output" in: xor.drc:86
    Polygons (raw): 0 (flat)  0 (hierarchical)
    Elapsed: 0.000s  Memory: 541.00M
--- Running XOR for layer 112/1 ---
"input" in: xor.drc:109
    Polygons (raw): 58488 (flat)  132 (hierarchical)
    Elapsed: 0.000s  Memory: 541.00M
"input" in: xor.drc:109
    Polygons (raw): 58488 (flat)  132 (hierarchical)
    Elapsed: 0.000s  Memory: 541.00M
"^" in: xor.drc:109
    Polygons (raw): 0 (flat)  0 (hierarchical)
    Elapsed: 0.780s  Memory: 557.00M
XOR differences: 0
"output" in: xor.drc:86
    Polygons (raw): 0 (flat)  0 (hierarchical)
    Elapsed: 0.000s  Memory: 557.00M
--- Running XOR for layer 115/5 ---
"input" in: xor.drc:109
    Polygons (raw): 14 (flat)  1 (hierarchical)
    Elapsed: 0.000s  Memory: 557.00M
"input" in: xor.drc:109
    Polygons (raw): 14 (flat)  1 (hierarchical)
    Elapsed: 0.000s  Memory: 557.00M
"^" in: xor.drc:109
    Polygons (raw): 0 (flat)  0 (hierarchical)
    Elapsed: 0.080s  Memory: 557.00M
XOR differences: 0
"output" in: xor.drc:86
    Polygons (raw): 0 (flat)  0 (hierarchical)
    Elapsed: 0.000s  Memory: 557.00M
--- Running XOR for layer 204/0 ---
"input" in: xor.drc:109
    Polygons (raw): 58488 (flat)  132 (hierarchical)
    Elapsed: 0.000s  Memory: 557.00M
"input" in: xor.drc:109
    Polygons (raw): 58488 (flat)  132 (hierarchical)
    Elapsed: 0.000s  Memory: 557.00M
"^" in: xor.drc:109
    Polygons (raw): 0 (flat)  0 (hierarchical)
    Elapsed: 1.240s  Memory: 574.00M
XOR differences: 0
"output" in: xor.drc:86
    Polygons (raw): 0 (flat)  0 (hierarchical)
    Elapsed: 0.010s  Memory: 574.00M
--- Running XOR for layer 204/10 ---
"input" in: xor.drc:109
    Polygons (raw): 0 (flat)  0 (hierarchical)
    Elapsed: 0.000s  Memory: 574.00M
"input" in: xor.drc:109
    Polygons (raw): 0 (flat)  0 (hierarchical)
    Elapsed: 0.000s  Memory: 574.00M
"^" in: xor.drc:109
    Polygons (raw): 0 (flat)  0 (hierarchical)
    Elapsed: 0.480s  Memory: 574.00M
XOR differences: 0
"output" in: xor.drc:86
    Polygons (raw): 0 (flat)  0 (hierarchical)
    Elapsed: 0.000s  Memory: 574.00M
--- Running XOR for layer 21/0 ---
"input" in: xor.drc:109
    Polygons (raw): 58488 (flat)  132 (hierarchical)
    Elapsed: 0.000s  Memory: 574.00M
"input" in: xor.drc:109
    Polygons (raw): 58488 (flat)  132 (hierarchical)
    Elapsed: 0.000s  Memory: 574.00M
"^" in: xor.drc:109
    Polygons (raw): 0 (flat)  0 (hierarchical)
    Elapsed: 0.960s  Memory: 590.00M
XOR differences: 0
"output" in: xor.drc:86
    Polygons (raw): 0 (flat)  0 (hierarchical)
    Elapsed: 0.000s  Memory: 590.00M
--- Running XOR for layer 21/10 ---
"input" in: xor.drc:109
    Polygons (raw): 0 (flat)  0 (hierarchical)
    Elapsed: 0.000s  Memory: 590.00M
"input" in: xor.drc:109
    Polygons (raw): 0 (flat)  0 (hierarchical)
    Elapsed: 0.000s  Memory: 590.00M
"^" in: xor.drc:109
    Polygons (raw): 0 (flat)  0 (hierarchical)
    Elapsed: 0.230s  Memory: 590.00M
XOR differences: 0
"output" in: xor.drc:86
    Polygons (raw): 0 (flat)  0 (hierarchical)
    Elapsed: 0.000s  Memory: 590.00M
--- Running XOR for layer 22/0 ---
"input" in: xor.drc:109
    Polygons (raw): 192143 (flat)  391 (hierarchical)
    Elapsed: 0.000s  Memory: 590.00M
"input" in: xor.drc:109
    Polygons (raw): 192143 (flat)  391 (hierarchical)
    Elapsed: 0.000s  Memory: 590.00M
"^" in: xor.drc:109
    Polygons (raw): 0 (flat)  0 (hierarchical)
    Elapsed: 1.540s  Memory: 592.00M
XOR differences: 0
"output" in: xor.drc:86
    Polygons (raw): 0 (flat)  0 (hierarchical)
    Elapsed: 0.010s  Memory: 592.00M
--- Running XOR for layer 30/0 ---
"input" in: xor.drc:109
    Polygons (raw): 209582 (flat)  699 (hierarchical)
    Elapsed: 0.000s  Memory: 592.00M
"input" in: xor.drc:109
    Polygons (raw): 209582 (flat)  699 (hierarchical)
    Elapsed: 0.000s  Memory: 592.00M
"^" in: xor.drc:109
    Polygons (raw): 0 (flat)  0 (hierarchical)
    Elapsed: 1.960s  Memory: 592.00M
XOR differences: 0
"output" in: xor.drc:86
    Polygons (raw): 0 (flat)  0 (hierarchical)
    Elapsed: 0.000s  Memory: 592.00M
--- Running XOR for layer 31/0 ---
"input" in: xor.drc:109
    Polygons (raw): 66659 (flat)  134 (hierarchical)
    Elapsed: 0.000s  Memory: 592.00M
"input" in: xor.drc:109
    Polygons (raw): 66659 (flat)  134 (hierarchical)
    Elapsed: 0.000s  Memory: 592.00M
"^" in: xor.drc:109
    Polygons (raw): 0 (flat)  0 (hierarchical)
    Elapsed: 0.930s  Memory: 602.00M
XOR differences: 0
"output" in: xor.drc:86
    Polygons (raw): 0 (flat)  0 (hierarchical)
    Elapsed: 0.010s  Memory: 602.00M
--- Running XOR for layer 32/0 ---
"input" in: xor.drc:109
    Polygons (raw): 58488 (flat)  132 (hierarchical)
    Elapsed: 0.000s  Memory: 602.00M
"input" in: xor.drc:109
    Polygons (raw): 58488 (flat)  132 (hierarchical)
    Elapsed: 0.010s  Memory: 602.00M
"^" in: xor.drc:109
    Polygons (raw): 0 (flat)  0 (hierarchical)
    Elapsed: 0.920s  Memory: 623.00M
XOR differences: 0
"output" in: xor.drc:86
    Polygons (raw): 0 (flat)  0 (hierarchical)
    Elapsed: 0.000s  Memory: 623.00M
--- Running XOR for layer 33/0 ---
"input" in: xor.drc:109
    Polygons (raw): 1050729 (flat)  3989 (hierarchical)
    Elapsed: 0.000s  Memory: 623.00M
"input" in: xor.drc:109
    Polygons (raw): 1050729 (flat)  3989 (hierarchical)
    Elapsed: 0.000s  Memory: 623.00M
"^" in: xor.drc:109
    Polygons (raw): 0 (flat)  0 (hierarchical)
    Elapsed: 5.950s  Memory: 629.00M
XOR differences: 0
"output" in: xor.drc:86
    Polygons (raw): 0 (flat)  0 (hierarchical)
    Elapsed: 0.010s  Memory: 629.00M
--- Running XOR for layer 34/0 ---
"input" in: xor.drc:109
    Polygons (raw): 399728 (flat)  62917 (hierarchical)
    Elapsed: 0.000s  Memory: 629.00M
"input" in: xor.drc:109
    Polygons (raw): 401936 (flat)  1284 (hierarchical)
    Elapsed: 0.000s  Memory: 629.00M
"^" in: xor.drc:109
    Polygons (raw): 0 (flat)  0 (hierarchical)
    Elapsed: 5.870s  Memory: 879.00M
XOR differences: 0
"output" in: xor.drc:86
    Polygons (raw): 0 (flat)  0 (hierarchical)
    Elapsed: 0.010s  Memory: 879.00M
--- Running XOR for layer 34/10 ---
"input" in: xor.drc:109
    Polygons (raw): 0 (flat)  0 (hierarchical)
    Elapsed: 0.000s  Memory: 879.00M
"input" in: xor.drc:109
    Polygons (raw): 0 (flat)  0 (hierarchical)
    Elapsed: 0.000s  Memory: 879.00M
"^" in: xor.drc:109
    Polygons (raw): 0 (flat)  0 (hierarchical)
    Elapsed: 0.230s  Memory: 879.00M
XOR differences: 0
"output" in: xor.drc:86
    Polygons (raw): 0 (flat)  0 (hierarchical)
    Elapsed: 0.000s  Memory: 879.00M
--- Running XOR for layer 35/0 ---
"input" in: xor.drc:109
    Polygons (raw): 68260 (flat)  68260 (hierarchical)
    Elapsed: 0.000s  Memory: 879.00M
"input" in: xor.drc:109
    Polygons (raw): 68260 (flat)  5 (hierarchical)
    Elapsed: 0.000s  Memory: 879.00M
"^" in: xor.drc:109
    Polygons (raw): 0 (flat)  0 (hierarchical)
    Elapsed: 0.440s  Memory: 879.00M
XOR differences: 0
"output" in: xor.drc:86
    Polygons (raw): 0 (flat)  0 (hierarchical)
    Elapsed: 0.010s  Memory: 879.00M
--- Running XOR for layer 36/0 ---
"input" in: xor.drc:109
    Polygons (raw): 116463 (flat)  116463 (hierarchical)
    Elapsed: 0.000s  Memory: 879.00M
"input" in: xor.drc:109
    Polygons (raw): 238873 (flat)  106677 (hierarchical)
    Elapsed: 0.000s  Memory: 879.00M
"^" in: xor.drc:109
    Polygons (raw): 0 (flat)  0 (hierarchical)
    Elapsed: 2.250s  Memory: 898.00M
XOR differences: 0
"output" in: xor.drc:86
    Polygons (raw): 0 (flat)  0 (hierarchical)
    Elapsed: 0.000s  Memory: 898.00M
--- Running XOR for layer 36/10 ---
"input" in: xor.drc:109
    Polygons (raw): 25 (flat)  25 (hierarchical)
    Elapsed: 0.000s  Memory: 898.00M
"input" in: xor.drc:109
    Polygons (raw): 25 (flat)  25 (hierarchical)
    Elapsed: 0.000s  Memory: 898.00M
"^" in: xor.drc:109
    Polygons (raw): 0 (flat)  0 (hierarchical)
    Elapsed: 0.030s  Memory: 898.00M
XOR differences: 0
"output" in: xor.drc:86
    Polygons (raw): 0 (flat)  0 (hierarchical)
    Elapsed: 0.000s  Memory: 898.00M
--- Running XOR for layer 38/0 ---
"input" in: xor.drc:109
    Polygons (raw): 72773 (flat)  72773 (hierarchical)
    Elapsed: 0.000s  Memory: 898.00M
"input" in: xor.drc:109
    Polygons (raw): 72773 (flat)  4 (hierarchical)
    Elapsed: 0.000s  Memory: 898.00M
"^" in: xor.drc:109
    Polygons (raw): 0 (flat)  0 (hierarchical)
    Elapsed: 0.420s  Memory: 898.00M
XOR differences: 0
"output" in: xor.drc:86
    Polygons (raw): 0 (flat)  0 (hierarchical)
    Elapsed: 0.000s  Memory: 898.00M
--- Running XOR for layer 40/0 ---
"input" in: xor.drc:109
    Polygons (raw): 16279 (flat)  16279 (hierarchical)
    Elapsed: 0.000s  Memory: 898.00M
"input" in: xor.drc:109
    Polygons (raw): 16279 (flat)  4 (hierarchical)
    Elapsed: 0.000s  Memory: 898.00M
"^" in: xor.drc:109
    Polygons (raw): 0 (flat)  0 (hierarchical)
    Elapsed: 0.200s  Memory: 898.00M
XOR differences: 0
"output" in: xor.drc:86
    Polygons (raw): 0 (flat)  0 (hierarchical)
    Elapsed: 0.000s  Memory: 898.00M
--- Running XOR for layer 41/0 ---
"input" in: xor.drc:109
    Polygons (raw): 2033 (flat)  2033 (hierarchical)
    Elapsed: 0.000s  Memory: 898.00M
"input" in: xor.drc:109
    Polygons (raw): 2033 (flat)  1 (hierarchical)
    Elapsed: 0.000s  Memory: 898.00M
"^" in: xor.drc:109
    Polygons (raw): 0 (flat)  0 (hierarchical)
    Elapsed: 0.100s  Memory: 898.00M
XOR differences: 0
"output" in: xor.drc:86
    Polygons (raw): 0 (flat)  0 (hierarchical)
    Elapsed: 0.000s  Memory: 898.00M
--- Running XOR for layer 42/0 ---
"input" in: xor.drc:109
    Polygons (raw): 45857 (flat)  45857 (hierarchical)
    Elapsed: 0.000s  Memory: 898.00M
"input" in: xor.drc:109
    Polygons (raw): 133111 (flat)  52895 (hierarchical)
    Elapsed: 0.000s  Memory: 898.00M
"^" in: xor.drc:109
    Polygons (raw): 0 (flat)  0 (hierarchical)
    Elapsed: 0.730s  Memory: 898.00M
XOR differences: 0
"output" in: xor.drc:86
    Polygons (raw): 0 (flat)  0 (hierarchical)
    Elapsed: 0.000s  Memory: 898.00M
--- Running XOR for layer 46/0 ---
"input" in: xor.drc:109
    Polygons (raw): 5956 (flat)  5956 (hierarchical)
    Elapsed: 0.000s  Memory: 898.00M
"input" in: xor.drc:109
    Polygons (raw): 20898 (flat)  7005 (hierarchical)
    Elapsed: 0.000s  Memory: 898.00M
"^" in: xor.drc:109
    Polygons (raw): 0 (flat)  0 (hierarchical)
    Elapsed: 0.300s  Memory: 898.00M
XOR differences: 0
"output" in: xor.drc:86
    Polygons (raw): 0 (flat)  0 (hierarchical)
    Elapsed: 0.010s  Memory: 898.00M
--- Running XOR for layer 46/10 ---
"input" in: xor.drc:109
    Polygons (raw): 16 (flat)  16 (hierarchical)
    Elapsed: 0.000s  Memory: 898.00M
"input" in: xor.drc:109
    Polygons (raw): 16 (flat)  16 (hierarchical)
    Elapsed: 0.000s  Memory: 898.00M
"^" in: xor.drc:109
    Polygons (raw): 0 (flat)  0 (hierarchical)
    Elapsed: 0.090s  Memory: 898.00M
XOR differences: 0
"output" in: xor.drc:86
    Polygons (raw): 0 (flat)  0 (hierarchical)
    Elapsed: 0.000s  Memory: 898.00M
--- Running XOR for layer 55/0 ---
"input" in: xor.drc:109
    Polygons (raw): 58488 (flat)  132 (hierarchical)
    Elapsed: 0.000s  Memory: 898.00M
"input" in: xor.drc:109
    Polygons (raw): 58488 (flat)  132 (hierarchical)
    Elapsed: 0.000s  Memory: 898.00M
"^" in: xor.drc:109
    Polygons (raw): 0 (flat)  0 (hierarchical)
    Elapsed: 0.870s  Memory: 898.00M
XOR differences: 0
"output" in: xor.drc:86
    Polygons (raw): 0 (flat)  0 (hierarchical)
    Elapsed: 0.000s  Memory: 898.00M
--- Running XOR for layer 63/63 ---
"input" in: xor.drc:109
    Polygons (raw): 0 (flat)  0 (hierarchical)
    Elapsed: 0.000s  Memory: 898.00M
"input" in: xor.drc:109
    Polygons (raw): 0 (flat)  0 (hierarchical)
    Elapsed: 0.010s  Memory: 898.00M
"^" in: xor.drc:109
    Polygons (raw): 0 (flat)  0 (hierarchical)
    Elapsed: 0.310s  Memory: 898.00M
XOR differences: 0
"output" in: xor.drc:86
    Polygons (raw): 0 (flat)  0 (hierarchical)
    Elapsed: 0.000s  Memory: 898.00M
--- Running XOR for layer 81/0 ---
"input" in: xor.drc:109
    Polygons (raw): 1004 (flat)  1004 (hierarchical)
    Elapsed: 0.000s  Memory: 898.00M
"input" in: xor.drc:109
    Polygons (raw): 3222 (flat)  1190 (hierarchical)
    Elapsed: 0.000s  Memory: 898.00M
"^" in: xor.drc:109
    Polygons (raw): 0 (flat)  0 (hierarchical)
    Elapsed: 0.110s  Memory: 898.00M
XOR differences: 0
"output" in: xor.drc:86
    Polygons (raw): 0 (flat)  0 (hierarchical)
    Elapsed: 0.000s  Memory: 898.00M
---
Total XOR differences: 0
Writing report database: /foss/designs/ascon/runs/RUN_2026-09-05_03-04-29/60-klayout-xor/xor.xml ..
Total elapsed: 28.720s  Memory: 898.00M
/foss/designs/ascon/runs/RUN_2026-09-05_03-04-29/56-magic-streamout/ascon_top.magic.gds
/foss/designs/ascon/runs/RUN_2026-09-05_03-04-29/57-klayout-streamout/ascon_top.klayout.gds
%OL_METRIC_I design__xor_difference__count 0
