Clock: clk
Sources: clk 
Generated: no
Virtual: yes
Propagated: no
Period: 20.000000

===========================================================================
report_clock_properties
============================================================================
Clock                   Period          Waveform
----------------------------------------------------
clk                  20.000000    0.000000 10.000000

===========================================================================
report_clock_latency
============================================================================
Clock clk
rise -> rise
    min     max
0.000000 0.000000 source latency
1.502551         network latency _25435_/CLK
        1.873211 network latency _25647_/CLK
---------------
1.502551 1.873211 latency
        0.370660 skew

fall -> fall
    min     max
0.000000 0.000000 source latency
1.525553         network latency _25435_/CLK
        1.940042 network latency _25647_/CLK
---------------
1.525553 1.940042 latency
        0.414489 skew



===========================================================================
report_clock_min_period
============================================================================
clk period_min = 10.54 fmax = 94.91
