
===========================================================================
 report_power
============================================================================
======================= nom_tt_025C_5v00 Corner ===================================

Group                    Internal    Switching      Leakage        Total
                            Power        Power        Power        Power (Watts)
------------------------------------------------------------------------
Sequential           7.283344e-02 3.342210e-04 1.146922e-06 7.316881e-02  42.6%
Combinational        1.343519e-03 1.794933e-03 1.955950e-06 3.140408e-03   1.8%
Clock                6.333806e-02 3.216347e-02 5.713517e-07 9.550212e-02  55.6%
Macro                0.000000e+00 0.000000e+00 0.000000e+00 0.000000e+00   0.0%
Pad                  0.000000e+00 0.000000e+00 0.000000e+00 0.000000e+00   0.0%
------------------------------------------------------------------------
Total                1.375150e-01 3.429263e-02 3.674213e-06 1.718113e-01 100.0%
                            80.0%        20.0%         0.0%
Writing metric power__internal__total: 0.13751497864723206
Writing metric power__switching__total: 0.03429262712597847
Writing metric power__leakage__total: 3.674213303384022e-6
Writing metric power__total: 0.1718112826347351

