
===========================================================================
report_checks -unconstrained
===========================================================================
======================= nom_ss_125C_4v50 Corner ===================================

Startpoint: rst (input port clocked by clk)
Endpoint: _25481_ (recovery check against rising-edge clock clk)
Path Group: asynchronous
Path Type: max

Fanout         Cap        Slew       Delay        Time   Description
---------------------------------------------------------------------------------------------
                                  0.000000    0.000000   clock clk (rise edge)
                                  0.000000    0.000000   clock network delay (propagated)
                                  8.000000    8.000000 v input external delay
     1    0.006185    0.147252    0.060680    8.060680 v rst (in)
                                                         rst (net)
                      0.147252    0.000000    8.060680 v input3/I (gf180mcu_fd_sc_mcu7t5v0__buf_2)
     4    0.179061    1.463948    1.212150    9.272831 v input3/Z (gf180mcu_fd_sc_mcu7t5v0__buf_2)
                                                         net3 (net)
                      1.463948    0.000882    9.273713 v fanout1867/I (gf180mcu_fd_sc_mcu7t5v0__buf_2)
     5    0.106810    0.903285    1.236377   10.510090 v fanout1867/Z (gf180mcu_fd_sc_mcu7t5v0__buf_2)
                                                         net1867 (net)
                      0.903285    0.000535   10.510625 v fanout1846/I (gf180mcu_fd_sc_mcu7t5v0__buf_2)
     6    0.105477    0.884993    1.087479   11.598104 v fanout1846/Z (gf180mcu_fd_sc_mcu7t5v0__buf_2)
                                                         net1846 (net)
                      0.884993    0.000677   11.598781 v fanout1845/I (gf180mcu_fd_sc_mcu7t5v0__buf_2)
     8    0.086458    0.741843    0.992917   12.591698 v fanout1845/Z (gf180mcu_fd_sc_mcu7t5v0__buf_2)
                                                         net1845 (net)
                      0.741917    0.004198   12.595896 v fanout1841/I (gf180mcu_fd_sc_mcu7t5v0__buf_2)
    10    0.110740    0.928330    1.069514   13.665410 v fanout1841/Z (gf180mcu_fd_sc_mcu7t5v0__buf_2)
                                                         net1841 (net)
                      0.928346    0.002214   13.667624 v _24723_/I (gf180mcu_fd_sc_mcu7t5v0__clkinv_1)
     1    0.008281    0.460134    0.426848   14.094472 ^ _24723_/ZN (gf180mcu_fd_sc_mcu7t5v0__clkinv_1)
                                                         _00642_ (net)
                      0.460134    0.000085   14.094557 ^ _25481_/RN (gf180mcu_fd_sc_mcu7t5v0__dffrnq_1)
                                             14.094557   data arrival time

                                 40.000000   40.000000   clock clk (rise edge)
                                  0.000000   40.000000   clock source latency
     1    0.151617    1.076448    0.608754   40.608753 ^ clk (in)
                                                         clk (net)
                      1.078958    0.000000   40.608753 ^ clkbuf_0_clk/I (gf180mcu_fd_sc_mcu7t5v0__clkbuf_16)
     4    0.268152    0.549639    0.845969   41.454723 ^ clkbuf_0_clk/Z (gf180mcu_fd_sc_mcu7t5v0__clkbuf_16)
                                                         clknet_0_clk (net)
                      0.549858    0.011504   41.466228 ^ clkbuf_2_2_0_clk/I (gf180mcu_fd_sc_mcu7t5v0__clkbuf_8)
    16    0.461250    1.619237    1.353797   42.820023 ^ clkbuf_2_2_0_clk/Z (gf180mcu_fd_sc_mcu7t5v0__clkbuf_8)
                                                         clknet_2_2_0_clk (net)
                      1.620775    0.027327   42.847351 ^ clkbuf_6_42_0_clk/I (gf180mcu_fd_sc_mcu7t5v0__clkbuf_8)
     7    0.132343    0.550265    0.899185   43.746536 ^ clkbuf_6_42_0_clk/Z (gf180mcu_fd_sc_mcu7t5v0__clkbuf_8)
                                                         clknet_6_42_0_clk (net)
                      0.550266    0.001535   43.748070 ^ _25481_/CLK (gf180mcu_fd_sc_mcu7t5v0__dffrnq_1)
                                 -0.250000   43.498070   clock uncertainty
                                  0.000000   43.498070   clock reconvergence pessimism
                                  0.496499   43.994568   library recovery time
                                             43.994568   data required time
---------------------------------------------------------------------------------------------
                                             43.994568   data required time
                                            -14.094557   data arrival time
---------------------------------------------------------------------------------------------
                                             29.900013   slack (MET)


Startpoint: _25494_ (rising edge-triggered flip-flop clocked by clk)
Endpoint: _25324_ (rising edge-triggered flip-flop clocked by clk)
Path Group: clk
Path Type: max

Fanout         Cap        Slew       Delay        Time   Description
---------------------------------------------------------------------------------------------
                                  0.000000    0.000000   clock clk (rise edge)
                                  0.000000    0.000000   clock source latency
     1    0.151617    1.076448    0.608754    0.608754 ^ clk (in)
                                                         clk (net)
                      1.078958    0.000000    0.608754 ^ clkbuf_0_clk/I (gf180mcu_fd_sc_mcu7t5v0__clkbuf_16)
     4    0.268152    0.549639    0.845968    1.454722 ^ clkbuf_0_clk/Z (gf180mcu_fd_sc_mcu7t5v0__clkbuf_16)
                                                         clknet_0_clk (net)
                      0.549983    0.013386    1.468108 ^ clkbuf_2_0_0_clk/I (gf180mcu_fd_sc_mcu7t5v0__clkbuf_8)
    16    0.403142    1.433259    1.260051    2.728160 ^ clkbuf_2_0_0_clk/Z (gf180mcu_fd_sc_mcu7t5v0__clkbuf_8)
                                                         clknet_2_0_0_clk (net)
                      1.433967    0.017932    2.746092 ^ clkbuf_6_11_0_clk/I (gf180mcu_fd_sc_mcu7t5v0__clkbuf_8)
     9    0.184258    0.711219    0.976800    3.722891 ^ clkbuf_6_11_0_clk/Z (gf180mcu_fd_sc_mcu7t5v0__clkbuf_8)
                                                         clknet_6_11_0_clk (net)
                      0.711223    0.002678    3.725570 ^ clkbuf_leaf_499_clk/I (gf180mcu_fd_sc_mcu7t5v0__clkbuf_8)
     8    0.046876    0.272737    0.590367    4.315937 ^ clkbuf_leaf_499_clk/Z (gf180mcu_fd_sc_mcu7t5v0__clkbuf_8)
                                                         clknet_leaf_499_clk (net)
                      0.272737    0.000649    4.316586 ^ _25494_/CLK (gf180mcu_fd_sc_mcu7t5v0__dffrnq_1)
     1    0.008809    0.416191    1.776245    6.092831 ^ _25494_/Q (gf180mcu_fd_sc_mcu7t5v0__dffrnq_1)
                                                         pp_inst.core_inst.reg_cnt_i.data_q[0] (net)
                      0.416191    0.000196    6.093028 ^ fanout1702/I (gf180mcu_fd_sc_mcu7t5v0__clkbuf_4)
     7    0.212059    1.492801    1.268688    7.361716 ^ fanout1702/Z (gf180mcu_fd_sc_mcu7t5v0__clkbuf_4)
                                                         net1702 (net)
                      1.492828    0.003624    7.365340 ^ fanout1700/I (gf180mcu_fd_sc_mcu7t5v0__clkbuf_4)
    10    0.156850    1.132214    1.257642    8.622982 ^ fanout1700/Z (gf180mcu_fd_sc_mcu7t5v0__clkbuf_4)
                                                         net1700 (net)
                      1.132250    0.003519    8.626501 ^ _12382_/I (gf180mcu_fd_sc_mcu7t5v0__clkinv_3)
     3    0.152306    1.427523    1.137130    9.763631 v _12382_/ZN (gf180mcu_fd_sc_mcu7t5v0__clkinv_3)
                                                         _09184_ (net)
                      1.427578    0.005047    9.768678 v fanout1699/I (gf180mcu_fd_sc_mcu7t5v0__buf_4)
    10    0.261676    1.078166    1.292758   11.061436 v fanout1699/Z (gf180mcu_fd_sc_mcu7t5v0__buf_4)
                                                         net1699 (net)
                      1.078180    0.002185   11.063621 v fanout1698/I (gf180mcu_fd_sc_mcu7t5v0__buf_4)
    10    0.185384    0.784634    1.041212   12.104833 v fanout1698/Z (gf180mcu_fd_sc_mcu7t5v0__buf_4)
                                                         net1698 (net)
                      0.784769    0.005838   12.110671 v _13346_/B (gf180mcu_fd_sc_mcu7t5v0__aoi21_2)
     2    0.144409    4.128491    2.615690   14.726361 ^ _13346_/ZN (gf180mcu_fd_sc_mcu7t5v0__aoi21_2)
                                                         _09960_ (net)
                      4.128702    0.016324   14.742684 ^ fanout1553/I (gf180mcu_fd_sc_mcu7t5v0__buf_3)
     6    0.129272    1.267455    1.208798   15.951483 ^ fanout1553/Z (gf180mcu_fd_sc_mcu7t5v0__buf_3)
                                                         net1553 (net)
                      1.267491    0.003581   15.955064 ^ fanout1552/I (gf180mcu_fd_sc_mcu7t5v0__clkbuf_4)
    10    0.143992    1.040039    1.174552   17.129616 ^ fanout1552/Z (gf180mcu_fd_sc_mcu7t5v0__clkbuf_4)
                                                         net1552 (net)
                      1.040226    0.007709   17.137325 ^ _13349_/A2 (gf180mcu_fd_sc_mcu7t5v0__nor2_1)
     1    0.015282    0.633581    0.533230   17.670555 v _13349_/ZN (gf180mcu_fd_sc_mcu7t5v0__nor2_1)
                                                         _09963_ (net)
                      0.633581    0.000592   17.671146 v fanout1462/I (gf180mcu_fd_sc_mcu7t5v0__clkbuf_4)
     8    0.174793    1.275761    1.271664   18.942810 v fanout1462/Z (gf180mcu_fd_sc_mcu7t5v0__clkbuf_4)
                                                         net1462 (net)
                      1.275827    0.005263   18.948074 v fanout1458/I (gf180mcu_fd_sc_mcu7t5v0__buf_2)
     5    0.078439    0.684744    1.055131   20.003204 v fanout1458/Z (gf180mcu_fd_sc_mcu7t5v0__buf_2)
                                                         net1458 (net)
                      0.684748    0.000943   20.004148 v fanout1457/I (gf180mcu_fd_sc_mcu7t5v0__buf_2)
     7    0.079485    0.686363    0.902709   20.906857 v fanout1457/Z (gf180mcu_fd_sc_mcu7t5v0__buf_2)
                                                         net1457 (net)
                      0.686451    0.004388   20.911245 v fanout1456/I (gf180mcu_fd_sc_mcu7t5v0__clkbuf_4)
    10    0.121316    0.914078    1.063512   21.974756 v fanout1456/Z (gf180mcu_fd_sc_mcu7t5v0__clkbuf_4)
                                                         net1456 (net)
                      0.914209    0.006164   21.980921 v _13489_/A2 (gf180mcu_fd_sc_mcu7t5v0__aoi221_2)
     1    0.012448    1.490013    1.014058   22.994980 ^ _13489_/ZN (gf180mcu_fd_sc_mcu7t5v0__aoi221_2)
                                                         _10101_ (net)
                      1.490013    0.000160   22.995138 ^ _13492_/A2 (gf180mcu_fd_sc_mcu7t5v0__aoi21_2)
     1    0.022641    0.610358    0.392872   23.388010 v _13492_/ZN (gf180mcu_fd_sc_mcu7t5v0__aoi21_2)
                                                         _10104_ (net)
                      0.610358    0.000565   23.388575 v _13493_/B1 (gf180mcu_fd_sc_mcu7t5v0__aoi22_4)
     4    0.137900    2.558170    1.659375   25.047951 ^ _13493_/ZN (gf180mcu_fd_sc_mcu7t5v0__aoi22_4)
                                                         _10105_ (net)
                      2.558193    0.012026   25.059977 ^ _13495_/A2 (gf180mcu_fd_sc_mcu7t5v0__xor2_1)
     2    0.044239    2.683478    1.837769   26.897745 ^ _13495_/Z (gf180mcu_fd_sc_mcu7t5v0__xor2_1)
                                                         _10107_ (net)
                      2.683478    0.000686   26.898432 ^ _13496_/A2 (gf180mcu_fd_sc_mcu7t5v0__aoi21_2)
     2    0.031035    0.910531    0.478810   27.377241 v _13496_/ZN (gf180mcu_fd_sc_mcu7t5v0__aoi21_2)
                                                         _10108_ (net)
                      0.910531    0.000652   27.377893 v _13498_/B2 (gf180mcu_fd_sc_mcu7t5v0__aoi221_4)
     6    0.134263    3.727571    2.516801   29.894693 ^ _13498_/ZN (gf180mcu_fd_sc_mcu7t5v0__aoi221_4)
                                                         _10110_ (net)
                      3.727584    0.011084   29.905779 ^ _13499_/A2 (gf180mcu_fd_sc_mcu7t5v0__nor2_1)
     4    0.026436    1.470549    0.976286   30.882065 v _13499_/ZN (gf180mcu_fd_sc_mcu7t5v0__nor2_1)
                                                         _10111_ (net)
                      1.470549    0.000334   30.882399 v _18848_/A3 (gf180mcu_fd_sc_mcu7t5v0__nand3_1)
     1    0.006931    0.726911    0.762796   31.645193 ^ _18848_/ZN (gf180mcu_fd_sc_mcu7t5v0__nand3_1)
                                                         _06003_ (net)
                      0.726911    0.000146   31.645340 ^ _18850_/B1 (gf180mcu_fd_sc_mcu7t5v0__aoi221_1)
     1    0.005704    0.833940    0.527745   32.173084 v _18850_/ZN (gf180mcu_fd_sc_mcu7t5v0__aoi221_1)
                                                         _06005_ (net)
                      0.833940    0.000057   32.173141 v _18852_/B1 (gf180mcu_fd_sc_mcu7t5v0__oai221_1)
     1    0.005775    1.287995    0.958053   33.131195 ^ _18852_/ZN (gf180mcu_fd_sc_mcu7t5v0__oai221_1)
                                                         _06007_ (net)
                      1.287995    0.000060   33.131256 ^ _18857_/A1 (gf180mcu_fd_sc_mcu7t5v0__aoi22_1)
     1    0.004566    0.591431    0.297266   33.428520 v _18857_/ZN (gf180mcu_fd_sc_mcu7t5v0__aoi22_1)
                                                         pp_inst.core_inst.reg_state_i.data_d[157] (net)
                      0.591431    0.000089   33.428612 v _25324_/D (gf180mcu_fd_sc_mcu7t5v0__dffrnq_1)
                                             33.428612   data arrival time

                                 40.000000   40.000000   clock clk (rise edge)
                                  0.000000   40.000000   clock source latency
     1    0.151617    1.076448    0.608754   40.608753 ^ clk (in)
                                                         clk (net)
                      1.078958    0.000000   40.608753 ^ clkbuf_0_clk/I (gf180mcu_fd_sc_mcu7t5v0__clkbuf_16)
     4    0.268152    0.549639    0.845969   41.454723 ^ clkbuf_0_clk/Z (gf180mcu_fd_sc_mcu7t5v0__clkbuf_16)
                                                         clknet_0_clk (net)
                      0.549858    0.011504   41.466228 ^ clkbuf_2_2_0_clk/I (gf180mcu_fd_sc_mcu7t5v0__clkbuf_8)
    16    0.461250    1.619237    1.353797   42.820023 ^ clkbuf_2_2_0_clk/Z (gf180mcu_fd_sc_mcu7t5v0__clkbuf_8)
                                                         clknet_2_2_0_clk (net)
                      1.620775    0.027327   42.847351 ^ clkbuf_6_42_0_clk/I (gf180mcu_fd_sc_mcu7t5v0__clkbuf_8)
     7    0.132343    0.550265    0.899185   43.746536 ^ clkbuf_6_42_0_clk/Z (gf180mcu_fd_sc_mcu7t5v0__clkbuf_8)
                                                         clknet_6_42_0_clk (net)
                      0.550268    0.002242   43.748779 ^ _25324_/CLK (gf180mcu_fd_sc_mcu7t5v0__dffrnq_1)
                                 -0.250000   43.498775   clock uncertainty
                                  0.000000   43.498775   clock reconvergence pessimism
                                 -0.309422   43.189358   library setup time
                                             43.189358   data required time
---------------------------------------------------------------------------------------------
                                             43.189358   data required time
                                            -33.428612   data arrival time
---------------------------------------------------------------------------------------------
                                              9.760747   slack (MET)




===========================================================================
report_checks --slack_max -0.01
============================================================================
======================= nom_ss_125C_4v50 Corner ===================================

No paths found.


===========================================================================
 report_check_types -max_slew -max_cap -max_fanout -violators
============================================================================
======================= nom_ss_125C_4v50 Corner ===================================

max slew

Pin                                        Limit        Slew       Slack
------------------------------------------------------------------------
_17803_/A2                              3.000000    7.179564   -4.179564 (VIOLATED)
_17802_/Z                               3.000000    7.179479   -4.179479 (VIOLATED)
_18435_/A2                              3.000000    6.239693   -3.239693 (VIOLATED)
_18512_/A2                              3.000000    6.239693   -3.239693 (VIOLATED)
_17781_/Z                               3.000000    6.239635   -3.239635 (VIOLATED)
_17785_/A2                              3.000000    6.239635   -3.239635 (VIOLATED)
_18435_/A1                              3.000000    5.460315   -2.460315 (VIOLATED)
_17638_/Z                               3.000000    5.460242   -2.460242 (VIOLATED)
_17646_/A1                              3.000000    5.460242   -2.460242 (VIOLATED)
_18359_/A1                              3.000000    5.460242   -2.460242 (VIOLATED)
_17709_/A1                              3.000000    5.323141   -2.323141 (VIOLATED)
_18391_/A1                              3.000000    5.323143   -2.323143 (VIOLATED)
_17700_/Z                               3.000000    5.323096   -2.323097 (VIOLATED)
_18468_/A2                              3.000000    5.323096   -2.323097 (VIOLATED)
fanout1661/I                            3.000000    4.853833   -1.853833 (VIOLATED)
fanout1676/I                            3.000000    4.853832   -1.853832 (VIOLATED)
fanout1653/I                            3.000000    4.853825   -1.853825 (VIOLATED)
_12809_/ZN                              3.000000    4.853797   -1.853797 (VIOLATED)
fanout1646/I                            3.000000    4.853797   -1.853797 (VIOLATED)
_19631_/A1                              3.000000    4.814156   -1.814156 (VIOLATED)
_19313_/A1                              3.000000    4.814139   -1.814140 (VIOLATED)
_19259_/Z                               3.000000    4.814094   -1.814094 (VIOLATED)
_19268_/A1                              3.000000    4.814094   -1.814094 (VIOLATED)
_17872_/A1                              3.000000    4.747628   -1.747628 (VIOLATED)
_19423_/A1                              3.000000    4.747628   -1.747628 (VIOLATED)
_14278_/A2                              3.000000    4.747625   -1.747626 (VIOLATED)
_18328_/A2                              3.000000    4.747626   -1.747627 (VIOLATED)
_14875_/A1                              3.000000    4.747624   -1.747624 (VIOLATED)
_14279_/A3                              3.000000    4.747621   -1.747621 (VIOLATED)
_14277_/ZN                              3.000000    4.747603   -1.747603 (VIOLATED)
_13552_/A2                              3.000000    4.565499   -1.565499 (VIOLATED)
_18083_/A1                              3.000000    4.565501   -1.565501 (VIOLATED)
_19634_/A1                              3.000000    4.565500   -1.565500 (VIOLATED)
_14788_/A1                              3.000000    4.565495   -1.565495 (VIOLATED)
_18497_/A2                              3.000000    4.565493   -1.565493 (VIOLATED)
_13553_/A3                              3.000000    4.565490   -1.565490 (VIOLATED)
_13551_/ZN                              3.000000    4.565466   -1.565467 (VIOLATED)
_14932_/ZN                              3.000000    4.527516   -1.527516 (VIOLATED)
_14933_/A2                              3.000000    4.527516   -1.527516 (VIOLATED)
_14934_/A2                              3.000000    4.527516   -1.527516 (VIOLATED)
fanout586/I                             3.000000    4.502960   -1.502960 (VIOLATED)
fanout582/I                             3.000000    4.502890   -1.502890 (VIOLATED)
_23503_/ZN                              3.000000    4.502830   -1.502830 (VIOLATED)
_17972_/A1                              3.000000    4.380135   -1.380135 (VIOLATED)
_13955_/A2                              3.000000    4.380133   -1.380133 (VIOLATED)
_13956_/A3                              3.000000    4.380133   -1.380133 (VIOLATED)
_18409_/A2                              3.000000    4.380135   -1.380135 (VIOLATED)
_18755_/A1                              3.000000    4.380134   -1.380134 (VIOLATED)
_19532_/A1                              3.000000    4.380135   -1.380135 (VIOLATED)
_14838_/A1                              3.000000    4.380132   -1.380132 (VIOLATED)
_13954_/ZN                              3.000000    4.380119   -1.380119 (VIOLATED)
_18014_/A1                              3.000000    4.250540   -1.250540 (VIOLATED)
_18442_/A2                              3.000000    4.250540   -1.250541 (VIOLATED)
_13815_/A2                              3.000000    4.250537   -1.250538 (VIOLATED)
_19574_/A1                              3.000000    4.250538   -1.250538 (VIOLATED)
_14824_/A1                              3.000000    4.250537   -1.250537 (VIOLATED)
_13814_/ZN                              3.000000    4.250525   -1.250525 (VIOLATED)
_14786_/A2                              3.000000    4.237796   -1.237796 (VIOLATED)
_14785_/Z                               3.000000    4.237763   -1.237763 (VIOLATED)
_13908_/A2                              3.000000    4.206154   -1.206154 (VIOLATED)
_17987_/A1                              3.000000    4.206154   -1.206154 (VIOLATED)
_18420_/A2                              3.000000    4.206154   -1.206154 (VIOLATED)
_19547_/A1                              3.000000    4.206154   -1.206154 (VIOLATED)
_14833_/A1                              3.000000    4.206149   -1.206149 (VIOLATED)
_13909_/A3                              3.000000    4.206148   -1.206148 (VIOLATED)
_13907_/ZN                              3.000000    4.206130   -1.206130 (VIOLATED)
_13980_/A2                              3.000000    4.197859   -1.197860 (VIOLATED)
_14372_/A2                              3.000000    4.197860   -1.197860 (VIOLATED)
_13971_/Z                               3.000000    4.197836   -1.197837 (VIOLATED)
_14907_/A2                              3.000000    4.197836   -1.197837 (VIOLATED)
_13649_/A2                              3.000000    4.190929   -1.190929 (VIOLATED)
_18056_/A1                              3.000000    4.190929   -1.190929 (VIOLATED)
_18475_/A2                              3.000000    4.190929   -1.190930 (VIOLATED)
_14807_/A1                              3.000000    4.190928   -1.190928 (VIOLATED)
_19610_/A1                              3.000000    4.190928   -1.190929 (VIOLATED)
_13650_/A3                              3.000000    4.190926   -1.190926 (VIOLATED)
_13648_/ZN                              3.000000    4.190913   -1.190913 (VIOLATED)
_26546_/D                               3.000000    4.132629   -1.132630 (VIOLATED)
_21818_/ZN                              3.000000    4.132599   -1.132599 (VIOLATED)
fanout1553/I                            3.000000    4.128702   -1.128702 (VIOLATED)
fanout1549/I                            3.000000    4.128525   -1.128525 (VIOLATED)
_13346_/ZN                              3.000000    4.128491   -1.128492 (VIOLATED)
_18070_/A1                              3.000000    4.082054   -1.082054 (VIOLATED)
_18486_/A2                              3.000000    4.082054   -1.082054 (VIOLATED)
_18828_/A1                              3.000000    4.082054   -1.082054 (VIOLATED)
_13601_/A2                              3.000000    4.082052   -1.082052 (VIOLATED)
_19622_/A1                              3.000000    4.082053   -1.082053 (VIOLATED)
_13602_/A3                              3.000000    4.082050   -1.082050 (VIOLATED)
_14802_/A1                              3.000000    4.082048   -1.082048 (VIOLATED)
_13600_/ZN                              3.000000    4.082036   -1.082037 (VIOLATED)
_14048_/A2                              3.000000    4.070007   -1.070008 (VIOLATED)
_17943_/A1                              3.000000    4.070008   -1.070008 (VIOLATED)
_18387_/A2                              3.000000    4.070008   -1.070008 (VIOLATED)
_19501_/A1                              3.000000    4.070008   -1.070008 (VIOLATED)
_14049_/A3                              3.000000    4.070004   -1.070004 (VIOLATED)
_14851_/A1                              3.000000    4.069999   -1.069999 (VIOLATED)
_14047_/ZN                              3.000000    4.069990   -1.069990 (VIOLATED)
_13960_/Z                               3.000000    4.019331   -1.019332 (VIOLATED)
_13961_/A3                              3.000000    4.019331   -1.019332 (VIOLATED)
_14153_/A3                              3.000000    4.019331   -1.019332 (VIOLATED)
_13471_/ZN                              3.000000    3.958996   -0.958996 (VIOLATED)
_13480_/A1                              3.000000    3.958996   -0.958996 (VIOLATED)
_14372_/A1                              3.000000    3.958996   -0.958996 (VIOLATED)
_14679_/A1                              3.000000    3.958996   -0.958996 (VIOLATED)
_18111_/A1                              3.000000    3.957940   -0.957940 (VIOLATED)
_19658_/A1                              3.000000    3.957940   -0.957940 (VIOLATED)
_13448_/A2                              3.000000    3.957936   -0.957936 (VIOLATED)
_13449_/A3                              3.000000    3.957937   -0.957937 (VIOLATED)
_14762_/A1                              3.000000    3.957937   -0.957937 (VIOLATED)
_13447_/ZN                              3.000000    3.957927   -0.957928 (VIOLATED)
_17769_/A2                              3.000000    3.904002   -0.904002 (VIOLATED)
_17765_/Z                               3.000000    3.903988   -0.903988 (VIOLATED)
_17878_/A2                              3.000000    3.903988   -0.903988 (VIOLATED)
_18021_/A1                              3.000000    3.903988   -0.903988 (VIOLATED)
fanout282/I                             3.000000    3.886775   -0.886775 (VIOLATED)
fanout279/I                             3.000000    3.886741   -0.886741 (VIOLATED)
_19974_/ZN                              3.000000    3.886637   -0.886637 (VIOLATED)
_18001_/A1                              3.000000    3.873640   -0.873640 (VIOLATED)
_18431_/A2                              3.000000    3.873640   -0.873640 (VIOLATED)
_19562_/A1                              3.000000    3.873640   -0.873640 (VIOLATED)
_13866_/A2                              3.000000    3.873639   -0.873639 (VIOLATED)
_13867_/A3                              3.000000    3.873636   -0.873636 (VIOLATED)
_14828_/A1                              3.000000    3.873635   -0.873635 (VIOLATED)
_13865_/ZN                              3.000000    3.873626   -0.873626 (VIOLATED)
_17710_/A2                              3.000000    3.829474   -0.829474 (VIOLATED)
_17709_/Z                               3.000000    3.829472   -0.829473 (VIOLATED)
fanout1108/I                            3.000000    3.823948   -0.823948 (VIOLATED)
_15866_/ZN                              3.000000    3.823929   -0.823929 (VIOLATED)
_14481_/B1                              3.000000    3.815626   -0.815626 (VIOLATED)
_14479_/ZN                              3.000000    3.815606   -0.815606 (VIOLATED)
_18224_/A2                              3.000000    3.814586   -0.814586 (VIOLATED)
_18223_/Z                               3.000000    3.814557   -0.814557 (VIOLATED)
_20570_/A2                              3.000000    3.797529   -0.797529 (VIOLATED)
_22657_/A2                              3.000000    3.797528   -0.797528 (VIOLATED)
_23633_/A1                              3.000000    3.797529   -0.797529 (VIOLATED)
_21617_/A1                              3.000000    3.797527   -0.797527 (VIOLATED)
_20569_/ZN                              3.000000    3.797501   -0.797501 (VIOLATED)
_14442_/A1                              3.000000    3.786496   -0.786496 (VIOLATED)
_14742_/A1                              3.000000    3.786496   -0.786496 (VIOLATED)
_13582_/A3                              3.000000    3.786491   -0.786491 (VIOLATED)
_13581_/Z                               3.000000    3.786467   -0.786467 (VIOLATED)
_15132_/B1                              3.000000    3.780661   -0.780661 (VIOLATED)
_15089_/B1                              3.000000    3.780652   -0.780652 (VIOLATED)
_15044_/A3                              3.000000    3.780636   -0.780636 (VIOLATED)
_15121_/A2                              3.000000    3.780615   -0.780615 (VIOLATED)
_14992_/B1                              3.000000    3.780595   -0.780595 (VIOLATED)
_15105_/B1                              3.000000    3.780585   -0.780585 (VIOLATED)
_15218_/B1                              3.000000    3.780551   -0.780552 (VIOLATED)
_15157_/B1                              3.000000    3.780548   -0.780549 (VIOLATED)
_15026_/A3                              3.000000    3.780535   -0.780535 (VIOLATED)
_15191_/A2                              3.000000    3.780516   -0.780516 (VIOLATED)
_14974_/ZN                              3.000000    3.780480   -0.780480 (VIOLATED)
_13722_/ZN                              3.000000    3.749722   -0.749723 (VIOLATED)
_13732_/A1                              3.000000    3.749722   -0.749723 (VIOLATED)
_14546_/A1                              3.000000    3.749722   -0.749723 (VIOLATED)
_14785_/A1                              3.000000    3.749722   -0.749723 (VIOLATED)
_13431_/C                               3.000000    3.739183   -0.739183 (VIOLATED)
_13430_/ZN                              3.000000    3.739165   -0.739165 (VIOLATED)
fanout1207/I                            3.000000    3.729584   -0.729584 (VIOLATED)
_15836_/ZN                              3.000000    3.729564   -0.729564 (VIOLATED)
_13499_/A2                              3.000000    3.727584   -0.727584 (VIOLATED)
_18097_/A1                              3.000000    3.727584   -0.727584 (VIOLATED)
_18508_/A2                              3.000000    3.727584   -0.727584 (VIOLATED)
_19646_/A1                              3.000000    3.727584   -0.727584 (VIOLATED)
_14775_/A1                              3.000000    3.727582   -0.727582 (VIOLATED)
_13500_/A3                              3.000000    3.727582   -0.727582 (VIOLATED)
_13498_/ZN                              3.000000    3.727571   -0.727571 (VIOLATED)
_25842_/D                               3.000000    3.676205   -0.676205 (VIOLATED)
_20378_/ZN                              3.000000    3.676179   -0.676179 (VIOLATED)
_18572_/Z                               3.000000    3.667558   -0.667558 (VIOLATED)
_18573_/A3                              3.000000    3.667558   -0.667558 (VIOLATED)
_18585_/A1                              3.000000    3.667558   -0.667558 (VIOLATED)
_19171_/A1                              3.000000    3.667558   -0.667558 (VIOLATED)
_14358_/A2                              3.000000    3.655167   -0.655167 (VIOLATED)
_17842_/A1                              3.000000    3.655167   -0.655168 (VIOLATED)
_18299_/A2                              3.000000    3.655167   -0.655168 (VIOLATED)
_14359_/A3                              3.000000    3.655166   -0.655166 (VIOLATED)
_14885_/A1                              3.000000    3.655166   -0.655167 (VIOLATED)
_19393_/A1                              3.000000    3.655167   -0.655167 (VIOLATED)
_14357_/ZN                              3.000000    3.655159   -0.655159 (VIOLATED)
_19342_/Z                               3.000000    3.617264   -0.617264 (VIOLATED)
_19343_/A2                              3.000000    3.617264   -0.617264 (VIOLATED)
_20106_/ZN                              3.000000    3.611895   -0.611895 (VIOLATED)
_20107_/A2                              3.000000    3.611895   -0.611895 (VIOLATED)
_21162_/A1                              3.000000    3.611895   -0.611895 (VIOLATED)
_22202_/A2                              3.000000    3.611895   -0.611895 (VIOLATED)
_23178_/A1                              3.000000    3.611895   -0.611895 (VIOLATED)
_12838_/ZN                              3.000000    3.580361   -0.580361 (VIOLATED)
wire1581/I                              3.000000    3.580361   -0.580361 (VIOLATED)
_18391_/Z                               3.000000    3.554269   -0.554269 (VIOLATED)
_18392_/A2                              3.000000    3.554269   -0.554269 (VIOLATED)
_14903_/ZN                              3.000000    3.547719   -0.547719 (VIOLATED)
_14904_/B2                              3.000000    3.547719   -0.547719 (VIOLATED)
_19514_/Z                               3.000000    3.545855   -0.545855 (VIOLATED)
_19515_/A2                              3.000000    3.545855   -0.545855 (VIOLATED)
_18105_/A2                              3.000000    3.538552   -0.538552 (VIOLATED)
_18104_/Z                               3.000000    3.538550   -0.538551 (VIOLATED)
_19024_/A2                              3.000000    3.512646   -0.512646 (VIOLATED)
_19160_/A2                              3.000000    3.512636   -0.512636 (VIOLATED)
_19033_/A2                              3.000000    3.512621   -0.512622 (VIOLATED)
_19168_/A2                              3.000000    3.512618   -0.512618 (VIOLATED)
_19152_/A2                              3.000000    3.512616   -0.512616 (VIOLATED)
_18896_/A2                              3.000000    3.512573   -0.512573 (VIOLATED)
_18974_/A2                              3.000000    3.512538   -0.512538 (VIOLATED)
_18946_/A2                              3.000000    3.512527   -0.512527 (VIOLATED)
_18965_/B1                              3.000000    3.512509   -0.512509 (VIOLATED)
_18955_/A2                              3.000000    3.512476   -0.512476 (VIOLATED)
_18883_/ZN                              3.000000    3.512444   -0.512444 (VIOLATED)
_18512_/ZN                              3.000000    3.490829   -0.490829 (VIOLATED)
_18513_/A2                              3.000000    3.490829   -0.490829 (VIOLATED)
_18265_/Z                               3.000000    3.451465   -0.451465 (VIOLATED)
_18266_/A2                              3.000000    3.451465   -0.451465 (VIOLATED)
_17430_/A1                              3.000000    3.433275   -0.433275 (VIOLATED)
_12833_/ZN                              3.000000    3.433263   -0.433263 (VIOLATED)
_13089_/A2                              3.000000    3.433263   -0.433263 (VIOLATED)
_14092_/A3                              3.000000    3.426450   -0.426450 (VIOLATED)
_14855_/A1                              3.000000    3.426450   -0.426451 (VIOLATED)
_14091_/A2                              3.000000    3.426450   -0.426450 (VIOLATED)
_17929_/A1                              3.000000    3.426448   -0.426448 (VIOLATED)
_19486_/A1                              3.000000    3.426448   -0.426448 (VIOLATED)
_18376_/A2                              3.000000    3.426445   -0.426445 (VIOLATED)
_14090_/ZN                              3.000000    3.426427   -0.426428 (VIOLATED)
_14729_/A2                              3.000000    3.424330   -0.424331 (VIOLATED)
_18145_/A1                              3.000000    3.424330   -0.424331 (VIOLATED)
_15575_/A2                              3.000000    3.424330   -0.424330 (VIOLATED)
_18882_/A1                              3.000000    3.424330   -0.424330 (VIOLATED)
_14728_/ZN                              3.000000    3.424328   -0.424328 (VIOLATED)
_18921_/A2                              3.000000    3.411199   -0.411199 (VIOLATED)
_18931_/A1                              3.000000    3.411199   -0.411199 (VIOLATED)
_18864_/Z                               3.000000    3.411198   -0.411198 (VIOLATED)
_18865_/A3                              3.000000    3.411198   -0.411198 (VIOLATED)
fanout1266/I                            3.000000    3.367709   -0.367709 (VIOLATED)
fanout1268/I                            3.000000    3.367319   -0.367319 (VIOLATED)
fanout1267/I                            3.000000    3.367225   -0.367225 (VIOLATED)
fanout1265/I                            3.000000    3.367075   -0.367075 (VIOLATED)
_15802_/ZN                              3.000000    3.367031   -0.367031 (VIOLATED)
_19278_/Z                               3.000000    3.353513   -0.353513 (VIOLATED)
_19283_/A2                              3.000000    3.353513   -0.353513 (VIOLATED)
_19327_/A1                              3.000000    3.353513   -0.353513 (VIOLATED)
_19643_/A1                              3.000000    3.353513   -0.353513 (VIOLATED)
fanout1737/I                            3.000000    3.332579   -0.332580 (VIOLATED)
fanout1715/I                            3.000000    3.332567   -0.332568 (VIOLATED)
fanout1722/I                            3.000000    3.332564   -0.332564 (VIOLATED)
fanout1711/I                            3.000000    3.332564   -0.332564 (VIOLATED)
_25208_/Q                               3.000000    3.332549   -0.332549 (VIOLATED)
_19643_/ZN                              3.000000    3.309792   -0.309792 (VIOLATED)
_19644_/A2                              3.000000    3.309792   -0.309792 (VIOLATED)
_16345_/I0                              3.000000    3.272133   -0.272133 (VIOLATED)
_17560_/A1                              3.000000    3.272133   -0.272133 (VIOLATED)
_16344_/ZN                              3.000000    3.272050   -0.272050 (VIOLATED)
_17885_/A1                              3.000000    3.267739   -0.267739 (VIOLATED)
_18341_/A2                              3.000000    3.267739   -0.267739 (VIOLATED)
_19439_/A1                              3.000000    3.267739   -0.267739 (VIOLATED)
_14235_/A2                              3.000000    3.267738   -0.267738 (VIOLATED)
_14236_/A3                              3.000000    3.267737   -0.267738 (VIOLATED)
_14870_/A1                              3.000000    3.267737   -0.267738 (VIOLATED)
_14234_/ZN                              3.000000    3.267734   -0.267734 (VIOLATED)
_14600_/A2                              3.000000    3.253440   -0.253441 (VIOLATED)
_14601_/A3                              3.000000    3.253440   -0.253441 (VIOLATED)
_14920_/A1                              3.000000    3.253441   -0.253441 (VIOLATED)
_17716_/A1                              3.000000    3.253440   -0.253440 (VIOLATED)
_19286_/A1                              3.000000    3.253440   -0.253440 (VIOLATED)
_14599_/ZN                              3.000000    3.253435   -0.253435 (VIOLATED)
_23503_/A1                              3.000000    3.245101   -0.245101 (VIOLATED)
_22527_/A2                              3.000000    3.245067   -0.245068 (VIOLATED)
_20438_/A2                              3.000000    3.245062   -0.245062 (VIOLATED)
_20437_/ZN                              3.000000    3.245025   -0.245026 (VIOLATED)
_21487_/A1                              3.000000    3.245025   -0.245026 (VIOLATED)
_12991_/ZN                              3.000000    3.231135   -0.231135 (VIOLATED)
_12992_/I                               3.000000    3.231135   -0.231135 (VIOLATED)
_13018_/A1                              3.000000    3.231135   -0.231135 (VIOLATED)
_13080_/A1                              3.000000    3.231135   -0.231135 (VIOLATED)
fanout1376/I                            3.000000    3.221475   -0.221476 (VIOLATED)
fanout1372/I                            3.000000    3.221462   -0.221462 (VIOLATED)
_14984_/ZN                              3.000000    3.221402   -0.221402 (VIOLATED)
fanout1368/I                            3.000000    3.221402   -0.221402 (VIOLATED)
fanout1143/I                            3.000000    3.177048   -0.177048 (VIOLATED)
fanout1145/I                            3.000000    3.176658   -0.176658 (VIOLATED)
fanout1144/I                            3.000000    3.176348   -0.176348 (VIOLATED)
_15856_/ZN                              3.000000    3.176011   -0.176011 (VIOLATED)
fanout1142/I                            3.000000    3.176011   -0.176011 (VIOLATED)
fanout1124/I                            3.000000    3.172257   -0.172257 (VIOLATED)
fanout1123/I                            3.000000    3.172007   -0.172007 (VIOLATED)
fanout1122/I                            3.000000    3.171894   -0.171894 (VIOLATED)
fanout1121/I                            3.000000    3.171838   -0.171838 (VIOLATED)
_15861_/ZN                              3.000000    3.171714   -0.171714 (VIOLATED)
_13661_/ZN                              3.000000    3.157060   -0.157061 (VIOLATED)
_13678_/A1                              3.000000    3.157060   -0.157061 (VIOLATED)
_14114_/A1                              3.000000    3.157060   -0.157061 (VIOLATED)
_14877_/A1                              3.000000    3.157060   -0.157061 (VIOLATED)
_18007_/Z                               3.000000    3.152557   -0.152557 (VIOLATED)
_18008_/A2                              3.000000    3.152557   -0.152557 (VIOLATED)
_18435_/Z                               3.000000    3.140042   -0.140042 (VIOLATED)
_18436_/A2                              3.000000    3.140042   -0.140042 (VIOLATED)
_13005_/ZN                              3.000000    3.137409   -0.137409 (VIOLATED)
_13006_/C                               3.000000    3.137409   -0.137409 (VIOLATED)
_13099_/A1                              3.000000    3.137409   -0.137409 (VIOLATED)
_25210_/D                               3.000000    3.137409   -0.137409 (VIOLATED)
fanout1448/I                            3.000000    3.137049   -0.137049 (VIOLATED)
fanout1447/I                            3.000000    3.137007   -0.137007 (VIOLATED)
fanout1445/I                            3.000000    3.136822   -0.136822 (VIOLATED)
fanout1446/I                            3.000000    3.136817   -0.136818 (VIOLATED)
_13350_/ZN                              3.000000    3.136810   -0.136810 (VIOLATED)
fanout848/I                             3.000000    3.132976   -0.132976 (VIOLATED)
_18542_/ZN                              3.000000    3.132862   -0.132862 (VIOLATED)
fanout847/I                             3.000000    3.132862   -0.132862 (VIOLATED)
_17822_/A2                              3.000000    3.116739   -0.116739 (VIOLATED)
_17821_/Z                               3.000000    3.116738   -0.116738 (VIOLATED)
fanout1079/I                            3.000000    3.105087   -0.105087 (VIOLATED)
fanout1077/I                            3.000000    3.104978   -0.104978 (VIOLATED)
fanout1078/I                            3.000000    3.104974   -0.104974 (VIOLATED)
fanout1076/I                            3.000000    3.104916   -0.104916 (VIOLATED)
_15873_/ZN                              3.000000    3.104864   -0.104865 (VIOLATED)
_18464_/A1                              3.000000    3.096272   -0.096272 (VIOLATED)
_19132_/A1                              3.000000    3.096272   -0.096272 (VIOLATED)
_13700_/ZN                              3.000000    3.096271   -0.096271 (VIOLATED)
_18977_/Z                               3.000000    3.090232   -0.090232 (VIOLATED)
_18978_/A3                              3.000000    3.090232   -0.090232 (VIOLATED)
_19028_/A2                              3.000000    3.090232   -0.090232 (VIOLATED)
_19037_/A1                              3.000000    3.090232   -0.090232 (VIOLATED)
_17770_/A2                              3.000000    3.075407   -0.075407 (VIOLATED)
_17769_/Z                               3.000000    3.075405   -0.075405 (VIOLATED)
_17797_/Z                               3.000000    3.068430   -0.068431 (VIOLATED)
_17802_/A2                              3.000000    3.068430   -0.068431 (VIOLATED)
_18446_/A2                              3.000000    3.068430   -0.068431 (VIOLATED)
_18523_/A2                              3.000000    3.068430   -0.068431 (VIOLATED)
fanout1745/I                            3.000000    3.062791   -0.062791 (VIOLATED)
fanout1740/I                            3.000000    3.062736   -0.062736 (VIOLATED)
_25206_/Q                               3.000000    3.062724   -0.062724 (VIOLATED)
_17995_/A2                              3.000000    3.053391   -0.053391 (VIOLATED)
_17994_/Z                               3.000000    3.053389   -0.053389 (VIOLATED)
_17816_/Z                               3.000000    3.047194   -0.047194 (VIOLATED)
_17821_/A2                              3.000000    3.047194   -0.047194 (VIOLATED)
_18457_/A2                              3.000000    3.047194   -0.047194 (VIOLATED)
_18533_/A2                              3.000000    3.047194   -0.047194 (VIOLATED)
fanout108/I                             3.000000    3.045455   -0.045455 (VIOLATED)
fanout104/I                             3.000000    3.045427   -0.045427 (VIOLATED)
_22397_/ZN                              3.000000    3.045336   -0.045336 (VIOLATED)
_13979_/ZN                              3.000000    3.029818   -0.029818 (VIOLATED)
_13980_/A3                              3.000000    3.029818   -0.029818 (VIOLATED)
_14709_/A2                              3.000000    3.029818   -0.029818 (VIOLATED)
_14819_/A2                              3.000000    3.029818   -0.029818 (VIOLATED)
fanout1240/I                            3.000000    3.020586   -0.020586 (VIOLATED)
fanout1239/I                            3.000000    3.020427   -0.020427 (VIOLATED)
fanout1238/I                            3.000000    3.020344   -0.020344 (VIOLATED)
fanout1237/I                            3.000000    3.020110   -0.020111 (VIOLATED)
_15818_/ZN                              3.000000    3.020098   -0.020098 (VIOLATED)
_12912_/ZN                              3.000000    3.013872   -0.013872 (VIOLATED)
_12939_/A1                              3.000000    3.013872   -0.013872 (VIOLATED)
_13019_/A1                              3.000000    3.013872   -0.013872 (VIOLATED)
_13020_/A1                              3.000000    3.013872   -0.013872 (VIOLATED)
_14491_/Z                               3.000000    3.007091   -0.007091 (VIOLATED)
_14954_/A1                              3.000000    3.007091   -0.007091 (VIOLATED)
_16983_/A4                              3.000000    3.007091   -0.007091 (VIOLATED)
_19773_/Z                               3.000000    3.005307   -0.005308 (VIOLATED)
_19774_/B1                              3.000000    3.005307   -0.005308 (VIOLATED)
fanout513/I                             3.000000    3.001640   -0.001640 (VIOLATED)
_23955_/A1                              3.000000    3.001639   -0.001640 (VIOLATED)
_21159_/A1                              3.000000    3.001638   -0.001638 (VIOLATED)
_15973_/I0                              3.000000    3.001546   -0.001547 (VIOLATED)
_15929_/ZN                              3.000000    3.001506   -0.001506 (VIOLATED)

max fanout

Pin                                   Limit Fanout  Slack
---------------------------------------------------------
clkbuf_2_0_0_clk/Z                       10     16     -6 (VIOLATED)
clkbuf_2_1_0_clk/Z                       10     16     -6 (VIOLATED)
clkbuf_2_2_0_clk/Z                       10     16     -6 (VIOLATED)
clkbuf_2_3_0_clk/Z                       10     16     -6 (VIOLATED)
clkbuf_6_16_0_clk/Z                      10     14     -4 (VIOLATED)
clkbuf_6_18_0_clk/Z                      10     14     -4 (VIOLATED)
clkbuf_6_29_0_clk/Z                      10     14     -4 (VIOLATED)
clkbuf_6_17_0_clk/Z                      10     13     -3 (VIOLATED)
clkbuf_6_20_0_clk/Z                      10     13     -3 (VIOLATED)
clkbuf_6_23_0_clk/Z                      10     13     -3 (VIOLATED)
clkbuf_6_26_0_clk/Z                      10     13     -3 (VIOLATED)
clkbuf_6_27_0_clk/Z                      10     13     -3 (VIOLATED)
clkbuf_6_10_0_clk/Z                      10     12     -2 (VIOLATED)
clkbuf_6_15_0_clk/Z                      10     12     -2 (VIOLATED)
clkbuf_6_24_0_clk/Z                      10     12     -2 (VIOLATED)
clkbuf_6_25_0_clk/Z                      10     12     -2 (VIOLATED)
clkbuf_6_31_0_clk/Z                      10     12     -2 (VIOLATED)
clkbuf_6_4_0_clk/Z                       10     12     -2 (VIOLATED)
clkbuf_6_8_0_clk/Z                       10     12     -2 (VIOLATED)
clkbuf_6_22_0_clk/Z                      10     11        (VIOLATED)
clkbuf_6_30_0_clk/Z                      10     11        (VIOLATED)
clkbuf_6_62_0_clk/Z                      10     11        (VIOLATED)
clkbuf_leaf_102_clk/Z                    10     11        (VIOLATED)
clkbuf_leaf_354_clk/Z                    10     11        (VIOLATED)

max capacitance

Pin                                        Limit         Cap       Slack
------------------------------------------------------------------------
clkbuf_2_2_0_clk/Z                      0.200000    0.461250   -0.261250 (VIOLATED)
clkbuf_2_1_0_clk/Z                      0.200000    0.424201   -0.224201 (VIOLATED)
clkbuf_2_0_0_clk/Z                      0.200000    0.403142   -0.203142 (VIOLATED)
clkbuf_2_3_0_clk/Z                      0.200000    0.379935   -0.179935 (VIOLATED)
fanout266/Z                             0.200000    0.347618   -0.147618 (VIOLATED)
fanout1418/Z                            0.200000    0.332413   -0.132413 (VIOLATED)
fanout1108/Z                            0.200000    0.325733   -0.125733 (VIOLATED)
fanout1329/Z                            0.200000    0.322838   -0.122838 (VIOLATED)
fanout870/Z                             0.200000    0.320581   -0.120581 (VIOLATED)
fanout643/Z                             0.200000    0.319936   -0.119936 (VIOLATED)
fanout1199/Z                            0.200000    0.319799   -0.119799 (VIOLATED)
fanout1097/Z                            0.200000    0.318319   -0.118319 (VIOLATED)
fanout1074/Z                            0.200000    0.317473   -0.117473 (VIOLATED)
fanout241/Z                             0.200000    0.314213   -0.114213 (VIOLATED)
fanout1315/Z                            0.200000    0.313147   -0.113147 (VIOLATED)
fanout1221/Z                            0.200000    0.309374   -0.109374 (VIOLATED)
fanout1067/Z                            0.200000    0.309061   -0.109061 (VIOLATED)
fanout1173/Z                            0.200000    0.307530   -0.107530 (VIOLATED)
fanout1103/Z                            0.200000    0.307524   -0.107524 (VIOLATED)
fanout1216/Z                            0.200000    0.306716   -0.106716 (VIOLATED)
fanout1178/Z                            0.200000    0.305819   -0.105819 (VIOLATED)
fanout140/Z                             0.200000    0.305186   -0.105186 (VIOLATED)
fanout1267/Z                            0.200000    0.304817   -0.104817 (VIOLATED)
fanout1229/Z                            0.200000    0.304710   -0.104710 (VIOLATED)
fanout1119/Z                            0.200000    0.302781   -0.102781 (VIOLATED)
fanout1062/Z                            0.200000    0.301611   -0.101611 (VIOLATED)
fanout1072/Z                            0.200000    0.301245   -0.101245 (VIOLATED)
max_cap1165/Z                           0.200000    0.300479   -0.100479 (VIOLATED)
fanout1305/Z                            0.200000    0.300377   -0.100377 (VIOLATED)
fanout1218/Z                            0.200000    0.299896   -0.099896 (VIOLATED)
fanout1319/Z                            0.200000    0.298939   -0.098939 (VIOLATED)
fanout1323/Z                            0.200000    0.298082   -0.098082 (VIOLATED)
fanout1123/Z                            0.200000    0.297822   -0.097822 (VIOLATED)
fanout1175/Z                            0.200000    0.297669   -0.097669 (VIOLATED)
fanout1104/Z                            0.200000    0.296583   -0.096583 (VIOLATED)
fanout1093/Z                            0.200000    0.296037   -0.096037 (VIOLATED)
fanout1247/Z                            0.200000    0.294942   -0.094942 (VIOLATED)
fanout49/Z                              0.200000    0.294093   -0.094093 (VIOLATED)
fanout1291/Z                            0.200000    0.293519   -0.093519 (VIOLATED)
fanout1109/Z                            0.200000    0.293317   -0.093317 (VIOLATED)
fanout1210/Z                            0.200000    0.292965   -0.092965 (VIOLATED)
fanout1138/Z                            0.200000    0.290982   -0.090982 (VIOLATED)
fanout1241/Z                            0.200000    0.290573   -0.090573 (VIOLATED)
fanout1263/Z                            0.200000    0.289882   -0.089882 (VIOLATED)
fanout1293/Z                            0.200000    0.289418   -0.089418 (VIOLATED)
fanout1331/Z                            0.200000    0.288772   -0.088772 (VIOLATED)
fanout1181/Z                            0.200000    0.288277   -0.088277 (VIOLATED)
fanout1321/Z                            0.200000    0.288183   -0.088183 (VIOLATED)
max_cap1250/Z                           0.200000    0.288104   -0.088104 (VIOLATED)
fanout1144/Z                            0.200000    0.287648   -0.087648 (VIOLATED)
fanout1183/Z                            0.200000    0.287615   -0.087615 (VIOLATED)
fanout1148/Z                            0.200000    0.287441   -0.087441 (VIOLATED)
fanout699/Z                             0.200000    0.286161   -0.086161 (VIOLATED)
fanout546/Z                             0.200000    0.285351   -0.085351 (VIOLATED)
fanout1242/Z                            0.200000    0.284880   -0.084880 (VIOLATED)
fanout981/Z                             0.200000    0.284357   -0.084357 (VIOLATED)
fanout875/Z                             0.200000    0.284082   -0.084082 (VIOLATED)
max_cap1253/Z                           0.200000    0.284075   -0.084075 (VIOLATED)
fanout1225/Z                            0.200000    0.283472   -0.083472 (VIOLATED)
fanout1177/Z                            0.200000    0.283417   -0.083417 (VIOLATED)
fanout1206/Z                            0.200000    0.282565   -0.082565 (VIOLATED)
fanout1158/Z                            0.200000    0.281786   -0.081786 (VIOLATED)
fanout1295/Z                            0.200000    0.281573   -0.081573 (VIOLATED)
fanout1185/Z                            0.200000    0.281146   -0.081146 (VIOLATED)
fanout1076/Z                            0.200000    0.280802   -0.080802 (VIOLATED)
fanout1179/Z                            0.200000    0.279891   -0.079891 (VIOLATED)
fanout1127/Z                            0.200000    0.278072   -0.078072 (VIOLATED)
max_cap1262/Z                           0.200000    0.277861   -0.077861 (VIOLATED)
fanout1265/Z                            0.200000    0.277808   -0.077808 (VIOLATED)
fanout1063/Z                            0.200000    0.277138   -0.077138 (VIOLATED)
fanout1099/Z                            0.200000    0.276593   -0.076593 (VIOLATED)
fanout1111/Z                            0.200000    0.276403   -0.076403 (VIOLATED)
fanout1142/Z                            0.200000    0.276274   -0.076274 (VIOLATED)
fanout1115/Z                            0.200000    0.275919   -0.075919 (VIOLATED)
fanout1140/Z                            0.200000    0.275661   -0.075661 (VIOLATED)
fanout934/Z                             0.200000    0.274934   -0.074934 (VIOLATED)
_14974_/ZN                              0.200000    0.274802   -0.074802 (VIOLATED)
fanout1200/Z                            0.200000    0.273669   -0.073669 (VIOLATED)
fanout1189/Z                            0.200000    0.273301   -0.073301 (VIOLATED)
fanout1057/Z                            0.200000    0.273088   -0.073088 (VIOLATED)
fanout1078/Z                            0.200000    0.272857   -0.072857 (VIOLATED)
fanout1170/Z                            0.200000    0.272096   -0.072096 (VIOLATED)
fanout1191/Z                            0.200000    0.271256   -0.071256 (VIOLATED)
fanout1156/Z                            0.200000    0.270892   -0.070892 (VIOLATED)
fanout1273/Z                            0.200000    0.270555   -0.070555 (VIOLATED)
fanout1146/Z                            0.200000    0.270277   -0.070277 (VIOLATED)
wire1258/Z                              0.200000    0.270135   -0.070135 (VIOLATED)
fanout1288/Z                            0.200000    0.269437   -0.069437 (VIOLATED)
fanout1160/Z                            0.200000    0.268320   -0.068320 (VIOLATED)
clkbuf_0_clk/Z                          0.200000    0.268152   -0.068152 (VIOLATED)
fanout1286/Z                            0.200000    0.267427   -0.067427 (VIOLATED)
fanout1447/Z                            0.200000    0.267302   -0.067302 (VIOLATED)
fanout1162/Z                            0.200000    0.267222   -0.067222 (VIOLATED)
fanout1239/Z                            0.200000    0.266812   -0.066812 (VIOLATED)
fanout1215/Z                            0.200000    0.266453   -0.066453 (VIOLATED)
fanout1317/Z                            0.200000    0.266066   -0.066066 (VIOLATED)
fanout1061/Z                            0.200000    0.266010   -0.066010 (VIOLATED)
fanout834/Z                             0.200000    0.263811   -0.063811 (VIOLATED)
fanout578/Z                             0.200000    0.263536   -0.063536 (VIOLATED)
fanout1301/Z                            0.200000    0.263090   -0.063090 (VIOLATED)
fanout1091/Z                            0.200000    0.263020   -0.063020 (VIOLATED)
fanout1563/Z                            0.200000    0.262388   -0.062388 (VIOLATED)
fanout1699/Z                            0.200000    0.261676   -0.061676 (VIOLATED)
fanout1445/Z                            0.200000    0.261093   -0.061093 (VIOLATED)
fanout1114/Z                            0.200000    0.261009   -0.061009 (VIOLATED)
fanout1118/Z                            0.200000    0.260993   -0.060993 (VIOLATED)
fanout1312/Z                            0.200000    0.260109   -0.060109 (VIOLATED)
fanout1311/Z                            0.200000    0.259755   -0.059755 (VIOLATED)
fanout1340/Z                            0.200000    0.259008   -0.059008 (VIOLATED)
fanout172/Z                             0.200000    0.258999   -0.058999 (VIOLATED)
fanout1546/Z                            0.200000    0.258720   -0.058720 (VIOLATED)
fanout1309/Z                            0.200000    0.258628   -0.058628 (VIOLATED)
fanout1207/Z                            0.200000    0.258576   -0.058576 (VIOLATED)
fanout1292/Z                            0.200000    0.258553   -0.058553 (VIOLATED)
fanout1231/Z                            0.200000    0.258487   -0.058487 (VIOLATED)
fanout1151/Z                            0.200000    0.258312   -0.058312 (VIOLATED)
fanout197/Z                             0.200000    0.258100   -0.058100 (VIOLATED)
fanout1289/Z                            0.200000    0.258097   -0.058097 (VIOLATED)
fanout816/Z                             0.200000    0.257704   -0.057704 (VIOLATED)
fanout1212/Z                            0.200000    0.257492   -0.057492 (VIOLATED)
fanout1307/Z                            0.200000    0.257303   -0.057303 (VIOLATED)
fanout1303/Z                            0.200000    0.256959   -0.056959 (VIOLATED)
fanout1080/Z                            0.200000    0.256804   -0.056804 (VIOLATED)
fanout1171/Z                            0.200000    0.256598   -0.056598 (VIOLATED)
fanout1113/Z                            0.200000    0.256270   -0.056270 (VIOLATED)
fanout964/Z                             0.200000    0.256043   -0.056043 (VIOLATED)
fanout1088/Z                            0.200000    0.255216   -0.055216 (VIOLATED)
fanout1136/Z                            0.200000    0.254641   -0.054641 (VIOLATED)
fanout1202/Z                            0.200000    0.254640   -0.054640 (VIOLATED)
_18883_/ZN                              0.200000    0.254463   -0.054463 (VIOLATED)
fanout1089/Z                            0.200000    0.254153   -0.054153 (VIOLATED)
fanout1227/Z                            0.200000    0.253460   -0.053460 (VIOLATED)
fanout1188/Z                            0.200000    0.252854   -0.052854 (VIOLATED)
fanout1208/Z                            0.200000    0.252820   -0.052820 (VIOLATED)
fanout1287/Z                            0.200000    0.252676   -0.052676 (VIOLATED)
fanout1325/Z                            0.200000    0.252023   -0.052023 (VIOLATED)
fanout1255/Z                            0.200000    0.251158   -0.051158 (VIOLATED)
_13155_/Z                               0.200000    0.250237   -0.050237 (VIOLATED)
fanout1259/Z                            0.200000    0.249742   -0.049742 (VIOLATED)
fanout1085/Z                            0.200000    0.248497   -0.048497 (VIOLATED)
fanout1313/Z                            0.200000    0.248438   -0.048438 (VIOLATED)
fanout1168/Z                            0.200000    0.248175   -0.048175 (VIOLATED)
fanout1187/Z                            0.200000    0.248165   -0.048165 (VIOLATED)
fanout1235/Z                            0.200000    0.247670   -0.047670 (VIOLATED)
_18543_/Z                               0.200000    0.247327   -0.047327 (VIOLATED)
fanout1095/Z                            0.200000    0.246924   -0.046924 (VIOLATED)
fanout929/Z                             0.200000    0.246071   -0.046071 (VIOLATED)
fanout874/Z                             0.200000    0.245750   -0.045750 (VIOLATED)
fanout164/Z                             0.200000    0.244899   -0.044899 (VIOLATED)
fanout1086/Z                            0.200000    0.244816   -0.044816 (VIOLATED)
fanout570/Z                             0.200000    0.244444   -0.044444 (VIOLATED)
fanout1117/Z                            0.200000    0.244365   -0.044365 (VIOLATED)
fanout799/Z                             0.200000    0.244353   -0.044353 (VIOLATED)
_15802_/ZN                              0.200000    0.243486   -0.043486 (VIOLATED)
fanout1102/Z                            0.200000    0.243084   -0.043084 (VIOLATED)
fanout1055/Z                            0.200000    0.242593   -0.042593 (VIOLATED)
fanout1476/Z                            0.200000    0.242554   -0.042554 (VIOLATED)
fanout1066/Z                            0.200000    0.242076   -0.042076 (VIOLATED)
fanout1150/Z                            0.200000    0.241985   -0.041985 (VIOLATED)
fanout1333/Z                            0.200000    0.241659   -0.041659 (VIOLATED)
fanout1213/Z                            0.200000    0.241471   -0.041471 (VIOLATED)
fanout1153/Z                            0.200000    0.241356   -0.041356 (VIOLATED)
fanout1107/Z                            0.200000    0.241088   -0.041088 (VIOLATED)
fanout843/Z                             0.200000    0.240897   -0.040897 (VIOLATED)
fanout854/Z                             0.200000    0.240619   -0.040619 (VIOLATED)
_13377_/Z                               0.200000    0.239740   -0.039740 (VIOLATED)
fanout1245/Z                            0.200000    0.239721   -0.039721 (VIOLATED)
fanout1060/Z                            0.200000    0.239605   -0.039605 (VIOLATED)
fanout40/Z                              0.200000    0.239584   -0.039584 (VIOLATED)
fanout1129/Z                            0.200000    0.239467   -0.039467 (VIOLATED)
fanout1190/Z                            0.200000    0.238990   -0.038990 (VIOLATED)
fanout1224/Z                            0.200000    0.238311   -0.038311 (VIOLATED)
fanout1417/Z                            0.200000    0.237780   -0.037780 (VIOLATED)
fanout774/Z                             0.200000    0.237231   -0.037231 (VIOLATED)
fanout1571/Z                            0.200000    0.236568   -0.036568 (VIOLATED)
fanout1405/Z                            0.200000    0.236476   -0.036476 (VIOLATED)
fanout1065/Z                            0.200000    0.236458   -0.036458 (VIOLATED)
fanout1125/Z                            0.200000    0.235896   -0.035896 (VIOLATED)
fanout1297/Z                            0.200000    0.235821   -0.035821 (VIOLATED)
clkbuf_6_18_0_clk/Z                     0.200000    0.235809   -0.035809 (VIOLATED)
fanout1195/Z                            0.200000    0.235595   -0.035595 (VIOLATED)
fanout1154/Z                            0.200000    0.234862   -0.034862 (VIOLATED)
fanout1470/Z                            0.200000    0.233856   -0.033856 (VIOLATED)
fanout1327/Z                            0.200000    0.233322   -0.033322 (VIOLATED)
fanout634/Z                             0.200000    0.233228   -0.033228 (VIOLATED)
fanout1299/Z                            0.200000    0.233097   -0.033097 (VIOLATED)
max_cap1083/Z                           0.200000    0.232980   -0.032980 (VIOLATED)
fanout1130/Z                            0.200000    0.232977   -0.032977 (VIOLATED)
fanout1684/Z                            0.200000    0.232698   -0.032698 (VIOLATED)
fanout194/Z                             0.200000    0.232310   -0.032310 (VIOLATED)
fanout1559/Z                            0.200000    0.231184   -0.031184 (VIOLATED)
fanout1134/Z                            0.200000    0.230731   -0.030731 (VIOLATED)
clkbuf_6_16_0_clk/Z                     0.200000    0.230598   -0.030599 (VIOLATED)
fanout716/Z                             0.200000    0.230501   -0.030501 (VIOLATED)
fanout1220/Z                            0.200000    0.230004   -0.030004 (VIOLATED)
_15856_/ZN                              0.200000    0.229615   -0.029615 (VIOLATED)
fanout1193/Z                            0.200000    0.229561   -0.029561 (VIOLATED)
fanout1167/Z                            0.200000    0.229519   -0.029519 (VIOLATED)
fanout786/Z                             0.200000    0.229517   -0.029517 (VIOLATED)
_15861_/ZN                              0.200000    0.228480   -0.028480 (VIOLATED)
fanout1285/Z                            0.200000    0.227921   -0.027921 (VIOLATED)
fanout1139/Z                            0.200000    0.227623   -0.027623 (VIOLATED)
fanout553/Z                             0.200000    0.227522   -0.027522 (VIOLATED)
fanout1105/Z                            0.200000    0.227289   -0.027289 (VIOLATED)
fanout1697/Z                            0.200000    0.227157   -0.027157 (VIOLATED)
fanout1545/Z                            0.200000    0.227037   -0.027037 (VIOLATED)
fanout602/Z                             0.200000    0.226724   -0.026724 (VIOLATED)
fanout969/Z                             0.200000    0.226128   -0.026128 (VIOLATED)
fanout1141/Z                            0.200000    0.225786   -0.025786 (VIOLATED)
fanout1106/Z                            0.200000    0.225712   -0.025712 (VIOLATED)
fanout872/Z                             0.200000    0.225216   -0.025216 (VIOLATED)
fanout1204/Z                            0.200000    0.224468   -0.024468 (VIOLATED)
_18146_/ZN                              0.200000    0.224401   -0.024401 (VIOLATED)
fanout1058/Z                            0.200000    0.223854   -0.023854 (VIOLATED)
_13188_/ZN                              0.200000    0.223649   -0.023649 (VIOLATED)
clkbuf_6_24_0_clk/Z                     0.200000    0.223639   -0.023639 (VIOLATED)
_15873_/ZN                              0.200000    0.223080   -0.023080 (VIOLATED)
fanout769/Z                             0.200000    0.223011   -0.023011 (VIOLATED)
fanout260/Z                             0.200000    0.222564   -0.022564 (VIOLATED)
clkbuf_6_30_0_clk/Z                     0.200000    0.222202   -0.022202 (VIOLATED)
clkbuf_6_27_0_clk/Z                     0.200000    0.222024   -0.022024 (VIOLATED)
fanout833/Z                             0.200000    0.221880   -0.021880 (VIOLATED)
fanout895/Z                             0.200000    0.221657   -0.021657 (VIOLATED)
fanout1233/Z                            0.200000    0.220570   -0.020570 (VIOLATED)
fanout1549/Z                            0.200000    0.220488   -0.020488 (VIOLATED)
_13222_/ZN                              0.200000    0.220426   -0.020426 (VIOLATED)
clkbuf_6_25_0_clk/Z                     0.200000    0.220344   -0.020344 (VIOLATED)
clkbuf_6_20_0_clk/Z                     0.200000    0.220272   -0.020272 (VIOLATED)
fanout960/Z                             0.200000    0.220217   -0.020217 (VIOLATED)
fanout181/Z                             0.200000    0.219522   -0.019522 (VIOLATED)
fanout1708/Z                            0.200000    0.219452   -0.019452 (VIOLATED)
clkbuf_6_22_0_clk/Z                     0.200000    0.219171   -0.019171 (VIOLATED)
fanout701/Z                             0.200000    0.219065   -0.019065 (VIOLATED)
clkbuf_6_15_0_clk/Z                     0.200000    0.218458   -0.018458 (VIOLATED)
fanout621/Z                             0.200000    0.217862   -0.017862 (VIOLATED)
fanout846/Z                             0.200000    0.217765   -0.017765 (VIOLATED)
clkbuf_6_26_0_clk/Z                     0.200000    0.217732   -0.017732 (VIOLATED)
fanout1101/Z                            0.200000    0.217627   -0.017627 (VIOLATED)
_15818_/ZN                              0.200000    0.216775   -0.016775 (VIOLATED)
fanout1406/Z                            0.200000    0.216592   -0.016592 (VIOLATED)
fanout110/Z                             0.200000    0.216537   -0.016537 (VIOLATED)
fanout1243/Z                            0.200000    0.216294   -0.016294 (VIOLATED)
fanout1260/Z                            0.200000    0.216241   -0.016241 (VIOLATED)
fanout1244/Z                            0.200000    0.215906   -0.015906 (VIOLATED)
clkbuf_6_29_0_clk/Z                     0.200000    0.215617   -0.015617 (VIOLATED)
fanout1569/Z                            0.200000    0.214839   -0.014839 (VIOLATED)
fanout1120/Z                            0.200000    0.214787   -0.014787 (VIOLATED)
fanout1116/Z                            0.200000    0.214468   -0.014468 (VIOLATED)
clkbuf_6_23_0_clk/Z                     0.200000    0.213090   -0.013090 (VIOLATED)
fanout847/Z                             0.200000    0.212814   -0.012814 (VIOLATED)
fanout593/Z                             0.200000    0.212787   -0.012787 (VIOLATED)
fanout613/Z                             0.200000    0.212683   -0.012683 (VIOLATED)
_15875_/ZN                              0.200000    0.212503   -0.012503 (VIOLATED)
clkbuf_6_28_0_clk/Z                     0.200000    0.212302   -0.012302 (VIOLATED)
fanout1464/Z                            0.200000    0.212290   -0.012290 (VIOLATED)
fanout865/Z                             0.200000    0.212287   -0.012287 (VIOLATED)
fanout1702/Z                            0.200000    0.212059   -0.012059 (VIOLATED)
_22267_/ZN                              0.200000    0.211953   -0.011953 (VIOLATED)
fanout1237/Z                            0.200000    0.211711   -0.011711 (VIOLATED)
fanout1306/Z                            0.200000    0.211365   -0.011365 (VIOLATED)
clkbuf_6_17_0_clk/Z                     0.200000    0.211164   -0.011164 (VIOLATED)
clkbuf_6_31_0_clk/Z                     0.200000    0.211086   -0.011086 (VIOLATED)
fanout1176/Z                            0.200000    0.210704   -0.010704 (VIOLATED)
fanout841/Z                             0.200000    0.210607   -0.010607 (VIOLATED)
fanout276/Z                             0.200000    0.210505   -0.010505 (VIOLATED)
clkbuf_6_19_0_clk/Z                     0.200000    0.210389   -0.010389 (VIOLATED)
_13350_/ZN                              0.200000    0.209787   -0.009787 (VIOLATED)
fanout1174/Z                            0.200000    0.209758   -0.009758 (VIOLATED)
fanout861/Z                             0.200000    0.209742   -0.009742 (VIOLATED)
fanout1472/Z                            0.200000    0.209606   -0.009606 (VIOLATED)
_12843_/ZN                              0.200000    0.209534   -0.009534 (VIOLATED)
fanout805/Z                             0.200000    0.209279   -0.009279 (VIOLATED)
fanout248/Z                             0.200000    0.209244   -0.009244 (VIOLATED)
_15874_/ZN                              0.200000    0.209225   -0.009225 (VIOLATED)
fanout1468/Z                            0.200000    0.209224   -0.009224 (VIOLATED)
fanout770/Z                             0.200000    0.209208   -0.009208 (VIOLATED)
fanout233/Z                             0.200000    0.208635   -0.008635 (VIOLATED)
_15878_/ZN                              0.200000    0.208608   -0.008608 (VIOLATED)
fanout1059/Z                            0.200000    0.208469   -0.008469 (VIOLATED)
_12849_/Z                               0.200000    0.208321   -0.008321 (VIOLATED)
fanout733/Z                             0.200000    0.208311   -0.008311 (VIOLATED)
_15834_/ZN                              0.200000    0.207975   -0.007975 (VIOLATED)
fanout832/Z                             0.200000    0.207711   -0.007711 (VIOLATED)
fanout1567/Z                            0.200000    0.207062   -0.007062 (VIOLATED)
max_cap1132/Z                           0.200000    0.207062   -0.007062 (VIOLATED)
fanout982/Z                             0.200000    0.207021   -0.007021 (VIOLATED)
clkbuf_6_21_0_clk/Z                     0.200000    0.206439   -0.006439 (VIOLATED)
fanout1577/Z                            0.200000    0.206100   -0.006100 (VIOLATED)
_17802_/Z                               0.124600    0.130427   -0.005827 (VIOLATED)
fanout1485/Z                            0.200000    0.205649   -0.005649 (VIOLATED)
fanout931/Z                             0.200000    0.205617   -0.005617 (VIOLATED)
_15880_/ZN                              0.200000    0.205566   -0.005566 (VIOLATED)
max_cap1223/Z                           0.200000    0.205031   -0.005031 (VIOLATED)
fanout884/Z                             0.200000    0.204640   -0.004640 (VIOLATED)
fanout1133/Z                            0.200000    0.204584   -0.004584 (VIOLATED)
fanout741/Z                             0.200000    0.204253   -0.004253 (VIOLATED)
fanout1302/Z                            0.200000    0.204030   -0.004030 (VIOLATED)
fanout559/Z                             0.200000    0.203914   -0.003914 (VIOLATED)
fanout902/Z                             0.200000    0.203909   -0.003909 (VIOLATED)
fanout1483/Z                            0.200000    0.203894   -0.003894 (VIOLATED)
clkbuf_6_10_0_clk/Z                     0.200000    0.203629   -0.003629 (VIOLATED)
fanout223/Z                             0.200000    0.203301   -0.003301 (VIOLATED)
fanout706/Z                             0.200000    0.202914   -0.002914 (VIOLATED)
max_cap1749/Z                           0.200000    0.202571   -0.002571 (VIOLATED)
max_cap1197/Z                           0.200000    0.202331   -0.002331 (VIOLATED)
fanout65/Z                              0.200000    0.202283   -0.002283 (VIOLATED)
fanout1467/Z                            0.200000    0.202223   -0.002223 (VIOLATED)
_14972_/Z                               0.200000    0.201681   -0.001681 (VIOLATED)
_15798_/ZN                              0.200000    0.201315   -0.001315 (VIOLATED)
fanout1152/Z                            0.200000    0.200916   -0.000916 (VIOLATED)
fanout962/Z                             0.200000    0.200796   -0.000796 (VIOLATED)
fanout1471/Z                            0.200000    0.200747   -0.000747 (VIOLATED)
fanout610/Z                             0.200000    0.200702   -0.000702 (VIOLATED)
fanout893/Z                             0.200000    0.200610   -0.000610 (VIOLATED)



===========================================================================
report_parasitic_annotation -report_unannotated
============================================================================
Found 495 unannotated drivers.
 clkload0/ZN
 clkload1/ZN
 clkload10/ZN
 clkload100/Z
 clkload101/Z
 clkload102/ZN
 clkload103/Z
 clkload104/ZN
 clkload105/Z
 clkload106/ZN
 clkload107/Z
 clkload108/ZN
 clkload109/Z
 clkload11/ZN
 clkload110/Z
 clkload111/ZN
 clkload112/Z
 clkload113/ZN
 clkload114/ZN
 clkload115/ZN
 clkload116/ZN
 clkload117/Z
 clkload118/ZN
 clkload119/ZN
 clkload12/ZN
 clkload120/ZN
 clkload121/ZN
 clkload122/ZN
 clkload123/ZN
 clkload124/ZN
 clkload125/ZN
 clkload126/ZN
 clkload127/ZN
 clkload128/ZN
 clkload129/ZN
 clkload13/ZN
 clkload130/Z
 clkload131/ZN
 clkload132/ZN
 clkload133/ZN
 clkload134/ZN
 clkload135/Z
 clkload136/ZN
 clkload137/Z
 clkload138/ZN
 clkload139/ZN
 clkload14/Z
 clkload140/ZN
 clkload141/ZN
 clkload142/ZN
 clkload143/ZN
 clkload144/ZN
 clkload145/ZN
 clkload146/ZN
 clkload147/ZN
 clkload148/ZN
 clkload149/Z
 clkload15/ZN
 clkload150/ZN
 clkload151/Z
 clkload152/Z
 clkload153/ZN
 clkload154/ZN
 clkload155/ZN
 clkload156/Z
 clkload157/Z
 clkload158/ZN
 clkload159/ZN
 clkload16/ZN
 clkload160/ZN
 clkload161/Z
 clkload162/Z
 clkload163/ZN
 clkload164/Z
 clkload165/ZN
 clkload166/ZN
 clkload167/ZN
 clkload168/ZN
 clkload169/ZN
 clkload17/ZN
 clkload170/Z
 clkload171/Z
 clkload172/ZN
 clkload173/ZN
 clkload174/ZN
 clkload175/ZN
 clkload176/ZN
 clkload177/ZN
 clkload178/ZN
 clkload179/ZN
 clkload18/ZN
 clkload180/ZN
 clkload181/ZN
 clkload182/ZN
 clkload183/Z
 clkload184/Z
 clkload185/Z
 clkload186/Z
 clkload187/ZN
 clkload188/ZN
 clkload189/ZN
 clkload19/ZN
 clkload190/Z
 clkload191/Z
 clkload192/Z
 clkload193/Z
 clkload194/ZN
 clkload195/Z
 clkload196/ZN
 clkload197/ZN
 clkload198/ZN
 clkload199/ZN
 clkload2/ZN
 clkload20/ZN
 clkload200/Z
 clkload201/ZN
 clkload202/Z
 clkload203/ZN
 clkload204/ZN
 clkload205/ZN
 clkload206/Z
 clkload207/ZN
 clkload208/ZN
 clkload209/ZN
 clkload21/ZN
 clkload210/ZN
 clkload211/ZN
 clkload212/Z
 clkload213/Z
 clkload214/ZN
 clkload215/Z
 clkload216/Z
 clkload217/ZN
 clkload218/ZN
 clkload219/ZN
 clkload22/ZN
 clkload220/Z
 clkload221/ZN
 clkload222/ZN
 clkload223/ZN
 clkload224/Z
 clkload225/ZN
 clkload226/Z
 clkload227/Z
 clkload228/Z
 clkload229/ZN
 clkload23/ZN
 clkload230/ZN
 clkload231/Z
 clkload232/ZN
 clkload233/ZN
 clkload234/Z
 clkload235/ZN
 clkload236/ZN
 clkload237/ZN
 clkload238/ZN
 clkload239/Z
 clkload24/ZN
 clkload240/ZN
 clkload241/ZN
 clkload242/ZN
 clkload243/Z
 clkload244/ZN
 clkload245/ZN
 clkload246/Z
 clkload247/Z
 clkload248/Z
 clkload249/Z
 clkload25/ZN
 clkload250/ZN
 clkload251/ZN
 clkload252/Z
 clkload253/Z
 clkload254/ZN
 clkload255/Z
 clkload256/ZN
 clkload257/Z
 clkload258/ZN
 clkload259/Z
 clkload26/Z
 clkload260/ZN
 clkload261/ZN
 clkload262/Z
 clkload263/ZN
 clkload264/ZN
 clkload265/ZN
 clkload266/Z
 clkload267/Z
 clkload268/ZN
 clkload269/ZN
 clkload27/ZN
 clkload270/ZN
 clkload271/Z
 clkload272/Z
 clkload273/Z
 clkload274/ZN
 clkload275/Z
 clkload276/Z
 clkload277/Z
 clkload278/Z
 clkload279/Z
 clkload28/ZN
 clkload280/ZN
 clkload281/Z
 clkload282/ZN
 clkload283/Z
 clkload284/Z
 clkload285/ZN
 clkload286/Z
 clkload287/Z
 clkload288/ZN
 clkload289/ZN
 clkload29/ZN
 clkload290/Z
 clkload291/ZN
 clkload292/ZN
 clkload293/Z
 clkload294/Z
 clkload295/ZN
 clkload296/ZN
 clkload297/ZN
 clkload298/ZN
 clkload299/Z
 clkload3/ZN
 clkload30/ZN
 clkload300/ZN
 clkload301/ZN
 clkload302/ZN
 clkload303/Z
 clkload304/ZN
 clkload305/Z
 clkload306/ZN
 clkload307/ZN
 clkload308/Z
 clkload309/Z
 clkload31/ZN
 clkload310/ZN
 clkload311/ZN
 clkload312/Z
 clkload313/Z
 clkload314/ZN
 clkload315/Z
 clkload316/ZN
 clkload317/ZN
 clkload318/ZN
 clkload319/ZN
 clkload32/ZN
 clkload320/ZN
 clkload321/ZN
 clkload322/ZN
 clkload323/ZN
 clkload324/ZN
 clkload325/ZN
 clkload326/ZN
 clkload327/Z
 clkload328/ZN
 clkload329/Z
 clkload33/Z
 clkload330/ZN
 clkload331/Z
 clkload332/ZN
 clkload333/Z
 clkload334/ZN
 clkload335/ZN
 clkload336/ZN
 clkload337/Z
 clkload338/ZN
 clkload339/ZN
 clkload34/ZN
 clkload340/Z
 clkload341/ZN
 clkload342/Z
 clkload343/ZN
 clkload344/ZN
 clkload345/ZN
 clkload346/ZN
 clkload347/ZN
 clkload348/ZN
 clkload349/Z
 clkload35/ZN
 clkload350/Z
 clkload351/Z
 clkload352/Z
 clkload353/Z
 clkload354/Z
 clkload355/Z
 clkload356/Z
 clkload357/ZN
 clkload358/ZN
 clkload359/ZN
 clkload36/ZN
 clkload360/ZN
 clkload361/Z
 clkload362/Z
 clkload363/Z
 clkload364/Z
 clkload365/Z
 clkload366/Z
 clkload367/Z
 clkload368/ZN
 clkload369/Z
 clkload37/ZN
 clkload370/ZN
 clkload371/ZN
 clkload372/ZN
 clkload373/ZN
 clkload374/Z
 clkload375/Z
 clkload376/Z
 clkload377/Z
 clkload378/Z
 clkload379/Z
 clkload38/ZN
 clkload380/Z
 clkload381/Z
 clkload382/ZN
 clkload383/ZN
 clkload384/ZN
 clkload385/Z
 clkload386/ZN
 clkload387/Z
 clkload388/Z
 clkload389/Z
 clkload39/ZN
 clkload390/Z
 clkload391/Z
 clkload392/ZN
 clkload393/ZN
 clkload394/ZN
 clkload395/ZN
 clkload396/ZN
 clkload397/ZN
 clkload398/Z
 clkload399/ZN
 clkload4/Z
 clkload40/ZN
 clkload400/ZN
 clkload401/ZN
 clkload402/Z
 clkload403/ZN
 clkload404/Z
 clkload405/ZN
 clkload406/ZN
 clkload407/ZN
 clkload408/ZN
 clkload409/ZN
 clkload41/ZN
 clkload410/ZN
 clkload411/ZN
 clkload412/ZN
 clkload413/ZN
 clkload414/ZN
 clkload415/ZN
 clkload416/ZN
 clkload417/Z
 clkload418/ZN
 clkload419/ZN
 clkload42/ZN
 clkload420/ZN
 clkload421/ZN
 clkload422/ZN
 clkload423/ZN
 clkload424/ZN
 clkload425/ZN
 clkload426/ZN
 clkload427/Z
 clkload428/ZN
 clkload429/ZN
 clkload43/ZN
 clkload430/Z
 clkload431/Z
 clkload432/Z
 clkload433/ZN
 clkload434/ZN
 clkload435/ZN
 clkload436/ZN
 clkload437/Z
 clkload438/ZN
 clkload439/Z
 clkload44/ZN
 clkload440/ZN
 clkload441/ZN
 clkload442/ZN
 clkload443/Z
 clkload444/Z
 clkload445/Z
 clkload446/Z
 clkload447/ZN
 clkload448/Z
 clkload449/Z
 clkload45/ZN
 clkload450/Z
 clkload451/ZN
 clkload452/ZN
 clkload453/ZN
 clkload454/ZN
 clkload455/ZN
 clkload456/Z
 clkload457/ZN
 clkload458/Z
 clkload459/Z
 clkload46/ZN
 clkload460/Z
 clkload461/Z
 clkload462/ZN
 clkload463/Z
 clkload464/Z
 clkload465/Z
 clkload466/Z
 clkload467/Z
 clkload468/Z
 clkload469/Z
 clkload47/ZN
 clkload470/ZN
 clkload471/ZN
 clkload472/ZN
 clkload473/Z
 clkload474/ZN
 clkload475/Z
 clkload476/ZN
 clkload477/ZN
 clkload478/Z
 clkload479/ZN
 clkload48/ZN
 clkload480/ZN
 clkload481/Z
 clkload482/ZN
 clkload483/ZN
 clkload484/ZN
 clkload485/ZN
 clkload486/ZN
 clkload487/ZN
 clkload488/ZN
 clkload489/Z
 clkload49/ZN
 clkload490/Z
 clkload491/Z
 clkload492/ZN
 clkload493/Z
 clkload494/ZN
 clkload5/ZN
 clkload50/ZN
 clkload51/ZN
 clkload52/ZN
 clkload53/ZN
 clkload54/ZN
 clkload55/ZN
 clkload56/ZN
 clkload57/ZN
 clkload58/ZN
 clkload59/ZN
 clkload6/ZN
 clkload60/ZN
 clkload61/ZN
 clkload62/Z
 clkload63/ZN
 clkload64/ZN
 clkload65/ZN
 clkload66/ZN
 clkload67/ZN
 clkload68/ZN
 clkload69/ZN
 clkload7/ZN
 clkload70/ZN
 clkload71/ZN
 clkload72/ZN
 clkload73/ZN
 clkload74/ZN
 clkload75/ZN
 clkload76/ZN
 clkload77/ZN
 clkload78/ZN
 clkload79/Z
 clkload8/Z
 clkload80/Z
 clkload81/ZN
 clkload82/ZN
 clkload83/ZN
 clkload84/Z
 clkload85/Z
 clkload86/ZN
 clkload87/ZN
 clkload88/ZN
 clkload89/ZN
 clkload9/ZN
 clkload90/Z
 clkload91/Z
 clkload92/Z
 clkload93/Z
 clkload94/Z
 clkload95/Z
 clkload96/Z
 clkload97/ZN
 clkload98/Z
 clkload99/Z
Found 0 partially unannotated drivers.

===========================================================================
max slew violation count 361
max fanout violation count 24
max cap violation count 314
============================================================================

===========================================================================
check_setup -verbose -unconstrained_endpoints -multiple_clock -no_clock -no_input_delay -loops -generated_clocks
===========================================================================
