Clock: clk
Sources: clk 
Generated: no
Virtual: yes
Propagated: no
Period: 40.000000

===========================================================================
report_clock_properties
============================================================================
Clock                   Period          Waveform
----------------------------------------------------
clk                  40.000000    0.000000 20.000000

===========================================================================
report_clock_latency
============================================================================
Clock clk
rise -> rise
    min     max
0.000000 0.000000 source latency
3.645211         network latency _27320_/CLK
        4.511522 network latency _26455_/CLK
---------------
3.645211 4.511522 latency
        0.866311 skew

fall -> fall
    min     max
0.000000 0.000000 source latency
3.702096         network latency _27320_/CLK
        4.712257 network latency _26455_/CLK
---------------
3.702096 4.712257 latency
        1.010161 skew



===========================================================================
report_clock_min_period
============================================================================
clk period_min = 30.24 fmax = 33.07
