Clock: clk
Sources: clk 
Generated: no
Virtual: yes
Propagated: no
Period: 20.000000

===========================================================================
report_clock_properties
============================================================================
Clock                   Period          Waveform
----------------------------------------------------
clk                  20.000000    0.000000 10.000000

===========================================================================
report_clock_latency
============================================================================
Clock clk
rise -> rise
    min     max
0.000000 0.000000 source latency
2.208901         network latency _25369_/CLK
        2.850463 network latency _26139_/CLK
---------------
2.208901 2.850463 latency
        0.641562 skew

fall -> fall
    min     max
0.000000 0.000000 source latency
2.213378         network latency _25369_/CLK
        2.954857 network latency _26139_/CLK
---------------
2.213378 2.954857 latency
        0.741479 skew



===========================================================================
report_clock_min_period
============================================================================
clk period_min = 14.57 fmax = 68.63
