
===========================================================================
report_checks -unconstrained
===========================================================================
======================= nom_ff_n40C_5v50 Corner ===================================

Startpoint: rst (input port clocked by clk)
Endpoint: _27672_ (recovery check against rising-edge clock clk)
Path Group: asynchronous
Path Type: max

Fanout         Cap        Slew       Delay        Time   Description
---------------------------------------------------------------------------------------------
                                  0.000000    0.000000   clock clk (rise edge)
                                  0.000000    0.000000   clock network delay (propagated)
                                  4.000000    4.000000 v input external delay
     1    0.003557    0.039647    0.014638    4.014637 v rst (in)
                                                         rst (net)
                      0.039647    0.000000    4.014637 v input3/I (gf180mcu_fd_sc_mcu7t5v0__buf_1)
     2    0.100527    0.666020    0.532915    4.547552 v input3/Z (gf180mcu_fd_sc_mcu7t5v0__buf_1)
                                                         net3 (net)
                      0.666353    0.008586    4.556139 v fanout1841/I (gf180mcu_fd_sc_mcu7t5v0__buf_2)
     6    0.146086    0.485102    0.578034    5.134173 v fanout1841/Z (gf180mcu_fd_sc_mcu7t5v0__buf_2)
                                                         net1841 (net)
                      0.485341    0.006175    5.140348 v fanout1828/I (gf180mcu_fd_sc_mcu7t5v0__buf_2)
     6    0.087501    0.300154    0.419236    5.559584 v fanout1828/Z (gf180mcu_fd_sc_mcu7t5v0__buf_2)
                                                         net1828 (net)
                      0.300172    0.001311    5.560895 v fanout1827/I (gf180mcu_fd_sc_mcu7t5v0__buf_2)
     9    0.129862    0.432120    0.452293    6.013189 v fanout1827/Z (gf180mcu_fd_sc_mcu7t5v0__buf_2)
                                                         net1827 (net)
                      0.432133    0.001352    6.014541 v fanout1826/I (gf180mcu_fd_sc_mcu7t5v0__buf_2)
    10    0.081322    0.279168    0.392139    6.406680 v fanout1826/Z (gf180mcu_fd_sc_mcu7t5v0__buf_2)
                                                         net1826 (net)
                      0.279187    0.001325    6.408005 v fanout1825/I (gf180mcu_fd_sc_mcu7t5v0__buf_2)
    10    0.072588    0.252101    0.335073    6.743077 v fanout1825/Z (gf180mcu_fd_sc_mcu7t5v0__buf_2)
                                                         net1825 (net)
                      0.252161    0.002204    6.745281 v _24898_/I (gf180mcu_fd_sc_mcu7t5v0__clkinv_1)
     1    0.017926    0.231927    0.198887    6.944169 ^ _24898_/ZN (gf180mcu_fd_sc_mcu7t5v0__clkinv_1)
                                                         _00817_ (net)
                      0.231927    0.000729    6.944897 ^ _27672_/RN (gf180mcu_fd_sc_mcu7t5v0__dffrnq_2)
                                              6.944897   data arrival time

                                 20.000000   20.000000   clock clk (rise edge)
                                  0.000000   20.000000   clock source latency
     1    0.144225    0.396983    0.242260   20.242260 ^ clk (in)
                                                         clk (net)
                      0.403018    0.000000   20.242260 ^ clkbuf_0_clk/I (gf180mcu_fd_sc_mcu7t5v0__clkbuf_16)
     4    0.317032    0.232515    0.321112   20.563372 ^ clkbuf_0_clk/Z (gf180mcu_fd_sc_mcu7t5v0__clkbuf_16)
                                                         clknet_0_clk (net)
                      0.234173    0.010559   20.573931 ^ clkbuf_2_0_0_clk/I (gf180mcu_fd_sc_mcu7t5v0__clkbuf_8)
    16    0.421079    0.579238    0.489576   21.063507 ^ clkbuf_2_0_0_clk/Z (gf180mcu_fd_sc_mcu7t5v0__clkbuf_8)
                                                         clknet_2_0_0_clk (net)
                      0.580081    0.012472   21.075979 ^ clkbuf_6_11_0_clk/I (gf180mcu_fd_sc_mcu7t5v0__clkbuf_8)
     9    0.153906    0.232398    0.340714   21.416693 ^ clkbuf_6_11_0_clk/Z (gf180mcu_fd_sc_mcu7t5v0__clkbuf_8)
                                                         clknet_6_11_0_clk (net)
                      0.232541    0.004366   21.421059 ^ clkbuf_leaf_37_clk/I (gf180mcu_fd_sc_mcu7t5v0__clkbuf_8)
     6    0.035440    0.086495    0.196577   21.617636 ^ clkbuf_leaf_37_clk/Z (gf180mcu_fd_sc_mcu7t5v0__clkbuf_8)
                                                         clknet_leaf_37_clk (net)
                      0.086496    0.000458   21.618095 ^ _27672_/CLK (gf180mcu_fd_sc_mcu7t5v0__dffrnq_2)
                                 -0.250000   21.368095   clock uncertainty
                                  0.000000   21.368095   clock reconvergence pessimism
                                  0.111136   21.479231   library recovery time
                                             21.479231   data required time
---------------------------------------------------------------------------------------------
                                             21.479231   data required time
                                             -6.944897   data arrival time
---------------------------------------------------------------------------------------------
                                             14.534334   slack (MET)


Startpoint: _25494_ (rising edge-triggered flip-flop clocked by clk)
Endpoint: _26219_ (rising edge-triggered flip-flop clocked by clk)
Path Group: clk
Path Type: max

Fanout         Cap        Slew       Delay        Time   Description
---------------------------------------------------------------------------------------------
                                  0.000000    0.000000   clock clk (rise edge)
                                  0.000000    0.000000   clock source latency
     1    0.144225    0.396983    0.242259    0.242259 ^ clk (in)
                                                         clk (net)
                      0.403018    0.000000    0.242259 ^ clkbuf_0_clk/I (gf180mcu_fd_sc_mcu7t5v0__clkbuf_16)
     4    0.317032    0.232515    0.321113    0.563372 ^ clkbuf_0_clk/Z (gf180mcu_fd_sc_mcu7t5v0__clkbuf_16)
                                                         clknet_0_clk (net)
                      0.234173    0.010558    0.573930 ^ clkbuf_2_0_0_clk/I (gf180mcu_fd_sc_mcu7t5v0__clkbuf_8)
    16    0.421079    0.579238    0.489577    1.063506 ^ clkbuf_2_0_0_clk/Z (gf180mcu_fd_sc_mcu7t5v0__clkbuf_8)
                                                         clknet_2_0_0_clk (net)
                      0.580152    0.013000    1.076506 ^ clkbuf_6_3_0_clk/I (gf180mcu_fd_sc_mcu7t5v0__clkbuf_8)
     9    0.149552    0.227576    0.338875    1.415381 ^ clkbuf_6_3_0_clk/Z (gf180mcu_fd_sc_mcu7t5v0__clkbuf_8)
                                                         clknet_6_3_0_clk (net)
                      0.227580    0.001365    1.416746 ^ clkbuf_leaf_487_clk/I (gf180mcu_fd_sc_mcu7t5v0__clkbuf_8)
     8    0.042664    0.094157    0.202009    1.618755 ^ clkbuf_leaf_487_clk/Z (gf180mcu_fd_sc_mcu7t5v0__clkbuf_8)
                                                         clknet_leaf_487_clk (net)
                      0.094158    0.000467    1.619222 ^ _25494_/CLK (gf180mcu_fd_sc_mcu7t5v0__dffrnq_1)
     1    0.011412    0.172312    0.584134    2.203356 ^ _25494_/Q (gf180mcu_fd_sc_mcu7t5v0__dffrnq_1)
                                                         pp_inst.core_inst.reg_cnt_i.data_q[0] (net)
                      0.172312    0.000238    2.203594 ^ fanout1717/I (gf180mcu_fd_sc_mcu7t5v0__buf_4)
     7    0.222885    0.607872    0.435325    2.638919 ^ fanout1717/Z (gf180mcu_fd_sc_mcu7t5v0__buf_4)
                                                         net1717 (net)
                      0.609047    0.014959    2.653878 ^ _12382_/I (gf180mcu_fd_sc_mcu7t5v0__clkinv_2)
     3    0.106667    0.591018    0.476951    3.130830 v _12382_/ZN (gf180mcu_fd_sc_mcu7t5v0__clkinv_2)
                                                         _09184_ (net)
                      0.591107    0.004149    3.134979 v fanout1714/I (gf180mcu_fd_sc_mcu7t5v0__buf_4)
    10    0.243194    0.403511    0.485615    3.620594 v fanout1714/Z (gf180mcu_fd_sc_mcu7t5v0__buf_4)
                                                         net1714 (net)
                      0.403551    0.002350    3.622944 v fanout1713/I (gf180mcu_fd_sc_mcu7t5v0__clkbuf_4)
    10    0.168151    0.461370    0.481897    4.104840 v fanout1713/Z (gf180mcu_fd_sc_mcu7t5v0__clkbuf_4)
                                                         net1713 (net)
                      0.464135    0.020470    4.125310 v _13346_/B (gf180mcu_fd_sc_mcu7t5v0__aoi21_1)
     1    0.030704    0.682404    0.495078    4.620388 ^ _13346_/ZN (gf180mcu_fd_sc_mcu7t5v0__aoi21_1)
                                                         _09960_ (net)
                      0.682405    0.001300    4.621687 ^ fanout1568/I (gf180mcu_fd_sc_mcu7t5v0__buf_2)
     5    0.153860    0.836614    0.606791    5.228479 ^ fanout1568/Z (gf180mcu_fd_sc_mcu7t5v0__buf_2)
                                                         net1568 (net)
                      0.837698    0.017093    5.245571 ^ fanout1567/I (gf180mcu_fd_sc_mcu7t5v0__buf_2)
     5    0.054760    0.318554    0.309051    5.554622 ^ fanout1567/Z (gf180mcu_fd_sc_mcu7t5v0__buf_2)
                                                         net1567 (net)
                      0.318614    0.002441    5.557063 ^ _13349_/A2 (gf180mcu_fd_sc_mcu7t5v0__nor2_1)
     1    0.014516    0.221823    0.175796    5.732859 v _13349_/ZN (gf180mcu_fd_sc_mcu7t5v0__nor2_1)
                                                         _09963_ (net)
                      0.221823    0.000370    5.733229 v fanout1476/I (gf180mcu_fd_sc_mcu7t5v0__buf_4)
     8    0.214251    0.357892    0.368968    6.102197 v fanout1476/Z (gf180mcu_fd_sc_mcu7t5v0__buf_4)
                                                         net1476 (net)
                      0.359805    0.014794    6.116991 v fanout1472/I (gf180mcu_fd_sc_mcu7t5v0__buf_2)
     7    0.102488    0.347208    0.416316    6.533308 v fanout1472/Z (gf180mcu_fd_sc_mcu7t5v0__buf_2)
                                                         net1472 (net)
                      0.347293    0.003100    6.536407 v fanout1471/I (gf180mcu_fd_sc_mcu7t5v0__clkbuf_4)
    10    0.115866    0.326916    0.396104    6.932512 v fanout1471/Z (gf180mcu_fd_sc_mcu7t5v0__clkbuf_4)
                                                         net1471 (net)
                      0.327229    0.005735    6.938247 v _13585_/A2 (gf180mcu_fd_sc_mcu7t5v0__aoi222_2)
     1    0.010715    0.490446    0.341481    7.279727 ^ _13585_/ZN (gf180mcu_fd_sc_mcu7t5v0__aoi222_2)
                                                         _10195_ (net)
                      0.490446    0.000119    7.279847 ^ _13586_/B (gf180mcu_fd_sc_mcu7t5v0__oai211_2)
     1    0.018712    0.271387    0.197245    7.477092 v _13586_/ZN (gf180mcu_fd_sc_mcu7t5v0__oai211_2)
                                                         _10196_ (net)
                      0.271387    0.000195    7.477287 v _13595_/B2 (gf180mcu_fd_sc_mcu7t5v0__aoi22_4)
     4    0.136585    0.865557    0.579499    8.056787 ^ _13595_/ZN (gf180mcu_fd_sc_mcu7t5v0__aoi22_4)
                                                         _10205_ (net)
                      0.865605    0.009899    8.066686 ^ _13597_/A2 (gf180mcu_fd_sc_mcu7t5v0__xor2_1)
     2    0.034620    0.753169    0.506185    8.572870 ^ _13597_/Z (gf180mcu_fd_sc_mcu7t5v0__xor2_1)
                                                         _10207_ (net)
                      0.753170    0.000766    8.573636 ^ _13598_/A2 (gf180mcu_fd_sc_mcu7t5v0__aoi21_4)
     2    0.039804    0.252078    0.101169    8.674805 v _13598_/ZN (gf180mcu_fd_sc_mcu7t5v0__aoi21_4)
                                                         _10208_ (net)
                      0.252079    0.000762    8.675568 v _16067_/B1 (gf180mcu_fd_sc_mcu7t5v0__aoi22_4)
     2    0.169286    1.022815    0.639673    9.315241 ^ _16067_/ZN (gf180mcu_fd_sc_mcu7t5v0__aoi22_4)
                                                         _03429_ (net)
                      1.023266    0.031538    9.346779 ^ fanout492/I (gf180mcu_fd_sc_mcu7t5v0__buf_2)
     6    0.095088    0.531346    0.431002    9.777781 ^ fanout492/Z (gf180mcu_fd_sc_mcu7t5v0__buf_2)
                                                         net492 (net)
                      0.531561    0.005977    9.783758 ^ fanout486/I (gf180mcu_fd_sc_mcu7t5v0__buf_2)
     6    0.072585    0.408636    0.357733   10.141492 ^ fanout486/Z (gf180mcu_fd_sc_mcu7t5v0__buf_2)
                                                         net486 (net)
                      0.408638    0.000485   10.141976 ^ fanout485/I (gf180mcu_fd_sc_mcu7t5v0__buf_1)
     5    0.044447    0.504802    0.413083   10.555059 ^ fanout485/Z (gf180mcu_fd_sc_mcu7t5v0__buf_1)
                                                         net485 (net)
                      0.504805    0.000655   10.555714 ^ fanout484/I (gf180mcu_fd_sc_mcu7t5v0__buf_2)
    10    0.075732    0.426480    0.368980   10.924693 ^ fanout484/Z (gf180mcu_fd_sc_mcu7t5v0__buf_2)
                                                         net484 (net)
                      0.426487    0.001005   10.925699 ^ _21153_/A1 (gf180mcu_fd_sc_mcu7t5v0__oai21_1)
     1    0.004772    0.208076    0.089562   11.015261 v _21153_/ZN (gf180mcu_fd_sc_mcu7t5v0__oai21_1)
                                                         _01861_ (net)
                      0.208076    0.000096   11.015357 v _26219_/D (gf180mcu_fd_sc_mcu7t5v0__dffq_1)
                                             11.015357   data arrival time

                                 20.000000   20.000000   clock clk (rise edge)
                                  0.000000   20.000000   clock source latency
     1    0.144225    0.396983    0.242260   20.242260 ^ clk (in)
                                                         clk (net)
                      0.403018    0.000000   20.242260 ^ clkbuf_0_clk/I (gf180mcu_fd_sc_mcu7t5v0__clkbuf_16)
     4    0.317032    0.232515    0.321112   20.563372 ^ clkbuf_0_clk/Z (gf180mcu_fd_sc_mcu7t5v0__clkbuf_16)
                                                         clknet_0_clk (net)
                      0.234508    0.011948   20.575319 ^ clkbuf_2_3_0_clk/I (gf180mcu_fd_sc_mcu7t5v0__clkbuf_8)
    16    0.409939    0.563262    0.478705   21.054026 ^ clkbuf_2_3_0_clk/Z (gf180mcu_fd_sc_mcu7t5v0__clkbuf_8)
                                                         clknet_2_3_0_clk (net)
                      0.565006    0.017792   21.071817 ^ clkbuf_6_60_0_clk/I (gf180mcu_fd_sc_mcu7t5v0__clkbuf_8)
     9    0.195223    0.284145    0.369813   21.441629 ^ clkbuf_6_60_0_clk/Z (gf180mcu_fd_sc_mcu7t5v0__clkbuf_8)
                                                         clknet_6_60_0_clk (net)
                      0.284183    0.001563   21.443193 ^ clkbuf_leaf_288_clk/I (gf180mcu_fd_sc_mcu7t5v0__clkbuf_8)
     9    0.049003    0.102469    0.216831   21.660025 ^ clkbuf_leaf_288_clk/Z (gf180mcu_fd_sc_mcu7t5v0__clkbuf_8)
                                                         clknet_leaf_288_clk (net)
                      0.102469    0.000572   21.660595 ^ _26219_/CLK (gf180mcu_fd_sc_mcu7t5v0__dffq_1)
                                 -0.250000   21.410597   clock uncertainty
                                  0.000000   21.410597   clock reconvergence pessimism
                                 -0.163628   21.246969   library setup time
                                             21.246969   data required time
---------------------------------------------------------------------------------------------
                                             21.246969   data required time
                                            -11.015357   data arrival time
---------------------------------------------------------------------------------------------
                                             10.231612   slack (MET)




===========================================================================
report_checks --slack_max -0.01
============================================================================
======================= nom_ff_n40C_5v50 Corner ===================================

No paths found.


===========================================================================
 report_check_types -max_slew -max_cap -max_fanout -violators
============================================================================
======================= nom_ff_n40C_5v50 Corner ===================================

max fanout

Pin                                   Limit Fanout  Slack
---------------------------------------------------------
clkbuf_2_0_0_clk/Z                       10     16     -6 (VIOLATED)
clkbuf_2_1_0_clk/Z                       10     16     -6 (VIOLATED)
clkbuf_2_2_0_clk/Z                       10     16     -6 (VIOLATED)
clkbuf_2_3_0_clk/Z                       10     16     -6 (VIOLATED)
clkbuf_6_36_0_clk/Z                      10     13     -3 (VIOLATED)
clkbuf_6_55_0_clk/Z                      10     13     -3 (VIOLATED)
clkbuf_6_32_0_clk/Z                      10     12     -2 (VIOLATED)
clkbuf_6_33_0_clk/Z                      10     12     -2 (VIOLATED)
clkbuf_6_39_0_clk/Z                      10     12     -2 (VIOLATED)
clkbuf_6_41_0_clk/Z                      10     12     -2 (VIOLATED)
clkbuf_6_48_0_clk/Z                      10     12     -2 (VIOLATED)
clkbuf_6_56_0_clk/Z                      10     12     -2 (VIOLATED)
clkbuf_6_57_0_clk/Z                      10     12     -2 (VIOLATED)
clkbuf_6_58_0_clk/Z                      10     12     -2 (VIOLATED)
clkbuf_leaf_301_clk/Z                    10     12     -2 (VIOLATED)
clkbuf_6_34_0_clk/Z                      10     11        (VIOLATED)
clkbuf_6_35_0_clk/Z                      10     11        (VIOLATED)
clkbuf_6_37_0_clk/Z                      10     11        (VIOLATED)
clkbuf_6_38_0_clk/Z                      10     11        (VIOLATED)
clkbuf_6_46_0_clk/Z                      10     11        (VIOLATED)
clkbuf_6_50_0_clk/Z                      10     11        (VIOLATED)
clkbuf_6_54_0_clk/Z                      10     11        (VIOLATED)
clkbuf_6_59_0_clk/Z                      10     11        (VIOLATED)
clkbuf_6_61_0_clk/Z                      10     11        (VIOLATED)
clkbuf_leaf_161_clk/Z                    10     11        (VIOLATED)
clkbuf_leaf_218_clk/Z                    10     11        (VIOLATED)
clkbuf_leaf_290_clk/Z                    10     11        (VIOLATED)

max capacitance

Pin                                        Limit         Cap       Slack
------------------------------------------------------------------------
clkbuf_2_1_0_clk/Z                      0.200000    0.432369   -0.232369 (VIOLATED)
clkbuf_2_0_0_clk/Z                      0.200000    0.421079   -0.221079 (VIOLATED)
clkbuf_2_2_0_clk/Z                      0.200000    0.411842   -0.211842 (VIOLATED)
clkbuf_2_3_0_clk/Z                      0.200000    0.409939   -0.209939 (VIOLATED)
fanout1183/Z                            0.200000    0.344822   -0.144822 (VIOLATED)
fanout1321/Z                            0.200000    0.335950   -0.135950 (VIOLATED)
fanout1070/Z                            0.200000    0.335116   -0.135116 (VIOLATED)
fanout1431/Z                            0.200000    0.322918   -0.122918 (VIOLATED)
fanout1117/Z                            0.200000    0.321057   -0.121057 (VIOLATED)
fanout1332/Z                            0.200000    0.320344   -0.120344 (VIOLATED)
fanout1113/Z                            0.200000    0.319587   -0.119587 (VIOLATED)
fanout1080/Z                            0.200000    0.318499   -0.118499 (VIOLATED)
fanout1238/Z                            0.200000    0.317676   -0.117676 (VIOLATED)
fanout1328/Z                            0.200000    0.317089   -0.117089 (VIOLATED)
clkbuf_0_clk/Z                          0.200000    0.317032   -0.117032 (VIOLATED)
fanout1316/Z                            0.200000    0.316234   -0.116234 (VIOLATED)
fanout1261/Z                            0.200000    0.315843   -0.115843 (VIOLATED)
fanout879/Z                             0.200000    0.315201   -0.115201 (VIOLATED)
fanout1155/Z                            0.200000    0.314627   -0.114627 (VIOLATED)
fanout1065/Z                            0.200000    0.314507   -0.114507 (VIOLATED)
fanout1110/Z                            0.200000    0.310112   -0.110112 (VIOLATED)
fanout1266/Z                            0.200000    0.309530   -0.109530 (VIOLATED)
fanout1243/Z                            0.200000    0.307828   -0.107828 (VIOLATED)
fanout748/Z                             0.200000    0.307352   -0.107352 (VIOLATED)
fanout1195/Z                            0.200000    0.307092   -0.107092 (VIOLATED)
fanout1085/Z                            0.200000    0.306960   -0.106960 (VIOLATED)
fanout1255/Z                            0.200000    0.305435   -0.105435 (VIOLATED)
fanout1075/Z                            0.200000    0.304918   -0.104918 (VIOLATED)
max_cap1092/Z                           0.200000    0.303653   -0.103653 (VIOLATED)
fanout806/Z                             0.200000    0.302932   -0.102932 (VIOLATED)
fanout1149/Z                            0.200000    0.302744   -0.102744 (VIOLATED)
max_cap1318/Z                           0.200000    0.302704   -0.102704 (VIOLATED)
fanout1245/Z                            0.200000    0.300796   -0.100796 (VIOLATED)
fanout1121/Z                            0.200000    0.299499   -0.099499 (VIOLATED)
fanout1323/Z                            0.200000    0.299046   -0.099046 (VIOLATED)
fanout884/Z                             0.200000    0.299026   -0.099026 (VIOLATED)
fanout1296/Z                            0.200000    0.296357   -0.096357 (VIOLATED)
fanout1106/Z                            0.200000    0.295653   -0.095653 (VIOLATED)
fanout1211/Z                            0.200000    0.295290   -0.095290 (VIOLATED)
max_cap1130/Z                           0.200000    0.293005   -0.093005 (VIOLATED)
fanout1197/Z                            0.200000    0.292294   -0.092294 (VIOLATED)
fanout551/Z                             0.200000    0.291819   -0.091819 (VIOLATED)
fanout1125/Z                            0.200000    0.291618   -0.091618 (VIOLATED)
fanout1277/Z                            0.200000    0.291272   -0.091272 (VIOLATED)
fanout1108/Z                            0.200000    0.290615   -0.090615 (VIOLATED)
fanout1185/Z                            0.200000    0.289326   -0.089326 (VIOLATED)
fanout1229/Z                            0.200000    0.289127   -0.089127 (VIOLATED)
fanout1112/Z                            0.200000    0.288956   -0.088956 (VIOLATED)
max_cap1119/Z                           0.200000    0.288686   -0.088686 (VIOLATED)
fanout1164/Z                            0.200000    0.288390   -0.088390 (VIOLATED)
fanout1191/Z                            0.200000    0.287272   -0.087272 (VIOLATED)
fanout1087/Z                            0.200000    0.286799   -0.086799 (VIOLATED)
fanout1269/Z                            0.200000    0.286642   -0.086642 (VIOLATED)
fanout1151/Z                            0.200000    0.285853   -0.085853 (VIOLATED)
fanout231/Z                             0.200000    0.284509   -0.084509 (VIOLATED)
fanout1263/Z                            0.200000    0.283992   -0.083992 (VIOLATED)
fanout1134/Z                            0.200000    0.283798   -0.083798 (VIOLATED)
fanout989/Z                             0.200000    0.283367   -0.083367 (VIOLATED)
fanout1097/Z                            0.200000    0.282874   -0.082874 (VIOLATED)
fanout1098/Z                            0.200000    0.282282   -0.082282 (VIOLATED)
fanout1084/Z                            0.200000    0.281806   -0.081806 (VIOLATED)
fanout1273/Z                            0.200000    0.281146   -0.081146 (VIOLATED)
fanout1256/Z                            0.200000    0.280825   -0.080825 (VIOLATED)
fanout1223/Z                            0.200000    0.280446   -0.080446 (VIOLATED)
fanout1462/Z                            0.200000    0.280425   -0.080425 (VIOLATED)
fanout1189/Z                            0.200000    0.279317   -0.079317 (VIOLATED)
fanout1344/Z                            0.200000    0.279196   -0.079196 (VIOLATED)
fanout972/Z                             0.200000    0.279165   -0.079165 (VIOLATED)
fanout1297/Z                            0.200000    0.277705   -0.077705 (VIOLATED)
fanout1336/Z                            0.200000    0.277317   -0.077317 (VIOLATED)
fanout1586/Z                            0.200000    0.276684   -0.076684 (VIOLATED)
fanout697/Z                             0.200000    0.276545   -0.076545 (VIOLATED)
fanout1275/Z                            0.200000    0.276399   -0.076399 (VIOLATED)
fanout1148/Z                            0.200000    0.275928   -0.075928 (VIOLATED)
fanout1320/Z                            0.200000    0.274916   -0.074916 (VIOLATED)
fanout1190/Z                            0.200000    0.274271   -0.074271 (VIOLATED)
fanout1265/Z                            0.200000    0.273551   -0.073551 (VIOLATED)
fanout1172/Z                            0.200000    0.273143   -0.073143 (VIOLATED)
fanout1330/Z                            0.200000    0.273023   -0.073023 (VIOLATED)
fanout1270/Z                            0.200000    0.272680   -0.072680 (VIOLATED)
_14974_/ZN                              0.200000    0.271624   -0.071624 (VIOLATED)
fanout76/Z                              0.200000    0.270592   -0.070592 (VIOLATED)
wire1209/Z                              0.200000    0.270535   -0.070535 (VIOLATED)
fanout1141/Z                            0.200000    0.269897   -0.069897 (VIOLATED)
fanout823/Z                             0.200000    0.268650   -0.068650 (VIOLATED)
fanout1258/Z                            0.200000    0.268424   -0.068424 (VIOLATED)
fanout1227/Z                            0.200000    0.268366   -0.068366 (VIOLATED)
fanout1203/Z                            0.200000    0.268292   -0.068292 (VIOLATED)
fanout1253/Z                            0.200000    0.268177   -0.068177 (VIOLATED)
fanout1247/Z                            0.200000    0.267213   -0.067213 (VIOLATED)
fanout1168/Z                            0.200000    0.266942   -0.066942 (VIOLATED)
fanout1170/Z                            0.200000    0.266405   -0.066405 (VIOLATED)
fanout1225/Z                            0.200000    0.266359   -0.066359 (VIOLATED)
fanout730/Z                             0.200000    0.266239   -0.066239 (VIOLATED)
fanout1207/Z                            0.200000    0.265471   -0.065471 (VIOLATED)
fanout1071/Z                            0.200000    0.265386   -0.065386 (VIOLATED)
fanout1161/Z                            0.200000    0.265154   -0.065154 (VIOLATED)
fanout1127/Z                            0.200000    0.265035   -0.065035 (VIOLATED)
fanout1157/Z                            0.200000    0.264136   -0.064136 (VIOLATED)
fanout739/Z                             0.200000    0.263621   -0.063621 (VIOLATED)
fanout1182/Z                            0.200000    0.263483   -0.063483 (VIOLATED)
fanout1102/Z                            0.200000    0.263477   -0.063477 (VIOLATED)
fanout1274/Z                            0.200000    0.263161   -0.063161 (VIOLATED)
fanout1342/Z                            0.200000    0.262549   -0.062549 (VIOLATED)
fanout1239/Z                            0.200000    0.262505   -0.062505 (VIOLATED)
fanout575/Z                             0.200000    0.261381   -0.061381 (VIOLATED)
fanout1459/Z                            0.200000    0.260527   -0.060527 (VIOLATED)
fanout1334/Z                            0.200000    0.260462   -0.060462 (VIOLATED)
fanout1180/Z                            0.200000    0.259681   -0.059681 (VIOLATED)
fanout1136/Z                            0.200000    0.259103   -0.059103 (VIOLATED)
fanout1147/Z                            0.200000    0.258749   -0.058749 (VIOLATED)
fanout1300/Z                            0.200000    0.258599   -0.058599 (VIOLATED)
fanout1578/Z                            0.200000    0.258517   -0.058517 (VIOLATED)
fanout1104/Z                            0.200000    0.257905   -0.057905 (VIOLATED)
fanout1201/Z                            0.200000    0.256049   -0.056049 (VIOLATED)
fanout1326/Z                            0.200000    0.254642   -0.054642 (VIOLATED)
fanout1094/Z                            0.200000    0.254525   -0.054525 (VIOLATED)
fanout1123/Z                            0.200000    0.253706   -0.053706 (VIOLATED)
max_cap1307/Z                           0.200000    0.253076   -0.053076 (VIOLATED)
fanout1304/Z                            0.200000    0.252771   -0.052771 (VIOLATED)
fanout705/Z                             0.200000    0.252660   -0.052660 (VIOLATED)
fanout1234/Z                            0.200000    0.251831   -0.051831 (VIOLATED)
fanout1228/Z                            0.200000    0.251809   -0.051809 (VIOLATED)
fanout1430/Z                            0.200000    0.251703   -0.051703 (VIOLATED)
fanout1418/Z                            0.200000    0.251126   -0.051126 (VIOLATED)
fanout1193/Z                            0.200000    0.250655   -0.050655 (VIOLATED)
fanout855/Z                             0.200000    0.250406   -0.050406 (VIOLATED)
fanout1138/Z                            0.200000    0.249935   -0.049935 (VIOLATED)
fanout1322/Z                            0.200000    0.249665   -0.049665 (VIOLATED)
fanout1340/Z                            0.200000    0.249557   -0.049557 (VIOLATED)
fanout1221/Z                            0.200000    0.248740   -0.048740 (VIOLATED)
fanout1249/Z                            0.200000    0.248584   -0.048584 (VIOLATED)
fanout1096/Z                            0.200000    0.248128   -0.048128 (VIOLATED)
fanout1205/Z                            0.200000    0.248108   -0.048108 (VIOLATED)
fanout1315/Z                            0.200000    0.248015   -0.048015 (VIOLATED)
fanout1478/Z                            0.200000    0.247832   -0.047832 (VIOLATED)
fanout1460/Z                            0.200000    0.247748   -0.047748 (VIOLATED)
fanout1074/Z                            0.200000    0.247487   -0.047487 (VIOLATED)
fanout1144/Z                            0.200000    0.247128   -0.047128 (VIOLATED)
fanout1346/Z                            0.200000    0.247048   -0.047048 (VIOLATED)
fanout1283/Z                            0.200000    0.246890   -0.046890 (VIOLATED)
fanout1252/Z                            0.200000    0.246538   -0.046538 (VIOLATED)
fanout1114/Z                            0.200000    0.245163   -0.045163 (VIOLATED)
fanout1063/Z                            0.200000    0.245003   -0.045003 (VIOLATED)
fanout1140/Z                            0.200000    0.244959   -0.044959 (VIOLATED)
fanout1116/Z                            0.200000    0.243922   -0.043922 (VIOLATED)
fanout1089/Z                            0.200000    0.243805   -0.043805 (VIOLATED)
_18543_/Z                               0.200000    0.243805   -0.043805 (VIOLATED)
_13222_/ZN                              0.200000    0.243649   -0.043649 (VIOLATED)
fanout1124/Z                            0.200000    0.243196   -0.043196 (VIOLATED)
fanout1714/Z                            0.200000    0.243194   -0.043194 (VIOLATED)
fanout1220/Z                            0.200000    0.243065   -0.043065 (VIOLATED)
fanout1100/Z                            0.200000    0.242516   -0.042516 (VIOLATED)
fanout1313/Z                            0.200000    0.242497   -0.042497 (VIOLATED)
_18883_/ZN                              0.200000    0.242233   -0.042233 (VIOLATED)
fanout1213/Z                            0.200000    0.241417   -0.041417 (VIOLATED)
fanout1187/Z                            0.200000    0.240447   -0.040447 (VIOLATED)
fanout1254/Z                            0.200000    0.240434   -0.040434 (VIOLATED)
fanout1699/Z                            0.200000    0.240326   -0.040326 (VIOLATED)
fanout1145/Z                            0.200000    0.240206   -0.040206 (VIOLATED)
fanout1152/Z                            0.200000    0.240079   -0.040079 (VIOLATED)
fanout1088/Z                            0.200000    0.240070   -0.040070 (VIOLATED)
fanout1216/Z                            0.200000    0.239737   -0.039737 (VIOLATED)
fanout1115/Z                            0.200000    0.239704   -0.039704 (VIOLATED)
fanout1302/Z                            0.200000    0.238994   -0.038994 (VIOLATED)
fanout851/Z                             0.200000    0.238582   -0.038582 (VIOLATED)
fanout1241/Z                            0.200000    0.238406   -0.038406 (VIOLATED)
fanout1350/Z                            0.200000    0.238375   -0.038375 (VIOLATED)
fanout938/Z                             0.200000    0.238351   -0.038351 (VIOLATED)
fanout1126/Z                            0.200000    0.237536   -0.037536 (VIOLATED)
_15875_/ZN                              0.200000    0.237403   -0.037403 (VIOLATED)
fanout1338/Z                            0.200000    0.236928   -0.036928 (VIOLATED)
fanout641/Z                             0.200000    0.236926   -0.036926 (VIOLATED)
fanout271/Z                             0.200000    0.236498   -0.036498 (VIOLATED)
fanout883/Z                             0.200000    0.235965   -0.035965 (VIOLATED)
fanout1484/Z                            0.200000    0.235941   -0.035941 (VIOLATED)
fanout1295/Z                            0.200000    0.235897   -0.035897 (VIOLATED)
fanout1162/Z                            0.200000    0.235728   -0.035728 (VIOLATED)
fanout1132/Z                            0.200000    0.234982   -0.034982 (VIOLATED)
fanout1309/Z                            0.200000    0.234314   -0.034314 (VIOLATED)
fanout1324/Z                            0.200000    0.233788   -0.033788 (VIOLATED)
fanout1153/Z                            0.200000    0.233570   -0.033570 (VIOLATED)
fanout744/Z                             0.200000    0.232994   -0.032994 (VIOLATED)
fanout1486/Z                            0.200000    0.232599   -0.032599 (VIOLATED)
fanout280/Z                             0.200000    0.232518   -0.032518 (VIOLATED)
fanout863/Z                             0.200000    0.232308   -0.032308 (VIOLATED)
fanout1417/Z                            0.200000    0.231609   -0.031609 (VIOLATED)
fanout1069/Z                            0.200000    0.230573   -0.030573 (VIOLATED)
fanout1212/Z                            0.200000    0.230530   -0.030530 (VIOLATED)
_13339_/ZN                              0.200000    0.229572   -0.029572 (VIOLATED)
fanout1712/Z                            0.200000    0.228592   -0.028592 (VIOLATED)
fanout1325/Z                            0.200000    0.228115   -0.028115 (VIOLATED)
fanout904/Z                             0.200000    0.227313   -0.027313 (VIOLATED)
_12843_/ZN                              0.200000    0.227279   -0.027279 (VIOLATED)
fanout1073/Z                            0.200000    0.227170   -0.027170 (VIOLATED)
fanout990/Z                             0.200000    0.227091   -0.027091 (VIOLATED)
_15802_/ZN                              0.200000    0.226712   -0.026712 (VIOLATED)
fanout1272/Z                            0.200000    0.226489   -0.026489 (VIOLATED)
fanout1271/Z                            0.200000    0.226026   -0.026026 (VIOLATED)
fanout1086/Z                            0.200000    0.225805   -0.025805 (VIOLATED)
_13188_/ZN                              0.200000    0.225792   -0.025792 (VIOLATED)
fanout881/Z                             0.200000    0.225332   -0.025332 (VIOLATED)
fanout1319/Z                            0.200000    0.225199   -0.025199 (VIOLATED)
max_cap1299/Z                           0.200000    0.224845   -0.024845 (VIOLATED)
fanout1202/Z                            0.200000    0.224710   -0.024710 (VIOLATED)
_14972_/Z                               0.200000    0.224535   -0.024535 (VIOLATED)
fanout1314/Z                            0.200000    0.223806   -0.023806 (VIOLATED)
fanout1235/Z                            0.200000    0.223515   -0.023515 (VIOLATED)
fanout1352/Z                            0.200000    0.222969   -0.022969 (VIOLATED)
fanout1717/Z                            0.200000    0.222885   -0.022885 (VIOLATED)
fanout1200/Z                            0.200000    0.222643   -0.022643 (VIOLATED)
fanout1111/Z                            0.200000    0.222393   -0.022393 (VIOLATED)
fanout1174/Z                            0.200000    0.222326   -0.022326 (VIOLATED)
fanout1166/Z                            0.200000    0.221260   -0.021260 (VIOLATED)
_13377_/Z                               0.200000    0.220695   -0.020695 (VIOLATED)
fanout1499/Z                            0.200000    0.220366   -0.020366 (VIOLATED)
fanout1573/Z                            0.200000    0.219335   -0.019335 (VIOLATED)
fanout136/Z                             0.200000    0.218887   -0.018887 (VIOLATED)
clkbuf_6_33_0_clk/Z                     0.200000    0.218069   -0.018069 (VIOLATED)
fanout840/Z                             0.200000    0.217696   -0.017696 (VIOLATED)
fanout256/Z                             0.200000    0.217628   -0.017628 (VIOLATED)
fanout558/Z                             0.200000    0.217599   -0.017600 (VIOLATED)
fanout849/Z                             0.200000    0.217156   -0.017156 (VIOLATED)
clkbuf_6_39_0_clk/Z                     0.200000    0.216220   -0.016220 (VIOLATED)
fanout1720/Z                            0.200000    0.216165   -0.016165 (VIOLATED)
fanout115/Z                             0.200000    0.215782   -0.015782 (VIOLATED)
fanout755/Z                             0.200000    0.215629   -0.015629 (VIOLATED)
fanout1165/Z                            0.200000    0.215573   -0.015573 (VIOLATED)
fanout1693/Z                            0.200000    0.215230   -0.015230 (VIOLATED)
fanout23/Z                              0.200000    0.214648   -0.014648 (VIOLATED)
fanout936/Z                             0.200000    0.214408   -0.014408 (VIOLATED)
fanout1476/Z                            0.200000    0.214251   -0.014251 (VIOLATED)
fanout1292/Z                            0.200000    0.214230   -0.014230 (VIOLATED)
clkbuf_6_36_0_clk/Z                     0.200000    0.214068   -0.014068 (VIOLATED)
_15844_/ZN                              0.200000    0.213828   -0.013828 (VIOLATED)
fanout1259/Z                            0.200000    0.213665   -0.013665 (VIOLATED)
fanout208/Z                             0.200000    0.213608   -0.013608 (VIOLATED)
_15834_/ZN                              0.200000    0.213591   -0.013591 (VIOLATED)
fanout1251/Z                            0.200000    0.213527   -0.013527 (VIOLATED)
clkbuf_6_48_0_clk/Z                     0.200000    0.212836   -0.012836 (VIOLATED)
fanout1592/Z                            0.200000    0.212518   -0.012518 (VIOLATED)
fanout171/Z                             0.200000    0.212279   -0.012279 (VIOLATED)
_15878_/ZN                              0.200000    0.212213   -0.012213 (VIOLATED)
_20966_/ZN                              0.200000    0.212021   -0.012021 (VIOLATED)
fanout1590/Z                            0.200000    0.211743   -0.011743 (VIOLATED)
fanout783/Z                             0.200000    0.211528   -0.011528 (VIOLATED)
fanout206/Z                             0.200000    0.211323   -0.011323 (VIOLATED)
fanout1068/Z                            0.200000    0.210376   -0.010376 (VIOLATED)
max_cap1083/Z                           0.200000    0.210153   -0.010153 (VIOLATED)
clkbuf_6_37_0_clk/Z                     0.200000    0.210137   -0.010137 (VIOLATED)
fanout1214/Z                            0.200000    0.210074   -0.010074 (VIOLATED)
fanout1495/Z                            0.200000    0.210028   -0.010028 (VIOLATED)
fanout826/Z                             0.200000    0.209926   -0.009926 (VIOLATED)
fanout1577/Z                            0.200000    0.209668   -0.009668 (VIOLATED)
fanout264/Z                             0.200000    0.209407   -0.009407 (VIOLATED)
fanout1429/Z                            0.200000    0.209176   -0.009176 (VIOLATED)
fanout1199/Z                            0.200000    0.208963   -0.008963 (VIOLATED)
fanout854/Z                             0.200000    0.208820   -0.008820 (VIOLATED)
fanout1150/Z                            0.200000    0.208471   -0.008471 (VIOLATED)
fanout193/Z                             0.200000    0.208168   -0.008168 (VIOLATED)
fanout67/Z                              0.200000    0.207699   -0.007699 (VIOLATED)
fanout124/Z                             0.200000    0.207449   -0.007449 (VIOLATED)
fanout1067/Z                            0.200000    0.207311   -0.007311 (VIOLATED)
fanout797/Z                             0.200000    0.207139   -0.007139 (VIOLATED)
clkbuf_6_38_0_clk/Z                     0.200000    0.207052   -0.007052 (VIOLATED)
fanout1584/Z                            0.200000    0.206740   -0.006740 (VIOLATED)
_15861_/ZN                              0.200000    0.206455   -0.006455 (VIOLATED)
_12849_/Z                               0.200000    0.206281   -0.006281 (VIOLATED)
fanout649/Z                             0.200000    0.205953   -0.005953 (VIOLATED)
max_cap1078/Z                           0.200000    0.205659   -0.005659 (VIOLATED)
_15798_/ZN                              0.200000    0.205232   -0.005232 (VIOLATED)
fanout620/Z                             0.200000    0.205115   -0.005115 (VIOLATED)
fanout830/Z                             0.200000    0.205087   -0.005087 (VIOLATED)
fanout1133/Z                            0.200000    0.204975   -0.004975 (VIOLATED)
clkbuf_6_45_0_clk/Z                     0.200000    0.204821   -0.004821 (VIOLATED)
fanout1095/Z                            0.200000    0.204107   -0.004107 (VIOLATED)
fanout1349/Z                            0.200000    0.204004   -0.004004 (VIOLATED)
fanout963/Z                             0.200000    0.203992   -0.003992 (VIOLATED)
fanout1257/Z                            0.200000    0.203299   -0.003299 (VIOLATED)
fanout163/Z                             0.200000    0.203292   -0.003292 (VIOLATED)
fanout1311/Z                            0.200000    0.203151   -0.003151 (VIOLATED)
fanout839/Z                             0.200000    0.202898   -0.002898 (VIOLATED)
fanout1715/Z                            0.200000    0.202445   -0.002445 (VIOLATED)
fanout143/Z                             0.200000    0.202380   -0.002380 (VIOLATED)
fanout1188/Z                            0.200000    0.201902   -0.001902 (VIOLATED)
fanout926/Z                             0.200000    0.201676   -0.001676 (VIOLATED)
fanout1268/Z                            0.200000    0.201660   -0.001660 (VIOLATED)
fanout977/Z                             0.200000    0.201374   -0.001374 (VIOLATED)
fanout816/Z                             0.200000    0.201303   -0.001303 (VIOLATED)
fanout942/Z                             0.200000    0.200951   -0.000951 (VIOLATED)
fanout974/Z                             0.200000    0.200390   -0.000390 (VIOLATED)
fanout780/Z                             0.200000    0.200332   -0.000332 (VIOLATED)
fanout561/Z                             0.200000    0.200245   -0.000245 (VIOLATED)
fanout902/Z                             0.200000    0.200111   -0.000111 (VIOLATED)



===========================================================================
report_parasitic_annotation -report_unannotated
============================================================================
Found 492 unannotated drivers.
 clkload0/ZN
 clkload1/ZN
 clkload10/Z
 clkload100/ZN
 clkload101/ZN
 clkload102/Z
 clkload103/ZN
 clkload104/ZN
 clkload105/ZN
 clkload106/ZN
 clkload107/ZN
 clkload108/ZN
 clkload109/ZN
 clkload11/ZN
 clkload110/ZN
 clkload111/ZN
 clkload112/ZN
 clkload113/ZN
 clkload114/ZN
 clkload115/ZN
 clkload116/ZN
 clkload117/ZN
 clkload118/Z
 clkload119/Z
 clkload12/ZN
 clkload120/Z
 clkload121/Z
 clkload122/ZN
 clkload123/ZN
 clkload124/Z
 clkload125/Z
 clkload126/ZN
 clkload127/Z
 clkload128/Z
 clkload129/Z
 clkload13/ZN
 clkload130/ZN
 clkload131/ZN
 clkload132/ZN
 clkload133/ZN
 clkload134/Z
 clkload135/ZN
 clkload136/ZN
 clkload137/ZN
 clkload138/ZN
 clkload139/ZN
 clkload14/ZN
 clkload140/ZN
 clkload141/Z
 clkload142/Z
 clkload143/ZN
 clkload144/ZN
 clkload145/ZN
 clkload146/Z
 clkload147/ZN
 clkload148/ZN
 clkload149/Z
 clkload15/ZN
 clkload150/Z
 clkload151/ZN
 clkload152/Z
 clkload153/ZN
 clkload154/ZN
 clkload155/ZN
 clkload156/ZN
 clkload157/ZN
 clkload158/Z
 clkload159/Z
 clkload16/ZN
 clkload160/Z
 clkload161/Z
 clkload162/Z
 clkload163/Z
 clkload164/Z
 clkload165/Z
 clkload166/Z
 clkload167/Z
 clkload168/ZN
 clkload169/Z
 clkload17/ZN
 clkload170/Z
 clkload171/Z
 clkload172/Z
 clkload173/Z
 clkload174/Z
 clkload175/Z
 clkload176/ZN
 clkload177/ZN
 clkload178/ZN
 clkload179/ZN
 clkload18/ZN
 clkload180/ZN
 clkload181/Z
 clkload182/Z
 clkload183/Z
 clkload184/Z
 clkload185/Z
 clkload186/Z
 clkload187/Z
 clkload188/Z
 clkload189/Z
 clkload19/ZN
 clkload190/Z
 clkload191/ZN
 clkload192/ZN
 clkload193/ZN
 clkload194/ZN
 clkload195/Z
 clkload196/ZN
 clkload197/ZN
 clkload198/ZN
 clkload199/ZN
 clkload2/ZN
 clkload20/ZN
 clkload200/ZN
 clkload201/ZN
 clkload202/ZN
 clkload203/ZN
 clkload204/ZN
 clkload205/ZN
 clkload206/ZN
 clkload207/ZN
 clkload208/Z
 clkload209/Z
 clkload21/ZN
 clkload210/Z
 clkload211/Z
 clkload212/ZN
 clkload213/ZN
 clkload214/ZN
 clkload215/ZN
 clkload216/Z
 clkload217/ZN
 clkload218/Z
 clkload219/Z
 clkload22/ZN
 clkload220/ZN
 clkload221/Z
 clkload222/Z
 clkload223/Z
 clkload224/Z
 clkload225/Z
 clkload226/Z
 clkload227/Z
 clkload228/ZN
 clkload229/ZN
 clkload23/ZN
 clkload230/Z
 clkload231/Z
 clkload232/ZN
 clkload233/Z
 clkload234/ZN
 clkload235/Z
 clkload236/ZN
 clkload237/ZN
 clkload238/Z
 clkload239/ZN
 clkload24/ZN
 clkload240/ZN
 clkload241/ZN
 clkload242/ZN
 clkload243/Z
 clkload244/Z
 clkload245/Z
 clkload246/Z
 clkload247/Z
 clkload248/Z
 clkload249/ZN
 clkload25/Z
 clkload250/ZN
 clkload251/ZN
 clkload252/ZN
 clkload253/Z
 clkload254/Z
 clkload255/ZN
 clkload256/ZN
 clkload257/ZN
 clkload258/ZN
 clkload259/ZN
 clkload26/ZN
 clkload260/Z
 clkload261/Z
 clkload262/ZN
 clkload263/ZN
 clkload264/Z
 clkload265/Z
 clkload266/ZN
 clkload267/ZN
 clkload268/ZN
 clkload269/Z
 clkload27/ZN
 clkload270/ZN
 clkload271/ZN
 clkload272/ZN
 clkload273/ZN
 clkload274/Z
 clkload275/ZN
 clkload276/ZN
 clkload277/Z
 clkload278/Z
 clkload279/ZN
 clkload28/ZN
 clkload280/ZN
 clkload281/ZN
 clkload282/ZN
 clkload283/Z
 clkload284/ZN
 clkload285/ZN
 clkload286/Z
 clkload287/ZN
 clkload288/ZN
 clkload289/ZN
 clkload29/ZN
 clkload290/Z
 clkload291/Z
 clkload292/Z
 clkload293/Z
 clkload294/Z
 clkload295/ZN
 clkload296/Z
 clkload297/ZN
 clkload298/Z
 clkload299/Z
 clkload3/ZN
 clkload30/ZN
 clkload300/Z
 clkload301/Z
 clkload302/ZN
 clkload303/ZN
 clkload304/Z
 clkload305/Z
 clkload306/Z
 clkload307/Z
 clkload308/ZN
 clkload309/Z
 clkload31/ZN
 clkload310/Z
 clkload311/Z
 clkload312/Z
 clkload313/ZN
 clkload314/ZN
 clkload315/Z
 clkload316/ZN
 clkload317/Z
 clkload318/Z
 clkload319/Z
 clkload32/ZN
 clkload320/ZN
 clkload321/ZN
 clkload322/ZN
 clkload323/Z
 clkload324/ZN
 clkload325/ZN
 clkload326/ZN
 clkload327/ZN
 clkload328/Z
 clkload329/ZN
 clkload33/ZN
 clkload330/ZN
 clkload331/ZN
 clkload332/ZN
 clkload333/ZN
 clkload334/ZN
 clkload335/ZN
 clkload336/Z
 clkload337/Z
 clkload338/ZN
 clkload339/ZN
 clkload34/ZN
 clkload340/ZN
 clkload341/Z
 clkload342/ZN
 clkload343/ZN
 clkload344/Z
 clkload345/Z
 clkload346/Z
 clkload347/Z
 clkload348/Z
 clkload349/ZN
 clkload35/ZN
 clkload350/Z
 clkload351/ZN
 clkload352/Z
 clkload353/ZN
 clkload354/Z
 clkload355/Z
 clkload356/Z
 clkload357/ZN
 clkload358/Z
 clkload359/Z
 clkload36/ZN
 clkload360/ZN
 clkload361/ZN
 clkload362/ZN
 clkload363/ZN
 clkload364/ZN
 clkload365/ZN
 clkload366/Z
 clkload367/ZN
 clkload368/ZN
 clkload369/ZN
 clkload37/ZN
 clkload370/Z
 clkload371/ZN
 clkload372/ZN
 clkload373/ZN
 clkload374/Z
 clkload375/ZN
 clkload376/ZN
 clkload377/ZN
 clkload378/ZN
 clkload379/ZN
 clkload38/ZN
 clkload380/ZN
 clkload381/ZN
 clkload382/ZN
 clkload383/ZN
 clkload384/ZN
 clkload385/ZN
 clkload386/ZN
 clkload387/ZN
 clkload388/Z
 clkload389/ZN
 clkload39/ZN
 clkload390/ZN
 clkload391/ZN
 clkload392/Z
 clkload393/ZN
 clkload394/ZN
 clkload395/ZN
 clkload396/ZN
 clkload397/Z
 clkload398/ZN
 clkload399/ZN
 clkload4/ZN
 clkload40/ZN
 clkload400/ZN
 clkload401/ZN
 clkload402/ZN
 clkload403/ZN
 clkload404/ZN
 clkload405/ZN
 clkload406/ZN
 clkload407/Z
 clkload408/Z
 clkload409/Z
 clkload41/ZN
 clkload410/ZN
 clkload411/ZN
 clkload412/Z
 clkload413/Z
 clkload414/ZN
 clkload415/Z
 clkload416/Z
 clkload417/ZN
 clkload418/ZN
 clkload419/ZN
 clkload42/ZN
 clkload420/ZN
 clkload421/Z
 clkload422/Z
 clkload423/ZN
 clkload424/ZN
 clkload425/ZN
 clkload426/Z
 clkload427/ZN
 clkload428/ZN
 clkload429/ZN
 clkload43/ZN
 clkload430/Z
 clkload431/ZN
 clkload432/Z
 clkload433/ZN
 clkload434/ZN
 clkload435/ZN
 clkload436/Z
 clkload437/Z
 clkload438/Z
 clkload439/Z
 clkload44/ZN
 clkload440/ZN
 clkload441/ZN
 clkload442/Z
 clkload443/Z
 clkload444/Z
 clkload445/Z
 clkload446/ZN
 clkload447/ZN
 clkload448/Z
 clkload449/ZN
 clkload45/ZN
 clkload450/ZN
 clkload451/ZN
 clkload452/ZN
 clkload453/ZN
 clkload454/ZN
 clkload455/Z
 clkload456/ZN
 clkload457/ZN
 clkload458/ZN
 clkload459/ZN
 clkload46/ZN
 clkload460/ZN
 clkload461/ZN
 clkload462/ZN
 clkload463/ZN
 clkload464/ZN
 clkload465/Z
 clkload466/ZN
 clkload467/Z
 clkload468/Z
 clkload469/ZN
 clkload47/ZN
 clkload470/ZN
 clkload471/ZN
 clkload472/ZN
 clkload473/ZN
 clkload474/ZN
 clkload475/ZN
 clkload476/ZN
 clkload477/ZN
 clkload478/ZN
 clkload479/Z
 clkload48/ZN
 clkload480/Z
 clkload481/Z
 clkload482/Z
 clkload483/ZN
 clkload484/ZN
 clkload485/ZN
 clkload486/ZN
 clkload487/ZN
 clkload488/ZN
 clkload489/ZN
 clkload49/ZN
 clkload490/ZN
 clkload491/ZN
 clkload5/ZN
 clkload50/ZN
 clkload51/ZN
 clkload52/Z
 clkload53/Z
 clkload54/Z
 clkload55/ZN
 clkload56/ZN
 clkload57/ZN
 clkload58/ZN
 clkload59/ZN
 clkload6/Z
 clkload60/ZN
 clkload61/ZN
 clkload62/Z
 clkload63/ZN
 clkload64/ZN
 clkload65/Z
 clkload66/Z
 clkload67/ZN
 clkload68/ZN
 clkload69/ZN
 clkload7/ZN
 clkload70/ZN
 clkload71/ZN
 clkload72/ZN
 clkload73/ZN
 clkload74/Z
 clkload75/ZN
 clkload76/ZN
 clkload77/ZN
 clkload78/Z
 clkload79/Z
 clkload8/ZN
 clkload80/ZN
 clkload81/ZN
 clkload82/ZN
 clkload83/ZN
 clkload84/ZN
 clkload85/Z
 clkload86/ZN
 clkload87/ZN
 clkload88/Z
 clkload89/Z
 clkload9/ZN
 clkload90/ZN
 clkload91/ZN
 clkload92/ZN
 clkload93/ZN
 clkload94/ZN
 clkload95/ZN
 clkload96/ZN
 clkload97/Z
 clkload98/Z
 clkload99/ZN
Found 0 partially unannotated drivers.

===========================================================================
max slew violation count 0
max fanout violation count 27
max cap violation count 294
============================================================================

===========================================================================
check_setup -verbose -unconstrained_endpoints -multiple_clock -no_clock -no_input_delay -loops -generated_clocks
===========================================================================
