Clock: clk
Sources: clk 
Generated: no
Virtual: yes
Propagated: no
Period: 20.000000

===========================================================================
report_clock_properties
============================================================================
Clock                   Period          Waveform
----------------------------------------------------
clk                  20.000000    0.000000 10.000000

===========================================================================
report_clock_latency
============================================================================
Clock clk
rise -> rise
    min     max
0.000000 0.000000 source latency
1.404849         network latency _25435_/CLK
        1.691052 network latency _25970_/CLK
---------------
1.404849 1.691052 latency
        0.286203 skew

fall -> fall
    min     max
0.000000 0.000000 source latency
1.400618         network latency _25435_/CLK
        1.718159 network latency _25970_/CLK
---------------
1.400618 1.718159 latency
        0.317541 skew



===========================================================================
report_clock_min_period
============================================================================
clk period_min = 9.77 fmax = 102.37
