[WARNING ORD-0039] .openroad ignored with -python
Unannotated report:
['report_parasitic_annotation -report_unannotated\n',
 '============================================================================\n',
 'Found 492 unannotated drivers.\n',
 ' clkload0/ZN\n',
 ' clkload1/ZN\n',
 ' clkload10/Z\n',
 ' clkload100/ZN\n',
 ' clkload101/ZN\n',
 ' clkload102/Z\n',
 ' clkload103/ZN\n',
 ' clkload104/ZN\n',
 ' clkload105/ZN\n',
 ' clkload106/ZN\n',
 ' clkload107/ZN\n',
 ' clkload108/ZN\n',
 ' clkload109/ZN\n',
 ' clkload11/ZN\n',
 ' clkload110/ZN\n',
 ' clkload111/ZN\n',
 ' clkload112/ZN\n',
 ' clkload113/ZN\n',
 ' clkload114/ZN\n',
 ' clkload115/ZN\n',
 ' clkload116/ZN\n',
 ' clkload117/ZN\n',
 ' clkload118/Z\n',
 ' clkload119/Z\n',
 ' clkload12/ZN\n',
 ' clkload120/Z\n',
 ' clkload121/Z\n',
 ' clkload122/ZN\n',
 ' clkload123/ZN\n',
 ' clkload124/Z\n',
 ' clkload125/Z\n',
 ' clkload126/ZN\n',
 ' clkload127/Z\n',
 ' clkload128/Z\n',
 ' clkload129/Z\n',
 ' clkload13/ZN\n',
 ' clkload130/ZN\n',
 ' clkload131/ZN\n',
 ' clkload132/ZN\n',
 ' clkload133/ZN\n',
 ' clkload134/Z\n',
 ' clkload135/ZN\n',
 ' clkload136/ZN\n',
 ' clkload137/ZN\n',
 ' clkload138/ZN\n',
 ' clkload139/ZN\n',
 ' clkload14/ZN\n',
 ' clkload140/ZN\n',
 ' clkload141/Z\n',
 ' clkload142/Z\n',
 ' clkload143/ZN\n',
 ' clkload144/ZN\n',
 ' clkload145/ZN\n',
 ' clkload146/Z\n',
 ' clkload147/ZN\n',
 ' clkload148/ZN\n',
 ' clkload149/Z\n',
 ' clkload15/ZN\n',
 ' clkload150/Z\n',
 ' clkload151/ZN\n',
 ' clkload152/Z\n',
 ' clkload153/ZN\n',
 ' clkload154/ZN\n',
 ' clkload155/ZN\n',
 ' clkload156/ZN\n',
 ' clkload157/ZN\n',
 ' clkload158/Z\n',
 ' clkload159/Z\n',
 ' clkload16/ZN\n',
 ' clkload160/Z\n',
 ' clkload161/Z\n',
 ' clkload162/Z\n',
 ' clkload163/Z\n',
 ' clkload164/Z\n',
 ' clkload165/Z\n',
 ' clkload166/Z\n',
 ' clkload167/Z\n',
 ' clkload168/ZN\n',
 ' clkload169/Z\n',
 ' clkload17/ZN\n',
 ' clkload170/Z\n',
 ' clkload171/Z\n',
 ' clkload172/Z\n',
 ' clkload173/Z\n',
 ' clkload174/Z\n',
 ' clkload175/Z\n',
 ' clkload176/ZN\n',
 ' clkload177/ZN\n',
 ' clkload178/ZN\n',
 ' clkload179/ZN\n',
 ' clkload18/ZN\n',
 ' clkload180/ZN\n',
 ' clkload181/Z\n',
 ' clkload182/Z\n',
 ' clkload183/Z\n',
 ' clkload184/Z\n',
 ' clkload185/Z\n',
 ' clkload186/Z\n',
 ' clkload187/Z\n',
 ' clkload188/Z\n',
 ' clkload189/Z\n',
 ' clkload19/ZN\n',
 ' clkload190/Z\n',
 ' clkload191/ZN\n',
 ' clkload192/ZN\n',
 ' clkload193/ZN\n',
 ' clkload194/ZN\n',
 ' clkload195/Z\n',
 ' clkload196/ZN\n',
 ' clkload197/ZN\n',
 ' clkload198/ZN\n',
 ' clkload199/ZN\n',
 ' clkload2/ZN\n',
 ' clkload20/ZN\n',
 ' clkload200/ZN\n',
 ' clkload201/ZN\n',
 ' clkload202/ZN\n',
 ' clkload203/ZN\n',
 ' clkload204/ZN\n',
 ' clkload205/ZN\n',
 ' clkload206/ZN\n',
 ' clkload207/ZN\n',
 ' clkload208/Z\n',
 ' clkload209/Z\n',
 ' clkload21/ZN\n',
 ' clkload210/Z\n',
 ' clkload211/Z\n',
 ' clkload212/ZN\n',
 ' clkload213/ZN\n',
 ' clkload214/ZN\n',
 ' clkload215/ZN\n',
 ' clkload216/Z\n',
 ' clkload217/ZN\n',
 ' clkload218/Z\n',
 ' clkload219/Z\n',
 ' clkload22/ZN\n',
 ' clkload220/ZN\n',
 ' clkload221/Z\n',
 ' clkload222/Z\n',
 ' clkload223/Z\n',
 ' clkload224/Z\n',
 ' clkload225/Z\n',
 ' clkload226/Z\n',
 ' clkload227/Z\n',
 ' clkload228/ZN\n',
 ' clkload229/ZN\n',
 ' clkload23/ZN\n',
 ' clkload230/Z\n',
 ' clkload231/Z\n',
 ' clkload232/ZN\n',
 ' clkload233/Z\n',
 ' clkload234/ZN\n',
 ' clkload235/Z\n',
 ' clkload236/ZN\n',
 ' clkload237/ZN\n',
 ' clkload238/Z\n',
 ' clkload239/ZN\n',
 ' clkload24/ZN\n',
 ' clkload240/ZN\n',
 ' clkload241/ZN\n',
 ' clkload242/ZN\n',
 ' clkload243/Z\n',
 ' clkload244/Z\n',
 ' clkload245/Z\n',
 ' clkload246/Z\n',
 ' clkload247/Z\n',
 ' clkload248/Z\n',
 ' clkload249/ZN\n',
 ' clkload25/Z\n',
 ' clkload250/ZN\n',
 ' clkload251/ZN\n',
 ' clkload252/ZN\n',
 ' clkload253/Z\n',
 ' clkload254/Z\n',
 ' clkload255/ZN\n',
 ' clkload256/ZN\n',
 ' clkload257/ZN\n',
 ' clkload258/ZN\n',
 ' clkload259/ZN\n',
 ' clkload26/ZN\n',
 ' clkload260/Z\n',
 ' clkload261/Z\n',
 ' clkload262/ZN\n',
 ' clkload263/ZN\n',
 ' clkload264/Z\n',
 ' clkload265/Z\n',
 ' clkload266/ZN\n',
 ' clkload267/ZN\n',
 ' clkload268/ZN\n',
 ' clkload269/Z\n',
 ' clkload27/ZN\n',
 ' clkload270/ZN\n',
 ' clkload271/ZN\n',
 ' clkload272/ZN\n',
 ' clkload273/ZN\n',
 ' clkload274/Z\n',
 ' clkload275/ZN\n',
 ' clkload276/ZN\n',
 ' clkload277/Z\n',
 ' clkload278/Z\n',
 ' clkload279/ZN\n',
 ' clkload28/ZN\n',
 ' clkload280/ZN\n',
 ' clkload281/ZN\n',
 ' clkload282/ZN\n',
 ' clkload283/Z\n',
 ' clkload284/ZN\n',
 ' clkload285/ZN\n',
 ' clkload286/Z\n',
 ' clkload287/ZN\n',
 ' clkload288/ZN\n',
 ' clkload289/ZN\n',
 ' clkload29/ZN\n',
 ' clkload290/Z\n',
 ' clkload291/Z\n',
 ' clkload292/Z\n',
 ' clkload293/Z\n',
 ' clkload294/Z\n',
 ' clkload295/ZN\n',
 ' clkload296/Z\n',
 ' clkload297/ZN\n',
 ' clkload298/Z\n',
 ' clkload299/Z\n',
 ' clkload3/ZN\n',
 ' clkload30/ZN\n',
 ' clkload300/Z\n',
 ' clkload301/Z\n',
 ' clkload302/ZN\n',
 ' clkload303/ZN\n',
 ' clkload304/Z\n',
 ' clkload305/Z\n',
 ' clkload306/Z\n',
 ' clkload307/Z\n',
 ' clkload308/ZN\n',
 ' clkload309/Z\n',
 ' clkload31/ZN\n',
 ' clkload310/Z\n',
 ' clkload311/Z\n',
 ' clkload312/Z\n',
 ' clkload313/ZN\n',
 ' clkload314/ZN\n',
 ' clkload315/Z\n',
 ' clkload316/ZN\n',
 ' clkload317/Z\n',
 ' clkload318/Z\n',
 ' clkload319/Z\n',
 ' clkload32/ZN\n',
 ' clkload320/ZN\n',
 ' clkload321/ZN\n',
 ' clkload322/ZN\n',
 ' clkload323/Z\n',
 ' clkload324/ZN\n',
 ' clkload325/ZN\n',
 ' clkload326/ZN\n',
 ' clkload327/ZN\n',
 ' clkload328/Z\n',
 ' clkload329/ZN\n',
 ' clkload33/ZN\n',
 ' clkload330/ZN\n',
 ' clkload331/ZN\n',
 ' clkload332/ZN\n',
 ' clkload333/ZN\n',
 ' clkload334/ZN\n',
 ' clkload335/ZN\n',
 ' clkload336/Z\n',
 ' clkload337/Z\n',
 ' clkload338/ZN\n',
 ' clkload339/ZN\n',
 ' clkload34/ZN\n',
 ' clkload340/ZN\n',
 ' clkload341/Z\n',
 ' clkload342/ZN\n',
 ' clkload343/ZN\n',
 ' clkload344/Z\n',
 ' clkload345/Z\n',
 ' clkload346/Z\n',
 ' clkload347/Z\n',
 ' clkload348/Z\n',
 ' clkload349/ZN\n',
 ' clkload35/ZN\n',
 ' clkload350/Z\n',
 ' clkload351/ZN\n',
 ' clkload352/Z\n',
 ' clkload353/ZN\n',
 ' clkload354/Z\n',
 ' clkload355/Z\n',
 ' clkload356/Z\n',
 ' clkload357/ZN\n',
 ' clkload358/Z\n',
 ' clkload359/Z\n',
 ' clkload36/ZN\n',
 ' clkload360/ZN\n',
 ' clkload361/ZN\n',
 ' clkload362/ZN\n',
 ' clkload363/ZN\n',
 ' clkload364/ZN\n',
 ' clkload365/ZN\n',
 ' clkload366/Z\n',
 ' clkload367/ZN\n',
 ' clkload368/ZN\n',
 ' clkload369/ZN\n',
 ' clkload37/ZN\n',
 ' clkload370/Z\n',
 ' clkload371/ZN\n',
 ' clkload372/ZN\n',
 ' clkload373/ZN\n',
 ' clkload374/Z\n',
 ' clkload375/ZN\n',
 ' clkload376/ZN\n',
 ' clkload377/ZN\n',
 ' clkload378/ZN\n',
 ' clkload379/ZN\n',
 ' clkload38/ZN\n',
 ' clkload380/ZN\n',
 ' clkload381/ZN\n',
 ' clkload382/ZN\n',
 ' clkload383/ZN\n',
 ' clkload384/ZN\n',
 ' clkload385/ZN\n',
 ' clkload386/ZN\n',
 ' clkload387/ZN\n',
 ' clkload388/Z\n',
 ' clkload389/ZN\n',
 ' clkload39/ZN\n',
 ' clkload390/ZN\n',
 ' clkload391/ZN\n',
 ' clkload392/Z\n',
 ' clkload393/ZN\n',
 ' clkload394/ZN\n',
 ' clkload395/ZN\n',
 ' clkload396/ZN\n',
 ' clkload397/Z\n',
 ' clkload398/ZN\n',
 ' clkload399/ZN\n',
 ' clkload4/ZN\n',
 ' clkload40/ZN\n',
 ' clkload400/ZN\n',
 ' clkload401/ZN\n',
 ' clkload402/ZN\n',
 ' clkload403/ZN\n',
 ' clkload404/ZN\n',
 ' clkload405/ZN\n',
 ' clkload406/ZN\n',
 ' clkload407/Z\n',
 ' clkload408/Z\n',
 ' clkload409/Z\n',
 ' clkload41/ZN\n',
 ' clkload410/ZN\n',
 ' clkload411/ZN\n',
 ' clkload412/Z\n',
 ' clkload413/Z\n',
 ' clkload414/ZN\n',
 ' clkload415/Z\n',
 ' clkload416/Z\n',
 ' clkload417/ZN\n',
 ' clkload418/ZN\n',
 ' clkload419/ZN\n',
 ' clkload42/ZN\n',
 ' clkload420/ZN\n',
 ' clkload421/Z\n',
 ' clkload422/Z\n',
 ' clkload423/ZN\n',
 ' clkload424/ZN\n',
 ' clkload425/ZN\n',
 ' clkload426/Z\n',
 ' clkload427/ZN\n',
 ' clkload428/ZN\n',
 ' clkload429/ZN\n',
 ' clkload43/ZN\n',
 ' clkload430/Z\n',
 ' clkload431/ZN\n',
 ' clkload432/Z\n',
 ' clkload433/ZN\n',
 ' clkload434/ZN\n',
 ' clkload435/ZN\n',
 ' clkload436/Z\n',
 ' clkload437/Z\n',
 ' clkload438/Z\n',
 ' clkload439/Z\n',
 ' clkload44/ZN\n',
 ' clkload440/ZN\n',
 ' clkload441/ZN\n',
 ' clkload442/Z\n',
 ' clkload443/Z\n',
 ' clkload444/Z\n',
 ' clkload445/Z\n',
 ' clkload446/ZN\n',
 ' clkload447/ZN\n',
 ' clkload448/Z\n',
 ' clkload449/ZN\n',
 ' clkload45/ZN\n',
 ' clkload450/ZN\n',
 ' clkload451/ZN\n',
 ' clkload452/ZN\n',
 ' clkload453/ZN\n',
 ' clkload454/ZN\n',
 ' clkload455/Z\n',
 ' clkload456/ZN\n',
 ' clkload457/ZN\n',
 ' clkload458/ZN\n',
 ' clkload459/ZN\n',
 ' clkload46/ZN\n',
 ' clkload460/ZN\n',
 ' clkload461/ZN\n',
 ' clkload462/ZN\n',
 ' clkload463/ZN\n',
 ' clkload464/ZN\n',
 ' clkload465/Z\n',
 ' clkload466/ZN\n',
 ' clkload467/Z\n',
 ' clkload468/Z\n',
 ' clkload469/ZN\n',
 ' clkload47/ZN\n',
 ' clkload470/ZN\n',
 ' clkload471/ZN\n',
 ' clkload472/ZN\n',
 ' clkload473/ZN\n',
 ' clkload474/ZN\n',
 ' clkload475/ZN\n',
 ' clkload476/ZN\n',
 ' clkload477/ZN\n',
 ' clkload478/ZN\n',
 ' clkload479/Z\n',
 ' clkload48/ZN\n',
 ' clkload480/Z\n',
 ' clkload481/Z\n',
 ' clkload482/Z\n',
 ' clkload483/ZN\n',
 ' clkload484/ZN\n',
 ' clkload485/ZN\n',
 ' clkload486/ZN\n',
 ' clkload487/ZN\n',
 ' clkload488/ZN\n',
 ' clkload489/ZN\n',
 ' clkload49/ZN\n',
 ' clkload490/ZN\n',
 ' clkload491/ZN\n',
 ' clkload5/ZN\n',
 ' clkload50/ZN\n',
 ' clkload51/ZN\n',
 ' clkload52/Z\n',
 ' clkload53/Z\n',
 ' clkload54/Z\n',
 ' clkload55/ZN\n',
 ' clkload56/ZN\n',
 ' clkload57/ZN\n',
 ' clkload58/ZN\n',
 ' clkload59/ZN\n',
 ' clkload6/Z\n',
 ' clkload60/ZN\n',
 ' clkload61/ZN\n',
 ' clkload62/Z\n',
 ' clkload63/ZN\n',
 ' clkload64/ZN\n',
 ' clkload65/Z\n',
 ' clkload66/Z\n',
 ' clkload67/ZN\n',
 ' clkload68/ZN\n',
 ' clkload69/ZN\n',
 ' clkload7/ZN\n',
 ' clkload70/ZN\n',
 ' clkload71/ZN\n',
 ' clkload72/ZN\n',
 ' clkload73/ZN\n',
 ' clkload74/Z\n',
 ' clkload75/ZN\n',
 ' clkload76/ZN\n',
 ' clkload77/ZN\n',
 ' clkload78/Z\n',
 ' clkload79/Z\n',
 ' clkload8/ZN\n',
 ' clkload80/ZN\n',
 ' clkload81/ZN\n',
 ' clkload82/ZN\n',
 ' clkload83/ZN\n',
 ' clkload84/ZN\n',
 ' clkload85/Z\n',
 ' clkload86/ZN\n',
 ' clkload87/ZN\n',
 ' clkload88/Z\n',
 ' clkload89/Z\n',
 ' clkload9/ZN\n',
 ' clkload90/ZN\n',
 ' clkload91/ZN\n',
 ' clkload92/ZN\n',
 ' clkload93/ZN\n',
 ' clkload94/ZN\n',
 ' clkload95/ZN\n',
 ' clkload96/ZN\n',
 ' clkload97/Z\n',
 ' clkload98/Z\n',
 ' clkload99/ZN\n',
 'Found 0 partially unannotated drivers.\n',
 '\n']
Reported nets:
['clkload0/ZN',
 'clkload1/ZN',
 'clkload10/Z',
 'clkload100/ZN',
 'clkload101/ZN',
 'clkload102/Z',
 'clkload103/ZN',
 'clkload104/ZN',
 'clkload105/ZN',
 'clkload106/ZN',
 'clkload107/ZN',
 'clkload108/ZN',
 'clkload109/ZN',
 'clkload11/ZN',
 'clkload110/ZN',
 'clkload111/ZN',
 'clkload112/ZN',
 'clkload113/ZN',
 'clkload114/ZN',
 'clkload115/ZN',
 'clkload116/ZN',
 'clkload117/ZN',
 'clkload118/Z',
 'clkload119/Z',
 'clkload12/ZN',
 'clkload120/Z',
 'clkload121/Z',
 'clkload122/ZN',
 'clkload123/ZN',
 'clkload124/Z',
 'clkload125/Z',
 'clkload126/ZN',
 'clkload127/Z',
 'clkload128/Z',
 'clkload129/Z',
 'clkload13/ZN',
 'clkload130/ZN',
 'clkload131/ZN',
 'clkload132/ZN',
 'clkload133/ZN',
 'clkload134/Z',
 'clkload135/ZN',
 'clkload136/ZN',
 'clkload137/ZN',
 'clkload138/ZN',
 'clkload139/ZN',
 'clkload14/ZN',
 'clkload140/ZN',
 'clkload141/Z',
 'clkload142/Z',
 'clkload143/ZN',
 'clkload144/ZN',
 'clkload145/ZN',
 'clkload146/Z',
 'clkload147/ZN',
 'clkload148/ZN',
 'clkload149/Z',
 'clkload15/ZN',
 'clkload150/Z',
 'clkload151/ZN',
 'clkload152/Z',
 'clkload153/ZN',
 'clkload154/ZN',
 'clkload155/ZN',
 'clkload156/ZN',
 'clkload157/ZN',
 'clkload158/Z',
 'clkload159/Z',
 'clkload16/ZN',
 'clkload160/Z',
 'clkload161/Z',
 'clkload162/Z',
 'clkload163/Z',
 'clkload164/Z',
 'clkload165/Z',
 'clkload166/Z',
 'clkload167/Z',
 'clkload168/ZN',
 'clkload169/Z',
 'clkload17/ZN',
 'clkload170/Z',
 'clkload171/Z',
 'clkload172/Z',
 'clkload173/Z',
 'clkload174/Z',
 'clkload175/Z',
 'clkload176/ZN',
 'clkload177/ZN',
 'clkload178/ZN',
 'clkload179/ZN',
 'clkload18/ZN',
 'clkload180/ZN',
 'clkload181/Z',
 'clkload182/Z',
 'clkload183/Z',
 'clkload184/Z',
 'clkload185/Z',
 'clkload186/Z',
 'clkload187/Z',
 'clkload188/Z',
 'clkload189/Z',
 'clkload19/ZN',
 'clkload190/Z',
 'clkload191/ZN',
 'clkload192/ZN',
 'clkload193/ZN',
 'clkload194/ZN',
 'clkload195/Z',
 'clkload196/ZN',
 'clkload197/ZN',
 'clkload198/ZN',
 'clkload199/ZN',
 'clkload2/ZN',
 'clkload20/ZN',
 'clkload200/ZN',
 'clkload201/ZN',
 'clkload202/ZN',
 'clkload203/ZN',
 'clkload204/ZN',
 'clkload205/ZN',
 'clkload206/ZN',
 'clkload207/ZN',
 'clkload208/Z',
 'clkload209/Z',
 'clkload21/ZN',
 'clkload210/Z',
 'clkload211/Z',
 'clkload212/ZN',
 'clkload213/ZN',
 'clkload214/ZN',
 'clkload215/ZN',
 'clkload216/Z',
 'clkload217/ZN',
 'clkload218/Z',
 'clkload219/Z',
 'clkload22/ZN',
 'clkload220/ZN',
 'clkload221/Z',
 'clkload222/Z',
 'clkload223/Z',
 'clkload224/Z',
 'clkload225/Z',
 'clkload226/Z',
 'clkload227/Z',
 'clkload228/ZN',
 'clkload229/ZN',
 'clkload23/ZN',
 'clkload230/Z',
 'clkload231/Z',
 'clkload232/ZN',
 'clkload233/Z',
 'clkload234/ZN',
 'clkload235/Z',
 'clkload236/ZN',
 'clkload237/ZN',
 'clkload238/Z',
 'clkload239/ZN',
 'clkload24/ZN',
 'clkload240/ZN',
 'clkload241/ZN',
 'clkload242/ZN',
 'clkload243/Z',
 'clkload244/Z',
 'clkload245/Z',
 'clkload246/Z',
 'clkload247/Z',
 'clkload248/Z',
 'clkload249/ZN',
 'clkload25/Z',
 'clkload250/ZN',
 'clkload251/ZN',
 'clkload252/ZN',
 'clkload253/Z',
 'clkload254/Z',
 'clkload255/ZN',
 'clkload256/ZN',
 'clkload257/ZN',
 'clkload258/ZN',
 'clkload259/ZN',
 'clkload26/ZN',
 'clkload260/Z',
 'clkload261/Z',
 'clkload262/ZN',
 'clkload263/ZN',
 'clkload264/Z',
 'clkload265/Z',
 'clkload266/ZN',
 'clkload267/ZN',
 'clkload268/ZN',
 'clkload269/Z',
 'clkload27/ZN',
 'clkload270/ZN',
 'clkload271/ZN',
 'clkload272/ZN',
 'clkload273/ZN',
 'clkload274/Z',
 'clkload275/ZN',
 'clkload276/ZN',
 'clkload277/Z',
 'clkload278/Z',
 'clkload279/ZN',
 'clkload28/ZN',
 'clkload280/ZN',
 'clkload281/ZN',
 'clkload282/ZN',
 'clkload283/Z',
 'clkload284/ZN',
 'clkload285/ZN',
 'clkload286/Z',
 'clkload287/ZN',
 'clkload288/ZN',
 'clkload289/ZN',
 'clkload29/ZN',
 'clkload290/Z',
 'clkload291/Z',
 'clkload292/Z',
 'clkload293/Z',
 'clkload294/Z',
 'clkload295/ZN',
 'clkload296/Z',
 'clkload297/ZN',
 'clkload298/Z',
 'clkload299/Z',
 'clkload3/ZN',
 'clkload30/ZN',
 'clkload300/Z',
 'clkload301/Z',
 'clkload302/ZN',
 'clkload303/ZN',
 'clkload304/Z',
 'clkload305/Z',
 'clkload306/Z',
 'clkload307/Z',
 'clkload308/ZN',
 'clkload309/Z',
 'clkload31/ZN',
 'clkload310/Z',
 'clkload311/Z',
 'clkload312/Z',
 'clkload313/ZN',
 'clkload314/ZN',
 'clkload315/Z',
 'clkload316/ZN',
 'clkload317/Z',
 'clkload318/Z',
 'clkload319/Z',
 'clkload32/ZN',
 'clkload320/ZN',
 'clkload321/ZN',
 'clkload322/ZN',
 'clkload323/Z',
 'clkload324/ZN',
 'clkload325/ZN',
 'clkload326/ZN',
 'clkload327/ZN',
 'clkload328/Z',
 'clkload329/ZN',
 'clkload33/ZN',
 'clkload330/ZN',
 'clkload331/ZN',
 'clkload332/ZN',
 'clkload333/ZN',
 'clkload334/ZN',
 'clkload335/ZN',
 'clkload336/Z',
 'clkload337/Z',
 'clkload338/ZN',
 'clkload339/ZN',
 'clkload34/ZN',
 'clkload340/ZN',
 'clkload341/Z',
 'clkload342/ZN',
 'clkload343/ZN',
 'clkload344/Z',
 'clkload345/Z',
 'clkload346/Z',
 'clkload347/Z',
 'clkload348/Z',
 'clkload349/ZN',
 'clkload35/ZN',
 'clkload350/Z',
 'clkload351/ZN',
 'clkload352/Z',
 'clkload353/ZN',
 'clkload354/Z',
 'clkload355/Z',
 'clkload356/Z',
 'clkload357/ZN',
 'clkload358/Z',
 'clkload359/Z',
 'clkload36/ZN',
 'clkload360/ZN',
 'clkload361/ZN',
 'clkload362/ZN',
 'clkload363/ZN',
 'clkload364/ZN',
 'clkload365/ZN',
 'clkload366/Z',
 'clkload367/ZN',
 'clkload368/ZN',
 'clkload369/ZN',
 'clkload37/ZN',
 'clkload370/Z',
 'clkload371/ZN',
 'clkload372/ZN',
 'clkload373/ZN',
 'clkload374/Z',
 'clkload375/ZN',
 'clkload376/ZN',
 'clkload377/ZN',
 'clkload378/ZN',
 'clkload379/ZN',
 'clkload38/ZN',
 'clkload380/ZN',
 'clkload381/ZN',
 'clkload382/ZN',
 'clkload383/ZN',
 'clkload384/ZN',
 'clkload385/ZN',
 'clkload386/ZN',
 'clkload387/ZN',
 'clkload388/Z',
 'clkload389/ZN',
 'clkload39/ZN',
 'clkload390/ZN',
 'clkload391/ZN',
 'clkload392/Z',
 'clkload393/ZN',
 'clkload394/ZN',
 'clkload395/ZN',
 'clkload396/ZN',
 'clkload397/Z',
 'clkload398/ZN',
 'clkload399/ZN',
 'clkload4/ZN',
 'clkload40/ZN',
 'clkload400/ZN',
 'clkload401/ZN',
 'clkload402/ZN',
 'clkload403/ZN',
 'clkload404/ZN',
 'clkload405/ZN',
 'clkload406/ZN',
 'clkload407/Z',
 'clkload408/Z',
 'clkload409/Z',
 'clkload41/ZN',
 'clkload410/ZN',
 'clkload411/ZN',
 'clkload412/Z',
 'clkload413/Z',
 'clkload414/ZN',
 'clkload415/Z',
 'clkload416/Z',
 'clkload417/ZN',
 'clkload418/ZN',
 'clkload419/ZN',
 'clkload42/ZN',
 'clkload420/ZN',
 'clkload421/Z',
 'clkload422/Z',
 'clkload423/ZN',
 'clkload424/ZN',
 'clkload425/ZN',
 'clkload426/Z',
 'clkload427/ZN',
 'clkload428/ZN',
 'clkload429/ZN',
 'clkload43/ZN',
 'clkload430/Z',
 'clkload431/ZN',
 'clkload432/Z',
 'clkload433/ZN',
 'clkload434/ZN',
 'clkload435/ZN',
 'clkload436/Z',
 'clkload437/Z',
 'clkload438/Z',
 'clkload439/Z',
 'clkload44/ZN',
 'clkload440/ZN',
 'clkload441/ZN',
 'clkload442/Z',
 'clkload443/Z',
 'clkload444/Z',
 'clkload445/Z',
 'clkload446/ZN',
 'clkload447/ZN',
 'clkload448/Z',
 'clkload449/ZN',
 'clkload45/ZN',
 'clkload450/ZN',
 'clkload451/ZN',
 'clkload452/ZN',
 'clkload453/ZN',
 'clkload454/ZN',
 'clkload455/Z',
 'clkload456/ZN',
 'clkload457/ZN',
 'clkload458/ZN',
 'clkload459/ZN',
 'clkload46/ZN',
 'clkload460/ZN',
 'clkload461/ZN',
 'clkload462/ZN',
 'clkload463/ZN',
 'clkload464/ZN',
 'clkload465/Z',
 'clkload466/ZN',
 'clkload467/Z',
 'clkload468/Z',
 'clkload469/ZN',
 'clkload47/ZN',
 'clkload470/ZN',
 'clkload471/ZN',
 'clkload472/ZN',
 'clkload473/ZN',
 'clkload474/ZN',
 'clkload475/ZN',
 'clkload476/ZN',
 'clkload477/ZN',
 'clkload478/ZN',
 'clkload479/Z',
 'clkload48/ZN',
 'clkload480/Z',
 'clkload481/Z',
 'clkload482/Z',
 'clkload483/ZN',
 'clkload484/ZN',
 'clkload485/ZN',
 'clkload486/ZN',
 'clkload487/ZN',
 'clkload488/ZN',
 'clkload489/ZN',
 'clkload49/ZN',
 'clkload490/ZN',
 'clkload491/ZN',
 'clkload5/ZN',
 'clkload50/ZN',
 'clkload51/ZN',
 'clkload52/Z',
 'clkload53/Z',
 'clkload54/Z',
 'clkload55/ZN',
 'clkload56/ZN',
 'clkload57/ZN',
 'clkload58/ZN',
 'clkload59/ZN',
 'clkload6/Z',
 'clkload60/ZN',
 'clkload61/ZN',
 'clkload62/Z',
 'clkload63/ZN',
 'clkload64/ZN',
 'clkload65/Z',
 'clkload66/Z',
 'clkload67/ZN',
 'clkload68/ZN',
 'clkload69/ZN',
 'clkload7/ZN',
 'clkload70/ZN',
 'clkload71/ZN',
 'clkload72/ZN',
 'clkload73/ZN',
 'clkload74/Z',
 'clkload75/ZN',
 'clkload76/ZN',
 'clkload77/ZN',
 'clkload78/Z',
 'clkload79/Z',
 'clkload8/ZN',
 'clkload80/ZN',
 'clkload81/ZN',
 'clkload82/ZN',
 'clkload83/ZN',
 'clkload84/ZN',
 'clkload85/Z',
 'clkload86/ZN',
 'clkload87/ZN',
 'clkload88/Z',
 'clkload89/Z',
 'clkload9/ZN',
 'clkload90/ZN',
 'clkload91/ZN',
 'clkload92/ZN',
 'clkload93/ZN',
 'clkload94/ZN',
 'clkload95/ZN',
 'clkload96/ZN',
 'clkload97/Z',
 'clkload98/Z',
 'clkload99/ZN']
Filtered nets:
[]
done
