
===========================================================================
 report_power
============================================================================
======================= nom_ff_n40C_5v50 Corner ===================================

Group                    Internal    Switching      Leakage        Total
                            Power        Power        Power        Power (Watts)
------------------------------------------------------------------------
Sequential           8.939590e-02 5.041727e-04 1.404485e-06 8.990148e-02  38.7%
Combinational        1.961977e-03 2.897891e-03 2.367010e-06 4.862234e-03   2.1%
Clock                8.813196e-02 4.964875e-02 1.701452e-06 1.377824e-01  59.2%
Macro                0.000000e+00 0.000000e+00 0.000000e+00 0.000000e+00   0.0%
Pad                  0.000000e+00 0.000000e+00 0.000000e+00 0.000000e+00   0.0%
------------------------------------------------------------------------
Total                1.794901e-01 5.305081e-02 5.472603e-06 2.325463e-01 100.0%
                            77.2%        22.8%         0.0%

