
===========================================================================
report_checks -unconstrained
===========================================================================
======================= max_tt_025C_5v00 Corner ===================================

Startpoint: rst (input port clocked by clk)
Endpoint: _25024_ (recovery check against rising-edge clock clk)
Path Group: asynchronous
Path Type: max

Fanout         Cap        Slew       Delay        Time   Description
---------------------------------------------------------------------------------------------
                                  0.000000    0.000000   clock clk (rise edge)
                                  0.000000    0.000000   clock network delay (propagated)
                                  8.000000    8.000000 v input external delay
     1    0.006154    0.086376    0.037467    8.037467 v rst (in)
                                                         rst (net)
                      0.086376    0.000000    8.037467 v input3/I (gf180mcu_fd_sc_mcu7t5v0__buf_2)
     4    0.199941    0.972608    0.772737    8.810205 v input3/Z (gf180mcu_fd_sc_mcu7t5v0__buf_2)
                                                         net3 (net)
                      0.973744    0.019150    8.829354 v fanout1782/I (gf180mcu_fd_sc_mcu7t5v0__clkbuf_2)
     5    0.070442    0.575306    0.732926    9.562280 v fanout1782/Z (gf180mcu_fd_sc_mcu7t5v0__clkbuf_2)
                                                         net1782 (net)
                      0.575326    0.001913    9.564194 v fanout1780/I (gf180mcu_fd_sc_mcu7t5v0__buf_2)
    10    0.138992    0.689156    0.743185   10.307379 v fanout1780/Z (gf180mcu_fd_sc_mcu7t5v0__buf_2)
                                                         net1780 (net)
                      0.689190    0.002784   10.310163 v fanout1779/I (gf180mcu_fd_sc_mcu7t5v0__buf_2)
     9    0.101009    0.511451    0.661928   10.972091 v fanout1779/Z (gf180mcu_fd_sc_mcu7t5v0__buf_2)
                                                         net1779 (net)
                      0.511460    0.001219   10.973310 v fanout1778/I (gf180mcu_fd_sc_mcu7t5v0__buf_2)
    10    0.093942    0.477139    0.595023   11.568333 v fanout1778/Z (gf180mcu_fd_sc_mcu7t5v0__buf_2)
                                                         net1778 (net)
                      0.477215    0.003419   11.571751 v _24266_/I (gf180mcu_fd_sc_mcu7t5v0__clkinv_1)
     1    0.034532    0.606218    0.483763   12.055514 ^ _24266_/ZN (gf180mcu_fd_sc_mcu7t5v0__clkinv_1)
                                                         _00185_ (net)
                      0.606240    0.002037   12.057550 ^ _25024_/RN (gf180mcu_fd_sc_mcu7t5v0__dffrnq_1)
                                             12.057550   data arrival time

                                 40.000000   40.000000   clock clk (rise edge)
                                  0.000000   40.000000   clock source latency
     1    0.163957    0.675526    0.400071   40.400070 ^ clk (in)
                                                         clk (net)
                      0.681584    0.000000   40.400070 ^ clkbuf_0_clk/I (gf180mcu_fd_sc_mcu7t5v0__clkbuf_16)
     4    0.299028    0.341343    0.494524   40.894596 ^ clkbuf_0_clk/Z (gf180mcu_fd_sc_mcu7t5v0__clkbuf_16)
                                                         clknet_0_clk (net)
                      0.342961    0.015774   40.910370 ^ clkbuf_2_0_0_clk/I (gf180mcu_fd_sc_mcu7t5v0__clkbuf_8)
    16    0.431885    0.896634    0.757062   41.667431 ^ clkbuf_2_0_0_clk/Z (gf180mcu_fd_sc_mcu7t5v0__clkbuf_8)
                                                         clknet_2_0_0_clk (net)
                      0.898024    0.020091   41.687523 ^ clkbuf_6_8_0_clk/I (gf180mcu_fd_sc_mcu7t5v0__clkbuf_8)
    12    0.205537    0.451656    0.580833   42.268356 ^ clkbuf_6_8_0_clk/Z (gf180mcu_fd_sc_mcu7t5v0__clkbuf_8)
                                                         clknet_6_8_0_clk (net)
                      0.451775    0.003368   42.271725 ^ clkbuf_leaf_531_clk/I (gf180mcu_fd_sc_mcu7t5v0__clkbuf_8)
     6    0.047405    0.156787    0.336609   42.608334 ^ clkbuf_leaf_531_clk/Z (gf180mcu_fd_sc_mcu7t5v0__clkbuf_8)
                                                         clknet_leaf_531_clk (net)
                      0.156787    0.000671   42.609005 ^ _25024_/CLK (gf180mcu_fd_sc_mcu7t5v0__dffrnq_1)
                                 -0.250000   42.359001   clock uncertainty
                                  0.000000   42.359001   clock reconvergence pessimism
                                  0.174972   42.533974   library recovery time
                                             42.533974   data required time
---------------------------------------------------------------------------------------------
                                             42.533974   data required time
                                            -12.057550   data arrival time
---------------------------------------------------------------------------------------------
                                             30.476421   slack (MET)


Startpoint: _25494_ (rising edge-triggered flip-flop clocked by clk)
Endpoint: _25805_ (rising edge-triggered flip-flop clocked by clk)
Path Group: clk
Path Type: max

Fanout         Cap        Slew       Delay        Time   Description
---------------------------------------------------------------------------------------------
                                  0.000000    0.000000   clock clk (rise edge)
                                  0.000000    0.000000   clock source latency
     1    0.163957    0.675526    0.400071    0.400071 ^ clk (in)
                                                         clk (net)
                      0.681584    0.000000    0.400071 ^ clkbuf_0_clk/I (gf180mcu_fd_sc_mcu7t5v0__clkbuf_16)
     4    0.299028    0.341343    0.494525    0.894595 ^ clkbuf_0_clk/Z (gf180mcu_fd_sc_mcu7t5v0__clkbuf_16)
                                                         clknet_0_clk (net)
                      0.342961    0.015772    0.910367 ^ clkbuf_2_0_0_clk/I (gf180mcu_fd_sc_mcu7t5v0__clkbuf_8)
    16    0.431885    0.896634    0.757063    1.667430 ^ clkbuf_2_0_0_clk/Z (gf180mcu_fd_sc_mcu7t5v0__clkbuf_8)
                                                         clknet_2_0_0_clk (net)
                      0.898116    0.020793    1.688223 ^ clkbuf_6_11_0_clk/I (gf180mcu_fd_sc_mcu7t5v0__clkbuf_8)
     9    0.189270    0.422350    0.564229    2.252453 ^ clkbuf_6_11_0_clk/Z (gf180mcu_fd_sc_mcu7t5v0__clkbuf_8)
                                                         clknet_6_11_0_clk (net)
                      0.422392    0.002804    2.255256 ^ clkbuf_leaf_499_clk/I (gf180mcu_fd_sc_mcu7t5v0__clkbuf_8)
     8    0.049560    0.159559    0.334686    2.589942 ^ clkbuf_leaf_499_clk/Z (gf180mcu_fd_sc_mcu7t5v0__clkbuf_8)
                                                         clknet_leaf_499_clk (net)
                      0.159559    0.000702    2.590644 ^ _25494_/CLK (gf180mcu_fd_sc_mcu7t5v0__dffrnq_1)
     1    0.009222    0.236959    0.935722    3.526367 ^ _25494_/Q (gf180mcu_fd_sc_mcu7t5v0__dffrnq_1)
                                                         pp_inst.core_inst.reg_cnt_i.data_q[0] (net)
                      0.236959    0.000211    3.526577 ^ fanout1702/I (gf180mcu_fd_sc_mcu7t5v0__clkbuf_4)
     7    0.235988    0.966328    0.776846    4.303423 ^ fanout1702/Z (gf180mcu_fd_sc_mcu7t5v0__clkbuf_4)
                                                         net1702 (net)
                      0.966381    0.004156    4.307580 ^ fanout1700/I (gf180mcu_fd_sc_mcu7t5v0__clkbuf_4)
    10    0.168440    0.707605    0.762444    5.070024 ^ fanout1700/Z (gf180mcu_fd_sc_mcu7t5v0__clkbuf_4)
                                                         net1700 (net)
                      0.707676    0.003947    5.073970 ^ _12382_/I (gf180mcu_fd_sc_mcu7t5v0__clkinv_3)
     3    0.169715    0.912752    0.712478    5.786448 v _12382_/ZN (gf180mcu_fd_sc_mcu7t5v0__clkinv_3)
                                                         _09184_ (net)
                      0.912863    0.005803    5.792251 v fanout1699/I (gf180mcu_fd_sc_mcu7t5v0__buf_4)
    10    0.291038    0.708781    0.802005    6.594255 v fanout1699/Z (gf180mcu_fd_sc_mcu7t5v0__buf_4)
                                                         net1699 (net)
                      0.708807    0.002590    6.596846 v fanout1698/I (gf180mcu_fd_sc_mcu7t5v0__buf_4)
    10    0.200874    0.505403    0.642203    7.239048 v fanout1698/Z (gf180mcu_fd_sc_mcu7t5v0__buf_4)
                                                         net1698 (net)
                      0.505674    0.006685    7.245734 v _13346_/B (gf180mcu_fd_sc_mcu7t5v0__aoi21_2)
     2    0.162800    2.553638    1.592577    8.838311 ^ _13346_/ZN (gf180mcu_fd_sc_mcu7t5v0__aoi21_2)
                                                         _09960_ (net)
                      2.554163    0.020400    8.858710 ^ fanout1553/I (gf180mcu_fd_sc_mcu7t5v0__buf_3)
     6    0.139015    0.796262    0.708095    9.566806 ^ fanout1553/Z (gf180mcu_fd_sc_mcu7t5v0__buf_3)
                                                         net1553 (net)
                      0.796336    0.004118    9.570924 ^ fanout1552/I (gf180mcu_fd_sc_mcu7t5v0__clkbuf_4)
    10    0.156239    0.657604    0.707516   10.278440 ^ fanout1552/Z (gf180mcu_fd_sc_mcu7t5v0__clkbuf_4)
                                                         net1552 (net)
                      0.658014    0.009109   10.287549 ^ _13349_/A2 (gf180mcu_fd_sc_mcu7t5v0__nor2_1)
     1    0.016707    0.400503    0.319557   10.607105 v _13349_/ZN (gf180mcu_fd_sc_mcu7t5v0__nor2_1)
                                                         _09963_ (net)
                      0.400503    0.000676   10.607781 v fanout1462/I (gf180mcu_fd_sc_mcu7t5v0__clkbuf_4)
     8    0.194573    0.816255    0.772906   11.380688 v fanout1462/Z (gf180mcu_fd_sc_mcu7t5v0__clkbuf_4)
                                                         net1462 (net)
                      0.816387    0.006006   11.386694 v fanout1458/I (gf180mcu_fd_sc_mcu7t5v0__buf_2)
     5    0.085547    0.439099    0.646061   12.032755 v fanout1458/Z (gf180mcu_fd_sc_mcu7t5v0__buf_2)
                                                         net1458 (net)
                      0.439107    0.001054   12.033809 v fanout1457/I (gf180mcu_fd_sc_mcu7t5v0__buf_2)
     7    0.085785    0.436342    0.549641   12.583450 v fanout1457/Z (gf180mcu_fd_sc_mcu7t5v0__buf_2)
                                                         net1457 (net)
                      0.436525    0.005075   12.588525 v fanout1456/I (gf180mcu_fd_sc_mcu7t5v0__clkbuf_4)
    10    0.128409    0.551235    0.625113   13.213638 v fanout1456/Z (gf180mcu_fd_sc_mcu7t5v0__clkbuf_4)
                                                         net1456 (net)
                      0.551516    0.007058   13.220696 v _13489_/A2 (gf180mcu_fd_sc_mcu7t5v0__aoi221_2)
     1    0.012492    0.801947    0.555871   13.776567 ^ _13489_/ZN (gf180mcu_fd_sc_mcu7t5v0__aoi221_2)
                                                         _10101_ (net)
                      0.801947    0.000167   13.776734 ^ _13492_/A2 (gf180mcu_fd_sc_mcu7t5v0__aoi21_2)
     1    0.022818    0.342318    0.210728   13.987463 v _13492_/ZN (gf180mcu_fd_sc_mcu7t5v0__aoi21_2)
                                                         _10104_ (net)
                      0.342318    0.000593   13.988056 v _13493_/B1 (gf180mcu_fd_sc_mcu7t5v0__aoi22_4)
     4    0.151465    1.522205    0.960742   14.948798 ^ _13493_/ZN (gf180mcu_fd_sc_mcu7t5v0__aoi22_4)
                                                         _10105_ (net)
                      1.522264    0.014554   14.963352 ^ _13495_/A2 (gf180mcu_fd_sc_mcu7t5v0__xor2_1)
     2    0.048353    1.607419    1.046921   16.010273 ^ _13495_/Z (gf180mcu_fd_sc_mcu7t5v0__xor2_1)
                                                         _10107_ (net)
                      1.607419    0.000751   16.011024 ^ _13496_/A2 (gf180mcu_fd_sc_mcu7t5v0__aoi21_2)
     2    0.030928    0.538843    0.245638   16.256662 v _13496_/ZN (gf180mcu_fd_sc_mcu7t5v0__aoi21_2)
                                                         _10108_ (net)
                      0.538844    0.000565   16.257227 v _15977_/B1 (gf180mcu_fd_sc_mcu7t5v0__aoi22_2)
     1    0.050686    1.010280    0.697238   16.954466 ^ _15977_/ZN (gf180mcu_fd_sc_mcu7t5v0__aoi22_2)
                                                         _12339_ (net)
                      1.010287    0.004158   16.958624 ^ fanout504/I (gf180mcu_fd_sc_mcu7t5v0__buf_2)
     5    0.155803    1.276811    0.923851   17.882475 ^ fanout504/Z (gf180mcu_fd_sc_mcu7t5v0__buf_2)
                                                         net504 (net)
                      1.278036    0.022345   17.904819 ^ fanout503/I (gf180mcu_fd_sc_mcu7t5v0__buf_2)
     7    0.067778    0.582937    0.530335   18.435154 ^ fanout503/Z (gf180mcu_fd_sc_mcu7t5v0__buf_2)
                                                         net503 (net)
                      0.582956    0.001835   18.436989 ^ fanout502/I (gf180mcu_fd_sc_mcu7t5v0__buf_2)
    10    0.082647    0.696299    0.580243   19.017233 ^ fanout502/Z (gf180mcu_fd_sc_mcu7t5v0__buf_2)
                                                         net502 (net)
                      0.696433    0.005407   19.022640 ^ fanout501/I (gf180mcu_fd_sc_mcu7t5v0__buf_1)
     5    0.040548    0.700308    0.596836   19.619476 ^ fanout501/Z (gf180mcu_fd_sc_mcu7t5v0__buf_1)
                                                         net501 (net)
                      0.700313    0.000991   19.620468 ^ _20300_/A1 (gf180mcu_fd_sc_mcu7t5v0__oai21_1)
     1    0.005938    0.323809    0.162983   19.783449 v _20300_/ZN (gf180mcu_fd_sc_mcu7t5v0__oai21_1)
                                                         _01447_ (net)
                      0.323809    0.000131   19.783581 v _25805_/D (gf180mcu_fd_sc_mcu7t5v0__dffq_1)
                                             19.783581   data arrival time

                                 40.000000   40.000000   clock clk (rise edge)
                                  0.000000   40.000000   clock source latency
     1    0.163957    0.675526    0.400071   40.400070 ^ clk (in)
                                                         clk (net)
                      0.681584    0.000000   40.400070 ^ clkbuf_0_clk/I (gf180mcu_fd_sc_mcu7t5v0__clkbuf_16)
     4    0.299028    0.341343    0.494524   40.894596 ^ clkbuf_0_clk/Z (gf180mcu_fd_sc_mcu7t5v0__clkbuf_16)
                                                         clknet_0_clk (net)
                      0.342234    0.011486   40.906082 ^ clkbuf_2_3_0_clk/I (gf180mcu_fd_sc_mcu7t5v0__clkbuf_8)
    16    0.408111    0.848694    0.728953   41.635033 ^ clkbuf_2_3_0_clk/Z (gf180mcu_fd_sc_mcu7t5v0__clkbuf_8)
                                                         clknet_2_3_0_clk (net)
                      0.848871    0.006896   41.641930 ^ clkbuf_6_55_0_clk/I (gf180mcu_fd_sc_mcu7t5v0__clkbuf_8)
     7    0.143960    0.336316    0.507985   42.149914 ^ clkbuf_6_55_0_clk/Z (gf180mcu_fd_sc_mcu7t5v0__clkbuf_8)
                                                         clknet_6_55_0_clk (net)
                      0.336320    0.001702   42.151615 ^ clkbuf_leaf_332_clk/I (gf180mcu_fd_sc_mcu7t5v0__clkbuf_8)
     6    0.033194    0.129656    0.298630   42.450249 ^ clkbuf_leaf_332_clk/Z (gf180mcu_fd_sc_mcu7t5v0__clkbuf_8)
                                                         clknet_leaf_332_clk (net)
                      0.129656    0.000391   42.450638 ^ _25805_/CLK (gf180mcu_fd_sc_mcu7t5v0__dffq_1)
                                 -0.250000   42.200638   clock uncertainty
                                  0.000000   42.200638   clock reconvergence pessimism
                                 -0.289473   41.911163   library setup time
                                             41.911163   data required time
---------------------------------------------------------------------------------------------
                                             41.911163   data required time
                                            -19.783581   data arrival time
---------------------------------------------------------------------------------------------
                                             22.127581   slack (MET)




===========================================================================
report_checks --slack_max -0.01
============================================================================
======================= max_tt_025C_5v00 Corner ===================================

No paths found.


===========================================================================
 report_check_types -max_slew -max_cap -max_fanout -violators
============================================================================
======================= max_tt_025C_5v00 Corner ===================================

max slew

Pin                                        Limit        Slew       Slack
------------------------------------------------------------------------
_17803_/A2                              3.000000    4.487664   -1.487664 (VIOLATED)
_17802_/Z                               3.000000    4.487455   -1.487455 (VIOLATED)
_18435_/A2                              3.000000    3.823439   -0.823439 (VIOLATED)
_18512_/A2                              3.000000    3.823438   -0.823438 (VIOLATED)
_17785_/A2                              3.000000    3.823311   -0.823311 (VIOLATED)
_17781_/Z                               3.000000    3.823298   -0.823298 (VIOLATED)
_18435_/A1                              3.000000    3.398984   -0.398984 (VIOLATED)
_18359_/A1                              3.000000    3.398817   -0.398817 (VIOLATED)
_17638_/Z                               3.000000    3.398803   -0.398804 (VIOLATED)
_17646_/A1                              3.000000    3.398803   -0.398804 (VIOLATED)
_18391_/A1                              3.000000    3.299782   -0.299782 (VIOLATED)
_17709_/A1                              3.000000    3.299778   -0.299778 (VIOLATED)
_17700_/Z                               3.000000    3.299665   -0.299665 (VIOLATED)
_18468_/A2                              3.000000    3.299665   -0.299665 (VIOLATED)

max fanout

Pin                                   Limit Fanout  Slack
---------------------------------------------------------
clkbuf_2_0_0_clk/Z                       10     16     -6 (VIOLATED)
clkbuf_2_1_0_clk/Z                       10     16     -6 (VIOLATED)
clkbuf_2_2_0_clk/Z                       10     16     -6 (VIOLATED)
clkbuf_2_3_0_clk/Z                       10     16     -6 (VIOLATED)
clkbuf_6_16_0_clk/Z                      10     14     -4 (VIOLATED)
clkbuf_6_18_0_clk/Z                      10     14     -4 (VIOLATED)
clkbuf_6_29_0_clk/Z                      10     14     -4 (VIOLATED)
clkbuf_6_17_0_clk/Z                      10     13     -3 (VIOLATED)
clkbuf_6_20_0_clk/Z                      10     13     -3 (VIOLATED)
clkbuf_6_23_0_clk/Z                      10     13     -3 (VIOLATED)
clkbuf_6_26_0_clk/Z                      10     13     -3 (VIOLATED)
clkbuf_6_27_0_clk/Z                      10     13     -3 (VIOLATED)
clkbuf_6_10_0_clk/Z                      10     12     -2 (VIOLATED)
clkbuf_6_15_0_clk/Z                      10     12     -2 (VIOLATED)
clkbuf_6_24_0_clk/Z                      10     12     -2 (VIOLATED)
clkbuf_6_25_0_clk/Z                      10     12     -2 (VIOLATED)
clkbuf_6_31_0_clk/Z                      10     12     -2 (VIOLATED)
clkbuf_6_4_0_clk/Z                       10     12     -2 (VIOLATED)
clkbuf_6_8_0_clk/Z                       10     12     -2 (VIOLATED)
clkbuf_6_22_0_clk/Z                      10     11        (VIOLATED)
clkbuf_6_30_0_clk/Z                      10     11        (VIOLATED)
clkbuf_6_62_0_clk/Z                      10     11        (VIOLATED)
clkbuf_leaf_102_clk/Z                    10     11        (VIOLATED)
clkbuf_leaf_354_clk/Z                    10     11        (VIOLATED)

max capacitance

Pin                                        Limit         Cap       Slack
------------------------------------------------------------------------
clkbuf_2_2_0_clk/Z                      0.200000    0.500252   -0.300252 (VIOLATED)
clkbuf_2_1_0_clk/Z                      0.200000    0.457555   -0.257555 (VIOLATED)
clkbuf_2_0_0_clk/Z                      0.200000    0.431885   -0.231885 (VIOLATED)
clkbuf_2_3_0_clk/Z                      0.200000    0.408111   -0.208111 (VIOLATED)
fanout266/Z                             0.200000    0.387459   -0.187459 (VIOLATED)
fanout1418/Z                            0.200000    0.369340   -0.169340 (VIOLATED)
fanout1108/Z                            0.200000    0.360137   -0.160137 (VIOLATED)
fanout643/Z                             0.200000    0.357461   -0.157461 (VIOLATED)
fanout870/Z                             0.200000    0.355997   -0.155997 (VIOLATED)
fanout1199/Z                            0.200000    0.355474   -0.155474 (VIOLATED)
fanout1329/Z                            0.200000    0.355250   -0.155250 (VIOLATED)
fanout241/Z                             0.200000    0.352711   -0.152711 (VIOLATED)
fanout1097/Z                            0.200000    0.351141   -0.151141 (VIOLATED)
fanout1074/Z                            0.200000    0.346558   -0.146558 (VIOLATED)
fanout1315/Z                            0.200000    0.345089   -0.145089 (VIOLATED)
fanout1221/Z                            0.200000    0.343566   -0.143566 (VIOLATED)
fanout140/Z                             0.200000    0.341460   -0.141460 (VIOLATED)
fanout1216/Z                            0.200000    0.339234   -0.139234 (VIOLATED)
fanout1067/Z                            0.200000    0.338907   -0.138907 (VIOLATED)
fanout1173/Z                            0.200000    0.338383   -0.138383 (VIOLATED)
fanout1103/Z                            0.200000    0.336903   -0.136903 (VIOLATED)
fanout1178/Z                            0.200000    0.336789   -0.136789 (VIOLATED)
fanout1229/Z                            0.200000    0.336544   -0.136544 (VIOLATED)
fanout1267/Z                            0.200000    0.335963   -0.135963 (VIOLATED)
fanout1062/Z                            0.200000    0.333960   -0.133960 (VIOLATED)
fanout1119/Z                            0.200000    0.332882   -0.132882 (VIOLATED)
fanout1072/Z                            0.200000    0.330545   -0.130545 (VIOLATED)
fanout1218/Z                            0.200000    0.330524   -0.130524 (VIOLATED)
fanout49/Z                              0.200000    0.330172   -0.130172 (VIOLATED)
fanout1104/Z                            0.200000    0.329034   -0.129034 (VIOLATED)
fanout1319/Z                            0.200000    0.328980   -0.128980 (VIOLATED)
fanout1123/Z                            0.200000    0.328668   -0.128668 (VIOLATED)
fanout1323/Z                            0.200000    0.327971   -0.127971 (VIOLATED)
fanout1305/Z                            0.200000    0.327891   -0.127891 (VIOLATED)
fanout1175/Z                            0.200000    0.327396   -0.127396 (VIOLATED)
max_cap1165/Z                           0.200000    0.326734   -0.126734 (VIOLATED)
fanout1291/Z                            0.200000    0.325302   -0.125302 (VIOLATED)
fanout1093/Z                            0.200000    0.323313   -0.123313 (VIOLATED)
fanout1247/Z                            0.200000    0.322602   -0.122602 (VIOLATED)
fanout1138/Z                            0.200000    0.321992   -0.121992 (VIOLATED)
fanout1210/Z                            0.200000    0.320897   -0.120897 (VIOLATED)
fanout546/Z                             0.200000    0.319221   -0.119221 (VIOLATED)
fanout1109/Z                            0.200000    0.319133   -0.119133 (VIOLATED)
fanout1181/Z                            0.200000    0.319021   -0.119021 (VIOLATED)
fanout1241/Z                            0.200000    0.318428   -0.118428 (VIOLATED)
fanout699/Z                             0.200000    0.318364   -0.118364 (VIOLATED)
fanout1321/Z                            0.200000    0.318225   -0.118225 (VIOLATED)
fanout1144/Z                            0.200000    0.317515   -0.117515 (VIOLATED)
fanout1263/Z                            0.200000    0.317141   -0.117141 (VIOLATED)
fanout1331/Z                            0.200000    0.317099   -0.117099 (VIOLATED)
fanout981/Z                             0.200000    0.316786   -0.116786 (VIOLATED)
fanout1293/Z                            0.200000    0.316755   -0.116755 (VIOLATED)
fanout1183/Z                            0.200000    0.315750   -0.115750 (VIOLATED)
fanout1242/Z                            0.200000    0.315269   -0.115269 (VIOLATED)
max_cap1250/Z                           0.200000    0.315231   -0.115231 (VIOLATED)
fanout875/Z                             0.200000    0.313392   -0.113392 (VIOLATED)
fanout1225/Z                            0.200000    0.313253   -0.113253 (VIOLATED)
fanout1148/Z                            0.200000    0.311509   -0.111509 (VIOLATED)
fanout1158/Z                            0.200000    0.309872   -0.109872 (VIOLATED)
fanout1179/Z                            0.200000    0.309851   -0.109851 (VIOLATED)
fanout1185/Z                            0.200000    0.309799   -0.109799 (VIOLATED)
fanout1177/Z                            0.200000    0.309709   -0.109709 (VIOLATED)
fanout1076/Z                            0.200000    0.309120   -0.109120 (VIOLATED)
max_cap1253/Z                           0.200000    0.308391   -0.108391 (VIOLATED)
fanout1099/Z                            0.200000    0.308277   -0.108277 (VIOLATED)
fanout1295/Z                            0.200000    0.308249   -0.108249 (VIOLATED)
_14974_/ZN                              0.200000    0.307755   -0.107755 (VIOLATED)
fanout1206/Z                            0.200000    0.306772   -0.106772 (VIOLATED)
fanout1127/Z                            0.200000    0.305862   -0.105862 (VIOLATED)
fanout1140/Z                            0.200000    0.304802   -0.104802 (VIOLATED)
fanout1142/Z                            0.200000    0.304003   -0.104003 (VIOLATED)
fanout1063/Z                            0.200000    0.303960   -0.103960 (VIOLATED)
fanout1265/Z                            0.200000    0.303450   -0.103450 (VIOLATED)
fanout1189/Z                            0.200000    0.303179   -0.103179 (VIOLATED)
fanout1111/Z                            0.200000    0.303132   -0.103132 (VIOLATED)
fanout1200/Z                            0.200000    0.302885   -0.102885 (VIOLATED)
fanout1115/Z                            0.200000    0.302800   -0.102800 (VIOLATED)
fanout934/Z                             0.200000    0.302789   -0.102789 (VIOLATED)
fanout1156/Z                            0.200000    0.301072   -0.101072 (VIOLATED)
max_cap1262/Z                           0.200000    0.300725   -0.100725 (VIOLATED)
fanout1273/Z                            0.200000    0.300659   -0.100659 (VIOLATED)
fanout1170/Z                            0.200000    0.300383   -0.100383 (VIOLATED)
clkbuf_0_clk/Z                          0.200000    0.299028   -0.099028 (VIOLATED)
fanout1078/Z                            0.200000    0.298686   -0.098686 (VIOLATED)
fanout1057/Z                            0.200000    0.298514   -0.098514 (VIOLATED)
fanout1288/Z                            0.200000    0.297249   -0.097249 (VIOLATED)
fanout1191/Z                            0.200000    0.296532   -0.096532 (VIOLATED)
fanout1162/Z                            0.200000    0.296393   -0.096393 (VIOLATED)
fanout1061/Z                            0.200000    0.295691   -0.095691 (VIOLATED)
fanout1317/Z                            0.200000    0.295549   -0.095549 (VIOLATED)
fanout1160/Z                            0.200000    0.294628   -0.094628 (VIOLATED)
fanout1239/Z                            0.200000    0.294356   -0.094356 (VIOLATED)
fanout578/Z                             0.200000    0.293986   -0.093986 (VIOLATED)
fanout1146/Z                            0.200000    0.292874   -0.092874 (VIOLATED)
fanout834/Z                             0.200000    0.292477   -0.092476 (VIOLATED)
wire1258/Z                              0.200000    0.292148   -0.092148 (VIOLATED)
fanout1447/Z                            0.200000    0.291313   -0.091313 (VIOLATED)
fanout1699/Z                            0.200000    0.291038   -0.091038 (VIOLATED)
fanout1286/Z                            0.200000    0.290475   -0.090475 (VIOLATED)
fanout1215/Z                            0.200000    0.289350   -0.089350 (VIOLATED)
fanout172/Z                             0.200000    0.289248   -0.089248 (VIOLATED)
fanout197/Z                             0.200000    0.289177   -0.089177 (VIOLATED)
fanout1207/Z                            0.200000    0.288749   -0.088749 (VIOLATED)
fanout1312/Z                            0.200000    0.288240   -0.088240 (VIOLATED)
fanout1091/Z                            0.200000    0.287551   -0.087551 (VIOLATED)
fanout1301/Z                            0.200000    0.287489   -0.087489 (VIOLATED)
fanout1118/Z                            0.200000    0.287039   -0.087039 (VIOLATED)
fanout964/Z                             0.200000    0.286727   -0.086727 (VIOLATED)
fanout816/Z                             0.200000    0.286651   -0.086651 (VIOLATED)
fanout1114/Z                            0.200000    0.286340   -0.086340 (VIOLATED)
fanout1292/Z                            0.200000    0.286101   -0.086101 (VIOLATED)
fanout1309/Z                            0.200000    0.285640   -0.085640 (VIOLATED)
fanout1231/Z                            0.200000    0.285610   -0.085610 (VIOLATED)
fanout1311/Z                            0.200000    0.284718   -0.084718 (VIOLATED)
fanout1546/Z                            0.200000    0.283672   -0.083672 (VIOLATED)
fanout1303/Z                            0.200000    0.283496   -0.083496 (VIOLATED)
fanout1307/Z                            0.200000    0.283414   -0.083414 (VIOLATED)
fanout1445/Z                            0.200000    0.282983   -0.082983 (VIOLATED)
fanout1289/Z                            0.200000    0.282905   -0.082905 (VIOLATED)
fanout1080/Z                            0.200000    0.282827   -0.082827 (VIOLATED)
fanout1202/Z                            0.200000    0.282635   -0.082635 (VIOLATED)
fanout1212/Z                            0.200000    0.282334   -0.082334 (VIOLATED)
_18883_/ZN                              0.200000    0.281775   -0.081775 (VIOLATED)
fanout1563/Z                            0.200000    0.281772   -0.081772 (VIOLATED)
fanout1171/Z                            0.200000    0.281688   -0.081688 (VIOLATED)
fanout1151/Z                            0.200000    0.281215   -0.081215 (VIOLATED)
fanout1340/Z                            0.200000    0.280786   -0.080786 (VIOLATED)
fanout1188/Z                            0.200000    0.280661   -0.080661 (VIOLATED)
fanout1136/Z                            0.200000    0.280519   -0.080519 (VIOLATED)
fanout1208/Z                            0.200000    0.279555   -0.079555 (VIOLATED)
fanout1113/Z                            0.200000    0.279251   -0.079251 (VIOLATED)
fanout1255/Z                            0.200000    0.278985   -0.078985 (VIOLATED)
_13155_/Z                               0.200000    0.278771   -0.078771 (VIOLATED)
fanout1089/Z                            0.200000    0.278646   -0.078646 (VIOLATED)
fanout1287/Z                            0.200000    0.277432   -0.077432 (VIOLATED)
fanout1088/Z                            0.200000    0.276915   -0.076915 (VIOLATED)
_18543_/Z                               0.200000    0.276486   -0.076486 (VIOLATED)
fanout1235/Z                            0.200000    0.275526   -0.075526 (VIOLATED)
fanout1259/Z                            0.200000    0.275053   -0.075053 (VIOLATED)
fanout1227/Z                            0.200000    0.274935   -0.074935 (VIOLATED)
fanout1168/Z                            0.200000    0.274341   -0.074341 (VIOLATED)
fanout799/Z                             0.200000    0.273528   -0.073528 (VIOLATED)
fanout1313/Z                            0.200000    0.272884   -0.072884 (VIOLATED)
fanout1325/Z                            0.200000    0.272870   -0.072870 (VIOLATED)
_15802_/ZN                              0.200000    0.272257   -0.072257 (VIOLATED)
fanout570/Z                             0.200000    0.272073   -0.072073 (VIOLATED)
fanout1095/Z                            0.200000    0.271331   -0.071331 (VIOLATED)
fanout164/Z                             0.200000    0.271312   -0.071312 (VIOLATED)
fanout1086/Z                            0.200000    0.271126   -0.071126 (VIOLATED)
fanout929/Z                             0.200000    0.270972   -0.070972 (VIOLATED)
fanout1187/Z                            0.200000    0.270756   -0.070756 (VIOLATED)
fanout874/Z                             0.200000    0.270725   -0.070725 (VIOLATED)
fanout1150/Z                            0.200000    0.268899   -0.068899 (VIOLATED)
fanout1085/Z                            0.200000    0.268767   -0.068767 (VIOLATED)
fanout843/Z                             0.200000    0.268282   -0.068282 (VIOLATED)
fanout1055/Z                            0.200000    0.267504   -0.067504 (VIOLATED)
fanout1066/Z                            0.200000    0.267479   -0.067479 (VIOLATED)
fanout1213/Z                            0.200000    0.266618   -0.066618 (VIOLATED)
fanout774/Z                             0.200000    0.266428   -0.066428 (VIOLATED)
fanout1117/Z                            0.200000    0.265429   -0.065429 (VIOLATED)
fanout1107/Z                            0.200000    0.265419   -0.065419 (VIOLATED)
fanout1153/Z                            0.200000    0.265401   -0.065401 (VIOLATED)
fanout854/Z                             0.200000    0.265332   -0.065332 (VIOLATED)
fanout1190/Z                            0.200000    0.265052   -0.065052 (VIOLATED)
_13377_/Z                               0.200000    0.263275   -0.063275 (VIOLATED)
fanout1102/Z                            0.200000    0.263272   -0.063272 (VIOLATED)
fanout1245/Z                            0.200000    0.263206   -0.063206 (VIOLATED)
fanout40/Z                              0.200000    0.262901   -0.062901 (VIOLATED)
fanout1333/Z                            0.200000    0.262724   -0.062723 (VIOLATED)
fanout1125/Z                            0.200000    0.262539   -0.062539 (VIOLATED)
fanout1224/Z                            0.200000    0.261904   -0.061904 (VIOLATED)
fanout634/Z                             0.200000    0.260777   -0.060777 (VIOLATED)
fanout1060/Z                            0.200000    0.260015   -0.060015 (VIOLATED)
fanout1417/Z                            0.200000    0.259392   -0.059392 (VIOLATED)
fanout194/Z                             0.200000    0.259371   -0.059371 (VIOLATED)
fanout1195/Z                            0.200000    0.259002   -0.059002 (VIOLATED)
fanout1129/Z                            0.200000    0.258957   -0.058957 (VIOLATED)
fanout1154/Z                            0.200000    0.258871   -0.058871 (VIOLATED)
fanout1065/Z                            0.200000    0.258830   -0.058830 (VIOLATED)
fanout1405/Z                            0.200000    0.258655   -0.058655 (VIOLATED)
fanout716/Z                             0.200000    0.258146   -0.058146 (VIOLATED)
fanout1299/Z                            0.200000    0.257991   -0.057991 (VIOLATED)
fanout1684/Z                            0.200000    0.257867   -0.057867 (VIOLATED)
fanout1130/Z                            0.200000    0.257402   -0.057402 (VIOLATED)
fanout1476/Z                            0.200000    0.257228   -0.057228 (VIOLATED)
_15861_/ZN                              0.200000    0.256760   -0.056760 (VIOLATED)
fanout1297/Z                            0.200000    0.256541   -0.056541 (VIOLATED)
_15856_/ZN                              0.200000    0.255504   -0.055504 (VIOLATED)
fanout1167/Z                            0.200000    0.255237   -0.055237 (VIOLATED)
fanout1327/Z                            0.200000    0.254987   -0.054987 (VIOLATED)
fanout602/Z                             0.200000    0.254903   -0.054903 (VIOLATED)
fanout1193/Z                            0.200000    0.254703   -0.054703 (VIOLATED)
fanout786/Z                             0.200000    0.254599   -0.054599 (VIOLATED)
fanout1134/Z                            0.200000    0.254379   -0.054379 (VIOLATED)
max_cap1083/Z                           0.200000    0.254228   -0.054228 (VIOLATED)
fanout969/Z                             0.200000    0.254074   -0.054074 (VIOLATED)
fanout1470/Z                            0.200000    0.253706   -0.053706 (VIOLATED)
fanout1559/Z                            0.200000    0.253220   -0.053220 (VIOLATED)
fanout1220/Z                            0.200000    0.252396   -0.052396 (VIOLATED)
fanout1697/Z                            0.200000    0.252122   -0.052122 (VIOLATED)
fanout1571/Z                            0.200000    0.251548   -0.051548 (VIOLATED)
fanout1141/Z                            0.200000    0.251504   -0.051504 (VIOLATED)
fanout553/Z                             0.200000    0.251464   -0.051464 (VIOLATED)
_18146_/ZN                              0.200000    0.250758   -0.050758 (VIOLATED)
fanout872/Z                             0.200000    0.250432   -0.050432 (VIOLATED)
fanout1105/Z                            0.200000    0.250282   -0.050282 (VIOLATED)
fanout1139/Z                            0.200000    0.250112   -0.050112 (VIOLATED)
fanout1545/Z                            0.200000    0.249922   -0.049922 (VIOLATED)
fanout1285/Z                            0.200000    0.249483   -0.049483 (VIOLATED)
_15873_/ZN                              0.200000    0.248824   -0.048824 (VIOLATED)
fanout769/Z                             0.200000    0.247976   -0.047976 (VIOLATED)
fanout260/Z                             0.200000    0.247516   -0.047516 (VIOLATED)
fanout1058/Z                            0.200000    0.247151   -0.047151 (VIOLATED)
_13188_/ZN                              0.200000    0.246919   -0.046919 (VIOLATED)
clkbuf_6_18_0_clk/Z                     0.200000    0.246639   -0.046639 (VIOLATED)
fanout960/Z                             0.200000    0.245651   -0.045651 (VIOLATED)
_13222_/ZN                              0.200000    0.244436   -0.044436 (VIOLATED)
fanout895/Z                             0.200000    0.244355   -0.044355 (VIOLATED)
fanout1204/Z                            0.200000    0.243909   -0.043909 (VIOLATED)
fanout833/Z                             0.200000    0.243859   -0.043859 (VIOLATED)
fanout1106/Z                            0.200000    0.243760   -0.043760 (VIOLATED)
fanout621/Z                             0.200000    0.243502   -0.043502 (VIOLATED)
fanout701/Z                             0.200000    0.243239   -0.043239 (VIOLATED)
fanout1233/Z                            0.200000    0.243147   -0.043147 (VIOLATED)
fanout846/Z                             0.200000    0.242440   -0.042440 (VIOLATED)
_15818_/ZN                              0.200000    0.242394   -0.042394 (VIOLATED)
fanout1549/Z                            0.200000    0.241886   -0.041886 (VIOLATED)
fanout181/Z                             0.200000    0.241640   -0.041640 (VIOLATED)
fanout110/Z                             0.200000    0.240564   -0.040564 (VIOLATED)
clkbuf_6_16_0_clk/Z                     0.200000    0.239507   -0.039507 (VIOLATED)
fanout1406/Z                            0.200000    0.239203   -0.039203 (VIOLATED)
fanout1101/Z                            0.200000    0.238547   -0.038547 (VIOLATED)
fanout1120/Z                            0.200000    0.237867   -0.037867 (VIOLATED)
fanout1244/Z                            0.200000    0.237821   -0.037821 (VIOLATED)
fanout1116/Z                            0.200000    0.237162   -0.037162 (VIOLATED)
fanout847/Z                             0.200000    0.236682   -0.036682 (VIOLATED)
fanout1260/Z                            0.200000    0.236452   -0.036452 (VIOLATED)
fanout613/Z                             0.200000    0.236287   -0.036287 (VIOLATED)
_22267_/ZN                              0.200000    0.236015   -0.036015 (VIOLATED)
fanout1702/Z                            0.200000    0.235988   -0.035988 (VIOLATED)
_15875_/ZN                              0.200000    0.235889   -0.035889 (VIOLATED)
fanout593/Z                             0.200000    0.235492   -0.035492 (VIOLATED)
fanout1243/Z                            0.200000    0.234643   -0.034643 (VIOLATED)
fanout865/Z                             0.200000    0.234520   -0.034520 (VIOLATED)
_13350_/ZN                              0.200000    0.234260   -0.034260 (VIOLATED)
fanout233/Z                             0.200000    0.233878   -0.033878 (VIOLATED)
_15874_/ZN                              0.200000    0.233817   -0.033817 (VIOLATED)
fanout841/Z                             0.200000    0.233414   -0.033414 (VIOLATED)
fanout1237/Z                            0.200000    0.233276   -0.033276 (VIOLATED)
fanout276/Z                             0.200000    0.233156   -0.033156 (VIOLATED)
clkbuf_6_24_0_clk/Z                     0.200000    0.232852   -0.032852 (VIOLATED)
_15878_/ZN                              0.200000    0.232453   -0.032453 (VIOLATED)
fanout733/Z                             0.200000    0.232424   -0.032424 (VIOLATED)
_15834_/ZN                              0.200000    0.231815   -0.031815 (VIOLATED)
fanout770/Z                             0.200000    0.231783   -0.031783 (VIOLATED)
fanout832/Z                             0.200000    0.231688   -0.031688 (VIOLATED)
fanout248/Z                             0.200000    0.231617   -0.031617 (VIOLATED)
fanout1472/Z                            0.200000    0.231518   -0.031518 (VIOLATED)
fanout805/Z                             0.200000    0.231431   -0.031431 (VIOLATED)
fanout1708/Z                            0.200000    0.231048   -0.031048 (VIOLATED)
fanout1059/Z                            0.200000    0.231020   -0.031021 (VIOLATED)
clkbuf_6_27_0_clk/Z                     0.200000    0.230930   -0.030930 (VIOLATED)
fanout861/Z                             0.200000    0.230761   -0.030761 (VIOLATED)
fanout1464/Z                            0.200000    0.230490   -0.030490 (VIOLATED)
clkbuf_6_15_0_clk/Z                     0.200000    0.230158   -0.030158 (VIOLATED)
fanout1174/Z                            0.200000    0.230002   -0.030002 (VIOLATED)
clkbuf_6_30_0_clk/Z                     0.200000    0.229799   -0.029799 (VIOLATED)
_15880_/ZN                              0.200000    0.229111   -0.029111 (VIOLATED)
clkbuf_6_25_0_clk/Z                     0.200000    0.228655   -0.028655 (VIOLATED)
clkbuf_6_20_0_clk/Z                     0.200000    0.228446   -0.028446 (VIOLATED)
_12843_/ZN                              0.200000    0.228083   -0.028083 (VIOLATED)
fanout902/Z                             0.200000    0.227519   -0.027519 (VIOLATED)
_12849_/Z                               0.200000    0.227202   -0.027202 (VIOLATED)
fanout1306/Z                            0.200000    0.227183   -0.027183 (VIOLATED)
fanout1176/Z                            0.200000    0.227172   -0.027172 (VIOLATED)
fanout741/Z                             0.200000    0.226735   -0.026735 (VIOLATED)
fanout884/Z                             0.200000    0.226618   -0.026618 (VIOLATED)
fanout65/Z                              0.200000    0.226618   -0.026618 (VIOLATED)
clkbuf_6_22_0_clk/Z                     0.200000    0.226252   -0.026252 (VIOLATED)
clkbuf_6_26_0_clk/Z                     0.200000    0.226158   -0.026158 (VIOLATED)
fanout559/Z                             0.200000    0.225815   -0.025815 (VIOLATED)
fanout1468/Z                            0.200000    0.225803   -0.025803 (VIOLATED)
fanout982/Z                             0.200000    0.225639   -0.025639 (VIOLATED)
_14972_/Z                               0.200000    0.225542   -0.025542 (VIOLATED)
fanout931/Z                             0.200000    0.225359   -0.025359 (VIOLATED)
max_cap1223/Z                           0.200000    0.224880   -0.024880 (VIOLATED)
fanout1569/Z                            0.200000    0.224840   -0.024840 (VIOLATED)
fanout1485/Z                            0.200000    0.224477   -0.024477 (VIOLATED)
fanout223/Z                             0.200000    0.224399   -0.024399 (VIOLATED)
fanout610/Z                             0.200000    0.224058   -0.024058 (VIOLATED)
fanout962/Z                             0.200000    0.223345   -0.023345 (VIOLATED)
fanout706/Z                             0.200000    0.223186   -0.023186 (VIOLATED)
_15822_/ZN                              0.200000    0.223038   -0.023038 (VIOLATED)
fanout707/Z                             0.200000    0.222648   -0.022648 (VIOLATED)
fanout1133/Z                            0.200000    0.222462   -0.022462 (VIOLATED)
fanout1302/Z                            0.200000    0.222462   -0.022462 (VIOLATED)
_22072_/ZN                              0.200000    0.222214   -0.022214 (VIOLATED)
fanout893/Z                             0.200000    0.222133   -0.022133 (VIOLATED)
fanout539/Z                             0.200000    0.222008   -0.022008 (VIOLATED)
clkbuf_6_29_0_clk/Z                     0.200000    0.221961   -0.021961 (VIOLATED)
fanout84/Z                              0.200000    0.221842   -0.021842 (VIOLATED)
fanout1471/Z                            0.200000    0.221691   -0.021691 (VIOLATED)
max_cap1132/Z                           0.200000    0.221416   -0.021416 (VIOLATED)
_15798_/ZN                              0.200000    0.221236   -0.021236 (VIOLATED)
fanout1467/Z                            0.200000    0.220412   -0.020412 (VIOLATED)
fanout217/Z                             0.200000    0.220351   -0.020351 (VIOLATED)
fanout188/Z                             0.200000    0.220234   -0.020234 (VIOLATED)
_15820_/ZN                              0.200000    0.219981   -0.019981 (VIOLATED)
clkbuf_6_23_0_clk/Z                     0.200000    0.219586   -0.019586 (VIOLATED)
_15849_/ZN                              0.200000    0.219196   -0.019196 (VIOLATED)
_17802_/Z                               0.128300    0.147496   -0.019196 (VIOLATED)
max_cap1197/Z                           0.200000    0.219178   -0.019178 (VIOLATED)
fanout781/Z                             0.200000    0.218745   -0.018745 (VIOLATED)
fanout1567/Z                            0.200000    0.218571   -0.018571 (VIOLATED)
clkbuf_6_28_0_clk/Z                     0.200000    0.218383   -0.018383 (VIOLATED)
fanout915/Z                             0.200000    0.218148   -0.018148 (VIOLATED)
clkbuf_6_17_0_clk/Z                     0.200000    0.217770   -0.017770 (VIOLATED)
clkbuf_6_31_0_clk/Z                     0.200000    0.217518   -0.017518 (VIOLATED)
fanout1152/Z                            0.200000    0.217517   -0.017517 (VIOLATED)
fanout552/Z                             0.200000    0.217400   -0.017400 (VIOLATED)
_25107_/Q                               0.200000    0.216464   -0.016464 (VIOLATED)
fanout1523/Z                            0.200000    0.216259   -0.016259 (VIOLATED)
fanout1465/Z                            0.200000    0.216233   -0.016233 (VIOLATED)
clkbuf_6_19_0_clk/Z                     0.200000    0.216088   -0.016088 (VIOLATED)
fanout844/Z                             0.200000    0.215763   -0.015763 (VIOLATED)
fanout778/Z                             0.200000    0.215727   -0.015727 (VIOLATED)
_15826_/ZN                              0.200000    0.215666   -0.015666 (VIOLATED)
fanout1475/Z                            0.200000    0.215553   -0.015553 (VIOLATED)
fanout878/Z                             0.200000    0.215512   -0.015513 (VIOLATED)
fanout1217/Z                            0.200000    0.215280   -0.015280 (VIOLATED)
_13403_/ZN                              0.200000    0.215113   -0.015113 (VIOLATED)
fanout193/Z                             0.200000    0.214975   -0.014975 (VIOLATED)
fanout1110/Z                            0.200000    0.214812   -0.014812 (VIOLATED)
_13339_/ZN                              0.200000    0.214662   -0.014662 (VIOLATED)
fanout1469/Z                            0.200000    0.214449   -0.014449 (VIOLATED)
fanout1577/Z                            0.200000    0.214315   -0.014315 (VIOLATED)
fanout857/Z                             0.200000    0.214249   -0.014249 (VIOLATED)
fanout1264/Z                            0.200000    0.213594   -0.013594 (VIOLATED)
fanout927/Z                             0.200000    0.213539   -0.013539 (VIOLATED)
fanout1310/Z                            0.200000    0.213358   -0.013358 (VIOLATED)
fanout257/Z                             0.200000    0.212935   -0.012935 (VIOLATED)
fanout1483/Z                            0.200000    0.212840   -0.012840 (VIOLATED)
fanout208/Z                             0.200000    0.212827   -0.012827 (VIOLATED)
fanout1740/Z                            0.200000    0.212814   -0.012814 (VIOLATED)
_15872_/ZN                              0.200000    0.212662   -0.012662 (VIOLATED)
fanout1121/Z                            0.200000    0.212640   -0.012640 (VIOLATED)
clkbuf_6_10_0_clk/Z                     0.200000    0.212231   -0.012231 (VIOLATED)
fanout933/Z                             0.200000    0.212174   -0.012174 (VIOLATED)
fanout27/Z                              0.200000    0.212047   -0.012047 (VIOLATED)
fanout963/Z                             0.200000    0.212015   -0.012015 (VIOLATED)
fanout753/Z                             0.200000    0.211704   -0.011704 (VIOLATED)
fanout1094/Z                            0.200000    0.211557   -0.011557 (VIOLATED)
fanout169/Z                             0.200000    0.211384   -0.011384 (VIOLATED)
fanout851/Z                             0.200000    0.211261   -0.011261 (VIOLATED)
clkbuf_6_21_0_clk/Z                     0.200000    0.211122   -0.011122 (VIOLATED)
fanout171/Z                             0.200000    0.211115   -0.011115 (VIOLATED)
_15830_/ZN                              0.200000    0.211020   -0.011020 (VIOLATED)
fanout1554/Z                            0.200000    0.210954   -0.010954 (VIOLATED)
fanout859/Z                             0.200000    0.210743   -0.010743 (VIOLATED)
fanout139/Z                             0.200000    0.210534   -0.010534 (VIOLATED)
fanout115/Z                             0.200000    0.210276   -0.010276 (VIOLATED)
fanout777/Z                             0.200000    0.210243   -0.010243 (VIOLATED)
fanout1339/Z                            0.200000    0.209943   -0.009943 (VIOLATED)
max_cap1749/Z                           0.200000    0.209703   -0.009703 (VIOLATED)
fanout1683/Z                            0.200000    0.209678   -0.009678 (VIOLATED)
fanout1161/Z                            0.200000    0.209212   -0.009212 (VIOLATED)
_15858_/ZN                              0.200000    0.209074   -0.009074 (VIOLATED)
fanout1368/Z                            0.200000    0.208871   -0.008871 (VIOLATED)
fanout1087/Z                            0.200000    0.208838   -0.008838 (VIOLATED)
fanout73/Z                              0.200000    0.208262   -0.008262 (VIOLATED)
fanout25/Z                              0.200000    0.208173   -0.008173 (VIOLATED)
fanout765/Z                             0.200000    0.208083   -0.008083 (VIOLATED)
fanout1332/Z                            0.200000    0.207888   -0.007888 (VIOLATED)
_15860_/ZN                              0.200000    0.207883   -0.007883 (VIOLATED)
_13344_/Z                               0.200000    0.207872   -0.007872 (VIOLATED)
fanout133/Z                             0.200000    0.207222   -0.007222 (VIOLATED)
fanout918/Z                             0.200000    0.206966   -0.006966 (VIOLATED)
max_cap1481/Z                           0.200000    0.206669   -0.006669 (VIOLATED)
fanout1209/Z                            0.200000    0.206460   -0.006460 (VIOLATED)
_15870_/ZN                              0.200000    0.206373   -0.006373 (VIOLATED)
fanout1747/Z                            0.200000    0.206207   -0.006207 (VIOLATED)
fanout1701/Z                            0.200000    0.206203   -0.006203 (VIOLATED)
fanout550/Z                             0.200000    0.206122   -0.006122 (VIOLATED)
fanout604/Z                             0.200000    0.205987   -0.005987 (VIOLATED)
fanout92/Z                              0.200000    0.205859   -0.005859 (VIOLATED)
fanout1198/Z                            0.200000    0.205755   -0.005755 (VIOLATED)
clkbuf_6_8_0_clk/Z                      0.200000    0.205537   -0.005537 (VIOLATED)
fanout853/Z                             0.200000    0.205155   -0.005155 (VIOLATED)
_14277_/ZN                              0.200000    0.205131   -0.005131 (VIOLATED)
fanout961/Z                             0.200000    0.205122   -0.005122 (VIOLATED)
fanout180/Z                             0.200000    0.205069   -0.005069 (VIOLATED)
fanout1266/Z                            0.200000    0.204866   -0.004866 (VIOLATED)
_25116_/Q                               0.200000    0.204815   -0.004815 (VIOLATED)
fanout1282/Z                            0.200000    0.204768   -0.004768 (VIOLATED)
_15842_/ZN                              0.200000    0.204626   -0.004626 (VIOLATED)
fanout688/Z                             0.200000    0.204461   -0.004461 (VIOLATED)
fanout118/Z                             0.200000    0.204299   -0.004299 (VIOLATED)
fanout1251/Z                            0.200000    0.204263   -0.004263 (VIOLATED)
fanout1300/Z                            0.200000    0.204145   -0.004145 (VIOLATED)
fanout589/Z                             0.200000    0.204046   -0.004046 (VIOLATED)
fanout852/Z                             0.200000    0.204028   -0.004028 (VIOLATED)
fanout562/Z                             0.200000    0.203887   -0.003887 (VIOLATED)
fanout1575/Z                            0.200000    0.203658   -0.003658 (VIOLATED)
clkbuf_6_4_0_clk/Z                      0.200000    0.203541   -0.003541 (VIOLATED)
fanout1558/Z                            0.200000    0.203436   -0.003436 (VIOLATED)
fanout1526/Z                            0.200000    0.203359   -0.003359 (VIOLATED)
fanout29/Z                              0.200000    0.203338   -0.003338 (VIOLATED)
fanout1186/Z                            0.200000    0.203279   -0.003279 (VIOLATED)
fanout882/Z                             0.200000    0.203177   -0.003177 (VIOLATED)
fanout693/Z                             0.200000    0.203159   -0.003159 (VIOLATED)
fanout633/Z                             0.200000    0.203117   -0.003117 (VIOLATED)
fanout743/Z                             0.200000    0.203103   -0.003103 (VIOLATED)
fanout761/Z                             0.200000    0.202891   -0.002891 (VIOLATED)
fanout980/Z                             0.200000    0.202867   -0.002867 (VIOLATED)
fanout102/Z                             0.200000    0.202833   -0.002833 (VIOLATED)
fanout1256/Z                            0.200000    0.202794   -0.002794 (VIOLATED)
_15852_/ZN                              0.200000    0.202707   -0.002707 (VIOLATED)
fanout1248/Z                            0.200000    0.202387   -0.002387 (VIOLATED)
fanout144/Z                             0.200000    0.202332   -0.002332 (VIOLATED)
fanout894/Z                             0.200000    0.201976   -0.001976 (VIOLATED)
_15810_/ZN                              0.200000    0.201787   -0.001787 (VIOLATED)
fanout958/Z                             0.200000    0.201539   -0.001539 (VIOLATED)
fanout1205/Z                            0.200000    0.201467   -0.001467 (VIOLATED)
_15392_/ZN                              0.200000    0.200986   -0.000986 (VIOLATED)
fanout586/Z                             0.200000    0.200927   -0.000927 (VIOLATED)
fanout1698/Z                            0.200000    0.200874   -0.000874 (VIOLATED)
fanout828/Z                             0.200000    0.200797   -0.000797 (VIOLATED)
fanout1587/Z                            0.200000    0.200710   -0.000710 (VIOLATED)
max_cap1399/Z                           0.200000    0.200657   -0.000657 (VIOLATED)
fanout892/Z                             0.200000    0.200534   -0.000534 (VIOLATED)
fanout529/Z                             0.200000    0.200525   -0.000525 (VIOLATED)
fanout599/Z                             0.200000    0.200497   -0.000497 (VIOLATED)
_17781_/Z                               0.124300    0.124770   -0.000470 (VIOLATED)
fanout555/Z                             0.200000    0.200366   -0.000366 (VIOLATED)
fanout1746/Z                            0.200000    0.200338   -0.000338 (VIOLATED)
fanout132/Z                             0.200000    0.200080   -0.000080 (VIOLATED)
_15855_/ZN                              0.200000    0.200066   -0.000066 (VIOLATED)
fanout1155/Z                            0.200000    0.200065   -0.000065 (VIOLATED)



===========================================================================
report_parasitic_annotation -report_unannotated
============================================================================
Found 495 unannotated drivers.
 clkload0/ZN
 clkload1/ZN
 clkload10/ZN
 clkload100/Z
 clkload101/Z
 clkload102/ZN
 clkload103/Z
 clkload104/ZN
 clkload105/Z
 clkload106/ZN
 clkload107/Z
 clkload108/ZN
 clkload109/Z
 clkload11/ZN
 clkload110/Z
 clkload111/ZN
 clkload112/Z
 clkload113/ZN
 clkload114/ZN
 clkload115/ZN
 clkload116/ZN
 clkload117/Z
 clkload118/ZN
 clkload119/ZN
 clkload12/ZN
 clkload120/ZN
 clkload121/ZN
 clkload122/ZN
 clkload123/ZN
 clkload124/ZN
 clkload125/ZN
 clkload126/ZN
 clkload127/ZN
 clkload128/ZN
 clkload129/ZN
 clkload13/ZN
 clkload130/Z
 clkload131/ZN
 clkload132/ZN
 clkload133/ZN
 clkload134/ZN
 clkload135/Z
 clkload136/ZN
 clkload137/Z
 clkload138/ZN
 clkload139/ZN
 clkload14/Z
 clkload140/ZN
 clkload141/ZN
 clkload142/ZN
 clkload143/ZN
 clkload144/ZN
 clkload145/ZN
 clkload146/ZN
 clkload147/ZN
 clkload148/ZN
 clkload149/Z
 clkload15/ZN
 clkload150/ZN
 clkload151/Z
 clkload152/Z
 clkload153/ZN
 clkload154/ZN
 clkload155/ZN
 clkload156/Z
 clkload157/Z
 clkload158/ZN
 clkload159/ZN
 clkload16/ZN
 clkload160/ZN
 clkload161/Z
 clkload162/Z
 clkload163/ZN
 clkload164/Z
 clkload165/ZN
 clkload166/ZN
 clkload167/ZN
 clkload168/ZN
 clkload169/ZN
 clkload17/ZN
 clkload170/Z
 clkload171/Z
 clkload172/ZN
 clkload173/ZN
 clkload174/ZN
 clkload175/ZN
 clkload176/ZN
 clkload177/ZN
 clkload178/ZN
 clkload179/ZN
 clkload18/ZN
 clkload180/ZN
 clkload181/ZN
 clkload182/ZN
 clkload183/Z
 clkload184/Z
 clkload185/Z
 clkload186/Z
 clkload187/ZN
 clkload188/ZN
 clkload189/ZN
 clkload19/ZN
 clkload190/Z
 clkload191/Z
 clkload192/Z
 clkload193/Z
 clkload194/ZN
 clkload195/Z
 clkload196/ZN
 clkload197/ZN
 clkload198/ZN
 clkload199/ZN
 clkload2/ZN
 clkload20/ZN
 clkload200/Z
 clkload201/ZN
 clkload202/Z
 clkload203/ZN
 clkload204/ZN
 clkload205/ZN
 clkload206/Z
 clkload207/ZN
 clkload208/ZN
 clkload209/ZN
 clkload21/ZN
 clkload210/ZN
 clkload211/ZN
 clkload212/Z
 clkload213/Z
 clkload214/ZN
 clkload215/Z
 clkload216/Z
 clkload217/ZN
 clkload218/ZN
 clkload219/ZN
 clkload22/ZN
 clkload220/Z
 clkload221/ZN
 clkload222/ZN
 clkload223/ZN
 clkload224/Z
 clkload225/ZN
 clkload226/Z
 clkload227/Z
 clkload228/Z
 clkload229/ZN
 clkload23/ZN
 clkload230/ZN
 clkload231/Z
 clkload232/ZN
 clkload233/ZN
 clkload234/Z
 clkload235/ZN
 clkload236/ZN
 clkload237/ZN
 clkload238/ZN
 clkload239/Z
 clkload24/ZN
 clkload240/ZN
 clkload241/ZN
 clkload242/ZN
 clkload243/Z
 clkload244/ZN
 clkload245/ZN
 clkload246/Z
 clkload247/Z
 clkload248/Z
 clkload249/Z
 clkload25/ZN
 clkload250/ZN
 clkload251/ZN
 clkload252/Z
 clkload253/Z
 clkload254/ZN
 clkload255/Z
 clkload256/ZN
 clkload257/Z
 clkload258/ZN
 clkload259/Z
 clkload26/Z
 clkload260/ZN
 clkload261/ZN
 clkload262/Z
 clkload263/ZN
 clkload264/ZN
 clkload265/ZN
 clkload266/Z
 clkload267/Z
 clkload268/ZN
 clkload269/ZN
 clkload27/ZN
 clkload270/ZN
 clkload271/Z
 clkload272/Z
 clkload273/Z
 clkload274/ZN
 clkload275/Z
 clkload276/Z
 clkload277/Z
 clkload278/Z
 clkload279/Z
 clkload28/ZN
 clkload280/ZN
 clkload281/Z
 clkload282/ZN
 clkload283/Z
 clkload284/Z
 clkload285/ZN
 clkload286/Z
 clkload287/Z
 clkload288/ZN
 clkload289/ZN
 clkload29/ZN
 clkload290/Z
 clkload291/ZN
 clkload292/ZN
 clkload293/Z
 clkload294/Z
 clkload295/ZN
 clkload296/ZN
 clkload297/ZN
 clkload298/ZN
 clkload299/Z
 clkload3/ZN
 clkload30/ZN
 clkload300/ZN
 clkload301/ZN
 clkload302/ZN
 clkload303/Z
 clkload304/ZN
 clkload305/Z
 clkload306/ZN
 clkload307/ZN
 clkload308/Z
 clkload309/Z
 clkload31/ZN
 clkload310/ZN
 clkload311/ZN
 clkload312/Z
 clkload313/Z
 clkload314/ZN
 clkload315/Z
 clkload316/ZN
 clkload317/ZN
 clkload318/ZN
 clkload319/ZN
 clkload32/ZN
 clkload320/ZN
 clkload321/ZN
 clkload322/ZN
 clkload323/ZN
 clkload324/ZN
 clkload325/ZN
 clkload326/ZN
 clkload327/Z
 clkload328/ZN
 clkload329/Z
 clkload33/Z
 clkload330/ZN
 clkload331/Z
 clkload332/ZN
 clkload333/Z
 clkload334/ZN
 clkload335/ZN
 clkload336/ZN
 clkload337/Z
 clkload338/ZN
 clkload339/ZN
 clkload34/ZN
 clkload340/Z
 clkload341/ZN
 clkload342/Z
 clkload343/ZN
 clkload344/ZN
 clkload345/ZN
 clkload346/ZN
 clkload347/ZN
 clkload348/ZN
 clkload349/Z
 clkload35/ZN
 clkload350/Z
 clkload351/Z
 clkload352/Z
 clkload353/Z
 clkload354/Z
 clkload355/Z
 clkload356/Z
 clkload357/ZN
 clkload358/ZN
 clkload359/ZN
 clkload36/ZN
 clkload360/ZN
 clkload361/Z
 clkload362/Z
 clkload363/Z
 clkload364/Z
 clkload365/Z
 clkload366/Z
 clkload367/Z
 clkload368/ZN
 clkload369/Z
 clkload37/ZN
 clkload370/ZN
 clkload371/ZN
 clkload372/ZN
 clkload373/ZN
 clkload374/Z
 clkload375/Z
 clkload376/Z
 clkload377/Z
 clkload378/Z
 clkload379/Z
 clkload38/ZN
 clkload380/Z
 clkload381/Z
 clkload382/ZN
 clkload383/ZN
 clkload384/ZN
 clkload385/Z
 clkload386/ZN
 clkload387/Z
 clkload388/Z
 clkload389/Z
 clkload39/ZN
 clkload390/Z
 clkload391/Z
 clkload392/ZN
 clkload393/ZN
 clkload394/ZN
 clkload395/ZN
 clkload396/ZN
 clkload397/ZN
 clkload398/Z
 clkload399/ZN
 clkload4/Z
 clkload40/ZN
 clkload400/ZN
 clkload401/ZN
 clkload402/Z
 clkload403/ZN
 clkload404/Z
 clkload405/ZN
 clkload406/ZN
 clkload407/ZN
 clkload408/ZN
 clkload409/ZN
 clkload41/ZN
 clkload410/ZN
 clkload411/ZN
 clkload412/ZN
 clkload413/ZN
 clkload414/ZN
 clkload415/ZN
 clkload416/ZN
 clkload417/Z
 clkload418/ZN
 clkload419/ZN
 clkload42/ZN
 clkload420/ZN
 clkload421/ZN
 clkload422/ZN
 clkload423/ZN
 clkload424/ZN
 clkload425/ZN
 clkload426/ZN
 clkload427/Z
 clkload428/ZN
 clkload429/ZN
 clkload43/ZN
 clkload430/Z
 clkload431/Z
 clkload432/Z
 clkload433/ZN
 clkload434/ZN
 clkload435/ZN
 clkload436/ZN
 clkload437/Z
 clkload438/ZN
 clkload439/Z
 clkload44/ZN
 clkload440/ZN
 clkload441/ZN
 clkload442/ZN
 clkload443/Z
 clkload444/Z
 clkload445/Z
 clkload446/Z
 clkload447/ZN
 clkload448/Z
 clkload449/Z
 clkload45/ZN
 clkload450/Z
 clkload451/ZN
 clkload452/ZN
 clkload453/ZN
 clkload454/ZN
 clkload455/ZN
 clkload456/Z
 clkload457/ZN
 clkload458/Z
 clkload459/Z
 clkload46/ZN
 clkload460/Z
 clkload461/Z
 clkload462/ZN
 clkload463/Z
 clkload464/Z
 clkload465/Z
 clkload466/Z
 clkload467/Z
 clkload468/Z
 clkload469/Z
 clkload47/ZN
 clkload470/ZN
 clkload471/ZN
 clkload472/ZN
 clkload473/Z
 clkload474/ZN
 clkload475/Z
 clkload476/ZN
 clkload477/ZN
 clkload478/Z
 clkload479/ZN
 clkload48/ZN
 clkload480/ZN
 clkload481/Z
 clkload482/ZN
 clkload483/ZN
 clkload484/ZN
 clkload485/ZN
 clkload486/ZN
 clkload487/ZN
 clkload488/ZN
 clkload489/Z
 clkload49/ZN
 clkload490/Z
 clkload491/Z
 clkload492/ZN
 clkload493/Z
 clkload494/ZN
 clkload5/ZN
 clkload50/ZN
 clkload51/ZN
 clkload52/ZN
 clkload53/ZN
 clkload54/ZN
 clkload55/ZN
 clkload56/ZN
 clkload57/ZN
 clkload58/ZN
 clkload59/ZN
 clkload6/ZN
 clkload60/ZN
 clkload61/ZN
 clkload62/Z
 clkload63/ZN
 clkload64/ZN
 clkload65/ZN
 clkload66/ZN
 clkload67/ZN
 clkload68/ZN
 clkload69/ZN
 clkload7/ZN
 clkload70/ZN
 clkload71/ZN
 clkload72/ZN
 clkload73/ZN
 clkload74/ZN
 clkload75/ZN
 clkload76/ZN
 clkload77/ZN
 clkload78/ZN
 clkload79/Z
 clkload8/Z
 clkload80/Z
 clkload81/ZN
 clkload82/ZN
 clkload83/ZN
 clkload84/Z
 clkload85/Z
 clkload86/ZN
 clkload87/ZN
 clkload88/ZN
 clkload89/ZN
 clkload9/ZN
 clkload90/Z
 clkload91/Z
 clkload92/Z
 clkload93/Z
 clkload94/Z
 clkload95/Z
 clkload96/Z
 clkload97/ZN
 clkload98/Z
 clkload99/Z
Found 0 partially unannotated drivers.

===========================================================================
max slew violation count 14
max fanout violation count 24
max cap violation count 438
============================================================================

===========================================================================
check_setup -verbose -unconstrained_endpoints -multiple_clock -no_clock -no_input_delay -loops -generated_clocks
===========================================================================
