Clock: clk
Sources: clk 
Generated: no
Virtual: yes
Propagated: no
Period: 40.000000

===========================================================================
report_clock_properties
============================================================================
Clock                   Period          Waveform
----------------------------------------------------
clk                  40.000000    0.000000 20.000000

===========================================================================
report_clock_latency
============================================================================
Clock clk
rise -> rise
    min     max
0.000000 0.000000 source latency
2.208557         network latency _27320_/CLK
        2.718060 network latency _27286_/CLK
---------------
2.208557 2.718060 latency
        0.509502 skew

fall -> fall
    min     max
0.000000 0.000000 source latency
2.227440         network latency _27320_/CLK
        2.815641 network latency _27286_/CLK
---------------
2.227440 2.815641 latency
        0.588202 skew



===========================================================================
report_clock_min_period
============================================================================
clk period_min = 17.87 fmax = 55.95
