[WARNING ORD-0039] .openroad ignored with -python
Unannotated report:
['report_parasitic_annotation -report_unannotated\n',
 '============================================================================\n',
 'Found 495 unannotated drivers.\n',
 ' clkload0/ZN\n',
 ' clkload1/ZN\n',
 ' clkload10/ZN\n',
 ' clkload100/Z\n',
 ' clkload101/Z\n',
 ' clkload102/ZN\n',
 ' clkload103/Z\n',
 ' clkload104/ZN\n',
 ' clkload105/Z\n',
 ' clkload106/ZN\n',
 ' clkload107/Z\n',
 ' clkload108/ZN\n',
 ' clkload109/Z\n',
 ' clkload11/ZN\n',
 ' clkload110/Z\n',
 ' clkload111/ZN\n',
 ' clkload112/Z\n',
 ' clkload113/ZN\n',
 ' clkload114/ZN\n',
 ' clkload115/ZN\n',
 ' clkload116/ZN\n',
 ' clkload117/Z\n',
 ' clkload118/ZN\n',
 ' clkload119/ZN\n',
 ' clkload12/ZN\n',
 ' clkload120/ZN\n',
 ' clkload121/ZN\n',
 ' clkload122/ZN\n',
 ' clkload123/ZN\n',
 ' clkload124/ZN\n',
 ' clkload125/ZN\n',
 ' clkload126/ZN\n',
 ' clkload127/ZN\n',
 ' clkload128/ZN\n',
 ' clkload129/ZN\n',
 ' clkload13/ZN\n',
 ' clkload130/Z\n',
 ' clkload131/ZN\n',
 ' clkload132/ZN\n',
 ' clkload133/ZN\n',
 ' clkload134/ZN\n',
 ' clkload135/Z\n',
 ' clkload136/ZN\n',
 ' clkload137/Z\n',
 ' clkload138/ZN\n',
 ' clkload139/ZN\n',
 ' clkload14/Z\n',
 ' clkload140/ZN\n',
 ' clkload141/ZN\n',
 ' clkload142/ZN\n',
 ' clkload143/ZN\n',
 ' clkload144/ZN\n',
 ' clkload145/ZN\n',
 ' clkload146/ZN\n',
 ' clkload147/ZN\n',
 ' clkload148/ZN\n',
 ' clkload149/Z\n',
 ' clkload15/ZN\n',
 ' clkload150/ZN\n',
 ' clkload151/Z\n',
 ' clkload152/Z\n',
 ' clkload153/ZN\n',
 ' clkload154/ZN\n',
 ' clkload155/ZN\n',
 ' clkload156/Z\n',
 ' clkload157/Z\n',
 ' clkload158/ZN\n',
 ' clkload159/ZN\n',
 ' clkload16/ZN\n',
 ' clkload160/ZN\n',
 ' clkload161/Z\n',
 ' clkload162/Z\n',
 ' clkload163/ZN\n',
 ' clkload164/Z\n',
 ' clkload165/ZN\n',
 ' clkload166/ZN\n',
 ' clkload167/ZN\n',
 ' clkload168/ZN\n',
 ' clkload169/ZN\n',
 ' clkload17/ZN\n',
 ' clkload170/Z\n',
 ' clkload171/Z\n',
 ' clkload172/ZN\n',
 ' clkload173/ZN\n',
 ' clkload174/ZN\n',
 ' clkload175/ZN\n',
 ' clkload176/ZN\n',
 ' clkload177/ZN\n',
 ' clkload178/ZN\n',
 ' clkload179/ZN\n',
 ' clkload18/ZN\n',
 ' clkload180/ZN\n',
 ' clkload181/ZN\n',
 ' clkload182/ZN\n',
 ' clkload183/Z\n',
 ' clkload184/Z\n',
 ' clkload185/Z\n',
 ' clkload186/Z\n',
 ' clkload187/ZN\n',
 ' clkload188/ZN\n',
 ' clkload189/ZN\n',
 ' clkload19/ZN\n',
 ' clkload190/Z\n',
 ' clkload191/Z\n',
 ' clkload192/Z\n',
 ' clkload193/Z\n',
 ' clkload194/ZN\n',
 ' clkload195/Z\n',
 ' clkload196/ZN\n',
 ' clkload197/ZN\n',
 ' clkload198/ZN\n',
 ' clkload199/ZN\n',
 ' clkload2/ZN\n',
 ' clkload20/ZN\n',
 ' clkload200/Z\n',
 ' clkload201/ZN\n',
 ' clkload202/Z\n',
 ' clkload203/ZN\n',
 ' clkload204/ZN\n',
 ' clkload205/ZN\n',
 ' clkload206/Z\n',
 ' clkload207/ZN\n',
 ' clkload208/ZN\n',
 ' clkload209/ZN\n',
 ' clkload21/ZN\n',
 ' clkload210/ZN\n',
 ' clkload211/ZN\n',
 ' clkload212/Z\n',
 ' clkload213/Z\n',
 ' clkload214/ZN\n',
 ' clkload215/Z\n',
 ' clkload216/Z\n',
 ' clkload217/ZN\n',
 ' clkload218/ZN\n',
 ' clkload219/ZN\n',
 ' clkload22/ZN\n',
 ' clkload220/Z\n',
 ' clkload221/ZN\n',
 ' clkload222/ZN\n',
 ' clkload223/ZN\n',
 ' clkload224/Z\n',
 ' clkload225/ZN\n',
 ' clkload226/Z\n',
 ' clkload227/Z\n',
 ' clkload228/Z\n',
 ' clkload229/ZN\n',
 ' clkload23/ZN\n',
 ' clkload230/ZN\n',
 ' clkload231/Z\n',
 ' clkload232/ZN\n',
 ' clkload233/ZN\n',
 ' clkload234/Z\n',
 ' clkload235/ZN\n',
 ' clkload236/ZN\n',
 ' clkload237/ZN\n',
 ' clkload238/ZN\n',
 ' clkload239/Z\n',
 ' clkload24/ZN\n',
 ' clkload240/ZN\n',
 ' clkload241/ZN\n',
 ' clkload242/ZN\n',
 ' clkload243/Z\n',
 ' clkload244/ZN\n',
 ' clkload245/ZN\n',
 ' clkload246/Z\n',
 ' clkload247/Z\n',
 ' clkload248/Z\n',
 ' clkload249/Z\n',
 ' clkload25/ZN\n',
 ' clkload250/ZN\n',
 ' clkload251/ZN\n',
 ' clkload252/Z\n',
 ' clkload253/Z\n',
 ' clkload254/ZN\n',
 ' clkload255/Z\n',
 ' clkload256/ZN\n',
 ' clkload257/Z\n',
 ' clkload258/ZN\n',
 ' clkload259/Z\n',
 ' clkload26/Z\n',
 ' clkload260/ZN\n',
 ' clkload261/ZN\n',
 ' clkload262/Z\n',
 ' clkload263/ZN\n',
 ' clkload264/ZN\n',
 ' clkload265/ZN\n',
 ' clkload266/Z\n',
 ' clkload267/Z\n',
 ' clkload268/ZN\n',
 ' clkload269/ZN\n',
 ' clkload27/ZN\n',
 ' clkload270/ZN\n',
 ' clkload271/Z\n',
 ' clkload272/Z\n',
 ' clkload273/Z\n',
 ' clkload274/ZN\n',
 ' clkload275/Z\n',
 ' clkload276/Z\n',
 ' clkload277/Z\n',
 ' clkload278/Z\n',
 ' clkload279/Z\n',
 ' clkload28/ZN\n',
 ' clkload280/ZN\n',
 ' clkload281/Z\n',
 ' clkload282/ZN\n',
 ' clkload283/Z\n',
 ' clkload284/Z\n',
 ' clkload285/ZN\n',
 ' clkload286/Z\n',
 ' clkload287/Z\n',
 ' clkload288/ZN\n',
 ' clkload289/ZN\n',
 ' clkload29/ZN\n',
 ' clkload290/Z\n',
 ' clkload291/ZN\n',
 ' clkload292/ZN\n',
 ' clkload293/Z\n',
 ' clkload294/Z\n',
 ' clkload295/ZN\n',
 ' clkload296/ZN\n',
 ' clkload297/ZN\n',
 ' clkload298/ZN\n',
 ' clkload299/Z\n',
 ' clkload3/ZN\n',
 ' clkload30/ZN\n',
 ' clkload300/ZN\n',
 ' clkload301/ZN\n',
 ' clkload302/ZN\n',
 ' clkload303/Z\n',
 ' clkload304/ZN\n',
 ' clkload305/Z\n',
 ' clkload306/ZN\n',
 ' clkload307/ZN\n',
 ' clkload308/Z\n',
 ' clkload309/Z\n',
 ' clkload31/ZN\n',
 ' clkload310/ZN\n',
 ' clkload311/ZN\n',
 ' clkload312/Z\n',
 ' clkload313/Z\n',
 ' clkload314/ZN\n',
 ' clkload315/Z\n',
 ' clkload316/ZN\n',
 ' clkload317/ZN\n',
 ' clkload318/ZN\n',
 ' clkload319/ZN\n',
 ' clkload32/ZN\n',
 ' clkload320/ZN\n',
 ' clkload321/ZN\n',
 ' clkload322/ZN\n',
 ' clkload323/ZN\n',
 ' clkload324/ZN\n',
 ' clkload325/ZN\n',
 ' clkload326/ZN\n',
 ' clkload327/Z\n',
 ' clkload328/ZN\n',
 ' clkload329/Z\n',
 ' clkload33/Z\n',
 ' clkload330/ZN\n',
 ' clkload331/Z\n',
 ' clkload332/ZN\n',
 ' clkload333/Z\n',
 ' clkload334/ZN\n',
 ' clkload335/ZN\n',
 ' clkload336/ZN\n',
 ' clkload337/Z\n',
 ' clkload338/ZN\n',
 ' clkload339/ZN\n',
 ' clkload34/ZN\n',
 ' clkload340/Z\n',
 ' clkload341/ZN\n',
 ' clkload342/Z\n',
 ' clkload343/ZN\n',
 ' clkload344/ZN\n',
 ' clkload345/ZN\n',
 ' clkload346/ZN\n',
 ' clkload347/ZN\n',
 ' clkload348/ZN\n',
 ' clkload349/Z\n',
 ' clkload35/ZN\n',
 ' clkload350/Z\n',
 ' clkload351/Z\n',
 ' clkload352/Z\n',
 ' clkload353/Z\n',
 ' clkload354/Z\n',
 ' clkload355/Z\n',
 ' clkload356/Z\n',
 ' clkload357/ZN\n',
 ' clkload358/ZN\n',
 ' clkload359/ZN\n',
 ' clkload36/ZN\n',
 ' clkload360/ZN\n',
 ' clkload361/Z\n',
 ' clkload362/Z\n',
 ' clkload363/Z\n',
 ' clkload364/Z\n',
 ' clkload365/Z\n',
 ' clkload366/Z\n',
 ' clkload367/Z\n',
 ' clkload368/ZN\n',
 ' clkload369/Z\n',
 ' clkload37/ZN\n',
 ' clkload370/ZN\n',
 ' clkload371/ZN\n',
 ' clkload372/ZN\n',
 ' clkload373/ZN\n',
 ' clkload374/Z\n',
 ' clkload375/Z\n',
 ' clkload376/Z\n',
 ' clkload377/Z\n',
 ' clkload378/Z\n',
 ' clkload379/Z\n',
 ' clkload38/ZN\n',
 ' clkload380/Z\n',
 ' clkload381/Z\n',
 ' clkload382/ZN\n',
 ' clkload383/ZN\n',
 ' clkload384/ZN\n',
 ' clkload385/Z\n',
 ' clkload386/ZN\n',
 ' clkload387/Z\n',
 ' clkload388/Z\n',
 ' clkload389/Z\n',
 ' clkload39/ZN\n',
 ' clkload390/Z\n',
 ' clkload391/Z\n',
 ' clkload392/ZN\n',
 ' clkload393/ZN\n',
 ' clkload394/ZN\n',
 ' clkload395/ZN\n',
 ' clkload396/ZN\n',
 ' clkload397/ZN\n',
 ' clkload398/Z\n',
 ' clkload399/ZN\n',
 ' clkload4/Z\n',
 ' clkload40/ZN\n',
 ' clkload400/ZN\n',
 ' clkload401/ZN\n',
 ' clkload402/Z\n',
 ' clkload403/ZN\n',
 ' clkload404/Z\n',
 ' clkload405/ZN\n',
 ' clkload406/ZN\n',
 ' clkload407/ZN\n',
 ' clkload408/ZN\n',
 ' clkload409/ZN\n',
 ' clkload41/ZN\n',
 ' clkload410/ZN\n',
 ' clkload411/ZN\n',
 ' clkload412/ZN\n',
 ' clkload413/ZN\n',
 ' clkload414/ZN\n',
 ' clkload415/ZN\n',
 ' clkload416/ZN\n',
 ' clkload417/Z\n',
 ' clkload418/ZN\n',
 ' clkload419/ZN\n',
 ' clkload42/ZN\n',
 ' clkload420/ZN\n',
 ' clkload421/ZN\n',
 ' clkload422/ZN\n',
 ' clkload423/ZN\n',
 ' clkload424/ZN\n',
 ' clkload425/ZN\n',
 ' clkload426/ZN\n',
 ' clkload427/Z\n',
 ' clkload428/ZN\n',
 ' clkload429/ZN\n',
 ' clkload43/ZN\n',
 ' clkload430/Z\n',
 ' clkload431/Z\n',
 ' clkload432/Z\n',
 ' clkload433/ZN\n',
 ' clkload434/ZN\n',
 ' clkload435/ZN\n',
 ' clkload436/ZN\n',
 ' clkload437/Z\n',
 ' clkload438/ZN\n',
 ' clkload439/Z\n',
 ' clkload44/ZN\n',
 ' clkload440/ZN\n',
 ' clkload441/ZN\n',
 ' clkload442/ZN\n',
 ' clkload443/Z\n',
 ' clkload444/Z\n',
 ' clkload445/Z\n',
 ' clkload446/Z\n',
 ' clkload447/ZN\n',
 ' clkload448/Z\n',
 ' clkload449/Z\n',
 ' clkload45/ZN\n',
 ' clkload450/Z\n',
 ' clkload451/ZN\n',
 ' clkload452/ZN\n',
 ' clkload453/ZN\n',
 ' clkload454/ZN\n',
 ' clkload455/ZN\n',
 ' clkload456/Z\n',
 ' clkload457/ZN\n',
 ' clkload458/Z\n',
 ' clkload459/Z\n',
 ' clkload46/ZN\n',
 ' clkload460/Z\n',
 ' clkload461/Z\n',
 ' clkload462/ZN\n',
 ' clkload463/Z\n',
 ' clkload464/Z\n',
 ' clkload465/Z\n',
 ' clkload466/Z\n',
 ' clkload467/Z\n',
 ' clkload468/Z\n',
 ' clkload469/Z\n',
 ' clkload47/ZN\n',
 ' clkload470/ZN\n',
 ' clkload471/ZN\n',
 ' clkload472/ZN\n',
 ' clkload473/Z\n',
 ' clkload474/ZN\n',
 ' clkload475/Z\n',
 ' clkload476/ZN\n',
 ' clkload477/ZN\n',
 ' clkload478/Z\n',
 ' clkload479/ZN\n',
 ' clkload48/ZN\n',
 ' clkload480/ZN\n',
 ' clkload481/Z\n',
 ' clkload482/ZN\n',
 ' clkload483/ZN\n',
 ' clkload484/ZN\n',
 ' clkload485/ZN\n',
 ' clkload486/ZN\n',
 ' clkload487/ZN\n',
 ' clkload488/ZN\n',
 ' clkload489/Z\n',
 ' clkload49/ZN\n',
 ' clkload490/Z\n',
 ' clkload491/Z\n',
 ' clkload492/ZN\n',
 ' clkload493/Z\n',
 ' clkload494/ZN\n',
 ' clkload5/ZN\n',
 ' clkload50/ZN\n',
 ' clkload51/ZN\n',
 ' clkload52/ZN\n',
 ' clkload53/ZN\n',
 ' clkload54/ZN\n',
 ' clkload55/ZN\n',
 ' clkload56/ZN\n',
 ' clkload57/ZN\n',
 ' clkload58/ZN\n',
 ' clkload59/ZN\n',
 ' clkload6/ZN\n',
 ' clkload60/ZN\n',
 ' clkload61/ZN\n',
 ' clkload62/Z\n',
 ' clkload63/ZN\n',
 ' clkload64/ZN\n',
 ' clkload65/ZN\n',
 ' clkload66/ZN\n',
 ' clkload67/ZN\n',
 ' clkload68/ZN\n',
 ' clkload69/ZN\n',
 ' clkload7/ZN\n',
 ' clkload70/ZN\n',
 ' clkload71/ZN\n',
 ' clkload72/ZN\n',
 ' clkload73/ZN\n',
 ' clkload74/ZN\n',
 ' clkload75/ZN\n',
 ' clkload76/ZN\n',
 ' clkload77/ZN\n',
 ' clkload78/ZN\n',
 ' clkload79/Z\n',
 ' clkload8/Z\n',
 ' clkload80/Z\n',
 ' clkload81/ZN\n',
 ' clkload82/ZN\n',
 ' clkload83/ZN\n',
 ' clkload84/Z\n',
 ' clkload85/Z\n',
 ' clkload86/ZN\n',
 ' clkload87/ZN\n',
 ' clkload88/ZN\n',
 ' clkload89/ZN\n',
 ' clkload9/ZN\n',
 ' clkload90/Z\n',
 ' clkload91/Z\n',
 ' clkload92/Z\n',
 ' clkload93/Z\n',
 ' clkload94/Z\n',
 ' clkload95/Z\n',
 ' clkload96/Z\n',
 ' clkload97/ZN\n',
 ' clkload98/Z\n',
 ' clkload99/Z\n',
 'Found 0 partially unannotated drivers.\n',
 '\n']
Reported nets:
['clkload0/ZN',
 'clkload1/ZN',
 'clkload10/ZN',
 'clkload100/Z',
 'clkload101/Z',
 'clkload102/ZN',
 'clkload103/Z',
 'clkload104/ZN',
 'clkload105/Z',
 'clkload106/ZN',
 'clkload107/Z',
 'clkload108/ZN',
 'clkload109/Z',
 'clkload11/ZN',
 'clkload110/Z',
 'clkload111/ZN',
 'clkload112/Z',
 'clkload113/ZN',
 'clkload114/ZN',
 'clkload115/ZN',
 'clkload116/ZN',
 'clkload117/Z',
 'clkload118/ZN',
 'clkload119/ZN',
 'clkload12/ZN',
 'clkload120/ZN',
 'clkload121/ZN',
 'clkload122/ZN',
 'clkload123/ZN',
 'clkload124/ZN',
 'clkload125/ZN',
 'clkload126/ZN',
 'clkload127/ZN',
 'clkload128/ZN',
 'clkload129/ZN',
 'clkload13/ZN',
 'clkload130/Z',
 'clkload131/ZN',
 'clkload132/ZN',
 'clkload133/ZN',
 'clkload134/ZN',
 'clkload135/Z',
 'clkload136/ZN',
 'clkload137/Z',
 'clkload138/ZN',
 'clkload139/ZN',
 'clkload14/Z',
 'clkload140/ZN',
 'clkload141/ZN',
 'clkload142/ZN',
 'clkload143/ZN',
 'clkload144/ZN',
 'clkload145/ZN',
 'clkload146/ZN',
 'clkload147/ZN',
 'clkload148/ZN',
 'clkload149/Z',
 'clkload15/ZN',
 'clkload150/ZN',
 'clkload151/Z',
 'clkload152/Z',
 'clkload153/ZN',
 'clkload154/ZN',
 'clkload155/ZN',
 'clkload156/Z',
 'clkload157/Z',
 'clkload158/ZN',
 'clkload159/ZN',
 'clkload16/ZN',
 'clkload160/ZN',
 'clkload161/Z',
 'clkload162/Z',
 'clkload163/ZN',
 'clkload164/Z',
 'clkload165/ZN',
 'clkload166/ZN',
 'clkload167/ZN',
 'clkload168/ZN',
 'clkload169/ZN',
 'clkload17/ZN',
 'clkload170/Z',
 'clkload171/Z',
 'clkload172/ZN',
 'clkload173/ZN',
 'clkload174/ZN',
 'clkload175/ZN',
 'clkload176/ZN',
 'clkload177/ZN',
 'clkload178/ZN',
 'clkload179/ZN',
 'clkload18/ZN',
 'clkload180/ZN',
 'clkload181/ZN',
 'clkload182/ZN',
 'clkload183/Z',
 'clkload184/Z',
 'clkload185/Z',
 'clkload186/Z',
 'clkload187/ZN',
 'clkload188/ZN',
 'clkload189/ZN',
 'clkload19/ZN',
 'clkload190/Z',
 'clkload191/Z',
 'clkload192/Z',
 'clkload193/Z',
 'clkload194/ZN',
 'clkload195/Z',
 'clkload196/ZN',
 'clkload197/ZN',
 'clkload198/ZN',
 'clkload199/ZN',
 'clkload2/ZN',
 'clkload20/ZN',
 'clkload200/Z',
 'clkload201/ZN',
 'clkload202/Z',
 'clkload203/ZN',
 'clkload204/ZN',
 'clkload205/ZN',
 'clkload206/Z',
 'clkload207/ZN',
 'clkload208/ZN',
 'clkload209/ZN',
 'clkload21/ZN',
 'clkload210/ZN',
 'clkload211/ZN',
 'clkload212/Z',
 'clkload213/Z',
 'clkload214/ZN',
 'clkload215/Z',
 'clkload216/Z',
 'clkload217/ZN',
 'clkload218/ZN',
 'clkload219/ZN',
 'clkload22/ZN',
 'clkload220/Z',
 'clkload221/ZN',
 'clkload222/ZN',
 'clkload223/ZN',
 'clkload224/Z',
 'clkload225/ZN',
 'clkload226/Z',
 'clkload227/Z',
 'clkload228/Z',
 'clkload229/ZN',
 'clkload23/ZN',
 'clkload230/ZN',
 'clkload231/Z',
 'clkload232/ZN',
 'clkload233/ZN',
 'clkload234/Z',
 'clkload235/ZN',
 'clkload236/ZN',
 'clkload237/ZN',
 'clkload238/ZN',
 'clkload239/Z',
 'clkload24/ZN',
 'clkload240/ZN',
 'clkload241/ZN',
 'clkload242/ZN',
 'clkload243/Z',
 'clkload244/ZN',
 'clkload245/ZN',
 'clkload246/Z',
 'clkload247/Z',
 'clkload248/Z',
 'clkload249/Z',
 'clkload25/ZN',
 'clkload250/ZN',
 'clkload251/ZN',
 'clkload252/Z',
 'clkload253/Z',
 'clkload254/ZN',
 'clkload255/Z',
 'clkload256/ZN',
 'clkload257/Z',
 'clkload258/ZN',
 'clkload259/Z',
 'clkload26/Z',
 'clkload260/ZN',
 'clkload261/ZN',
 'clkload262/Z',
 'clkload263/ZN',
 'clkload264/ZN',
 'clkload265/ZN',
 'clkload266/Z',
 'clkload267/Z',
 'clkload268/ZN',
 'clkload269/ZN',
 'clkload27/ZN',
 'clkload270/ZN',
 'clkload271/Z',
 'clkload272/Z',
 'clkload273/Z',
 'clkload274/ZN',
 'clkload275/Z',
 'clkload276/Z',
 'clkload277/Z',
 'clkload278/Z',
 'clkload279/Z',
 'clkload28/ZN',
 'clkload280/ZN',
 'clkload281/Z',
 'clkload282/ZN',
 'clkload283/Z',
 'clkload284/Z',
 'clkload285/ZN',
 'clkload286/Z',
 'clkload287/Z',
 'clkload288/ZN',
 'clkload289/ZN',
 'clkload29/ZN',
 'clkload290/Z',
 'clkload291/ZN',
 'clkload292/ZN',
 'clkload293/Z',
 'clkload294/Z',
 'clkload295/ZN',
 'clkload296/ZN',
 'clkload297/ZN',
 'clkload298/ZN',
 'clkload299/Z',
 'clkload3/ZN',
 'clkload30/ZN',
 'clkload300/ZN',
 'clkload301/ZN',
 'clkload302/ZN',
 'clkload303/Z',
 'clkload304/ZN',
 'clkload305/Z',
 'clkload306/ZN',
 'clkload307/ZN',
 'clkload308/Z',
 'clkload309/Z',
 'clkload31/ZN',
 'clkload310/ZN',
 'clkload311/ZN',
 'clkload312/Z',
 'clkload313/Z',
 'clkload314/ZN',
 'clkload315/Z',
 'clkload316/ZN',
 'clkload317/ZN',
 'clkload318/ZN',
 'clkload319/ZN',
 'clkload32/ZN',
 'clkload320/ZN',
 'clkload321/ZN',
 'clkload322/ZN',
 'clkload323/ZN',
 'clkload324/ZN',
 'clkload325/ZN',
 'clkload326/ZN',
 'clkload327/Z',
 'clkload328/ZN',
 'clkload329/Z',
 'clkload33/Z',
 'clkload330/ZN',
 'clkload331/Z',
 'clkload332/ZN',
 'clkload333/Z',
 'clkload334/ZN',
 'clkload335/ZN',
 'clkload336/ZN',
 'clkload337/Z',
 'clkload338/ZN',
 'clkload339/ZN',
 'clkload34/ZN',
 'clkload340/Z',
 'clkload341/ZN',
 'clkload342/Z',
 'clkload343/ZN',
 'clkload344/ZN',
 'clkload345/ZN',
 'clkload346/ZN',
 'clkload347/ZN',
 'clkload348/ZN',
 'clkload349/Z',
 'clkload35/ZN',
 'clkload350/Z',
 'clkload351/Z',
 'clkload352/Z',
 'clkload353/Z',
 'clkload354/Z',
 'clkload355/Z',
 'clkload356/Z',
 'clkload357/ZN',
 'clkload358/ZN',
 'clkload359/ZN',
 'clkload36/ZN',
 'clkload360/ZN',
 'clkload361/Z',
 'clkload362/Z',
 'clkload363/Z',
 'clkload364/Z',
 'clkload365/Z',
 'clkload366/Z',
 'clkload367/Z',
 'clkload368/ZN',
 'clkload369/Z',
 'clkload37/ZN',
 'clkload370/ZN',
 'clkload371/ZN',
 'clkload372/ZN',
 'clkload373/ZN',
 'clkload374/Z',
 'clkload375/Z',
 'clkload376/Z',
 'clkload377/Z',
 'clkload378/Z',
 'clkload379/Z',
 'clkload38/ZN',
 'clkload380/Z',
 'clkload381/Z',
 'clkload382/ZN',
 'clkload383/ZN',
 'clkload384/ZN',
 'clkload385/Z',
 'clkload386/ZN',
 'clkload387/Z',
 'clkload388/Z',
 'clkload389/Z',
 'clkload39/ZN',
 'clkload390/Z',
 'clkload391/Z',
 'clkload392/ZN',
 'clkload393/ZN',
 'clkload394/ZN',
 'clkload395/ZN',
 'clkload396/ZN',
 'clkload397/ZN',
 'clkload398/Z',
 'clkload399/ZN',
 'clkload4/Z',
 'clkload40/ZN',
 'clkload400/ZN',
 'clkload401/ZN',
 'clkload402/Z',
 'clkload403/ZN',
 'clkload404/Z',
 'clkload405/ZN',
 'clkload406/ZN',
 'clkload407/ZN',
 'clkload408/ZN',
 'clkload409/ZN',
 'clkload41/ZN',
 'clkload410/ZN',
 'clkload411/ZN',
 'clkload412/ZN',
 'clkload413/ZN',
 'clkload414/ZN',
 'clkload415/ZN',
 'clkload416/ZN',
 'clkload417/Z',
 'clkload418/ZN',
 'clkload419/ZN',
 'clkload42/ZN',
 'clkload420/ZN',
 'clkload421/ZN',
 'clkload422/ZN',
 'clkload423/ZN',
 'clkload424/ZN',
 'clkload425/ZN',
 'clkload426/ZN',
 'clkload427/Z',
 'clkload428/ZN',
 'clkload429/ZN',
 'clkload43/ZN',
 'clkload430/Z',
 'clkload431/Z',
 'clkload432/Z',
 'clkload433/ZN',
 'clkload434/ZN',
 'clkload435/ZN',
 'clkload436/ZN',
 'clkload437/Z',
 'clkload438/ZN',
 'clkload439/Z',
 'clkload44/ZN',
 'clkload440/ZN',
 'clkload441/ZN',
 'clkload442/ZN',
 'clkload443/Z',
 'clkload444/Z',
 'clkload445/Z',
 'clkload446/Z',
 'clkload447/ZN',
 'clkload448/Z',
 'clkload449/Z',
 'clkload45/ZN',
 'clkload450/Z',
 'clkload451/ZN',
 'clkload452/ZN',
 'clkload453/ZN',
 'clkload454/ZN',
 'clkload455/ZN',
 'clkload456/Z',
 'clkload457/ZN',
 'clkload458/Z',
 'clkload459/Z',
 'clkload46/ZN',
 'clkload460/Z',
 'clkload461/Z',
 'clkload462/ZN',
 'clkload463/Z',
 'clkload464/Z',
 'clkload465/Z',
 'clkload466/Z',
 'clkload467/Z',
 'clkload468/Z',
 'clkload469/Z',
 'clkload47/ZN',
 'clkload470/ZN',
 'clkload471/ZN',
 'clkload472/ZN',
 'clkload473/Z',
 'clkload474/ZN',
 'clkload475/Z',
 'clkload476/ZN',
 'clkload477/ZN',
 'clkload478/Z',
 'clkload479/ZN',
 'clkload48/ZN',
 'clkload480/ZN',
 'clkload481/Z',
 'clkload482/ZN',
 'clkload483/ZN',
 'clkload484/ZN',
 'clkload485/ZN',
 'clkload486/ZN',
 'clkload487/ZN',
 'clkload488/ZN',
 'clkload489/Z',
 'clkload49/ZN',
 'clkload490/Z',
 'clkload491/Z',
 'clkload492/ZN',
 'clkload493/Z',
 'clkload494/ZN',
 'clkload5/ZN',
 'clkload50/ZN',
 'clkload51/ZN',
 'clkload52/ZN',
 'clkload53/ZN',
 'clkload54/ZN',
 'clkload55/ZN',
 'clkload56/ZN',
 'clkload57/ZN',
 'clkload58/ZN',
 'clkload59/ZN',
 'clkload6/ZN',
 'clkload60/ZN',
 'clkload61/ZN',
 'clkload62/Z',
 'clkload63/ZN',
 'clkload64/ZN',
 'clkload65/ZN',
 'clkload66/ZN',
 'clkload67/ZN',
 'clkload68/ZN',
 'clkload69/ZN',
 'clkload7/ZN',
 'clkload70/ZN',
 'clkload71/ZN',
 'clkload72/ZN',
 'clkload73/ZN',
 'clkload74/ZN',
 'clkload75/ZN',
 'clkload76/ZN',
 'clkload77/ZN',
 'clkload78/ZN',
 'clkload79/Z',
 'clkload8/Z',
 'clkload80/Z',
 'clkload81/ZN',
 'clkload82/ZN',
 'clkload83/ZN',
 'clkload84/Z',
 'clkload85/Z',
 'clkload86/ZN',
 'clkload87/ZN',
 'clkload88/ZN',
 'clkload89/ZN',
 'clkload9/ZN',
 'clkload90/Z',
 'clkload91/Z',
 'clkload92/Z',
 'clkload93/Z',
 'clkload94/Z',
 'clkload95/Z',
 'clkload96/Z',
 'clkload97/ZN',
 'clkload98/Z',
 'clkload99/Z']
Filtered nets:
[]
done
