Clock: clk
Sources: clk 
Generated: no
Virtual: no
Propagated: no
Period: 20.000000

===========================================================================
report_clock_properties
============================================================================
Clock                   Period          Waveform
----------------------------------------------------
clk                  20.000000    0.000000 10.000000

===========================================================================
report_clock_latency
============================================================================
Clock clk
rise -> rise
    min     max
0.000000 0.000000 source latency
21.506462         network latency _24910_/CLK
        21.506462 network latency _24910_/CLK
---------------
21.506462 21.506462 latency
        0.000000 skew

fall -> fall
    min     max
0.000000 0.000000 source latency
13.567184         network latency _24910_/CLK
        13.567184 network latency _24910_/CLK
---------------
13.567184 13.567184 latency
        0.000000 skew



===========================================================================
report_clock_min_period
============================================================================
clk period_min = 61.03 fmax = 16.39
