
Magic 8.3 revision 528 - Compiled on Wed Jun 18 09:45:25 PM CEST 2025.
Starting magic under Tcl interpreter
Using the terminal as the console.
WARNING: RLIMIT_NOFILE is above 1024 and Tcl_Version<9 this may cause runtime issues [rlim_cur=1048576]
Using NULL graphics device.
Processing system .magicrc file
Sourcing design .magicrc for technology gf180mcuD ...
10 Magic internal units = 1 Lambda
Input style import: scaleFactor=10, multiplier=2
The following types are not handled by extraction and will be treated as non-electrical types:
    obsactive mvobsactive filldiff fillpoly m1hole obsm1 fillm1 obsv1 m2hole obsm2 fillm2 obsv2 m3hole obsm3 fillm3 m4hole obsm4 fillm4 m5hole obsm5 fillm5 glass fillblock lvstext obscomment 
Scaled tech values by 10 / 1 to match internal grid scaling
Loading gf180mcuD Device Generator Menu ...
Loading "/usr/local/lib/python3.12/dist-packages/openlane/scripts/magic/wrapper.tcl" from command line.
Warning: Calma reading is not undoable!  I hope that's OK.
Library written using GDS-II Release 3.0
Library name: ascon_top
Reading "gf180mcu_fd_sc_mcu7t5v0__fillcap_32".
Reading "gf180mcu_fd_sc_mcu7t5v0__fillcap_64".
Reading "gf180mcu_fd_sc_mcu7t5v0__endcap".
Reading "gf180mcu_fd_sc_mcu7t5v0__filltie".
Reading "gf180mcu_fd_sc_mcu7t5v0__fillcap_4".
Reading "gf180mcu_fd_sc_mcu7t5v0__fill_2".
Reading "gf180mcu_fd_sc_mcu7t5v0__dffrnq_1".
Reading "gf180mcu_fd_sc_mcu7t5v0__fill_1".
Reading "gf180mcu_fd_sc_mcu7t5v0__clkinv_1".
Reading "gf180mcu_fd_sc_mcu7t5v0__fillcap_8".
Reading "gf180mcu_fd_sc_mcu7t5v0__clkinv_2".
Reading "gf180mcu_fd_sc_mcu7t5v0__fillcap_16".
Reading "gf180mcu_fd_sc_mcu7t5v0__mux2_2".
Reading "gf180mcu_fd_sc_mcu7t5v0__dffrnq_2".
Reading "gf180mcu_fd_sc_mcu7t5v0__clkbuf_1".
Reading "gf180mcu_fd_sc_mcu7t5v0__buf_1".
Reading "gf180mcu_fd_sc_mcu7t5v0__clkbuf_3".
Reading "gf180mcu_fd_sc_mcu7t5v0__clkbuf_8".
Reading "gf180mcu_fd_sc_mcu7t5v0__dffrnq_4".
Reading "gf180mcu_fd_sc_mcu7t5v0__dlyc_1".
Reading "gf180mcu_fd_sc_mcu7t5v0__aoi21_1".
Reading "gf180mcu_fd_sc_mcu7t5v0__oai21_1".
Reading "gf180mcu_fd_sc_mcu7t5v0__nor2_1".
Reading "gf180mcu_fd_sc_mcu7t5v0__inv_2".
Reading "gf180mcu_fd_sc_mcu7t5v0__xor2_1".
Reading "gf180mcu_fd_sc_mcu7t5v0__clkbuf_2".
Reading "gf180mcu_fd_sc_mcu7t5v0__buf_4".
Reading "gf180mcu_fd_sc_mcu7t5v0__xnor2_1".
Reading "gf180mcu_fd_sc_mcu7t5v0__oai22_1".
Reading "gf180mcu_fd_sc_mcu7t5v0__nand2_1".
Reading "gf180mcu_fd_sc_mcu7t5v0__buf_2".
Reading "gf180mcu_fd_sc_mcu7t5v0__inv_3".
Reading "gf180mcu_fd_sc_mcu7t5v0__aoi221_1".
Reading "gf180mcu_fd_sc_mcu7t5v0__aoi22_1".
Reading "gf180mcu_fd_sc_mcu7t5v0__oai221_1".
Reading "gf180mcu_fd_sc_mcu7t5v0__inv_1".
Reading "gf180mcu_fd_sc_mcu7t5v0__oai211_1".
Reading "gf180mcu_fd_sc_mcu7t5v0__aoi211_1".
Reading "gf180mcu_fd_sc_mcu7t5v0__nand3_1".
Reading "gf180mcu_fd_sc_mcu7t5v0__clkbuf_4".
Reading "gf180mcu_fd_sc_mcu7t5v0__and2_1".
Reading "gf180mcu_fd_sc_mcu7t5v0__oai32_1".
Reading "gf180mcu_fd_sc_mcu7t5v0__nor3_1".
Reading "gf180mcu_fd_sc_mcu7t5v0__nor2_2".
Reading "gf180mcu_fd_sc_mcu7t5v0__nand2_2".
Reading "gf180mcu_fd_sc_mcu7t5v0__oai31_1".
Reading "gf180mcu_fd_sc_mcu7t5v0__aoi21_2".
Reading "gf180mcu_fd_sc_mcu7t5v0__aoi211_2".
Reading "gf180mcu_fd_sc_mcu7t5v0__inv_4".
Reading "gf180mcu_fd_sc_mcu7t5v0__xor2_2".
Reading "gf180mcu_fd_sc_mcu7t5v0__clkinv_3".
Reading "gf180mcu_fd_sc_mcu7t5v0__xor3_2".
Reading "gf180mcu_fd_sc_mcu7t5v0__or2_1".
Reading "gf180mcu_fd_sc_mcu7t5v0__aoi222_2".
Reading "gf180mcu_fd_sc_mcu7t5v0__nand3_2".
Reading "gf180mcu_fd_sc_mcu7t5v0__dffsnq_1".
Reading "gf180mcu_fd_sc_mcu7t5v0__nand4_1".
Reading "gf180mcu_fd_sc_mcu7t5v0__or3_1".
Reading "gf180mcu_fd_sc_mcu7t5v0__aoi221_4".
Reading "gf180mcu_fd_sc_mcu7t5v0__xor3_1".
Reading "gf180mcu_fd_sc_mcu7t5v0__oai21_2".
Reading "gf180mcu_fd_sc_mcu7t5v0__xnor3_1".
Reading "gf180mcu_fd_sc_mcu7t5v0__xnor2_2".
Reading "gf180mcu_fd_sc_mcu7t5v0__dffsnq_2".
Reading "gf180mcu_fd_sc_mcu7t5v0__nor2_4".
Reading "gf180mcu_fd_sc_mcu7t5v0__oai222_1".
Reading "gf180mcu_fd_sc_mcu7t5v0__oai21_4".
Reading "gf180mcu_fd_sc_mcu7t5v0__oai211_2".
Reading "gf180mcu_fd_sc_mcu7t5v0__aoi22_4".
Reading "gf180mcu_fd_sc_mcu7t5v0__aoi221_2".
Reading "gf180mcu_fd_sc_mcu7t5v0__nor4_4".
Reading "gf180mcu_fd_sc_mcu7t5v0__and4_1".
Reading "gf180mcu_fd_sc_mcu7t5v0__aoi21_4".
Reading "gf180mcu_fd_sc_mcu7t5v0__nor4_1".
Reading "gf180mcu_fd_sc_mcu7t5v0__or4_1".
Reading "gf180mcu_fd_sc_mcu7t5v0__nand3_4".
Reading "gf180mcu_fd_sc_mcu7t5v0__aoi22_2".
Reading "gf180mcu_fd_sc_mcu7t5v0__nor4_2".
Reading "gf180mcu_fd_sc_mcu7t5v0__nor3_2".
Reading "gf180mcu_fd_sc_mcu7t5v0__xnor3_2".
Reading "gf180mcu_fd_sc_mcu7t5v0__oai31_4".
Reading "gf180mcu_fd_sc_mcu7t5v0__oai22_2".
Reading "gf180mcu_fd_sc_mcu7t5v0__clkinv_8".
Reading "gf180mcu_fd_sc_mcu7t5v0__inv_8".
Reading "gf180mcu_fd_sc_mcu7t5v0__nand2_4".
Reading "gf180mcu_fd_sc_mcu7t5v0__oai211_4".
Reading "gf180mcu_fd_sc_mcu7t5v0__and2_4".
Reading "gf180mcu_fd_sc_mcu7t5v0__or2_2".
Reading "gf180mcu_fd_sc_mcu7t5v0__and2_2".
Reading "gf180mcu_fd_sc_mcu7t5v0__nand4_2".
Reading "gf180mcu_fd_sc_mcu7t5v0__nand4_4".
Reading "gf180mcu_fd_sc_mcu7t5v0__and3_1".
Reading "gf180mcu_fd_sc_mcu7t5v0__or3_2".
Reading "gf180mcu_fd_sc_mcu7t5v0__buf_8".
Reading "gf180mcu_fd_sc_mcu7t5v0__buf_3".
Reading "gf180mcu_fd_sc_mcu7t5v0__and4_2".
Reading "gf180mcu_fd_sc_mcu7t5v0__aoi211_4".
Reading "gf180mcu_fd_sc_mcu7t5v0__oai31_2".
Reading "gf180mcu_fd_sc_mcu7t5v0__nor3_4".
Reading "gf180mcu_fd_sc_mcu7t5v0__inv_12".
Reading "gf180mcu_fd_sc_mcu7t5v0__oai221_2".
Reading "gf180mcu_fd_sc_mcu7t5v0__or4_2".
Reading "gf180mcu_fd_sc_mcu7t5v0__and3_4".
Reading "gf180mcu_fd_sc_mcu7t5v0__or2_4".
Reading "gf180mcu_fd_sc_mcu7t5v0__clkinv_16".
Reading "gf180mcu_fd_sc_mcu7t5v0__or4_4".
Reading "gf180mcu_fd_sc_mcu7t5v0__mux2_4".
Reading "gf180mcu_fd_sc_mcu7t5v0__oai33_1".
Reading "gf180mcu_fd_sc_mcu7t5v0__oai32_2".
Reading "gf180mcu_fd_sc_mcu7t5v0__inv_20".
Reading "gf180mcu_fd_sc_mcu7t5v0__oai222_2".
Reading "gf180mcu_fd_sc_mcu7t5v0__oai222_4".
Reading "gf180mcu_fd_sc_mcu7t5v0__antenna".
Reading "gf180mcu_fd_sc_mcu7t5v0__clkinv_12".
Reading "gf180mcu_fd_sc_mcu7t5v0__clkinv_4".
Reading "gf180mcu_fd_sc_mcu7t5v0__xnor2_4".
Reading "gf180mcu_fd_sc_mcu7t5v0__dffq_1".
Reading "gf180mcu_fd_sc_mcu7t5v0__inv_16".
Reading "gf180mcu_fd_sc_mcu7t5v0__oai22_4".
Reading "gf180mcu_fd_sc_mcu7t5v0__aoi222_1".
Reading "gf180mcu_fd_sc_mcu7t5v0__clkbuf_16".
Reading "gf180mcu_fd_sc_mcu7t5v0__aoi222_4".
Reading "gf180mcu_fd_sc_mcu7t5v0__oai221_4".
Reading "ascon_top".
    5000 uses
    10000 uses
    15000 uses
    20000 uses
    25000 uses
    30000 uses
    35000 uses
    40000 uses
Moving label "_00182_" from metal5 to via4 in cell ascon_top.
Moving label "_03656_" from metal3 to via2 in cell ascon_top.
Moving label "_03919_" from metal5 to via4 in cell ascon_top.
Moving label "_04100_" from metal5 to via4 in cell ascon_top.
Moving label "_04232_" from metal5 to via4 in cell ascon_top.
Moving label "_04319_" from metal5 to via4 in cell ascon_top.
Moving label "_04370_" from metal5 to via4 in cell ascon_top.
Moving label "_05022_" from metal5 to via4 in cell ascon_top.
Moving label "_05113_" from metal5 to via4 in cell ascon_top.
Moving label "_05126_" from metal5 to via4 in cell ascon_top.
Moving label "_05140_" from metal5 to via4 in cell ascon_top.
Moving label "_05208_" from metal5 to via4 in cell ascon_top.
Moving label "_05233_" from metal5 to via4 in cell ascon_top.
Moving label "_05461_" from metal5 to via4 in cell ascon_top.
Moving label "_05486_" from metal5 to via4 in cell ascon_top.
Moving label "_05549_" from metal5 to via4 in cell ascon_top.
Moving label "_05609_" from metal5 to via4 in cell ascon_top.
Moving label "_05619_" from metal5 to via4 in cell ascon_top.
Moving label "_05629_" from metal5 to via4 in cell ascon_top.
Moving label "_05803_" from metal5 to via4 in cell ascon_top.
Moving label "_06495_" from metal3 to via2 in cell ascon_top.
Moving label "_06540_" from metal3 to via2 in cell ascon_top.
Moving label "_06732_" from metal5 to via4 in cell ascon_top.
Moving label "_06852_" from metal5 to via4 in cell ascon_top.
Moving label "_07165_" from metal5 to via4 in cell ascon_top.
Moving label "_07402_" from metal5 to via4 in cell ascon_top.
Moving label "_07606_" from metal5 to via4 in cell ascon_top.
Moving label "_08233_" from metal5 to via4 in cell ascon_top.
Moving label "_09222_" from metal3 to via2 in cell ascon_top.
Moving label "_09250_" from metal5 to via4 in cell ascon_top.
Moving label "_09331_" from metal5 to via4 in cell ascon_top.
Moving label "_09334_" from metal5 to via4 in cell ascon_top.
Moving label "_09350_" from metal3 to via2 in cell ascon_top.
Moving label "_09366_" from metal3 to via2 in cell ascon_top.
Moving label "_09463_" from metal3 to via2 in cell ascon_top.
Moving label "_09496_" from metal5 to via4 in cell ascon_top.
Moving label "_09546_" from metal5 to via4 in cell ascon_top.
Moving label "_09548_" from metal3 to via2 in cell ascon_top.
Moving label "_09598_" from metal5 to via4 in cell ascon_top.
Moving label "_09599_" from metal5 to via4 in cell ascon_top.
Moving label "_09623_" from metal5 to via4 in cell ascon_top.
Moving label "_09629_" from metal5 to via4 in cell ascon_top.
Moving label "_09689_" from metal5 to via4 in cell ascon_top.
Moving label "_09718_" from metal5 to via4 in cell ascon_top.
Moving label "_09739_" from metal3 to via2 in cell ascon_top.
Moving label "_09870_" from metal5 to via4 in cell ascon_top.
Moving label "_09887_" from metal5 to via4 in cell ascon_top.
Moving label "_09911_" from metal5 to via4 in cell ascon_top.
Moving label "_10033_" from metal5 to via4 in cell ascon_top.
Moving label "_10073_" from metal3 to via2 in cell ascon_top.
Moving label "_10111_" from metal3 to via2 in cell ascon_top.
Moving label "_10239_" from metal3 to via2 in cell ascon_top.
Moving label "_10275_" from metal5 to via4 in cell ascon_top.
Moving label "_10336_" from metal3 to via2 in cell ascon_top.
Moving label "_10413_" from metal3 to via2 in cell ascon_top.
Moving label "_10420_" from metal5 to via4 in cell ascon_top.
Moving label "_10642_" from metal5 to via4 in cell ascon_top.
Moving label "_10656_" from metal3 to via2 in cell ascon_top.
Moving label "_10739_" from metal5 to via4 in cell ascon_top.
Moving label "_10951_" from metal5 to via4 in cell ascon_top.
Moving label "_10993_" from metal3 to via2 in cell ascon_top.
Moving label "_11084_" from metal5 to via4 in cell ascon_top.
Moving label "_11096_" from metal3 to via2 in cell ascon_top.
Moving label "_11134_" from metal5 to via4 in cell ascon_top.
Moving label "_11280_" from metal3 to via2 in cell ascon_top.
Moving label "_11462_" from metal5 to via4 in cell ascon_top.
Moving label "_11524_" from metal5 to via4 in cell ascon_top.
Moving label "_11531_" from metal5 to via4 in cell ascon_top.
Moving label "_11772_" from metal5 to via4 in cell ascon_top.
Moving label "_11773_" from metal5 to via4 in cell ascon_top.
Moving label "_11954_" from metal5 to via4 in cell ascon_top.
Moving label "_12170_" from metal5 to via4 in cell ascon_top.
Moving label "_12201_" from metal5 to via4 in cell ascon_top.
Moving label "_12206_" from metal5 to via4 in cell ascon_top.
Moving label "_12208_" from metal5 to via4 in cell ascon_top.
Moving label "_12213_" from metal5 to via4 in cell ascon_top.
Moving label "_12221_" from metal5 to via4 in cell ascon_top.
Moving label "_12224_" from metal5 to via4 in cell ascon_top.
Moving label "clknet_leaf_102_clk" from metal3 to via2 in cell ascon_top.
Moving label "clknet_leaf_124_clk" from metal3 to via2 in cell ascon_top.
Moving label "clknet_leaf_152_clk" from metal3 to via2 in cell ascon_top.
Moving label "clknet_leaf_161_clk" from metal3 to via2 in cell ascon_top.
Moving label "clknet_leaf_291_clk" from metal3 to via2 in cell ascon_top.
Moving label "clknet_leaf_298_clk" from metal3 to via2 in cell ascon_top.
Moving label "clknet_leaf_442_clk" from metal3 to via2 in cell ascon_top.
Moving label "clknet_leaf_445_clk" from metal3 to via2 in cell ascon_top.
Moving label "key\[11\]" from metal5 to via4 in cell ascon_top.
Moving label "net1036" from metal5 to via4 in cell ascon_top.
Moving label "net1110" from metal5 to via4 in cell ascon_top.
Moving label "net1134" from metal5 to via4 in cell ascon_top.
Moving label "net1224" from metal5 to via4 in cell ascon_top.
Moving label "net1251" from metal5 to via4 in cell ascon_top.
Moving label "net1285" from metal5 to via4 in cell ascon_top.
Moving label "net1329" from metal3 to via2 in cell ascon_top.
Moving label "net1464" from metal5 to via4 in cell ascon_top.
Moving label "net1471" from metal5 to via4 in cell ascon_top.
Moving label "net1571" from metal5 to via4 in cell ascon_top.
Moving label "net1701" from metal3 to via2 in cell ascon_top.
Moving label "net1774" from metal3 to via2 in cell ascon_top.
Moving label "net1826" from metal5 to via4 in cell ascon_top.
Moving label "net194" from metal4 to via3 in cell ascon_top.
Moving label "net206" from metal5 to via4 in cell ascon_top.
Moving label "net241" from metal5 to via4 in cell ascon_top.
Moving label "net3" from metal5 to via4 in cell ascon_top.
Moving label "net450" from metal5 to via4 in cell ascon_top.
Moving label "net595" from metal5 to via4 in cell ascon_top.
Moving label "net618" from metal3 to via2 in cell ascon_top.
Moving label "net643" from metal5 to via4 in cell ascon_top.
Moving label "net838" from metal5 to via4 in cell ascon_top.
Moving label "net870" from metal5 to via4 in cell ascon_top.
Moving label "net902" from metal5 to via4 in cell ascon_top.
Moving label "net966" from metal5 to via4 in cell ascon_top.
Moving label "pp_inst.core_inst.asconp_i.x0\[32\]" from metal3 to via2 in cell ascon_top.
Moving label "pp_inst.core_inst.kadd_3_done" from metal5 to via4 in cell ascon_top.
Moving label "pp_inst.core_inst.key_q\[18\]" from metal3 to via2 in cell ascon_top.
Moving label "pp_inst.core_inst.key_q\[49\]" from metal3 to via2 in cell ascon_top.
Moving label "pp_inst.core_inst.key_q\[85\]" from metal3 to via2 in cell ascon_top.
Moving label "pp_inst.fifo_data\[13\]\[12\]" from metal3 to via2 in cell ascon_top.
Moving label "pp_inst.fifo_data\[15\]\[29\]" from metal3 to via2 in cell ascon_top.
Moving label "pp_inst.fifo_data\[16\]\[18\]" from metal3 to via2 in cell ascon_top.
Moving label "pp_inst.fifo_data\[18\]\[8\]" from metal3 to via2 in cell ascon_top.
Moving label "pp_inst.fifo_data\[23\]\[2\]" from metal3 to via2 in cell ascon_top.
Moving label "pp_inst.fifo_data\[33\]\[23\]" from metal3 to via2 in cell ascon_top.
Moving label "pp_inst.fifo_data\[33\]\[27\]" from metal3 to via2 in cell ascon_top.
Moving label "pp_inst.fifo_data\[38\]\[12\]" from metal3 to via2 in cell ascon_top.
Moving label "pp_inst.fifo_data\[39\]\[28\]" from metal3 to via2 in cell ascon_top.
Moving label "pp_inst.fifo_data\[43\]\[21\]" from metal5 to via4 in cell ascon_top.
Moving label "pp_inst.fifo_data\[48\]\[27\]" from metal3 to via2 in cell ascon_top.
Moving label "pp_inst.fifo_data\[49\]\[29\]" from metal3 to via2 in cell ascon_top.
Moving label "pp_inst.fifo_data\[49\]\[30\]" from metal3 to via2 in cell ascon_top.
Moving label "pp_inst.fifo_data\[54\]\[21\]" from metal3 to via2 in cell ascon_top.
Moving label "pp_inst.fifo_data\[58\]\[19\]" from metal3 to via2 in cell ascon_top.
Moving label "pp_inst.fifo_data\[60\]\[14\]" from metal3 to via2 in cell ascon_top.
Moving label "pp_inst.fifo_data\[60\]\[16\]" from metal3 to via2 in cell ascon_top.
Moving label "pp_inst.fifo_data\[60\]\[23\]" from metal3 to via2 in cell ascon_top.
Moving label "pp_inst.fifo_data\[62\]\[4\]" from metal3 to via2 in cell ascon_top.
Moving label "pp_inst.fifo_data\[7\]\[25\]" from metal3 to via2 in cell ascon_top.
Moving label "pp_inst.fifo_data\[8\]\[21\]" from metal3 to via2 in cell ascon_top.
Moving label "pp_inst.fifo_data\[9\]\[20\]" from metal3 to via2 in cell ascon_top.
[INFO] Loading ascon_top

DRC style is now "drc(full)"
Loading DRC CIF style.
/foss/pdks/gf180mcuD/libs.tech/magic/gf180mcuD.tech: line 2547: section drc:
	Unknown cif layer: ndiff_missing_pwell
/foss/pdks/gf180mcuD/libs.tech/magic/gf180mcuD.tech: line 2549: section drc:
	Unknown cif layer: mvndiff_missing_pwell
No errors found.
[INFO] COUNT: 0
[INFO] Should be divided by 3 or 4
[INFO] DRC Checking DONE (/foss/designs/ascon_top_layout/runs/RUN_2026-08-13_14-50-54/62-magic-drc/reports/drc_violations.magic.rpt)
[INFO] Saving mag view with DRC errors (/foss/designs/ascon_top_layout/runs/RUN_2026-08-13_14-50-54/62-magic-drc/views/ascon_top.drc.mag)
[INFO] Saved
