
===========================================================================
report_checks -unconstrained
===========================================================================
======================= nom_tt_025C_5v00 Corner ===================================

Startpoint: rst (input port clocked by clk)
Endpoint: _25162_ (recovery check against rising-edge clock clk)
Path Group: asynchronous
Path Type: max

Fanout         Cap        Slew       Delay        Time   Description
---------------------------------------------------------------------------------------------
                                  0.000000    0.000000   clock clk (rise edge)
                                  0.000000    0.000000   clock network delay (propagated)
                                  4.000000    4.000000 v input external delay
     1    0.004383    0.069616    0.026851    4.026851 v rst (in)
                                                         rst (net)
                      0.069616    0.000000    4.026851 v input3/I (gf180mcu_fd_sc_mcu7t5v0__clkbuf_1)
     1    0.010778    0.208266    0.253551    4.280402 v input3/Z (gf180mcu_fd_sc_mcu7t5v0__clkbuf_1)
                                                         net3 (net)
                      0.208266    0.000301    4.280703 v fanout1875/I (gf180mcu_fd_sc_mcu7t5v0__clkbuf_4)
     6    0.177493    0.749508    0.688980    4.969683 v fanout1875/Z (gf180mcu_fd_sc_mcu7t5v0__clkbuf_4)
                                                         net1875 (net)
                      0.749790    0.008306    4.977989 v fanout1820/I (gf180mcu_fd_sc_mcu7t5v0__buf_2)
     5    0.116000    0.581214    0.719378    5.697367 v fanout1820/Z (gf180mcu_fd_sc_mcu7t5v0__buf_2)
                                                         net1820 (net)
                      0.581333    0.004759    5.702126 v fanout1819/I (gf180mcu_fd_sc_mcu7t5v0__buf_2)
     5    0.097496    0.493890    0.623348    6.325474 v fanout1819/Z (gf180mcu_fd_sc_mcu7t5v0__buf_2)
                                                         net1819 (net)
                      0.493917    0.002068    6.327542 v fanout1814/I (gf180mcu_fd_sc_mcu7t5v0__clkbuf_3)
    10    0.094286    0.419859    0.560203    6.887745 v fanout1814/Z (gf180mcu_fd_sc_mcu7t5v0__clkbuf_3)
                                                         net1814 (net)
                      0.419862    0.000702    6.888447 v fanout1813/I (gf180mcu_fd_sc_mcu7t5v0__clkbuf_3)
    10    0.093215    0.415289    0.540962    7.429410 v fanout1813/Z (gf180mcu_fd_sc_mcu7t5v0__clkbuf_3)
                                                         net1813 (net)
                      0.415348    0.002774    7.432184 v fanout1812/I (gf180mcu_fd_sc_mcu7t5v0__buf_2)
    10    0.073787    0.382053    0.509462    7.941646 v fanout1812/Z (gf180mcu_fd_sc_mcu7t5v0__buf_2)
                                                         net1812 (net)
                      0.382066    0.001295    7.942941 v _24404_/I (gf180mcu_fd_sc_mcu7t5v0__clkinv_1)
     1    0.009063    0.239037    0.215544    8.158484 ^ _24404_/ZN (gf180mcu_fd_sc_mcu7t5v0__clkinv_1)
                                                         _00445_ (net)
                      0.239037    0.000187    8.158672 ^ _25162_/RN (gf180mcu_fd_sc_mcu7t5v0__dffrnq_1)
                                              8.158672   data arrival time

                                 20.000000   20.000000   clock clk (rise edge)
                                  0.000000   20.000000   clock source latency
     1    0.164709    0.682216    0.399469   20.399469 ^ clk (in)
                                                         clk (net)
                      0.686247    0.000000   20.399469 ^ clkbuf_0_clk/I (gf180mcu_fd_sc_mcu7t5v0__clkbuf_16)
     4    0.249145    0.299290    0.469194   20.868664 ^ clkbuf_0_clk/Z (gf180mcu_fd_sc_mcu7t5v0__clkbuf_16)
                                                         clknet_0_clk (net)
                      0.299863    0.012131   20.880795 ^ clkbuf_2_0_0_clk/I (gf180mcu_fd_sc_mcu7t5v0__clkbuf_8)
    16    0.456585    0.942292    0.769221   21.650015 ^ clkbuf_2_0_0_clk/Z (gf180mcu_fd_sc_mcu7t5v0__clkbuf_8)
                                                         clknet_2_0_0_clk (net)
                      0.944316    0.024517   21.674534 ^ clkbuf_6_10_0_clk/I (gf180mcu_fd_sc_mcu7t5v0__clkbuf_8)
    12    0.216016    0.472842    0.599021   22.273554 ^ clkbuf_6_10_0_clk/Z (gf180mcu_fd_sc_mcu7t5v0__clkbuf_8)
                                                         clknet_6_10_0_clk (net)
                      0.473049    0.005143   22.278696 ^ _25162_/CLK (gf180mcu_fd_sc_mcu7t5v0__dffrnq_1)
                                 -0.250000   22.028698   clock uncertainty
                                  0.000000   22.028698   clock reconvergence pessimism
                                  0.276878   22.305576   library recovery time
                                             22.305576   data required time
---------------------------------------------------------------------------------------------
                                             22.305576   data required time
                                             -8.158672   data arrival time
---------------------------------------------------------------------------------------------
                                             14.146905   slack (MET)


Startpoint: _25075_ (rising edge-triggered flip-flop clocked by clk)
Endpoint: _24856_ (rising edge-triggered flip-flop clocked by clk)
Path Group: clk
Path Type: max

Fanout         Cap        Slew       Delay        Time   Description
---------------------------------------------------------------------------------------------
                                  0.000000    0.000000   clock clk (rise edge)
                                  0.000000    0.000000   clock source latency
     1    0.164709    0.682216    0.399469    0.399469 ^ clk (in)
                                                         clk (net)
                      0.686247    0.000000    0.399469 ^ clkbuf_0_clk/I (gf180mcu_fd_sc_mcu7t5v0__clkbuf_16)
     4    0.249145    0.299290    0.469195    0.868664 ^ clkbuf_0_clk/Z (gf180mcu_fd_sc_mcu7t5v0__clkbuf_16)
                                                         clknet_0_clk (net)
                      0.299620    0.009965    0.878630 ^ clkbuf_2_1_0_clk/I (gf180mcu_fd_sc_mcu7t5v0__clkbuf_8)
    16    0.391097    0.814304    0.700423    1.579052 ^ clkbuf_2_1_0_clk/Z (gf180mcu_fd_sc_mcu7t5v0__clkbuf_8)
                                                         clknet_2_1_0_clk (net)
                      0.814639    0.009187    1.588239 ^ clkbuf_6_19_0_clk/I (gf180mcu_fd_sc_mcu7t5v0__clkbuf_8)
    10    0.197392    0.437144    0.563317    2.151557 ^ clkbuf_6_19_0_clk/Z (gf180mcu_fd_sc_mcu7t5v0__clkbuf_8)
                                                         clknet_6_19_0_clk (net)
                      0.437209    0.002692    2.154248 ^ clkbuf_leaf_48_clk/I (gf180mcu_fd_sc_mcu7t5v0__clkbuf_8)
     5    0.028596    0.125324    0.309155    2.463403 ^ clkbuf_leaf_48_clk/Z (gf180mcu_fd_sc_mcu7t5v0__clkbuf_8)
                                                         clknet_leaf_48_clk (net)
                      0.125324    0.000320    2.463724 ^ _25075_/CLK (gf180mcu_fd_sc_mcu7t5v0__dffrnq_1)
     1    0.015358    0.202137    0.765444    3.229167 v _25075_/Q (gf180mcu_fd_sc_mcu7t5v0__dffrnq_1)
                                                         pp_inst.core_inst.reg_fsm_i.data_q[1] (net)
                      0.202137    0.000399    3.229567 v fanout1750/I (gf180mcu_fd_sc_mcu7t5v0__buf_4)
     9    0.221646    0.551458    0.534828    3.764394 v fanout1750/Z (gf180mcu_fd_sc_mcu7t5v0__buf_4)
                                                         net1750 (net)
                      0.551552    0.004160    3.768554 v max_cap1746/I (gf180mcu_fd_sc_mcu7t5v0__buf_8)
     6    0.115985    0.186850    0.395273    4.163827 v max_cap1746/Z (gf180mcu_fd_sc_mcu7t5v0__buf_8)
                                                         net1746 (net)
                      0.187187    0.004807    4.168634 v fanout1744/I (gf180mcu_fd_sc_mcu7t5v0__buf_8)
    10    0.185315    0.252618    0.343082    4.511716 v fanout1744/Z (gf180mcu_fd_sc_mcu7t5v0__buf_8)
                                                         net1744 (net)
                      0.253244    0.006564    4.518280 v _13267_/A1 (gf180mcu_fd_sc_mcu7t5v0__nor3_4)
     3    0.045863    0.690535    0.416640    4.934919 ^ _13267_/ZN (gf180mcu_fd_sc_mcu7t5v0__nor3_4)
                                                         _09883_ (net)
                      0.690535    0.000362    4.935282 ^ _13280_/A1 (gf180mcu_fd_sc_mcu7t5v0__aoi21_4)
     2    0.119553    0.626169    0.425867    5.361149 v _13280_/ZN (gf180mcu_fd_sc_mcu7t5v0__aoi21_4)
                                                         _09896_ (net)
                      0.626297    0.004593    5.365742 v fanout1553/I (gf180mcu_fd_sc_mcu7t5v0__buf_8)
    10    0.263333    0.343020    0.517880    5.883623 v fanout1553/Z (gf180mcu_fd_sc_mcu7t5v0__buf_8)
                                                         net1553 (net)
                      0.343038    0.001380    5.885003 v _13286_/A1 (gf180mcu_fd_sc_mcu7t5v0__nand2_2)
     2    0.125714    1.170367    0.765268    6.650271 ^ _13286_/ZN (gf180mcu_fd_sc_mcu7t5v0__nand2_2)
                                                         _09902_ (net)
                      1.170579    0.008738    6.659009 ^ fanout1428/I (gf180mcu_fd_sc_mcu7t5v0__buf_2)
     5    0.123376    1.020422    0.777320    7.436329 ^ fanout1428/Z (gf180mcu_fd_sc_mcu7t5v0__buf_2)
                                                         net1428 (net)
                      1.020905    0.012460    7.448789 ^ fanout1425/I (gf180mcu_fd_sc_mcu7t5v0__buf_4)
    10    0.187693    0.784510    0.625845    8.074634 ^ fanout1425/Z (gf180mcu_fd_sc_mcu7t5v0__buf_4)
                                                         net1425 (net)
                      0.784778    0.008090    8.082724 ^ _13308_/A3 (gf180mcu_fd_sc_mcu7t5v0__nor3_2)
     1    0.020111    0.438670    0.324000    8.406724 v _13308_/ZN (gf180mcu_fd_sc_mcu7t5v0__nor3_2)
                                                         _09924_ (net)
                      0.438670    0.000230    8.406955 v fanout1325/I (gf180mcu_fd_sc_mcu7t5v0__buf_8)
     3    0.097292    0.164083    0.348772    8.755726 v fanout1325/Z (gf180mcu_fd_sc_mcu7t5v0__buf_8)
                                                         net1325 (net)
                      0.164090    0.001919    8.757646 v max_cap1326/I (gf180mcu_fd_sc_mcu7t5v0__buf_8)
     8    0.232292    0.302726    0.365151    9.122796 v max_cap1326/Z (gf180mcu_fd_sc_mcu7t5v0__buf_8)
                                                         net1326 (net)
                      0.307971    0.022845    9.145641 v fanout1324/I (gf180mcu_fd_sc_mcu7t5v0__clkbuf_8)
    10    0.260045    0.581295    0.606952    9.752593 v fanout1324/Z (gf180mcu_fd_sc_mcu7t5v0__clkbuf_8)
                                                         net1324 (net)
                      0.583330    0.019357    9.771950 v _14427_/B1 (gf180mcu_fd_sc_mcu7t5v0__aoi22_1)
     1    0.010259    0.582585    0.457053   10.229003 ^ _14427_/ZN (gf180mcu_fd_sc_mcu7t5v0__aoi22_1)
                                                         _11016_ (net)
                      0.582585    0.000103   10.229106 ^ _14428_/A2 (gf180mcu_fd_sc_mcu7t5v0__nand2_2)
     6    0.066678    0.548810    0.397971   10.627076 v _14428_/ZN (gf180mcu_fd_sc_mcu7t5v0__nand2_2)
                                                         _11017_ (net)
                      0.548900    0.003920   10.630997 v _14430_/A2 (gf180mcu_fd_sc_mcu7t5v0__xor2_1)
     2    0.022703    0.441603    0.709273   11.340269 v _14430_/Z (gf180mcu_fd_sc_mcu7t5v0__xor2_1)
                                                         _11019_ (net)
                      0.441603    0.000488   11.340758 v _14431_/A2 (gf180mcu_fd_sc_mcu7t5v0__aoi21_2)
     2    0.028871    0.622069    0.471287   11.812045 ^ _14431_/ZN (gf180mcu_fd_sc_mcu7t5v0__aoi21_2)
                                                         _11020_ (net)
                      0.622069    0.000232   11.812277 ^ _16955_/B1 (gf180mcu_fd_sc_mcu7t5v0__aoi22_2)
     1    0.068670    0.990471    0.527874   12.340151 v _16955_/ZN (gf180mcu_fd_sc_mcu7t5v0__aoi22_2)
                                                         _04357_ (net)
                      0.990479    0.004736   12.344887 v fanout374/I (gf180mcu_fd_sc_mcu7t5v0__clkbuf_2)
     5    0.060568    0.503945    0.690451   13.035337 v fanout374/Z (gf180mcu_fd_sc_mcu7t5v0__clkbuf_2)
                                                         net374 (net)
                      0.504021    0.003483   13.038820 v fanout373/I (gf180mcu_fd_sc_mcu7t5v0__clkbuf_2)
     5    0.052552    0.438838    0.558401   13.597221 v fanout373/Z (gf180mcu_fd_sc_mcu7t5v0__clkbuf_2)
                                                         net373 (net)
                      0.438848    0.001186   13.598407 v fanout372/I (gf180mcu_fd_sc_mcu7t5v0__buf_2)
     7    0.064654    0.340994    0.488087   14.086494 v fanout372/Z (gf180mcu_fd_sc_mcu7t5v0__buf_2)
                                                         net372 (net)
                      0.341145    0.004059   14.090553 v fanout370/I (gf180mcu_fd_sc_mcu7t5v0__clkbuf_3)
    10    0.090914    0.406860    0.518006   14.608560 v fanout370/Z (gf180mcu_fd_sc_mcu7t5v0__clkbuf_3)
                                                         net370 (net)
                      0.406883    0.001721   14.610280 v _16997_/A2 (gf180mcu_fd_sc_mcu7t5v0__oai22_4)
     2    0.089518    1.145985    0.635070   15.245350 ^ _16997_/ZN (gf180mcu_fd_sc_mcu7t5v0__oai22_4)
                                                         _04399_ (net)
                      1.145996    0.005752   15.251102 ^ _17300_/A1 (gf180mcu_fd_sc_mcu7t5v0__nand2_1)
     1    0.005778    0.336304    0.167677   15.418779 v _17300_/ZN (gf180mcu_fd_sc_mcu7t5v0__nand2_1)
                                                         _04651_ (net)
                      0.336304    0.000114   15.418893 v _17304_/C (gf180mcu_fd_sc_mcu7t5v0__oai211_1)
     1    0.006703    0.459014    0.355046   15.773939 ^ _17304_/ZN (gf180mcu_fd_sc_mcu7t5v0__oai211_1)
                                                         _00063_ (net)
                      0.459014    0.000151   15.774090 ^ _24856_/D (gf180mcu_fd_sc_mcu7t5v0__dffrnq_1)
                                             15.774090   data arrival time

                                 20.000000   20.000000   clock clk (rise edge)
                                  0.000000   20.000000   clock source latency
     1    0.164709    0.682216    0.399469   20.399469 ^ clk (in)
                                                         clk (net)
                      0.686247    0.000000   20.399469 ^ clkbuf_0_clk/I (gf180mcu_fd_sc_mcu7t5v0__clkbuf_16)
     4    0.249145    0.299290    0.469194   20.868664 ^ clkbuf_0_clk/Z (gf180mcu_fd_sc_mcu7t5v0__clkbuf_16)
                                                         clknet_0_clk (net)
                      0.299620    0.009965   20.878630 ^ clkbuf_2_1_0_clk/I (gf180mcu_fd_sc_mcu7t5v0__clkbuf_8)
    16    0.391097    0.814304    0.700423   21.579052 ^ clkbuf_2_1_0_clk/Z (gf180mcu_fd_sc_mcu7t5v0__clkbuf_8)
                                                         clknet_2_1_0_clk (net)
                      0.815231    0.015314   21.594366 ^ clkbuf_6_22_0_clk/I (gf180mcu_fd_sc_mcu7t5v0__clkbuf_8)
     8    0.184171    0.410322    0.546962   22.141327 ^ clkbuf_6_22_0_clk/Z (gf180mcu_fd_sc_mcu7t5v0__clkbuf_8)
                                                         clknet_6_22_0_clk (net)
                      0.410509    0.004981   22.146309 ^ clkbuf_leaf_115_clk/I (gf180mcu_fd_sc_mcu7t5v0__clkbuf_8)
     6    0.032937    0.131646    0.310614   22.456923 ^ clkbuf_leaf_115_clk/Z (gf180mcu_fd_sc_mcu7t5v0__clkbuf_8)
                                                         clknet_leaf_115_clk (net)
                      0.131646    0.000277   22.457199 ^ _24856_/CLK (gf180mcu_fd_sc_mcu7t5v0__dffrnq_1)
                                 -0.250000   22.207201   clock uncertainty
                                  0.000000   22.207201   clock reconvergence pessimism
                                 -0.356781   21.850418   library setup time
                                             21.850418   data required time
---------------------------------------------------------------------------------------------
                                             21.850418   data required time
                                            -15.774090   data arrival time
---------------------------------------------------------------------------------------------
                                              6.076329   slack (MET)




===========================================================================
report_checks --slack_max -0.01
============================================================================
======================= nom_tt_025C_5v00 Corner ===================================

No paths found.


===========================================================================
 report_check_types -max_slew -max_cap -max_fanout -violators
============================================================================
======================= nom_tt_025C_5v00 Corner ===================================

max fanout

Pin                                   Limit Fanout  Slack
---------------------------------------------------------
clkbuf_6_37_0_clk/Z                      10     18     -8 (VIOLATED)
clkbuf_6_48_0_clk/Z                      10     17     -7 (VIOLATED)
clkbuf_6_49_0_clk/Z                      10     17     -7 (VIOLATED)
clkbuf_6_52_0_clk/Z                      10     17     -7 (VIOLATED)
clkbuf_6_53_0_clk/Z                      10     17     -7 (VIOLATED)
clkbuf_2_0_0_clk/Z                       10     16     -6 (VIOLATED)
clkbuf_2_1_0_clk/Z                       10     16     -6 (VIOLATED)
clkbuf_2_2_0_clk/Z                       10     16     -6 (VIOLATED)
clkbuf_2_3_0_clk/Z                       10     16     -6 (VIOLATED)
clkbuf_6_50_0_clk/Z                      10     16     -6 (VIOLATED)
clkbuf_6_58_0_clk/Z                      10     16     -6 (VIOLATED)
clkbuf_6_44_0_clk/Z                      10     15     -5 (VIOLATED)
clkbuf_6_47_0_clk/Z                      10     15     -5 (VIOLATED)
clkbuf_6_63_0_clk/Z                      10     15     -5 (VIOLATED)
clkbuf_6_15_0_clk/Z                      10     14     -4 (VIOLATED)
clkbuf_6_51_0_clk/Z                      10     14     -4 (VIOLATED)
clkbuf_6_54_0_clk/Z                      10     14     -4 (VIOLATED)
clkbuf_6_56_0_clk/Z                      10     14     -4 (VIOLATED)
clkbuf_6_61_0_clk/Z                      10     14     -4 (VIOLATED)
clkbuf_6_27_0_clk/Z                      10     13     -3 (VIOLATED)
clkbuf_6_28_0_clk/Z                      10     13     -3 (VIOLATED)
clkbuf_6_31_0_clk/Z                      10     13     -3 (VIOLATED)
clkbuf_6_32_0_clk/Z                      10     13     -3 (VIOLATED)
clkbuf_6_36_0_clk/Z                      10     13     -3 (VIOLATED)
clkbuf_6_46_0_clk/Z                      10     13     -3 (VIOLATED)
clkbuf_6_5_0_clk/Z                       10     13     -3 (VIOLATED)
clkbuf_6_62_0_clk/Z                      10     13     -3 (VIOLATED)
clkbuf_6_10_0_clk/Z                      10     12     -2 (VIOLATED)
clkbuf_6_4_0_clk/Z                       10     12     -2 (VIOLATED)
clkbuf_6_55_0_clk/Z                      10     12     -2 (VIOLATED)
clkbuf_6_59_0_clk/Z                      10     12     -2 (VIOLATED)
clkbuf_6_60_0_clk/Z                      10     12     -2 (VIOLATED)
clkbuf_6_13_0_clk/Z                      10     11        (VIOLATED)
clkbuf_6_14_0_clk/Z                      10     11        (VIOLATED)
clkbuf_6_16_0_clk/Z                      10     11        (VIOLATED)
clkbuf_6_39_0_clk/Z                      10     11        (VIOLATED)
clkbuf_6_45_0_clk/Z                      10     11        (VIOLATED)
clkbuf_6_57_0_clk/Z                      10     11        (VIOLATED)
fanout1072/Z                             10     11        (VIOLATED)
fanout1300/Z                             10     11        (VIOLATED)

max capacitance

Pin                                        Limit         Cap       Slack
------------------------------------------------------------------------
clkbuf_2_0_0_clk/Z                      0.200000    0.456585   -0.256585 (VIOLATED)
clkbuf_2_3_0_clk/Z                      0.200000    0.437668   -0.237668 (VIOLATED)
clkbuf_2_2_0_clk/Z                      0.200000    0.416956   -0.216956 (VIOLATED)
clkbuf_2_1_0_clk/Z                      0.200000    0.391097   -0.191097 (VIOLATED)
fanout340/Z                             0.200000    0.365232   -0.165232 (VIOLATED)
fanout1143/Z                            0.200000    0.365222   -0.165222 (VIOLATED)
fanout739/Z                             0.200000    0.364045   -0.164045 (VIOLATED)
fanout1101/Z                            0.200000    0.353416   -0.153416 (VIOLATED)
fanout1189/Z                            0.200000    0.350509   -0.150509 (VIOLATED)
fanout1259/Z                            0.200000    0.344333   -0.144333 (VIOLATED)
fanout1255/Z                            0.200000    0.342844   -0.142844 (VIOLATED)
fanout1097/Z                            0.200000    0.338668   -0.138668 (VIOLATED)
fanout607/Z                             0.200000    0.337893   -0.137893 (VIOLATED)
fanout1068/Z                            0.200000    0.337166   -0.137166 (VIOLATED)
fanout1138/Z                            0.200000    0.335295   -0.135295 (VIOLATED)
fanout174/Z                             0.200000    0.335113   -0.135113 (VIOLATED)
fanout1168/Z                            0.200000    0.333482   -0.133482 (VIOLATED)
fanout712/Z                             0.200000    0.327341   -0.127341 (VIOLATED)
fanout1152/Z                            0.200000    0.327062   -0.127062 (VIOLATED)
fanout1197/Z                            0.200000    0.323426   -0.123426 (VIOLATED)
fanout1351/Z                            0.200000    0.320902   -0.120902 (VIOLATED)
fanout1177/Z                            0.200000    0.320486   -0.120486 (VIOLATED)
fanout1091/Z                            0.200000    0.320220   -0.120220 (VIOLATED)
fanout1296/Z                            0.200000    0.319942   -0.119942 (VIOLATED)
fanout1271/Z                            0.200000    0.318848   -0.118848 (VIOLATED)
fanout1086/Z                            0.200000    0.318592   -0.118592 (VIOLATED)
fanout240/Z                             0.200000    0.318060   -0.118060 (VIOLATED)
max_cap1205/Z                           0.200000    0.314364   -0.114364 (VIOLATED)
clkbuf_6_37_0_clk/Z                     0.200000    0.314343   -0.114343 (VIOLATED)
fanout1181/Z                            0.200000    0.314124   -0.114124 (VIOLATED)
fanout1118/Z                            0.200000    0.313201   -0.113201 (VIOLATED)
fanout1291/Z                            0.200000    0.312828   -0.112828 (VIOLATED)
fanout1207/Z                            0.200000    0.312052   -0.112052 (VIOLATED)
fanout1072/Z                            0.200000    0.311832   -0.111832 (VIOLATED)
fanout1346/Z                            0.200000    0.311751   -0.111751 (VIOLATED)
fanout1281/Z                            0.200000    0.309902   -0.109902 (VIOLATED)
fanout1267/Z                            0.200000    0.309167   -0.109167 (VIOLATED)
fanout1114/Z                            0.200000    0.308819   -0.108819 (VIOLATED)
fanout1251/Z                            0.200000    0.306190   -0.106190 (VIOLATED)
fanout1164/Z                            0.200000    0.305349   -0.105349 (VIOLATED)
fanout1190/Z                            0.200000    0.305004   -0.105004 (VIOLATED)
fanout1297/Z                            0.200000    0.303678   -0.103678 (VIOLATED)
fanout1275/Z                            0.200000    0.303675   -0.103675 (VIOLATED)
fanout1187/Z                            0.200000    0.303656   -0.103656 (VIOLATED)
fanout1064/Z                            0.200000    0.303431   -0.103431 (VIOLATED)
max_cap1141/Z                           0.200000    0.302408   -0.102408 (VIOLATED)
fanout1219/Z                            0.200000    0.299605   -0.099605 (VIOLATED)
clkbuf_6_32_0_clk/Z                     0.200000    0.299170   -0.099170 (VIOLATED)
fanout878/Z                             0.200000    0.299123   -0.099123 (VIOLATED)
fanout1160/Z                            0.200000    0.298910   -0.098910 (VIOLATED)
fanout1279/Z                            0.200000    0.298881   -0.098881 (VIOLATED)
fanout1227/Z                            0.200000    0.297574   -0.097574 (VIOLATED)
_24792_/Q                               0.200000    0.297388   -0.097388 (VIOLATED)
fanout1249/Z                            0.200000    0.296998   -0.096998 (VIOLATED)
max_cap1344/Z                           0.200000    0.296372   -0.096372 (VIOLATED)
fanout1132/Z                            0.200000    0.295421   -0.095421 (VIOLATED)
fanout1134/Z                            0.200000    0.295031   -0.095031 (VIOLATED)
fanout1253/Z                            0.200000    0.293445   -0.093445 (VIOLATED)
fanout1119/Z                            0.200000    0.293143   -0.093143 (VIOLATED)
fanout1290/Z                            0.200000    0.292680   -0.092680 (VIOLATED)
clkbuf_6_48_0_clk/Z                     0.200000    0.292231   -0.092231 (VIOLATED)
fanout1185/Z                            0.200000    0.292220   -0.092220 (VIOLATED)
fanout1066/Z                            0.200000    0.291998   -0.091998 (VIOLATED)
fanout1363/Z                            0.200000    0.291071   -0.091071 (VIOLATED)
fanout1154/Z                            0.200000    0.290672   -0.090672 (VIOLATED)
fanout1210/Z                            0.200000    0.290353   -0.090353 (VIOLATED)
fanout1092/Z                            0.200000    0.290127   -0.090127 (VIOLATED)
fanout1497/Z                            0.200000    0.289615   -0.089615 (VIOLATED)
clkbuf_6_49_0_clk/Z                     0.200000    0.289414   -0.089414 (VIOLATED)
wire1171/Z                              0.200000    0.288436   -0.088436 (VIOLATED)
fanout1247/Z                            0.200000    0.288316   -0.088316 (VIOLATED)
fanout644/Z                             0.200000    0.287693   -0.087693 (VIOLATED)
fanout1200/Z                            0.200000    0.286530   -0.086530 (VIOLATED)
max_cap1362/Z                           0.200000    0.286165   -0.086165 (VIOLATED)
fanout1341/Z                            0.200000    0.286055   -0.086055 (VIOLATED)
fanout1173/Z                            0.200000    0.285324   -0.085324 (VIOLATED)
max_cap1293/Z                           0.200000    0.285240   -0.085240 (VIOLATED)
fanout224/Z                             0.200000    0.285004   -0.085004 (VIOLATED)
fanout1127/Z                            0.200000    0.284845   -0.084845 (VIOLATED)
clkbuf_6_44_0_clk/Z                     0.200000    0.284618   -0.084618 (VIOLATED)
fanout1099/Z                            0.200000    0.284044   -0.084044 (VIOLATED)
fanout927/Z                             0.200000    0.283138   -0.083138 (VIOLATED)
fanout1109/Z                            0.200000    0.282083   -0.082083 (VIOLATED)
fanout1130/Z                            0.200000    0.282028   -0.082028 (VIOLATED)
fanout1126/Z                            0.200000    0.281924   -0.081924 (VIOLATED)
fanout1150/Z                            0.200000    0.281451   -0.081451 (VIOLATED)
fanout633/Z                             0.200000    0.281450   -0.081450 (VIOLATED)
fanout1195/Z                            0.200000    0.281438   -0.081438 (VIOLATED)
fanout1257/Z                            0.200000    0.281335   -0.081335 (VIOLATED)
fanout1156/Z                            0.200000    0.281266   -0.081266 (VIOLATED)
max_cap1565/Z                           0.200000    0.281010   -0.081010 (VIOLATED)
fanout1283/Z                            0.200000    0.280896   -0.080896 (VIOLATED)
clkbuf_6_53_0_clk/Z                     0.200000    0.280172   -0.080172 (VIOLATED)
fanout561/Z                             0.200000    0.279829   -0.079829 (VIOLATED)
max_cap1146/Z                           0.200000    0.279306   -0.079306 (VIOLATED)
clkbuf_6_52_0_clk/Z                     0.200000    0.279212   -0.079212 (VIOLATED)
fanout1285/Z                            0.200000    0.279212   -0.079212 (VIOLATED)
fanout1116/Z                            0.200000    0.278769   -0.078769 (VIOLATED)
fanout1084/Z                            0.200000    0.278705   -0.078705 (VIOLATED)
fanout1136/Z                            0.200000    0.278569   -0.078569 (VIOLATED)
clkbuf_6_47_0_clk/Z                     0.200000    0.278351   -0.078351 (VIOLATED)
fanout1076/Z                            0.200000    0.277976   -0.077976 (VIOLATED)
fanout1088/Z                            0.200000    0.277563   -0.077563 (VIOLATED)
fanout1245/Z                            0.200000    0.277283   -0.077283 (VIOLATED)
max_cap1340/Z                           0.200000    0.277280   -0.077280 (VIOLATED)
fanout1299/Z                            0.200000    0.277204   -0.077204 (VIOLATED)
fanout1071/Z                            0.200000    0.276515   -0.076515 (VIOLATED)
fanout166/Z                             0.200000    0.275785   -0.075785 (VIOLATED)
fanout1304/Z                            0.200000    0.274595   -0.074595 (VIOLATED)
fanout1215/Z                            0.200000    0.274441   -0.074441 (VIOLATED)
wire1583/Z                              0.200000    0.274367   -0.074367 (VIOLATED)
fanout1300/Z                            0.200000    0.273190   -0.073190 (VIOLATED)
clkbuf_6_58_0_clk/Z                     0.200000    0.273145   -0.073145 (VIOLATED)
fanout1218/Z                            0.200000    0.273118   -0.073118 (VIOLATED)
fanout1129/Z                            0.200000    0.272573   -0.072573 (VIOLATED)
fanout1211/Z                            0.200000    0.272466   -0.072466 (VIOLATED)
fanout258/Z                             0.200000    0.272439   -0.072439 (VIOLATED)
fanout670/Z                             0.200000    0.272416   -0.072416 (VIOLATED)
fanout1231/Z                            0.200000    0.272382   -0.072382 (VIOLATED)
fanout1124/Z                            0.200000    0.272182   -0.072182 (VIOLATED)
fanout925/Z                             0.200000    0.271276   -0.071276 (VIOLATED)
fanout1239/Z                            0.200000    0.271134   -0.071134 (VIOLATED)
fanout1102/Z                            0.200000    0.271005   -0.071005 (VIOLATED)
fanout1243/Z                            0.200000    0.270067   -0.070067 (VIOLATED)
fanout1241/Z                            0.200000    0.269803   -0.069803 (VIOLATED)
fanout1193/Z                            0.200000    0.269562   -0.069562 (VIOLATED)
clkbuf_6_50_0_clk/Z                     0.200000    0.269042   -0.069042 (VIOLATED)
clkbuf_6_51_0_clk/Z                     0.200000    0.268982   -0.068982 (VIOLATED)
_15679_/ZN                              0.200000    0.268115   -0.068115 (VIOLATED)
fanout884/Z                             0.200000    0.267776   -0.067776 (VIOLATED)
fanout1175/Z                            0.200000    0.267500   -0.067500 (VIOLATED)
fanout1234/Z                            0.200000    0.267110   -0.067110 (VIOLATED)
fanout1352/Z                            0.200000    0.267002   -0.067002 (VIOLATED)
fanout1439/Z                            0.200000    0.266605   -0.066605 (VIOLATED)
clkbuf_6_45_0_clk/Z                     0.200000    0.266523   -0.066523 (VIOLATED)
fanout266/Z                             0.200000    0.266111   -0.066111 (VIOLATED)
fanout1163/Z                            0.200000    0.265295   -0.065295 (VIOLATED)
fanout1107/Z                            0.200000    0.264497   -0.064497 (VIOLATED)
clkbuf_6_46_0_clk/Z                     0.200000    0.264411   -0.064411 (VIOLATED)
fanout1287/Z                            0.200000    0.264388   -0.064388 (VIOLATED)
max_cap308/Z                            0.200000    0.264382   -0.064382 (VIOLATED)
fanout1148/Z                            0.200000    0.264320   -0.064320 (VIOLATED)
_15701_/ZN                              0.200000    0.264305   -0.064305 (VIOLATED)
fanout1327/Z                            0.200000    0.263946   -0.063946 (VIOLATED)
wire1320/Z                              0.200000    0.263927   -0.063927 (VIOLATED)
fanout1235/Z                            0.200000    0.263347   -0.063347 (VIOLATED)
fanout1553/Z                            0.200000    0.263333   -0.063333 (VIOLATED)
fanout1237/Z                            0.200000    0.262977   -0.062977 (VIOLATED)
fanout544/Z                             0.200000    0.262629   -0.062629 (VIOLATED)
clkbuf_6_39_0_clk/Z                     0.200000    0.262629   -0.062629 (VIOLATED)
fanout814/Z                             0.200000    0.262619   -0.062619 (VIOLATED)
fanout1354/Z                            0.200000    0.262408   -0.062408 (VIOLATED)
clkbuf_6_54_0_clk/Z                     0.200000    0.262119   -0.062119 (VIOLATED)
clkbuf_6_61_0_clk/Z                     0.200000    0.261461   -0.061461 (VIOLATED)
fanout1277/Z                            0.200000    0.261018   -0.061018 (VIOLATED)
wire1573/Z                              0.200000    0.261011   -0.061011 (VIOLATED)
clkbuf_6_56_0_clk/Z                     0.200000    0.260913   -0.060913 (VIOLATED)
max_cap1568/Z                           0.200000    0.260887   -0.060887 (VIOLATED)
fanout848/Z                             0.200000    0.260829   -0.060829 (VIOLATED)
clkbuf_6_62_0_clk/Z                     0.200000    0.260551   -0.060551 (VIOLATED)
fanout1324/Z                            0.200000    0.260045   -0.060045 (VIOLATED)
clkbuf_6_57_0_clk/Z                     0.200000    0.260024   -0.060024 (VIOLATED)
fanout1330/Z                            0.200000    0.259924   -0.059924 (VIOLATED)
_15665_/ZN                              0.200000    0.259912   -0.059912 (VIOLATED)
fanout1167/Z                            0.200000    0.259322   -0.059322 (VIOLATED)
fanout1080/Z                            0.200000    0.259034   -0.059034 (VIOLATED)
fanout1213/Z                            0.200000    0.258885   -0.058885 (VIOLATED)
fanout906/Z                             0.200000    0.258215   -0.058215 (VIOLATED)
_15680_/ZN                              0.200000    0.256646   -0.056646 (VIOLATED)
fanout1183/Z                            0.200000    0.256279   -0.056279 (VIOLATED)
_15080_/ZN                              0.200000    0.255623   -0.055623 (VIOLATED)
clkbuf_6_36_0_clk/Z                     0.200000    0.255541   -0.055541 (VIOLATED)
fanout1261/Z                            0.200000    0.255508   -0.055508 (VIOLATED)
clkbuf_6_63_0_clk/Z                     0.200000    0.255126   -0.055126 (VIOLATED)
_15645_/ZN                              0.200000    0.254711   -0.054711 (VIOLATED)
fanout1104/Z                            0.200000    0.254519   -0.054519 (VIOLATED)
clkbuf_6_59_0_clk/Z                     0.200000    0.254412   -0.054412 (VIOLATED)
fanout1078/Z                            0.200000    0.252956   -0.052956 (VIOLATED)
fanout1360/Z                            0.200000    0.252701   -0.052701 (VIOLATED)
fanout1110/Z                            0.200000    0.252273   -0.052273 (VIOLATED)
_15707_/ZN                              0.200000    0.251582   -0.051582 (VIOLATED)
fanout1158/Z                            0.200000    0.251326   -0.051326 (VIOLATED)
fanout1269/Z                            0.200000    0.250578   -0.050578 (VIOLATED)
fanout1192/Z                            0.200000    0.250099   -0.050099 (VIOLATED)
fanout1359/Z                            0.200000    0.250052   -0.050052 (VIOLATED)
fanout664/Z                             0.200000    0.249693   -0.049693 (VIOLATED)
max_cap1578/Z                           0.200000    0.249689   -0.049689 (VIOLATED)
fanout1273/Z                            0.200000    0.249448   -0.049448 (VIOLATED)
clkbuf_0_clk/Z                          0.200000    0.249145   -0.049145 (VIOLATED)
fanout1122/Z                            0.200000    0.249117   -0.049117 (VIOLATED)
fanout615/Z                             0.200000    0.249049   -0.049049 (VIOLATED)
fanout1082/Z                            0.200000    0.248470   -0.048470 (VIOLATED)
fanout1105/Z                            0.200000    0.248367   -0.048367 (VIOLATED)
fanout269/Z                             0.200000    0.248053   -0.048053 (VIOLATED)
fanout665/Z                             0.200000    0.247692   -0.047692 (VIOLATED)
fanout895/Z                             0.200000    0.246924   -0.046924 (VIOLATED)
clkbuf_6_60_0_clk/Z                     0.200000    0.246919   -0.046919 (VIOLATED)
fanout1328/Z                            0.200000    0.246747   -0.046747 (VIOLATED)
clkbuf_6_27_0_clk/Z                     0.200000    0.246498   -0.046498 (VIOLATED)
fanout328/Z                             0.200000    0.246372   -0.046372 (VIOLATED)
_15689_/ZN                              0.200000    0.246367   -0.046367 (VIOLATED)
fanout1333/Z                            0.200000    0.245719   -0.045719 (VIOLATED)
fanout1179/Z                            0.200000    0.245663   -0.045663 (VIOLATED)
fanout1560/Z                            0.200000    0.243501   -0.043501 (VIOLATED)
fanout859/Z                             0.200000    0.243010   -0.043010 (VIOLATED)
clkbuf_6_55_0_clk/Z                     0.200000    0.242927   -0.042927 (VIOLATED)
fanout1085/Z                            0.200000    0.242362   -0.042362 (VIOLATED)
fanout1229/Z                            0.200000    0.242247   -0.042247 (VIOLATED)
clkbuf_6_38_0_clk/Z                     0.200000    0.241979   -0.041979 (VIOLATED)
max_cap1202/Z                           0.200000    0.241855   -0.041855 (VIOLATED)
_15647_/ZN                              0.200000    0.241779   -0.041779 (VIOLATED)
fanout838/Z                             0.200000    0.241636   -0.041636 (VIOLATED)
fanout657/Z                             0.200000    0.241218   -0.041218 (VIOLATED)
fanout1203/Z                            0.200000    0.241084   -0.041084 (VIOLATED)
fanout1437/Z                            0.200000    0.240787   -0.040787 (VIOLATED)
fanout1208/Z                            0.200000    0.240709   -0.040709 (VIOLATED)
_15657_/ZN                              0.200000    0.240366   -0.040366 (VIOLATED)
_15688_/ZN                              0.200000    0.239785   -0.039785 (VIOLATED)
clkbuf_6_40_0_clk/Z                     0.200000    0.239511   -0.039511 (VIOLATED)
fanout92/Z                              0.200000    0.239225   -0.039225 (VIOLATED)
_15639_/ZN                              0.200000    0.239061   -0.039061 (VIOLATED)
fanout767/Z                             0.200000    0.238627   -0.038627 (VIOLATED)
fanout930/Z                             0.200000    0.238619   -0.038619 (VIOLATED)
fanout667/Z                             0.200000    0.238563   -0.038563 (VIOLATED)
fanout1555/Z                            0.200000    0.238399   -0.038399 (VIOLATED)
fanout853/Z                             0.200000    0.238100   -0.038100 (VIOLATED)
fanout967/Z                             0.200000    0.237876   -0.037876 (VIOLATED)
fanout904/Z                             0.200000    0.237824   -0.037824 (VIOLATED)
_13296_/ZN                              0.200000    0.237604   -0.037604 (VIOLATED)
fanout1069/Z                            0.200000    0.237047   -0.037047 (VIOLATED)
fanout1436/Z                            0.200000    0.236893   -0.036893 (VIOLATED)
fanout975/Z                             0.200000    0.236847   -0.036847 (VIOLATED)
fanout1284/Z                            0.200000    0.236620   -0.036620 (VIOLATED)
fanout1223/Z                            0.200000    0.235187   -0.035187 (VIOLATED)
fanout1303/Z                            0.200000    0.234784   -0.034784 (VIOLATED)
fanout721/Z                             0.200000    0.234558   -0.034558 (VIOLATED)
fanout610/Z                             0.200000    0.234479   -0.034479 (VIOLATED)
_22730_/ZN                              0.200000    0.234286   -0.034286 (VIOLATED)
fanout1295/Z                            0.200000    0.233878   -0.033878 (VIOLATED)
fanout1268/Z                            0.200000    0.233859   -0.033859 (VIOLATED)
fanout1263/Z                            0.200000    0.233633   -0.033633 (VIOLATED)
fanout177/Z                             0.200000    0.233630   -0.033630 (VIOLATED)
fanout1345/Z                            0.200000    0.233623   -0.033623 (VIOLATED)
fanout1459/Z                            0.200000    0.233443   -0.033443 (VIOLATED)
max_cap1441/Z                           0.200000    0.233423   -0.033423 (VIOLATED)
clkbuf_6_42_0_clk/Z                     0.200000    0.233297   -0.033297 (VIOLATED)
fanout1298/Z                            0.200000    0.232954   -0.032954 (VIOLATED)
fanout867/Z                             0.200000    0.232716   -0.032716 (VIOLATED)
fanout870/Z                             0.200000    0.232435   -0.032435 (VIOLATED)
max_cap1326/Z                           0.200000    0.232292   -0.032292 (VIOLATED)
fanout1288/Z                            0.200000    0.232250   -0.032250 (VIOLATED)
fanout751/Z                             0.200000    0.231814   -0.031814 (VIOLATED)
fanout851/Z                             0.200000    0.231675   -0.031675 (VIOLATED)
fanout871/Z                             0.200000    0.231227   -0.031226 (VIOLATED)
fanout134/Z                             0.200000    0.230246   -0.030246 (VIOLATED)
fanout869/Z                             0.200000    0.230129   -0.030129 (VIOLATED)
fanout797/Z                             0.200000    0.229962   -0.029962 (VIOLATED)
fanout849/Z                             0.200000    0.229790   -0.029790 (VIOLATED)
fanout121/Z                             0.200000    0.229714   -0.029714 (VIOLATED)
fanout556/Z                             0.200000    0.228838   -0.028838 (VIOLATED)
_15677_/ZN                              0.200000    0.228790   -0.028790 (VIOLATED)
fanout1278/Z                            0.200000    0.228695   -0.028695 (VIOLATED)
fanout1331/Z                            0.200000    0.228293   -0.028293 (VIOLATED)
_20051_/ZN                              0.200000    0.227979   -0.027979 (VIOLATED)
fanout349/Z                             0.200000    0.227924   -0.027924 (VIOLATED)
fanout1438/Z                            0.200000    0.227722   -0.027722 (VIOLATED)
clkbuf_6_43_0_clk/Z                     0.200000    0.227503   -0.027503 (VIOLATED)
fanout319/Z                             0.200000    0.227193   -0.027193 (VIOLATED)
fanout1221/Z                            0.200000    0.226867   -0.026867 (VIOLATED)
fanout1217/Z                            0.200000    0.226681   -0.026681 (VIOLATED)
fanout926/Z                             0.200000    0.226458   -0.026458 (VIOLATED)
clkbuf_6_41_0_clk/Z                     0.200000    0.226144   -0.026144 (VIOLATED)
fanout576/Z                             0.200000    0.226129   -0.026129 (VIOLATED)
_23771_/ZN                              0.200000    0.225945   -0.025945 (VIOLATED)
fanout722/Z                             0.200000    0.225269   -0.025269 (VIOLATED)
fanout1558/Z                            0.200000    0.224802   -0.024802 (VIOLATED)
fanout1676/Z                            0.200000    0.224782   -0.024782 (VIOLATED)
fanout960/Z                             0.200000    0.224306   -0.024306 (VIOLATED)
fanout1169/Z                            0.200000    0.224305   -0.024305 (VIOLATED)
_22080_/ZN                              0.200000    0.224210   -0.024210 (VIOLATED)
fanout946/Z                             0.200000    0.224048   -0.024048 (VIOLATED)
fanout978/Z                             0.200000    0.223379   -0.023379 (VIOLATED)
fanout730/Z                             0.200000    0.222996   -0.022996 (VIOLATED)
fanout129/Z                             0.200000    0.222721   -0.022721 (VIOLATED)
fanout857/Z                             0.200000    0.222629   -0.022629 (VIOLATED)
_19128_/ZN                              0.200000    0.222564   -0.022564 (VIOLATED)
fanout1233/Z                            0.200000    0.222434   -0.022434 (VIOLATED)
fanout1750/Z                            0.200000    0.221646   -0.021646 (VIOLATED)
fanout954/Z                             0.200000    0.221601   -0.021601 (VIOLATED)
_15699_/ZN                              0.200000    0.221591   -0.021591 (VIOLATED)
fanout852/Z                             0.200000    0.221554   -0.021554 (VIOLATED)
fanout1562/Z                            0.200000    0.221436   -0.021436 (VIOLATED)
_15641_/ZN                              0.200000    0.220677   -0.020677 (VIOLATED)
fanout303/Z                             0.200000    0.220544   -0.020544 (VIOLATED)
fanout145/Z                             0.200000    0.220503   -0.020503 (VIOLATED)
_23641_/ZN                              0.200000    0.220231   -0.020231 (VIOLATED)
fanout1161/Z                            0.200000    0.220159   -0.020159 (VIOLATED)
_20316_/ZN                              0.200000    0.220088   -0.020088 (VIOLATED)
_15656_/ZN                              0.200000    0.220007   -0.020007 (VIOLATED)
fanout1741/Z                            0.200000    0.219800   -0.019800 (VIOLATED)
fanout1157/Z                            0.200000    0.219662   -0.019662 (VIOLATED)
fanout219/Z                             0.200000    0.219473   -0.019473 (VIOLATED)
fanout1198/Z                            0.200000    0.218986   -0.018986 (VIOLATED)
fanout1347/Z                            0.200000    0.218934   -0.018934 (VIOLATED)
fanout1087/Z                            0.200000    0.218800   -0.018800 (VIOLATED)
fanout1061/Z                            0.200000    0.218703   -0.018703 (VIOLATED)
fanout101/Z                             0.200000    0.217678   -0.017678 (VIOLATED)
fanout959/Z                             0.200000    0.217472   -0.017472 (VIOLATED)
fanout1440/Z                            0.200000    0.217411   -0.017411 (VIOLATED)
fanout663/Z                             0.200000    0.217389   -0.017389 (VIOLATED)
fanout929/Z                             0.200000    0.217354   -0.017354 (VIOLATED)
fanout891/Z                             0.200000    0.217330   -0.017330 (VIOLATED)
fanout1162/Z                            0.200000    0.217230   -0.017230 (VIOLATED)
fanout883/Z                             0.200000    0.217173   -0.017173 (VIOLATED)
clkbuf_6_15_0_clk/Z                     0.200000    0.216992   -0.016992 (VIOLATED)
fanout126/Z                             0.200000    0.216765   -0.016765 (VIOLATED)
fanout788/Z                             0.200000    0.216588   -0.016588 (VIOLATED)
fanout955/Z                             0.200000    0.216505   -0.016505 (VIOLATED)
clkbuf_6_33_0_clk/Z                     0.200000    0.216458   -0.016458 (VIOLATED)
fanout951/Z                             0.200000    0.216186   -0.016186 (VIOLATED)
clkbuf_6_10_0_clk/Z                     0.200000    0.216016   -0.016016 (VIOLATED)
_21950_/ZN                              0.200000    0.215516   -0.015516 (VIOLATED)
clkbuf_6_35_0_clk/Z                     0.200000    0.214627   -0.014627 (VIOLATED)
_15695_/ZN                              0.200000    0.214572   -0.014572 (VIOLATED)
clkbuf_6_28_0_clk/Z                     0.200000    0.214370   -0.014370 (VIOLATED)
_18002_/ZN                              0.200000    0.213862   -0.013862 (VIOLATED)
max_cap966/Z                            0.200000    0.213763   -0.013763 (VIOLATED)
fanout949/Z                             0.200000    0.213711   -0.013711 (VIOLATED)
fanout1276/Z                            0.200000    0.213597   -0.013597 (VIOLATED)
fanout970/Z                             0.200000    0.213590   -0.013590 (VIOLATED)
fanout1302/Z                            0.200000    0.213343   -0.013343 (VIOLATED)
clkbuf_6_26_0_clk/Z                     0.200000    0.212848   -0.012848 (VIOLATED)
fanout254/Z                             0.200000    0.212833   -0.012833 (VIOLATED)
fanout191/Z                             0.200000    0.212720   -0.012720 (VIOLATED)
_15702_/ZN                              0.200000    0.212691   -0.012691 (VIOLATED)
fanout543/Z                             0.200000    0.212663   -0.012663 (VIOLATED)
fanout130/Z                             0.200000    0.212368   -0.012368 (VIOLATED)
fanout1165/Z                            0.200000    0.212271   -0.012271 (VIOLATED)
fanout861/Z                             0.200000    0.212264   -0.012264 (VIOLATED)
fanout1738/Z                            0.200000    0.212223   -0.012223 (VIOLATED)
fanout281/Z                             0.200000    0.212088   -0.012088 (VIOLATED)
_15649_/ZN                              0.200000    0.211943   -0.011943 (VIOLATED)
fanout105/Z                             0.200000    0.211806   -0.011806 (VIOLATED)
_15661_/ZN                              0.200000    0.211507   -0.011507 (VIOLATED)
fanout1431/Z                            0.200000    0.211374   -0.011374 (VIOLATED)
fanout1050/Z                            0.200000    0.211159   -0.011159 (VIOLATED)
_15672_/ZN                              0.200000    0.211117   -0.011117 (VIOLATED)
clkbuf_6_31_0_clk/Z                     0.200000    0.211107   -0.011107 (VIOLATED)
fanout840/Z                             0.200000    0.211041   -0.011041 (VIOLATED)
fanout1058/Z                            0.200000    0.210842   -0.010842 (VIOLATED)
clkbuf_6_14_0_clk/Z                     0.200000    0.210794   -0.010794 (VIOLATED)
fanout855/Z                             0.200000    0.210754   -0.010754 (VIOLATED)
fanout624/Z                             0.200000    0.210509   -0.010509 (VIOLATED)
_15667_/ZN                              0.200000    0.210422   -0.010422 (VIOLATED)
fanout1409/Z                            0.200000    0.210360   -0.010360 (VIOLATED)
_15691_/ZN                              0.200000    0.210340   -0.010340 (VIOLATED)
fanout629/Z                             0.200000    0.209906   -0.009906 (VIOLATED)
fanout118/Z                             0.200000    0.209445   -0.009445 (VIOLATED)
_20448_/ZN                              0.200000    0.209440   -0.009440 (VIOLATED)
fanout1270/Z                            0.200000    0.209280   -0.009280 (VIOLATED)
fanout1305/Z                            0.200000    0.209133   -0.009133 (VIOLATED)
clkbuf_6_16_0_clk/Z                     0.200000    0.208854   -0.008854 (VIOLATED)
fanout948/Z                             0.200000    0.208823   -0.008823 (VIOLATED)
fanout1307/Z                            0.200000    0.208476   -0.008476 (VIOLATED)
fanout905/Z                             0.200000    0.208474   -0.008474 (VIOLATED)
fanout759/Z                             0.200000    0.207938   -0.007938 (VIOLATED)
fanout1265/Z                            0.200000    0.207906   -0.007906 (VIOLATED)
fanout697/Z                             0.200000    0.207745   -0.007745 (VIOLATED)
fanout1191/Z                            0.200000    0.207364   -0.007364 (VIOLATED)
fanout348/Z                             0.200000    0.207318   -0.007318 (VIOLATED)
fanout1411/Z                            0.200000    0.207156   -0.007156 (VIOLATED)
fanout818/Z                             0.200000    0.207109   -0.007109 (VIOLATED)
fanout1209/Z                            0.200000    0.206959   -0.006959 (VIOLATED)
fanout656/Z                             0.200000    0.206956   -0.006956 (VIOLATED)
clkbuf_6_25_0_clk/Z                     0.200000    0.206777   -0.006777 (VIOLATED)
fanout876/Z                             0.200000    0.206660   -0.006660 (VIOLATED)
fanout1121/Z                            0.200000    0.206484   -0.006484 (VIOLATED)
fanout1074/Z                            0.200000    0.206440   -0.006440 (VIOLATED)
max_cap964/Z                            0.200000    0.206361   -0.006361 (VIOLATED)
_15706_/ZN                              0.200000    0.206111   -0.006111 (VIOLATED)
fanout903/Z                             0.200000    0.206014   -0.006014 (VIOLATED)
_15682_/ZN                              0.200000    0.205839   -0.005839 (VIOLATED)
fanout782/Z                             0.200000    0.205758   -0.005758 (VIOLATED)
fanout1678/Z                            0.200000    0.205384   -0.005384 (VIOLATED)
fanout199/Z                             0.200000    0.205265   -0.005265 (VIOLATED)
clkbuf_6_30_0_clk/Z                     0.200000    0.205226   -0.005226 (VIOLATED)
clkbuf_6_34_0_clk/Z                     0.200000    0.205155   -0.005155 (VIOLATED)
fanout1128/Z                            0.200000    0.204414   -0.004414 (VIOLATED)
_23511_/ZN                              0.200000    0.203921   -0.003921 (VIOLATED)
fanout138/Z                             0.200000    0.203817   -0.003817 (VIOLATED)
fanout127/Z                             0.200000    0.203805   -0.003805 (VIOLATED)
fanout947/Z                             0.200000    0.203779   -0.003779 (VIOLATED)
fanout1430/Z                            0.200000    0.203748   -0.003748 (VIOLATED)
fanout1332/Z                            0.200000    0.203400   -0.003400 (VIOLATED)
fanout142/Z                             0.200000    0.203347   -0.003347 (VIOLATED)
fanout822/Z                             0.200000    0.203306   -0.003306 (VIOLATED)
fanout806/Z                             0.200000    0.203276   -0.003276 (VIOLATED)
_15681_/ZN                              0.200000    0.203109   -0.003109 (VIOLATED)
fanout945/Z                             0.200000    0.203089   -0.003089 (VIOLATED)
fanout598/Z                             0.200000    0.203004   -0.003004 (VIOLATED)
fanout575/Z                             0.200000    0.203001   -0.003001 (VIOLATED)
fanout1090/Z                            0.200000    0.202759   -0.002759 (VIOLATED)
clkbuf_6_13_0_clk/Z                     0.200000    0.202709   -0.002709 (VIOLATED)
fanout167/Z                             0.200000    0.202589   -0.002589 (VIOLATED)
fanout579/Z                             0.200000    0.202055   -0.002055 (VIOLATED)
fanout1380/Z                            0.200000    0.201579   -0.001579 (VIOLATED)
fanout1355/Z                            0.200000    0.201319   -0.001319 (VIOLATED)
clkbuf_6_4_0_clk/Z                      0.200000    0.201025   -0.001025 (VIOLATED)
fanout207/Z                             0.200000    0.200979   -0.000979 (VIOLATED)
fanout282/Z                             0.200000    0.200746   -0.000746 (VIOLATED)
fanout1294/Z                            0.200000    0.200574   -0.000574 (VIOLATED)
fanout1353/Z                            0.200000    0.200214   -0.000214 (VIOLATED)
fanout726/Z                             0.200000    0.200011   -0.000011 (VIOLATED)



===========================================================================
report_parasitic_annotation -report_unannotated
============================================================================
Found 609 unannotated drivers.
 _27612_/Z
 clkload0/ZN
 clkload1/ZN
 clkload10/ZN
 clkload100/Z
 clkload101/ZN
 clkload102/ZN
 clkload103/ZN
 clkload104/ZN
 clkload105/ZN
 clkload106/ZN
 clkload107/ZN
 clkload108/ZN
 clkload109/ZN
 clkload11/ZN
 clkload110/ZN
 clkload111/ZN
 clkload112/ZN
 clkload113/ZN
 clkload114/ZN
 clkload115/Z
 clkload116/Z
 clkload117/Z
 clkload118/Z
 clkload119/Z
 clkload12/ZN
 clkload120/Z
 clkload121/Z
 clkload122/Z
 clkload123/ZN
 clkload124/ZN
 clkload125/ZN
 clkload126/ZN
 clkload127/ZN
 clkload128/ZN
 clkload129/ZN
 clkload13/ZN
 clkload130/Z
 clkload131/Z
 clkload132/Z
 clkload133/Z
 clkload134/Z
 clkload135/Z
 clkload136/Z
 clkload137/Z
 clkload138/Z
 clkload139/Z
 clkload14/ZN
 clkload140/ZN
 clkload141/ZN
 clkload142/ZN
 clkload143/Z
 clkload144/ZN
 clkload145/Z
 clkload146/ZN
 clkload147/ZN
 clkload148/Z
 clkload149/ZN
 clkload15/ZN
 clkload150/ZN
 clkload151/ZN
 clkload152/ZN
 clkload153/ZN
 clkload154/ZN
 clkload155/ZN
 clkload156/Z
 clkload157/ZN
 clkload158/ZN
 clkload159/ZN
 clkload16/ZN
 clkload160/ZN
 clkload161/Z
 clkload162/Z
 clkload163/Z
 clkload164/Z
 clkload165/ZN
 clkload166/ZN
 clkload167/Z
 clkload168/ZN
 clkload169/ZN
 clkload17/ZN
 clkload170/ZN
 clkload171/ZN
 clkload172/ZN
 clkload173/Z
 clkload174/ZN
 clkload175/ZN
 clkload176/ZN
 clkload177/Z
 clkload178/ZN
 clkload179/Z
 clkload18/ZN
 clkload180/ZN
 clkload181/ZN
 clkload182/ZN
 clkload183/Z
 clkload184/Z
 clkload185/Z
 clkload186/Z
 clkload187/Z
 clkload188/Z
 clkload189/ZN
 clkload19/ZN
 clkload190/ZN
 clkload191/ZN
 clkload192/Z
 clkload193/ZN
 clkload194/ZN
 clkload195/ZN
 clkload196/Z
 clkload197/Z
 clkload198/Z
 clkload199/Z
 clkload2/ZN
 clkload20/ZN
 clkload200/Z
 clkload201/ZN
 clkload202/Z
 clkload203/Z
 clkload204/Z
 clkload205/ZN
 clkload206/Z
 clkload207/ZN
 clkload208/ZN
 clkload209/Z
 clkload21/ZN
 clkload210/ZN
 clkload211/ZN
 clkload212/ZN
 clkload213/ZN
 clkload214/ZN
 clkload215/Z
 clkload216/Z
 clkload217/ZN
 clkload218/ZN
 clkload219/Z
 clkload22/ZN
 clkload220/Z
 clkload221/ZN
 clkload222/ZN
 clkload223/ZN
 clkload224/ZN
 clkload225/Z
 clkload226/ZN
 clkload227/Z
 clkload228/ZN
 clkload229/ZN
 clkload23/ZN
 clkload230/Z
 clkload231/Z
 clkload232/ZN
 clkload233/ZN
 clkload234/ZN
 clkload235/ZN
 clkload236/Z
 clkload237/ZN
 clkload238/ZN
 clkload239/ZN
 clkload24/ZN
 clkload240/ZN
 clkload241/ZN
 clkload242/Z
 clkload243/Z
 clkload244/Z
 clkload245/ZN
 clkload246/ZN
 clkload247/ZN
 clkload248/ZN
 clkload249/ZN
 clkload25/ZN
 clkload250/Z
 clkload251/ZN
 clkload252/Z
 clkload253/ZN
 clkload254/ZN
 clkload255/Z
 clkload256/Z
 clkload257/Z
 clkload258/Z
 clkload259/ZN
 clkload26/Z
 clkload260/Z
 clkload261/ZN
 clkload262/ZN
 clkload263/Z
 clkload264/ZN
 clkload265/Z
 clkload266/Z
 clkload267/Z
 clkload268/ZN
 clkload269/ZN
 clkload27/ZN
 clkload270/Z
 clkload271/Z
 clkload272/ZN
 clkload273/ZN
 clkload274/ZN
 clkload275/ZN
 clkload276/ZN
 clkload277/ZN
 clkload278/ZN
 clkload279/ZN
 clkload28/ZN
 clkload280/ZN
 clkload281/Z
 clkload282/ZN
 clkload283/ZN
 clkload284/Z
 clkload285/ZN
 clkload286/ZN
 clkload287/ZN
 clkload288/ZN
 clkload289/Z
 clkload29/ZN
 clkload290/Z
 clkload291/ZN
 clkload292/Z
 clkload293/Z
 clkload294/Z
 clkload295/Z
 clkload296/Z
 clkload297/ZN
 clkload298/Z
 clkload299/Z
 clkload3/ZN
 clkload30/ZN
 clkload300/Z
 clkload301/ZN
 clkload302/Z
 clkload303/Z
 clkload304/Z
 clkload305/Z
 clkload306/Z
 clkload307/Z
 clkload308/Z
 clkload309/ZN
 clkload31/ZN
 clkload310/ZN
 clkload311/ZN
 clkload312/Z
 clkload313/Z
 clkload314/Z
 clkload315/ZN
 clkload316/Z
 clkload317/ZN
 clkload318/ZN
 clkload319/ZN
 clkload32/ZN
 clkload320/Z
 clkload321/Z
 clkload322/Z
 clkload323/Z
 clkload324/ZN
 clkload325/Z
 clkload326/Z
 clkload327/Z
 clkload328/Z
 clkload329/Z
 clkload33/ZN
 clkload330/Z
 clkload331/ZN
 clkload332/Z
 clkload333/Z
 clkload334/Z
 clkload335/Z
 clkload336/ZN
 clkload337/ZN
 clkload338/ZN
 clkload339/Z
 clkload34/ZN
 clkload340/Z
 clkload341/ZN
 clkload342/Z
 clkload343/ZN
 clkload344/Z
 clkload345/Z
 clkload346/Z
 clkload347/Z
 clkload348/ZN
 clkload349/ZN
 clkload35/ZN
 clkload350/ZN
 clkload351/ZN
 clkload352/Z
 clkload353/ZN
 clkload354/Z
 clkload355/Z
 clkload356/Z
 clkload357/Z
 clkload358/ZN
 clkload359/Z
 clkload36/ZN
 clkload360/Z
 clkload361/ZN
 clkload362/Z
 clkload363/ZN
 clkload364/Z
 clkload365/Z
 clkload366/Z
 clkload367/Z
 clkload368/ZN
 clkload369/Z
 clkload37/ZN
 clkload370/ZN
 clkload371/ZN
 clkload372/ZN
 clkload373/ZN
 clkload374/ZN
 clkload375/ZN
 clkload376/Z
 clkload377/ZN
 clkload378/Z
 clkload379/ZN
 clkload38/ZN
 clkload380/ZN
 clkload381/ZN
 clkload382/ZN
 clkload383/ZN
 clkload384/ZN
 clkload385/Z
 clkload386/ZN
 clkload387/Z
 clkload388/ZN
 clkload389/ZN
 clkload39/ZN
 clkload390/Z
 clkload391/Z
 clkload392/ZN
 clkload393/ZN
 clkload394/ZN
 clkload395/ZN
 clkload396/ZN
 clkload397/Z
 clkload398/Z
 clkload399/Z
 clkload4/ZN
 clkload40/ZN
 clkload400/Z
 clkload401/Z
 clkload402/ZN
 clkload403/ZN
 clkload404/ZN
 clkload405/Z
 clkload406/ZN
 clkload407/Z
 clkload408/Z
 clkload409/ZN
 clkload41/ZN
 clkload410/Z
 clkload411/Z
 clkload412/ZN
 clkload413/Z
 clkload414/ZN
 clkload415/ZN
 clkload416/Z
 clkload417/ZN
 clkload418/ZN
 clkload419/ZN
 clkload42/ZN
 clkload420/ZN
 clkload421/ZN
 clkload422/ZN
 clkload423/ZN
 clkload424/Z
 clkload425/ZN
 clkload426/ZN
 clkload427/ZN
 clkload428/ZN
 clkload429/ZN
 clkload43/ZN
 clkload430/Z
 clkload431/Z
 clkload432/Z
 clkload433/ZN
 clkload434/ZN
 clkload435/ZN
 clkload436/ZN
 clkload437/ZN
 clkload438/ZN
 clkload439/ZN
 clkload44/Z
 clkload440/ZN
 clkload441/ZN
 clkload442/ZN
 clkload443/Z
 clkload444/ZN
 clkload445/Z
 clkload446/Z
 clkload447/ZN
 clkload448/Z
 clkload449/Z
 clkload45/ZN
 clkload450/ZN
 clkload451/Z
 clkload452/Z
 clkload453/Z
 clkload454/Z
 clkload455/Z
 clkload456/Z
 clkload457/ZN
 clkload458/Z
 clkload459/Z
 clkload46/ZN
 clkload460/Z
 clkload461/Z
 clkload462/ZN
 clkload463/ZN
 clkload464/ZN
 clkload465/Z
 clkload466/Z
 clkload467/Z
 clkload468/Z
 clkload469/Z
 clkload47/Z
 clkload470/ZN
 clkload471/Z
 clkload472/Z
 clkload473/ZN
 clkload474/Z
 clkload475/Z
 clkload476/ZN
 clkload477/ZN
 clkload478/ZN
 clkload479/Z
 clkload48/ZN
 clkload480/ZN
 clkload481/ZN
 clkload482/Z
 clkload483/ZN
 clkload484/ZN
 clkload485/ZN
 clkload486/ZN
 clkload487/ZN
 clkload488/ZN
 clkload489/Z
 clkload49/ZN
 clkload490/Z
 clkload491/Z
 clkload492/ZN
 clkload493/ZN
 clkload494/Z
 clkload495/Z
 clkload496/Z
 clkload497/ZN
 clkload498/Z
 clkload499/ZN
 clkload5/ZN
 clkload50/ZN
 clkload500/Z
 clkload501/Z
 clkload502/ZN
 clkload503/Z
 clkload504/ZN
 clkload505/Z
 clkload506/ZN
 clkload507/Z
 clkload508/ZN
 clkload509/Z
 clkload51/ZN
 clkload510/Z
 clkload511/ZN
 clkload512/Z
 clkload513/ZN
 clkload514/Z
 clkload515/Z
 clkload516/ZN
 clkload517/Z
 clkload518/ZN
 clkload519/Z
 clkload52/ZN
 clkload520/Z
 clkload521/Z
 clkload522/Z
 clkload523/Z
 clkload524/ZN
 clkload525/Z
 clkload526/ZN
 clkload527/ZN
 clkload528/ZN
 clkload529/Z
 clkload53/ZN
 clkload530/Z
 clkload531/ZN
 clkload532/Z
 clkload533/Z
 clkload534/Z
 clkload535/Z
 clkload536/Z
 clkload537/Z
 clkload538/ZN
 clkload539/Z
 clkload54/ZN
 clkload540/ZN
 clkload541/ZN
 clkload542/ZN
 clkload543/Z
 clkload544/Z
 clkload545/ZN
 clkload546/Z
 clkload547/ZN
 clkload548/ZN
 clkload549/Z
 clkload55/ZN
 clkload550/ZN
 clkload551/ZN
 clkload552/ZN
 clkload553/Z
 clkload554/ZN
 clkload555/Z
 clkload556/Z
 clkload557/Z
 clkload558/Z
 clkload559/Z
 clkload56/ZN
 clkload560/Z
 clkload561/Z
 clkload562/Z
 clkload563/ZN
 clkload564/ZN
 clkload565/ZN
 clkload566/ZN
 clkload567/ZN
 clkload568/Z
 clkload569/ZN
 clkload57/ZN
 clkload570/ZN
 clkload571/Z
 clkload572/Z
 clkload573/Z
 clkload574/ZN
 clkload575/Z
 clkload576/ZN
 clkload577/ZN
 clkload578/ZN
 clkload579/Z
 clkload58/ZN
 clkload580/ZN
 clkload581/ZN
 clkload582/Z
 clkload583/Z
 clkload584/ZN
 clkload585/ZN
 clkload586/ZN
 clkload587/ZN
 clkload588/ZN
 clkload589/ZN
 clkload59/Z
 clkload590/ZN
 clkload591/ZN
 clkload592/ZN
 clkload593/Z
 clkload594/ZN
 clkload595/Z
 clkload596/ZN
 clkload597/ZN
 clkload598/Z
 clkload599/ZN
 clkload6/ZN
 clkload60/ZN
 clkload600/ZN
 clkload601/ZN
 clkload602/Z
 clkload603/ZN
 clkload604/ZN
 clkload605/ZN
 clkload606/ZN
 clkload607/Z
 clkload61/ZN
 clkload62/ZN
 clkload63/ZN
 clkload64/ZN
 clkload65/Z
 clkload66/Z
 clkload67/Z
 clkload68/ZN
 clkload69/ZN
 clkload7/ZN
 clkload70/Z
 clkload71/ZN
 clkload72/Z
 clkload73/Z
 clkload74/ZN
 clkload75/ZN
 clkload76/Z
 clkload77/Z
 clkload78/Z
 clkload79/Z
 clkload8/ZN
 clkload80/Z
 clkload81/ZN
 clkload82/ZN
 clkload83/ZN
 clkload84/ZN
 clkload85/Z
 clkload86/ZN
 clkload87/Z
 clkload88/ZN
 clkload89/ZN
 clkload9/ZN
 clkload90/ZN
 clkload91/ZN
 clkload92/ZN
 clkload93/Z
 clkload94/Z
 clkload95/ZN
 clkload96/ZN
 clkload97/ZN
 clkload98/ZN
 clkload99/Z
Found 0 partially unannotated drivers.

===========================================================================
max slew violation count 0
max fanout violation count 40
max cap violation count 413
============================================================================

===========================================================================
check_setup -verbose -unconstrained_endpoints -multiple_clock -no_clock -no_input_delay -loops -generated_clocks
===========================================================================
Warning: There are 18 unconstrained endpoints.
  clk_PD
  clk_PU
  cs_n_PD
  cs_n_PU
  miso_CS
  miso_IE
  miso_OE
  miso_PD
  miso_PDRV0
  miso_PDRV1
  miso_PU
  miso_SL
  mosi_PD
  mosi_PU
  rst_PD
  rst_PU
  sclk_PD
  sclk_PU
