Clock: clk
Sources: clk 
Generated: no
Virtual: yes
Propagated: no
Period: 20.000000

===========================================================================
report_clock_properties
============================================================================
Clock                   Period          Waveform
----------------------------------------------------
clk                  20.000000    0.000000 10.000000

===========================================================================
report_clock_latency
============================================================================
Clock clk
rise -> rise
    min     max
0.000000 0.000000 source latency
2.101891         network latency _25369_/CLK
        2.708001 network latency _26139_/CLK
---------------
2.101891 2.708001 latency
        0.606109 skew

fall -> fall
    min     max
0.000000 0.000000 source latency
2.106027         network latency _25369_/CLK
        2.805193 network latency _26139_/CLK
---------------
2.106027 2.805193 latency
        0.699165 skew



===========================================================================
report_clock_min_period
============================================================================
clk period_min = 13.92 fmax = 71.82
