Reading OpenROAD database at '/foss/designs/ascon/runs/RUN_2026-09-05_03-04-29/17-openroad-cutrows/ascon_top.odb'…
Reading library file at '/foss/pdks/gf180mcuD/libs.ref/gf180mcu_fd_sc_mcu7t5v0/lib/gf180mcu_fd_sc_mcu7t5v0__tt_025C_5v00.lib'…
Reading design constraints file at '/usr/local/lib/python3.12/dist-packages/openlane/scripts/base.sdc'…
[INFO] Using clock clk…
[INFO] Setting output delay to: 4.0
[INFO] Setting input delay to: 4.0
[INFO] Setting load to: 0.07291
[INFO] Setting clock uncertainty to: 0.25
[INFO] Setting clock transition to: 0.1499999999999999944488848768742172978818416595458984375
[INFO] Setting timing derate to: 5%
[INFO TAP-0004] Inserted 550 endcaps.
[INFO TAP-0005] Inserted 7621 tapcells.
Setting global connections for newly added cells…
[INFO] Setting global connections...
Updating metrics…
Cell type report:                       Count       Area
  Endcap cell                             550    2414.72
  Tap cell                               7621   33459.24
  Tie cell                                 18     158.05
  Buffer                                    1      13.17
  Inverter                               1115    9794.98
  Sequential cell                        2806  186973.96
  Multi-Input combinational cell        11378  215522.54
  Total                                 23489  448336.67
Writing OpenROAD database to '/foss/designs/ascon/runs/RUN_2026-09-05_03-04-29/18-openroad-tapendcapinsertion/ascon_top.odb'…
Writing netlist to '/foss/designs/ascon/runs/RUN_2026-09-05_03-04-29/18-openroad-tapendcapinsertion/ascon_top.nl.v'…
Writing powered netlist to '/foss/designs/ascon/runs/RUN_2026-09-05_03-04-29/18-openroad-tapendcapinsertion/ascon_top.pnl.v'…
Writing layout to '/foss/designs/ascon/runs/RUN_2026-09-05_03-04-29/18-openroad-tapendcapinsertion/ascon_top.def'…
Writing timing constraints to '/foss/designs/ascon/runs/RUN_2026-09-05_03-04-29/18-openroad-tapendcapinsertion/ascon_top.sdc'…
