
===========================================================================
report_checks -unconstrained
===========================================================================
======================= min_ss_125C_4v50 Corner ===================================

Startpoint: rst (input port clocked by clk)
Endpoint: _27672_ (recovery check against rising-edge clock clk)
Path Group: asynchronous
Path Type: max

Fanout         Cap        Slew       Delay        Time   Description
---------------------------------------------------------------------------------------------
                                  0.000000    0.000000   clock clk (rise edge)
                                  0.000000    0.000000   clock network delay (propagated)
                                  4.000000    4.000000 v input external delay
     1    0.003506    0.105229    0.034477    4.034477 v rst (in)
                                                         rst (net)
                      0.105229    0.000000    4.034477 v input3/I (gf180mcu_fd_sc_mcu7t5v0__buf_1)
     2    0.090091    1.490795    1.279008    5.313485 v input3/Z (gf180mcu_fd_sc_mcu7t5v0__buf_1)
                                                         net3 (net)
                      1.490898    0.007082    5.320567 v fanout1841/I (gf180mcu_fd_sc_mcu7t5v0__buf_2)
     6    0.133510    1.109112    1.373644    6.694211 v fanout1841/Z (gf180mcu_fd_sc_mcu7t5v0__buf_2)
                                                         net1841 (net)
                      1.109187    0.005186    6.699396 v fanout1828/I (gf180mcu_fd_sc_mcu7t5v0__buf_2)
     6    0.081832    0.708701    1.032709    7.732105 v fanout1828/Z (gf180mcu_fd_sc_mcu7t5v0__buf_2)
                                                         net1828 (net)
                      0.708708    0.001244    7.733349 v fanout1827/I (gf180mcu_fd_sc_mcu7t5v0__buf_2)
     9    0.121792    1.014004    1.114390    8.847739 v fanout1827/Z (gf180mcu_fd_sc_mcu7t5v0__buf_2)
                                                         net1827 (net)
                      1.014009    0.001255    8.848994 v fanout1826/I (gf180mcu_fd_sc_mcu7t5v0__buf_2)
    10    0.078153    0.678934    0.988626    9.837621 v fanout1826/Z (gf180mcu_fd_sc_mcu7t5v0__buf_2)
                                                         net1826 (net)
                      0.678941    0.001195    9.838817 v fanout1825/I (gf180mcu_fd_sc_mcu7t5v0__buf_2)
    10    0.070197    0.617704    0.857088   10.695904 v fanout1825/Z (gf180mcu_fd_sc_mcu7t5v0__buf_2)
                                                         net1825 (net)
                      0.617724    0.001990   10.697894 v _24898_/I (gf180mcu_fd_sc_mcu7t5v0__clkinv_1)
     1    0.016797    0.569436    0.500103   11.197997 ^ _24898_/ZN (gf180mcu_fd_sc_mcu7t5v0__clkinv_1)
                                                         _00817_ (net)
                      0.569436    0.000646   11.198644 ^ _27672_/RN (gf180mcu_fd_sc_mcu7t5v0__dffrnq_2)
                                             11.198644   data arrival time

                                 20.000000   20.000000   clock clk (rise edge)
                                  0.000000   20.000000   clock source latency
     1    0.134767    0.965870    0.540531   20.540531 ^ clk (in)
                                                         clk (net)
                      0.967482    0.000000   20.540531 ^ clkbuf_0_clk/I (gf180mcu_fd_sc_mcu7t5v0__clkbuf_16)
     4    0.285198    0.573194    0.845464   21.385996 ^ clkbuf_0_clk/Z (gf180mcu_fd_sc_mcu7t5v0__clkbuf_16)
                                                         clknet_0_clk (net)
                      0.573390    0.008622   21.394619 ^ clkbuf_2_0_0_clk/I (gf180mcu_fd_sc_mcu7t5v0__clkbuf_8)
    16    0.392706    1.398120    1.244608   22.639227 ^ clkbuf_2_0_0_clk/Z (gf180mcu_fd_sc_mcu7t5v0__clkbuf_8)
                                                         clknet_2_0_0_clk (net)
                      1.398388    0.010806   22.650032 ^ clkbuf_6_11_0_clk/I (gf180mcu_fd_sc_mcu7t5v0__clkbuf_8)
     9    0.147636    0.592558    0.901407   23.551439 ^ clkbuf_6_11_0_clk/Z (gf180mcu_fd_sc_mcu7t5v0__clkbuf_8)
                                                         clknet_6_11_0_clk (net)
                      0.592569    0.003965   23.555403 ^ clkbuf_leaf_37_clk/I (gf180mcu_fd_sc_mcu7t5v0__clkbuf_8)
     6    0.033785    0.230548    0.538956   24.094358 ^ clkbuf_leaf_37_clk/Z (gf180mcu_fd_sc_mcu7t5v0__clkbuf_8)
                                                         clknet_leaf_37_clk (net)
                      0.230548    0.000426   24.094786 ^ _27672_/CLK (gf180mcu_fd_sc_mcu7t5v0__dffrnq_2)
                                 -0.250000   23.844786   clock uncertainty
                                  0.000000   23.844786   clock reconvergence pessimism
                                  0.407214   24.252001   library recovery time
                                             24.252001   data required time
---------------------------------------------------------------------------------------------
                                             24.252001   data required time
                                            -11.198644   data arrival time
---------------------------------------------------------------------------------------------
                                             13.053357   slack (MET)


Startpoint: _25494_ (rising edge-triggered flip-flop clocked by clk)
Endpoint: _26219_ (rising edge-triggered flip-flop clocked by clk)
Path Group: clk
Path Type: max

Fanout         Cap        Slew       Delay        Time   Description
---------------------------------------------------------------------------------------------
                                  0.000000    0.000000   clock clk (rise edge)
                                  0.000000    0.000000   clock source latency
     1    0.134767    0.965870    0.540532    0.540532 ^ clk (in)
                                                         clk (net)
                      0.967482    0.000000    0.540532 ^ clkbuf_0_clk/I (gf180mcu_fd_sc_mcu7t5v0__clkbuf_16)
     4    0.285198    0.573194    0.845464    1.385996 ^ clkbuf_0_clk/Z (gf180mcu_fd_sc_mcu7t5v0__clkbuf_16)
                                                         clknet_0_clk (net)
                      0.573390    0.008623    1.394619 ^ clkbuf_2_0_0_clk/I (gf180mcu_fd_sc_mcu7t5v0__clkbuf_8)
    16    0.392706    1.398120    1.244607    2.639225 ^ clkbuf_2_0_0_clk/Z (gf180mcu_fd_sc_mcu7t5v0__clkbuf_8)
                                                         clknet_2_0_0_clk (net)
                      1.398405    0.011130    2.650356 ^ clkbuf_6_3_0_clk/I (gf180mcu_fd_sc_mcu7t5v0__clkbuf_8)
     9    0.144211    0.582711    0.895980    3.546335 ^ clkbuf_6_3_0_clk/Z (gf180mcu_fd_sc_mcu7t5v0__clkbuf_8)
                                                         clknet_6_3_0_clk (net)
                      0.582712    0.001256    3.547591 ^ clkbuf_leaf_487_clk/I (gf180mcu_fd_sc_mcu7t5v0__clkbuf_8)
     8    0.041039    0.251562    0.554465    4.102056 ^ clkbuf_leaf_487_clk/Z (gf180mcu_fd_sc_mcu7t5v0__clkbuf_8)
                                                         clknet_leaf_487_clk (net)
                      0.251562    0.000437    4.102493 ^ _25494_/CLK (gf180mcu_fd_sc_mcu7t5v0__dffrnq_1)
     1    0.011387    0.480152    1.816182    5.918674 ^ _25494_/Q (gf180mcu_fd_sc_mcu7t5v0__dffrnq_1)
                                                         pp_inst.core_inst.reg_cnt_i.data_q[0] (net)
                      0.480152    0.000232    5.918907 ^ fanout1717/I (gf180mcu_fd_sc_mcu7t5v0__buf_4)
     7    0.203311    1.434894    1.075045    6.993951 ^ fanout1717/Z (gf180mcu_fd_sc_mcu7t5v0__buf_4)
                                                         net1717 (net)
                      1.435247    0.012563    7.006515 ^ _12382_/I (gf180mcu_fd_sc_mcu7t5v0__clkinv_2)
     3    0.097477    1.429228    1.175276    8.181790 v _12382_/ZN (gf180mcu_fd_sc_mcu7t5v0__clkinv_2)
                                                         _09184_ (net)
                      1.429255    0.003554    8.185345 v fanout1714/I (gf180mcu_fd_sc_mcu7t5v0__buf_4)
    10    0.220182    0.921949    1.200084    9.385428 v fanout1714/Z (gf180mcu_fd_sc_mcu7t5v0__buf_4)
                                                         net1714 (net)
                      0.921964    0.002123    9.387551 v fanout1713/I (gf180mcu_fd_sc_mcu7t5v0__clkbuf_4)
    10    0.155587    1.142136    1.260696   10.648247 v fanout1713/Z (gf180mcu_fd_sc_mcu7t5v0__clkbuf_4)
                                                         net1713 (net)
                      1.142963    0.017422   10.665668 v _13346_/B (gf180mcu_fd_sc_mcu7t5v0__aoi21_1)
     1    0.027993    1.831322    1.354366   12.020034 ^ _13346_/ZN (gf180mcu_fd_sc_mcu7t5v0__aoi21_1)
                                                         _09960_ (net)
                      1.831322    0.001211   12.021246 ^ fanout1568/I (gf180mcu_fd_sc_mcu7t5v0__buf_2)
     5    0.138867    1.945289    1.471221   13.492467 ^ fanout1568/Z (gf180mcu_fd_sc_mcu7t5v0__buf_2)
                                                         net1568 (net)
                      1.945614    0.014116   13.506583 ^ fanout1567/I (gf180mcu_fd_sc_mcu7t5v0__buf_2)
     5    0.052419    0.784794    0.811166   14.317749 ^ fanout1567/Z (gf180mcu_fd_sc_mcu7t5v0__buf_2)
                                                         net1567 (net)
                      0.784813    0.002133   14.319881 ^ _13349_/A2 (gf180mcu_fd_sc_mcu7t5v0__nor2_1)
     1    0.014110    0.547462    0.470560   14.790442 v _13349_/ZN (gf180mcu_fd_sc_mcu7t5v0__nor2_1)
                                                         _09963_ (net)
                      0.547462    0.000344   14.790786 v fanout1476/I (gf180mcu_fd_sc_mcu7t5v0__buf_4)
     8    0.195608    0.818767    0.918208   15.708994 v fanout1476/Z (gf180mcu_fd_sc_mcu7t5v0__buf_4)
                                                         net1476 (net)
                      0.819339    0.012260   15.721254 v fanout1472/I (gf180mcu_fd_sc_mcu7t5v0__buf_2)
     7    0.094789    0.806025    1.016206   16.737459 v fanout1472/Z (gf180mcu_fd_sc_mcu7t5v0__buf_2)
                                                         net1472 (net)
                      0.806052    0.002647   16.740107 v fanout1471/I (gf180mcu_fd_sc_mcu7t5v0__clkbuf_4)
    10    0.110963    0.845416    1.051086   17.791193 v fanout1471/Z (gf180mcu_fd_sc_mcu7t5v0__clkbuf_4)
                                                         net1471 (net)
                      0.845517    0.005182   17.796375 v _13585_/A2 (gf180mcu_fd_sc_mcu7t5v0__aoi222_2)
     1    0.010868    1.513432    1.028168   18.824543 ^ _13585_/ZN (gf180mcu_fd_sc_mcu7t5v0__aoi222_2)
                                                         _10195_ (net)
                      1.513432    0.000117   18.824659 ^ _13586_/B (gf180mcu_fd_sc_mcu7t5v0__oai211_2)
     1    0.019452    0.813595    0.626152   19.450811 v _13586_/ZN (gf180mcu_fd_sc_mcu7t5v0__oai211_2)
                                                         _10196_ (net)
                      0.813595    0.000199   19.451010 v _13595_/B2 (gf180mcu_fd_sc_mcu7t5v0__aoi22_4)
     4    0.126505    2.392877    1.665958   21.116968 ^ _13595_/ZN (gf180mcu_fd_sc_mcu7t5v0__aoi22_4)
                                                         _10205_ (net)
                      2.392888    0.008180   21.125149 ^ _13597_/A2 (gf180mcu_fd_sc_mcu7t5v0__xor2_1)
     2    0.034304    2.166727    1.548999   22.674149 ^ _13597_/Z (gf180mcu_fd_sc_mcu7t5v0__xor2_1)
                                                         _10207_ (net)
                      2.166727    0.000727   22.674873 ^ _13598_/A2 (gf180mcu_fd_sc_mcu7t5v0__aoi21_4)
     2    0.040490    0.682674    0.329424   23.004297 v _13598_/ZN (gf180mcu_fd_sc_mcu7t5v0__aoi21_4)
                                                         _10208_ (net)
                      0.682674    0.000755   23.005053 v _16067_/B1 (gf180mcu_fd_sc_mcu7t5v0__aoi22_4)
     2    0.151073    2.747303    1.777265   24.782318 ^ _16067_/ZN (gf180mcu_fd_sc_mcu7t5v0__aoi22_4)
                                                         _03429_ (net)
                      2.747401    0.025164   24.807482 ^ fanout492/I (gf180mcu_fd_sc_mcu7t5v0__buf_2)
     6    0.088488    1.272732    1.095822   25.903303 ^ fanout492/Z (gf180mcu_fd_sc_mcu7t5v0__buf_2)
                                                         net492 (net)
                      1.272795    0.004967   25.908270 ^ fanout486/I (gf180mcu_fd_sc_mcu7t5v0__buf_2)
     6    0.067796    0.986511    0.907194   26.815464 ^ fanout486/Z (gf180mcu_fd_sc_mcu7t5v0__buf_2)
                                                         net486 (net)
                      0.986511    0.000441   26.815905 ^ fanout485/I (gf180mcu_fd_sc_mcu7t5v0__buf_1)
     5    0.042850    1.256887    1.077218   27.893124 ^ fanout485/Z (gf180mcu_fd_sc_mcu7t5v0__buf_1)
                                                         net485 (net)
                      1.256887    0.000604   27.893726 ^ fanout484/I (gf180mcu_fd_sc_mcu7t5v0__buf_2)
    10    0.074215    1.074001    0.957972   28.851698 ^ fanout484/Z (gf180mcu_fd_sc_mcu7t5v0__buf_2)
                                                         net484 (net)
                      1.074001    0.000917   28.852615 ^ _21153_/A1 (gf180mcu_fd_sc_mcu7t5v0__oai21_1)
     1    0.004416    0.502369    0.274891   29.127506 v _21153_/ZN (gf180mcu_fd_sc_mcu7t5v0__oai21_1)
                                                         _01861_ (net)
                      0.502369    0.000087   29.127594 v _26219_/D (gf180mcu_fd_sc_mcu7t5v0__dffq_1)
                                             29.127594   data arrival time

                                 20.000000   20.000000   clock clk (rise edge)
                                  0.000000   20.000000   clock source latency
     1    0.134767    0.965870    0.540531   20.540531 ^ clk (in)
                                                         clk (net)
                      0.967482    0.000000   20.540531 ^ clkbuf_0_clk/I (gf180mcu_fd_sc_mcu7t5v0__clkbuf_16)
     4    0.285198    0.573194    0.845464   21.385996 ^ clkbuf_0_clk/Z (gf180mcu_fd_sc_mcu7t5v0__clkbuf_16)
                                                         clknet_0_clk (net)
                      0.573468    0.009937   21.395933 ^ clkbuf_2_3_0_clk/I (gf180mcu_fd_sc_mcu7t5v0__clkbuf_8)
    16    0.383070    1.364401    1.224176   22.620110 ^ clkbuf_2_3_0_clk/Z (gf180mcu_fd_sc_mcu7t5v0__clkbuf_8)
                                                         clknet_2_3_0_clk (net)
                      1.364944    0.015197   22.635305 ^ clkbuf_6_60_0_clk/I (gf180mcu_fd_sc_mcu7t5v0__clkbuf_8)
     9    0.189295    0.726180    0.977654   23.612959 ^ clkbuf_6_60_0_clk/Z (gf180mcu_fd_sc_mcu7t5v0__clkbuf_8)
                                                         clknet_6_60_0_clk (net)
                      0.726182    0.001465   23.614426 ^ clkbuf_leaf_288_clk/I (gf180mcu_fd_sc_mcu7t5v0__clkbuf_8)
     9    0.047068    0.273692    0.593198   24.207623 ^ clkbuf_leaf_288_clk/Z (gf180mcu_fd_sc_mcu7t5v0__clkbuf_8)
                                                         clknet_leaf_288_clk (net)
                      0.273692    0.000536   24.208160 ^ _26219_/CLK (gf180mcu_fd_sc_mcu7t5v0__dffq_1)
                                 -0.250000   23.958160   clock uncertainty
                                  0.000000   23.958160   clock reconvergence pessimism
                                 -0.539756   23.418404   library setup time
                                             23.418404   data required time
---------------------------------------------------------------------------------------------
                                             23.418404   data required time
                                            -29.127594   data arrival time
---------------------------------------------------------------------------------------------
                                             -5.709190   slack (VIOLATED)




===========================================================================
report_checks --slack_max -0.01
============================================================================
======================= min_ss_125C_4v50 Corner ===================================

Startpoint: _25494_ (rising edge-triggered flip-flop clocked by clk)
Endpoint: _26219_ (rising edge-triggered flip-flop clocked by clk)
Path Group: clk
Path Type: max

Fanout         Cap        Slew       Delay        Time   Description
---------------------------------------------------------------------------------------------
                                  0.000000    0.000000   clock clk (rise edge)
                                  0.000000    0.000000   clock source latency
     1    0.134767    0.965870    0.540532    0.540532 ^ clk (in)
                                                         clk (net)
                      0.967482    0.000000    0.540532 ^ clkbuf_0_clk/I (gf180mcu_fd_sc_mcu7t5v0__clkbuf_16)
     4    0.285198    0.573194    0.845464    1.385996 ^ clkbuf_0_clk/Z (gf180mcu_fd_sc_mcu7t5v0__clkbuf_16)
                                                         clknet_0_clk (net)
                      0.573390    0.008623    1.394619 ^ clkbuf_2_0_0_clk/I (gf180mcu_fd_sc_mcu7t5v0__clkbuf_8)
    16    0.392706    1.398120    1.244607    2.639225 ^ clkbuf_2_0_0_clk/Z (gf180mcu_fd_sc_mcu7t5v0__clkbuf_8)
                                                         clknet_2_0_0_clk (net)
                      1.398405    0.011130    2.650356 ^ clkbuf_6_3_0_clk/I (gf180mcu_fd_sc_mcu7t5v0__clkbuf_8)
     9    0.144211    0.582711    0.895980    3.546335 ^ clkbuf_6_3_0_clk/Z (gf180mcu_fd_sc_mcu7t5v0__clkbuf_8)
                                                         clknet_6_3_0_clk (net)
                      0.582712    0.001256    3.547591 ^ clkbuf_leaf_487_clk/I (gf180mcu_fd_sc_mcu7t5v0__clkbuf_8)
     8    0.041039    0.251562    0.554465    4.102056 ^ clkbuf_leaf_487_clk/Z (gf180mcu_fd_sc_mcu7t5v0__clkbuf_8)
                                                         clknet_leaf_487_clk (net)
                      0.251562    0.000437    4.102493 ^ _25494_/CLK (gf180mcu_fd_sc_mcu7t5v0__dffrnq_1)
     1    0.011387    0.480152    1.816182    5.918674 ^ _25494_/Q (gf180mcu_fd_sc_mcu7t5v0__dffrnq_1)
                                                         pp_inst.core_inst.reg_cnt_i.data_q[0] (net)
                      0.480152    0.000232    5.918907 ^ fanout1717/I (gf180mcu_fd_sc_mcu7t5v0__buf_4)
     7    0.203311    1.434894    1.075045    6.993951 ^ fanout1717/Z (gf180mcu_fd_sc_mcu7t5v0__buf_4)
                                                         net1717 (net)
                      1.435247    0.012563    7.006515 ^ _12382_/I (gf180mcu_fd_sc_mcu7t5v0__clkinv_2)
     3    0.097477    1.429228    1.175276    8.181790 v _12382_/ZN (gf180mcu_fd_sc_mcu7t5v0__clkinv_2)
                                                         _09184_ (net)
                      1.429255    0.003554    8.185345 v fanout1714/I (gf180mcu_fd_sc_mcu7t5v0__buf_4)
    10    0.220182    0.921949    1.200084    9.385428 v fanout1714/Z (gf180mcu_fd_sc_mcu7t5v0__buf_4)
                                                         net1714 (net)
                      0.921964    0.002123    9.387551 v fanout1713/I (gf180mcu_fd_sc_mcu7t5v0__clkbuf_4)
    10    0.155587    1.142136    1.260696   10.648247 v fanout1713/Z (gf180mcu_fd_sc_mcu7t5v0__clkbuf_4)
                                                         net1713 (net)
                      1.142963    0.017422   10.665668 v _13346_/B (gf180mcu_fd_sc_mcu7t5v0__aoi21_1)
     1    0.027993    1.831322    1.354366   12.020034 ^ _13346_/ZN (gf180mcu_fd_sc_mcu7t5v0__aoi21_1)
                                                         _09960_ (net)
                      1.831322    0.001211   12.021246 ^ fanout1568/I (gf180mcu_fd_sc_mcu7t5v0__buf_2)
     5    0.138867    1.945289    1.471221   13.492467 ^ fanout1568/Z (gf180mcu_fd_sc_mcu7t5v0__buf_2)
                                                         net1568 (net)
                      1.945614    0.014116   13.506583 ^ fanout1567/I (gf180mcu_fd_sc_mcu7t5v0__buf_2)
     5    0.052419    0.784794    0.811166   14.317749 ^ fanout1567/Z (gf180mcu_fd_sc_mcu7t5v0__buf_2)
                                                         net1567 (net)
                      0.784813    0.002133   14.319881 ^ _13349_/A2 (gf180mcu_fd_sc_mcu7t5v0__nor2_1)
     1    0.014110    0.547462    0.470560   14.790442 v _13349_/ZN (gf180mcu_fd_sc_mcu7t5v0__nor2_1)
                                                         _09963_ (net)
                      0.547462    0.000344   14.790786 v fanout1476/I (gf180mcu_fd_sc_mcu7t5v0__buf_4)
     8    0.195608    0.818767    0.918208   15.708994 v fanout1476/Z (gf180mcu_fd_sc_mcu7t5v0__buf_4)
                                                         net1476 (net)
                      0.819339    0.012260   15.721254 v fanout1472/I (gf180mcu_fd_sc_mcu7t5v0__buf_2)
     7    0.094789    0.806025    1.016206   16.737459 v fanout1472/Z (gf180mcu_fd_sc_mcu7t5v0__buf_2)
                                                         net1472 (net)
                      0.806052    0.002647   16.740107 v fanout1471/I (gf180mcu_fd_sc_mcu7t5v0__clkbuf_4)
    10    0.110963    0.845416    1.051086   17.791193 v fanout1471/Z (gf180mcu_fd_sc_mcu7t5v0__clkbuf_4)
                                                         net1471 (net)
                      0.845517    0.005182   17.796375 v _13585_/A2 (gf180mcu_fd_sc_mcu7t5v0__aoi222_2)
     1    0.010868    1.513432    1.028168   18.824543 ^ _13585_/ZN (gf180mcu_fd_sc_mcu7t5v0__aoi222_2)
                                                         _10195_ (net)
                      1.513432    0.000117   18.824659 ^ _13586_/B (gf180mcu_fd_sc_mcu7t5v0__oai211_2)
     1    0.019452    0.813595    0.626152   19.450811 v _13586_/ZN (gf180mcu_fd_sc_mcu7t5v0__oai211_2)
                                                         _10196_ (net)
                      0.813595    0.000199   19.451010 v _13595_/B2 (gf180mcu_fd_sc_mcu7t5v0__aoi22_4)
     4    0.126505    2.392877    1.665958   21.116968 ^ _13595_/ZN (gf180mcu_fd_sc_mcu7t5v0__aoi22_4)
                                                         _10205_ (net)
                      2.392888    0.008180   21.125149 ^ _13597_/A2 (gf180mcu_fd_sc_mcu7t5v0__xor2_1)
     2    0.034304    2.166727    1.548999   22.674149 ^ _13597_/Z (gf180mcu_fd_sc_mcu7t5v0__xor2_1)
                                                         _10207_ (net)
                      2.166727    0.000727   22.674873 ^ _13598_/A2 (gf180mcu_fd_sc_mcu7t5v0__aoi21_4)
     2    0.040490    0.682674    0.329424   23.004297 v _13598_/ZN (gf180mcu_fd_sc_mcu7t5v0__aoi21_4)
                                                         _10208_ (net)
                      0.682674    0.000755   23.005053 v _16067_/B1 (gf180mcu_fd_sc_mcu7t5v0__aoi22_4)
     2    0.151073    2.747303    1.777265   24.782318 ^ _16067_/ZN (gf180mcu_fd_sc_mcu7t5v0__aoi22_4)
                                                         _03429_ (net)
                      2.747401    0.025164   24.807482 ^ fanout492/I (gf180mcu_fd_sc_mcu7t5v0__buf_2)
     6    0.088488    1.272732    1.095822   25.903303 ^ fanout492/Z (gf180mcu_fd_sc_mcu7t5v0__buf_2)
                                                         net492 (net)
                      1.272795    0.004967   25.908270 ^ fanout486/I (gf180mcu_fd_sc_mcu7t5v0__buf_2)
     6    0.067796    0.986511    0.907194   26.815464 ^ fanout486/Z (gf180mcu_fd_sc_mcu7t5v0__buf_2)
                                                         net486 (net)
                      0.986511    0.000441   26.815905 ^ fanout485/I (gf180mcu_fd_sc_mcu7t5v0__buf_1)
     5    0.042850    1.256887    1.077218   27.893124 ^ fanout485/Z (gf180mcu_fd_sc_mcu7t5v0__buf_1)
                                                         net485 (net)
                      1.256887    0.000604   27.893726 ^ fanout484/I (gf180mcu_fd_sc_mcu7t5v0__buf_2)
    10    0.074215    1.074001    0.957972   28.851698 ^ fanout484/Z (gf180mcu_fd_sc_mcu7t5v0__buf_2)
                                                         net484 (net)
                      1.074001    0.000917   28.852615 ^ _21153_/A1 (gf180mcu_fd_sc_mcu7t5v0__oai21_1)
     1    0.004416    0.502369    0.274891   29.127506 v _21153_/ZN (gf180mcu_fd_sc_mcu7t5v0__oai21_1)
                                                         _01861_ (net)
                      0.502369    0.000087   29.127594 v _26219_/D (gf180mcu_fd_sc_mcu7t5v0__dffq_1)
                                             29.127594   data arrival time

                                 20.000000   20.000000   clock clk (rise edge)
                                  0.000000   20.000000   clock source latency
     1    0.134767    0.965870    0.540531   20.540531 ^ clk (in)
                                                         clk (net)
                      0.967482    0.000000   20.540531 ^ clkbuf_0_clk/I (gf180mcu_fd_sc_mcu7t5v0__clkbuf_16)
     4    0.285198    0.573194    0.845464   21.385996 ^ clkbuf_0_clk/Z (gf180mcu_fd_sc_mcu7t5v0__clkbuf_16)
                                                         clknet_0_clk (net)
                      0.573468    0.009937   21.395933 ^ clkbuf_2_3_0_clk/I (gf180mcu_fd_sc_mcu7t5v0__clkbuf_8)
    16    0.383070    1.364401    1.224176   22.620110 ^ clkbuf_2_3_0_clk/Z (gf180mcu_fd_sc_mcu7t5v0__clkbuf_8)
                                                         clknet_2_3_0_clk (net)
                      1.364944    0.015197   22.635305 ^ clkbuf_6_60_0_clk/I (gf180mcu_fd_sc_mcu7t5v0__clkbuf_8)
     9    0.189295    0.726180    0.977654   23.612959 ^ clkbuf_6_60_0_clk/Z (gf180mcu_fd_sc_mcu7t5v0__clkbuf_8)
                                                         clknet_6_60_0_clk (net)
                      0.726182    0.001465   23.614426 ^ clkbuf_leaf_288_clk/I (gf180mcu_fd_sc_mcu7t5v0__clkbuf_8)
     9    0.047068    0.273692    0.593198   24.207623 ^ clkbuf_leaf_288_clk/Z (gf180mcu_fd_sc_mcu7t5v0__clkbuf_8)
                                                         clknet_leaf_288_clk (net)
                      0.273692    0.000536   24.208160 ^ _26219_/CLK (gf180mcu_fd_sc_mcu7t5v0__dffq_1)
                                 -0.250000   23.958160   clock uncertainty
                                  0.000000   23.958160   clock reconvergence pessimism
                                 -0.539756   23.418404   library setup time
                                             23.418404   data required time
---------------------------------------------------------------------------------------------
                                             23.418404   data required time
                                            -29.127594   data arrival time
---------------------------------------------------------------------------------------------
                                             -5.709190   slack (VIOLATED)




===========================================================================
 report_check_types -max_slew -max_cap -max_fanout -violators
============================================================================
======================= min_ss_125C_4v50 Corner ===================================

max slew

Pin                                        Limit        Slew       Slack
------------------------------------------------------------------------
_17803_/A2                              3.000000    6.448514   -3.448514 (VIOLATED)
_17802_/Z                               3.000000    6.448442   -3.448442 (VIOLATED)
_18435_/A1                              3.000000    5.642626   -2.642626 (VIOLATED)
_17638_/Z                               3.000000    5.642510   -2.642510 (VIOLATED)
_17646_/A1                              3.000000    5.642510   -2.642510 (VIOLATED)
_18359_/A1                              3.000000    5.642510   -2.642510 (VIOLATED)
fanout1152/I                            3.000000    4.730335   -1.730335 (VIOLATED)
_15857_/ZN                              3.000000    4.730308   -1.730307 (VIOLATED)
_18056_/A1                              3.000000    4.367161   -1.367161 (VIOLATED)
_13649_/A2                              3.000000    4.367159   -1.367159 (VIOLATED)
_18475_/A2                              3.000000    4.367160   -1.367160 (VIOLATED)
_19610_/A1                              3.000000    4.367161   -1.367162 (VIOLATED)
_13650_/A3                              3.000000    4.367156   -1.367156 (VIOLATED)
_14807_/A1                              3.000000    4.367157   -1.367157 (VIOLATED)
_13648_/ZN                              3.000000    4.367145   -1.367145 (VIOLATED)
_13552_/A2                              3.000000    4.335439   -1.335439 (VIOLATED)
_18083_/A1                              3.000000    4.335440   -1.335440 (VIOLATED)
_14788_/A1                              3.000000    4.335437   -1.335438 (VIOLATED)
_18497_/A2                              3.000000    4.335438   -1.335438 (VIOLATED)
_19634_/A1                              3.000000    4.335439   -1.335439 (VIOLATED)
_13553_/A3                              3.000000    4.335436   -1.335436 (VIOLATED)
_13551_/ZN                              3.000000    4.335410   -1.335410 (VIOLATED)
_13960_/Z                               3.000000    4.276225   -1.276225 (VIOLATED)
_13961_/A3                              3.000000    4.276225   -1.276225 (VIOLATED)
_14153_/A3                              3.000000    4.276225   -1.276225 (VIOLATED)
_19644_/A2                              3.000000    4.231596   -1.231596 (VIOLATED)
_19643_/ZN                              3.000000    4.231581   -1.231581 (VIOLATED)
fanout1088/I                            3.000000    4.180165   -1.180165 (VIOLATED)
_15873_/ZN                              3.000000    4.180144   -1.180144 (VIOLATED)
_17972_/A1                              3.000000    4.051483   -1.051483 (VIOLATED)
_18409_/A2                              3.000000    4.051482   -1.051482 (VIOLATED)
_18755_/A1                              3.000000    4.051483   -1.051483 (VIOLATED)
_19532_/A1                              3.000000    4.051483   -1.051483 (VIOLATED)
_13955_/A2                              3.000000    4.051481   -1.051481 (VIOLATED)
_13956_/A3                              3.000000    4.051481   -1.051481 (VIOLATED)
_14838_/A1                              3.000000    4.051478   -1.051478 (VIOLATED)
_13954_/ZN                              3.000000    4.051467   -1.051467 (VIOLATED)
_18001_/A1                              3.000000    3.979669   -0.979669 (VIOLATED)
_13866_/A2                              3.000000    3.979668   -0.979668 (VIOLATED)
_18431_/A2                              3.000000    3.979668   -0.979668 (VIOLATED)
_19562_/A1                              3.000000    3.979669   -0.979669 (VIOLATED)
_14828_/A1                              3.000000    3.979666   -0.979667 (VIOLATED)
_13867_/A3                              3.000000    3.979665   -0.979665 (VIOLATED)
_13865_/ZN                              3.000000    3.979655   -0.979656 (VIOLATED)
_14278_/A2                              3.000000    3.956890   -0.956890 (VIOLATED)
_17872_/A1                              3.000000    3.956891   -0.956891 (VIOLATED)
_18328_/A2                              3.000000    3.956890   -0.956890 (VIOLATED)
_19423_/A1                              3.000000    3.956891   -0.956891 (VIOLATED)
_14875_/A1                              3.000000    3.956888   -0.956888 (VIOLATED)
_14279_/A3                              3.000000    3.956887   -0.956887 (VIOLATED)
_14277_/ZN                              3.000000    3.956878   -0.956878 (VIOLATED)
_13601_/A2                              3.000000    3.814542   -0.814542 (VIOLATED)
_13602_/A3                              3.000000    3.814542   -0.814542 (VIOLATED)
_18070_/A1                              3.000000    3.814542   -0.814542 (VIOLATED)
_18486_/A2                              3.000000    3.814542   -0.814542 (VIOLATED)
_18828_/A1                              3.000000    3.814541   -0.814541 (VIOLATED)
_19622_/A1                              3.000000    3.814541   -0.814541 (VIOLATED)
_14802_/A1                              3.000000    3.814539   -0.814539 (VIOLATED)
_13600_/ZN                              3.000000    3.814531   -0.814531 (VIOLATED)
_17987_/A1                              3.000000    3.765819   -0.765819 (VIOLATED)
_18420_/A2                              3.000000    3.765819   -0.765819 (VIOLATED)
_19547_/A1                              3.000000    3.765820   -0.765820 (VIOLATED)
_13908_/A2                              3.000000    3.765818   -0.765819 (VIOLATED)
_14833_/A1                              3.000000    3.765818   -0.765818 (VIOLATED)
_13909_/A3                              3.000000    3.765816   -0.765816 (VIOLATED)
_13907_/ZN                              3.000000    3.765809   -0.765809 (VIOLATED)
fanout1274/I                            3.000000    3.722125   -0.722125 (VIOLATED)
_15806_/ZN                              3.000000    3.722107   -0.722107 (VIOLATED)
_18014_/A1                              3.000000    3.707845   -0.707846 (VIOLATED)
_18442_/A2                              3.000000    3.707846   -0.707846 (VIOLATED)
_19574_/A1                              3.000000    3.707844   -0.707844 (VIOLATED)
_13815_/A2                              3.000000    3.707840   -0.707840 (VIOLATED)
_14824_/A1                              3.000000    3.707839   -0.707839 (VIOLATED)
_13814_/ZN                              3.000000    3.707831   -0.707831 (VIOLATED)
_13499_/A2                              3.000000    3.688796   -0.688796 (VIOLATED)
_18097_/A1                              3.000000    3.688796   -0.688796 (VIOLATED)
_19646_/A1                              3.000000    3.688797   -0.688797 (VIOLATED)
_18508_/A2                              3.000000    3.688795   -0.688796 (VIOLATED)
_14775_/A1                              3.000000    3.688794   -0.688794 (VIOLATED)
_13500_/A3                              3.000000    3.688793   -0.688793 (VIOLATED)
_13498_/ZN                              3.000000    3.688786   -0.688786 (VIOLATED)
_13980_/A2                              3.000000    3.655208   -0.655208 (VIOLATED)
_14372_/A2                              3.000000    3.655208   -0.655208 (VIOLATED)
_13971_/Z                               3.000000    3.655194   -0.655194 (VIOLATED)
_14907_/A2                              3.000000    3.655194   -0.655194 (VIOLATED)
_14898_/ZN                              3.000000    3.577702   -0.577702 (VIOLATED)
_14899_/B2                              3.000000    3.577702   -0.577702 (VIOLATED)
_17943_/A1                              3.000000    3.548655   -0.548655 (VIOLATED)
_18387_/A2                              3.000000    3.548655   -0.548655 (VIOLATED)
_19501_/A1                              3.000000    3.548655   -0.548655 (VIOLATED)
_14048_/A2                              3.000000    3.548654   -0.548654 (VIOLATED)
_14049_/A3                              3.000000    3.548652   -0.548652 (VIOLATED)
_14851_/A1                              3.000000    3.548648   -0.548648 (VIOLATED)
_14047_/ZN                              3.000000    3.548641   -0.548641 (VIOLATED)
_18223_/Z                               3.000000    3.483073   -0.483073 (VIOLATED)
_18224_/A2                              3.000000    3.483073   -0.483073 (VIOLATED)
_14762_/A1                              3.000000    3.438416   -0.438416 (VIOLATED)
_18111_/A1                              3.000000    3.438416   -0.438416 (VIOLATED)
_13449_/A3                              3.000000    3.438416   -0.438416 (VIOLATED)
_19658_/A1                              3.000000    3.438416   -0.438416 (VIOLATED)
_13448_/A2                              3.000000    3.438415   -0.438415 (VIOLATED)
_13447_/ZN                              3.000000    3.438410   -0.438410 (VIOLATED)
_14992_/B1                              3.000000    3.394402   -0.394402 (VIOLATED)
_15132_/B1                              3.000000    3.394396   -0.394397 (VIOLATED)
_15089_/B1                              3.000000    3.394393   -0.394393 (VIOLATED)
_15044_/A3                              3.000000    3.394362   -0.394363 (VIOLATED)
_15218_/B1                              3.000000    3.394341   -0.394341 (VIOLATED)
_15121_/A2                              3.000000    3.394314   -0.394314 (VIOLATED)
_15026_/A3                              3.000000    3.394313   -0.394313 (VIOLATED)
_15105_/B1                              3.000000    3.394298   -0.394298 (VIOLATED)
_15157_/B1                              3.000000    3.394271   -0.394272 (VIOLATED)
_15191_/A2                              3.000000    3.394254   -0.394254 (VIOLATED)
_14974_/ZN                              3.000000    3.394229   -0.394229 (VIOLATED)
_13471_/ZN                              3.000000    3.380855   -0.380855 (VIOLATED)
_13480_/A1                              3.000000    3.380855   -0.380855 (VIOLATED)
_14372_/A1                              3.000000    3.380855   -0.380855 (VIOLATED)
_14679_/A1                              3.000000    3.380855   -0.380855 (VIOLATED)
_14932_/ZN                              3.000000    3.380814   -0.380814 (VIOLATED)
_14933_/A2                              3.000000    3.380814   -0.380814 (VIOLATED)
_14934_/A2                              3.000000    3.380814   -0.380814 (VIOLATED)
_12940_/ZN                              3.000000    3.363237   -0.363237 (VIOLATED)
_12941_/I                               3.000000    3.363237   -0.363237 (VIOLATED)
_13722_/ZN                              3.000000    3.273359   -0.273359 (VIOLATED)
_13732_/A1                              3.000000    3.273359   -0.273359 (VIOLATED)
_14546_/A1                              3.000000    3.273359   -0.273359 (VIOLATED)
_14785_/A1                              3.000000    3.273359   -0.273359 (VIOLATED)
_13700_/ZN                              3.000000    3.257589   -0.257589 (VIOLATED)
_18464_/A1                              3.000000    3.257589   -0.257589 (VIOLATED)
_19132_/A1                              3.000000    3.257589   -0.257589 (VIOLATED)
_14903_/ZN                              3.000000    3.218482   -0.218482 (VIOLATED)
_14904_/B2                              3.000000    3.218482   -0.218482 (VIOLATED)
_12838_/ZN                              3.000000    3.217961   -0.217961 (VIOLATED)
wire1596/I                              3.000000    3.217961   -0.217961 (VIOLATED)
_15512_/ZN                              3.000000    3.214222   -0.214222 (VIOLATED)
_15516_/A1                              3.000000    3.214222   -0.214222 (VIOLATED)
_14092_/A3                              3.000000    3.201404   -0.201404 (VIOLATED)
_14855_/A1                              3.000000    3.201404   -0.201404 (VIOLATED)
_14091_/A2                              3.000000    3.201404   -0.201404 (VIOLATED)
_17929_/A1                              3.000000    3.201403   -0.201403 (VIOLATED)
_19486_/A1                              3.000000    3.201403   -0.201403 (VIOLATED)
_18376_/A2                              3.000000    3.201402   -0.201402 (VIOLATED)
_14090_/ZN                              3.000000    3.201396   -0.201396 (VIOLATED)
_18105_/A2                              3.000000    3.174913   -0.174913 (VIOLATED)
_18104_/Z                               3.000000    3.174911   -0.174911 (VIOLATED)
_19844_/B1                              3.000000    3.162330   -0.162330 (VIOLATED)
_19843_/Z                               3.000000    3.162329   -0.162329 (VIOLATED)
_19259_/Z                               3.000000    3.161977   -0.161977 (VIOLATED)
_19268_/A1                              3.000000    3.161977   -0.161977 (VIOLATED)
_19313_/A1                              3.000000    3.161977   -0.161977 (VIOLATED)
_19631_/A1                              3.000000    3.161977   -0.161977 (VIOLATED)
fanout1753/I                            3.000000    3.160647   -0.160647 (VIOLATED)
fanout1730/I                            3.000000    3.160624   -0.160624 (VIOLATED)
_25208_/Q                               3.000000    3.160609   -0.160609 (VIOLATED)
fanout1737/I                            3.000000    3.160609   -0.160609 (VIOLATED)
_17765_/Z                               3.000000    3.146434   -0.146434 (VIOLATED)
_17769_/A2                              3.000000    3.146434   -0.146434 (VIOLATED)
_17878_/A2                              3.000000    3.146434   -0.146434 (VIOLATED)
_18021_/A1                              3.000000    3.146434   -0.146434 (VIOLATED)
_14170_/ZN                              3.000000    3.144142   -0.144142 (VIOLATED)
_14171_/A3                              3.000000    3.144142   -0.144142 (VIOLATED)
_14785_/A2                              3.000000    3.144142   -0.144142 (VIOLATED)
_14840_/A2                              3.000000    3.144142   -0.144142 (VIOLATED)
_19393_/A1                              3.000000    3.140306   -0.140306 (VIOLATED)
_17842_/A1                              3.000000    3.140306   -0.140306 (VIOLATED)
_18299_/A2                              3.000000    3.140306   -0.140306 (VIOLATED)
_14358_/A2                              3.000000    3.140305   -0.140305 (VIOLATED)
_14359_/A3                              3.000000    3.140304   -0.140304 (VIOLATED)
_14885_/A1                              3.000000    3.140302   -0.140302 (VIOLATED)
_14357_/ZN                              3.000000    3.140293   -0.140293 (VIOLATED)
_13396_/A1                              3.000000    3.133158   -0.133158 (VIOLATED)
_13804_/B                               3.000000    3.133149   -0.133149 (VIOLATED)
_13359_/A1                              3.000000    3.133123   -0.133123 (VIOLATED)
fanout1292/I                            3.000000    3.132947   -0.132947 (VIOLATED)
_13339_/ZN                              3.000000    3.132941   -0.132941 (VIOLATED)
_13430_/ZN                              3.000000    3.124147   -0.124147 (VIOLATED)
_13431_/C                               3.000000    3.124147   -0.124147 (VIOLATED)
_14925_/A1                              3.000000    3.110618   -0.110618 (VIOLATED)
_14631_/A3                              3.000000    3.110618   -0.110618 (VIOLATED)
_17696_/A1                              3.000000    3.110617   -0.110618 (VIOLATED)
_18189_/A2                              3.000000    3.110617   -0.110618 (VIOLATED)
_14630_/A2                              3.000000    3.110617   -0.110617 (VIOLATED)
_19271_/A1                              3.000000    3.110616   -0.110616 (VIOLATED)
_14629_/ZN                              3.000000    3.110614   -0.110614 (VIOLATED)
_18007_/A2                              3.000000    3.110360   -0.110360 (VIOLATED)
_17906_/Z                               3.000000    3.110358   -0.110359 (VIOLATED)
_17907_/A3                              3.000000    3.110358   -0.110359 (VIOLATED)
_18153_/A1                              3.000000    3.110358   -0.110359 (VIOLATED)
_13530_/ZN                              3.000000    3.100944   -0.100944 (VIOLATED)
_13531_/B1                              3.000000    3.100944   -0.100944 (VIOLATED)
_19024_/A2                              3.000000    3.089653   -0.089653 (VIOLATED)
_19033_/A2                              3.000000    3.089647   -0.089647 (VIOLATED)
_19160_/A2                              3.000000    3.089638   -0.089639 (VIOLATED)
_19168_/A2                              3.000000    3.089636   -0.089636 (VIOLATED)
_19152_/A2                              3.000000    3.089616   -0.089616 (VIOLATED)
_18974_/A2                              3.000000    3.089604   -0.089604 (VIOLATED)
_18896_/A2                              3.000000    3.089577   -0.089577 (VIOLATED)
_18965_/B1                              3.000000    3.089576   -0.089576 (VIOLATED)
_18955_/A2                              3.000000    3.089549   -0.089549 (VIOLATED)
_18946_/A2                              3.000000    3.089544   -0.089544 (VIOLATED)
_18883_/ZN                              3.000000    3.089506   -0.089506 (VIOLATED)
_17709_/Z                               3.000000    3.089239   -0.089239 (VIOLATED)
_17710_/A2                              3.000000    3.089239   -0.089239 (VIOLATED)
_26159_/D                               3.000000    3.053932   -0.053932 (VIOLATED)
_21030_/ZN                              3.000000    3.053910   -0.053910 (VIOLATED)
_18425_/A2                              3.000000    3.007691   -0.007691 (VIOLATED)
_18424_/Z                               3.000000    3.007690   -0.007690 (VIOLATED)

max fanout

Pin                                   Limit Fanout  Slack
---------------------------------------------------------
clkbuf_2_0_0_clk/Z                       10     16     -6 (VIOLATED)
clkbuf_2_1_0_clk/Z                       10     16     -6 (VIOLATED)
clkbuf_2_2_0_clk/Z                       10     16     -6 (VIOLATED)
clkbuf_2_3_0_clk/Z                       10     16     -6 (VIOLATED)
clkbuf_6_36_0_clk/Z                      10     13     -3 (VIOLATED)
clkbuf_6_55_0_clk/Z                      10     13     -3 (VIOLATED)
clkbuf_6_32_0_clk/Z                      10     12     -2 (VIOLATED)
clkbuf_6_33_0_clk/Z                      10     12     -2 (VIOLATED)
clkbuf_6_39_0_clk/Z                      10     12     -2 (VIOLATED)
clkbuf_6_41_0_clk/Z                      10     12     -2 (VIOLATED)
clkbuf_6_48_0_clk/Z                      10     12     -2 (VIOLATED)
clkbuf_6_56_0_clk/Z                      10     12     -2 (VIOLATED)
clkbuf_6_57_0_clk/Z                      10     12     -2 (VIOLATED)
clkbuf_6_58_0_clk/Z                      10     12     -2 (VIOLATED)
clkbuf_leaf_301_clk/Z                    10     12     -2 (VIOLATED)
clkbuf_6_34_0_clk/Z                      10     11        (VIOLATED)
clkbuf_6_35_0_clk/Z                      10     11        (VIOLATED)
clkbuf_6_37_0_clk/Z                      10     11        (VIOLATED)
clkbuf_6_38_0_clk/Z                      10     11        (VIOLATED)
clkbuf_6_46_0_clk/Z                      10     11        (VIOLATED)
clkbuf_6_50_0_clk/Z                      10     11        (VIOLATED)
clkbuf_6_54_0_clk/Z                      10     11        (VIOLATED)
clkbuf_6_59_0_clk/Z                      10     11        (VIOLATED)
clkbuf_6_61_0_clk/Z                      10     11        (VIOLATED)
clkbuf_leaf_161_clk/Z                    10     11        (VIOLATED)
clkbuf_leaf_218_clk/Z                    10     11        (VIOLATED)
clkbuf_leaf_290_clk/Z                    10     11        (VIOLATED)

max capacitance

Pin                                        Limit         Cap       Slack
------------------------------------------------------------------------
clkbuf_2_1_0_clk/Z                      0.200000    0.402301   -0.202301 (VIOLATED)
clkbuf_2_0_0_clk/Z                      0.200000    0.392706   -0.192706 (VIOLATED)
clkbuf_2_2_0_clk/Z                      0.200000    0.385098   -0.185098 (VIOLATED)
clkbuf_2_3_0_clk/Z                      0.200000    0.383070   -0.183070 (VIOLATED)
fanout1183/Z                            0.200000    0.314094   -0.114094 (VIOLATED)
fanout1070/Z                            0.200000    0.304448   -0.104448 (VIOLATED)
fanout1321/Z                            0.200000    0.302512   -0.102512 (VIOLATED)
fanout1332/Z                            0.200000    0.294749   -0.094749 (VIOLATED)
fanout1431/Z                            0.200000    0.294198   -0.094198 (VIOLATED)
fanout1080/Z                            0.200000    0.292843   -0.092843 (VIOLATED)
fanout1113/Z                            0.200000    0.292378   -0.092378 (VIOLATED)
fanout1117/Z                            0.200000    0.291713   -0.091713 (VIOLATED)
fanout1316/Z                            0.200000    0.291486   -0.091486 (VIOLATED)
fanout1328/Z                            0.200000    0.291133   -0.091133 (VIOLATED)
fanout1261/Z                            0.200000    0.290741   -0.090741 (VIOLATED)
fanout1238/Z                            0.200000    0.289613   -0.089613 (VIOLATED)
fanout1266/Z                            0.200000    0.287644   -0.087644 (VIOLATED)
fanout1065/Z                            0.200000    0.287385   -0.087385 (VIOLATED)
fanout1155/Z                            0.200000    0.285879   -0.085879 (VIOLATED)
clkbuf_0_clk/Z                          0.200000    0.285198   -0.085198 (VIOLATED)
fanout879/Z                             0.200000    0.284889   -0.084889 (VIOLATED)
fanout1085/Z                            0.200000    0.283958   -0.083958 (VIOLATED)
fanout1110/Z                            0.200000    0.282728   -0.082728 (VIOLATED)
fanout1255/Z                            0.200000    0.282458   -0.082458 (VIOLATED)
fanout1075/Z                            0.200000    0.281695   -0.081695 (VIOLATED)
fanout1195/Z                            0.200000    0.281674   -0.081674 (VIOLATED)
fanout1243/Z                            0.200000    0.281304   -0.081304 (VIOLATED)
max_cap1092/Z                           0.200000    0.280622   -0.080622 (VIOLATED)
max_cap1318/Z                           0.200000    0.278105   -0.078105 (VIOLATED)
fanout748/Z                             0.200000    0.277580   -0.077580 (VIOLATED)
fanout1149/Z                            0.200000    0.277541   -0.077541 (VIOLATED)
fanout1245/Z                            0.200000    0.276021   -0.076021 (VIOLATED)
fanout1121/Z                            0.200000    0.275599   -0.075599 (VIOLATED)
fanout1323/Z                            0.200000    0.275027   -0.075027 (VIOLATED)
fanout1296/Z                            0.200000    0.273989   -0.073989 (VIOLATED)
fanout884/Z                             0.200000    0.273439   -0.073439 (VIOLATED)
fanout806/Z                             0.200000    0.273033   -0.073033 (VIOLATED)
fanout1106/Z                            0.200000    0.272165   -0.072165 (VIOLATED)
max_cap1130/Z                           0.200000    0.270847   -0.070847 (VIOLATED)
fanout1211/Z                            0.200000    0.268308   -0.068308 (VIOLATED)
fanout1277/Z                            0.200000    0.268083   -0.068083 (VIOLATED)
fanout1164/Z                            0.200000    0.266457   -0.066457 (VIOLATED)
fanout1197/Z                            0.200000    0.266313   -0.066312 (VIOLATED)
fanout1112/Z                            0.200000    0.266159   -0.066159 (VIOLATED)
fanout1125/Z                            0.200000    0.266157   -0.066157 (VIOLATED)
fanout1087/Z                            0.200000    0.265859   -0.065859 (VIOLATED)
fanout1108/Z                            0.200000    0.265352   -0.065352 (VIOLATED)
fanout1185/Z                            0.200000    0.265321   -0.065321 (VIOLATED)
fanout1269/Z                            0.200000    0.265313   -0.065313 (VIOLATED)
fanout1229/Z                            0.200000    0.264673   -0.064673 (VIOLATED)
max_cap1119/Z                           0.200000    0.264617   -0.064617 (VIOLATED)
fanout551/Z                             0.200000    0.262186   -0.062186 (VIOLATED)
fanout1263/Z                            0.200000    0.262064   -0.062064 (VIOLATED)
fanout1097/Z                            0.200000    0.261945   -0.061945 (VIOLATED)
fanout1098/Z                            0.200000    0.261037   -0.061037 (VIOLATED)
fanout1191/Z                            0.200000    0.260970   -0.060970 (VIOLATED)
fanout1134/Z                            0.200000    0.260818   -0.060818 (VIOLATED)
fanout1151/Z                            0.200000    0.260662   -0.060662 (VIOLATED)
fanout1223/Z                            0.200000    0.260416   -0.060416 (VIOLATED)
fanout1586/Z                            0.200000    0.260393   -0.060393 (VIOLATED)
fanout1273/Z                            0.200000    0.260073   -0.060073 (VIOLATED)
fanout1189/Z                            0.200000    0.259285   -0.059285 (VIOLATED)
fanout1084/Z                            0.200000    0.258139   -0.058139 (VIOLATED)
fanout231/Z                             0.200000    0.257620   -0.057620 (VIOLATED)
fanout1344/Z                            0.200000    0.257415   -0.057415 (VIOLATED)
fanout1256/Z                            0.200000    0.257269   -0.057269 (VIOLATED)
fanout1462/Z                            0.200000    0.256986   -0.056986 (VIOLATED)
fanout1336/Z                            0.200000    0.256536   -0.056536 (VIOLATED)
fanout989/Z                             0.200000    0.255800   -0.055800 (VIOLATED)
fanout1275/Z                            0.200000    0.255644   -0.055644 (VIOLATED)
fanout1297/Z                            0.200000    0.254999   -0.054999 (VIOLATED)
fanout1265/Z                            0.200000    0.254811   -0.054811 (VIOLATED)
wire1209/Z                              0.200000    0.254360   -0.054360 (VIOLATED)
fanout1270/Z                            0.200000    0.252590   -0.052590 (VIOLATED)
fanout1320/Z                            0.200000    0.252566   -0.052566 (VIOLATED)
fanout972/Z                             0.200000    0.251374   -0.051374 (VIOLATED)
fanout1190/Z                            0.200000    0.251175   -0.051175 (VIOLATED)
fanout1148/Z                            0.200000    0.250201   -0.050201 (VIOLATED)
fanout1172/Z                            0.200000    0.250102   -0.050102 (VIOLATED)
fanout697/Z                             0.200000    0.248827   -0.048827 (VIOLATED)
fanout1203/Z                            0.200000    0.248218   -0.048218 (VIOLATED)
fanout1330/Z                            0.200000    0.247915   -0.047915 (VIOLATED)
fanout1253/Z                            0.200000    0.247894   -0.047894 (VIOLATED)
fanout1157/Z                            0.200000    0.246897   -0.046897 (VIOLATED)
fanout1247/Z                            0.200000    0.246678   -0.046678 (VIOLATED)
fanout1071/Z                            0.200000    0.246214   -0.046214 (VIOLATED)
fanout1141/Z                            0.200000    0.246189   -0.046189 (VIOLATED)
fanout1170/Z                            0.200000    0.245708   -0.045708 (VIOLATED)
fanout1459/Z                            0.200000    0.245254   -0.045254 (VIOLATED)
_14974_/ZN                              0.200000    0.245240   -0.045240 (VIOLATED)
fanout1227/Z                            0.200000    0.245119   -0.045119 (VIOLATED)
fanout1161/Z                            0.200000    0.244989   -0.044989 (VIOLATED)
fanout1578/Z                            0.200000    0.244774   -0.044774 (VIOLATED)
fanout1225/Z                            0.200000    0.244752   -0.044752 (VIOLATED)
fanout823/Z                             0.200000    0.244507   -0.044507 (VIOLATED)
fanout1102/Z                            0.200000    0.244419   -0.044419 (VIOLATED)
fanout76/Z                              0.200000    0.244041   -0.044041 (VIOLATED)
fanout1168/Z                            0.200000    0.243754   -0.043754 (VIOLATED)
fanout1342/Z                            0.200000    0.243275   -0.043275 (VIOLATED)
fanout1258/Z                            0.200000    0.243066   -0.043066 (VIOLATED)
fanout1127/Z                            0.200000    0.242979   -0.042979 (VIOLATED)
fanout1207/Z                            0.200000    0.242827   -0.042827 (VIOLATED)
fanout1300/Z                            0.200000    0.240869   -0.040869 (VIOLATED)
fanout1182/Z                            0.200000    0.240418   -0.040418 (VIOLATED)
fanout1274/Z                            0.200000    0.240232   -0.040232 (VIOLATED)
fanout730/Z                             0.200000    0.239694   -0.039694 (VIOLATED)
fanout1334/Z                            0.200000    0.238932   -0.038932 (VIOLATED)
fanout1239/Z                            0.200000    0.238521   -0.038521 (VIOLATED)
fanout1104/Z                            0.200000    0.238127   -0.038127 (VIOLATED)
fanout575/Z                             0.200000    0.237763   -0.037763 (VIOLATED)
fanout739/Z                             0.200000    0.237692   -0.037692 (VIOLATED)
fanout1147/Z                            0.200000    0.237447   -0.037447 (VIOLATED)
fanout1180/Z                            0.200000    0.236525   -0.036525 (VIOLATED)
fanout1201/Z                            0.200000    0.235615   -0.035615 (VIOLATED)
fanout1136/Z                            0.200000    0.235245   -0.035245 (VIOLATED)
max_cap1307/Z                           0.200000    0.234524   -0.034524 (VIOLATED)
fanout1228/Z                            0.200000    0.234216   -0.034216 (VIOLATED)
fanout1340/Z                            0.200000    0.233754   -0.033754 (VIOLATED)
fanout1304/Z                            0.200000    0.233363   -0.033363 (VIOLATED)
fanout1094/Z                            0.200000    0.233321   -0.033321 (VIOLATED)
fanout1234/Z                            0.200000    0.233214   -0.033214 (VIOLATED)
fanout1326/Z                            0.200000    0.233105   -0.033105 (VIOLATED)
fanout1430/Z                            0.200000    0.232637   -0.032637 (VIOLATED)
fanout1138/Z                            0.200000    0.232437   -0.032437 (VIOLATED)
fanout1460/Z                            0.200000    0.232410   -0.032410 (VIOLATED)
fanout1346/Z                            0.200000    0.231185   -0.031185 (VIOLATED)
fanout1123/Z                            0.200000    0.230704   -0.030704 (VIOLATED)
fanout1322/Z                            0.200000    0.229950   -0.029950 (VIOLATED)
fanout1478/Z                            0.200000    0.229856   -0.029856 (VIOLATED)
fanout1140/Z                            0.200000    0.228920   -0.028920 (VIOLATED)
fanout705/Z                             0.200000    0.228318   -0.028318 (VIOLATED)
fanout1193/Z                            0.200000    0.228217   -0.028217 (VIOLATED)
fanout1221/Z                            0.200000    0.228000   -0.028000 (VIOLATED)
fanout1418/Z                            0.200000    0.227714   -0.027714 (VIOLATED)
fanout1063/Z                            0.200000    0.227487   -0.027487 (VIOLATED)
fanout1074/Z                            0.200000    0.226832   -0.026832 (VIOLATED)
fanout1124/Z                            0.200000    0.226702   -0.026702 (VIOLATED)
fanout1096/Z                            0.200000    0.226392   -0.026392 (VIOLATED)
fanout1315/Z                            0.200000    0.226390   -0.026390 (VIOLATED)
fanout1249/Z                            0.200000    0.225967   -0.025967 (VIOLATED)
fanout1205/Z                            0.200000    0.225668   -0.025668 (VIOLATED)
fanout1313/Z                            0.200000    0.225519   -0.025519 (VIOLATED)
fanout1144/Z                            0.200000    0.225485   -0.025485 (VIOLATED)
fanout1283/Z                            0.200000    0.225462   -0.025462 (VIOLATED)
fanout855/Z                             0.200000    0.225443   -0.025443 (VIOLATED)
fanout1252/Z                            0.200000    0.224668   -0.024668 (VIOLATED)
fanout1216/Z                            0.200000    0.224457   -0.024457 (VIOLATED)
fanout1089/Z                            0.200000    0.224270   -0.024270 (VIOLATED)
fanout1100/Z                            0.200000    0.223901   -0.023901 (VIOLATED)
fanout1115/Z                            0.200000    0.223858   -0.023858 (VIOLATED)
fanout1114/Z                            0.200000    0.223261   -0.023261 (VIOLATED)
fanout1187/Z                            0.200000    0.223238   -0.023238 (VIOLATED)
fanout1116/Z                            0.200000    0.222212   -0.022212 (VIOLATED)
_18883_/ZN                              0.200000    0.221898   -0.021898 (VIOLATED)
fanout1254/Z                            0.200000    0.220930   -0.020930 (VIOLATED)
fanout1338/Z                            0.200000    0.220572   -0.020572 (VIOLATED)
fanout1699/Z                            0.200000    0.220538   -0.020538 (VIOLATED)
fanout1213/Z                            0.200000    0.220370   -0.020370 (VIOLATED)
fanout1714/Z                            0.200000    0.220182   -0.020182 (VIOLATED)
fanout1241/Z                            0.200000    0.219991   -0.019991 (VIOLATED)
fanout1145/Z                            0.200000    0.219915   -0.019915 (VIOLATED)
_13222_/ZN                              0.200000    0.219787   -0.019787 (VIOLATED)
fanout1126/Z                            0.200000    0.219747   -0.019747 (VIOLATED)
_18543_/Z                               0.200000    0.219630   -0.019630 (VIOLATED)
fanout1088/Z                            0.200000    0.219520   -0.019520 (VIOLATED)
fanout1220/Z                            0.200000    0.219368   -0.019368 (VIOLATED)
fanout1484/Z                            0.200000    0.219041   -0.019041 (VIOLATED)
fanout1309/Z                            0.200000    0.219023   -0.019023 (VIOLATED)
fanout938/Z                             0.200000    0.218925   -0.018925 (VIOLATED)
fanout1302/Z                            0.200000    0.218332   -0.018332 (VIOLATED)
fanout1152/Z                            0.200000    0.217163   -0.017163 (VIOLATED)
fanout1350/Z                            0.200000    0.216865   -0.016865 (VIOLATED)
fanout851/Z                             0.200000    0.216569   -0.016569 (VIOLATED)
fanout883/Z                             0.200000    0.216395   -0.016395 (VIOLATED)
fanout1295/Z                            0.200000    0.216264   -0.016264 (VIOLATED)
fanout1417/Z                            0.200000    0.215931   -0.015931 (VIOLATED)
fanout1324/Z                            0.200000    0.215645   -0.015645 (VIOLATED)
_15875_/ZN                              0.200000    0.215592   -0.015592 (VIOLATED)
fanout1162/Z                            0.200000    0.215515   -0.015515 (VIOLATED)
fanout1132/Z                            0.200000    0.215280   -0.015280 (VIOLATED)
fanout1272/Z                            0.200000    0.215048   -0.015048 (VIOLATED)
fanout271/Z                             0.200000    0.214783   -0.014783 (VIOLATED)
fanout1153/Z                            0.200000    0.214535   -0.014535 (VIOLATED)
fanout1212/Z                            0.200000    0.214117   -0.014117 (VIOLATED)
fanout1352/Z                            0.200000    0.213776   -0.013776 (VIOLATED)
fanout280/Z                             0.200000    0.212697   -0.012697 (VIOLATED)
fanout641/Z                             0.200000    0.212537   -0.012537 (VIOLATED)
fanout1693/Z                            0.200000    0.212228   -0.012228 (VIOLATED)
fanout863/Z                             0.200000    0.212167   -0.012167 (VIOLATED)
fanout1486/Z                            0.200000    0.211492   -0.011492 (VIOLATED)
fanout1069/Z                            0.200000    0.211134   -0.011134 (VIOLATED)
fanout744/Z                             0.200000    0.210660   -0.010660 (VIOLATED)
fanout1319/Z                            0.200000    0.210346   -0.010346 (VIOLATED)
fanout1271/Z                            0.200000    0.210332   -0.010332 (VIOLATED)
fanout1073/Z                            0.200000    0.209955   -0.009955 (VIOLATED)
_13339_/ZN                              0.200000    0.209522   -0.009522 (VIOLATED)
fanout1720/Z                            0.200000    0.209321   -0.009321 (VIOLATED)
clkbuf_6_33_0_clk/Z                     0.200000    0.208981   -0.008981 (VIOLATED)
fanout1111/Z                            0.200000    0.208688   -0.008688 (VIOLATED)
fanout1086/Z                            0.200000    0.207893   -0.007893 (VIOLATED)
fanout1314/Z                            0.200000    0.207838   -0.007838 (VIOLATED)
fanout990/Z                             0.200000    0.207768   -0.007768 (VIOLATED)
_12843_/ZN                              0.200000    0.207610   -0.007610 (VIOLATED)
fanout904/Z                             0.200000    0.207253   -0.007253 (VIOLATED)
clkbuf_6_39_0_clk/Z                     0.200000    0.206665   -0.006665 (VIOLATED)
fanout1325/Z                            0.200000    0.206625   -0.006625 (VIOLATED)
_13188_/ZN                              0.200000    0.206116   -0.006116 (VIOLATED)
fanout1235/Z                            0.200000    0.205740   -0.005740 (VIOLATED)
fanout1592/Z                            0.200000    0.205648   -0.005648 (VIOLATED)
_13377_/Z                               0.200000    0.205575   -0.005575 (VIOLATED)
_15802_/ZN                              0.200000    0.205522   -0.005522 (VIOLATED)
fanout1166/Z                            0.200000    0.205448   -0.005448 (VIOLATED)
fanout881/Z                             0.200000    0.204917   -0.004917 (VIOLATED)
fanout1202/Z                            0.200000    0.204910   -0.004910 (VIOLATED)
fanout1292/Z                            0.200000    0.204888   -0.004888 (VIOLATED)
clkbuf_6_36_0_clk/Z                     0.200000    0.204810   -0.004810 (VIOLATED)
fanout1712/Z                            0.200000    0.204773   -0.004773 (VIOLATED)
fanout1174/Z                            0.200000    0.203874   -0.003874 (VIOLATED)
max_cap1299/Z                           0.200000    0.203809   -0.003809 (VIOLATED)
fanout1499/Z                            0.200000    0.203661   -0.003661 (VIOLATED)
fanout1200/Z                            0.200000    0.203657   -0.003657 (VIOLATED)
clkbuf_6_48_0_clk/Z                     0.200000    0.203427   -0.003427 (VIOLATED)
fanout1717/Z                            0.200000    0.203311   -0.003311 (VIOLATED)
fanout1590/Z                            0.200000    0.202963   -0.002963 (VIOLATED)
_14972_/Z                               0.200000    0.202020   -0.002020 (VIOLATED)
clkbuf_6_37_0_clk/Z                     0.200000    0.201750   -0.001750 (VIOLATED)
fanout1495/Z                            0.200000    0.201365   -0.001365 (VIOLATED)
fanout840/Z                             0.200000    0.201158   -0.001158 (VIOLATED)
fanout1584/Z                            0.200000    0.200804   -0.000804 (VIOLATED)



===========================================================================
report_parasitic_annotation -report_unannotated
============================================================================
Found 492 unannotated drivers.
 clkload0/ZN
 clkload1/ZN
 clkload10/Z
 clkload100/ZN
 clkload101/ZN
 clkload102/Z
 clkload103/ZN
 clkload104/ZN
 clkload105/ZN
 clkload106/ZN
 clkload107/ZN
 clkload108/ZN
 clkload109/ZN
 clkload11/ZN
 clkload110/ZN
 clkload111/ZN
 clkload112/ZN
 clkload113/ZN
 clkload114/ZN
 clkload115/ZN
 clkload116/ZN
 clkload117/ZN
 clkload118/Z
 clkload119/Z
 clkload12/ZN
 clkload120/Z
 clkload121/Z
 clkload122/ZN
 clkload123/ZN
 clkload124/Z
 clkload125/Z
 clkload126/ZN
 clkload127/Z
 clkload128/Z
 clkload129/Z
 clkload13/ZN
 clkload130/ZN
 clkload131/ZN
 clkload132/ZN
 clkload133/ZN
 clkload134/Z
 clkload135/ZN
 clkload136/ZN
 clkload137/ZN
 clkload138/ZN
 clkload139/ZN
 clkload14/ZN
 clkload140/ZN
 clkload141/Z
 clkload142/Z
 clkload143/ZN
 clkload144/ZN
 clkload145/ZN
 clkload146/Z
 clkload147/ZN
 clkload148/ZN
 clkload149/Z
 clkload15/ZN
 clkload150/Z
 clkload151/ZN
 clkload152/Z
 clkload153/ZN
 clkload154/ZN
 clkload155/ZN
 clkload156/ZN
 clkload157/ZN
 clkload158/Z
 clkload159/Z
 clkload16/ZN
 clkload160/Z
 clkload161/Z
 clkload162/Z
 clkload163/Z
 clkload164/Z
 clkload165/Z
 clkload166/Z
 clkload167/Z
 clkload168/ZN
 clkload169/Z
 clkload17/ZN
 clkload170/Z
 clkload171/Z
 clkload172/Z
 clkload173/Z
 clkload174/Z
 clkload175/Z
 clkload176/ZN
 clkload177/ZN
 clkload178/ZN
 clkload179/ZN
 clkload18/ZN
 clkload180/ZN
 clkload181/Z
 clkload182/Z
 clkload183/Z
 clkload184/Z
 clkload185/Z
 clkload186/Z
 clkload187/Z
 clkload188/Z
 clkload189/Z
 clkload19/ZN
 clkload190/Z
 clkload191/ZN
 clkload192/ZN
 clkload193/ZN
 clkload194/ZN
 clkload195/Z
 clkload196/ZN
 clkload197/ZN
 clkload198/ZN
 clkload199/ZN
 clkload2/ZN
 clkload20/ZN
 clkload200/ZN
 clkload201/ZN
 clkload202/ZN
 clkload203/ZN
 clkload204/ZN
 clkload205/ZN
 clkload206/ZN
 clkload207/ZN
 clkload208/Z
 clkload209/Z
 clkload21/ZN
 clkload210/Z
 clkload211/Z
 clkload212/ZN
 clkload213/ZN
 clkload214/ZN
 clkload215/ZN
 clkload216/Z
 clkload217/ZN
 clkload218/Z
 clkload219/Z
 clkload22/ZN
 clkload220/ZN
 clkload221/Z
 clkload222/Z
 clkload223/Z
 clkload224/Z
 clkload225/Z
 clkload226/Z
 clkload227/Z
 clkload228/ZN
 clkload229/ZN
 clkload23/ZN
 clkload230/Z
 clkload231/Z
 clkload232/ZN
 clkload233/Z
 clkload234/ZN
 clkload235/Z
 clkload236/ZN
 clkload237/ZN
 clkload238/Z
 clkload239/ZN
 clkload24/ZN
 clkload240/ZN
 clkload241/ZN
 clkload242/ZN
 clkload243/Z
 clkload244/Z
 clkload245/Z
 clkload246/Z
 clkload247/Z
 clkload248/Z
 clkload249/ZN
 clkload25/Z
 clkload250/ZN
 clkload251/ZN
 clkload252/ZN
 clkload253/Z
 clkload254/Z
 clkload255/ZN
 clkload256/ZN
 clkload257/ZN
 clkload258/ZN
 clkload259/ZN
 clkload26/ZN
 clkload260/Z
 clkload261/Z
 clkload262/ZN
 clkload263/ZN
 clkload264/Z
 clkload265/Z
 clkload266/ZN
 clkload267/ZN
 clkload268/ZN
 clkload269/Z
 clkload27/ZN
 clkload270/ZN
 clkload271/ZN
 clkload272/ZN
 clkload273/ZN
 clkload274/Z
 clkload275/ZN
 clkload276/ZN
 clkload277/Z
 clkload278/Z
 clkload279/ZN
 clkload28/ZN
 clkload280/ZN
 clkload281/ZN
 clkload282/ZN
 clkload283/Z
 clkload284/ZN
 clkload285/ZN
 clkload286/Z
 clkload287/ZN
 clkload288/ZN
 clkload289/ZN
 clkload29/ZN
 clkload290/Z
 clkload291/Z
 clkload292/Z
 clkload293/Z
 clkload294/Z
 clkload295/ZN
 clkload296/Z
 clkload297/ZN
 clkload298/Z
 clkload299/Z
 clkload3/ZN
 clkload30/ZN
 clkload300/Z
 clkload301/Z
 clkload302/ZN
 clkload303/ZN
 clkload304/Z
 clkload305/Z
 clkload306/Z
 clkload307/Z
 clkload308/ZN
 clkload309/Z
 clkload31/ZN
 clkload310/Z
 clkload311/Z
 clkload312/Z
 clkload313/ZN
 clkload314/ZN
 clkload315/Z
 clkload316/ZN
 clkload317/Z
 clkload318/Z
 clkload319/Z
 clkload32/ZN
 clkload320/ZN
 clkload321/ZN
 clkload322/ZN
 clkload323/Z
 clkload324/ZN
 clkload325/ZN
 clkload326/ZN
 clkload327/ZN
 clkload328/Z
 clkload329/ZN
 clkload33/ZN
 clkload330/ZN
 clkload331/ZN
 clkload332/ZN
 clkload333/ZN
 clkload334/ZN
 clkload335/ZN
 clkload336/Z
 clkload337/Z
 clkload338/ZN
 clkload339/ZN
 clkload34/ZN
 clkload340/ZN
 clkload341/Z
 clkload342/ZN
 clkload343/ZN
 clkload344/Z
 clkload345/Z
 clkload346/Z
 clkload347/Z
 clkload348/Z
 clkload349/ZN
 clkload35/ZN
 clkload350/Z
 clkload351/ZN
 clkload352/Z
 clkload353/ZN
 clkload354/Z
 clkload355/Z
 clkload356/Z
 clkload357/ZN
 clkload358/Z
 clkload359/Z
 clkload36/ZN
 clkload360/ZN
 clkload361/ZN
 clkload362/ZN
 clkload363/ZN
 clkload364/ZN
 clkload365/ZN
 clkload366/Z
 clkload367/ZN
 clkload368/ZN
 clkload369/ZN
 clkload37/ZN
 clkload370/Z
 clkload371/ZN
 clkload372/ZN
 clkload373/ZN
 clkload374/Z
 clkload375/ZN
 clkload376/ZN
 clkload377/ZN
 clkload378/ZN
 clkload379/ZN
 clkload38/ZN
 clkload380/ZN
 clkload381/ZN
 clkload382/ZN
 clkload383/ZN
 clkload384/ZN
 clkload385/ZN
 clkload386/ZN
 clkload387/ZN
 clkload388/Z
 clkload389/ZN
 clkload39/ZN
 clkload390/ZN
 clkload391/ZN
 clkload392/Z
 clkload393/ZN
 clkload394/ZN
 clkload395/ZN
 clkload396/ZN
 clkload397/Z
 clkload398/ZN
 clkload399/ZN
 clkload4/ZN
 clkload40/ZN
 clkload400/ZN
 clkload401/ZN
 clkload402/ZN
 clkload403/ZN
 clkload404/ZN
 clkload405/ZN
 clkload406/ZN
 clkload407/Z
 clkload408/Z
 clkload409/Z
 clkload41/ZN
 clkload410/ZN
 clkload411/ZN
 clkload412/Z
 clkload413/Z
 clkload414/ZN
 clkload415/Z
 clkload416/Z
 clkload417/ZN
 clkload418/ZN
 clkload419/ZN
 clkload42/ZN
 clkload420/ZN
 clkload421/Z
 clkload422/Z
 clkload423/ZN
 clkload424/ZN
 clkload425/ZN
 clkload426/Z
 clkload427/ZN
 clkload428/ZN
 clkload429/ZN
 clkload43/ZN
 clkload430/Z
 clkload431/ZN
 clkload432/Z
 clkload433/ZN
 clkload434/ZN
 clkload435/ZN
 clkload436/Z
 clkload437/Z
 clkload438/Z
 clkload439/Z
 clkload44/ZN
 clkload440/ZN
 clkload441/ZN
 clkload442/Z
 clkload443/Z
 clkload444/Z
 clkload445/Z
 clkload446/ZN
 clkload447/ZN
 clkload448/Z
 clkload449/ZN
 clkload45/ZN
 clkload450/ZN
 clkload451/ZN
 clkload452/ZN
 clkload453/ZN
 clkload454/ZN
 clkload455/Z
 clkload456/ZN
 clkload457/ZN
 clkload458/ZN
 clkload459/ZN
 clkload46/ZN
 clkload460/ZN
 clkload461/ZN
 clkload462/ZN
 clkload463/ZN
 clkload464/ZN
 clkload465/Z
 clkload466/ZN
 clkload467/Z
 clkload468/Z
 clkload469/ZN
 clkload47/ZN
 clkload470/ZN
 clkload471/ZN
 clkload472/ZN
 clkload473/ZN
 clkload474/ZN
 clkload475/ZN
 clkload476/ZN
 clkload477/ZN
 clkload478/ZN
 clkload479/Z
 clkload48/ZN
 clkload480/Z
 clkload481/Z
 clkload482/Z
 clkload483/ZN
 clkload484/ZN
 clkload485/ZN
 clkload486/ZN
 clkload487/ZN
 clkload488/ZN
 clkload489/ZN
 clkload49/ZN
 clkload490/ZN
 clkload491/ZN
 clkload5/ZN
 clkload50/ZN
 clkload51/ZN
 clkload52/Z
 clkload53/Z
 clkload54/Z
 clkload55/ZN
 clkload56/ZN
 clkload57/ZN
 clkload58/ZN
 clkload59/ZN
 clkload6/Z
 clkload60/ZN
 clkload61/ZN
 clkload62/Z
 clkload63/ZN
 clkload64/ZN
 clkload65/Z
 clkload66/Z
 clkload67/ZN
 clkload68/ZN
 clkload69/ZN
 clkload7/ZN
 clkload70/ZN
 clkload71/ZN
 clkload72/ZN
 clkload73/ZN
 clkload74/Z
 clkload75/ZN
 clkload76/ZN
 clkload77/ZN
 clkload78/Z
 clkload79/Z
 clkload8/ZN
 clkload80/ZN
 clkload81/ZN
 clkload82/ZN
 clkload83/ZN
 clkload84/ZN
 clkload85/Z
 clkload86/ZN
 clkload87/ZN
 clkload88/Z
 clkload89/Z
 clkload9/ZN
 clkload90/ZN
 clkload91/ZN
 clkload92/ZN
 clkload93/ZN
 clkload94/ZN
 clkload95/ZN
 clkload96/ZN
 clkload97/Z
 clkload98/Z
 clkload99/ZN
Found 0 partially unannotated drivers.

===========================================================================
max slew violation count 206
max fanout violation count 27
max cap violation count 229
============================================================================

===========================================================================
check_setup -verbose -unconstrained_endpoints -multiple_clock -no_clock -no_input_delay -loops -generated_clocks
===========================================================================
