Clock: clk
Sources: clk 
Generated: no
Virtual: yes
Propagated: no
Period: 20.000000

===========================================================================
report_clock_properties
============================================================================
Clock                   Period          Waveform
----------------------------------------------------
clk                  20.000000    0.000000 10.000000

===========================================================================
report_clock_latency
============================================================================
Clock clk
rise -> rise
    min     max
0.000000 0.000000 source latency
3.522684         network latency _25435_/CLK
        4.274340 network latency _25970_/CLK
---------------
3.522684 4.274340 latency
        0.751656 skew

fall -> fall
    min     max
0.000000 0.000000 source latency
3.607927         network latency _25435_/CLK
        4.464258 network latency _25970_/CLK
---------------
3.607927 4.464258 latency
        0.856331 skew



===========================================================================
report_clock_min_period
============================================================================
clk period_min = 25.71 fmax = 38.90
