
===========================================================================
report_checks -unconstrained
===========================================================================
======================= max_ff_n40C_5v50 Corner ===================================

Startpoint: rst (input port clocked by clk)
Endpoint: _25162_ (recovery check against rising-edge clock clk)
Path Group: asynchronous
Path Type: max

Fanout         Cap        Slew       Delay        Time   Description
---------------------------------------------------------------------------------------------
                                  0.000000    0.000000   clock clk (rise edge)
                                  0.000000    0.000000   clock network delay (propagated)
                                  4.000000    4.000000 v input external delay
     1    0.004423    0.045259    0.018221    4.018220 v rst (in)
                                                         rst (net)
                      0.045259    0.000000    4.018220 v input3/I (gf180mcu_fd_sc_mcu7t5v0__clkbuf_1)
     1    0.011207    0.138368    0.165710    4.183930 v input3/Z (gf180mcu_fd_sc_mcu7t5v0__clkbuf_1)
                                                         net3 (net)
                      0.138368    0.000333    4.184263 v fanout1875/I (gf180mcu_fd_sc_mcu7t5v0__clkbuf_4)
     6    0.195201    0.535832    0.472974    4.657237 v fanout1875/Z (gf180mcu_fd_sc_mcu7t5v0__clkbuf_4)
                                                         net1875 (net)
                      0.536415    0.010136    4.667373 v fanout1820/I (gf180mcu_fd_sc_mcu7t5v0__buf_2)
     5    0.129370    0.431150    0.512528    5.179901 v fanout1820/Z (gf180mcu_fd_sc_mcu7t5v0__buf_2)
                                                         net1820 (net)
                      0.431385    0.005783    5.185685 v fanout1819/I (gf180mcu_fd_sc_mcu7t5v0__buf_2)
     5    0.107410    0.361087    0.443317    5.629002 v fanout1819/Z (gf180mcu_fd_sc_mcu7t5v0__buf_2)
                                                         net1819 (net)
                      0.361132    0.002322    5.631324 v fanout1814/I (gf180mcu_fd_sc_mcu7t5v0__clkbuf_3)
    10    0.100349    0.287212    0.375885    6.007209 v fanout1814/Z (gf180mcu_fd_sc_mcu7t5v0__clkbuf_3)
                                                         net1814 (net)
                      0.287218    0.000786    6.007995 v fanout1813/I (gf180mcu_fd_sc_mcu7t5v0__clkbuf_3)
    10    0.099690    0.285672    0.359312    6.367307 v fanout1813/Z (gf180mcu_fd_sc_mcu7t5v0__clkbuf_3)
                                                         net1813 (net)
                      0.285784    0.003201    6.370508 v fanout1812/I (gf180mcu_fd_sc_mcu7t5v0__buf_2)
    10    0.077481    0.266556    0.346043    6.716551 v fanout1812/Z (gf180mcu_fd_sc_mcu7t5v0__buf_2)
                                                         net1812 (net)
                      0.266578    0.001404    6.717955 v _24404_/I (gf180mcu_fd_sc_mcu7t5v0__clkinv_1)
     1    0.009394    0.163150    0.145701    6.863656 ^ _24404_/ZN (gf180mcu_fd_sc_mcu7t5v0__clkinv_1)
                                                         _00445_ (net)
                      0.163150    0.000198    6.863854 ^ _25162_/RN (gf180mcu_fd_sc_mcu7t5v0__dffrnq_1)
                                              6.863854   data arrival time

                                 20.000000   20.000000   clock clk (rise edge)
                                  0.000000   20.000000   clock source latency
     1    0.178921    0.488190    0.298966   20.298967 ^ clk (in)
                                                         clk (net)
                      0.496858    0.000000   20.298967 ^ clkbuf_0_clk/I (gf180mcu_fd_sc_mcu7t5v0__clkbuf_16)
     4    0.276241    0.208583    0.317693   20.616659 ^ clkbuf_0_clk/Z (gf180mcu_fd_sc_mcu7t5v0__clkbuf_16)
                                                         clknet_0_clk (net)
                      0.211570    0.015328   20.631987 ^ clkbuf_2_0_0_clk/I (gf180mcu_fd_sc_mcu7t5v0__clkbuf_8)
    16    0.497204    0.675959    0.533170   21.165157 ^ clkbuf_2_0_0_clk/Z (gf180mcu_fd_sc_mcu7t5v0__clkbuf_8)
                                                         clknet_2_0_0_clk (net)
                      0.679797    0.028814   21.193972 ^ clkbuf_6_10_0_clk/I (gf180mcu_fd_sc_mcu7t5v0__clkbuf_8)
    12    0.228999    0.328486    0.408383   21.602354 ^ clkbuf_6_10_0_clk/Z (gf180mcu_fd_sc_mcu7t5v0__clkbuf_8)
                                                         clknet_6_10_0_clk (net)
                      0.328869    0.005878   21.608232 ^ _25162_/CLK (gf180mcu_fd_sc_mcu7t5v0__dffrnq_1)
                                 -0.250000   21.358232   clock uncertainty
                                  0.000000   21.358232   clock reconvergence pessimism
                                  0.165588   21.523821   library recovery time
                                             21.523821   data required time
---------------------------------------------------------------------------------------------
                                             21.523821   data required time
                                             -6.863854   data arrival time
---------------------------------------------------------------------------------------------
                                             14.659967   slack (MET)


Startpoint: _25075_ (rising edge-triggered flip-flop clocked by clk)
Endpoint: _24856_ (rising edge-triggered flip-flop clocked by clk)
Path Group: clk
Path Type: max

Fanout         Cap        Slew       Delay        Time   Description
---------------------------------------------------------------------------------------------
                                  0.000000    0.000000   clock clk (rise edge)
                                  0.000000    0.000000   clock source latency
     1    0.178921    0.488190    0.298966    0.298966 ^ clk (in)
                                                         clk (net)
                      0.496858    0.000000    0.298966 ^ clkbuf_0_clk/I (gf180mcu_fd_sc_mcu7t5v0__clkbuf_16)
     4    0.276241    0.208583    0.317693    0.616659 ^ clkbuf_0_clk/Z (gf180mcu_fd_sc_mcu7t5v0__clkbuf_16)
                                                         clknet_0_clk (net)
                      0.210758    0.012562    0.629221 ^ clkbuf_2_1_0_clk/I (gf180mcu_fd_sc_mcu7t5v0__clkbuf_8)
    16    0.420699    0.577266    0.482224    1.111445 ^ clkbuf_2_1_0_clk/Z (gf180mcu_fd_sc_mcu7t5v0__clkbuf_8)
                                                         clknet_2_1_0_clk (net)
                      0.577888    0.010558    1.122004 ^ clkbuf_6_19_0_clk/I (gf180mcu_fd_sc_mcu7t5v0__clkbuf_8)
    10    0.204620    0.296676    0.378919    1.500923 ^ clkbuf_6_19_0_clk/Z (gf180mcu_fd_sc_mcu7t5v0__clkbuf_8)
                                                         clknet_6_19_0_clk (net)
                      0.296779    0.002913    1.503836 ^ clkbuf_leaf_48_clk/I (gf180mcu_fd_sc_mcu7t5v0__clkbuf_8)
     5    0.029889    0.082662    0.202746    1.706581 ^ clkbuf_leaf_48_clk/Z (gf180mcu_fd_sc_mcu7t5v0__clkbuf_8)
                                                         clknet_leaf_48_clk (net)
                      0.082663    0.000355    1.706936 ^ _25075_/CLK (gf180mcu_fd_sc_mcu7t5v0__dffrnq_1)
     1    0.016188    0.137539    0.484197    2.191133 v _25075_/Q (gf180mcu_fd_sc_mcu7t5v0__dffrnq_1)
                                                         pp_inst.core_inst.reg_fsm_i.data_q[1] (net)
                      0.137543    0.000439    2.191572 v fanout1750/I (gf180mcu_fd_sc_mcu7t5v0__buf_4)
     9    0.230742    0.385284    0.361593    2.553165 v fanout1750/Z (gf180mcu_fd_sc_mcu7t5v0__buf_4)
                                                         net1750 (net)
                      0.385438    0.004500    2.557665 v max_cap1746/I (gf180mcu_fd_sc_mcu7t5v0__buf_8)
     6    0.120115    0.126500    0.268149    2.825814 v max_cap1746/Z (gf180mcu_fd_sc_mcu7t5v0__buf_8)
                                                         net1746 (net)
                      0.127179    0.005263    2.831077 v fanout1744/I (gf180mcu_fd_sc_mcu7t5v0__buf_8)
    10    0.191273    0.172250    0.226234    3.057311 v fanout1744/Z (gf180mcu_fd_sc_mcu7t5v0__buf_8)
                                                         net1744 (net)
                      0.173399    0.007294    3.064605 v _13267_/A1 (gf180mcu_fd_sc_mcu7t5v0__nor3_4)
     3    0.045913    0.419153    0.257118    3.321722 ^ _13267_/ZN (gf180mcu_fd_sc_mcu7t5v0__nor3_4)
                                                         _09883_ (net)
                      0.419153    0.000371    3.322094 ^ _13280_/A1 (gf180mcu_fd_sc_mcu7t5v0__aoi21_4)
     2    0.130798    0.420371    0.280073    3.602167 v _13280_/ZN (gf180mcu_fd_sc_mcu7t5v0__aoi21_4)
                                                         _09896_ (net)
                      0.420399    0.005202    3.607369 v fanout1553/I (gf180mcu_fd_sc_mcu7t5v0__buf_8)
    10    0.292681    0.248853    0.351692    3.959061 v fanout1553/Z (gf180mcu_fd_sc_mcu7t5v0__buf_8)
                                                         net1553 (net)
                      0.248891    0.001555    3.960616 v _13286_/A1 (gf180mcu_fd_sc_mcu7t5v0__nand2_2)
     2    0.140758    0.856183    0.563508    4.524124 ^ _13286_/ZN (gf180mcu_fd_sc_mcu7t5v0__nand2_2)
                                                         _09902_ (net)
                      0.856634    0.010998    4.535122 ^ fanout1428/I (gf180mcu_fd_sc_mcu7t5v0__buf_2)
     5    0.136935    0.747023    0.554047    5.089169 ^ fanout1428/Z (gf180mcu_fd_sc_mcu7t5v0__buf_2)
                                                         net1428 (net)
                      0.747977    0.015072    5.104242 ^ fanout1425/I (gf180mcu_fd_sc_mcu7t5v0__buf_4)
    10    0.207026    0.571007    0.442515    5.546757 ^ fanout1425/Z (gf180mcu_fd_sc_mcu7t5v0__buf_4)
                                                         net1425 (net)
                      0.571537    0.009754    5.556511 ^ _13308_/A3 (gf180mcu_fd_sc_mcu7t5v0__nor3_2)
     1    0.020262    0.314676    0.209982    5.766493 v _13308_/ZN (gf180mcu_fd_sc_mcu7t5v0__nor3_2)
                                                         _09924_ (net)
                      0.314676    0.000239    5.766732 v fanout1325/I (gf180mcu_fd_sc_mcu7t5v0__buf_8)
     3    0.105135    0.113355    0.238765    6.005497 v fanout1325/Z (gf180mcu_fd_sc_mcu7t5v0__buf_8)
                                                         net1325 (net)
                      0.113413    0.002152    6.007649 v max_cap1326/I (gf180mcu_fd_sc_mcu7t5v0__buf_8)
     8    0.251828    0.216622    0.244336    6.251986 v max_cap1326/Z (gf180mcu_fd_sc_mcu7t5v0__buf_8)
                                                         net1326 (net)
                      0.227320    0.027114    6.279099 v fanout1324/I (gf180mcu_fd_sc_mcu7t5v0__clkbuf_8)
    10    0.282878    0.407843    0.407578    6.686677 v fanout1324/Z (gf180mcu_fd_sc_mcu7t5v0__clkbuf_8)
                                                         net1324 (net)
                      0.411982    0.022803    6.709481 v _14427_/B1 (gf180mcu_fd_sc_mcu7t5v0__aoi22_1)
     1    0.010218    0.360094    0.291207    7.000687 ^ _14427_/ZN (gf180mcu_fd_sc_mcu7t5v0__aoi22_1)
                                                         _11016_ (net)
                      0.360094    0.000104    7.000792 ^ _14428_/A2 (gf180mcu_fd_sc_mcu7t5v0__nand2_2)
     6    0.070260    0.363947    0.260508    7.261300 v _14428_/ZN (gf180mcu_fd_sc_mcu7t5v0__nand2_2)
                                                         _11017_ (net)
                      0.364112    0.004328    7.265627 v _14430_/A2 (gf180mcu_fd_sc_mcu7t5v0__xor2_1)
     2    0.023950    0.298008    0.452064    7.717691 v _14430_/Z (gf180mcu_fd_sc_mcu7t5v0__xor2_1)
                                                         _11019_ (net)
                      0.298009    0.000535    7.718226 v _14431_/A2 (gf180mcu_fd_sc_mcu7t5v0__aoi21_2)
     2    0.029026    0.388104    0.300369    8.018595 ^ _14431_/ZN (gf180mcu_fd_sc_mcu7t5v0__aoi21_2)
                                                         _11020_ (net)
                      0.388104    0.000242    8.018836 ^ _16955_/B1 (gf180mcu_fd_sc_mcu7t5v0__aoi22_2)
     1    0.076209    0.671917    0.351808    8.370645 v _16955_/ZN (gf180mcu_fd_sc_mcu7t5v0__aoi22_2)
                                                         _04357_ (net)
                      0.671935    0.005480    8.376125 v fanout374/I (gf180mcu_fd_sc_mcu7t5v0__clkbuf_2)
     5    0.065838    0.353433    0.465265    8.841390 v fanout374/Z (gf180mcu_fd_sc_mcu7t5v0__clkbuf_2)
                                                         net374 (net)
                      0.353582    0.004114    8.845504 v fanout373/I (gf180mcu_fd_sc_mcu7t5v0__clkbuf_2)
     5    0.056806    0.307242    0.378677    9.224181 v fanout373/Z (gf180mcu_fd_sc_mcu7t5v0__clkbuf_2)
                                                         net373 (net)
                      0.307260    0.001343    9.225524 v fanout372/I (gf180mcu_fd_sc_mcu7t5v0__buf_2)
     7    0.068959    0.240333    0.334359    9.559883 v fanout372/Z (gf180mcu_fd_sc_mcu7t5v0__buf_2)
                                                         net372 (net)
                      0.240603    0.004583    9.564466 v fanout370/I (gf180mcu_fd_sc_mcu7t5v0__clkbuf_3)
    10    0.094296    0.273097    0.341626    9.906093 v fanout370/Z (gf180mcu_fd_sc_mcu7t5v0__clkbuf_3)
                                                         net370 (net)
                      0.273136    0.001822    9.907914 v _16997_/A2 (gf180mcu_fd_sc_mcu7t5v0__oai22_4)
     2    0.099175    0.754792    0.424102   10.332016 ^ _16997_/ZN (gf180mcu_fd_sc_mcu7t5v0__oai22_4)
                                                         _04399_ (net)
                      0.754818    0.007094   10.339109 ^ _17300_/A1 (gf180mcu_fd_sc_mcu7t5v0__nand2_1)
     1    0.005834    0.223083    0.106492   10.445601 v _17300_/ZN (gf180mcu_fd_sc_mcu7t5v0__nand2_1)
                                                         _04651_ (net)
                      0.223083    0.000115   10.445717 v _17304_/C (gf180mcu_fd_sc_mcu7t5v0__oai211_1)
     1    0.007192    0.306503    0.233503   10.679219 ^ _17304_/ZN (gf180mcu_fd_sc_mcu7t5v0__oai211_1)
                                                         _00063_ (net)
                      0.306503    0.000170   10.679389 ^ _24856_/D (gf180mcu_fd_sc_mcu7t5v0__dffrnq_1)
                                             10.679389   data arrival time

                                 20.000000   20.000000   clock clk (rise edge)
                                  0.000000   20.000000   clock source latency
     1    0.178921    0.488190    0.298966   20.298967 ^ clk (in)
                                                         clk (net)
                      0.496858    0.000000   20.298967 ^ clkbuf_0_clk/I (gf180mcu_fd_sc_mcu7t5v0__clkbuf_16)
     4    0.276241    0.208583    0.317693   20.616659 ^ clkbuf_0_clk/Z (gf180mcu_fd_sc_mcu7t5v0__clkbuf_16)
                                                         clknet_0_clk (net)
                      0.210758    0.012562   20.629221 ^ clkbuf_2_1_0_clk/I (gf180mcu_fd_sc_mcu7t5v0__clkbuf_8)
    16    0.420699    0.577266    0.482224   21.111446 ^ clkbuf_2_1_0_clk/Z (gf180mcu_fd_sc_mcu7t5v0__clkbuf_8)
                                                         clknet_2_1_0_clk (net)
                      0.579033    0.017888   21.129333 ^ clkbuf_6_22_0_clk/I (gf180mcu_fd_sc_mcu7t5v0__clkbuf_8)
     8    0.189880    0.277282    0.366352   21.495686 ^ clkbuf_6_22_0_clk/Z (gf180mcu_fd_sc_mcu7t5v0__clkbuf_8)
                                                         clknet_6_22_0_clk (net)
                      0.277676    0.005459   21.501144 ^ clkbuf_leaf_115_clk/I (gf180mcu_fd_sc_mcu7t5v0__clkbuf_8)
     6    0.034146    0.086570    0.203231   21.704376 ^ clkbuf_leaf_115_clk/Z (gf180mcu_fd_sc_mcu7t5v0__clkbuf_8)
                                                         clknet_leaf_115_clk (net)
                      0.086570    0.000295   21.704670 ^ _24856_/CLK (gf180mcu_fd_sc_mcu7t5v0__dffrnq_1)
                                 -0.250000   21.454672   clock uncertainty
                                  0.000000   21.454672   clock reconvergence pessimism
                                 -0.221406   21.233265   library setup time
                                             21.233265   data required time
---------------------------------------------------------------------------------------------
                                             21.233265   data required time
                                            -10.679389   data arrival time
---------------------------------------------------------------------------------------------
                                             10.553875   slack (MET)




===========================================================================
report_checks --slack_max -0.01
============================================================================
======================= max_ff_n40C_5v50 Corner ===================================

No paths found.


===========================================================================
 report_check_types -max_slew -max_cap -max_fanout -violators
============================================================================
======================= max_ff_n40C_5v50 Corner ===================================

max fanout

Pin                                   Limit Fanout  Slack
---------------------------------------------------------
clkbuf_6_37_0_clk/Z                      10     18     -8 (VIOLATED)
clkbuf_6_48_0_clk/Z                      10     17     -7 (VIOLATED)
clkbuf_6_49_0_clk/Z                      10     17     -7 (VIOLATED)
clkbuf_6_52_0_clk/Z                      10     17     -7 (VIOLATED)
clkbuf_6_53_0_clk/Z                      10     17     -7 (VIOLATED)
clkbuf_2_0_0_clk/Z                       10     16     -6 (VIOLATED)
clkbuf_2_1_0_clk/Z                       10     16     -6 (VIOLATED)
clkbuf_2_2_0_clk/Z                       10     16     -6 (VIOLATED)
clkbuf_2_3_0_clk/Z                       10     16     -6 (VIOLATED)
clkbuf_6_50_0_clk/Z                      10     16     -6 (VIOLATED)
clkbuf_6_58_0_clk/Z                      10     16     -6 (VIOLATED)
clkbuf_6_44_0_clk/Z                      10     15     -5 (VIOLATED)
clkbuf_6_47_0_clk/Z                      10     15     -5 (VIOLATED)
clkbuf_6_63_0_clk/Z                      10     15     -5 (VIOLATED)
clkbuf_6_15_0_clk/Z                      10     14     -4 (VIOLATED)
clkbuf_6_51_0_clk/Z                      10     14     -4 (VIOLATED)
clkbuf_6_54_0_clk/Z                      10     14     -4 (VIOLATED)
clkbuf_6_56_0_clk/Z                      10     14     -4 (VIOLATED)
clkbuf_6_61_0_clk/Z                      10     14     -4 (VIOLATED)
clkbuf_6_27_0_clk/Z                      10     13     -3 (VIOLATED)
clkbuf_6_28_0_clk/Z                      10     13     -3 (VIOLATED)
clkbuf_6_31_0_clk/Z                      10     13     -3 (VIOLATED)
clkbuf_6_32_0_clk/Z                      10     13     -3 (VIOLATED)
clkbuf_6_36_0_clk/Z                      10     13     -3 (VIOLATED)
clkbuf_6_46_0_clk/Z                      10     13     -3 (VIOLATED)
clkbuf_6_5_0_clk/Z                       10     13     -3 (VIOLATED)
clkbuf_6_62_0_clk/Z                      10     13     -3 (VIOLATED)
clkbuf_6_10_0_clk/Z                      10     12     -2 (VIOLATED)
clkbuf_6_4_0_clk/Z                       10     12     -2 (VIOLATED)
clkbuf_6_55_0_clk/Z                      10     12     -2 (VIOLATED)
clkbuf_6_59_0_clk/Z                      10     12     -2 (VIOLATED)
clkbuf_6_60_0_clk/Z                      10     12     -2 (VIOLATED)
clkbuf_6_13_0_clk/Z                      10     11        (VIOLATED)
clkbuf_6_14_0_clk/Z                      10     11        (VIOLATED)
clkbuf_6_16_0_clk/Z                      10     11        (VIOLATED)
clkbuf_6_39_0_clk/Z                      10     11        (VIOLATED)
clkbuf_6_45_0_clk/Z                      10     11        (VIOLATED)
clkbuf_6_57_0_clk/Z                      10     11        (VIOLATED)
fanout1072/Z                             10     11        (VIOLATED)
fanout1300/Z                             10     11        (VIOLATED)

max capacitance

Pin                                        Limit         Cap       Slack
------------------------------------------------------------------------
clkbuf_2_0_0_clk/Z                      0.200000    0.497204   -0.297204 (VIOLATED)
clkbuf_2_3_0_clk/Z                      0.200000    0.475522   -0.275522 (VIOLATED)
clkbuf_2_2_0_clk/Z                      0.200000    0.451369   -0.251369 (VIOLATED)
clkbuf_2_1_0_clk/Z                      0.200000    0.420699   -0.220699 (VIOLATED)
fanout1143/Z                            0.200000    0.410132   -0.210132 (VIOLATED)
fanout340/Z                             0.200000    0.407610   -0.207610 (VIOLATED)
fanout739/Z                             0.200000    0.407033   -0.207033 (VIOLATED)
fanout1189/Z                            0.200000    0.391252   -0.191252 (VIOLATED)
fanout1101/Z                            0.200000    0.390324   -0.190324 (VIOLATED)
fanout1259/Z                            0.200000    0.385918   -0.185918 (VIOLATED)
fanout1255/Z                            0.200000    0.382372   -0.182372 (VIOLATED)
fanout1097/Z                            0.200000    0.379457   -0.179457 (VIOLATED)
fanout1068/Z                            0.200000    0.377840   -0.177840 (VIOLATED)
fanout1138/Z                            0.200000    0.376299   -0.176299 (VIOLATED)
fanout607/Z                             0.200000    0.374800   -0.174800 (VIOLATED)
fanout1168/Z                            0.200000    0.374456   -0.174456 (VIOLATED)
fanout174/Z                             0.200000    0.372911   -0.172911 (VIOLATED)
fanout712/Z                             0.200000    0.365317   -0.165317 (VIOLATED)
fanout1152/Z                            0.200000    0.365010   -0.165010 (VIOLATED)
fanout1271/Z                            0.200000    0.358260   -0.158260 (VIOLATED)
fanout1197/Z                            0.200000    0.358007   -0.158007 (VIOLATED)
fanout1296/Z                            0.200000    0.357321   -0.157321 (VIOLATED)
fanout1177/Z                            0.200000    0.356907   -0.156907 (VIOLATED)
fanout1351/Z                            0.200000    0.356197   -0.156197 (VIOLATED)
fanout1091/Z                            0.200000    0.354759   -0.154759 (VIOLATED)
fanout1086/Z                            0.200000    0.353971   -0.153971 (VIOLATED)
fanout1181/Z                            0.200000    0.351651   -0.151651 (VIOLATED)
max_cap1205/Z                           0.200000    0.350102   -0.150102 (VIOLATED)
fanout240/Z                             0.200000    0.349593   -0.149593 (VIOLATED)
fanout1291/Z                            0.200000    0.348448   -0.148448 (VIOLATED)
fanout1118/Z                            0.200000    0.348200   -0.148200 (VIOLATED)
fanout1207/Z                            0.200000    0.348073   -0.148073 (VIOLATED)
fanout1072/Z                            0.200000    0.347703   -0.147703 (VIOLATED)
fanout1346/Z                            0.200000    0.346695   -0.146695 (VIOLATED)
fanout1267/Z                            0.200000    0.345976   -0.145976 (VIOLATED)
fanout1114/Z                            0.200000    0.345747   -0.145747 (VIOLATED)
fanout1251/Z                            0.200000    0.341238   -0.141238 (VIOLATED)
fanout1281/Z                            0.200000    0.339816   -0.139816 (VIOLATED)
fanout1275/Z                            0.200000    0.338765   -0.138765 (VIOLATED)
fanout1187/Z                            0.200000    0.337677   -0.137677 (VIOLATED)
fanout1164/Z                            0.200000    0.337186   -0.137186 (VIOLATED)
fanout1064/Z                            0.200000    0.336838   -0.136838 (VIOLATED)
fanout1190/Z                            0.200000    0.336657   -0.136657 (VIOLATED)
fanout1297/Z                            0.200000    0.335868   -0.135868 (VIOLATED)
max_cap1141/Z                           0.200000    0.335223   -0.135223 (VIOLATED)
fanout1219/Z                            0.200000    0.334669   -0.134669 (VIOLATED)
fanout878/Z                             0.200000    0.333645   -0.133645 (VIOLATED)
fanout1279/Z                            0.200000    0.333409   -0.133409 (VIOLATED)
fanout1227/Z                            0.200000    0.332410   -0.132410 (VIOLATED)
clkbuf_6_37_0_clk/Z                     0.200000    0.332185   -0.132185 (VIOLATED)
fanout1160/Z                            0.200000    0.332037   -0.132037 (VIOLATED)
fanout1134/Z                            0.200000    0.329786   -0.129786 (VIOLATED)
fanout1249/Z                            0.200000    0.328194   -0.128194 (VIOLATED)
_24792_/Q                               0.200000    0.327700   -0.127700 (VIOLATED)
fanout1185/Z                            0.200000    0.325508   -0.125508 (VIOLATED)
fanout1132/Z                            0.200000    0.325137   -0.125137 (VIOLATED)
fanout1363/Z                            0.200000    0.324972   -0.124972 (VIOLATED)
fanout1092/Z                            0.200000    0.324828   -0.124828 (VIOLATED)
max_cap1344/Z                           0.200000    0.324337   -0.124337 (VIOLATED)
fanout1290/Z                            0.200000    0.323501   -0.123501 (VIOLATED)
fanout1119/Z                            0.200000    0.323426   -0.123426 (VIOLATED)
fanout1253/Z                            0.200000    0.323100   -0.123100 (VIOLATED)
fanout1247/Z                            0.200000    0.322419   -0.122419 (VIOLATED)
fanout1210/Z                            0.200000    0.321198   -0.121198 (VIOLATED)
fanout1066/Z                            0.200000    0.320989   -0.120989 (VIOLATED)
fanout644/Z                             0.200000    0.320701   -0.120701 (VIOLATED)
fanout1497/Z                            0.200000    0.320103   -0.120103 (VIOLATED)
fanout1154/Z                            0.200000    0.318553   -0.118553 (VIOLATED)
fanout1341/Z                            0.200000    0.317904   -0.117904 (VIOLATED)
wire1171/Z                              0.200000    0.317443   -0.117443 (VIOLATED)
fanout1173/Z                            0.200000    0.316243   -0.116243 (VIOLATED)
fanout224/Z                             0.200000    0.315908   -0.115908 (VIOLATED)
fanout633/Z                             0.200000    0.315890   -0.115890 (VIOLATED)
fanout1109/Z                            0.200000    0.315768   -0.115768 (VIOLATED)
fanout1126/Z                            0.200000    0.315430   -0.115430 (VIOLATED)
fanout1099/Z                            0.200000    0.315314   -0.115314 (VIOLATED)
fanout1130/Z                            0.200000    0.314591   -0.114591 (VIOLATED)
fanout1283/Z                            0.200000    0.314339   -0.114339 (VIOLATED)
max_cap1362/Z                           0.200000    0.314332   -0.114332 (VIOLATED)
fanout1200/Z                            0.200000    0.314114   -0.114114 (VIOLATED)
fanout561/Z                             0.200000    0.313787   -0.113787 (VIOLATED)
fanout927/Z                             0.200000    0.313709   -0.113709 (VIOLATED)
max_cap1293/Z                           0.200000    0.313211   -0.113211 (VIOLATED)
fanout1195/Z                            0.200000    0.312959   -0.112959 (VIOLATED)
fanout1156/Z                            0.200000    0.312652   -0.112652 (VIOLATED)
clkbuf_6_32_0_clk/Z                     0.200000    0.312104   -0.112104 (VIOLATED)
fanout1127/Z                            0.200000    0.311185   -0.111185 (VIOLATED)
fanout1150/Z                            0.200000    0.309335   -0.109335 (VIOLATED)
fanout1257/Z                            0.200000    0.309292   -0.109292 (VIOLATED)
fanout166/Z                             0.200000    0.308846   -0.108846 (VIOLATED)
fanout1088/Z                            0.200000    0.308843   -0.108843 (VIOLATED)
clkbuf_6_48_0_clk/Z                     0.200000    0.308427   -0.108427 (VIOLATED)
fanout1299/Z                            0.200000    0.308273   -0.108273 (VIOLATED)
fanout1084/Z                            0.200000    0.307979   -0.107979 (VIOLATED)
fanout1285/Z                            0.200000    0.307560   -0.107560 (VIOLATED)
fanout1245/Z                            0.200000    0.307326   -0.107326 (VIOLATED)
fanout1304/Z                            0.200000    0.307215   -0.107215 (VIOLATED)
max_cap1146/Z                           0.200000    0.306546   -0.106546 (VIOLATED)
fanout258/Z                             0.200000    0.306215   -0.106215 (VIOLATED)
fanout1116/Z                            0.200000    0.305946   -0.105946 (VIOLATED)
fanout1136/Z                            0.200000    0.305620   -0.105620 (VIOLATED)
fanout1071/Z                            0.200000    0.305170   -0.105170 (VIOLATED)
fanout1215/Z                            0.200000    0.305071   -0.105071 (VIOLATED)
clkbuf_6_49_0_clk/Z                     0.200000    0.304812   -0.104812 (VIOLATED)
fanout1076/Z                            0.200000    0.304730   -0.104730 (VIOLATED)
fanout1231/Z                            0.200000    0.304406   -0.104406 (VIOLATED)
max_cap1565/Z                           0.200000    0.304274   -0.104274 (VIOLATED)
fanout1211/Z                            0.200000    0.303632   -0.103632 (VIOLATED)
fanout1239/Z                            0.200000    0.302963   -0.102963 (VIOLATED)
fanout670/Z                             0.200000    0.302903   -0.102903 (VIOLATED)
fanout1129/Z                            0.200000    0.302690   -0.102690 (VIOLATED)
max_cap1340/Z                           0.200000    0.301819   -0.101819 (VIOLATED)
fanout1300/Z                            0.200000    0.301665   -0.101665 (VIOLATED)
fanout1124/Z                            0.200000    0.301541   -0.101541 (VIOLATED)
_15679_/ZN                              0.200000    0.300048   -0.100048 (VIOLATED)
fanout1193/Z                            0.200000    0.299424   -0.099424 (VIOLATED)
fanout1243/Z                            0.200000    0.298740   -0.098740 (VIOLATED)
fanout925/Z                             0.200000    0.298491   -0.098491 (VIOLATED)
fanout1234/Z                            0.200000    0.298397   -0.098397 (VIOLATED)
fanout266/Z                             0.200000    0.297999   -0.097999 (VIOLATED)
clkbuf_6_44_0_clk/Z                     0.200000    0.297470   -0.097470 (VIOLATED)
fanout1241/Z                            0.200000    0.297377   -0.097377 (VIOLATED)
fanout1218/Z                            0.200000    0.297246   -0.097246 (VIOLATED)
fanout1163/Z                            0.200000    0.297200   -0.097200 (VIOLATED)
fanout884/Z                             0.200000    0.296686   -0.096686 (VIOLATED)
wire1583/Z                              0.200000    0.295754   -0.095754 (VIOLATED)
fanout1102/Z                            0.200000    0.295747   -0.095747 (VIOLATED)
fanout1148/Z                            0.200000    0.294755   -0.094755 (VIOLATED)
fanout1439/Z                            0.200000    0.294683   -0.094683 (VIOLATED)
max_cap308/Z                            0.200000    0.293973   -0.093973 (VIOLATED)
fanout544/Z                             0.200000    0.293909   -0.093909 (VIOLATED)
_15701_/ZN                              0.200000    0.293205   -0.093205 (VIOLATED)
clkbuf_6_53_0_clk/Z                     0.200000    0.293199   -0.093199 (VIOLATED)
clkbuf_6_52_0_clk/Z                     0.200000    0.293077   -0.093077 (VIOLATED)
fanout1287/Z                            0.200000    0.292742   -0.092742 (VIOLATED)
fanout1553/Z                            0.200000    0.292681   -0.092681 (VIOLATED)
fanout1175/Z                            0.200000    0.292427   -0.092427 (VIOLATED)
fanout1235/Z                            0.200000    0.292350   -0.092350 (VIOLATED)
fanout814/Z                             0.200000    0.291491   -0.091491 (VIOLATED)
_15665_/ZN                              0.200000    0.291187   -0.091187 (VIOLATED)
fanout848/Z                             0.200000    0.290974   -0.090974 (VIOLATED)
fanout1107/Z                            0.200000    0.290340   -0.090340 (VIOLATED)
fanout1080/Z                            0.200000    0.289632   -0.089632 (VIOLATED)
fanout1354/Z                            0.200000    0.289372   -0.089372 (VIOLATED)
fanout1352/Z                            0.200000    0.289337   -0.089337 (VIOLATED)
clkbuf_6_47_0_clk/Z                     0.200000    0.288904   -0.088904 (VIOLATED)
fanout1167/Z                            0.200000    0.288214   -0.088214 (VIOLATED)
fanout1277/Z                            0.200000    0.288102   -0.088102 (VIOLATED)
fanout1330/Z                            0.200000    0.287823   -0.087823 (VIOLATED)
fanout1237/Z                            0.200000    0.287624   -0.087624 (VIOLATED)
_15680_/ZN                              0.200000    0.287614   -0.087614 (VIOLATED)
_15080_/ZN                              0.200000    0.286833   -0.086833 (VIOLATED)
fanout1327/Z                            0.200000    0.286277   -0.086277 (VIOLATED)
clkbuf_6_58_0_clk/Z                     0.200000    0.286199   -0.086199 (VIOLATED)
wire1320/Z                              0.200000    0.286053   -0.086053 (VIOLATED)
fanout906/Z                             0.200000    0.285445   -0.085445 (VIOLATED)
_15645_/ZN                              0.200000    0.284395   -0.084395 (VIOLATED)
fanout1104/Z                            0.200000    0.283820   -0.083820 (VIOLATED)
fanout1324/Z                            0.200000    0.282878   -0.082878 (VIOLATED)
fanout1213/Z                            0.200000    0.282294   -0.082294 (VIOLATED)
fanout1183/Z                            0.200000    0.281930   -0.081930 (VIOLATED)
clkbuf_6_50_0_clk/Z                     0.200000    0.281627   -0.081627 (VIOLATED)
fanout1261/Z                            0.200000    0.281208   -0.081208 (VIOLATED)
_15707_/ZN                              0.200000    0.280987   -0.080987 (VIOLATED)
max_cap1568/Z                           0.200000    0.280782   -0.080782 (VIOLATED)
clkbuf_6_51_0_clk/Z                     0.200000    0.280437   -0.080437 (VIOLATED)
fanout615/Z                             0.200000    0.279897   -0.079897 (VIOLATED)
fanout1110/Z                            0.200000    0.279625   -0.079625 (VIOLATED)
fanout1078/Z                            0.200000    0.279400   -0.079400 (VIOLATED)
wire1573/Z                              0.200000    0.279236   -0.079236 (VIOLATED)
fanout664/Z                             0.200000    0.278178   -0.078178 (VIOLATED)
fanout1158/Z                            0.200000    0.277500   -0.077500 (VIOLATED)
fanout1105/Z                            0.200000    0.276477   -0.076477 (VIOLATED)
fanout1360/Z                            0.200000    0.276469   -0.076469 (VIOLATED)
fanout1122/Z                            0.200000    0.276376   -0.076376 (VIOLATED)
clkbuf_0_clk/Z                          0.200000    0.276241   -0.076241 (VIOLATED)
fanout1192/Z                            0.200000    0.275856   -0.075856 (VIOLATED)
fanout328/Z                             0.200000    0.275616   -0.075616 (VIOLATED)
_15689_/ZN                              0.200000    0.275253   -0.075253 (VIOLATED)
clkbuf_6_45_0_clk/Z                     0.200000    0.275019   -0.075019 (VIOLATED)
fanout269/Z                             0.200000    0.275014   -0.075014 (VIOLATED)
fanout1269/Z                            0.200000    0.274956   -0.074956 (VIOLATED)
fanout665/Z                             0.200000    0.274567   -0.074567 (VIOLATED)
fanout895/Z                             0.200000    0.274392   -0.074392 (VIOLATED)
clkbuf_6_46_0_clk/Z                     0.200000    0.273971   -0.073971 (VIOLATED)
fanout1333/Z                            0.200000    0.273312   -0.073312 (VIOLATED)
fanout1273/Z                            0.200000    0.273249   -0.073249 (VIOLATED)
fanout1359/Z                            0.200000    0.272583   -0.072583 (VIOLATED)
fanout1082/Z                            0.200000    0.272424   -0.072424 (VIOLATED)
clkbuf_6_54_0_clk/Z                     0.200000    0.272194   -0.072194 (VIOLATED)
clkbuf_6_61_0_clk/Z                     0.200000    0.271219   -0.071219 (VIOLATED)
_15647_/ZN                              0.200000    0.271097   -0.071097 (VIOLATED)
clkbuf_6_56_0_clk/Z                     0.200000    0.270777   -0.070777 (VIOLATED)
fanout859/Z                             0.200000    0.270727   -0.070727 (VIOLATED)
clkbuf_6_39_0_clk/Z                     0.200000    0.270655   -0.070655 (VIOLATED)
clkbuf_6_57_0_clk/Z                     0.200000    0.270420   -0.070420 (VIOLATED)
clkbuf_6_62_0_clk/Z                     0.200000    0.270295   -0.070295 (VIOLATED)
fanout1179/Z                            0.200000    0.270005   -0.070005 (VIOLATED)
max_cap1202/Z                           0.200000    0.269590   -0.069590 (VIOLATED)
fanout1560/Z                            0.200000    0.269573   -0.069573 (VIOLATED)
_15657_/ZN                              0.200000    0.269386   -0.069386 (VIOLATED)
fanout1328/Z                            0.200000    0.268621   -0.068621 (VIOLATED)
fanout657/Z                             0.200000    0.268228   -0.068228 (VIOLATED)
fanout838/Z                             0.200000    0.267284   -0.067284 (VIOLATED)
max_cap1578/Z                           0.200000    0.266994   -0.066994 (VIOLATED)
_15688_/ZN                              0.200000    0.266836   -0.066836 (VIOLATED)
fanout92/Z                              0.200000    0.266363   -0.066363 (VIOLATED)
fanout1203/Z                            0.200000    0.266331   -0.066331 (VIOLATED)
fanout930/Z                             0.200000    0.265983   -0.065983 (VIOLATED)
_15639_/ZN                              0.200000    0.265688   -0.065688 (VIOLATED)
fanout1085/Z                            0.200000    0.265473   -0.065473 (VIOLATED)
fanout767/Z                             0.200000    0.265432   -0.065432 (VIOLATED)
fanout1229/Z                            0.200000    0.265342   -0.065342 (VIOLATED)
clkbuf_6_59_0_clk/Z                     0.200000    0.264423   -0.064423 (VIOLATED)
clkbuf_6_63_0_clk/Z                     0.200000    0.264355   -0.064355 (VIOLATED)
fanout904/Z                             0.200000    0.264050   -0.064050 (VIOLATED)
fanout1555/Z                            0.200000    0.263897   -0.063897 (VIOLATED)
clkbuf_6_36_0_clk/Z                     0.200000    0.263826   -0.063826 (VIOLATED)
fanout1208/Z                            0.200000    0.263609   -0.063609 (VIOLATED)
fanout853/Z                             0.200000    0.263522   -0.063522 (VIOLATED)
fanout610/Z                             0.200000    0.263207   -0.063207 (VIOLATED)
fanout667/Z                             0.200000    0.262491   -0.062491 (VIOLATED)
clkbuf_6_27_0_clk/Z                     0.200000    0.262251   -0.062251 (VIOLATED)
fanout1437/Z                            0.200000    0.261623   -0.061623 (VIOLATED)
fanout177/Z                             0.200000    0.261225   -0.061225 (VIOLATED)
fanout721/Z                             0.200000    0.261203   -0.061203 (VIOLATED)
fanout751/Z                             0.200000    0.260878   -0.060878 (VIOLATED)
_13296_/ZN                              0.200000    0.260640   -0.060640 (VIOLATED)
fanout975/Z                             0.200000    0.260583   -0.060583 (VIOLATED)
fanout1069/Z                            0.200000    0.260045   -0.060045 (VIOLATED)
fanout1223/Z                            0.200000    0.260042   -0.060042 (VIOLATED)
_22730_/ZN                              0.200000    0.260036   -0.060036 (VIOLATED)
fanout1303/Z                            0.200000    0.259919   -0.059919 (VIOLATED)
fanout1268/Z                            0.200000    0.259555   -0.059555 (VIOLATED)
fanout867/Z                             0.200000    0.259529   -0.059529 (VIOLATED)
fanout1263/Z                            0.200000    0.259489   -0.059489 (VIOLATED)
fanout870/Z                             0.200000    0.259253   -0.059253 (VIOLATED)
fanout1459/Z                            0.200000    0.259214   -0.059214 (VIOLATED)
fanout1284/Z                            0.200000    0.258606   -0.058606 (VIOLATED)
fanout1295/Z                            0.200000    0.258209   -0.058209 (VIOLATED)
fanout556/Z                             0.200000    0.257574   -0.057574 (VIOLATED)
fanout967/Z                             0.200000    0.257366   -0.057366 (VIOLATED)
_15677_/ZN                              0.200000    0.257270   -0.057270 (VIOLATED)
fanout1288/Z                            0.200000    0.256514   -0.056514 (VIOLATED)
fanout797/Z                             0.200000    0.256499   -0.056499 (VIOLATED)
fanout121/Z                             0.200000    0.256472   -0.056472 (VIOLATED)
_20051_/ZN                              0.200000    0.256380   -0.056380 (VIOLATED)
fanout869/Z                             0.200000    0.256193   -0.056193 (VIOLATED)
fanout871/Z                             0.200000    0.256002   -0.056002 (VIOLATED)
clkbuf_6_60_0_clk/Z                     0.200000    0.255909   -0.055909 (VIOLATED)
max_cap1441/Z                           0.200000    0.255674   -0.055674 (VIOLATED)
fanout1436/Z                            0.200000    0.255251   -0.055251 (VIOLATED)
fanout1345/Z                            0.200000    0.255193   -0.055193 (VIOLATED)
fanout851/Z                             0.200000    0.254493   -0.054493 (VIOLATED)
fanout134/Z                             0.200000    0.254095   -0.054095 (VIOLATED)
fanout349/Z                             0.200000    0.253714   -0.053714 (VIOLATED)
fanout849/Z                             0.200000    0.253414   -0.053414 (VIOLATED)
fanout1278/Z                            0.200000    0.253169   -0.053169 (VIOLATED)
_22080_/ZN                              0.200000    0.253055   -0.053055 (VIOLATED)
fanout1298/Z                            0.200000    0.253051   -0.053051 (VIOLATED)
fanout1331/Z                            0.200000    0.253027   -0.053027 (VIOLATED)
_23771_/ZN                              0.200000    0.252936   -0.052936 (VIOLATED)
fanout319/Z                             0.200000    0.252748   -0.052748 (VIOLATED)
max_cap1326/Z                           0.200000    0.251828   -0.051828 (VIOLATED)
fanout1217/Z                            0.200000    0.250956   -0.050956 (VIOLATED)
clkbuf_6_55_0_clk/Z                     0.200000    0.250666   -0.050666 (VIOLATED)
fanout926/Z                             0.200000    0.250323   -0.050323 (VIOLATED)
fanout1169/Z                            0.200000    0.250301   -0.050301 (VIOLATED)
_19128_/ZN                              0.200000    0.250062   -0.050062 (VIOLATED)
fanout576/Z                             0.200000    0.249729   -0.049729 (VIOLATED)
fanout722/Z                             0.200000    0.249445   -0.049445 (VIOLATED)
fanout946/Z                             0.200000    0.249178   -0.049178 (VIOLATED)
fanout129/Z                             0.200000    0.248509   -0.048509 (VIOLATED)
fanout960/Z                             0.200000    0.248268   -0.048268 (VIOLATED)
clkbuf_6_38_0_clk/Z                     0.200000    0.247801   -0.047801 (VIOLATED)
_15641_/ZN                              0.200000    0.247497   -0.047497 (VIOLATED)
_20316_/ZN                              0.200000    0.247421   -0.047421 (VIOLATED)
fanout978/Z                             0.200000    0.247328   -0.047328 (VIOLATED)
fanout1438/Z                            0.200000    0.246706   -0.046706 (VIOLATED)
_15656_/ZN                              0.200000    0.246622   -0.046622 (VIOLATED)
_15699_/ZN                              0.200000    0.246396   -0.046396 (VIOLATED)
fanout1221/Z                            0.200000    0.246187   -0.046187 (VIOLATED)
_23641_/ZN                              0.200000    0.246061   -0.046061 (VIOLATED)
fanout730/Z                             0.200000    0.245952   -0.045952 (VIOLATED)
fanout145/Z                             0.200000    0.245935   -0.045935 (VIOLATED)
fanout1558/Z                            0.200000    0.245918   -0.045918 (VIOLATED)
fanout852/Z                             0.200000    0.245899   -0.045899 (VIOLATED)
fanout954/Z                             0.200000    0.245537   -0.045537 (VIOLATED)
clkbuf_6_40_0_clk/Z                     0.200000    0.245158   -0.045158 (VIOLATED)
fanout857/Z                             0.200000    0.244968   -0.044968 (VIOLATED)
fanout1061/Z                            0.200000    0.244741   -0.044741 (VIOLATED)
fanout303/Z                             0.200000    0.244108   -0.044108 (VIOLATED)
fanout219/Z                             0.200000    0.244001   -0.044001 (VIOLATED)
fanout101/Z                             0.200000    0.243767   -0.043767 (VIOLATED)
fanout1233/Z                            0.200000    0.243597   -0.043597 (VIOLATED)
fanout788/Z                             0.200000    0.242747   -0.042747 (VIOLATED)
fanout1161/Z                            0.200000    0.242395   -0.042395 (VIOLATED)
fanout959/Z                             0.200000    0.242375   -0.042375 (VIOLATED)
fanout1198/Z                            0.200000    0.242199   -0.042199 (VIOLATED)
fanout1087/Z                            0.200000    0.241745   -0.041745 (VIOLATED)
fanout1741/Z                            0.200000    0.241504   -0.041504 (VIOLATED)
fanout883/Z                             0.200000    0.241222   -0.041222 (VIOLATED)
fanout1157/Z                            0.200000    0.241093   -0.041093 (VIOLATED)
fanout126/Z                             0.200000    0.241029   -0.041029 (VIOLATED)
fanout1676/Z                            0.200000    0.240679   -0.040679 (VIOLATED)
fanout663/Z                             0.200000    0.240586   -0.040586 (VIOLATED)
_21950_/ZN                              0.200000    0.240097   -0.040097 (VIOLATED)
fanout951/Z                             0.200000    0.239990   -0.039990 (VIOLATED)
fanout1562/Z                            0.200000    0.239582   -0.039582 (VIOLATED)
fanout1347/Z                            0.200000    0.239494   -0.039494 (VIOLATED)
fanout929/Z                             0.200000    0.239416   -0.039416 (VIOLATED)
fanout891/Z                             0.200000    0.239166   -0.039166 (VIOLATED)
fanout955/Z                             0.200000    0.239134   -0.039134 (VIOLATED)
clkbuf_6_42_0_clk/Z                     0.200000    0.237731   -0.037731 (VIOLATED)
_18002_/ZN                              0.200000    0.237622   -0.037622 (VIOLATED)
_15661_/ZN                              0.200000    0.237400   -0.037400 (VIOLATED)
_15695_/ZN                              0.200000    0.237157   -0.037157 (VIOLATED)
fanout105/Z                             0.200000    0.237057   -0.037057 (VIOLATED)
fanout949/Z                             0.200000    0.237049   -0.037049 (VIOLATED)
_15649_/ZN                              0.200000    0.236901   -0.036901 (VIOLATED)
fanout861/Z                             0.200000    0.236640   -0.036640 (VIOLATED)
fanout543/Z                             0.200000    0.236513   -0.036513 (VIOLATED)
fanout1162/Z                            0.200000    0.236396   -0.036396 (VIOLATED)
fanout254/Z                             0.200000    0.236108   -0.036108 (VIOLATED)
fanout130/Z                             0.200000    0.235892   -0.035892 (VIOLATED)
fanout624/Z                             0.200000    0.235246   -0.035246 (VIOLATED)
_15691_/ZN                              0.200000    0.234659   -0.034659 (VIOLATED)
fanout1738/Z                            0.200000    0.234530   -0.034530 (VIOLATED)
fanout1302/Z                            0.200000    0.234413   -0.034413 (VIOLATED)
fanout281/Z                             0.200000    0.234298   -0.034298 (VIOLATED)
_15672_/ZN                              0.200000    0.234173   -0.034173 (VIOLATED)
_15702_/ZN                              0.200000    0.234097   -0.034097 (VIOLATED)
fanout1165/Z                            0.200000    0.234090   -0.034090 (VIOLATED)
_15667_/ZN                              0.200000    0.234073   -0.034073 (VIOLATED)
fanout191/Z                             0.200000    0.233981   -0.033981 (VIOLATED)
fanout840/Z                             0.200000    0.233885   -0.033885 (VIOLATED)
_20448_/ZN                              0.200000    0.233609   -0.033609 (VIOLATED)
fanout1440/Z                            0.200000    0.233186   -0.033186 (VIOLATED)
fanout1276/Z                            0.200000    0.233167   -0.033167 (VIOLATED)
fanout855/Z                             0.200000    0.233107   -0.033107 (VIOLATED)
clkbuf_6_43_0_clk/Z                     0.200000    0.232867   -0.032867 (VIOLATED)
fanout759/Z                             0.200000    0.232794   -0.032794 (VIOLATED)
fanout118/Z                             0.200000    0.232650   -0.032650 (VIOLATED)
fanout1058/Z                            0.200000    0.232436   -0.032436 (VIOLATED)
fanout629/Z                             0.200000    0.232024   -0.032024 (VIOLATED)
fanout905/Z                             0.200000    0.231570   -0.031570 (VIOLATED)
clkbuf_6_41_0_clk/Z                     0.200000    0.231429   -0.031429 (VIOLATED)
fanout697/Z                             0.200000    0.231417   -0.031417 (VIOLATED)
fanout948/Z                             0.200000    0.231066   -0.031066 (VIOLATED)
fanout1307/Z                            0.200000    0.230785   -0.030785 (VIOLATED)
fanout1750/Z                            0.200000    0.230742   -0.030742 (VIOLATED)
fanout818/Z                             0.200000    0.230655   -0.030655 (VIOLATED)
_15706_/ZN                              0.200000    0.230572   -0.030572 (VIOLATED)
fanout1209/Z                            0.200000    0.230225   -0.030225 (VIOLATED)
fanout348/Z                             0.200000    0.229979   -0.029979 (VIOLATED)
fanout1121/Z                            0.200000    0.229904   -0.029904 (VIOLATED)
clkbuf_6_15_0_clk/Z                     0.200000    0.229898   -0.029898 (VIOLATED)
fanout970/Z                             0.200000    0.229173   -0.029173 (VIOLATED)
fanout1270/Z                            0.200000    0.229130   -0.029130 (VIOLATED)
clkbuf_6_10_0_clk/Z                     0.200000    0.228999   -0.028999 (VIOLATED)
fanout656/Z                             0.200000    0.228933   -0.028933 (VIOLATED)
fanout1431/Z                            0.200000    0.228875   -0.028875 (VIOLATED)
fanout903/Z                             0.200000    0.228861   -0.028861 (VIOLATED)
_15682_/ZN                              0.200000    0.228729   -0.028729 (VIOLATED)
fanout1411/Z                            0.200000    0.228677   -0.028677 (VIOLATED)
fanout876/Z                             0.200000    0.228634   -0.028634 (VIOLATED)
fanout138/Z                             0.200000    0.228554   -0.028554 (VIOLATED)
fanout1305/Z                            0.200000    0.227867   -0.027867 (VIOLATED)
max_cap966/Z                            0.200000    0.227758   -0.027758 (VIOLATED)
fanout782/Z                             0.200000    0.227690   -0.027690 (VIOLATED)
fanout199/Z                             0.200000    0.227350   -0.027350 (VIOLATED)
_23511_/ZN                              0.200000    0.227340   -0.027340 (VIOLATED)
fanout1409/Z                            0.200000    0.226929   -0.026929 (VIOLATED)
fanout1128/Z                            0.200000    0.226630   -0.026630 (VIOLATED)
fanout1191/Z                            0.200000    0.226524   -0.026524 (VIOLATED)
fanout1074/Z                            0.200000    0.226143   -0.026143 (VIOLATED)
fanout822/Z                             0.200000    0.226076   -0.026076 (VIOLATED)
_15681_/ZN                              0.200000    0.226066   -0.026066 (VIOLATED)
fanout142/Z                             0.200000    0.225739   -0.025739 (VIOLATED)
fanout127/Z                             0.200000    0.225506   -0.025506 (VIOLATED)
fanout1380/Z                            0.200000    0.225463   -0.025463 (VIOLATED)
fanout945/Z                             0.200000    0.225235   -0.025235 (VIOLATED)
fanout1050/Z                            0.200000    0.225108   -0.025108 (VIOLATED)
fanout579/Z                             0.200000    0.225066   -0.025066 (VIOLATED)
fanout1265/Z                            0.200000    0.224962   -0.024962 (VIOLATED)
fanout598/Z                             0.200000    0.224875   -0.024875 (VIOLATED)
clkbuf_6_28_0_clk/Z                     0.200000    0.224843   -0.024843 (VIOLATED)
fanout575/Z                             0.200000    0.224836   -0.024836 (VIOLATED)
fanout947/Z                             0.200000    0.224722   -0.024722 (VIOLATED)
fanout806/Z                             0.200000    0.224442   -0.024442 (VIOLATED)
fanout167/Z                             0.200000    0.224435   -0.024435 (VIOLATED)
fanout1332/Z                            0.200000    0.223934   -0.023934 (VIOLATED)
clkbuf_6_14_0_clk/Z                     0.200000    0.223897   -0.023897 (VIOLATED)
max_cap964/Z                            0.200000    0.223661   -0.023661 (VIOLATED)
fanout282/Z                             0.200000    0.223063   -0.023063 (VIOLATED)
fanout1678/Z                            0.200000    0.222874   -0.022874 (VIOLATED)
clkbuf_6_33_0_clk/Z                     0.200000    0.222811   -0.022811 (VIOLATED)
fanout1090/Z                            0.200000    0.222692   -0.022692 (VIOLATED)
clkbuf_6_26_0_clk/Z                     0.200000    0.222306   -0.022306 (VIOLATED)
fanout1430/Z                            0.200000    0.222214   -0.022214 (VIOLATED)
fanout207/Z                             0.200000    0.222101   -0.022101 (VIOLATED)
fanout726/Z                             0.200000    0.221681   -0.021681 (VIOLATED)
fanout872/Z                             0.200000    0.221591   -0.021591 (VIOLATED)
fanout1294/Z                            0.200000    0.221292   -0.021292 (VIOLATED)
fanout1353/Z                            0.200000    0.221242   -0.021242 (VIOLATED)
fanout109/Z                             0.200000    0.221012   -0.021012 (VIOLATED)
fanout804/Z                             0.200000    0.220956   -0.020956 (VIOLATED)
fanout837/Z                             0.200000    0.220869   -0.020869 (VIOLATED)
fanout1355/Z                            0.200000    0.220758   -0.020758 (VIOLATED)
fanout87/Z                              0.200000    0.220702   -0.020702 (VIOLATED)
clkbuf_6_31_0_clk/Z                     0.200000    0.220702   -0.020701 (VIOLATED)
fanout1172/Z                            0.200000    0.220644   -0.020644 (VIOLATED)
fanout1280/Z                            0.200000    0.220595   -0.020595 (VIOLATED)
max_cap1095/Z                           0.200000    0.220131   -0.020131 (VIOLATED)
fanout668/Z                             0.200000    0.219929   -0.019929 (VIOLATED)
fanout916/Z                             0.200000    0.219893   -0.019893 (VIOLATED)
fanout1137/Z                            0.200000    0.219809   -0.019809 (VIOLATED)
fanout755/Z                             0.200000    0.219435   -0.019435 (VIOLATED)
fanout704/Z                             0.200000    0.218741   -0.018741 (VIOLATED)
clkbuf_6_35_0_clk/Z                     0.200000    0.218711   -0.018711 (VIOLATED)
fanout931/Z                             0.200000    0.218618   -0.018618 (VIOLATED)
_15652_/ZN                              0.200000    0.218232   -0.018232 (VIOLATED)
fanout1159/Z                            0.200000    0.218198   -0.018198 (VIOLATED)
fanout1067/Z                            0.200000    0.218072   -0.018072 (VIOLATED)
fanout743/Z                             0.200000    0.218047   -0.018047 (VIOLATED)
clkbuf_6_16_0_clk/Z                     0.200000    0.217948   -0.017948 (VIOLATED)
_15666_/ZN                              0.200000    0.217096   -0.017096 (VIOLATED)
fanout662/Z                             0.200000    0.216955   -0.016955 (VIOLATED)
fanout666/Z                             0.200000    0.216928   -0.016928 (VIOLATED)
fanout792/Z                             0.200000    0.216535   -0.016535 (VIOLATED)
fanout249/Z                             0.200000    0.216301   -0.016301 (VIOLATED)
fanout1306/Z                            0.200000    0.216240   -0.016240 (VIOLATED)
fanout795/Z                             0.200000    0.216129   -0.016129 (VIOLATED)
clkbuf_6_25_0_clk/Z                     0.200000    0.216112   -0.016112 (VIOLATED)
_19563_/ZN                              0.200000    0.215792   -0.015792 (VIOLATED)
fanout189/Z                             0.200000    0.214447   -0.014447 (VIOLATED)
fanout747/Z                             0.200000    0.214374   -0.014374 (VIOLATED)
clkbuf_6_30_0_clk/Z                     0.200000    0.214198   -0.014198 (VIOLATED)
fanout93/Z                              0.200000    0.213908   -0.013908 (VIOLATED)
fanout865/Z                             0.200000    0.213853   -0.013853 (VIOLATED)
fanout771/Z                             0.200000    0.213192   -0.013192 (VIOLATED)
fanout1400/Z                            0.200000    0.213179   -0.013179 (VIOLATED)
fanout1342/Z                            0.200000    0.213093   -0.013093 (VIOLATED)
fanout244/Z                             0.200000    0.212841   -0.012841 (VIOLATED)
fanout1662/Z                            0.200000    0.212793   -0.012793 (VIOLATED)
fanout540/Z                             0.200000    0.212400   -0.012400 (VIOLATED)
clkbuf_6_13_0_clk/Z                     0.200000    0.212379   -0.012379 (VIOLATED)
fanout1113/Z                            0.200000    0.211442   -0.011442 (VIOLATED)
fanout976/Z                             0.200000    0.211393   -0.011393 (VIOLATED)
fanout843/Z                             0.200000    0.211302   -0.011302 (VIOLATED)
clkbuf_6_4_0_clk/Z                      0.200000    0.211113   -0.011113 (VIOLATED)
_14514_/ZN                              0.200000    0.210947   -0.010947 (VIOLATED)
fanout874/Z                             0.200000    0.210790   -0.010790 (VIOLATED)
fanout1742/Z                            0.200000    0.210749   -0.010749 (VIOLATED)
fanout1358/Z                            0.200000    0.210226   -0.010226 (VIOLATED)
clkbuf_6_7_0_clk/Z                      0.200000    0.210179   -0.010179 (VIOLATED)
fanout186/Z                             0.200000    0.209570   -0.009570 (VIOLATED)
fanout187/Z                             0.200000    0.209309   -0.009309 (VIOLATED)
max_cap1349/Z                           0.200000    0.209267   -0.009267 (VIOLATED)
fanout253/Z                             0.200000    0.208987   -0.008987 (VIOLATED)
fanout1225/Z                            0.200000    0.208984   -0.008984 (VIOLATED)
fanout154/Z                             0.200000    0.208512   -0.008512 (VIOLATED)
clkbuf_6_34_0_clk/Z                     0.200000    0.208440   -0.008440 (VIOLATED)
_15693_/ZN                              0.200000    0.208391   -0.008391 (VIOLATED)
fanout1549/Z                            0.200000    0.208238   -0.008238 (VIOLATED)
fanout592/Z                             0.200000    0.208060   -0.008060 (VIOLATED)
_15687_/ZN                              0.200000    0.208001   -0.008001 (VIOLATED)
fanout553/Z                             0.200000    0.207911   -0.007911 (VIOLATED)
fanout587/Z                             0.200000    0.207607   -0.007607 (VIOLATED)
fanout1089/Z                            0.200000    0.207470   -0.007470 (VIOLATED)
fanout1222/Z                            0.200000    0.207383   -0.007383 (VIOLATED)
fanout902/Z                             0.200000    0.207330   -0.007330 (VIOLATED)
fanout1559/Z                            0.200000    0.207298   -0.007298 (VIOLATED)
_21300_/ZN                              0.200000    0.207265   -0.007265 (VIOLATED)
clkbuf_6_9_0_clk/Z                      0.200000    0.207262   -0.007262 (VIOLATED)
fanout1554/Z                            0.200000    0.207099   -0.007099 (VIOLATED)
fanout241/Z                             0.200000    0.207079   -0.007079 (VIOLATED)
fanout1425/Z                            0.200000    0.207026   -0.007026 (VIOLATED)
fanout952/Z                             0.200000    0.206244   -0.006244 (VIOLATED)
fanout1199/Z                            0.200000    0.205964   -0.005964 (VIOLATED)
fanout716/Z                             0.200000    0.205500   -0.005500 (VIOLATED)
fanout1096/Z                            0.200000    0.205489   -0.005489 (VIOLATED)
_15659_/ZN                              0.200000    0.205436   -0.005436 (VIOLATED)
fanout1166/Z                            0.200000    0.205329   -0.005329 (VIOLATED)
fanout125/Z                             0.200000    0.205325   -0.005325 (VIOLATED)
fanout862/Z                             0.200000    0.205158   -0.005158 (VIOLATED)
fanout650/Z                             0.200000    0.205087   -0.005087 (VIOLATED)
max_cap1748/Z                           0.200000    0.204831   -0.004831 (VIOLATED)
fanout1551/Z                            0.200000    0.204735   -0.004735 (VIOLATED)
clkbuf_6_19_0_clk/Z                     0.200000    0.204620   -0.004620 (VIOLATED)
fanout1314/Z                            0.200000    0.204598   -0.004598 (VIOLATED)
fanout1262/Z                            0.200000    0.204494   -0.004494 (VIOLATED)
fanout120/Z                             0.200000    0.204486   -0.004486 (VIOLATED)
_12387_/ZN                              0.200000    0.204383   -0.004383 (VIOLATED)
fanout150/Z                             0.200000    0.204289   -0.004289 (VIOLATED)
fanout1206/Z                            0.200000    0.204286   -0.004286 (VIOLATED)
_15692_/ZN                              0.200000    0.204285   -0.004285 (VIOLATED)
clkbuf_6_12_0_clk/Z                     0.200000    0.204228   -0.004228 (VIOLATED)
fanout1543/Z                            0.200000    0.203868   -0.003868 (VIOLATED)
fanout1329/Z                            0.200000    0.203761   -0.003761 (VIOLATED)
fanout146/Z                             0.200000    0.203721   -0.003721 (VIOLATED)
fanout811/Z                             0.200000    0.203667   -0.003667 (VIOLATED)
fanout205/Z                             0.200000    0.203605   -0.003605 (VIOLATED)
fanout634/Z                             0.200000    0.203003   -0.003003 (VIOLATED)
fanout302/Z                             0.200000    0.202937   -0.002937 (VIOLATED)
fanout602/Z                             0.200000    0.202728   -0.002728 (VIOLATED)
fanout847/Z                             0.200000    0.202639   -0.002639 (VIOLATED)
fanout218/Z                             0.200000    0.202617   -0.002617 (VIOLATED)
fanout1575/Z                            0.200000    0.202514   -0.002514 (VIOLATED)
fanout868/Z                             0.200000    0.202363   -0.002363 (VIOLATED)
clkbuf_6_5_0_clk/Z                      0.200000    0.202335   -0.002335 (VIOLATED)
max_cap1366/Z                           0.200000    0.202332   -0.002332 (VIOLATED)
fanout122/Z                             0.200000    0.201990   -0.001990 (VIOLATED)
fanout642/Z                             0.200000    0.201866   -0.001866 (VIOLATED)
fanout242/Z                             0.200000    0.201848   -0.001848 (VIOLATED)
_15705_/ZN                              0.200000    0.201747   -0.001747 (VIOLATED)
_18778_/ZN                              0.200000    0.201728   -0.001728 (VIOLATED)
fanout299/Z                             0.200000    0.201495   -0.001495 (VIOLATED)
fanout102/Z                             0.200000    0.201489   -0.001489 (VIOLATED)
clkbuf_6_11_0_clk/Z                     0.200000    0.201287   -0.001287 (VIOLATED)
fanout1435/Z                            0.200000    0.201271   -0.001271 (VIOLATED)
fanout1520/Z                            0.200000    0.201129   -0.001129 (VIOLATED)
clkbuf_6_24_0_clk/Z                     0.200000    0.201014   -0.001014 (VIOLATED)
fanout301/Z                             0.200000    0.200965   -0.000965 (VIOLATED)
clkbuf_6_6_0_clk/Z                      0.200000    0.200646   -0.000646 (VIOLATED)
fanout574/Z                             0.200000    0.200530   -0.000530 (VIOLATED)
fanout707/Z                             0.200000    0.200360   -0.000360 (VIOLATED)



===========================================================================
report_parasitic_annotation -report_unannotated
============================================================================
Found 609 unannotated drivers.
 _27612_/Z
 clkload0/ZN
 clkload1/ZN
 clkload10/ZN
 clkload100/Z
 clkload101/ZN
 clkload102/ZN
 clkload103/ZN
 clkload104/ZN
 clkload105/ZN
 clkload106/ZN
 clkload107/ZN
 clkload108/ZN
 clkload109/ZN
 clkload11/ZN
 clkload110/ZN
 clkload111/ZN
 clkload112/ZN
 clkload113/ZN
 clkload114/ZN
 clkload115/Z
 clkload116/Z
 clkload117/Z
 clkload118/Z
 clkload119/Z
 clkload12/ZN
 clkload120/Z
 clkload121/Z
 clkload122/Z
 clkload123/ZN
 clkload124/ZN
 clkload125/ZN
 clkload126/ZN
 clkload127/ZN
 clkload128/ZN
 clkload129/ZN
 clkload13/ZN
 clkload130/Z
 clkload131/Z
 clkload132/Z
 clkload133/Z
 clkload134/Z
 clkload135/Z
 clkload136/Z
 clkload137/Z
 clkload138/Z
 clkload139/Z
 clkload14/ZN
 clkload140/ZN
 clkload141/ZN
 clkload142/ZN
 clkload143/Z
 clkload144/ZN
 clkload145/Z
 clkload146/ZN
 clkload147/ZN
 clkload148/Z
 clkload149/ZN
 clkload15/ZN
 clkload150/ZN
 clkload151/ZN
 clkload152/ZN
 clkload153/ZN
 clkload154/ZN
 clkload155/ZN
 clkload156/Z
 clkload157/ZN
 clkload158/ZN
 clkload159/ZN
 clkload16/ZN
 clkload160/ZN
 clkload161/Z
 clkload162/Z
 clkload163/Z
 clkload164/Z
 clkload165/ZN
 clkload166/ZN
 clkload167/Z
 clkload168/ZN
 clkload169/ZN
 clkload17/ZN
 clkload170/ZN
 clkload171/ZN
 clkload172/ZN
 clkload173/Z
 clkload174/ZN
 clkload175/ZN
 clkload176/ZN
 clkload177/Z
 clkload178/ZN
 clkload179/Z
 clkload18/ZN
 clkload180/ZN
 clkload181/ZN
 clkload182/ZN
 clkload183/Z
 clkload184/Z
 clkload185/Z
 clkload186/Z
 clkload187/Z
 clkload188/Z
 clkload189/ZN
 clkload19/ZN
 clkload190/ZN
 clkload191/ZN
 clkload192/Z
 clkload193/ZN
 clkload194/ZN
 clkload195/ZN
 clkload196/Z
 clkload197/Z
 clkload198/Z
 clkload199/Z
 clkload2/ZN
 clkload20/ZN
 clkload200/Z
 clkload201/ZN
 clkload202/Z
 clkload203/Z
 clkload204/Z
 clkload205/ZN
 clkload206/Z
 clkload207/ZN
 clkload208/ZN
 clkload209/Z
 clkload21/ZN
 clkload210/ZN
 clkload211/ZN
 clkload212/ZN
 clkload213/ZN
 clkload214/ZN
 clkload215/Z
 clkload216/Z
 clkload217/ZN
 clkload218/ZN
 clkload219/Z
 clkload22/ZN
 clkload220/Z
 clkload221/ZN
 clkload222/ZN
 clkload223/ZN
 clkload224/ZN
 clkload225/Z
 clkload226/ZN
 clkload227/Z
 clkload228/ZN
 clkload229/ZN
 clkload23/ZN
 clkload230/Z
 clkload231/Z
 clkload232/ZN
 clkload233/ZN
 clkload234/ZN
 clkload235/ZN
 clkload236/Z
 clkload237/ZN
 clkload238/ZN
 clkload239/ZN
 clkload24/ZN
 clkload240/ZN
 clkload241/ZN
 clkload242/Z
 clkload243/Z
 clkload244/Z
 clkload245/ZN
 clkload246/ZN
 clkload247/ZN
 clkload248/ZN
 clkload249/ZN
 clkload25/ZN
 clkload250/Z
 clkload251/ZN
 clkload252/Z
 clkload253/ZN
 clkload254/ZN
 clkload255/Z
 clkload256/Z
 clkload257/Z
 clkload258/Z
 clkload259/ZN
 clkload26/Z
 clkload260/Z
 clkload261/ZN
 clkload262/ZN
 clkload263/Z
 clkload264/ZN
 clkload265/Z
 clkload266/Z
 clkload267/Z
 clkload268/ZN
 clkload269/ZN
 clkload27/ZN
 clkload270/Z
 clkload271/Z
 clkload272/ZN
 clkload273/ZN
 clkload274/ZN
 clkload275/ZN
 clkload276/ZN
 clkload277/ZN
 clkload278/ZN
 clkload279/ZN
 clkload28/ZN
 clkload280/ZN
 clkload281/Z
 clkload282/ZN
 clkload283/ZN
 clkload284/Z
 clkload285/ZN
 clkload286/ZN
 clkload287/ZN
 clkload288/ZN
 clkload289/Z
 clkload29/ZN
 clkload290/Z
 clkload291/ZN
 clkload292/Z
 clkload293/Z
 clkload294/Z
 clkload295/Z
 clkload296/Z
 clkload297/ZN
 clkload298/Z
 clkload299/Z
 clkload3/ZN
 clkload30/ZN
 clkload300/Z
 clkload301/ZN
 clkload302/Z
 clkload303/Z
 clkload304/Z
 clkload305/Z
 clkload306/Z
 clkload307/Z
 clkload308/Z
 clkload309/ZN
 clkload31/ZN
 clkload310/ZN
 clkload311/ZN
 clkload312/Z
 clkload313/Z
 clkload314/Z
 clkload315/ZN
 clkload316/Z
 clkload317/ZN
 clkload318/ZN
 clkload319/ZN
 clkload32/ZN
 clkload320/Z
 clkload321/Z
 clkload322/Z
 clkload323/Z
 clkload324/ZN
 clkload325/Z
 clkload326/Z
 clkload327/Z
 clkload328/Z
 clkload329/Z
 clkload33/ZN
 clkload330/Z
 clkload331/ZN
 clkload332/Z
 clkload333/Z
 clkload334/Z
 clkload335/Z
 clkload336/ZN
 clkload337/ZN
 clkload338/ZN
 clkload339/Z
 clkload34/ZN
 clkload340/Z
 clkload341/ZN
 clkload342/Z
 clkload343/ZN
 clkload344/Z
 clkload345/Z
 clkload346/Z
 clkload347/Z
 clkload348/ZN
 clkload349/ZN
 clkload35/ZN
 clkload350/ZN
 clkload351/ZN
 clkload352/Z
 clkload353/ZN
 clkload354/Z
 clkload355/Z
 clkload356/Z
 clkload357/Z
 clkload358/ZN
 clkload359/Z
 clkload36/ZN
 clkload360/Z
 clkload361/ZN
 clkload362/Z
 clkload363/ZN
 clkload364/Z
 clkload365/Z
 clkload366/Z
 clkload367/Z
 clkload368/ZN
 clkload369/Z
 clkload37/ZN
 clkload370/ZN
 clkload371/ZN
 clkload372/ZN
 clkload373/ZN
 clkload374/ZN
 clkload375/ZN
 clkload376/Z
 clkload377/ZN
 clkload378/Z
 clkload379/ZN
 clkload38/ZN
 clkload380/ZN
 clkload381/ZN
 clkload382/ZN
 clkload383/ZN
 clkload384/ZN
 clkload385/Z
 clkload386/ZN
 clkload387/Z
 clkload388/ZN
 clkload389/ZN
 clkload39/ZN
 clkload390/Z
 clkload391/Z
 clkload392/ZN
 clkload393/ZN
 clkload394/ZN
 clkload395/ZN
 clkload396/ZN
 clkload397/Z
 clkload398/Z
 clkload399/Z
 clkload4/ZN
 clkload40/ZN
 clkload400/Z
 clkload401/Z
 clkload402/ZN
 clkload403/ZN
 clkload404/ZN
 clkload405/Z
 clkload406/ZN
 clkload407/Z
 clkload408/Z
 clkload409/ZN
 clkload41/ZN
 clkload410/Z
 clkload411/Z
 clkload412/ZN
 clkload413/Z
 clkload414/ZN
 clkload415/ZN
 clkload416/Z
 clkload417/ZN
 clkload418/ZN
 clkload419/ZN
 clkload42/ZN
 clkload420/ZN
 clkload421/ZN
 clkload422/ZN
 clkload423/ZN
 clkload424/Z
 clkload425/ZN
 clkload426/ZN
 clkload427/ZN
 clkload428/ZN
 clkload429/ZN
 clkload43/ZN
 clkload430/Z
 clkload431/Z
 clkload432/Z
 clkload433/ZN
 clkload434/ZN
 clkload435/ZN
 clkload436/ZN
 clkload437/ZN
 clkload438/ZN
 clkload439/ZN
 clkload44/Z
 clkload440/ZN
 clkload441/ZN
 clkload442/ZN
 clkload443/Z
 clkload444/ZN
 clkload445/Z
 clkload446/Z
 clkload447/ZN
 clkload448/Z
 clkload449/Z
 clkload45/ZN
 clkload450/ZN
 clkload451/Z
 clkload452/Z
 clkload453/Z
 clkload454/Z
 clkload455/Z
 clkload456/Z
 clkload457/ZN
 clkload458/Z
 clkload459/Z
 clkload46/ZN
 clkload460/Z
 clkload461/Z
 clkload462/ZN
 clkload463/ZN
 clkload464/ZN
 clkload465/Z
 clkload466/Z
 clkload467/Z
 clkload468/Z
 clkload469/Z
 clkload47/Z
 clkload470/ZN
 clkload471/Z
 clkload472/Z
 clkload473/ZN
 clkload474/Z
 clkload475/Z
 clkload476/ZN
 clkload477/ZN
 clkload478/ZN
 clkload479/Z
 clkload48/ZN
 clkload480/ZN
 clkload481/ZN
 clkload482/Z
 clkload483/ZN
 clkload484/ZN
 clkload485/ZN
 clkload486/ZN
 clkload487/ZN
 clkload488/ZN
 clkload489/Z
 clkload49/ZN
 clkload490/Z
 clkload491/Z
 clkload492/ZN
 clkload493/ZN
 clkload494/Z
 clkload495/Z
 clkload496/Z
 clkload497/ZN
 clkload498/Z
 clkload499/ZN
 clkload5/ZN
 clkload50/ZN
 clkload500/Z
 clkload501/Z
 clkload502/ZN
 clkload503/Z
 clkload504/ZN
 clkload505/Z
 clkload506/ZN
 clkload507/Z
 clkload508/ZN
 clkload509/Z
 clkload51/ZN
 clkload510/Z
 clkload511/ZN
 clkload512/Z
 clkload513/ZN
 clkload514/Z
 clkload515/Z
 clkload516/ZN
 clkload517/Z
 clkload518/ZN
 clkload519/Z
 clkload52/ZN
 clkload520/Z
 clkload521/Z
 clkload522/Z
 clkload523/Z
 clkload524/ZN
 clkload525/Z
 clkload526/ZN
 clkload527/ZN
 clkload528/ZN
 clkload529/Z
 clkload53/ZN
 clkload530/Z
 clkload531/ZN
 clkload532/Z
 clkload533/Z
 clkload534/Z
 clkload535/Z
 clkload536/Z
 clkload537/Z
 clkload538/ZN
 clkload539/Z
 clkload54/ZN
 clkload540/ZN
 clkload541/ZN
 clkload542/ZN
 clkload543/Z
 clkload544/Z
 clkload545/ZN
 clkload546/Z
 clkload547/ZN
 clkload548/ZN
 clkload549/Z
 clkload55/ZN
 clkload550/ZN
 clkload551/ZN
 clkload552/ZN
 clkload553/Z
 clkload554/ZN
 clkload555/Z
 clkload556/Z
 clkload557/Z
 clkload558/Z
 clkload559/Z
 clkload56/ZN
 clkload560/Z
 clkload561/Z
 clkload562/Z
 clkload563/ZN
 clkload564/ZN
 clkload565/ZN
 clkload566/ZN
 clkload567/ZN
 clkload568/Z
 clkload569/ZN
 clkload57/ZN
 clkload570/ZN
 clkload571/Z
 clkload572/Z
 clkload573/Z
 clkload574/ZN
 clkload575/Z
 clkload576/ZN
 clkload577/ZN
 clkload578/ZN
 clkload579/Z
 clkload58/ZN
 clkload580/ZN
 clkload581/ZN
 clkload582/Z
 clkload583/Z
 clkload584/ZN
 clkload585/ZN
 clkload586/ZN
 clkload587/ZN
 clkload588/ZN
 clkload589/ZN
 clkload59/Z
 clkload590/ZN
 clkload591/ZN
 clkload592/ZN
 clkload593/Z
 clkload594/ZN
 clkload595/Z
 clkload596/ZN
 clkload597/ZN
 clkload598/Z
 clkload599/ZN
 clkload6/ZN
 clkload60/ZN
 clkload600/ZN
 clkload601/ZN
 clkload602/Z
 clkload603/ZN
 clkload604/ZN
 clkload605/ZN
 clkload606/ZN
 clkload607/Z
 clkload61/ZN
 clkload62/ZN
 clkload63/ZN
 clkload64/ZN
 clkload65/Z
 clkload66/Z
 clkload67/Z
 clkload68/ZN
 clkload69/ZN
 clkload7/ZN
 clkload70/Z
 clkload71/ZN
 clkload72/Z
 clkload73/Z
 clkload74/ZN
 clkload75/ZN
 clkload76/Z
 clkload77/Z
 clkload78/Z
 clkload79/Z
 clkload8/ZN
 clkload80/Z
 clkload81/ZN
 clkload82/ZN
 clkload83/ZN
 clkload84/ZN
 clkload85/Z
 clkload86/ZN
 clkload87/Z
 clkload88/ZN
 clkload89/ZN
 clkload9/ZN
 clkload90/ZN
 clkload91/ZN
 clkload92/ZN
 clkload93/Z
 clkload94/Z
 clkload95/ZN
 clkload96/ZN
 clkload97/ZN
 clkload98/ZN
 clkload99/Z
Found 0 partially unannotated drivers.

===========================================================================
max slew violation count 0
max fanout violation count 40
max cap violation count 527
============================================================================

===========================================================================
check_setup -verbose -unconstrained_endpoints -multiple_clock -no_clock -no_input_delay -loops -generated_clocks
===========================================================================
Warning: There are 18 unconstrained endpoints.
  clk_PD
  clk_PU
  cs_n_PD
  cs_n_PU
  miso_CS
  miso_IE
  miso_OE
  miso_PD
  miso_PDRV0
  miso_PDRV1
  miso_PU
  miso_SL
  mosi_PD
  mosi_PU
  rst_PD
  rst_PU
  sclk_PD
  sclk_PU
