┏━━━━━━━━━━━━━━━━━━━━━━┳━━━━━━━━━━┳━━━━━━━━━━┳━━━━━━━━━━┳━━━━━━━━━━┳━━━━━━━━━━┳━━━━━━━━━━━┳━━━━━━━━━━┳━━━━━━━━━━━┳━━━━━━━━━━┳━━━━━━━━━━━┳━━━━━━━━━━┳━━━━━━━━━━━┓
┃                      ┃ Hold     ┃ Reg to   ┃          ┃          ┃ of which ┃ Setup     ┃ Reg to   ┃           ┃ Setup    ┃ of which  ┃          ┃           ┃
┃                      ┃ Worst    ┃ Reg      ┃          ┃ Hold Vio ┃ reg to   ┃ Worst     ┃ Reg      ┃           ┃ Vio      ┃ reg to    ┃ Max Cap  ┃ Max Slew  ┃
┃ Corner/Group         ┃ Slack    ┃ Paths    ┃ Hold TNS ┃ Count    ┃ reg      ┃ Slack     ┃ Paths    ┃ Setup TNS ┃ Count    ┃ reg       ┃ Violati… ┃ Violatio… ┃
┡━━━━━━━━━━━━━━━━━━━━━━╇━━━━━━━━━━╇━━━━━━━━━━╇━━━━━━━━━━╇━━━━━━━━━━╇━━━━━━━━━━╇━━━━━━━━━━━╇━━━━━━━━━━╇━━━━━━━━━━━╇━━━━━━━━━━╇━━━━━━━━━━━╇━━━━━━━━━━╇━━━━━━━━━━━┩
│ Overall              │ -0.0530  │ 0.1725   │ -0.0530  │ 1        │ 0        │ -6.0236   │ -6.0236  │ -5910.73… │ 6150     │ 6150      │ 543      │ 63        │
│ nom_tt_025C_5v00     │ 0.4400   │ 0.4400   │ 0.0000   │ 0        │ 0        │ 6.0763    │ 6.0763   │ 0.0000    │ 0        │ 0         │ 413      │ 0         │
│ nom_ss_125C_4v50     │ 0.0879   │ 1.0587   │ 0.0000   │ 0        │ 0        │ -4.8751   │ -4.8751  │ -3702.37… │ 2114     │ 2114      │ 421      │ 21        │
│ nom_ff_n40C_5v50     │ 0.1742   │ 0.1742   │ 0.0000   │ 0        │ 0        │ 10.9771   │ 10.9771  │ 0.0000    │ 0        │ 0         │ 411      │ 0         │
│ min_tt_025C_5v00     │ 0.4375   │ 0.4375   │ 0.0000   │ 0        │ 0        │ 6.6192    │ 6.6192   │ 0.0000    │ 0        │ 0         │ 308      │ 0         │
│ min_ss_125C_4v50     │ 0.2087   │ 1.0545   │ 0.0000   │ 0        │ 0        │ -3.9108   │ -3.9108  │ -2135.22… │ 1658     │ 1658      │ 316      │ 11        │
│ min_ff_n40C_5v50     │ 0.1725   │ 0.1725   │ 0.0000   │ 0        │ 0        │ 11.3335   │ 11.3335  │ 0.0000    │ 0        │ 0         │ 305      │ 0         │
│ max_tt_025C_5v00     │ 0.4430   │ 0.4430   │ 0.0000   │ 0        │ 0        │ 5.4294    │ 5.4294   │ 0.0000    │ 0        │ 0         │ 533      │ 0         │
│ max_ss_125C_4v50     │ -0.0530  │ 1.0639   │ -0.0530  │ 1        │ 0        │ -6.0236   │ -6.0236  │ -5910.73… │ 2378     │ 2378      │ 543      │ 63        │
│ max_ff_n40C_5v50     │ 0.1762   │ 0.1762   │ 0.0000   │ 0        │ 0        │ 10.5539   │ 10.5539  │ 0.0000    │ 0        │ 0         │ 527      │ 0         │
└──────────────────────┴──────────┴──────────┴──────────┴──────────┴──────────┴───────────┴──────────┴───────────┴──────────┴───────────┴──────────┴───────────┘
