Clock: clk
Sources: clk 
Generated: no
Virtual: yes
Propagated: no
Period: 20.000000

===========================================================================
report_clock_properties
============================================================================
Clock                   Period          Waveform
----------------------------------------------------
clk                  20.000000    0.000000 10.000000

===========================================================================
report_clock_latency
============================================================================
Clock clk
rise -> rise
    min     max
0.000000 0.000000 source latency
1.330870         network latency _25369_/CLK
        1.713296 network latency _26139_/CLK
---------------
1.330870 1.713296 latency
        0.382426 skew

fall -> fall
    min     max
0.000000 0.000000 source latency
1.310948         network latency _25369_/CLK
        1.741724 network latency _26139_/CLK
---------------
1.310948 1.741724 latency
        0.430776 skew



===========================================================================
report_clock_min_period
============================================================================
clk period_min = 8.67 fmax = 115.39
