Clock: clk
Sources: clk 
Generated: no
Virtual: yes
Propagated: no
Period: 20.000000

===========================================================================
report_clock_properties
============================================================================
Clock                   Period          Waveform
----------------------------------------------------
clk                  20.000000    0.000000 10.000000

===========================================================================
report_clock_latency
============================================================================
Clock clk
rise -> rise
    min     max
0.000000 0.000000 source latency
1.335418         network latency _25435_/CLK
        1.613662 network latency _25970_/CLK
---------------
1.335418 1.613662 latency
        0.278244 skew

fall -> fall
    min     max
0.000000 0.000000 source latency
1.331670         network latency _25435_/CLK
        1.640387 network latency _25970_/CLK
---------------
1.331670 1.640387 latency
        0.308718 skew



===========================================================================
report_clock_min_period
============================================================================
clk period_min = 9.27 fmax = 107.89
