
===========================================================================
Violator List
============================================================================
[hold in-reg] mosi -> _24843_/D : -24.199774
[hold in-reg] sclk -> _24800_/D : -24.124771
[hold in-reg] cs_n -> _25071_/D : -24.013437
[hold in-reg] cs_n -> _25091_/D : -23.777857
[hold in-reg] cs_n -> _25096_/D : -23.477551
[setup reg-reg] _25075_/Q -> _25019_/D : -19.946207
[setup reg-reg] _25075_/Q -> _25345_/D : -18.566113
[setup reg-reg] _25075_/Q -> _25324_/D : -18.529455
[setup reg-reg] _25075_/Q -> _25308_/D : -18.187422
[setup reg-reg] _25086_/Q -> _25555_/D : -17.543186
[setup reg-reg] _25075_/Q -> _24821_/D : -17.445736
[setup reg-reg] _25075_/Q -> _24825_/D : -17.390224
[setup reg-reg] _25086_/Q -> _25373_/D : -17.328127
[setup reg-reg] _25075_/Q -> _24831_/D : -17.188093
[setup in-reg] rst -> _26201_/D : -17.181463
[setup in-reg] rst -> _26221_/D : -17.151014
[setup in-reg] rst -> _26425_/D : -17.145397
[setup in-reg] rst -> _26428_/D : -17.144981
[setup in-reg] rst -> _26301_/D : -17.123732
[setup in-reg] rst -> _26445_/D : -17.115341
[setup in-reg] rst -> _26477_/D : -17.106401
[setup in-reg] rst -> _26413_/D : -17.066769
[setup in-reg] rst -> _26045_/D : -17.064491
[setup in-reg] rst -> _26105_/D : -17.062605
[setup in-reg] rst -> _26109_/D : -17.060139
[setup in-reg] rst -> _26125_/D : -17.057755
[setup in-reg] rst -> _26329_/D : -17.054205
[setup in-reg] rst -> _26061_/D : -17.037184
[setup in-reg] rst -> _26349_/D : -17.028519
[setup in-reg] rst -> _26541_/D : -17.027794
[setup in-reg] rst -> _26381_/D : -16.999170
[setup reg-reg] _25086_/Q -> _25372_/D : -16.896347
[setup reg-reg] _25075_/Q -> _25319_/D : -16.814106
[setup reg-reg] _25075_/Q -> _25320_/D : -16.801178
[setup in-reg] rst -> _26423_/D : -16.647945
[setup in-reg] rst -> _26215_/D : -16.643023
[setup in-reg] rst -> _26198_/D : -16.642937
[setup in-reg] rst -> _26455_/D : -16.633375
[setup in-reg] rst -> _26204_/D : -16.630165
[setup in-reg] rst -> _26203_/D : -16.614010
[setup in-reg] rst -> _26167_/D : -16.610821
[setup reg-reg] _25075_/Q -> _24822_/D : -16.608141
[setup in-reg] rst -> _26299_/D : -16.606049
[setup in-reg] rst -> _26166_/D : -16.602446
[setup in-reg] rst -> _26426_/D : -16.598791
[setup in-reg] rst -> _26427_/D : -16.597050
[setup in-reg] rst -> _26171_/D : -16.596622
[setup in-reg] rst -> _26177_/D : -16.596222
[setup in-reg] rst -> _26471_/D : -16.595766
[setup in-reg] rst -> _26305_/D : -16.595352
[setup in-reg] rst -> _26465_/D : -16.594534
[setup in-reg] rst -> _26199_/D : -16.591692
[setup in-reg] rst -> _26460_/D : -16.587742
[setup in-reg] rst -> _26457_/D : -16.585539
[setup in-reg] rst -> _26103_/D : -16.572899
[setup in-reg] rst -> _26519_/D : -16.548317
[setup in-reg] rst -> _26433_/D : -16.543013
[setup in-reg] rst -> _26327_/D : -16.541147
[setup in-reg] rst -> _26422_/D : -16.540714
[setup in-reg] rst -> _26039_/D : -16.538837
[setup in-reg] rst -> _26102_/D : -16.537346
[setup in-reg] rst -> _26113_/D : -16.536358
[setup in-reg] rst -> _26108_/D : -16.533737
[setup in-reg] rst -> _26107_/D : -16.532810
[setup in-reg] rst -> _26294_/D : -16.531675
[setup in-reg] rst -> _26071_/D : -16.531229
[setup in-reg] rst -> _26263_/D : -16.529789
[setup in-reg] rst -> _26454_/D : -16.527456
[setup in-reg] rst -> _26300_/D : -16.524933
[setup in-reg] rst -> _26267_/D : -16.520292
[setup in-reg] rst -> _26094_/D : -16.519075
[setup in-reg] rst -> _26205_/D : -16.518648
[setup in-reg] rst -> _26391_/D : -16.517586
[setup in-reg] rst -> _26295_/D : -16.517067
[setup in-reg] rst -> _26286_/D : -16.515717
[setup in-reg] rst -> _26273_/D : -16.513927
[setup in-reg] rst -> _26459_/D : -16.513447
[setup in-reg] rst -> _26044_/D : -16.510647
[setup in-reg] rst -> _26393_/D : -16.509954
[setup in-reg] rst -> _26087_/D : -16.508921
[setup in-reg] rst -> _26209_/D : -16.507973
[setup in-reg] rst -> _26074_/D : -16.507101
[setup in-reg] rst -> _26070_/D : -16.505836
[setup in-reg] rst -> _26326_/D : -16.505486
[setup in-reg] rst -> _26049_/D : -16.504700
[setup in-reg] rst -> _26332_/D : -16.504671
[setup in-reg] rst -> _26262_/D : -16.503010
[setup in-reg] rst -> _26337_/D : -16.500017
[setup in-reg] rst -> _26347_/D : -16.499624
[setup in-reg] rst -> _26038_/D : -16.498802
[setup in-reg] rst -> _26487_/D : -16.497282
[setup in-reg] rst -> _26219_/D : -16.497154
[setup in-reg] rst -> _26523_/D : -16.496841
[setup in-reg] rst -> _26518_/D : -16.493851
[setup in-reg] rst -> _26529_/D : -16.493641
[setup in-reg] rst -> _26224_/D : -16.492340
[setup in-reg] rst -> _26359_/D : -16.491858
[setup in-reg] rst -> _26539_/D : -16.490202
[setup in-reg] rst -> _26497_/D : -16.488625
[setup in-reg] rst -> _26043_/D : -16.483543
[setup in-reg] rst -> _26486_/D : -16.481352
[setup in-reg] rst -> _26158_/D : -16.479635
[setup in-reg] rst -> _26429_/D : -16.479425
[setup in-reg] rst -> _26507_/D : -16.478474
[setup in-reg] rst -> _26363_/D : -16.477106
[setup in-reg] rst -> _26297_/D : -16.475981
[setup in-reg] rst -> _26361_/D : -16.475664
[setup in-reg] rst -> _26135_/D : -16.471201
[setup in-reg] rst -> _26317_/D : -16.470917
[setup in-reg] rst -> _26443_/D : -16.469671
[setup in-reg] rst -> _26172_/D : -16.468622
[setup in-reg] rst -> _26189_/D : -16.465813
[setup in-reg] rst -> _26231_/D : -16.465055
[setup in-reg] rst -> _26254_/D : -16.463182
[setup in-reg] rst -> _26320_/D : -16.460390
[setup in-reg] rst -> _26395_/D : -16.459297
[setup in-reg] rst -> _26169_/D : -16.459208
[setup in-reg] rst -> _26475_/D : -16.459211
[setup in-reg] rst -> _26234_/D : -16.458759
[setup in-reg] rst -> _26241_/D : -16.458334
[setup in-reg] rst -> _26448_/D : -16.458305
[setup in-reg] rst -> _26173_/D : -16.458277
[setup in-reg] rst -> _26230_/D : -16.455975
[setup in-reg] rst -> _26461_/D : -16.455965
[setup in-reg] rst -> _26315_/D : -16.453300
[setup in-reg] rst -> _26331_/D : -16.452902
[setup in-reg] rst -> _26439_/D : -16.451683
[setup in-reg] rst -> _26192_/D : -16.445011
[setup in-reg] rst -> _26183_/D : -16.444830
[setup in-reg] rst -> _26178_/D : -16.437767
[setup in-reg] rst -> _26480_/D : -16.435892
[setup in-reg] rst -> _26187_/D : -16.435764
[setup in-reg] rst -> _26268_/D : -16.431746
[setup in-reg] rst -> _26075_/D : -16.425745
[setup in-reg] rst -> _26396_/D : -16.417858
[setup in-reg] rst -> _26134_/D : -16.409885
[setup in-reg] rst -> _26369_/D : -16.408216
[setup in-reg] rst -> _26492_/D : -16.406693
[setup in-reg] rst -> _26491_/D : -16.402737
[setup in-reg] rst -> _26139_/D : -16.397856
[setup in-reg] rst -> _26076_/D : -16.396431
[setup in-reg] rst -> _26364_/D : -16.395508
[setup in-reg] rst -> _26285_/D : -16.395414
[setup in-reg] rst -> _26524_/D : -16.391468
[setup in-reg] rst -> _26265_/D : -16.391302
[setup in-reg] rst -> _26145_/D : -16.390751
[setup in-reg] rst -> _26235_/D : -16.387695
[setup in-reg] rst -> _26397_/D : -16.387659
[setup in-reg] rst -> _26236_/D : -16.387325
[setup in-reg] rst -> _26128_/D : -16.385248
[setup in-reg] rst -> _26411_/D : -16.384495
[setup in-reg] rst -> _26041_/D : -16.384409
[setup in-reg] rst -> _26064_/D : -16.384323
[setup in-reg] rst -> _26059_/D : -16.382605
[setup in-reg] rst -> _26119_/D : -16.379908
[setup in-reg] rst -> _26123_/D : -16.377712
[setup in-reg] rst -> _26401_/D : -16.377411
[setup in-reg] rst -> _26269_/D : -16.375002
[setup in-reg] rst -> _26073_/D : -16.374208
[setup in-reg] rst -> _26091_/D : -16.373146
[setup in-reg] rst -> _26077_/D : -16.372425
[setup in-reg] rst -> _26093_/D : -16.370863
[setup in-reg] rst -> _26288_/D : -16.368227
[setup in-reg] rst -> _26352_/D : -16.367569
[setup in-reg] rst -> _26055_/D : -16.366919
[setup in-reg] rst -> _26416_/D : -16.365435
[setup in-reg] rst -> _26081_/D : -16.364534
[setup in-reg] rst -> _26279_/D : -16.363739
[setup in-reg] rst -> _26283_/D : -16.362606
[setup in-reg] rst -> _26407_/D : -16.362524
[setup in-reg] rst -> _26333_/D : -16.362347
[setup in-reg] rst -> _26379_/D : -16.359875
[setup in-reg] rst -> _26521_/D : -16.359859
[setup in-reg] rst -> _26096_/D : -16.358961
[setup in-reg] rst -> _26140_/D : -16.358063
[setup in-reg] rst -> _26525_/D : -16.355827
[setup in-reg] rst -> _26509_/D : -16.346714
[setup in-reg] rst -> _26489_/D : -16.346529
[setup in-reg] rst -> _26493_/D : -16.342541
[setup in-reg] rst -> _26535_/D : -16.342546
[setup in-reg] rst -> _26544_/D : -16.339638
[setup in-reg] rst -> _26365_/D : -16.334597
[setup in-reg] rst -> _26157_/D : -16.333324
[setup in-reg] rst -> _26137_/D : -16.333155
[setup in-reg] rst -> _26237_/D : -16.327942
[setup in-reg] rst -> _26233_/D : -16.327736
[setup in-reg] rst -> _26253_/D : -16.327385
[setup in-reg] rst -> _26251_/D : -16.326748
[setup in-reg] rst -> _26155_/D : -16.325235
[setup in-reg] rst -> _26141_/D : -16.324490
[setup in-reg] rst -> _26512_/D : -16.321390
[setup in-reg] rst -> _26160_/D : -16.320162
[setup in-reg] rst -> _26384_/D : -16.317799
[setup in-reg] rst -> _26256_/D : -16.305347
[setup in-reg] rst -> _26247_/D : -16.300228
[setup in-reg] rst -> _26222_/D : -16.079910
[setup in-reg] rst -> _26446_/D : -16.047377
[setup reg-reg] _25075_/Q -> _25028_/D : -16.037575
[setup in-reg] rst -> _26190_/D : -16.033094
[setup in-reg] rst -> _26211_/D : -16.015972
[setup in-reg] rst -> _26179_/D : -16.009310
[setup in-reg] rst -> _26307_/D : -16.006727
[setup in-reg] rst -> _26302_/D : -16.002890
[setup in-reg] rst -> _26208_/D : -16.002588
[setup in-reg] rst -> _26200_/D : -16.000353
[setup in-reg] rst -> _26176_/D : -15.999846
[setup in-reg] rst -> _26310_/D : -15.996918
[setup in-reg] rst -> _26304_/D : -15.996815
[setup in-reg] rst -> _26296_/D : -15.994370
[setup in-reg] rst -> _26188_/D : -15.993425
[setup in-reg] rst -> _26440_/D : -15.992836
[setup in-reg] rst -> _26430_/D : -15.991053
[setup in-reg] rst -> _26220_/D : -15.988065
[setup in-reg] rst -> _26444_/D : -15.986665
[setup in-reg] rst -> _26432_/D : -15.986029
[setup in-reg] rst -> _26216_/D : -15.985699
[setup in-reg] rst -> _26316_/D : -15.984924
[setup in-reg] rst -> _26424_/D : -15.983990
[setup in-reg] rst -> _26174_/D : -15.979002
[setup in-reg] rst -> _26126_/D : -15.972255
[setup reg-reg] _25075_/Q -> _25336_/D : -15.972223
[setup in-reg] rst -> _26467_/D : -15.969526
[setup in-reg] rst -> _26472_/D : -15.966536
[setup in-reg] rst -> _26478_/D : -15.962603
[setup in-reg] rst -> _26390_/D : -15.960119
[setup in-reg] rst -> _26464_/D : -15.957035
[setup in-reg] rst -> _26456_/D : -15.955735
[setup in-reg] rst -> _26462_/D : -15.955671
[setup in-reg] rst -> _26542_/D : -15.954410
[setup in-reg] rst -> _26062_/D : -15.953734
[setup in-reg] rst -> _26115_/D : -15.951010
[setup in-reg] rst -> _26168_/D : -15.946832
[setup in-reg] rst -> _26476_/D : -15.946778
[setup reg-reg] _25075_/Q -> _24826_/D : -15.946232
[setup in-reg] rst -> _26312_/D : -15.944029
[setup in-reg] rst -> _26118_/D : -15.943922
[setup in-reg] rst -> _26482_/D : -15.941148
[setup reg-reg] _25075_/Q -> _25009_/D : -15.941037
[setup in-reg] rst -> _26104_/D : -15.935207
[setup in-reg] rst -> _26392_/D : -15.933257
[setup in-reg] rst -> _26060_/D : -15.932862
[setup in-reg] rst -> _26112_/D : -15.931995
[setup in-reg] rst -> _26435_/D : -15.931985
[setup in-reg] rst -> _26110_/D : -15.930560
[setup in-reg] rst -> _26124_/D : -15.930290
[setup in-reg] rst -> _26358_/D : -15.928322
[setup in-reg] rst -> _26382_/D : -15.926450
[setup reg-reg] _25075_/Q -> _24832_/D : -15.921419
[setup in-reg] rst -> _26048_/D : -15.920797
[setup in-reg] rst -> _26328_/D : -15.919074
[setup in-reg] rst -> _26130_/D : -15.917966
[setup in-reg] rst -> _26111_/D : -15.917511
[setup in-reg] rst -> _26318_/D : -15.914914
[setup in-reg] rst -> _26092_/D : -15.905983
[setup in-reg] rst -> _26206_/D : -15.905478
[setup in-reg] rst -> _26398_/D : -15.895061
[setup in-reg] rst -> _26408_/D : -15.894444
[setup reg-reg] _25075_/Q -> _24828_/D : -15.892174
[setup in-reg] rst -> _26414_/D : -15.891914
[setup in-reg] rst -> _26120_/D : -15.891680
[setup in-reg] rst -> _26531_/D : -15.889456
[setup in-reg] rst -> _26412_/D : -15.889367
[setup in-reg] rst -> _26526_/D : -15.888134
[setup in-reg] rst -> _26399_/D : -15.887839
[setup in-reg] rst -> _26051_/D : -15.887111
[setup in-reg] rst -> _26400_/D : -15.884258
[setup in-reg] rst -> _26540_/D : -15.880861
[setup in-reg] rst -> _26252_/D : -15.877302
[setup in-reg] rst -> _26335_/D : -15.876343
[setup in-reg] rst -> _26275_/D : -15.875540
[setup in-reg] rst -> _26336_/D : -15.873720
[setup in-reg] rst -> _26270_/D : -15.873316
[setup in-reg] rst -> _26280_/D : -15.873013
[setup in-reg] rst -> _26334_/D : -15.871895
[setup in-reg] rst -> _26271_/D : -15.871017
[setup in-reg] rst -> _26136_/D : -15.870499
[setup in-reg] rst -> _26046_/D : -15.870093
[setup in-reg] rst -> _26144_/D : -15.869500
[setup in-reg] rst -> _26528_/D : -15.869379
[setup in-reg] rst -> _26079_/D : -15.869138
[setup in-reg] rst -> _26520_/D : -15.868182
[setup in-reg] rst -> _26142_/D : -15.868075
[setup in-reg] rst -> _26536_/D : -15.867983
[setup in-reg] rst -> _26088_/D : -15.867439
[setup in-reg] rst -> _26496_/D : -15.866992
[setup in-reg] rst -> _26240_/D : -15.866747
[setup in-reg] rst -> _26360_/D : -15.866342
[setup in-reg] rst -> _26150_/D : -15.865759
[setup in-reg] rst -> _26354_/D : -15.864462
[setup in-reg] rst -> _26156_/D : -15.864320
[setup in-reg] rst -> _26040_/D : -15.864018
[setup in-reg] rst -> _26366_/D : -15.863609
[setup in-reg] rst -> _26072_/D : -15.862444
[setup in-reg] rst -> _26264_/D : -15.861400
[setup in-reg] rst -> _26284_/D : -15.860757
[setup in-reg] rst -> _26348_/D : -15.860753
[setup in-reg] rst -> _26344_/D : -15.859507
[setup in-reg] rst -> _26238_/D : -15.857413
[setup in-reg] rst -> _26376_/D : -15.856412
[setup in-reg] rst -> _26380_/D : -15.853999
[setup in-reg] rst -> _26494_/D : -15.853338
[setup in-reg] rst -> _26272_/D : -15.850908
[setup in-reg] rst -> _26066_/D : -15.850791
[setup in-reg] rst -> _26499_/D : -15.848116
[setup in-reg] rst -> _26290_/D : -15.847541
[setup in-reg] rst -> _26214_/D : -15.845896
[setup in-reg] rst -> _26056_/D : -15.845434
[setup in-reg] rst -> _26080_/D : -15.842566
[setup in-reg] rst -> _26368_/D : -15.841518
[setup in-reg] rst -> _26243_/D : -15.841174
[setup reg-reg] _25075_/Q -> _24833_/D : -15.839370
[setup in-reg] rst -> _26527_/D : -15.836310
[setup in-reg] rst -> _26495_/D : -15.831415
[setup in-reg] rst -> _26514_/D : -15.829500
[setup in-reg] rst -> _26248_/D : -15.828154
[setup in-reg] rst -> _26232_/D : -15.825699
[setup in-reg] rst -> _26054_/D : -15.823982
[setup in-reg] rst -> _26504_/D : -15.822906
[setup in-reg] rst -> _26147_/D : -15.821478
[setup in-reg] rst -> _26330_/D : -15.820053
[setup in-reg] rst -> _26042_/D : -15.819705
[setup in-reg] rst -> _26278_/D : -15.819240
[setup in-reg] rst -> _26202_/D : -15.813637
[setup in-reg] rst -> _26217_/D : -15.812074
[setup in-reg] rst -> _26078_/D : -15.811956
[setup in-reg] rst -> _26083_/D : -15.811616
[setup in-reg] rst -> _26488_/D : -15.811114
[setup in-reg] rst -> _26175_/D : -15.811026
[setup in-reg] rst -> _26508_/D : -15.810863
[setup in-reg] rst -> _26086_/D : -15.808087
[setup in-reg] rst -> _26152_/D : -15.801703
[setup in-reg] rst -> _26463_/D : -15.799540
[setup reg-reg] _25075_/Q -> _25018_/D : -15.799383
[setup in-reg] rst -> _26212_/D : -15.798613
[setup in-reg] rst -> _26350_/D : -15.796446
[setup in-reg] rst -> _26298_/D : -15.794992
[setup in-reg] rst -> _26458_/D : -15.791980
[setup in-reg] rst -> _26170_/D : -15.790878
[setup in-reg] rst -> _26218_/D : -15.789493
[setup in-reg] rst -> _26210_/D : -15.787077
[setup in-reg] rst -> _26223_/D : -15.786807
[setup in-reg] rst -> _26438_/D : -15.779737
[setup in-reg] rst -> _26502_/D : -15.776934
[setup in-reg] rst -> _26442_/D : -15.775936
[setup in-reg] rst -> _26246_/D : -15.770912
[setup in-reg] rst -> _26534_/D : -15.769615
[setup in-reg] rst -> _26342_/D : -15.768482
[setup in-reg] rst -> _26447_/D : -15.766557
[setup in-reg] rst -> _26313_/D : -15.762307
[setup in-reg] rst -> _26468_/D : -15.762293
[setup in-reg] rst -> _26473_/D : -15.760688
[setup in-reg] rst -> _26319_/D : -15.753380
[setup in-reg] rst -> _26311_/D : -15.751568
[setup in-reg] rst -> _26470_/D : -15.748012
[setup in-reg] rst -> _26479_/D : -15.744949
[setup in-reg] rst -> _26306_/D : -15.744476
[setup in-reg] rst -> _26314_/D : -15.743251
[setup in-reg] rst -> _26434_/D : -15.742970
[setup in-reg] rst -> _26207_/D : -15.740519
[setup in-reg] rst -> _26510_/D : -15.737652
[setup in-reg] rst -> _26106_/D : -15.735520
[setup in-reg] rst -> _26466_/D : -15.735286
[setup in-reg] rst -> _26431_/D : -15.734003
[setup in-reg] rst -> _26182_/D : -15.732469
[setup in-reg] rst -> _26394_/D : -15.727193
[setup in-reg] rst -> _26226_/D : -15.726961
[setup in-reg] rst -> _26191_/D : -15.725210
[setup in-reg] rst -> _26403_/D : -15.724496
[setup in-reg] rst -> _26225_/D : -15.721178
[setup in-reg] rst -> _26339_/D : -15.712359
[setup in-reg] rst -> _26114_/D : -15.708842
[setup in-reg] rst -> _26227_/D : -15.708754
[setup in-reg] rst -> _26303_/D : -15.707880
[setup in-reg] rst -> _26441_/D : -15.706935
[setup in-reg] rst -> _26522_/D : -15.706676
[setup in-reg] rst -> _26121_/D : -15.706647
[setup in-reg] rst -> _26047_/D : -15.704629
[setup in-reg] rst -> _26127_/D : -15.699186
[setup in-reg] rst -> _26436_/D : -15.698529
[setup in-reg] rst -> _26450_/D : -15.697772
[setup in-reg] rst -> _26184_/D : -15.696067
[setup in-reg] rst -> _26362_/D : -15.694071
[setup in-reg] rst -> _26371_/D : -15.692696
[setup in-reg] rst -> _26537_/D : -15.692535
[setup in-reg] rst -> _26185_/D : -15.691847
[setup in-reg] rst -> _26194_/D : -15.689562
[setup in-reg] rst -> _26449_/D : -15.685800
[setup in-reg] rst -> _26266_/D : -15.685328
[setup in-reg] rst -> _26229_/D : -15.684503
[setup in-reg] rst -> _26406_/D : -15.681753
[setup in-reg] rst -> _26451_/D : -15.679760
[setup in-reg] rst -> _26063_/D : -15.677692
[setup in-reg] rst -> _26409_/D : -15.677426
[setup in-reg] rst -> _26345_/D : -15.676932
[setup in-reg] rst -> _26058_/D : -15.674776
[setup in-reg] rst -> _26322_/D : -15.674583
[setup reg-reg] _25075_/Q -> _24823_/D : -15.673848
[setup in-reg] rst -> _26089_/D : -15.670757
[setup in-reg] rst -> _26195_/D : -15.670082
[setup in-reg] rst -> _26057_/D : -15.670005
[setup in-reg] rst -> _26308_/D : -15.669972
[setup in-reg] rst -> _26193_/D : -15.669863
[setup in-reg] rst -> _26481_/D : -15.669851
[setup in-reg] rst -> _26490_/D : -15.669035
[setup in-reg] rst -> _26530_/D : -15.669006
[setup in-reg] rst -> _26082_/D : -15.668778
[setup in-reg] rst -> _26321_/D : -15.668022
[setup in-reg] rst -> _26538_/D : -15.667742
[setup in-reg] rst -> _26213_/D : -15.667411
[setup in-reg] rst -> _26090_/D : -15.665528
[setup in-reg] rst -> _26050_/D : -15.665375
[setup in-reg] rst -> _26095_/D : -15.664441
[setup in-reg] rst -> _26415_/D : -15.662786
[setup in-reg] rst -> _26453_/D : -15.661610
[setup in-reg] rst -> _26483_/D : -15.660469
[setup in-reg] rst -> _26228_/D : -15.657449
[setup in-reg] rst -> _26282_/D : -15.657314
[setup in-reg] rst -> _26351_/D : -15.657261
[setup in-reg] rst -> _26180_/D : -15.657062
[setup in-reg] rst -> _26410_/D : -15.657012
[setup in-reg] rst -> _26543_/D : -15.656775
[setup in-reg] rst -> _26274_/D : -15.656724
[setup in-reg] rst -> _26287_/D : -15.656721
[setup in-reg] rst -> _26343_/D : -15.656344
[setup in-reg] rst -> _26374_/D : -15.655854
[setup in-reg] rst -> _26375_/D : -15.653804
[setup in-reg] rst -> _26402_/D : -15.652735
[setup in-reg] rst -> _26377_/D : -15.651427
[setup reg-reg] _25075_/Q -> _24829_/D : -15.649796
[setup in-reg] rst -> _26370_/D : -15.645839
[setup in-reg] rst -> _26505_/D : -15.645330
[setup in-reg] rst -> _26338_/D : -15.645206
[setup in-reg] rst -> _26437_/D : -15.640364
[setup in-reg] rst -> _26503_/D : -15.635312
[setup in-reg] rst -> _26186_/D : -15.635145
[setup in-reg] rst -> _26323_/D : -15.635149
[setup in-reg] rst -> _26138_/D : -15.634836
[setup in-reg] rst -> _26383_/D : -15.634847
[setup in-reg] rst -> _26474_/D : -15.633408
[setup in-reg] rst -> _26452_/D : -15.633358
[setup reg-reg] _25075_/Q -> _24830_/D : -15.628200
[setup in-reg] rst -> _26511_/D : -15.625194
[setup in-reg] rst -> _26249_/D : -15.624252
[setup in-reg] rst -> _26498_/D : -15.623080
[setup reg-reg] _25075_/Q -> _25354_/D : -15.621137
[setup in-reg] rst -> _26181_/D : -15.621023
[setup in-reg] rst -> _26309_/D : -15.619371
[setup in-reg] rst -> _26153_/D : -15.618675
[setup in-reg] rst -> _26196_/D : -15.618550
[setup in-reg] rst -> _26325_/D : -15.617368
[setup in-reg] rst -> _26197_/D : -15.614394
[setup in-reg] rst -> _26324_/D : -15.614326
[setup in-reg] rst -> _26244_/D : -15.614081
[setup in-reg] rst -> _26151_/D : -15.612692
[setup in-reg] rst -> _26129_/D : -15.611782
[setup in-reg] rst -> _26469_/D : -15.611658
[setup in-reg] rst -> _26146_/D : -15.610766
[setup in-reg] rst -> _26484_/D : -15.606201
[setup in-reg] rst -> _26255_/D : -15.605573
[setup in-reg] rst -> _26532_/D : -15.604834
[setup in-reg] rst -> _26418_/D : -15.604506
[setup in-reg] rst -> _26485_/D : -15.604407
[setup in-reg] rst -> _26159_/D : -15.602865
[setup in-reg] rst -> _26116_/D : -15.601508
[setup in-reg] rst -> _26545_/D : -15.599902
[setup in-reg] rst -> _26117_/D : -15.599078
[setup in-reg] rst -> _26250_/D : -15.598580
[setup in-reg] rst -> _26242_/D : -15.597653
[setup in-reg] rst -> _26417_/D : -15.595419
[setup in-reg] rst -> _26281_/D : -15.594530
[setup in-reg] rst -> _26546_/D : -15.593767
[setup reg-reg] _25075_/Q -> _24820_/D : -15.592672
[setup in-reg] rst -> _26131_/D : -15.591369
[setup in-reg] rst -> _26404_/D : -15.590417
[setup in-reg] rst -> _26547_/D : -15.588103
[setup in-reg] rst -> _26068_/D : -15.587333
[setup in-reg] rst -> _26084_/D : -15.584579
[setup in-reg] rst -> _26386_/D : -15.584270
[setup in-reg] rst -> _26340_/D : -15.582580
[setup in-reg] rst -> _26353_/D : -15.581009
[setup in-reg] rst -> _26367_/D : -15.580739
[setup in-reg] rst -> _26122_/D : -15.578945
[setup in-reg] rst -> _26067_/D : -15.574841
[setup in-reg] rst -> _26052_/D : -15.574355
[setup in-reg] rst -> _26291_/D : -15.572906
[setup in-reg] rst -> _26065_/D : -15.572632
[setup in-reg] rst -> _26276_/D : -15.571662
[setup in-reg] rst -> _26419_/D : -15.570581
[setup in-reg] rst -> _26053_/D : -15.569263
[setup in-reg] rst -> _26372_/D : -15.569146
[setup in-reg] rst -> _26098_/D : -15.567686
[setup in-reg] rst -> _26420_/D : -15.567665
[setup in-reg] rst -> _26385_/D : -15.566401
[setup in-reg] rst -> _26099_/D : -15.564642
[setup in-reg] rst -> _26289_/D : -15.564105
[setup in-reg] rst -> _26548_/D : -15.563156
[setup in-reg] rst -> _26069_/D : -15.561501
[setup in-reg] rst -> _26549_/D : -15.561199
[setup in-reg] rst -> _26132_/D : -15.557320
[setup in-reg] rst -> _26133_/D : -15.557184
[setup in-reg] rst -> _26513_/D : -15.557135
[setup in-reg] rst -> _26357_/D : -15.555771
[setup in-reg] rst -> _26097_/D : -15.555383
[setup in-reg] rst -> _26355_/D : -15.552644
[setup reg-reg] _25075_/Q -> _24872_/D : -15.550658
[setup in-reg] rst -> _26515_/D : -15.549773
[setup in-reg] rst -> _26346_/D : -15.546967
[setup in-reg] rst -> _26387_/D : -15.544804
[setup in-reg] rst -> _26239_/D : -15.544664
[setup in-reg] rst -> _26143_/D : -15.544185
[setup in-reg] rst -> _26378_/D : -15.540604
[setup in-reg] rst -> _26388_/D : -15.538980
[setup in-reg] rst -> _26405_/D : -15.536930
[setup in-reg] rst -> _26277_/D : -15.536614
[setup in-reg] rst -> _26421_/D : -15.535492
[setup in-reg] rst -> _26154_/D : -15.535008
[setup in-reg] rst -> _26293_/D : -15.534859
[setup in-reg] rst -> _26258_/D : -15.533278
[setup in-reg] rst -> _26292_/D : -15.532340
[setup in-reg] rst -> _26162_/D : -15.532105
[setup in-reg] rst -> _26085_/D : -15.530902
[setup in-reg] rst -> _26533_/D : -15.528769
[setup in-reg] rst -> _26373_/D : -15.526322
[setup in-reg] rst -> _26500_/D : -15.525470
[setup in-reg] rst -> _26356_/D : -15.524912
[setup in-reg] rst -> _26101_/D : -15.524428
[setup in-reg] rst -> _26100_/D : -15.522421
[setup in-reg] rst -> _26341_/D : -15.519774
[setup in-reg] rst -> _26516_/D : -15.519739
[setup reg-reg] _25075_/Q -> _24869_/D : -15.517775
[setup in-reg] rst -> _26148_/D : -15.514793
[setup in-reg] rst -> _26164_/D : -15.514030
[setup in-reg] rst -> _26161_/D : -15.512310
[setup in-reg] rst -> _26163_/D : -15.508239
[setup in-reg] rst -> _26389_/D : -15.505010
[setup in-reg] rst -> _26259_/D : -15.503674
[setup in-reg] rst -> _26165_/D : -15.502778
[setup in-reg] rst -> _26257_/D : -15.500892
[setup in-reg] rst -> _26506_/D : -15.492966
[setup in-reg] rst -> _26501_/D : -15.492799
[setup in-reg] rst -> _26517_/D : -15.490781
[setup in-reg] rst -> _26149_/D : -15.479604
[setup in-reg] rst -> _26245_/D : -15.479053
[setup in-reg] rst -> _26260_/D : -15.479021
[setup reg-reg] _25086_/Q -> _25374_/D : -15.476296
[setup in-reg] rst -> _26261_/D : -15.471806
[setup reg-reg] _25075_/Q -> _24815_/D : -15.361881
[setup reg-reg] _25075_/Q -> _25029_/D : -15.361423
[setup reg-reg] _25075_/Q -> _24827_/D : -15.333584
[setup reg-reg] _25075_/Q -> _24812_/D : -15.280368
[setup reg-reg] _25075_/Q -> _24861_/D : -15.268231
[setup reg-reg] _25075_/Q -> _24816_/D : -15.179229
[setup reg-reg] _25075_/Q -> _25364_/D : -15.141790
[setup reg-reg] _25075_/Q -> _24866_/D : -15.133516
[setup reg-reg] _25075_/Q -> _24813_/D : -15.124442
[setup reg-reg] _25075_/Q -> _24824_/D : -15.110765
[setup reg-reg] _25075_/Q -> _24817_/D : -15.052965
[setup reg-reg] _25075_/Q -> _24818_/D : -15.027678
[setup reg-reg] _25075_/Q -> _24868_/D : -15.006031
[setup reg-reg] _25075_/Q -> _24853_/D : -14.942771
[setup reg-reg] _25075_/Q -> _25363_/D : -14.862238
[setup reg-reg] _25075_/Q -> _24862_/D : -14.849380
[setup reg-out] _24788_/Q -> miso_OUT : -14.802290
[setup reg-reg] _25075_/Q -> _24811_/D : -14.722499
[setup reg-reg] _25075_/Q -> _24863_/D : -14.513294
[setup reg-reg] _25075_/Q -> _24819_/D : -14.490666
[setup reg-reg] _25075_/Q -> _24852_/D : -14.440055
[setup reg-reg] _25075_/Q -> _24860_/D : -14.175605
[setup reg-reg] _25075_/Q -> _25010_/D : -13.959774
[setup reg-reg] _25075_/Q -> _24874_/D : -13.836988
[setup reg-reg] _25086_/Q -> _25554_/D : -13.777510
[setup reg-reg] _25075_/Q -> _24873_/D : -13.687171
[setup reg-reg] _25075_/Q -> _25068_/D : -13.543534
[setup reg-reg] _25075_/Q -> _24867_/D : -13.533345
[setup reg-reg] _25075_/Q -> _24864_/D : -13.499765
[setup reg-reg] _25075_/Q -> _25054_/D : -13.465734
[setup reg-reg] _25075_/Q -> _24871_/D : -13.332450
[setup reg-reg] _25075_/Q -> _24858_/D : -13.310373
[setup reg-reg] _25075_/Q -> _24854_/D : -13.299840
[setup reg-reg] _25075_/Q -> _24870_/D : -12.993176
[setup reg-reg] _25086_/Q -> _25375_/D : -12.975846
[setup reg-reg] _25075_/Q -> _25057_/D : -12.952186
[setup reg-reg] _25075_/Q -> _25044_/D : -12.929687
[setup reg-reg] _25075_/Q -> _24857_/D : -12.876925
[setup reg-reg] _25075_/Q -> _24865_/D : -12.868128
[setup reg-reg] _25075_/Q -> _24859_/D : -12.767874
[setup reg-reg] _25075_/Q -> _25012_/D : -12.471624
[setup reg-reg] _25075_/Q -> _25059_/D : -12.179975
[setup reg-reg] _25075_/Q -> _24856_/D : -11.798434
[setup reg-reg] _25075_/Q -> _25361_/D : -11.251320
[setup reg-reg] _25086_/Q -> _25552_/D : -10.907090
[setup reg-reg] _25075_/Q -> _24882_/D : -10.357521
[setup reg-reg] _25075_/Q -> _25079_/D : -9.901744
[setup reg-reg] _25075_/Q -> _24883_/D : -9.652915
[setup reg-reg] _25075_/Q -> _24877_/D : -9.614696
[setup reg-reg] _25075_/Q -> _24880_/D : -9.488169
[setup reg-reg] _25075_/Q -> _24879_/D : -9.368474
[setup reg-reg] _25075_/Q -> _25077_/D : -9.292891
[setup reg-reg] _25075_/Q -> _25103_/D : -9.129842
[setup reg-reg] _25075_/Q -> _24881_/D : -9.116065
[setup reg-reg] _25075_/Q -> _24878_/D : -9.074999
[setup reg-reg] _25075_/Q -> _24876_/D : -8.863307
[setup reg-reg] _25075_/Q -> _25078_/D : -8.481802
[setup reg-reg] _25075_/Q -> _25089_/D : -8.430085
[setup reg-reg] _25075_/Q -> _25076_/D : -8.325600
[setup reg-reg] _25075_/Q -> _25006_/D : -7.582014
[setup reg-reg] _25075_/Q -> _25084_/D : -7.509879
[setup reg-reg] _25075_/Q -> _25017_/D : -6.611263
[setup reg-reg] _25075_/Q -> _25027_/D : -6.541885
[setup reg-reg] _25095_/Q -> _24993_/D : -6.319628
[setup reg-reg] _25095_/Q -> _24992_/D : -6.319383
[setup reg-reg] _25095_/Q -> _24995_/D : -6.319159
[setup reg-reg] _25095_/Q -> _24990_/D : -6.318118
[setup reg-reg] _25095_/Q -> _24987_/D : -6.316658
[setup reg-reg] _25095_/Q -> _24983_/D : -6.304106
[setup reg-reg] _25095_/Q -> _24985_/D : -6.279183
[setup reg-reg] _25075_/Q -> _27542_/D : -6.265186
[setup reg-reg] _25095_/Q -> _24999_/D : -6.261768
[setup reg-reg] _25075_/Q -> _27543_/D : -6.237073
[setup reg-reg] _25095_/Q -> _24986_/D : -6.222916
[setup reg-reg] _25075_/Q -> _27547_/D : -6.217430
[setup reg-reg] _25095_/Q -> _24989_/D : -6.198277
[setup reg-reg] _25075_/Q -> _25251_/D : -6.176887
[setup reg-reg] _25095_/Q -> _24982_/D : -6.170065
[setup reg-reg] _25075_/Q -> _27546_/D : -6.168684
[setup reg-reg] _25075_/Q -> _25252_/D : -6.164296
[setup reg-reg] _25075_/Q -> _25250_/D : -6.143559
[setup reg-reg] _25075_/Q -> _25255_/D : -6.138056
[setup reg-reg] _25095_/Q -> _24997_/D : -6.129923
[setup reg-reg] _25095_/Q -> _24996_/D : -6.129110
[setup reg-reg] _25075_/Q -> _25267_/D : -6.123927
[setup reg-reg] _25095_/Q -> _24988_/D : -6.122150
[setup reg-reg] _25095_/Q -> _24973_/D : -6.118608
[setup reg-reg] _25095_/Q -> _24980_/D : -6.114924
[setup reg-reg] _25095_/Q -> _24994_/D : -6.111076
[setup reg-reg] _25095_/Q -> _24991_/D : -6.089700
[setup reg-reg] _25095_/Q -> _25003_/D : -6.088900
[setup reg-reg] _25095_/Q -> _24979_/D : -6.070323
[setup reg-reg] _25075_/Q -> _25254_/D : -6.068074
[setup reg-reg] _25095_/Q -> _24976_/D : -6.049209
[setup reg-reg] _25075_/Q -> _25117_/D : -6.049184
[setup reg-reg] _25095_/Q -> _24984_/D : -6.047739
[setup reg-reg] _25075_/Q -> _25247_/D : -6.039901
[setup reg-reg] _25075_/Q -> _25253_/D : -6.010592
[setup reg-reg] _25075_/Q -> _25242_/D : -6.010126
[setup reg-reg] _25075_/Q -> _25246_/D : -6.000743
[setup reg-reg] _25075_/Q -> _25259_/D : -5.985655
[setup reg-reg] _25075_/Q -> _25265_/D : -5.977647
[setup reg-reg] _25075_/Q -> _25268_/D : -5.975430
[setup reg-reg] _25075_/Q -> _25135_/D : -5.934506
[setup reg-reg] _25075_/Q -> _25026_/D : -5.819260
[setup reg-reg] _25075_/Q -> _25085_/D : -5.691995
[setup reg-reg] _25075_/Q -> _25258_/D : -5.682058
[setup reg-reg] _25075_/Q -> _25257_/D : -5.676857
[setup reg-reg] _25075_/Q -> _25248_/D : -5.665481
[setup reg-reg] _25075_/Q -> _25121_/D : -5.661754
[setup reg-reg] _25075_/Q -> _25264_/D : -5.651757
[setup reg-reg] _25075_/Q -> _25023_/D : -5.633311
[setup reg-reg] _25075_/Q -> _25022_/D : -5.625282
[setup reg-reg] _25075_/Q -> _27544_/D : -5.601393
[setup reg-reg] _25075_/Q -> _25194_/D : -5.566854
[setup reg-reg] _25075_/Q -> _25187_/D : -5.559436
[setup reg-reg] _25075_/Q -> _25025_/D : -5.547033
[setup reg-reg] _25075_/Q -> _25021_/D : -5.541107
[setup reg-reg] _25075_/Q -> _25256_/D : -5.537508
[setup reg-reg] _25075_/Q -> _25192_/D : -5.533909
[setup reg-reg] _25075_/Q -> _25124_/D : -5.533256
[setup reg-reg] _25075_/Q -> _25013_/D : -5.531316
[setup reg-reg] _25075_/Q -> _25182_/D : -5.528602
[setup reg-reg] _25075_/Q -> _25193_/D : -5.522520
[setup reg-reg] _25075_/Q -> _25188_/D : -5.518764
[setup reg-reg] _25075_/Q -> _25030_/D : -5.515254
[setup reg-reg] _25095_/Q -> _24975_/D : -5.511371
[setup reg-reg] _25075_/Q -> _27545_/D : -5.508831
[setup reg-reg] _25095_/Q -> _24972_/D : -5.497658
[setup reg-reg] _25075_/Q -> _25133_/D : -5.487387
[setup reg-reg] _25075_/Q -> _25263_/D : -5.473293
[setup reg-reg] _25075_/Q -> _25139_/D : -5.470487
[setup reg-reg] _25075_/Q -> _25130_/D : -5.468632
[setup reg-reg] _25075_/Q -> _25120_/D : -5.404420
[setup reg-reg] _25075_/Q -> _25244_/D : -5.403482
[setup reg-reg] _25075_/Q -> _25238_/D : -5.401258
[setup reg-reg] _25075_/Q -> _25123_/D : -5.383228
[setup reg-reg] _25075_/Q -> _25127_/D : -5.378315
[setup reg-reg] _25075_/Q -> _25184_/D : -5.375700
[setup reg-reg] _25075_/Q -> _25137_/D : -5.363962
[setup reg-reg] _25075_/Q -> _25186_/D : -5.358391
[setup reg-reg] _25075_/Q -> _25125_/D : -5.357432
[setup reg-reg] _25075_/Q -> _25114_/D : -5.355670
[setup reg-reg] _25075_/Q -> _25015_/D : -5.339086
[setup reg-reg] _25075_/Q -> _25122_/D : -5.337540
[setup reg-reg] _25075_/Q -> _25191_/D : -5.335235
[setup reg-reg] _25075_/Q -> _25129_/D : -5.331195
[setup reg-reg] _25075_/Q -> _25178_/D : -5.327515
[setup reg-reg] _25075_/Q -> _25140_/D : -5.323695
[setup reg-reg] _25075_/Q -> _25195_/D : -5.322367
[setup reg-reg] _25075_/Q -> _25136_/D : -5.319709
[setup reg-reg] _25075_/Q -> _25118_/D : -5.315737
[setup reg-reg] _25075_/Q -> _25131_/D : -5.299896
[setup reg-reg] _25095_/Q -> _24978_/D : -5.296425
[setup reg-reg] _25075_/Q -> _25174_/D : -5.292119
[setup reg-reg] _25075_/Q -> _25190_/D : -5.282360
[setup reg-reg] _25075_/Q -> _25128_/D : -5.282118
[setup reg-reg] _25075_/Q -> _25110_/D : -5.261107
[setup reg-reg] _25075_/Q -> _25126_/D : -5.259491
[setup reg-reg] _25075_/Q -> _25262_/D : -5.257895
[setup reg-reg] _25075_/Q -> _25116_/D : -5.243298
[setup reg-reg] _25372_/Q -> _25446_/D : -5.204903
[setup reg-reg] _25372_/Q -> _25451_/D : -5.200136
[setup reg-reg] _25075_/Q -> _25237_/D : -5.197350
[setup reg-reg] _25372_/Q -> _25447_/D : -5.190248
[setup reg-reg] _25075_/Q -> _25112_/D : -5.172019
[setup reg-reg] _25372_/Q -> _25439_/D : -5.169522
[setup reg-reg] _25372_/Q -> _25444_/D : -5.164260
[setup reg-reg] _25372_/Q -> _25437_/D : -5.160455
[setup reg-reg] _25075_/Q -> _25183_/D : -5.158107
[setup reg-reg] _25372_/Q -> _25499_/D : -5.155140
[setup reg-reg] _25372_/Q -> _25502_/D : -5.154266
[setup reg-reg] _25373_/Q -> _25412_/D : -5.152686
[setup reg-reg] _25372_/Q -> _25518_/D : -5.149005
[setup reg-reg] _25372_/Q -> _25509_/D : -5.134144
[setup reg-reg] _25075_/Q -> _25241_/D : -5.129124
[setup reg-reg] _25075_/Q -> _25180_/D : -5.126257
[setup reg-reg] _25372_/Q -> _25506_/D : -5.122296
[setup reg-reg] _25372_/Q -> _25438_/D : -5.118946
[setup reg-reg] _25373_/Q -> _25415_/D : -5.116590
[setup reg-reg] _25372_/Q -> _25454_/D : -5.114768
[setup reg-reg] _25095_/Q -> _24957_/D : -5.112195
[setup reg-reg] _25372_/Q -> _25515_/D : -5.104781
[setup reg-reg] _25373_/Q -> _25419_/D : -5.097306
[setup reg-reg] _25372_/Q -> _25511_/D : -5.092183
[setup reg-reg] _25095_/Q -> _24948_/D : -5.091756
[setup reg-reg] _25373_/Q -> _25410_/D : -5.091692
[setup reg-reg] _25373_/Q -> _25403_/D : -5.091249
[setup reg-reg] _25372_/Q -> _25445_/D : -5.089238
[setup reg-reg] _25373_/Q -> _25409_/D : -5.087426
[setup reg-reg] _25372_/Q -> _25501_/D : -5.085564
[setup reg-reg] _25095_/Q -> _24956_/D : -5.082587
[setup reg-reg] _25373_/Q -> _25422_/D : -5.082047
[setup reg-reg] _25095_/Q -> _24941_/D : -5.081827
[setup reg-reg] _25095_/Q -> _24950_/D : -5.081144
[setup reg-reg] _25075_/Q -> _25119_/D : -5.074039
[setup reg-reg] _25373_/Q -> _25405_/D : -5.072931
[setup reg-reg] _25095_/Q -> _24951_/D : -5.070007
[setup reg-reg] _25095_/Q -> _24965_/D : -5.069747
[setup reg-reg] _25095_/Q -> _24967_/D : -5.068085
[setup reg-reg] _25095_/Q -> _24958_/D : -5.067857
[setup reg-reg] _25095_/Q -> _24954_/D : -5.066017
[setup reg-reg] _25095_/Q -> _24955_/D : -5.065342
[setup reg-reg] _25075_/Q -> _25284_/D : -5.065026
[setup reg-reg] _25095_/Q -> _24947_/D : -5.064888
[setup reg-reg] _25372_/Q -> _25435_/D : -5.064617
[setup reg-reg] _25095_/Q -> _24963_/D : -5.060411
[setup reg-reg] _25373_/Q -> _25406_/D : -5.058602
[setup reg-reg] _25372_/Q -> _25503_/D : -5.058422
[setup reg-reg] _25095_/Q -> _24944_/D : -5.051479
[setup reg-reg] _25095_/Q -> _24960_/D : -5.048488
[setup reg-reg] _25095_/Q -> _24964_/D : -5.046200
[setup reg-reg] _25095_/Q -> _24961_/D : -5.043791
[setup reg-reg] _25095_/Q -> _24971_/D : -5.042501
[setup reg-reg] _25372_/Q -> _25442_/D : -5.039929
[setup reg-reg] _25095_/Q -> _24953_/D : -5.039738
[setup reg-reg] _25084_/Q -> _25086_/D : -5.039073
[setup reg-reg] _25372_/Q -> _25441_/D : -5.038214
[setup reg-reg] _25095_/Q -> _24969_/D : -5.033865
[setup reg-reg] _25373_/Q -> _25417_/D : -5.031339
[setup reg-reg] _25095_/Q -> _24952_/D : -5.027484
[setup reg-reg] _25373_/Q -> _25407_/D : -5.021825
[setup reg-reg] _25372_/Q -> _25455_/D : -5.019736
[setup reg-reg] _25372_/Q -> _25493_/D : -5.014201
[setup reg-reg] _25372_/Q -> _25452_/D : -5.012918
[setup reg-reg] _25372_/Q -> _25504_/D : -5.011302
[setup reg-reg] _25372_/Q -> _25443_/D : -5.002033
[setup reg-reg] _25372_/Q -> _25510_/D : -5.000470
[setup reg-reg] _25372_/Q -> _25489_/D : -4.997286
[setup reg-reg] _25372_/Q -> _25496_/D : -4.995098
[setup reg-reg] _25372_/Q -> _25429_/D : -4.994568
[setup reg-reg] _25373_/Q -> _25411_/D : -4.992117
[setup reg-reg] _25372_/Q -> _25508_/D : -4.972425
[setup reg-reg] _25373_/Q -> _25413_/D : -4.968421
[setup reg-reg] _25372_/Q -> _25498_/D : -4.967362
[setup reg-reg] _25075_/Q -> _25181_/D : -4.962765
[setup reg-reg] _25372_/Q -> _25505_/D : -4.962708
[setup reg-reg] _25075_/Q -> _25291_/D : -4.960139
[setup reg-reg] _25372_/Q -> _25495_/D : -4.948916
[setup reg-reg] _25372_/Q -> _25519_/D : -4.947740
[setup reg-reg] _25372_/Q -> _25513_/D : -4.944628
[setup reg-reg] _25373_/Q -> _25397_/D : -4.944600
[setup reg-reg] _25372_/Q -> _25449_/D : -4.943868
[setup reg-reg] _25372_/Q -> _25433_/D : -4.941463
[setup reg-reg] _25373_/Q -> _25393_/D : -4.928967
[setup reg-reg] _25095_/Q -> _25001_/D : -4.927781
[setup reg-reg] _25372_/Q -> _25516_/D : -4.921159
[setup reg-reg] _25095_/Q -> _24974_/D : -4.920292
[setup reg-reg] _25075_/Q -> _25113_/D : -4.917088
[setup reg-reg] _25373_/Q -> _25423_/D : -4.916380
[setup reg-reg] _25373_/Q -> _25401_/D : -4.914828
[setup reg-reg] _25095_/Q -> _24981_/D : -4.909939
[setup reg-reg] _25373_/Q -> _25414_/D : -4.906543
[setup reg-reg] _25372_/Q -> _25432_/D : -4.896368
[setup reg-reg] _25373_/Q -> _25408_/D : -4.887848
[setup reg-reg] _25075_/Q -> _25286_/D : -4.883909
[setup reg-reg] _25373_/Q -> _25420_/D : -4.878196
[setup reg-reg] _25372_/Q -> _25434_/D : -4.877223
[setup reg-reg] _25095_/Q -> _24977_/D : -4.873872
[setup reg-reg] _25372_/Q -> _25425_/D : -4.856563
[setup reg-reg] _25372_/Q -> _25440_/D : -4.854503
[setup reg-reg] _25372_/Q -> _25497_/D : -4.844846
[setup reg-reg] _25373_/Q -> _25402_/D : -4.842427
[setup reg-reg] _25372_/Q -> _25507_/D : -4.827513
[setup reg-reg] _25373_/Q -> _25399_/D : -4.823249
[setup reg-reg] _25372_/Q -> _25431_/D : -4.818389
[setup reg-reg] _25373_/Q -> _25400_/D : -4.812289
[setup reg-reg] _25372_/Q -> _25448_/D : -4.802896
[setup reg-reg] _25075_/Q -> _25177_/D : -4.794405
[setup reg-reg] _25372_/Q -> _25512_/D : -4.790547
[setup reg-reg] _25075_/Q -> _25138_/D : -4.787307
[setup reg-reg] _25373_/Q -> _25416_/D : -4.773934
[setup reg-reg] _25075_/Q -> _25239_/D : -4.711428
[setup reg-reg] _25075_/Q -> _25282_/D : -4.657313
[setup reg-reg] _25075_/Q -> _25299_/D : -4.632927
[setup reg-reg] _25075_/Q -> _25358_/D : -4.632611
[setup reg-reg] _25075_/Q -> _25279_/D : -4.607735
[setup reg-reg] _25075_/Q -> _25134_/D : -4.587623
[setup reg-reg] _25075_/Q -> _25249_/D : -4.574392
[setup reg-reg] _25373_/Q -> _25396_/D : -4.566907
[setup reg-reg] _25372_/Q -> _25428_/D : -4.565095
[setup reg-reg] _25075_/Q -> _25270_/D : -4.563503
[setup reg-reg] _25075_/Q -> _25109_/D : -4.521198
[setup reg-reg] _25075_/Q -> _25332_/D : -4.520004
[setup reg-reg] _25372_/Q -> _25492_/D : -4.519905
[setup reg-reg] _25004_/Q -> _24846_/D : -4.507115
[setup reg-reg] _25095_/Q -> _24943_/D : -4.499310
[setup reg-reg] _25075_/Q -> _25132_/D : -4.498162
[setup reg-reg] _25075_/Q -> _25274_/D : -4.476348
[setup reg-reg] _25086_/Q -> _25226_/D : -4.415409
[setup reg-reg] _25075_/Q -> _25339_/D : -4.415107
[setup reg-reg] _25086_/Q -> _25235_/D : -4.398576
[setup reg-reg] _25075_/Q -> _25340_/D : -4.386035
[setup reg-reg] _25075_/Q -> _25287_/D : -4.372481
[setup reg-reg] _25075_/Q -> _25289_/D : -4.369380
[setup reg-reg] _25075_/Q -> _25309_/D : -4.366463
[setup reg-reg] _25075_/Q -> _25290_/D : -4.343203
[setup reg-reg] _25075_/Q -> _25312_/D : -4.336517
[setup reg-reg] _25075_/Q -> _25014_/D : -4.333504
[setup reg-reg] _25075_/Q -> _25315_/D : -4.332051
[setup reg-reg] _25075_/Q -> _25322_/D : -4.309779
[setup reg-reg] _25075_/Q -> _25327_/D : -4.307030
[setup reg-reg] _25075_/Q -> _25316_/D : -4.298098
[setup reg-reg] _25075_/Q -> _25331_/D : -4.293888
[setup reg-reg] _25075_/Q -> _25323_/D : -4.292946
[setup reg-reg] _25075_/Q -> _25321_/D : -4.291821
[setup reg-reg] _25075_/Q -> _25328_/D : -4.291405
[setup reg-reg] _25075_/Q -> _25314_/D : -4.288207
[setup reg-reg] _25075_/Q -> _25329_/D : -4.285603
[setup reg-reg] _25075_/Q -> _25306_/D : -4.284406
[setup reg-reg] _25075_/Q -> _25330_/D : -4.281894
[setup reg-reg] _25075_/Q -> _25303_/D : -4.281351
[setup reg-reg] _25075_/Q -> _25310_/D : -4.280278
[setup reg-reg] _25004_/Q -> _24847_/D : -4.278917
[setup reg-reg] _25075_/Q -> _25293_/D : -4.278028
[setup reg-reg] _25075_/Q -> _25213_/D : -4.274316
[setup reg-reg] _25095_/Q -> _24940_/D : -4.273936
[setup reg-reg] _25075_/Q -> _25205_/D : -4.273012
[setup reg-reg] _25095_/Q -> _24946_/D : -4.269698
[setup reg-reg] _25095_/Q -> _24949_/D : -4.264880
[setup reg-reg] _25075_/Q -> _25292_/D : -4.261405
[setup reg-reg] _25075_/Q -> _25243_/D : -4.256609
[setup reg-reg] _25075_/Q -> _25285_/D : -4.240149
[setup reg-reg] _25075_/Q -> _25232_/D : -4.237290
[setup reg-reg] _25075_/Q -> _25280_/D : -4.237155
[setup reg-reg] _25372_/Q -> _25427_/D : -4.228753
[setup reg-reg] _25075_/Q -> _25231_/D : -4.226216
[setup reg-reg] _25075_/Q -> _25233_/D : -4.222983
[setup reg-reg] _25075_/Q -> _25212_/D : -4.216872
[setup reg-reg] _25075_/Q -> _25276_/D : -4.208729
[setup reg-reg] _25086_/Q -> _25245_/D : -4.203884
[setup reg-reg] _25075_/Q -> _25294_/D : -4.201138
[setup reg-reg] _25372_/Q -> _25424_/D : -4.194704
[setup reg-reg] _25075_/Q -> _25203_/D : -4.192561
[setup reg-reg] _25075_/Q -> _25288_/D : -4.180336
[setup reg-reg] _25372_/Q -> _25491_/D : -4.178706
[setup reg-reg] _25075_/Q -> _25350_/D : -4.174364
[setup reg-reg] _25086_/Q -> _25281_/D : -4.166687
[setup reg-reg] _25075_/Q -> _25341_/D : -4.161891
[setup reg-reg] _25373_/Q -> _25392_/D : -4.152071
[setup reg-reg] _25075_/Q -> _25047_/D : -4.152057
[setup reg-reg] _25075_/Q -> _25334_/D : -4.151428
[setup reg-reg] _25086_/Q -> _25221_/D : -4.142464
[setup reg-reg] _25075_/Q -> _25179_/D : -4.139302
[setup reg-reg] _25075_/Q -> _25355_/D : -4.133231
[setup reg-reg] _25075_/Q -> _25338_/D : -4.132886
[setup reg-reg] _25075_/Q -> _25360_/D : -4.131692
[setup reg-reg] _25075_/Q -> _25041_/D : -4.128602
[setup reg-reg] _25075_/Q -> _25297_/D : -4.127053
[setup reg-reg] _25372_/Q -> _25488_/D : -4.126537
[setup reg-reg] _25075_/Q -> _25335_/D : -4.117265
[setup reg-reg] _25075_/Q -> _25149_/D : -4.106514
[setup reg-reg] _25075_/Q -> _25115_/D : -4.103878
[setup reg-reg] _25075_/Q -> _25266_/D : -4.097050
[setup reg-reg] _25075_/Q -> _25032_/D : -4.094712
[setup reg-reg] _25075_/Q -> _25164_/D : -4.089102
[setup reg-reg] _25372_/Q -> _25514_/D : -4.077435
[setup reg-reg] _25075_/Q -> _25269_/D : -4.076352
[setup reg-reg] _25075_/Q -> _25216_/D : -4.068323
[setup reg-reg] _25075_/Q -> _25169_/D : -4.066045
[setup reg-reg] _25075_/Q -> _25219_/D : -4.066038
[setup reg-reg] _25075_/Q -> _25218_/D : -4.063640
[setup reg-reg] _25373_/Q -> _25395_/D : -4.062862
[setup reg-reg] _25075_/Q -> _25220_/D : -4.060936
[setup reg-reg] _25075_/Q -> _25167_/D : -4.060627
[setup reg-reg] _25075_/Q -> _25352_/D : -4.058418
[setup reg-reg] _25075_/Q -> _25225_/D : -4.057220
[setup reg-reg] _25075_/Q -> _25111_/D : -4.053334
[setup reg-reg] _25075_/Q -> _25318_/D : -4.051465
[setup reg-reg] _25075_/Q -> _25168_/D : -4.034806
[setup reg-reg] _25075_/Q -> _25278_/D : -4.032870
[setup reg-reg] _25075_/Q -> _25153_/D : -4.029058
[setup reg-reg] _25075_/Q -> _25311_/D : -4.013767
[setup reg-reg] _25075_/Q -> _25230_/D : -4.001575
[setup reg-reg] _25075_/Q -> _25064_/D : -4.001450
[setup reg-reg] _25075_/Q -> _25296_/D : -3.992575
[setup reg-reg] _25075_/Q -> _25295_/D : -3.966367
[setup reg-reg] _25095_/Q -> _24959_/D : -3.959674
[setup reg-reg] _25075_/Q -> _25317_/D : -3.957826
[setup reg-reg] _25095_/Q -> _24962_/D : -3.955989
[setup reg-reg] _25075_/Q -> _25175_/D : -3.944738
[setup reg-reg] _25075_/Q -> _25347_/D : -3.931444
[setup reg-reg] _25095_/Q -> _24945_/D : -3.916448
[setup reg-reg] _25075_/Q -> _25302_/D : -3.912877
[setup reg-reg] _25372_/Q -> _25450_/D : -3.888332
[setup reg-reg] _25075_/Q -> _25214_/D : -3.885607
[setup reg-reg] _25373_/Q -> _25404_/D : -3.881372
[setup reg-reg] _25075_/Q -> _25300_/D : -3.872309
[setup reg-reg] _25095_/Q -> _24942_/D : -3.871094
[setup reg-reg] _25075_/Q -> _25223_/D : -3.864671
[setup reg-reg] _25075_/Q -> _25227_/D : -3.860489
[setup reg-reg] _25373_/Q -> _25418_/D : -3.851597
[setup reg-reg] _25372_/Q -> _25430_/D : -3.839457
[setup reg-reg] _25075_/Q -> _25222_/D : -3.838899
[setup reg-reg] _25372_/Q -> _25500_/D : -3.835982
[setup reg-reg] _25004_/Q -> _25005_/D : -3.833876
[setup reg-reg] _25075_/Q -> _25166_/D : -3.827186
[setup reg-reg] _25372_/Q -> _25426_/D : -3.802637
[setup reg-reg] _25373_/Q -> _25398_/D : -3.797041
[setup reg-reg] _25075_/Q -> _25142_/D : -3.789364
[setup reg-reg] _25372_/Q -> _25490_/D : -3.787417
[setup reg-reg] _25075_/Q -> _25055_/D : -3.786422
[setup reg-reg] _25373_/Q -> _25421_/D : -3.781352
[setup reg-reg] _25075_/Q -> _25058_/D : -3.777426
[setup reg-reg] _25075_/Q -> _25261_/D : -3.776695
[setup reg-reg] _25075_/Q -> _25343_/D : -3.769447
[setup reg-reg] _25373_/Q -> _25394_/D : -3.768417
[setup reg-reg] _25075_/Q -> _25272_/D : -3.767756
[setup reg-reg] _25075_/Q -> _25344_/D : -3.757794
[setup reg-reg] _25075_/Q -> _25236_/D : -3.755506
[setup reg-reg] _25372_/Q -> _25453_/D : -3.749403
[setup reg-reg] _25075_/Q -> _25353_/D : -3.736389
[setup reg-reg] _25075_/Q -> _25362_/D : -3.734758
[setup reg-reg] _25075_/Q -> _25356_/D : -3.730520
[setup reg-reg] _25075_/Q -> _25210_/D : -3.729227
[setup reg-reg] _25372_/Q -> _25517_/D : -3.728783
[setup reg-reg] _25075_/Q -> _25224_/D : -3.724974
[setup reg-reg] _25075_/Q -> _25207_/D : -3.716000
[setup reg-reg] _25075_/Q -> _25199_/D : -3.712913
[setup reg-reg] _25075_/Q -> _25325_/D : -3.711758
[setup reg-reg] _24936_/Q -> _25101_/D : -3.711232
[setup reg-reg] _25372_/Q -> _25436_/D : -3.710252
[setup reg-reg] _25075_/Q -> _25277_/D : -3.707658
[setup reg-reg] _25075_/Q -> _25200_/D : -3.705470
[setup reg-reg] _25075_/Q -> _25357_/D : -3.685134
[setup reg-reg] _25075_/Q -> _25206_/D : -3.682121
[setup reg-reg] _25075_/Q -> _25204_/D : -3.677236
[setup reg-reg] _25075_/Q -> _25283_/D : -3.672689
[setup reg-reg] _25075_/Q -> _25197_/D : -3.671374
[setup reg-reg] _25372_/Q -> _25494_/D : -3.669907
[setup reg-reg] _25075_/Q -> _25070_/D : -3.662681
[setup reg-reg] _25086_/Q -> _25553_/D : -3.654112
[setup reg-reg] _25075_/Q -> _25301_/D : -3.650630
[setup reg-reg] _25075_/Q -> _25171_/D : -3.644676
[setup reg-reg] _25075_/Q -> _25189_/D : -3.622216
[setup reg-reg] _25075_/Q -> _25351_/D : -3.604399
[setup reg-reg] _25075_/Q -> _25155_/D : -3.599293
[setup reg-reg] _25075_/Q -> _25346_/D : -3.588141
[setup reg-reg] _25086_/Q -> _25082_/D : -3.585282
[setup reg-reg] _25075_/Q -> _25326_/D : -3.568399
[setup reg-reg] _25075_/Q -> _25156_/D : -3.559183
[setup reg-reg] _25075_/Q -> _25342_/D : -3.552152
[setup reg-reg] _25075_/Q -> _25152_/D : -3.551268
[setup reg-reg] _25075_/Q -> _25159_/D : -3.548987
[setup reg-reg] _25075_/Q -> _25161_/D : -3.541047
[setup reg-reg] _25075_/Q -> _25196_/D : -3.540201
[setup reg-reg] _25075_/Q -> _25215_/D : -3.538382
[setup reg-reg] _25075_/Q -> _25154_/D : -3.532588
[setup reg-reg] _25075_/Q -> _25162_/D : -3.524864
[setup reg-reg] _25075_/Q -> _25053_/D : -3.519073
[setup reg-reg] _25075_/Q -> _25348_/D : -3.506067
[setup reg-reg] _25075_/Q -> _25148_/D : -3.499775
[setup reg-reg] _25075_/Q -> _25061_/D : -3.485386
[setup reg-reg] _25075_/Q -> _25313_/D : -3.465960
[setup reg-reg] _25075_/Q -> _25065_/D : -3.453220
[setup reg-reg] _25075_/Q -> _25158_/D : -3.445909
[setup reg-reg] _25075_/Q -> _25304_/D : -3.444061
[setup reg-reg] _25075_/Q -> _25305_/D : -3.434270
[setup reg-reg] _25075_/Q -> _25273_/D : -3.403240
[setup reg-reg] _25075_/Q -> _25146_/D : -3.380261
[setup reg-reg] _25075_/Q -> _25051_/D : -3.374993
[setup reg-reg] _25075_/Q -> _25163_/D : -3.372666
[setup reg-reg] _25075_/Q -> _25217_/D : -3.368758
[setup reg-reg] _25075_/Q -> _25150_/D : -3.360899
[setup reg-reg] _25075_/Q -> _25160_/D : -3.358565
[setup reg-reg] _25075_/Q -> _25209_/D : -3.354003
[setup reg-reg] _25075_/Q -> _25337_/D : -3.351193
[setup reg-reg] _25075_/Q -> _25060_/D : -3.347506
[setup reg-reg] _25075_/Q -> _25172_/D : -3.345360
[setup reg-reg] _25075_/Q -> _25039_/D : -3.344933
[setup reg-reg] _25075_/Q -> _25144_/D : -3.323645
[setup reg-reg] _25075_/Q -> _25024_/D : -3.303384
[setup reg-reg] _25075_/Q -> _25349_/D : -3.301697
[setup reg-reg] _25075_/Q -> _25173_/D : -3.283436
[setup reg-reg] _25075_/Q -> _25049_/D : -3.277450
[setup reg-reg] _25075_/Q -> _25359_/D : -3.267292
[setup reg-reg] _25075_/Q -> _25063_/D : -3.266092
[setup reg-reg] _25075_/Q -> _25307_/D : -3.254684
[setup reg-reg] _25075_/Q -> _25275_/D : -3.245539
[setup reg-reg] _25075_/Q -> _25198_/D : -3.240455
[setup reg-reg] _25075_/Q -> _25056_/D : -3.214019
[setup reg-reg] _25075_/Q -> _25151_/D : -3.193375
[setup reg-reg] _25075_/Q -> _25062_/D : -3.178574
[setup reg-reg] _25075_/Q -> _25048_/D : -3.161983
[setup reg-reg] _25075_/Q -> _27548_/D : -3.157578
[setup reg-reg] _25373_/Q -> _25467_/D : -3.148742
[setup reg-reg] _25373_/Q -> _25470_/D : -3.146987
[setup reg-reg] _25373_/Q -> _25471_/D : -3.141153
[setup reg-reg] _25373_/Q -> _25479_/D : -3.140429
[setup reg-reg] _25373_/Q -> _25469_/D : -3.133636
[setup reg-reg] _25075_/Q -> _25157_/D : -3.132772
[setup reg-reg] _25373_/Q -> _25474_/D : -3.128360
[setup reg-reg] _25373_/Q -> _25483_/D : -3.126754
[setup reg-reg] _25373_/Q -> _25476_/D : -3.126004
[setup reg-reg] _25373_/Q -> _25477_/D : -3.125354
[setup reg-reg] _25373_/Q -> _25486_/D : -3.121848
[setup reg-reg] _25373_/Q -> _25478_/D : -3.112124
[setup reg-reg] _25075_/Q -> _25036_/D : -3.098460
[setup reg-reg] _25075_/Q -> _25228_/D : -3.090467
[setup reg-reg] _25075_/Q -> _25067_/D : -3.090062
[setup reg-reg] _25075_/Q -> _25035_/D : -3.072330
[setup reg-reg] _25373_/Q -> _25473_/D : -3.025399
[setup reg-reg] _25075_/Q -> _25042_/D : -3.023658
[setup reg-reg] _25373_/Q -> _25464_/D : -3.007624
[setup reg-reg] _25075_/Q -> _25034_/D : -3.002761
[setup reg-reg] _25373_/Q -> _25466_/D : -2.999293
[setup reg-reg] _25075_/Q -> _25145_/D : -2.995915
[setup reg-reg] _25075_/Q -> _25045_/D : -2.994050
[setup reg-reg] _25075_/Q -> _25260_/D : -2.992035
[setup reg-reg] _25004_/Q -> _24927_/D : -2.990905
[setup reg-reg] _25373_/Q -> _25480_/D : -2.975298
[setup reg-reg] _25373_/Q -> _25461_/D : -2.965141
[setup reg-reg] _25075_/Q -> _25298_/D : -2.964246
[setup reg-reg] _25373_/Q -> _25472_/D : -2.962676
[setup reg-reg] _25373_/Q -> _25457_/D : -2.962217
[setup reg-reg] _25373_/Q -> _25484_/D : -2.960011
[setup reg-reg] _25373_/Q -> _25475_/D : -2.956270
[setup reg-reg] _25373_/Q -> _25481_/D : -2.953410
[setup reg-reg] _25373_/Q -> _25465_/D : -2.951680
[setup reg-reg] _25373_/Q -> _25487_/D : -2.949772
[setup reg-reg] _25075_/Q -> _25066_/D : -2.919563
[setup reg-reg] _25373_/Q -> _25463_/D : -2.914909
[setup reg-reg] _25075_/Q -> _25046_/D : -2.909399
[setup reg-reg] _25075_/Q -> _25038_/D : -2.830394
[setup reg-reg] _25075_/Q -> _25202_/D : -2.805688
[setup reg-reg] _25075_/Q -> _25176_/D : -2.796025
[setup reg-reg] _25075_/Q -> _25211_/D : -2.792969
[setup reg-reg] _25075_/Q -> _25165_/D : -2.787388
[setup reg-reg] _25075_/Q -> _25271_/D : -2.770644
[setup reg-reg] _25075_/Q -> _25031_/D : -2.747608
[setup reg-reg] _24801_/Q -> _24794_/D : -2.735529
[setup reg-reg] _25075_/Q -> _25043_/D : -2.732026
[setup reg-reg] _24801_/Q -> _24790_/D : -2.730513
[setup reg-reg] _24801_/Q -> _24796_/D : -2.728140
[setup reg-reg] _24801_/Q -> _24792_/D : -2.725155
[setup reg-reg] _24801_/Q -> _24789_/D : -2.721187
[setup reg-reg] _25075_/Q -> _25050_/D : -2.716334
[setup reg-reg] _25075_/Q -> _25201_/D : -2.689706
[setup reg-reg] _25075_/Q -> _25234_/D : -2.657540
[setup reg-reg] _25075_/Q -> _25229_/D : -2.632792
[setup reg-reg] _25373_/Q -> _25460_/D : -2.567756
[setup reg-reg] _25075_/Q -> _24841_/D : -2.563688
[setup reg-reg] _25075_/Q -> _25141_/D : -2.554085
[setup reg-reg] _25075_/Q -> _25147_/D : -2.554078
[setup reg-reg] _27555_/Q -> _27557_/D : -2.468529
[setup reg-reg] _25075_/Q -> _25333_/D : -2.442111
[setup reg-reg] _25075_/Q -> _25052_/D : -2.441681
[setup reg-reg] _25075_/Q -> _25208_/D : -2.422240
[setup reg-reg] _25075_/Q -> _25016_/D : -2.306415
[setup reg-reg] _25075_/Q -> _25037_/D : -2.274344
[setup reg-reg] _25075_/Q -> _25033_/D : -2.248367
[setup reg-reg] _25075_/Q -> _25170_/D : -2.140645
[setup reg-reg] _25075_/Q -> _25185_/D : -2.135245
[setup reg-reg] _25373_/Q -> _25459_/D : -2.134019
[setup reg-reg] _25373_/Q -> _25456_/D : -2.132033
[setup reg-reg] _25075_/Q -> _25143_/D : -2.113573
[setup reg-reg] _25075_/Q -> _25020_/D : -2.105519
[setup reg-reg] _25075_/Q -> _25108_/D : -2.077098
[setup reg-reg] _25095_/Q -> _25384_/D : -2.069619
[setup reg-reg] _25095_/Q -> _25391_/D : -2.038249
[setup reg-reg] _25095_/Q -> _25387_/D : -2.036046
[setup reg-reg] _25075_/Q -> _24875_/D : -2.020297
[setup reg-reg] _25095_/Q -> _25385_/D : -2.014950
[setup reg-reg] _25095_/Q -> _25389_/D : -2.012722
[setup reg-reg] _25075_/Q -> _25011_/D : -1.993417
[setup reg-reg] _25075_/Q -> _24842_/D : -1.988102
[setup reg-reg] _25075_/Q -> _24839_/D : -1.982368
[setup reg-reg] _25075_/Q -> _24834_/D : -1.973639
[setup reg-reg] _25075_/Q -> _25040_/D : -1.972826
[setup reg-reg] _25075_/Q -> _25069_/D : -1.947999
[setup reg-reg] _25075_/Q -> _25240_/D : -1.917403
[setup reg-reg] _25075_/Q -> _24835_/D : -1.839371
[setup reg-reg] _25373_/Q -> _25462_/D : -1.819874
[setup reg-reg] _25373_/Q -> _25468_/D : -1.817419
[setup reg-reg] _25373_/Q -> _25482_/D : -1.807571
[setup reg-reg] _25075_/Q -> _24836_/D : -1.806612
[setup reg-reg] _25373_/Q -> _25458_/D : -1.760913
[setup reg-reg] _25373_/Q -> _25485_/D : -1.757694
[setup reg-reg] _25004_/Q -> _24896_/D : -1.742148
[setup reg-reg] _25075_/Q -> _24840_/D : -1.727784
[setup reg-reg] _25004_/Q -> _24897_/D : -1.712763
[setup reg-reg] _25075_/Q -> _24838_/D : -1.671118
[setup reg-reg] _25075_/Q -> _24837_/D : -1.633673
[setup reg-reg] _25075_/Q -> _24855_/D : -1.546738
[setup reg-reg] _25075_/Q -> _24814_/D : -1.490793
[setup reg-reg] _25075_/Q -> _25008_/D : -1.449717
[setup reg-reg] _25095_/Q -> _24885_/D : -1.346322
[setup reg-reg] _25095_/Q -> _24884_/D : -1.324732
[setup reg-reg] _25075_/Q -> _25087_/D : -1.312628
[setup reg-reg] _25095_/Q -> _24887_/D : -1.298076
[setup reg-reg] _25095_/Q -> _24891_/D : -1.296005
[setup reg-reg] _25095_/Q -> _24889_/D : -1.272607
[setup reg-reg] _25004_/Q -> _24901_/D : -1.206498
[setup reg-reg] _25095_/Q -> _25377_/D : -1.159652
[setup reg-reg] _25095_/Q -> _25383_/D : -1.139959
[setup reg-reg] _25075_/Q -> _27521_/D : -1.093849
[setup in-reg] rst -> _26893_/D : -1.064795
[setup reg-reg] _25075_/Q -> _25080_/D : -1.052118
[setup in-reg] rst -> _26557_/D : -1.036288
[setup in-reg] rst -> _26573_/D : -1.033662
[setup reg-reg] _25087_/Q -> _24938_/D : -1.032109
[setup in-reg] rst -> _26733_/D : -1.007514
[setup in-reg] rst -> _27005_/D : -0.967518
[setup in-reg] rst -> _27021_/D : -0.965038
[setup in-reg] rst -> _25933_/D : -0.950749
[setup in-reg] rst -> _25917_/D : -0.947892
[setup in-reg] rst -> _26809_/D : -0.925255
[setup in-reg] rst -> _26813_/D : -0.923567
[setup in-reg] rst -> _25523_/D : -0.923084
[setup in-reg] rst -> _26829_/D : -0.920696
[setup in-reg] rst -> _26989_/D : -0.915200
[setup reg-reg] _25075_/Q -> _27245_/D : -0.901426
[setup reg-reg] _25075_/Q -> _27533_/D : -0.898869
[setup in-reg] rst -> _25543_/D : -0.896428
[setup in-reg] rst -> _25527_/D : -0.890488
[setup reg-reg] _25075_/Q -> _26957_/D : -0.883439
[setup reg-reg] _27553_/Q -> _27553_/D : -0.882565
[setup reg-reg] _25075_/Q -> _27117_/D : -0.874849
[setup reg-reg] _25075_/Q -> _26029_/D : -0.873861
[setup reg-reg] _25075_/Q -> _25677_/D : -0.872486
[setup reg-reg] _25075_/Q -> _25901_/D : -0.872127
[setup reg-reg] _25075_/Q -> _26701_/D : -0.871907
[setup reg-reg] _25075_/Q -> _27405_/D : -0.866809
[setup reg-reg] _25075_/Q -> _25709_/D : -0.866162
[setup reg-reg] _25075_/Q -> _27469_/D : -0.865761
[setup reg-reg] _25075_/Q -> _27085_/D : -0.865047
[setup reg-reg] _25075_/Q -> _27053_/D : -0.864816
[setup reg-reg] _25075_/Q -> _25965_/D : -0.864656
[setup in-reg] rst -> _26653_/D : -0.863654
[setup reg-reg] _25075_/Q -> _25773_/D : -0.861000
[setup reg-reg] _25075_/Q -> _27437_/D : -0.860666
[setup reg-reg] _25075_/Q -> _25869_/D : -0.859888
[setup reg-reg] _25075_/Q -> _27581_/D : -0.859096
[setup reg-reg] _25075_/Q -> _27181_/D : -0.853714
[setup in-reg] rst -> _25980_/D : -0.806949
[setup in-reg] rst -> _26685_/D : -0.798913
[setup in-reg] rst -> _27561_/D : -0.798813
[setup in-reg] rst -> _25756_/D : -0.796515
[setup in-reg] rst -> _27565_/D : -0.796511
[setup in-reg] rst -> _26684_/D : -0.795922
[setup in-reg] rst -> _25981_/D : -0.783444
[setup in-reg] rst -> _25757_/D : -0.766104
[setup in-reg] rst -> _25853_/D : -0.723780
[setup in-reg] rst -> _25629_/D : -0.700595
[setup reg-reg] _25087_/Q -> _24939_/D : -0.687127
[setup in-reg] rst -> _25945_/D : -0.686342
[setup in-reg] rst -> _25948_/D : -0.683894
[setup in-reg] rst -> _25949_/D : -0.658048
[setup reg-reg] _25075_/Q -> _25825_/D : -0.638039
[setup in-reg] rst -> _25593_/D : -0.636895
[setup reg-reg] _25075_/Q -> _27361_/D : -0.633317
[setup reg-reg] _25075_/Q -> _26753_/D : -0.633065
[setup in-reg] rst -> _25693_/D : -0.630518
[setup in-reg] rst -> _27161_/D : -0.628798
[setup reg-reg] _25075_/Q -> _27201_/D : -0.624489
[setup reg-reg] _25075_/Q -> _26945_/D : -0.624485
[setup reg-reg] _25075_/Q -> _27233_/D : -0.624219
[setup reg-reg] _25075_/Q -> _26849_/D : -0.621057
[setup reg-reg] _25075_/Q -> _26689_/D : -0.619377
[setup reg-reg] _25075_/Q -> _25665_/D : -0.617280
[setup reg-reg] _25075_/Q -> _25793_/D : -0.615955
[setup reg-reg] _25075_/Q -> _26017_/D : -0.614300
[setup reg-reg] _25075_/Q -> _27073_/D : -0.612150
[setup reg-reg] _25075_/Q -> _25601_/D : -0.610687
[setup reg-reg] _25075_/Q -> _25633_/D : -0.606388
[setup reg-reg] _25075_/Q -> _25697_/D : -0.605691
[setup reg-reg] _25075_/Q -> _27137_/D : -0.605294
[setup reg-reg] _25075_/Q -> _25531_/D : -0.603922
[setup reg-reg] _25075_/Q -> _27457_/D : -0.603819
[setup reg-reg] _25075_/Q -> _26593_/D : -0.602991
[setup reg-reg] _25075_/Q -> _27265_/D : -0.602789
[setup in-reg] rst -> _26009_/D : -0.600661
[setup reg-reg] _25075_/Q -> _25569_/D : -0.599847
[setup reg-reg] _25075_/Q -> _26817_/D : -0.595911
[setup in-reg] rst -> _26013_/D : -0.595247
[setup reg-reg] _25075_/Q -> _27009_/D : -0.592920
[setup reg-reg] _25075_/Q -> _27569_/D : -0.591648
[setup reg-reg] _25075_/Q -> _26881_/D : -0.591029
[setup reg-reg] _25075_/Q -> _25985_/D : -0.589157
[setup in-reg] rst -> _25881_/D : -0.587864
[setup reg-reg] _25075_/Q -> _26721_/D : -0.583658
[setup reg-reg] _25095_/Q -> _25376_/D : -0.582510
[setup reg-reg] _25075_/Q -> _25921_/D : -0.581267
[setup reg-reg] _25075_/Q -> _27169_/D : -0.577167
[setup reg-reg] _25095_/Q -> _25379_/D : -0.576918
[setup in-reg] rst -> _26871_/D : -0.575277
[setup reg-reg] _25075_/Q -> _27329_/D : -0.562881
[setup in-reg] rst -> _26870_/D : -0.560888
[setup in-reg] rst -> _26894_/D : -0.558142
[setup in-reg] rst -> _25885_/D : -0.557691
[setup reg-reg] _25075_/Q -> _26625_/D : -0.556035
[setup reg-reg] _25075_/Q -> _25729_/D : -0.548603
[setup reg-reg] _25075_/Q -> _27105_/D : -0.548294
[setup reg-reg] _25075_/Q -> _25889_/D : -0.547836
[setup in-reg] rst -> _26551_/D : -0.546489
[setup in-reg] rst -> _26876_/D : -0.542492
[setup in-reg] rst -> _26873_/D : -0.542364
[setup in-reg] rst -> _26875_/D : -0.541544
[setup reg-reg] _25075_/Q -> _25953_/D : -0.536279
[setup reg-reg] _25075_/Q -> _27041_/D : -0.534893
[setup reg-reg] _25075_/Q -> _27393_/D : -0.530871
[setup reg-reg] _25075_/Q -> _26977_/D : -0.530576
[setup reg-reg] _25075_/Q -> _25857_/D : -0.529404
[setup reg-reg] _25075_/Q -> _27297_/D : -0.528708
[setup in-reg] rst -> _26550_/D : -0.527550
[setup reg-reg] _25075_/Q -> _25761_/D : -0.525763
[setup in-reg] rst -> _26775_/D : -0.523496
[setup reg-reg] _25075_/Q -> _26561_/D : -0.520512
[setup in-reg] rst -> _26711_/D : -0.518554
[setup reg-reg] _25075_/Q -> _26785_/D : -0.517698
[setup reg-reg] _25075_/Q -> _27425_/D : -0.510486
[setup in-reg] rst -> _26731_/D : -0.504357
[setup in-reg] rst -> _26779_/D : -0.502592
[setup reg-reg] _25075_/Q -> _27489_/D : -0.497590
[setup in-reg] rst -> _26710_/D : -0.497263
[setup reg-reg] _25087_/Q -> _24937_/D : -0.496989
[setup in-reg] rst -> _26774_/D : -0.492683
[setup in-reg] rst -> _26716_/D : -0.492342
[setup in-reg] rst -> _27389_/D : -0.488452
[setup in-reg] rst -> _26713_/D : -0.487269
[setup in-reg] rst -> _26999_/D : -0.476238
[setup in-reg] rst -> _25911_/D : -0.466528
[setup reg-reg] _25075_/Q -> _26657_/D : -0.465867
[setup in-reg] rst -> _25910_/D : -0.459828
[setup in-reg] rst -> _25914_/D : -0.457533
[setup reg-reg] _25075_/Q -> _26913_/D : -0.457263
[setup in-reg] rst -> _27015_/D : -0.453863
[setup in-reg] rst -> _27004_/D : -0.446367
[setup in-reg] rst -> _26715_/D : -0.445599
[setup in-reg] rst -> _26555_/D : -0.442817
[setup in-reg] rst -> _27001_/D : -0.441961
[setup in-reg] rst -> _26903_/D : -0.435612
[setup in-reg] rst -> _26807_/D : -0.424432
[setup in-reg] rst -> _27453_/D : -0.424073
[setup in-reg] rst -> _25915_/D : -0.421480
[setup in-reg] rst -> _26907_/D : -0.412321
[setup in-reg] rst -> _26919_/D : -0.410296
[setup in-reg] rst -> _26556_/D : -0.408978
[setup in-reg] rst -> _27003_/D : -0.407049
[setup in-reg] rst -> _26811_/D : -0.403539
[setup in-reg] rst -> _26877_/D : -0.403091
[setup in-reg] rst -> _27129_/D : -0.402039
[setup in-reg] rst -> _26812_/D : -0.401773
[setup in-reg] rst -> _26780_/D : -0.400998
[setup in-reg] rst -> _26896_/D : -0.399343
[setup in-reg] rst -> _26887_/D : -0.397293
[setup reg-reg] _25075_/Q -> _27513_/D : -0.393911
[setup in-reg] rst -> _25821_/D : -0.393516
[setup in-reg] rst -> _26891_/D : -0.392301
[setup in-reg] rst -> _26966_/D : -0.388212
[setup in-reg] rst -> _26553_/D : -0.387949
[setup in-reg] rst -> _26972_/D : -0.387757
[setup in-reg] rst -> _26998_/D : -0.385295
[setup in-reg] rst -> _25521_/D : -0.384546
[setup in-reg] rst -> _26969_/D : -0.384283
[setup in-reg] rst -> _26971_/D : -0.379877
[setup reg-reg] _27553_/Q -> _27551_/D : -0.376470
[setup in-reg] rst -> _25520_/D : -0.373934
[setup in-reg] rst -> _27069_/D : -0.371852
[setup in-reg] rst -> _26576_/D : -0.369962
[setup in-reg] rst -> _26571_/D : -0.365144
[setup reg-reg] _25075_/Q -> _27097_/D : -0.364420
[setup in-reg] rst -> _26562_/D : -0.360977
[setup in-reg] rst -> _26781_/D : -0.357819
[setup in-reg] rst -> _26736_/D : -0.356568
[setup in-reg] rst -> _26777_/D : -0.356405
[setup in-reg] rst -> _26583_/D : -0.355175
[setup in-reg] rst -> _26717_/D : -0.352696
[setup in-reg] rst -> _26806_/D : -0.352625
[setup in-reg] rst -> _26797_/D : -0.348209
[setup in-reg] rst -> _26786_/D : -0.342681
[setup in-reg] rst -> _26967_/D : -0.341228
[setup in-reg] rst -> _26795_/D : -0.340844
[setup in-reg] rst -> _26582_/D : -0.340268
[setup in-reg] rst -> _26800_/D : -0.328637
[setup in-reg] rst -> _25916_/D : -0.322750
[setup in-reg] rst -> _26908_/D : -0.318678
[setup in-reg] rst -> _27024_/D : -0.317801
[setup in-reg] rst -> _25975_/D : -0.310251
[setup in-reg] rst -> _27559_/D : -0.304500
[setup in-reg] rst -> _27019_/D : -0.303707
[setup in-reg] rst -> _25525_/D : -0.301753
[setup reg-reg] _25075_/Q -> _27328_/D : -0.292541
[setup in-reg] rst -> _27558_/D : -0.290591
[setup in-reg] rst -> _25526_/D : -0.288768
[setup in-reg] rst -> _26651_/D : -0.288111
[setup reg-reg] _25075_/Q -> _27200_/D : -0.287116
[setup reg-reg] _25075_/Q -> _26752_/D : -0.285436
[setup reg-reg] _25075_/Q -> _26624_/D : -0.283638
[setup in-reg] rst -> _26905_/D : -0.282341
[setup in-reg] rst -> _26909_/D : -0.280963
[setup in-reg] rst -> _26827_/D : -0.280533
[setup reg-reg] _25075_/Q -> _25728_/D : -0.278789
[setup in-reg] rst -> _26925_/D : -0.278487
[setup reg-reg] _25075_/Q -> _25664_/D : -0.278117
[setup in-reg] rst -> _25751_/D : -0.278032
[setup in-reg] rst -> _26678_/D : -0.277915
[setup in-reg] rst -> _25913_/D : -0.277012
[setup reg-reg] _25075_/Q -> _26016_/D : -0.274419
[setup in-reg] rst -> _25936_/D : -0.274120
[setup in-reg] rst -> _26832_/D : -0.272344
[setup in-reg] rst -> _27564_/D : -0.271591
[setup in-reg] rst -> _25927_/D : -0.271495
[setup in-reg] rst -> _25931_/D : -0.270671
[setup in-reg] rst -> _25559_/D : -0.270401
[setup in-reg] rst -> _26646_/D : -0.269342
[setup in-reg] rst -> _26823_/D : -0.269147
[setup in-reg] rst -> _26587_/D : -0.268265
[setup reg-reg] _25075_/Q -> _26656_/D : -0.267928
[setup in-reg] rst -> _26647_/D : -0.267114
[setup reg-reg] _25075_/Q -> _27456_/D : -0.266201
[setup reg-reg] _25075_/Q -> _27136_/D : -0.263821
[setup in-reg] rst -> _26928_/D : -0.263253
[setup reg-reg] _25075_/Q -> _26976_/D : -0.260563
[setup in-reg] rst -> _26973_/D : -0.259899
[setup reg-reg] _25075_/Q -> _26816_/D : -0.259742
[setup reg-reg] _25075_/Q -> _25632_/D : -0.258389
[setup reg-reg] _25075_/Q -> _25856_/D : -0.256321
[setup in-reg] rst -> _26923_/D : -0.254705
[setup reg-reg] _25075_/Q -> _25760_/D : -0.252410
[setup reg-reg] _25075_/Q -> _27568_/D : -0.252406
[setup in-reg] rst -> _26588_/D : -0.250790
[setup in-reg] rst -> _26683_/D : -0.249162
[setup reg-reg] _25075_/Q -> _25984_/D : -0.248921
[setup in-reg] rst -> _27479_/D : -0.247738
[setup in-reg] rst -> _26992_/D : -0.247127
[setup in-reg] rst -> _25750_/D : -0.245457
[setup in-reg] rst -> _26987_/D : -0.244771
[setup in-reg] rst -> _26681_/D : -0.242366
[setup in-reg] rst -> _25546_/D : -0.241492
[setup reg-reg] _25075_/Q -> _26880_/D : -0.240085
[setup in-reg] rst -> _26652_/D : -0.238668
[setup reg-reg] _25075_/Q -> _27168_/D : -0.234973
[setup in-reg] rst -> _26585_/D : -0.233833
[setup in-reg] rst -> _26983_/D : -0.230845
[setup reg-reg] _25075_/Q -> _27341_/D : -0.229861
[setup reg-reg] _25075_/Q -> _26944_/D : -0.227391
[setup reg-reg] _25075_/Q -> _25824_/D : -0.226240
[setup reg-reg] _25075_/Q -> _25837_/D : -0.226152
[setup in-reg] rst -> _25532_/D : -0.225992
[setup reg-reg] _25075_/Q -> _26848_/D : -0.224848
[setup in-reg] rst -> _25537_/D : -0.224649
[setup in-reg] rst -> _25541_/D : -0.223384
[setup in-reg] rst -> _26638_/D : -0.223018
[setup reg-reg] _25075_/Q -> _26765_/D : -0.222759
[setup reg-reg] _25075_/Q -> _27373_/D : -0.222219
[setup reg-reg] _25075_/Q -> _27104_/D : -0.221860
[setup reg-reg] _25075_/Q -> _26861_/D : -0.221636
[setup reg-reg] _25075_/Q -> _26637_/D : -0.221487
[setup reg-reg] _25075_/Q -> _27213_/D : -0.220950
[setup reg-reg] _25075_/Q -> _26688_/D : -0.220318
[setup in-reg] rst -> _25863_/D : -0.218151
[setup reg-reg] _25075_/Q -> _26605_/D : -0.218069
[setup reg-reg] _25075_/Q -> _25805_/D : -0.217604
[setup reg-reg] _25075_/Q -> _25741_/D : -0.217511
[setup reg-reg] _25075_/Q -> _27232_/D : -0.216136
[setup in-reg] rst -> _27483_/D : -0.215774
[setup reg-reg] _25075_/Q -> _26669_/D : -0.215348
[setup reg-reg] _25075_/Q -> _25613_/D : -0.214488
[setup in-reg] rst -> _25846_/D : -0.213905
[setup reg-reg] _25075_/Q -> _25792_/D : -0.213621
[setup in-reg] rst -> _27563_/D : -0.213500
[setup reg-reg] _25075_/Q -> _27149_/D : -0.213003
[setup in-reg] rst -> _25850_/D : -0.212854
[setup reg-reg] _25075_/Q -> _25645_/D : -0.212516
[setup reg-reg] _25075_/Q -> _26592_/D : -0.212257
[setup reg-reg] _25075_/Q -> _27277_/D : -0.211816
[setup in-reg] rst -> _25847_/D : -0.211493
[setup reg-reg] _25075_/Q -> _25888_/D : -0.211177
[setup reg-reg] _25075_/Q -> _27360_/D : -0.211134
[setup reg-reg] _25075_/Q -> _25600_/D : -0.210843
[setup in-reg] rst -> _26589_/D : -0.210594
[setup reg-reg] _25075_/Q -> _27309_/D : -0.210370
[setup reg-reg] _25075_/Q -> _25997_/D : -0.209454
[setup reg-reg] _25075_/Q -> _25581_/D : -0.208839
[setup in-reg] rst -> _26649_/D : -0.206292
[setup in-reg] rst -> _25979_/D : -0.205869
[setup reg-reg] _25075_/Q -> _27040_/D : -0.203951
[setup in-reg] rst -> _26679_/D : -0.203471
[setup in-reg] rst -> _26938_/D : -0.203340
[setup reg-reg] _25075_/Q -> _27072_/D : -0.201467
[setup in-reg] rst -> _26955_/D : -0.200163
[setup in-reg] rst -> _26839_/D : -0.199812
[setup reg-reg] _25075_/Q -> _27501_/D : -0.199655
[setup reg-reg] _25075_/Q -> _27527_/D : -0.199563
[setup in-reg] rst -> _25755_/D : -0.199233
[setup in-reg] rst -> _26672_/D : -0.199190
[setup in-reg] rst -> _26608_/D : -0.199183
[setup reg-reg] _25075_/Q -> _27392_/D : -0.198852
[setup in-reg] rst -> _25623_/D : -0.198838
[setup reg-reg] _25075_/Q -> _26720_/D : -0.194561
[setup reg-reg] _25075_/Q -> _25530_/D : -0.193939
[setup reg-reg] _25075_/Q -> _27264_/D : -0.193648
[setup reg-reg] _25075_/Q -> _25696_/D : -0.193349
[setup in-reg] rst -> _26615_/D : -0.193143
[setup in-reg] rst -> _25851_/D : -0.190987
[setup reg-reg] _25075_/Q -> _25952_/D : -0.190752
[setup in-reg] rst -> _26667_/D : -0.189122
[setup in-reg] rst -> _26658_/D : -0.187811
[setup in-reg] rst -> _26940_/D : -0.187548
[setup in-reg] rst -> _26934_/D : -0.186940
[setup reg-reg] _25075_/Q -> _27296_/D : -0.186812
[setup reg-reg] _25075_/Q -> _26912_/D : -0.186741
[setup in-reg] rst -> _26599_/D : -0.186720
[setup reg-reg] _24893_/Q -> _27592_/D : -0.186120
[setup in-reg] rst -> _26842_/D : -0.185796
[setup reg-reg] _25075_/Q -> _25568_/D : -0.185704
[setup in-reg] rst -> _26937_/D : -0.185153
[setup in-reg] rst -> _26663_/D : -0.183519
[setup in-reg] rst -> _26838_/D : -0.182254
[setup in-reg] rst -> _26843_/D : -0.182041
[setup in-reg] rst -> _26603_/D : -0.181501
[setup reg-reg] _25075_/Q -> _27008_/D : -0.180773
[setup in-reg] rst -> _26855_/D : -0.179476
[setup in-reg] rst -> _26618_/D : -0.179345
[setup reg-reg] _25075_/Q -> _26784_/D : -0.177696
[setup in-reg] rst -> _26743_/D : -0.177664
[setup in-reg] rst -> _25943_/D : -0.174325
[setup reg-reg] _25075_/Q -> _26560_/D : -0.173227
[setup in-reg] rst -> _25563_/D : -0.171632
[setup in-reg] rst -> _26747_/D : -0.170672
[setup reg-reg] _25075_/Q -> _25831_/D : -0.167415
[setup reg-reg] _25075_/Q -> _27424_/D : -0.166690
[setup reg-reg] _25075_/Q -> _25735_/D : -0.162707
[setup reg-reg] _25075_/Q -> _25607_/D : -0.161606
[setup reg-reg] _25075_/Q -> _25959_/D : -0.160924
[setup in-reg] rst -> _25687_/D : -0.160796
[setup reg-reg] _25075_/Q -> _27463_/D : -0.160316
[setup in-reg] rst -> _25561_/D : -0.158991
[setup reg-reg] _25075_/Q -> _25920_/D : -0.156714
[setup reg-reg] _25075_/Q -> _27271_/D : -0.156497
[setup in-reg] rst -> _25564_/D : -0.156348
[setup reg-reg] _25075_/Q -> _27399_/D : -0.155790
[setup reg-reg] _25075_/Q -> _27303_/D : -0.154685
[setup reg-reg] _25075_/Q -> _27488_/D : -0.153840
[setup in-reg] rst -> _25942_/D : -0.153687
[setup in-reg] rst -> _26939_/D : -0.148159
[setup in-reg] rst -> _27579_/D : -0.146873
[setup reg-reg] _25075_/Q -> _27516_/D : -0.146272
[setup in-reg] rst -> _27415_/D : -0.143398
[setup in-reg] rst -> _26614_/D : -0.140002
[setup in-reg] rst -> _27159_/D : -0.132488
[setup in-reg] rst -> _25852_/D : -0.132427
[setup in-reg] rst -> _26704_/D : -0.132125
[setup in-reg] rst -> _27584_/D : -0.131976
[setup in-reg] rst -> _25977_/D : -0.130559
[setup in-reg] rst -> _25690_/D : -0.130395
[setup in-reg] rst -> _26935_/D : -0.130072
[setup in-reg] rst -> _25591_/D : -0.127788
[setup in-reg] rst -> _27438_/D : -0.127372
[setup in-reg] rst -> _25627_/D : -0.124778
[setup in-reg] rst -> _26690_/D : -0.122878
[setup in-reg] rst -> _27484_/D : -0.120259
[setup in-reg] rst -> _25622_/D : -0.120107
[setup in-reg] rst -> _26695_/D : -0.119812
[setup in-reg] rst -> _27575_/D : -0.118295
[setup in-reg] rst -> _26699_/D : -0.117527
[setup in-reg] rst -> _25628_/D : -0.114945
[setup in-reg] rst -> _26619_/D : -0.114678
[setup in-reg] rst -> _25753_/D : -0.110642
[setup in-reg] rst -> _25771_/D : -0.109356
[setup in-reg] rst -> _25691_/D : -0.107018
[setup in-reg] rst -> _25692_/D : -0.106954
[setup in-reg] rst -> _25991_/D : -0.105054
[setup in-reg] rst -> _25584_/D : -0.104855
[setup in-reg] rst -> _25689_/D : -0.103054
[setup in-reg] rst -> _25995_/D : -0.101462
[setup in-reg] rst -> _25579_/D : -0.101313
[setup in-reg] rst -> _26000_/D : -0.100801
[setup in-reg] rst -> _26006_/D : -0.099735
[setup in-reg] rst -> _26841_/D : -0.098328
[setup in-reg] rst -> _25565_/D : -0.097756
[setup in-reg] rst -> _26742_/D : -0.096843
[setup in-reg] rst -> _25776_/D : -0.094118
[setup in-reg] rst -> _26007_/D : -0.093568
[setup in-reg] rst -> _26844_/D : -0.091088
[setup in-reg] rst -> _25767_/D : -0.090512
[setup in-reg] rst -> _27417_/D : -0.090470
[setup in-reg] rst -> _27420_/D : -0.090107
[setup in-reg] rst -> _26620_/D : -0.082693
[setup in-reg] rst -> _25872_/D : -0.082373
[setup in-reg] rst -> _25575_/D : -0.082316
[setup in-reg] rst -> _27481_/D : -0.079936
[setup in-reg] rst -> _27485_/D : -0.078526
[setup in-reg] rst -> _25947_/D : -0.072578
[setup in-reg] rst -> _27499_/D : -0.071875
[setup in-reg] rst -> _25783_/D : -0.071658
[setup in-reg] rst -> _25902_/D : -0.070958
[setup in-reg] rst -> _25686_/D : -0.065231
[setup in-reg] rst -> _25867_/D : -0.064652
[setup in-reg] rst -> _26621_/D : -0.063110
[setup reg-reg] _25075_/Q -> _27525_/D : -0.062776
[setup in-reg] rst -> _25625_/D : -0.062268
[setup in-reg] rst -> _27414_/D : -0.060421
[setup in-reg] rst -> _26941_/D : -0.058737
[setup in-reg] rst -> _27163_/D : -0.058510
[setup in-reg] rst -> _26748_/D : -0.057575
[setup in-reg] rst -> _26617_/D : -0.057206
[setup reg-reg] _25075_/Q -> _25105_/D : -0.055621
[setup in-reg] rst -> _27504_/D : -0.052211
[setup in-reg] rst -> _25849_/D : -0.051568
[setup in-reg] rst -> _27495_/D : -0.049948
[setup in-reg] rst -> _26635_/D : -0.049255
[setup in-reg] rst -> _25883_/D : -0.047958
[setup in-reg] rst -> _25643_/D : -0.047343
[setup in-reg] rst -> _26640_/D : -0.039776
[setup in-reg] rst -> _25719_/D : -0.037900
[setup in-reg] rst -> _25655_/D : -0.037204
[setup in-reg] rst -> _25648_/D : -0.036906
[setup in-reg] rst -> _27164_/D : -0.036788
[setup in-reg] rst -> _25884_/D : -0.036028
[setup in-reg] rst -> _26845_/D : -0.035378
[setup in-reg] rst -> _27419_/D : -0.035044
[setup in-reg] rst -> _26631_/D : -0.034472
[setup in-reg] rst -> _25654_/D : -0.034369
[setup in-reg] rst -> _26011_/D : -0.034191
[setup reg-reg] _24801_/Q -> _24810_/D : -0.032149
[setup in-reg] rst -> _25659_/D : -0.031687
[setup in-reg] rst -> _25639_/D : -0.029871
[setup in-reg] rst -> _26745_/D : -0.028972
[setup in-reg] rst -> _26749_/D : -0.027494
[setup in-reg] rst -> _26859_/D : -0.025242
[setup reg-reg] _24801_/Q -> _24807_/D : -0.024837
[setup in-reg] rst -> _26960_/D : -0.023814
[setup in-reg] rst -> _26768_/D : -0.023064
[setup in-reg] rst -> _26864_/D : -0.022631
[setup reg-reg] _24801_/Q -> _24804_/D : -0.021465
[setup reg-reg] _24801_/Q -> _24808_/D : -0.021373
[setup reg-reg] _24801_/Q -> _24806_/D : -0.020474
[setup reg-reg] _25075_/Q -> _27335_/D : -0.019348
[setup reg-reg] _25075_/Q -> _27207_/D : -0.017778
[setup reg-reg] _25075_/Q -> _27367_/D : -0.015849
[setup in-reg] rst -> _25595_/D : -0.014538
[setup in-reg] rst -> _25596_/D : -0.014079
[setup reg-reg] _25075_/Q -> _25895_/D : -0.013891
[setup reg-reg] _25075_/Q -> _27111_/D : -0.013294
[setup in-reg] rst -> _26763_/D : -0.013085
[setup reg-reg] _25095_/Q -> _25381_/D : -0.011223
[setup in-reg] rst -> _25968_/D : -0.011031
[setup in-reg] rst -> _25660_/D : -0.010687
[setup reg-reg] _25075_/Q -> _27079_/D : -0.010161
[setup reg-reg] _25075_/Q -> _25703_/D : -0.009674
[setup in-reg] rst -> _25590_/D : -0.006775
[setup reg-reg] _25075_/Q -> _27047_/D : -0.006008
[setup in-reg] rst -> _25787_/D : -0.004800
[setup reg-reg] _25075_/Q -> _27517_/D : -0.001577
[setup reg-reg] _25075_/Q -> _27431_/D : -0.001492
[setup reg-reg] _24801_/Q -> _24805_/D : -0.001155
Writing metric timing__hold_vio__count__corner:nom_tt_025C_5v00: 5
Writing metric timing__hold_r2r__ws__corner:nom_tt_025C_5v00: 0.252104
Writing metric timing__hold_r2r_vio__count__corner:nom_tt_025C_5v00: 0
Writing metric timing__setup_vio__count__corner:nom_tt_025C_5v00: 1589
Writing metric timing__setup_r2r__ws__corner:nom_tt_025C_5v00: -19.946207
Writing metric timing__setup_r2r_vio__count__corner:nom_tt_025C_5v00: 796
