
===========================================================================
report_checks -unconstrained
===========================================================================
======================= max_ff_n40C_5v50 Corner ===================================

Startpoint: rst (input port clocked by clk)
Endpoint: _27672_ (recovery check against rising-edge clock clk)
Path Group: asynchronous
Path Type: max

Fanout         Cap        Slew       Delay        Time   Description
---------------------------------------------------------------------------------------------
                                  0.000000    0.000000   clock clk (rise edge)
                                  0.000000    0.000000   clock network delay (propagated)
                                  4.000000    4.000000 v input external delay
     1    0.003613    0.040008    0.014868    4.014868 v rst (in)
                                                         rst (net)
                      0.040008    0.000000    4.014868 v input3/I (gf180mcu_fd_sc_mcu7t5v0__buf_1)
     2    0.112962    0.745752    0.581442    4.596311 v input3/Z (gf180mcu_fd_sc_mcu7t5v0__buf_1)
                                                         net3 (net)
                      0.746202    0.010554    4.606865 v fanout1841/I (gf180mcu_fd_sc_mcu7t5v0__buf_2)
     6    0.161911    0.535992    0.626658    5.233522 v fanout1841/Z (gf180mcu_fd_sc_mcu7t5v0__buf_2)
                                                         net1841 (net)
                      0.536293    0.007296    5.240819 v fanout1828/I (gf180mcu_fd_sc_mcu7t5v0__buf_2)
     6    0.095540    0.325587    0.447439    5.688257 v fanout1828/Z (gf180mcu_fd_sc_mcu7t5v0__buf_2)
                                                         net1828 (net)
                      0.325609    0.001529    5.689786 v fanout1827/I (gf180mcu_fd_sc_mcu7t5v0__buf_2)
     9    0.141708    0.470110    0.482229    6.172016 v fanout1827/Z (gf180mcu_fd_sc_mcu7t5v0__buf_2)
                                                         net1827 (net)
                      0.470124    0.001493    6.173509 v fanout1826/I (gf180mcu_fd_sc_mcu7t5v0__buf_2)
    10    0.086983    0.297104    0.412208    6.585717 v fanout1826/Z (gf180mcu_fd_sc_mcu7t5v0__buf_2)
                                                         net1826 (net)
                      0.297127    0.001504    6.587221 v fanout1825/I (gf180mcu_fd_sc_mcu7t5v0__buf_2)
    10    0.077227    0.266891    0.349126    6.936347 v fanout1825/Z (gf180mcu_fd_sc_mcu7t5v0__buf_2)
                                                         net1825 (net)
                      0.266964    0.002501    6.938848 v _24898_/I (gf180mcu_fd_sc_mcu7t5v0__clkinv_1)
     1    0.019430    0.249526    0.212257    7.151105 ^ _24898_/ZN (gf180mcu_fd_sc_mcu7t5v0__clkinv_1)
                                                         _00817_ (net)
                      0.249527    0.000830    7.151934 ^ _27672_/RN (gf180mcu_fd_sc_mcu7t5v0__dffrnq_2)
                                              7.151934   data arrival time

                                 20.000000   20.000000   clock clk (rise edge)
                                  0.000000   20.000000   clock source latency
     1    0.155273    0.424550    0.261522   20.261522 ^ clk (in)
                                                         clk (net)
                      0.433207    0.000000   20.261522 ^ clkbuf_0_clk/I (gf180mcu_fd_sc_mcu7t5v0__clkbuf_16)
     4    0.354547    0.255852    0.337879   20.599401 ^ clkbuf_0_clk/Z (gf180mcu_fd_sc_mcu7t5v0__clkbuf_16)
                                                         clknet_0_clk (net)
                      0.258000    0.012626   20.612028 ^ clkbuf_2_0_0_clk/I (gf180mcu_fd_sc_mcu7t5v0__clkbuf_8)
    16    0.455824    0.625117    0.518901   21.130928 ^ clkbuf_2_0_0_clk/Z (gf180mcu_fd_sc_mcu7t5v0__clkbuf_8)
                                                         clknet_2_0_0_clk (net)
                      0.626161    0.014465   21.145393 ^ clkbuf_6_11_0_clk/I (gf180mcu_fd_sc_mcu7t5v0__clkbuf_8)
     9    0.161838    0.242959    0.352440   21.497833 ^ clkbuf_6_11_0_clk/Z (gf180mcu_fd_sc_mcu7t5v0__clkbuf_8)
                                                         clknet_6_11_0_clk (net)
                      0.243159    0.004842   21.502676 ^ clkbuf_leaf_37_clk/I (gf180mcu_fd_sc_mcu7t5v0__clkbuf_8)
     6    0.037763    0.089328    0.200378   21.703054 ^ clkbuf_leaf_37_clk/Z (gf180mcu_fd_sc_mcu7t5v0__clkbuf_8)
                                                         clknet_leaf_37_clk (net)
                      0.089328    0.000499   21.703554 ^ _27672_/CLK (gf180mcu_fd_sc_mcu7t5v0__dffrnq_2)
                                 -0.250000   21.453554   clock uncertainty
                                  0.000000   21.453554   clock reconvergence pessimism
                                  0.106870   21.560423   library recovery time
                                             21.560423   data required time
---------------------------------------------------------------------------------------------
                                             21.560423   data required time
                                             -7.151934   data arrival time
---------------------------------------------------------------------------------------------
                                             14.408489   slack (MET)


Startpoint: _25494_ (rising edge-triggered flip-flop clocked by clk)
Endpoint: _26219_ (rising edge-triggered flip-flop clocked by clk)
Path Group: clk
Path Type: max

Fanout         Cap        Slew       Delay        Time   Description
---------------------------------------------------------------------------------------------
                                  0.000000    0.000000   clock clk (rise edge)
                                  0.000000    0.000000   clock source latency
     1    0.155273    0.424550    0.261523    0.261523 ^ clk (in)
                                                         clk (net)
                      0.433207    0.000000    0.261523 ^ clkbuf_0_clk/I (gf180mcu_fd_sc_mcu7t5v0__clkbuf_16)
     4    0.354547    0.255852    0.337878    0.599401 ^ clkbuf_0_clk/Z (gf180mcu_fd_sc_mcu7t5v0__clkbuf_16)
                                                         clknet_0_clk (net)
                      0.258000    0.012627    0.612028 ^ clkbuf_2_0_0_clk/I (gf180mcu_fd_sc_mcu7t5v0__clkbuf_8)
    16    0.455824    0.625117    0.518900    1.130927 ^ clkbuf_2_0_0_clk/Z (gf180mcu_fd_sc_mcu7t5v0__clkbuf_8)
                                                         clknet_2_0_0_clk (net)
                      0.626275    0.015248    1.146175 ^ clkbuf_6_3_0_clk/I (gf180mcu_fd_sc_mcu7t5v0__clkbuf_8)
     9    0.157114    0.237798    0.350506    1.496681 ^ clkbuf_6_3_0_clk/Z (gf180mcu_fd_sc_mcu7t5v0__clkbuf_8)
                                                         clknet_6_3_0_clk (net)
                      0.237801    0.001499    1.498180 ^ clkbuf_leaf_487_clk/I (gf180mcu_fd_sc_mcu7t5v0__clkbuf_8)
     8    0.045091    0.097076    0.205846    1.704026 ^ clkbuf_leaf_487_clk/Z (gf180mcu_fd_sc_mcu7t5v0__clkbuf_8)
                                                         clknet_leaf_487_clk (net)
                      0.097077    0.000507    1.704533 ^ _25494_/CLK (gf180mcu_fd_sc_mcu7t5v0__dffrnq_1)
     1    0.011756    0.175677    0.586882    2.291415 ^ _25494_/Q (gf180mcu_fd_sc_mcu7t5v0__dffrnq_1)
                                                         pp_inst.core_inst.reg_cnt_i.data_q[0] (net)
                      0.175677    0.000250    2.291665 ^ fanout1717/I (gf180mcu_fd_sc_mcu7t5v0__buf_4)
     7    0.247406    0.671632    0.470166    2.761830 ^ fanout1717/Z (gf180mcu_fd_sc_mcu7t5v0__buf_4)
                                                         net1717 (net)
                      0.673144    0.017850    2.779680 ^ _12382_/I (gf180mcu_fd_sc_mcu7t5v0__clkinv_2)
     3    0.117642    0.641671    0.525631    3.305311 v _12382_/ZN (gf180mcu_fd_sc_mcu7t5v0__clkinv_2)
                                                         _09184_ (net)
                      0.641787    0.004867    3.310179 v fanout1714/I (gf180mcu_fd_sc_mcu7t5v0__buf_4)
    10    0.271470    0.447827    0.521687    3.831866 v fanout1714/Z (gf180mcu_fd_sc_mcu7t5v0__buf_4)
                                                         net1714 (net)
                      0.447870    0.002631    3.834497 v fanout1713/I (gf180mcu_fd_sc_mcu7t5v0__clkbuf_4)
    10    0.184885    0.504917    0.514193    4.348690 v fanout1713/Z (gf180mcu_fd_sc_mcu7t5v0__clkbuf_4)
                                                         net1713 (net)
                      0.508697    0.024388    4.373078 v _13346_/B (gf180mcu_fd_sc_mcu7t5v0__aoi21_1)
     1    0.034063    0.743314    0.537834    4.910912 ^ _13346_/ZN (gf180mcu_fd_sc_mcu7t5v0__aoi21_1)
                                                         _09960_ (net)
                      0.743316    0.001525    4.912438 ^ fanout1568/I (gf180mcu_fd_sc_mcu7t5v0__buf_2)
     5    0.172019    0.932168    0.661424    5.573862 ^ fanout1568/Z (gf180mcu_fd_sc_mcu7t5v0__buf_2)
                                                         net1568 (net)
                      0.933587    0.020667    5.594528 ^ fanout1567/I (gf180mcu_fd_sc_mcu7t5v0__buf_2)
     5    0.058794    0.340904    0.321549    5.916077 ^ fanout1567/Z (gf180mcu_fd_sc_mcu7t5v0__buf_2)
                                                         net1567 (net)
                      0.340981    0.002848    5.918925 ^ _13349_/A2 (gf180mcu_fd_sc_mcu7t5v0__nor2_1)
     1    0.015324    0.233350    0.183995    6.102919 v _13349_/ZN (gf180mcu_fd_sc_mcu7t5v0__nor2_1)
                                                         _09963_ (net)
                      0.233351    0.000407    6.103326 v fanout1476/I (gf180mcu_fd_sc_mcu7t5v0__buf_4)
     8    0.237535    0.394485    0.392750    6.496076 v fanout1476/Z (gf180mcu_fd_sc_mcu7t5v0__buf_4)
                                                         net1476 (net)
                      0.397252    0.018103    6.514180 v fanout1472/I (gf180mcu_fd_sc_mcu7t5v0__buf_2)
     7    0.113034    0.380691    0.447193    6.961373 v fanout1472/Z (gf180mcu_fd_sc_mcu7t5v0__buf_2)
                                                         net1472 (net)
                      0.380799    0.003677    6.965050 v fanout1471/I (gf180mcu_fd_sc_mcu7t5v0__clkbuf_4)
    10    0.123887    0.347382    0.415935    7.380985 v fanout1471/Z (gf180mcu_fd_sc_mcu7t5v0__clkbuf_4)
                                                         net1471 (net)
                      0.347763    0.006531    7.387516 v _13585_/A2 (gf180mcu_fd_sc_mcu7t5v0__aoi222_2)
     1    0.011006    0.494765    0.350816    7.738332 ^ _13585_/ZN (gf180mcu_fd_sc_mcu7t5v0__aoi222_2)
                                                         _10195_ (net)
                      0.494765    0.000126    7.738458 ^ _13586_/B (gf180mcu_fd_sc_mcu7t5v0__oai211_2)
     1    0.018788    0.280961    0.197789    7.936247 v _13586_/ZN (gf180mcu_fd_sc_mcu7t5v0__oai211_2)
                                                         _10196_ (net)
                      0.280961    0.000200    7.936447 v _13595_/B2 (gf180mcu_fd_sc_mcu7t5v0__aoi22_4)
     4    0.149677    0.930824    0.617701    8.554149 ^ _13595_/ZN (gf180mcu_fd_sc_mcu7t5v0__aoi22_4)
                                                         _10205_ (net)
                      0.930891    0.012014    8.566163 ^ _13597_/A2 (gf180mcu_fd_sc_mcu7t5v0__xor2_1)
     2    0.036259    0.783651    0.518456    9.084620 ^ _13597_/Z (gf180mcu_fd_sc_mcu7t5v0__xor2_1)
                                                         _10207_ (net)
                      0.783651    0.000838    9.085457 ^ _13598_/A2 (gf180mcu_fd_sc_mcu7t5v0__aoi21_4)
     2    0.040575    0.260575    0.101148    9.186605 v _13598_/ZN (gf180mcu_fd_sc_mcu7t5v0__aoi21_4)
                                                         _10208_ (net)
                      0.260576    0.000798    9.187404 v _16067_/B1 (gf180mcu_fd_sc_mcu7t5v0__aoi22_4)
     2    0.191476    1.130013    0.701064    9.888468 ^ _16067_/ZN (gf180mcu_fd_sc_mcu7t5v0__aoi22_4)
                                                         _03429_ (net)
                      1.130946    0.039880    9.928349 ^ fanout492/I (gf180mcu_fd_sc_mcu7t5v0__buf_2)
     6    0.104495    0.581825    0.457810   10.386158 ^ fanout492/Z (gf180mcu_fd_sc_mcu7t5v0__buf_2)
                                                         net492 (net)
                      0.582103    0.007122   10.393280 ^ fanout486/I (gf180mcu_fd_sc_mcu7t5v0__buf_2)
     6    0.079412    0.444656    0.379960   10.773240 ^ fanout486/Z (gf180mcu_fd_sc_mcu7t5v0__buf_2)
                                                         net486 (net)
                      0.444658    0.000543   10.773783 ^ fanout485/I (gf180mcu_fd_sc_mcu7t5v0__buf_1)
     5    0.047492    0.537115    0.432571   11.206354 ^ fanout485/Z (gf180mcu_fd_sc_mcu7t5v0__buf_1)
                                                         net485 (net)
                      0.537118    0.000729   11.207084 ^ fanout484/I (gf180mcu_fd_sc_mcu7t5v0__buf_2)
    10    0.079702    0.447569    0.382243   11.589326 ^ fanout484/Z (gf180mcu_fd_sc_mcu7t5v0__buf_2)
                                                         net484 (net)
                      0.447578    0.001131   11.590457 ^ _21153_/A1 (gf180mcu_fd_sc_mcu7t5v0__oai21_1)
     1    0.005132    0.220489    0.092552   11.683008 v _21153_/ZN (gf180mcu_fd_sc_mcu7t5v0__oai21_1)
                                                         _01861_ (net)
                      0.220489    0.000105   11.683113 v _26219_/D (gf180mcu_fd_sc_mcu7t5v0__dffq_1)
                                             11.683113   data arrival time

                                 20.000000   20.000000   clock clk (rise edge)
                                  0.000000   20.000000   clock source latency
     1    0.155273    0.424550    0.261522   20.261522 ^ clk (in)
                                                         clk (net)
                      0.433207    0.000000   20.261522 ^ clkbuf_0_clk/I (gf180mcu_fd_sc_mcu7t5v0__clkbuf_16)
     4    0.354547    0.255852    0.337879   20.599401 ^ clkbuf_0_clk/Z (gf180mcu_fd_sc_mcu7t5v0__clkbuf_16)
                                                         clknet_0_clk (net)
                      0.258474    0.014365   20.613768 ^ clkbuf_2_3_0_clk/I (gf180mcu_fd_sc_mcu7t5v0__clkbuf_8)
    16    0.443272    0.606602    0.506496   21.120264 ^ clkbuf_2_3_0_clk/Z (gf180mcu_fd_sc_mcu7t5v0__clkbuf_8)
                                                         clknet_2_3_0_clk (net)
                      0.608836    0.020917   21.141180 ^ clkbuf_6_60_0_clk/I (gf180mcu_fd_sc_mcu7t5v0__clkbuf_8)
     9    0.204076    0.296707    0.381892   21.523071 ^ clkbuf_6_60_0_clk/Z (gf180mcu_fd_sc_mcu7t5v0__clkbuf_8)
                                                         clknet_6_60_0_clk (net)
                      0.296751    0.001688   21.524759 ^ clkbuf_leaf_288_clk/I (gf180mcu_fd_sc_mcu7t5v0__clkbuf_8)
     9    0.051694    0.105654    0.221283   21.746042 ^ clkbuf_leaf_288_clk/Z (gf180mcu_fd_sc_mcu7t5v0__clkbuf_8)
                                                         clknet_leaf_288_clk (net)
                      0.105655    0.000618   21.746660 ^ _26219_/CLK (gf180mcu_fd_sc_mcu7t5v0__dffq_1)
                                 -0.250000   21.496660   clock uncertainty
                                  0.000000   21.496660   clock reconvergence pessimism
                                 -0.166902   21.329760   library setup time
                                             21.329760   data required time
---------------------------------------------------------------------------------------------
                                             21.329760   data required time
                                            -11.683113   data arrival time
---------------------------------------------------------------------------------------------
                                              9.646646   slack (MET)




===========================================================================
report_checks --slack_max -0.01
============================================================================
======================= max_ff_n40C_5v50 Corner ===================================

No paths found.


===========================================================================
 report_check_types -max_slew -max_cap -max_fanout -violators
============================================================================
======================= max_ff_n40C_5v50 Corner ===================================

max slew

Pin                                        Limit        Slew       Slack
------------------------------------------------------------------------
_17803_/A2                              2.600000    2.807091   -0.207092 (VIOLATED)
_17802_/Z                               2.600000    2.806663   -0.206663 (VIOLATED)

max fanout

Pin                                   Limit Fanout  Slack
---------------------------------------------------------
clkbuf_2_0_0_clk/Z                       10     16     -6 (VIOLATED)
clkbuf_2_1_0_clk/Z                       10     16     -6 (VIOLATED)
clkbuf_2_2_0_clk/Z                       10     16     -6 (VIOLATED)
clkbuf_2_3_0_clk/Z                       10     16     -6 (VIOLATED)
clkbuf_6_36_0_clk/Z                      10     13     -3 (VIOLATED)
clkbuf_6_55_0_clk/Z                      10     13     -3 (VIOLATED)
clkbuf_6_32_0_clk/Z                      10     12     -2 (VIOLATED)
clkbuf_6_33_0_clk/Z                      10     12     -2 (VIOLATED)
clkbuf_6_39_0_clk/Z                      10     12     -2 (VIOLATED)
clkbuf_6_41_0_clk/Z                      10     12     -2 (VIOLATED)
clkbuf_6_48_0_clk/Z                      10     12     -2 (VIOLATED)
clkbuf_6_56_0_clk/Z                      10     12     -2 (VIOLATED)
clkbuf_6_57_0_clk/Z                      10     12     -2 (VIOLATED)
clkbuf_6_58_0_clk/Z                      10     12     -2 (VIOLATED)
clkbuf_leaf_301_clk/Z                    10     12     -2 (VIOLATED)
clkbuf_6_34_0_clk/Z                      10     11        (VIOLATED)
clkbuf_6_35_0_clk/Z                      10     11        (VIOLATED)
clkbuf_6_37_0_clk/Z                      10     11        (VIOLATED)
clkbuf_6_38_0_clk/Z                      10     11        (VIOLATED)
clkbuf_6_46_0_clk/Z                      10     11        (VIOLATED)
clkbuf_6_50_0_clk/Z                      10     11        (VIOLATED)
clkbuf_6_54_0_clk/Z                      10     11        (VIOLATED)
clkbuf_6_59_0_clk/Z                      10     11        (VIOLATED)
clkbuf_6_61_0_clk/Z                      10     11        (VIOLATED)
clkbuf_leaf_161_clk/Z                    10     11        (VIOLATED)
clkbuf_leaf_218_clk/Z                    10     11        (VIOLATED)
clkbuf_leaf_290_clk/Z                    10     11        (VIOLATED)

max capacitance

Pin                                        Limit         Cap       Slack
------------------------------------------------------------------------
clkbuf_2_1_0_clk/Z                      0.200000    0.468859   -0.268859 (VIOLATED)
clkbuf_2_0_0_clk/Z                      0.200000    0.455824   -0.255824 (VIOLATED)
clkbuf_2_2_0_clk/Z                      0.200000    0.444774   -0.244774 (VIOLATED)
clkbuf_2_3_0_clk/Z                      0.200000    0.443272   -0.243272 (VIOLATED)
fanout1183/Z                            0.200000    0.383841   -0.183841 (VIOLATED)
fanout1321/Z                            0.200000    0.376520   -0.176520 (VIOLATED)
fanout1070/Z                            0.200000    0.373858   -0.173858 (VIOLATED)
fanout1431/Z                            0.200000    0.358605   -0.158605 (VIOLATED)
fanout1117/Z                            0.200000    0.358071   -0.158071 (VIOLATED)
fanout1332/Z                            0.200000    0.354706   -0.154707 (VIOLATED)
clkbuf_0_clk/Z                          0.200000    0.354547   -0.154547 (VIOLATED)
fanout1113/Z                            0.200000    0.353706   -0.153706 (VIOLATED)
fanout1080/Z                            0.200000    0.352737   -0.152736 (VIOLATED)
fanout1238/Z                            0.200000    0.352721   -0.152721 (VIOLATED)
fanout879/Z                             0.200000    0.352404   -0.152404 (VIOLATED)
fanout1328/Z                            0.200000    0.351444   -0.151444 (VIOLATED)
fanout1155/Z                            0.200000    0.350774   -0.150774 (VIOLATED)
fanout1065/Z                            0.200000    0.350586   -0.150586 (VIOLATED)
fanout1261/Z                            0.200000    0.348671   -0.148671 (VIOLATED)
fanout1316/Z                            0.200000    0.348539   -0.148539 (VIOLATED)
fanout1110/Z                            0.200000    0.345141   -0.145141 (VIOLATED)
fanout748/Z                             0.200000    0.343359   -0.143359 (VIOLATED)
fanout1243/Z                            0.200000    0.341944   -0.141943 (VIOLATED)
fanout1195/Z                            0.200000    0.340756   -0.140756 (VIOLATED)
fanout806/Z                             0.200000    0.338837   -0.138837 (VIOLATED)
fanout1085/Z                            0.200000    0.338185   -0.138185 (VIOLATED)
fanout1266/Z                            0.200000    0.338098   -0.138098 (VIOLATED)
fanout1255/Z                            0.200000    0.336535   -0.136535 (VIOLATED)
fanout1075/Z                            0.200000    0.335832   -0.135832 (VIOLATED)
fanout1149/Z                            0.200000    0.335574   -0.135574 (VIOLATED)
max_cap1318/Z                           0.200000    0.335463   -0.135463 (VIOLATED)
max_cap1092/Z                           0.200000    0.334793   -0.134793 (VIOLATED)
fanout1245/Z                            0.200000    0.332928   -0.132928 (VIOLATED)
fanout884/Z                             0.200000    0.331521   -0.131521 (VIOLATED)
fanout1121/Z                            0.200000    0.331337   -0.131337 (VIOLATED)
fanout1323/Z                            0.200000    0.330525   -0.130525 (VIOLATED)
fanout1211/Z                            0.200000    0.328965   -0.128965 (VIOLATED)
fanout551/Z                             0.200000    0.327482   -0.127482 (VIOLATED)
fanout1106/Z                            0.200000    0.326520   -0.126520 (VIOLATED)
fanout1296/Z                            0.200000    0.326075   -0.126075 (VIOLATED)
fanout1197/Z                            0.200000    0.325968   -0.125968 (VIOLATED)
fanout1125/Z                            0.200000    0.324467   -0.124467 (VIOLATED)
max_cap1130/Z                           0.200000    0.323657   -0.123657 (VIOLATED)
fanout1108/Z                            0.200000    0.322664   -0.122664 (VIOLATED)
fanout1277/Z                            0.200000    0.322643   -0.122644 (VIOLATED)
fanout1191/Z                            0.200000    0.320699   -0.120699 (VIOLATED)
fanout1229/Z                            0.200000    0.320653   -0.120653 (VIOLATED)
max_cap1119/Z                           0.200000    0.320612   -0.120612 (VIOLATED)
fanout1185/Z                            0.200000    0.320607   -0.120607 (VIOLATED)
fanout1112/Z                            0.200000    0.319473   -0.119473 (VIOLATED)
fanout1164/Z                            0.200000    0.318526   -0.118526 (VIOLATED)
fanout1151/Z                            0.200000    0.318050   -0.118050 (VIOLATED)
fanout989/Z                             0.200000    0.317682   -0.117682 (VIOLATED)
fanout231/Z                             0.200000    0.317148   -0.117148 (VIOLATED)
fanout1269/Z                            0.200000    0.316084   -0.116084 (VIOLATED)
fanout1087/Z                            0.200000    0.315924   -0.115924 (VIOLATED)
fanout1134/Z                            0.200000    0.314642   -0.114642 (VIOLATED)
fanout1263/Z                            0.200000    0.313124   -0.113124 (VIOLATED)
fanout972/Z                             0.200000    0.312823   -0.112823 (VIOLATED)
fanout1084/Z                            0.200000    0.312415   -0.112415 (VIOLATED)
fanout1256/Z                            0.200000    0.311818   -0.111818 (VIOLATED)
fanout1097/Z                            0.200000    0.310714   -0.110714 (VIOLATED)
fanout697/Z                             0.200000    0.310707   -0.110707 (VIOLATED)
fanout1098/Z                            0.200000    0.310669   -0.110669 (VIOLATED)
fanout1462/Z                            0.200000    0.309839   -0.109839 (VIOLATED)
fanout1273/Z                            0.200000    0.309786   -0.109786 (VIOLATED)
fanout1344/Z                            0.200000    0.308853   -0.108853 (VIOLATED)
fanout1223/Z                            0.200000    0.308509   -0.108509 (VIOLATED)
fanout1148/Z                            0.200000    0.308052   -0.108052 (VIOLATED)
fanout1297/Z                            0.200000    0.307792   -0.107792 (VIOLATED)
fanout1189/Z                            0.200000    0.307475   -0.107475 (VIOLATED)
fanout1336/Z                            0.200000    0.305015   -0.105015 (VIOLATED)
fanout1330/Z                            0.200000    0.304958   -0.104958 (VIOLATED)
_14974_/ZN                              0.200000    0.304437   -0.104437 (VIOLATED)
fanout1275/Z                            0.200000    0.304425   -0.104425 (VIOLATED)
fanout1320/Z                            0.200000    0.304370   -0.104370 (VIOLATED)
fanout1172/Z                            0.200000    0.303595   -0.103595 (VIOLATED)
fanout1190/Z                            0.200000    0.303335   -0.103335 (VIOLATED)
fanout76/Z                              0.200000    0.303255   -0.103255 (VIOLATED)
fanout1586/Z                            0.200000    0.301661   -0.101661 (VIOLATED)
fanout1141/Z                            0.200000    0.300265   -0.100265 (VIOLATED)
fanout1258/Z                            0.200000    0.299756   -0.099756 (VIOLATED)
fanout1265/Z                            0.200000    0.299594   -0.099594 (VIOLATED)
fanout1270/Z                            0.200000    0.299082   -0.099082 (VIOLATED)
fanout730/Z                             0.200000    0.299051   -0.099051 (VIOLATED)
fanout823/Z                             0.200000    0.298921   -0.098921 (VIOLATED)
fanout1227/Z                            0.200000    0.298788   -0.098788 (VIOLATED)
fanout1168/Z                            0.200000    0.297119   -0.097119 (VIOLATED)
fanout1253/Z                            0.200000    0.296241   -0.096241 (VIOLATED)
fanout1203/Z                            0.200000    0.295690   -0.095690 (VIOLATED)
fanout739/Z                             0.200000    0.295265   -0.095265 (VIOLATED)
fanout1207/Z                            0.200000    0.295010   -0.095010 (VIOLATED)
fanout1225/Z                            0.200000    0.294688   -0.094688 (VIOLATED)
wire1209/Z                              0.200000    0.294687   -0.094687 (VIOLATED)
fanout1247/Z                            0.200000    0.294562   -0.094562 (VIOLATED)
fanout1170/Z                            0.200000    0.294416   -0.094416 (VIOLATED)
fanout1127/Z                            0.200000    0.294003   -0.094003 (VIOLATED)
fanout1239/Z                            0.200000    0.293602   -0.093602 (VIOLATED)
fanout1182/Z                            0.200000    0.293063   -0.093063 (VIOLATED)
fanout1071/Z                            0.200000    0.291758   -0.091758 (VIOLATED)
fanout1274/Z                            0.200000    0.291175   -0.091175 (VIOLATED)
fanout1161/Z                            0.200000    0.290993   -0.090993 (VIOLATED)
fanout575/Z                             0.200000    0.290569   -0.090569 (VIOLATED)
fanout1180/Z                            0.200000    0.290009   -0.090009 (VIOLATED)
fanout1102/Z                            0.200000    0.289603   -0.089603 (VIOLATED)
fanout1136/Z                            0.200000    0.289292   -0.089291 (VIOLATED)
fanout1157/Z                            0.200000    0.289157   -0.089157 (VIOLATED)
fanout1342/Z                            0.200000    0.288963   -0.088963 (VIOLATED)
fanout1334/Z                            0.200000    0.288887   -0.088887 (VIOLATED)
fanout1147/Z                            0.200000    0.286549   -0.086549 (VIOLATED)
fanout1104/Z                            0.200000    0.284899   -0.084899 (VIOLATED)
fanout1300/Z                            0.200000    0.284008   -0.084008 (VIOLATED)
fanout1459/Z                            0.200000    0.283889   -0.083889 (VIOLATED)
fanout1123/Z                            0.200000    0.283111   -0.083111 (VIOLATED)
fanout1326/Z                            0.200000    0.283052   -0.083052 (VIOLATED)
fanout705/Z                             0.200000    0.282835   -0.082835 (VIOLATED)
fanout1201/Z                            0.200000    0.282660   -0.082660 (VIOLATED)
fanout1094/Z                            0.200000    0.282222   -0.082222 (VIOLATED)
fanout855/Z                             0.200000    0.280354   -0.080354 (VIOLATED)
fanout1578/Z                            0.200000    0.279977   -0.079977 (VIOLATED)
fanout1193/Z                            0.200000    0.279901   -0.079901 (VIOLATED)
fanout1418/Z                            0.200000    0.279610   -0.079610 (VIOLATED)
fanout1304/Z                            0.200000    0.279079   -0.079080 (VIOLATED)
max_cap1307/Z                           0.200000    0.278642   -0.078642 (VIOLATED)
fanout1249/Z                            0.200000    0.277976   -0.077976 (VIOLATED)
fanout1430/Z                            0.200000    0.277480   -0.077480 (VIOLATED)
fanout1205/Z                            0.200000    0.277270   -0.077270 (VIOLATED)
fanout1234/Z                            0.200000    0.276973   -0.076973 (VIOLATED)
fanout1315/Z                            0.200000    0.276562   -0.076562 (VIOLATED)
fanout1096/Z                            0.200000    0.276490   -0.076490 (VIOLATED)
fanout1221/Z                            0.200000    0.276194   -0.076194 (VIOLATED)
fanout1322/Z                            0.200000    0.275822   -0.075822 (VIOLATED)
fanout1228/Z                            0.200000    0.275296   -0.075296 (VIOLATED)
fanout1252/Z                            0.200000    0.275015   -0.075015 (VIOLATED)
fanout1074/Z                            0.200000    0.274619   -0.074619 (VIOLATED)
fanout1138/Z                            0.200000    0.274230   -0.074230 (VIOLATED)
_18543_/Z                               0.200000    0.274201   -0.074201 (VIOLATED)
fanout1283/Z                            0.200000    0.274105   -0.074105 (VIOLATED)
fanout1144/Z                            0.200000    0.274101   -0.074101 (VIOLATED)
fanout1114/Z                            0.200000    0.273652   -0.073652 (VIOLATED)
fanout1340/Z                            0.200000    0.272824   -0.072824 (VIOLATED)
fanout1478/Z                            0.200000    0.272772   -0.072772 (VIOLATED)
fanout1220/Z                            0.200000    0.272221   -0.072221 (VIOLATED)
fanout1116/Z                            0.200000    0.271946   -0.071946 (VIOLATED)
_13222_/ZN                              0.200000    0.271737   -0.071737 (VIOLATED)
fanout1714/Z                            0.200000    0.271470   -0.071470 (VIOLATED)
fanout1460/Z                            0.200000    0.270890   -0.070890 (VIOLATED)
fanout1089/Z                            0.200000    0.270335   -0.070335 (VIOLATED)
fanout1346/Z                            0.200000    0.270311   -0.070311 (VIOLATED)
fanout1063/Z                            0.200000    0.268839   -0.068839 (VIOLATED)
_18883_/ZN                              0.200000    0.268816   -0.068816 (VIOLATED)
fanout1213/Z                            0.200000    0.268509   -0.068509 (VIOLATED)
fanout1152/Z                            0.200000    0.268335   -0.068335 (VIOLATED)
fanout1140/Z                            0.200000    0.268304   -0.068304 (VIOLATED)
fanout1100/Z                            0.200000    0.267796   -0.067796 (VIOLATED)
fanout1145/Z                            0.200000    0.267192   -0.067192 (VIOLATED)
fanout641/Z                             0.200000    0.266543   -0.066543 (VIOLATED)
fanout1124/Z                            0.200000    0.266404   -0.066404 (VIOLATED)
fanout1313/Z                            0.200000    0.266361   -0.066361 (VIOLATED)
fanout851/Z                             0.200000    0.266346   -0.066346 (VIOLATED)
fanout1088/Z                            0.200000    0.266022   -0.066022 (VIOLATED)
fanout1302/Z                            0.200000    0.266010   -0.066010 (VIOLATED)
fanout1699/Z                            0.200000    0.265523   -0.065523 (VIOLATED)
fanout1350/Z                            0.200000    0.265297   -0.065297 (VIOLATED)
fanout1254/Z                            0.200000    0.265126   -0.065126 (VIOLATED)
_15875_/ZN                              0.200000    0.264422   -0.064422 (VIOLATED)
fanout271/Z                             0.200000    0.264247   -0.064247 (VIOLATED)
fanout938/Z                             0.200000    0.264072   -0.064072 (VIOLATED)
fanout1187/Z                            0.200000    0.263978   -0.063978 (VIOLATED)
fanout1216/Z                            0.200000    0.262362   -0.062362 (VIOLATED)
fanout1241/Z                            0.200000    0.262347   -0.062347 (VIOLATED)
fanout1115/Z                            0.200000    0.262198   -0.062198 (VIOLATED)
fanout744/Z                             0.200000    0.261996   -0.061996 (VIOLATED)
fanout1162/Z                            0.200000    0.261986   -0.061986 (VIOLATED)
fanout1295/Z                            0.200000    0.261596   -0.061596 (VIOLATED)
fanout1132/Z                            0.200000    0.261257   -0.061257 (VIOLATED)
fanout1126/Z                            0.200000    0.261254   -0.061254 (VIOLATED)
fanout883/Z                             0.200000    0.260129   -0.060129 (VIOLATED)
fanout1338/Z                            0.200000    0.260011   -0.060011 (VIOLATED)
fanout1484/Z                            0.200000    0.259517   -0.059517 (VIOLATED)
fanout1153/Z                            0.200000    0.258926   -0.058926 (VIOLATED)
fanout1486/Z                            0.200000    0.258780   -0.058780 (VIOLATED)
fanout863/Z                             0.200000    0.258728   -0.058728 (VIOLATED)
fanout280/Z                             0.200000    0.258539   -0.058539 (VIOLATED)
fanout1324/Z                            0.200000    0.258179   -0.058179 (VIOLATED)
fanout1712/Z                            0.200000    0.256969   -0.056969 (VIOLATED)
fanout1069/Z                            0.200000    0.256525   -0.056525 (VIOLATED)
fanout1309/Z                            0.200000    0.256355   -0.056355 (VIOLATED)
fanout1417/Z                            0.200000    0.254609   -0.054609 (VIOLATED)
_13339_/ZN                              0.200000    0.254273   -0.054273 (VIOLATED)
fanout904/Z                             0.200000    0.253907   -0.053907 (VIOLATED)
fanout1325/Z                            0.200000    0.253739   -0.053739 (VIOLATED)
fanout1212/Z                            0.200000    0.253224   -0.053224 (VIOLATED)
_15802_/ZN                              0.200000    0.252208   -0.052208 (VIOLATED)
fanout990/Z                             0.200000    0.251955   -0.051955 (VIOLATED)
_14972_/Z                               0.200000    0.251865   -0.051865 (VIOLATED)
max_cap1299/Z                           0.200000    0.251348   -0.051348 (VIOLATED)
fanout1073/Z                            0.200000    0.250982   -0.050982 (VIOLATED)
_12843_/ZN                              0.200000    0.250937   -0.050937 (VIOLATED)
fanout881/Z                             0.200000    0.250367   -0.050367 (VIOLATED)
fanout1202/Z                            0.200000    0.249491   -0.049491 (VIOLATED)
fanout1086/Z                            0.200000    0.249236   -0.049236 (VIOLATED)
_13188_/ZN                              0.200000    0.249129   -0.049129 (VIOLATED)
fanout1271/Z                            0.200000    0.248174   -0.048174 (VIOLATED)
fanout1235/Z                            0.200000    0.247536   -0.047536 (VIOLATED)
fanout1200/Z                            0.200000    0.247483   -0.047483 (VIOLATED)
fanout1717/Z                            0.200000    0.247406   -0.047406 (VIOLATED)
fanout1319/Z                            0.200000    0.246730   -0.046730 (VIOLATED)
fanout1174/Z                            0.200000    0.246438   -0.046438 (VIOLATED)
fanout136/Z                             0.200000    0.245761   -0.045761 (VIOLATED)
fanout1314/Z                            0.200000    0.245177   -0.045177 (VIOLATED)
fanout256/Z                             0.200000    0.244560   -0.044560 (VIOLATED)
fanout1573/Z                            0.200000    0.244430   -0.044430 (VIOLATED)
fanout1272/Z                            0.200000    0.243787   -0.043787 (VIOLATED)
fanout1166/Z                            0.200000    0.243666   -0.043666 (VIOLATED)
fanout849/Z                             0.200000    0.242323   -0.042323 (VIOLATED)
fanout1111/Z                            0.200000    0.242317   -0.042317 (VIOLATED)
_13377_/Z                               0.200000    0.242216   -0.042216 (VIOLATED)
fanout1499/Z                            0.200000    0.241989   -0.041989 (VIOLATED)
fanout558/Z                             0.200000    0.241191   -0.041191 (VIOLATED)
fanout755/Z                             0.200000    0.240917   -0.040917 (VIOLATED)
fanout840/Z                             0.200000    0.240880   -0.040880 (VIOLATED)
_20966_/ZN                              0.200000    0.240447   -0.040447 (VIOLATED)
fanout1352/Z                            0.200000    0.240069   -0.040069 (VIOLATED)
fanout115/Z                             0.200000    0.240067   -0.040067 (VIOLATED)
_15844_/ZN                              0.200000    0.239809   -0.039809 (VIOLATED)
fanout23/Z                              0.200000    0.239183   -0.039183 (VIOLATED)
fanout936/Z                             0.200000    0.238782   -0.038782 (VIOLATED)
_15834_/ZN                              0.200000    0.238730   -0.038730 (VIOLATED)
fanout208/Z                             0.200000    0.238306   -0.038306 (VIOLATED)
fanout1476/Z                            0.200000    0.237535   -0.037535 (VIOLATED)
fanout206/Z                             0.200000    0.237095   -0.037095 (VIOLATED)
_15878_/ZN                              0.200000    0.237065   -0.037065 (VIOLATED)
fanout1165/Z                            0.200000    0.236738   -0.036738 (VIOLATED)
fanout783/Z                             0.200000    0.235914   -0.035914 (VIOLATED)
fanout1577/Z                            0.200000    0.235113   -0.035113 (VIOLATED)
fanout264/Z                             0.200000    0.235031   -0.035031 (VIOLATED)
fanout826/Z                             0.200000    0.234936   -0.034936 (VIOLATED)
fanout1259/Z                            0.200000    0.234886   -0.034886 (VIOLATED)
fanout171/Z                             0.200000    0.234620   -0.034620 (VIOLATED)
fanout1251/Z                            0.200000    0.233729   -0.033729 (VIOLATED)
max_cap1083/Z                           0.200000    0.233328   -0.033328 (VIOLATED)
fanout854/Z                             0.200000    0.232531   -0.032531 (VIOLATED)
fanout124/Z                             0.200000    0.232530   -0.032530 (VIOLATED)
fanout797/Z                             0.200000    0.232449   -0.032449 (VIOLATED)
fanout1067/Z                            0.200000    0.232069   -0.032069 (VIOLATED)
fanout1429/Z                            0.200000    0.232069   -0.032069 (VIOLATED)
fanout193/Z                             0.200000    0.231740   -0.031740 (VIOLATED)
fanout1214/Z                            0.200000    0.231669   -0.031669 (VIOLATED)
fanout67/Z                              0.200000    0.230887   -0.030887 (VIOLATED)
clkbuf_6_33_0_clk/Z                     0.200000    0.230259   -0.030259 (VIOLATED)
_15861_/ZN                              0.200000    0.230205   -0.030205 (VIOLATED)
fanout1068/Z                            0.200000    0.230134   -0.030134 (VIOLATED)
fanout649/Z                             0.200000    0.230078   -0.030078 (VIOLATED)
fanout1150/Z                            0.200000    0.229715   -0.029715 (VIOLATED)
fanout1292/Z                            0.200000    0.229626   -0.029626 (VIOLATED)
fanout1720/Z                            0.200000    0.229610   -0.029610 (VIOLATED)
clkbuf_6_39_0_clk/Z                     0.200000    0.229065   -0.029065 (VIOLATED)
fanout1199/Z                            0.200000    0.228983   -0.028983 (VIOLATED)
fanout620/Z                             0.200000    0.228789   -0.028789 (VIOLATED)
fanout963/Z                             0.200000    0.228403   -0.028403 (VIOLATED)
fanout830/Z                             0.200000    0.228220   -0.028220 (VIOLATED)
_15798_/ZN                              0.200000    0.227900   -0.027900 (VIOLATED)
fanout1590/Z                            0.200000    0.227783   -0.027783 (VIOLATED)
fanout1133/Z                            0.200000    0.227454   -0.027454 (VIOLATED)
fanout163/Z                             0.200000    0.226459   -0.026459 (VIOLATED)
fanout143/Z                             0.200000    0.226445   -0.026445 (VIOLATED)
fanout1311/Z                            0.200000    0.226255   -0.026255 (VIOLATED)
fanout1592/Z                            0.200000    0.226226   -0.026226 (VIOLATED)
max_cap1078/Z                           0.200000    0.226213   -0.026213 (VIOLATED)
_12849_/Z                               0.200000    0.226136   -0.026136 (VIOLATED)
clkbuf_6_36_0_clk/Z                     0.200000    0.226011   -0.026011 (VIOLATED)
fanout839/Z                             0.200000    0.225833   -0.025833 (VIOLATED)
fanout816/Z                             0.200000    0.225667   -0.025667 (VIOLATED)
fanout1693/Z                            0.200000    0.225602   -0.025602 (VIOLATED)
clkbuf_6_48_0_clk/Z                     0.200000    0.224996   -0.024996 (VIOLATED)
fanout977/Z                             0.200000    0.224721   -0.024721 (VIOLATED)
fanout780/Z                             0.200000    0.224674   -0.024674 (VIOLATED)
fanout1095/Z                            0.200000    0.224341   -0.024341 (VIOLATED)
fanout561/Z                             0.200000    0.224274   -0.024274 (VIOLATED)
fanout926/Z                             0.200000    0.224243   -0.024243 (VIOLATED)
fanout1495/Z                            0.200000    0.223637   -0.023637 (VIOLATED)
fanout1257/Z                            0.200000    0.223304   -0.023304 (VIOLATED)
fanout942/Z                             0.200000    0.223051   -0.023051 (VIOLATED)
fanout1268/Z                            0.200000    0.222953   -0.022953 (VIOLATED)
fanout902/Z                             0.200000    0.222605   -0.022605 (VIOLATED)
_15880_/ZN                              0.200000    0.222445   -0.022445 (VIOLATED)
_15828_/ZN                              0.200000    0.222430   -0.022430 (VIOLATED)
fanout628/Z                             0.200000    0.221783   -0.021783 (VIOLATED)
fanout974/Z                             0.200000    0.221680   -0.021680 (VIOLATED)
fanout722/Z                             0.200000    0.221645   -0.021645 (VIOLATED)
clkbuf_6_37_0_clk/Z                     0.200000    0.221639   -0.021639 (VIOLATED)
fanout247/Z                             0.200000    0.220223   -0.020223 (VIOLATED)
fanout1715/Z                            0.200000    0.220169   -0.020169 (VIOLATED)
fanout776/Z                             0.200000    0.219725   -0.019725 (VIOLATED)
fanout1188/Z                            0.200000    0.219712   -0.019712 (VIOLATED)
fanout1716/Z                            0.200000    0.219674   -0.019674 (VIOLATED)
fanout1584/Z                            0.200000    0.219308   -0.019308 (VIOLATED)
fanout809/Z                             0.200000    0.217712   -0.017712 (VIOLATED)
_15830_/ZN                              0.200000    0.217645   -0.017645 (VIOLATED)
_15852_/ZN                              0.200000    0.217625   -0.017625 (VIOLATED)
fanout168/Z                             0.200000    0.217428   -0.017428 (VIOLATED)
clkbuf_6_38_0_clk/Z                     0.200000    0.217239   -0.017239 (VIOLATED)
fanout1349/Z                            0.200000    0.217185   -0.017185 (VIOLATED)
fanout1485/Z                            0.200000    0.217056   -0.017056 (VIOLATED)
fanout180/Z                             0.200000    0.216678   -0.016678 (VIOLATED)
fanout579/Z                             0.200000    0.216332   -0.016332 (VIOLATED)
fanout31/Z                              0.200000    0.216274   -0.016274 (VIOLATED)
fanout65/Z                              0.200000    0.215847   -0.015847 (VIOLATED)
fanout866/Z                             0.200000    0.215713   -0.015713 (VIOLATED)
fanout1240/Z                            0.200000    0.215615   -0.015615 (VIOLATED)
fanout160/Z                             0.200000    0.215432   -0.015432 (VIOLATED)
clkbuf_6_45_0_clk/Z                     0.200000    0.215122   -0.015122 (VIOLATED)
_17802_/Z                               0.133000    0.148052   -0.015052 (VIOLATED)
fanout1371/Z                            0.200000    0.214953   -0.014953 (VIOLATED)
_15849_/ZN                              0.200000    0.214887   -0.014887 (VIOLATED)
fanout968/Z                             0.200000    0.214828   -0.014828 (VIOLATED)
fanout940/Z                             0.200000    0.214539   -0.014539 (VIOLATED)
fanout197/Z                             0.200000    0.214536   -0.014536 (VIOLATED)
fanout870/Z                             0.200000    0.214322   -0.014322 (VIOLATED)
fanout1276/Z                            0.200000    0.214122   -0.014122 (VIOLATED)
fanout616/Z                             0.200000    0.214102   -0.014102 (VIOLATED)
fanout908/Z                             0.200000    0.214060   -0.014060 (VIOLATED)
fanout1756/Z                            0.200000    0.213745   -0.013745 (VIOLATED)
fanout693/Z                             0.200000    0.213652   -0.013652 (VIOLATED)
fanout903/Z                             0.200000    0.213293   -0.013293 (VIOLATED)
fanout772/Z                             0.200000    0.212809   -0.012809 (VIOLATED)
fanout194/Z                             0.200000    0.212754   -0.012754 (VIOLATED)
fanout901/Z                             0.200000    0.212656   -0.012656 (VIOLATED)
fanout88/Z                              0.200000    0.212641   -0.012641 (VIOLATED)
fanout557/Z                             0.200000    0.212613   -0.012613 (VIOLATED)
fanout891/Z                             0.200000    0.212512   -0.012512 (VIOLATED)
_21877_/ZN                              0.200000    0.212445   -0.012445 (VIOLATED)
max_cap1232/Z                           0.200000    0.212166   -0.012166 (VIOLATED)
_13155_/Z                               0.200000    0.212073   -0.012073 (VIOLATED)
fanout811/Z                             0.200000    0.212025   -0.012025 (VIOLATED)
fanout596/Z                             0.200000    0.211983   -0.011983 (VIOLATED)
fanout784/Z                             0.200000    0.211915   -0.011915 (VIOLATED)
fanout837/Z                             0.200000    0.211839   -0.011839 (VIOLATED)
fanout1481/Z                            0.200000    0.211448   -0.011448 (VIOLATED)
fanout593/Z                             0.200000    0.211345   -0.011345 (VIOLATED)
fanout26/Z                              0.200000    0.211294   -0.011294 (VIOLATED)
fanout1604/Z                            0.200000    0.211265   -0.011265 (VIOLATED)
fanout969/Z                             0.200000    0.210797   -0.010797 (VIOLATED)
_23958_/ZN                              0.200000    0.210627   -0.010627 (VIOLATED)
fanout1569/Z                            0.200000    0.210617   -0.010617 (VIOLATED)
fanout858/Z                             0.200000    0.210476   -0.010476 (VIOLATED)
fanout1081/Z                            0.200000    0.210475   -0.010475 (VIOLATED)
fanout273/Z                             0.200000    0.210440   -0.010440 (VIOLATED)
fanout28/Z                              0.200000    0.210335   -0.010335 (VIOLATED)
fanout164/Z                             0.200000    0.210214   -0.010214 (VIOLATED)
max_cap1237/Z                           0.200000    0.210210   -0.010210 (VIOLATED)
fanout893/Z                             0.200000    0.209942   -0.009942 (VIOLATED)
_15860_/ZN                              0.200000    0.209909   -0.009909 (VIOLATED)
fanout572/Z                             0.200000    0.209875   -0.009875 (VIOLATED)
clkbuf_6_56_0_clk/Z                     0.200000    0.209727   -0.009727 (VIOLATED)
fanout846/Z                             0.200000    0.208794   -0.008794 (VIOLATED)
fanout132/Z                             0.200000    0.208655   -0.008655 (VIOLATED)
fanout1179/Z                            0.200000    0.208468   -0.008468 (VIOLATED)
fanout1267/Z                            0.200000    0.208251   -0.008251 (VIOLATED)
fanout60/Z                              0.200000    0.207990   -0.007990 (VIOLATED)
fanout911/Z                             0.200000    0.207981   -0.007981 (VIOLATED)
fanout833/Z                             0.200000    0.207878   -0.007878 (VIOLATED)
fanout1582/Z                            0.200000    0.207834   -0.007834 (VIOLATED)
fanout828/Z                             0.200000    0.207599   -0.007599 (VIOLATED)
fanout1497/Z                            0.200000    0.207411   -0.007411 (VIOLATED)
fanout1260/Z                            0.200000    0.207168   -0.007168 (VIOLATED)
fanout1574/Z                            0.200000    0.207152   -0.007152 (VIOLATED)
_15820_/ZN                              0.200000    0.207078   -0.007078 (VIOLATED)
fanout988/Z                             0.200000    0.206975   -0.006975 (VIOLATED)
fanout621/Z                             0.200000    0.206782   -0.006782 (VIOLATED)
fanout735/Z                             0.200000    0.206743   -0.006743 (VIOLATED)
fanout1210/Z                            0.200000    0.206743   -0.006743 (VIOLATED)
fanout1479/Z                            0.200000    0.206575   -0.006575 (VIOLATED)
fanout559/Z                             0.200000    0.206473   -0.006473 (VIOLATED)
fanout750/Z                             0.200000    0.205869   -0.005869 (VIOLATED)
fanout852/Z                             0.200000    0.205860   -0.005860 (VIOLATED)
fanout1333/Z                            0.200000    0.205850   -0.005850 (VIOLATED)
_15821_/ZN                              0.200000    0.205765   -0.005765 (VIOLATED)
fanout874/Z                             0.200000    0.205578   -0.005578 (VIOLATED)
fanout189/Z                             0.200000    0.205562   -0.005562 (VIOLATED)
clkbuf_6_58_0_clk/Z                     0.200000    0.205374   -0.005374 (VIOLATED)
fanout1698/Z                            0.200000    0.205354   -0.005354 (VIOLATED)
_15929_/ZN                              0.200000    0.205251   -0.005251 (VIOLATED)
fanout1120/Z                            0.200000    0.204834   -0.004834 (VIOLATED)
clkbuf_6_46_0_clk/Z                     0.200000    0.204425   -0.004425 (VIOLATED)
_18886_/ZN                              0.200000    0.204300   -0.004300 (VIOLATED)
fanout713/Z                             0.200000    0.204278   -0.004278 (VIOLATED)
fanout861/Z                             0.200000    0.204219   -0.004219 (VIOLATED)
clkbuf_6_50_0_clk/Z                     0.200000    0.204196   -0.004196 (VIOLATED)
fanout61/Z                              0.200000    0.204087   -0.004087 (VIOLATED)
clkbuf_6_60_0_clk/Z                     0.200000    0.204076   -0.004076 (VIOLATED)
fanout36/Z                              0.200000    0.204075   -0.004075 (VIOLATED)
fanout1226/Z                            0.200000    0.204044   -0.004044 (VIOLATED)
fanout47/Z                              0.200000    0.204028   -0.004028 (VIOLATED)
_13648_/ZN                              0.200000    0.204002   -0.004002 (VIOLATED)
fanout144/Z                             0.200000    0.203896   -0.003896 (VIOLATED)
max_cap1177/Z                           0.200000    0.203878   -0.003878 (VIOLATED)
fanout555/Z                             0.200000    0.203862   -0.003862 (VIOLATED)
fanout1563/Z                            0.200000    0.203823   -0.003823 (VIOLATED)
clkbuf_6_41_0_clk/Z                     0.200000    0.203723   -0.003723 (VIOLATED)
clkbuf_6_62_0_clk/Z                     0.200000    0.203692   -0.003692 (VIOLATED)
fanout885/Z                             0.200000    0.203659   -0.003659 (VIOLATED)
fanout966/Z                             0.200000    0.203468   -0.003468 (VIOLATED)
clkbuf_6_57_0_clk/Z                     0.200000    0.203411   -0.003411 (VIOLATED)
fanout110/Z                             0.200000    0.203311   -0.003311 (VIOLATED)
_15392_/ZN                              0.200000    0.202873   -0.002873 (VIOLATED)
fanout1305/Z                            0.200000    0.202809   -0.002809 (VIOLATED)
fanout971/Z                             0.200000    0.202597   -0.002597 (VIOLATED)
fanout1554/Z                            0.200000    0.202247   -0.002247 (VIOLATED)
fanout42/Z                              0.200000    0.202100   -0.002100 (VIOLATED)
clkbuf_6_44_0_clk/Z                     0.200000    0.201906   -0.001906 (VIOLATED)
fanout842/Z                             0.200000    0.201343   -0.001343 (VIOLATED)
fanout1107/Z                            0.200000    0.201228   -0.001228 (VIOLATED)
fanout1764/Z                            0.200000    0.200935   -0.000935 (VIOLATED)
fanout835/Z                             0.200000    0.200920   -0.000920 (VIOLATED)
fanout1754/Z                            0.200000    0.200859   -0.000859 (VIOLATED)
fanout179/Z                             0.200000    0.200737   -0.000737 (VIOLATED)
fanout1536/Z                            0.200000    0.200578   -0.000578 (VIOLATED)
fanout1146/Z                            0.200000    0.200379   -0.000379 (VIOLATED)
clkbuf_6_34_0_clk/Z                     0.200000    0.200285   -0.000285 (VIOLATED)
fanout75/Z                              0.200000    0.200275   -0.000275 (VIOLATED)
_21552_/ZN                              0.200000    0.200169   -0.000169 (VIOLATED)



===========================================================================
report_parasitic_annotation -report_unannotated
============================================================================
Found 492 unannotated drivers.
 clkload0/ZN
 clkload1/ZN
 clkload10/Z
 clkload100/ZN
 clkload101/ZN
 clkload102/Z
 clkload103/ZN
 clkload104/ZN
 clkload105/ZN
 clkload106/ZN
 clkload107/ZN
 clkload108/ZN
 clkload109/ZN
 clkload11/ZN
 clkload110/ZN
 clkload111/ZN
 clkload112/ZN
 clkload113/ZN
 clkload114/ZN
 clkload115/ZN
 clkload116/ZN
 clkload117/ZN
 clkload118/Z
 clkload119/Z
 clkload12/ZN
 clkload120/Z
 clkload121/Z
 clkload122/ZN
 clkload123/ZN
 clkload124/Z
 clkload125/Z
 clkload126/ZN
 clkload127/Z
 clkload128/Z
 clkload129/Z
 clkload13/ZN
 clkload130/ZN
 clkload131/ZN
 clkload132/ZN
 clkload133/ZN
 clkload134/Z
 clkload135/ZN
 clkload136/ZN
 clkload137/ZN
 clkload138/ZN
 clkload139/ZN
 clkload14/ZN
 clkload140/ZN
 clkload141/Z
 clkload142/Z
 clkload143/ZN
 clkload144/ZN
 clkload145/ZN
 clkload146/Z
 clkload147/ZN
 clkload148/ZN
 clkload149/Z
 clkload15/ZN
 clkload150/Z
 clkload151/ZN
 clkload152/Z
 clkload153/ZN
 clkload154/ZN
 clkload155/ZN
 clkload156/ZN
 clkload157/ZN
 clkload158/Z
 clkload159/Z
 clkload16/ZN
 clkload160/Z
 clkload161/Z
 clkload162/Z
 clkload163/Z
 clkload164/Z
 clkload165/Z
 clkload166/Z
 clkload167/Z
 clkload168/ZN
 clkload169/Z
 clkload17/ZN
 clkload170/Z
 clkload171/Z
 clkload172/Z
 clkload173/Z
 clkload174/Z
 clkload175/Z
 clkload176/ZN
 clkload177/ZN
 clkload178/ZN
 clkload179/ZN
 clkload18/ZN
 clkload180/ZN
 clkload181/Z
 clkload182/Z
 clkload183/Z
 clkload184/Z
 clkload185/Z
 clkload186/Z
 clkload187/Z
 clkload188/Z
 clkload189/Z
 clkload19/ZN
 clkload190/Z
 clkload191/ZN
 clkload192/ZN
 clkload193/ZN
 clkload194/ZN
 clkload195/Z
 clkload196/ZN
 clkload197/ZN
 clkload198/ZN
 clkload199/ZN
 clkload2/ZN
 clkload20/ZN
 clkload200/ZN
 clkload201/ZN
 clkload202/ZN
 clkload203/ZN
 clkload204/ZN
 clkload205/ZN
 clkload206/ZN
 clkload207/ZN
 clkload208/Z
 clkload209/Z
 clkload21/ZN
 clkload210/Z
 clkload211/Z
 clkload212/ZN
 clkload213/ZN
 clkload214/ZN
 clkload215/ZN
 clkload216/Z
 clkload217/ZN
 clkload218/Z
 clkload219/Z
 clkload22/ZN
 clkload220/ZN
 clkload221/Z
 clkload222/Z
 clkload223/Z
 clkload224/Z
 clkload225/Z
 clkload226/Z
 clkload227/Z
 clkload228/ZN
 clkload229/ZN
 clkload23/ZN
 clkload230/Z
 clkload231/Z
 clkload232/ZN
 clkload233/Z
 clkload234/ZN
 clkload235/Z
 clkload236/ZN
 clkload237/ZN
 clkload238/Z
 clkload239/ZN
 clkload24/ZN
 clkload240/ZN
 clkload241/ZN
 clkload242/ZN
 clkload243/Z
 clkload244/Z
 clkload245/Z
 clkload246/Z
 clkload247/Z
 clkload248/Z
 clkload249/ZN
 clkload25/Z
 clkload250/ZN
 clkload251/ZN
 clkload252/ZN
 clkload253/Z
 clkload254/Z
 clkload255/ZN
 clkload256/ZN
 clkload257/ZN
 clkload258/ZN
 clkload259/ZN
 clkload26/ZN
 clkload260/Z
 clkload261/Z
 clkload262/ZN
 clkload263/ZN
 clkload264/Z
 clkload265/Z
 clkload266/ZN
 clkload267/ZN
 clkload268/ZN
 clkload269/Z
 clkload27/ZN
 clkload270/ZN
 clkload271/ZN
 clkload272/ZN
 clkload273/ZN
 clkload274/Z
 clkload275/ZN
 clkload276/ZN
 clkload277/Z
 clkload278/Z
 clkload279/ZN
 clkload28/ZN
 clkload280/ZN
 clkload281/ZN
 clkload282/ZN
 clkload283/Z
 clkload284/ZN
 clkload285/ZN
 clkload286/Z
 clkload287/ZN
 clkload288/ZN
 clkload289/ZN
 clkload29/ZN
 clkload290/Z
 clkload291/Z
 clkload292/Z
 clkload293/Z
 clkload294/Z
 clkload295/ZN
 clkload296/Z
 clkload297/ZN
 clkload298/Z
 clkload299/Z
 clkload3/ZN
 clkload30/ZN
 clkload300/Z
 clkload301/Z
 clkload302/ZN
 clkload303/ZN
 clkload304/Z
 clkload305/Z
 clkload306/Z
 clkload307/Z
 clkload308/ZN
 clkload309/Z
 clkload31/ZN
 clkload310/Z
 clkload311/Z
 clkload312/Z
 clkload313/ZN
 clkload314/ZN
 clkload315/Z
 clkload316/ZN
 clkload317/Z
 clkload318/Z
 clkload319/Z
 clkload32/ZN
 clkload320/ZN
 clkload321/ZN
 clkload322/ZN
 clkload323/Z
 clkload324/ZN
 clkload325/ZN
 clkload326/ZN
 clkload327/ZN
 clkload328/Z
 clkload329/ZN
 clkload33/ZN
 clkload330/ZN
 clkload331/ZN
 clkload332/ZN
 clkload333/ZN
 clkload334/ZN
 clkload335/ZN
 clkload336/Z
 clkload337/Z
 clkload338/ZN
 clkload339/ZN
 clkload34/ZN
 clkload340/ZN
 clkload341/Z
 clkload342/ZN
 clkload343/ZN
 clkload344/Z
 clkload345/Z
 clkload346/Z
 clkload347/Z
 clkload348/Z
 clkload349/ZN
 clkload35/ZN
 clkload350/Z
 clkload351/ZN
 clkload352/Z
 clkload353/ZN
 clkload354/Z
 clkload355/Z
 clkload356/Z
 clkload357/ZN
 clkload358/Z
 clkload359/Z
 clkload36/ZN
 clkload360/ZN
 clkload361/ZN
 clkload362/ZN
 clkload363/ZN
 clkload364/ZN
 clkload365/ZN
 clkload366/Z
 clkload367/ZN
 clkload368/ZN
 clkload369/ZN
 clkload37/ZN
 clkload370/Z
 clkload371/ZN
 clkload372/ZN
 clkload373/ZN
 clkload374/Z
 clkload375/ZN
 clkload376/ZN
 clkload377/ZN
 clkload378/ZN
 clkload379/ZN
 clkload38/ZN
 clkload380/ZN
 clkload381/ZN
 clkload382/ZN
 clkload383/ZN
 clkload384/ZN
 clkload385/ZN
 clkload386/ZN
 clkload387/ZN
 clkload388/Z
 clkload389/ZN
 clkload39/ZN
 clkload390/ZN
 clkload391/ZN
 clkload392/Z
 clkload393/ZN
 clkload394/ZN
 clkload395/ZN
 clkload396/ZN
 clkload397/Z
 clkload398/ZN
 clkload399/ZN
 clkload4/ZN
 clkload40/ZN
 clkload400/ZN
 clkload401/ZN
 clkload402/ZN
 clkload403/ZN
 clkload404/ZN
 clkload405/ZN
 clkload406/ZN
 clkload407/Z
 clkload408/Z
 clkload409/Z
 clkload41/ZN
 clkload410/ZN
 clkload411/ZN
 clkload412/Z
 clkload413/Z
 clkload414/ZN
 clkload415/Z
 clkload416/Z
 clkload417/ZN
 clkload418/ZN
 clkload419/ZN
 clkload42/ZN
 clkload420/ZN
 clkload421/Z
 clkload422/Z
 clkload423/ZN
 clkload424/ZN
 clkload425/ZN
 clkload426/Z
 clkload427/ZN
 clkload428/ZN
 clkload429/ZN
 clkload43/ZN
 clkload430/Z
 clkload431/ZN
 clkload432/Z
 clkload433/ZN
 clkload434/ZN
 clkload435/ZN
 clkload436/Z
 clkload437/Z
 clkload438/Z
 clkload439/Z
 clkload44/ZN
 clkload440/ZN
 clkload441/ZN
 clkload442/Z
 clkload443/Z
 clkload444/Z
 clkload445/Z
 clkload446/ZN
 clkload447/ZN
 clkload448/Z
 clkload449/ZN
 clkload45/ZN
 clkload450/ZN
 clkload451/ZN
 clkload452/ZN
 clkload453/ZN
 clkload454/ZN
 clkload455/Z
 clkload456/ZN
 clkload457/ZN
 clkload458/ZN
 clkload459/ZN
 clkload46/ZN
 clkload460/ZN
 clkload461/ZN
 clkload462/ZN
 clkload463/ZN
 clkload464/ZN
 clkload465/Z
 clkload466/ZN
 clkload467/Z
 clkload468/Z
 clkload469/ZN
 clkload47/ZN
 clkload470/ZN
 clkload471/ZN
 clkload472/ZN
 clkload473/ZN
 clkload474/ZN
 clkload475/ZN
 clkload476/ZN
 clkload477/ZN
 clkload478/ZN
 clkload479/Z
 clkload48/ZN
 clkload480/Z
 clkload481/Z
 clkload482/Z
 clkload483/ZN
 clkload484/ZN
 clkload485/ZN
 clkload486/ZN
 clkload487/ZN
 clkload488/ZN
 clkload489/ZN
 clkload49/ZN
 clkload490/ZN
 clkload491/ZN
 clkload5/ZN
 clkload50/ZN
 clkload51/ZN
 clkload52/Z
 clkload53/Z
 clkload54/Z
 clkload55/ZN
 clkload56/ZN
 clkload57/ZN
 clkload58/ZN
 clkload59/ZN
 clkload6/Z
 clkload60/ZN
 clkload61/ZN
 clkload62/Z
 clkload63/ZN
 clkload64/ZN
 clkload65/Z
 clkload66/Z
 clkload67/ZN
 clkload68/ZN
 clkload69/ZN
 clkload7/ZN
 clkload70/ZN
 clkload71/ZN
 clkload72/ZN
 clkload73/ZN
 clkload74/Z
 clkload75/ZN
 clkload76/ZN
 clkload77/ZN
 clkload78/Z
 clkload79/Z
 clkload8/ZN
 clkload80/ZN
 clkload81/ZN
 clkload82/ZN
 clkload83/ZN
 clkload84/ZN
 clkload85/Z
 clkload86/ZN
 clkload87/ZN
 clkload88/Z
 clkload89/Z
 clkload9/ZN
 clkload90/ZN
 clkload91/ZN
 clkload92/ZN
 clkload93/ZN
 clkload94/ZN
 clkload95/ZN
 clkload96/ZN
 clkload97/Z
 clkload98/Z
 clkload99/ZN
Found 0 partially unannotated drivers.

===========================================================================
max slew violation count 2
max fanout violation count 27
max cap violation count 423
============================================================================

===========================================================================
check_setup -verbose -unconstrained_endpoints -multiple_clock -no_clock -no_input_delay -loops -generated_clocks
===========================================================================
