Clock: clk
Sources: clk 
Generated: no
Virtual: yes
Propagated: no
Period: 20.000000

===========================================================================
report_clock_properties
============================================================================
Clock                   Period          Waveform
----------------------------------------------------
clk                  20.000000    0.000000 10.000000

===========================================================================
report_clock_latency
============================================================================
Clock clk
rise -> rise
    min     max
0.000000 0.000000 source latency
1.484624         network latency _25435_/CLK
        1.781257 network latency _25970_/CLK
---------------
1.484624 1.781257 latency
        0.296633 skew

fall -> fall
    min     max
0.000000 0.000000 source latency
1.481618         network latency _25435_/CLK
        1.810951 network latency _25970_/CLK
---------------
1.481618 1.810951 latency
        0.329333 skew



===========================================================================
report_clock_min_period
============================================================================
clk period_min = 10.35 fmax = 96.59
