Clock: clk
Sources: clk 
Generated: no
Virtual: yes
Propagated: no
Period: 40.000000

===========================================================================
report_clock_properties
============================================================================
Clock                   Period          Waveform
----------------------------------------------------
clk                  40.000000    0.000000 20.000000

===========================================================================
report_clock_latency
============================================================================
Clock clk
rise -> rise
    min     max
0.000000 0.000000 source latency
3.835263         network latency _27320_/CLK
        4.734588 network latency _27286_/CLK
---------------
3.835263 4.734588 latency
        0.899325 skew

fall -> fall
    min     max
0.000000 0.000000 source latency
3.901535         network latency _27320_/CLK
        4.954696 network latency _27286_/CLK
---------------
3.901535 4.954696 latency
        1.053161 skew



===========================================================================
report_clock_min_period
============================================================================
clk period_min = 31.97 fmax = 31.28
