Clock: clk
Sources: clk 
Generated: no
Virtual: no
Propagated: no
Period: 20.000000

===========================================================================
report_clock_properties
============================================================================
Clock                   Period          Waveform
----------------------------------------------------
clk                  20.000000    0.000000 10.000000

===========================================================================
report_clock_latency
============================================================================
Clock clk
rise -> rise
    min     max
0.000000 0.000000 source latency
36.336384         network latency _24910_/CLK
        36.336384 network latency _24910_/CLK
---------------
36.336384 36.336384 latency
        0.000000 skew

fall -> fall
    min     max
0.000000 0.000000 source latency
22.581013         network latency _24910_/CLK
        22.581013 network latency _24910_/CLK
---------------
22.581013 22.581013 latency
        0.000000 skew



===========================================================================
report_clock_min_period
============================================================================
clk period_min = 117.02 fmax = 8.55
