                                                                        Cells by Master                                                                         
┏━━━━━━━━━━━━━━━━━━━━━━━━━━━━━━━━━━━━━━━━━━━━━━━━━━━━━━━━━━━━━━━━━━━━━━━━━━━━━━━━━━━━━━━━━━━━━━━━━━━━━━━━━━━━━━━━━━━━━━━━━━━━━━━━━━━━━┳━━━━━━━━━━━━━━━━━━━━━━━━┓
┃ Cell                                                                                                                                ┃ Count                  ┃
┡━━━━━━━━━━━━━━━━━━━━━━━━━━━━━━━━━━━━━━━━━━━━━━━━━━━━━━━━━━━━━━━━━━━━━━━━━━━━━━━━━━━━━━━━━━━━━━━━━━━━━━━━━━━━━━━━━━━━━━━━━━━━━━━━━━━━━╇━━━━━━━━━━━━━━━━━━━━━━━━┩
│ gf180mcu_fd_sc_mcu7t5v0__and2_1                                                                                                     │ 47                     │
│ gf180mcu_fd_sc_mcu7t5v0__and2_2                                                                                                     │ 8                      │
│ gf180mcu_fd_sc_mcu7t5v0__and2_4                                                                                                     │ 3                      │
│ gf180mcu_fd_sc_mcu7t5v0__and3_1                                                                                                     │ 5                      │
│ gf180mcu_fd_sc_mcu7t5v0__and3_4                                                                                                     │ 2                      │
│ gf180mcu_fd_sc_mcu7t5v0__and4_1                                                                                                     │ 19                     │
│ gf180mcu_fd_sc_mcu7t5v0__and4_2                                                                                                     │ 1                      │
│ gf180mcu_fd_sc_mcu7t5v0__antenna                                                                                                    │ 8                      │
│ gf180mcu_fd_sc_mcu7t5v0__aoi211_1                                                                                                   │ 54                     │
│ gf180mcu_fd_sc_mcu7t5v0__aoi211_2                                                                                                   │ 33                     │
│ gf180mcu_fd_sc_mcu7t5v0__aoi211_4                                                                                                   │ 16                     │
│ gf180mcu_fd_sc_mcu7t5v0__aoi21_1                                                                                                    │ 462                    │
│ gf180mcu_fd_sc_mcu7t5v0__aoi21_2                                                                                                    │ 55                     │
│ gf180mcu_fd_sc_mcu7t5v0__aoi21_4                                                                                                    │ 29                     │
│ gf180mcu_fd_sc_mcu7t5v0__aoi221_1                                                                                                   │ 151                    │
│ gf180mcu_fd_sc_mcu7t5v0__aoi221_2                                                                                                   │ 93                     │
│ gf180mcu_fd_sc_mcu7t5v0__aoi221_4                                                                                                   │ 153                    │
│ gf180mcu_fd_sc_mcu7t5v0__aoi222_1                                                                                                   │ 13                     │
│ gf180mcu_fd_sc_mcu7t5v0__aoi222_2                                                                                                   │ 46                     │
│ gf180mcu_fd_sc_mcu7t5v0__aoi222_4                                                                                                   │ 11                     │
│ gf180mcu_fd_sc_mcu7t5v0__aoi22_1                                                                                                    │ 934                    │
│ gf180mcu_fd_sc_mcu7t5v0__aoi22_2                                                                                                    │ 38                     │
│ gf180mcu_fd_sc_mcu7t5v0__aoi22_4                                                                                                    │ 47                     │
│ gf180mcu_fd_sc_mcu7t5v0__buf_1                                                                                                      │ 43                     │
│ gf180mcu_fd_sc_mcu7t5v0__buf_2                                                                                                      │ 686                    │
│ gf180mcu_fd_sc_mcu7t5v0__buf_3                                                                                                      │ 9                      │
│ gf180mcu_fd_sc_mcu7t5v0__buf_4                                                                                                      │ 244                    │
│ gf180mcu_fd_sc_mcu7t5v0__buf_8                                                                                                      │ 16                     │
│ gf180mcu_fd_sc_mcu7t5v0__clkbuf_1                                                                                                   │ 5                      │
│ gf180mcu_fd_sc_mcu7t5v0__clkbuf_16                                                                                                  │ 1                      │
│ gf180mcu_fd_sc_mcu7t5v0__clkbuf_2                                                                                                   │ 172                    │
│ gf180mcu_fd_sc_mcu7t5v0__clkbuf_3                                                                                                   │ 357                    │
│ gf180mcu_fd_sc_mcu7t5v0__clkbuf_4                                                                                                   │ 372                    │
│ gf180mcu_fd_sc_mcu7t5v0__clkbuf_8                                                                                                   │ 729                    │
│ gf180mcu_fd_sc_mcu7t5v0__clkinv_1                                                                                                   │ 1024                   │
│ gf180mcu_fd_sc_mcu7t5v0__clkinv_12                                                                                                  │ 9                      │
│ gf180mcu_fd_sc_mcu7t5v0__clkinv_16                                                                                                  │ 2                      │
│ gf180mcu_fd_sc_mcu7t5v0__clkinv_2                                                                                                   │ 45                     │
│ gf180mcu_fd_sc_mcu7t5v0__clkinv_3                                                                                                   │ 8                      │
│ gf180mcu_fd_sc_mcu7t5v0__clkinv_4                                                                                                   │ 43                     │
│ gf180mcu_fd_sc_mcu7t5v0__clkinv_8                                                                                                   │ 25                     │
│ gf180mcu_fd_sc_mcu7t5v0__dffq_1                                                                                                     │ 2048                   │
│ gf180mcu_fd_sc_mcu7t5v0__dffrnq_1                                                                                                   │ 587                    │
│ gf180mcu_fd_sc_mcu7t5v0__dffrnq_2                                                                                                   │ 158                    │
│ gf180mcu_fd_sc_mcu7t5v0__dffrnq_4                                                                                                   │ 8                      │
│ gf180mcu_fd_sc_mcu7t5v0__dffsnq_1                                                                                                   │ 3                      │
│ gf180mcu_fd_sc_mcu7t5v0__dffsnq_2                                                                                                   │ 2                      │
│ gf180mcu_fd_sc_mcu7t5v0__dlyc_1                                                                                                     │ 3                      │
│ gf180mcu_fd_sc_mcu7t5v0__endcap                                                                                                     │ 460                    │
│ gf180mcu_fd_sc_mcu7t5v0__fill_1                                                                                                     │ 5232                   │
│ gf180mcu_fd_sc_mcu7t5v0__fill_2                                                                                                     │ 4737                   │
│ gf180mcu_fd_sc_mcu7t5v0__fillcap_16                                                                                                 │ 562                    │
│ gf180mcu_fd_sc_mcu7t5v0__fillcap_32                                                                                                 │ 373                    │
│ gf180mcu_fd_sc_mcu7t5v0__fillcap_4                                                                                                  │ 3598                   │
│ gf180mcu_fd_sc_mcu7t5v0__fillcap_64                                                                                                 │ 748                    │
│ gf180mcu_fd_sc_mcu7t5v0__fillcap_8                                                                                                  │ 1484                   │
│ gf180mcu_fd_sc_mcu7t5v0__filltie                                                                                                    │ 5338                   │
│ gf180mcu_fd_sc_mcu7t5v0__inv_1                                                                                                      │ 80                     │
│ gf180mcu_fd_sc_mcu7t5v0__inv_12                                                                                                     │ 6                      │
│ gf180mcu_fd_sc_mcu7t5v0__inv_2                                                                                                      │ 79                     │
│ gf180mcu_fd_sc_mcu7t5v0__inv_3                                                                                                      │ 81                     │
│ gf180mcu_fd_sc_mcu7t5v0__inv_4                                                                                                      │ 56                     │
│ gf180mcu_fd_sc_mcu7t5v0__inv_8                                                                                                      │ 5                      │
│ gf180mcu_fd_sc_mcu7t5v0__mux2_2                                                                                                     │ 270                    │
│ gf180mcu_fd_sc_mcu7t5v0__nand2_1                                                                                                    │ 2898                   │
│ gf180mcu_fd_sc_mcu7t5v0__nand2_2                                                                                                    │ 46                     │
│ gf180mcu_fd_sc_mcu7t5v0__nand2_4                                                                                                    │ 44                     │
│ gf180mcu_fd_sc_mcu7t5v0__nand3_1                                                                                                    │ 414                    │
│ gf180mcu_fd_sc_mcu7t5v0__nand3_2                                                                                                    │ 80                     │
│ gf180mcu_fd_sc_mcu7t5v0__nand3_4                                                                                                    │ 14                     │
│ gf180mcu_fd_sc_mcu7t5v0__nand4_1                                                                                                    │ 22                     │
│ gf180mcu_fd_sc_mcu7t5v0__nand4_2                                                                                                    │ 77                     │
│ gf180mcu_fd_sc_mcu7t5v0__nand4_4                                                                                                    │ 53                     │
│ gf180mcu_fd_sc_mcu7t5v0__nor2_1                                                                                                     │ 371                    │
│ gf180mcu_fd_sc_mcu7t5v0__nor2_2                                                                                                     │ 69                     │
│ gf180mcu_fd_sc_mcu7t5v0__nor2_4                                                                                                     │ 71                     │
│ gf180mcu_fd_sc_mcu7t5v0__nor3_1                                                                                                     │ 99                     │
│ gf180mcu_fd_sc_mcu7t5v0__nor3_2                                                                                                     │ 18                     │
│ gf180mcu_fd_sc_mcu7t5v0__nor3_4                                                                                                     │ 25                     │
│ gf180mcu_fd_sc_mcu7t5v0__nor4_1                                                                                                     │ 5                      │
│ gf180mcu_fd_sc_mcu7t5v0__nor4_2                                                                                                     │ 21                     │
│ gf180mcu_fd_sc_mcu7t5v0__nor4_4                                                                                                     │ 47                     │
│ gf180mcu_fd_sc_mcu7t5v0__oai211_1                                                                                                   │ 318                    │
│ gf180mcu_fd_sc_mcu7t5v0__oai211_2                                                                                                   │ 35                     │
│ gf180mcu_fd_sc_mcu7t5v0__oai211_4                                                                                                   │ 5                      │
│ gf180mcu_fd_sc_mcu7t5v0__oai21_1                                                                                                    │ 2514                   │
│ gf180mcu_fd_sc_mcu7t5v0__oai21_2                                                                                                    │ 72                     │
│ gf180mcu_fd_sc_mcu7t5v0__oai21_4                                                                                                    │ 44                     │
│ gf180mcu_fd_sc_mcu7t5v0__oai221_1                                                                                                   │ 103                    │
│ gf180mcu_fd_sc_mcu7t5v0__oai221_2                                                                                                   │ 12                     │
│ gf180mcu_fd_sc_mcu7t5v0__oai221_4                                                                                                   │ 9                      │
│ gf180mcu_fd_sc_mcu7t5v0__oai222_1                                                                                                   │ 10                     │
│ gf180mcu_fd_sc_mcu7t5v0__oai222_2                                                                                                   │ 1                      │
│ gf180mcu_fd_sc_mcu7t5v0__oai222_4                                                                                                   │ 1                      │
│ gf180mcu_fd_sc_mcu7t5v0__oai22_1                                                                                                    │ 140                    │
│ gf180mcu_fd_sc_mcu7t5v0__oai22_2                                                                                                    │ 11                     │
│ gf180mcu_fd_sc_mcu7t5v0__oai22_4                                                                                                    │ 10                     │
│ gf180mcu_fd_sc_mcu7t5v0__oai31_1                                                                                                    │ 27                     │
│ gf180mcu_fd_sc_mcu7t5v0__oai31_2                                                                                                    │ 5                      │
│ gf180mcu_fd_sc_mcu7t5v0__oai31_4                                                                                                    │ 2                      │
│ gf180mcu_fd_sc_mcu7t5v0__oai32_1                                                                                                    │ 27                     │
│ gf180mcu_fd_sc_mcu7t5v0__oai32_2                                                                                                    │ 2                      │
│ gf180mcu_fd_sc_mcu7t5v0__oai33_1                                                                                                    │ 1                      │
│ gf180mcu_fd_sc_mcu7t5v0__or2_1                                                                                                      │ 47                     │
│ gf180mcu_fd_sc_mcu7t5v0__or2_2                                                                                                      │ 2                      │
│ gf180mcu_fd_sc_mcu7t5v0__or2_4                                                                                                      │ 3                      │
│ gf180mcu_fd_sc_mcu7t5v0__or3_1                                                                                                      │ 15                     │
│ gf180mcu_fd_sc_mcu7t5v0__or3_2                                                                                                      │ 3                      │
│ gf180mcu_fd_sc_mcu7t5v0__or4_1                                                                                                      │ 7                      │
│ gf180mcu_fd_sc_mcu7t5v0__or4_2                                                                                                      │ 2                      │
│ gf180mcu_fd_sc_mcu7t5v0__or4_4                                                                                                      │ 2                      │
│ gf180mcu_fd_sc_mcu7t5v0__xnor2_1                                                                                                    │ 114                    │
│ gf180mcu_fd_sc_mcu7t5v0__xnor2_2                                                                                                    │ 71                     │
│ gf180mcu_fd_sc_mcu7t5v0__xnor2_4                                                                                                    │ 1                      │
│ gf180mcu_fd_sc_mcu7t5v0__xnor3_1                                                                                                    │ 95                     │
│ gf180mcu_fd_sc_mcu7t5v0__xnor3_2                                                                                                    │ 1                      │
│ gf180mcu_fd_sc_mcu7t5v0__xor2_1                                                                                                     │ 427                    │
│ gf180mcu_fd_sc_mcu7t5v0__xor2_2                                                                                                     │ 175                    │
│ gf180mcu_fd_sc_mcu7t5v0__xor3_1                                                                                                     │ 214                    │
│ gf180mcu_fd_sc_mcu7t5v0__xor3_2                                                                                                     │ 18                     │
└─────────────────────────────────────────────────────────────────────────────────────────────────────────────────────────────────────┴────────────────────────┘
