
===========================================================================
report_checks -unconstrained
===========================================================================
======================= min_tt_025C_5v00 Corner ===================================

Startpoint: rst (input port clocked by clk)
Endpoint: _25481_ (recovery check against rising-edge clock clk)
Path Group: asynchronous
Path Type: max

Fanout         Cap        Slew       Delay        Time   Description
---------------------------------------------------------------------------------------------
                                  0.000000    0.000000   clock clk (rise edge)
                                  0.000000    0.000000   clock network delay (propagated)
                                  8.000000    8.000000 v input external delay
     1    0.005976    0.084692    0.036396    8.036396 v rst (in)
                                                         rst (net)
                      0.084692    0.000000    8.036396 v input3/I (gf180mcu_fd_sc_mcu7t5v0__buf_2)
     4    0.160188    0.785084    0.659877    8.696273 v input3/Z (gf180mcu_fd_sc_mcu7t5v0__buf_2)
                                                         net3 (net)
                      0.785087    0.000787    8.697060 v fanout1867/I (gf180mcu_fd_sc_mcu7t5v0__buf_2)
     5    0.097685    0.494696    0.673884    9.370943 v fanout1867/Z (gf180mcu_fd_sc_mcu7t5v0__buf_2)
                                                         net1867 (net)
                      0.494696    0.000488    9.371431 v fanout1846/I (gf180mcu_fd_sc_mcu7t5v0__buf_2)
     6    0.095367    0.480830    0.591755    9.963186 v fanout1846/Z (gf180mcu_fd_sc_mcu7t5v0__buf_2)
                                                         net1846 (net)
                      0.480832    0.000588    9.963774 v fanout1845/I (gf180mcu_fd_sc_mcu7t5v0__buf_2)
     8    0.079741    0.410329    0.544427   10.508201 v fanout1845/Z (gf180mcu_fd_sc_mcu7t5v0__buf_2)
                                                         net1845 (net)
                      0.410422    0.003495   10.511696 v fanout1841/I (gf180mcu_fd_sc_mcu7t5v0__buf_2)
    10    0.101168    0.509837    0.587066   11.098762 v fanout1841/Z (gf180mcu_fd_sc_mcu7t5v0__buf_2)
                                                         net1841 (net)
                      0.509859    0.001935   11.100697 v _24723_/I (gf180mcu_fd_sc_mcu7t5v0__clkinv_1)
     1    0.008007    0.253282    0.230959   11.331656 ^ _24723_/ZN (gf180mcu_fd_sc_mcu7t5v0__clkinv_1)
                                                         _00642_ (net)
                      0.253282    0.000081   11.331737 ^ _25481_/RN (gf180mcu_fd_sc_mcu7t5v0__dffrnq_1)
                                             11.331737   data arrival time

                                 40.000000   40.000000   clock clk (rise edge)
                                  0.000000   40.000000   clock source latency
     1    0.140245    0.588032    0.340801   40.340801 ^ clk (in)
                                                         clk (net)
                      0.590824    0.000000   40.340801 ^ clkbuf_0_clk/I (gf180mcu_fd_sc_mcu7t5v0__clkbuf_16)
     4    0.241561    0.290479    0.451177   40.791981 ^ clkbuf_0_clk/Z (gf180mcu_fd_sc_mcu7t5v0__clkbuf_16)
                                                         clknet_0_clk (net)
                      0.290805    0.009617   40.801598 ^ clkbuf_2_2_0_clk/I (gf180mcu_fd_sc_mcu7t5v0__clkbuf_8)
    16    0.426098    0.877522    0.726587   41.528183 ^ clkbuf_2_2_0_clk/Z (gf180mcu_fd_sc_mcu7t5v0__clkbuf_8)
                                                         clknet_2_2_0_clk (net)
                      0.879453    0.022379   41.550560 ^ clkbuf_6_42_0_clk/I (gf180mcu_fd_sc_mcu7t5v0__clkbuf_8)
     7    0.126122    0.305075    0.490761   42.041325 ^ clkbuf_6_42_0_clk/Z (gf180mcu_fd_sc_mcu7t5v0__clkbuf_8)
                                                         clknet_6_42_0_clk (net)
                      0.305078    0.001375   42.042698 ^ _25481_/CLK (gf180mcu_fd_sc_mcu7t5v0__dffrnq_1)
                                 -0.250000   41.792698   clock uncertainty
                                  0.000000   41.792698   clock reconvergence pessimism
                                  0.250520   42.043217   library recovery time
                                             42.043217   data required time
---------------------------------------------------------------------------------------------
                                             42.043217   data required time
                                            -11.331737   data arrival time
---------------------------------------------------------------------------------------------
                                             30.711481   slack (MET)


Startpoint: _25494_ (rising edge-triggered flip-flop clocked by clk)
Endpoint: _25324_ (rising edge-triggered flip-flop clocked by clk)
Path Group: clk
Path Type: max

Fanout         Cap        Slew       Delay        Time   Description
---------------------------------------------------------------------------------------------
                                  0.000000    0.000000   clock clk (rise edge)
                                  0.000000    0.000000   clock source latency
     1    0.140245    0.588032    0.340802    0.340802 ^ clk (in)
                                                         clk (net)
                      0.590824    0.000000    0.340802 ^ clkbuf_0_clk/I (gf180mcu_fd_sc_mcu7t5v0__clkbuf_16)
     4    0.241561    0.290479    0.451178    0.791980 ^ clkbuf_0_clk/Z (gf180mcu_fd_sc_mcu7t5v0__clkbuf_16)
                                                         clknet_0_clk (net)
                      0.290996    0.011299    0.803278 ^ clkbuf_2_0_0_clk/I (gf180mcu_fd_sc_mcu7t5v0__clkbuf_8)
    16    0.376482    0.786887    0.684978    1.488256 ^ clkbuf_2_0_0_clk/Z (gf180mcu_fd_sc_mcu7t5v0__clkbuf_8)
                                                         clknet_2_0_0_clk (net)
                      0.787820    0.015389    1.503645 ^ clkbuf_6_11_0_clk/I (gf180mcu_fd_sc_mcu7t5v0__clkbuf_8)
     9    0.176696    0.397272    0.536648    2.040293 ^ clkbuf_6_11_0_clk/Z (gf180mcu_fd_sc_mcu7t5v0__clkbuf_8)
                                                         clknet_6_11_0_clk (net)
                      0.397288    0.002504    2.042798 ^ clkbuf_leaf_499_clk/I (gf180mcu_fd_sc_mcu7t5v0__clkbuf_8)
     8    0.044131    0.149829    0.323271    2.366069 ^ clkbuf_leaf_499_clk/Z (gf180mcu_fd_sc_mcu7t5v0__clkbuf_8)
                                                         clknet_leaf_499_clk (net)
                      0.149829    0.000595    2.366664 ^ _25494_/CLK (gf180mcu_fd_sc_mcu7t5v0__dffrnq_1)
     1    0.008313    0.223566    0.924651    3.291315 ^ _25494_/Q (gf180mcu_fd_sc_mcu7t5v0__dffrnq_1)
                                                         pp_inst.core_inst.reg_cnt_i.data_q[0] (net)
                      0.223566    0.000179    3.291494 ^ fanout1702/I (gf180mcu_fd_sc_mcu7t5v0__clkbuf_4)
     7    0.190363    0.787696    0.676629    3.968124 ^ fanout1702/Z (gf180mcu_fd_sc_mcu7t5v0__clkbuf_4)
                                                         net1702 (net)
                      0.787735    0.003151    3.971275 ^ fanout1700/I (gf180mcu_fd_sc_mcu7t5v0__clkbuf_4)
    10    0.144622    0.612876    0.684089    4.655364 ^ fanout1700/Z (gf180mcu_fd_sc_mcu7t5v0__clkbuf_4)
                                                         net1700 (net)
                      0.612926    0.003103    4.658467 ^ _12382_/I (gf180mcu_fd_sc_mcu7t5v0__clkinv_3)
     3    0.136802    0.743598    0.592680    5.251147 v _12382_/ZN (gf180mcu_fd_sc_mcu7t5v0__clkinv_3)
                                                         _09184_ (net)
                      0.743677    0.004372    5.255519 v fanout1699/I (gf180mcu_fd_sc_mcu7t5v0__buf_4)
    10    0.235212    0.581102    0.690807    5.946327 v fanout1699/Z (gf180mcu_fd_sc_mcu7t5v0__buf_4)
                                                         net1699 (net)
                      0.581119    0.001832    5.948159 v fanout1698/I (gf180mcu_fd_sc_mcu7t5v0__buf_4)
    10    0.169448    0.429693    0.567102    6.515261 v fanout1698/Z (gf180mcu_fd_sc_mcu7t5v0__buf_4)
                                                         net1698 (net)
                      0.429874    0.005021    6.520282 v _13346_/B (gf180mcu_fd_sc_mcu7t5v0__aoi21_2)
     2    0.128065    2.051930    1.295860    7.816142 ^ _13346_/ZN (gf180mcu_fd_sc_mcu7t5v0__aoi21_2)
                                                         _09960_ (net)
                      2.052183    0.012926    7.829067 ^ fanout1553/I (gf180mcu_fd_sc_mcu7t5v0__buf_3)
     6    0.118760    0.684476    0.651712    8.480780 ^ fanout1553/Z (gf180mcu_fd_sc_mcu7t5v0__buf_3)
                                                         net1553 (net)
                      0.684525    0.003062    8.483842 ^ fanout1552/I (gf180mcu_fd_sc_mcu7t5v0__clkbuf_4)
    10    0.131216    0.559961    0.636795    9.120637 ^ fanout1552/Z (gf180mcu_fd_sc_mcu7t5v0__clkbuf_4)
                                                         net1552 (net)
                      0.560203    0.006406    9.127044 ^ _13349_/A2 (gf180mcu_fd_sc_mcu7t5v0__nor2_1)
     1    0.013968    0.347279    0.279174    9.406218 v _13349_/ZN (gf180mcu_fd_sc_mcu7t5v0__nor2_1)
                                                         _09963_ (net)
                      0.347279    0.000513    9.406731 v fanout1462/I (gf180mcu_fd_sc_mcu7t5v0__clkbuf_4)
     8    0.157134    0.666596    0.672524   10.079255 v fanout1462/Z (gf180mcu_fd_sc_mcu7t5v0__clkbuf_4)
                                                         net1462 (net)
                      0.666690    0.004538   10.083793 v fanout1458/I (gf180mcu_fd_sc_mcu7t5v0__buf_2)
     5    0.071558    0.375455    0.569666   10.653459 v fanout1458/Z (gf180mcu_fd_sc_mcu7t5v0__buf_2)
                                                         net1458 (net)
                      0.375461    0.000837   10.654296 v fanout1457/I (gf180mcu_fd_sc_mcu7t5v0__buf_2)
     7    0.073066    0.377001    0.495671   11.149966 v fanout1457/Z (gf180mcu_fd_sc_mcu7t5v0__buf_2)
                                                         net1457 (net)
                      0.377117    0.003740   11.153707 v fanout1456/I (gf180mcu_fd_sc_mcu7t5v0__clkbuf_4)
    10    0.113130    0.491680    0.575029   11.728736 v fanout1456/Z (gf180mcu_fd_sc_mcu7t5v0__clkbuf_4)
                                                         net1456 (net)
                      0.491858    0.005286   11.734021 v _13489_/A2 (gf180mcu_fd_sc_mcu7t5v0__aoi221_2)
     1    0.011850    0.782968    0.527431   12.261453 ^ _13489_/ZN (gf180mcu_fd_sc_mcu7t5v0__aoi221_2)
                                                         _10101_ (net)
                      0.782968    0.000145   12.261598 ^ _13492_/A2 (gf180mcu_fd_sc_mcu7t5v0__aoi21_2)
     1    0.021693    0.328508    0.204497   12.466094 v _13492_/ZN (gf180mcu_fd_sc_mcu7t5v0__aoi21_2)
                                                         _10104_ (net)
                      0.328508    0.000519   12.466613 v _13493_/B1 (gf180mcu_fd_sc_mcu7t5v0__aoi22_4)
     4    0.124790    1.307555    0.836128   13.302741 ^ _13493_/ZN (gf180mcu_fd_sc_mcu7t5v0__aoi22_4)
                                                         _10105_ (net)
                      1.307585    0.009730   13.312470 ^ _13495_/A2 (gf180mcu_fd_sc_mcu7t5v0__xor2_1)
     2    0.040159    1.370736    0.925198   14.237668 ^ _13495_/Z (gf180mcu_fd_sc_mcu7t5v0__xor2_1)
                                                         _10107_ (net)
                      1.370736    0.000619   14.238287 ^ _13496_/A2 (gf180mcu_fd_sc_mcu7t5v0__aoi21_2)
     2    0.029869    0.488520    0.245089   14.483377 v _13496_/ZN (gf180mcu_fd_sc_mcu7t5v0__aoi21_2)
                                                         _10108_ (net)
                      0.488521    0.000597   14.483974 v _13498_/B2 (gf180mcu_fd_sc_mcu7t5v0__aoi221_4)
     6    0.122364    1.878101    1.244036   15.728009 ^ _13498_/ZN (gf180mcu_fd_sc_mcu7t5v0__aoi221_4)
                                                         _10110_ (net)
                      1.878118    0.008956   15.736966 ^ _13499_/A2 (gf180mcu_fd_sc_mcu7t5v0__nor2_1)
     4    0.025065    0.794226    0.507471   16.244438 v _13499_/ZN (gf180mcu_fd_sc_mcu7t5v0__nor2_1)
                                                         _10111_ (net)
                      0.794226    0.000309   16.244747 v _18848_/A3 (gf180mcu_fd_sc_mcu7t5v0__nand3_1)
     1    0.006551    0.406198    0.412051   16.656797 ^ _18848_/ZN (gf180mcu_fd_sc_mcu7t5v0__nand3_1)
                                                         _06003_ (net)
                      0.406198    0.000135   16.656933 ^ _18850_/B1 (gf180mcu_fd_sc_mcu7t5v0__aoi221_1)
     1    0.005497    0.464187    0.281242   16.938173 v _18850_/ZN (gf180mcu_fd_sc_mcu7t5v0__aoi221_1)
                                                         _06005_ (net)
                      0.464187    0.000053   16.938227 v _18852_/B1 (gf180mcu_fd_sc_mcu7t5v0__oai221_1)
     1    0.005562    0.702851    0.507439   17.445667 ^ _18852_/ZN (gf180mcu_fd_sc_mcu7t5v0__oai221_1)
                                                         _06007_ (net)
                      0.702851    0.000057   17.445724 ^ _18857_/A1 (gf180mcu_fd_sc_mcu7t5v0__aoi22_1)
     1    0.004367    0.334665    0.154991   17.600714 v _18857_/ZN (gf180mcu_fd_sc_mcu7t5v0__aoi22_1)
                                                         pp_inst.core_inst.reg_state_i.data_d[157] (net)
                      0.334665    0.000085   17.600800 v _25324_/D (gf180mcu_fd_sc_mcu7t5v0__dffrnq_1)
                                             17.600800   data arrival time

                                 40.000000   40.000000   clock clk (rise edge)
                                  0.000000   40.000000   clock source latency
     1    0.140245    0.588032    0.340801   40.340801 ^ clk (in)
                                                         clk (net)
                      0.590824    0.000000   40.340801 ^ clkbuf_0_clk/I (gf180mcu_fd_sc_mcu7t5v0__clkbuf_16)
     4    0.241561    0.290479    0.451177   40.791981 ^ clkbuf_0_clk/Z (gf180mcu_fd_sc_mcu7t5v0__clkbuf_16)
                                                         clknet_0_clk (net)
                      0.290805    0.009617   40.801598 ^ clkbuf_2_2_0_clk/I (gf180mcu_fd_sc_mcu7t5v0__clkbuf_8)
    16    0.426098    0.877522    0.726587   41.528183 ^ clkbuf_2_2_0_clk/Z (gf180mcu_fd_sc_mcu7t5v0__clkbuf_8)
                                                         clknet_2_2_0_clk (net)
                      0.879453    0.022379   41.550560 ^ clkbuf_6_42_0_clk/I (gf180mcu_fd_sc_mcu7t5v0__clkbuf_8)
     7    0.126122    0.305075    0.490761   42.041325 ^ clkbuf_6_42_0_clk/Z (gf180mcu_fd_sc_mcu7t5v0__clkbuf_8)
                                                         clknet_6_42_0_clk (net)
                      0.305081    0.002025   42.043346 ^ _25324_/CLK (gf180mcu_fd_sc_mcu7t5v0__dffrnq_1)
                                 -0.250000   41.793346   clock uncertainty
                                  0.000000   41.793346   clock reconvergence pessimism
                                 -0.169017   41.624329   library setup time
                                             41.624329   data required time
---------------------------------------------------------------------------------------------
                                             41.624329   data required time
                                            -17.600800   data arrival time
---------------------------------------------------------------------------------------------
                                             24.023531   slack (MET)




===========================================================================
report_checks --slack_max -0.01
============================================================================
======================= min_tt_025C_5v00 Corner ===================================

No paths found.


===========================================================================
 report_check_types -max_slew -max_cap -max_fanout -violators
============================================================================
======================= min_tt_025C_5v00 Corner ===================================

max slew

Pin                                        Limit        Slew       Slack
------------------------------------------------------------------------
_17803_/A2                              3.000000    3.561562   -0.561562 (VIOLATED)
_17802_/Z                               3.000000    3.561444   -0.561444 (VIOLATED)
_18435_/A2                              3.000000    3.153782   -0.153783 (VIOLATED)
_18512_/A2                              3.000000    3.153782   -0.153782 (VIOLATED)
_17781_/Z                               3.000000    3.153705   -0.153705 (VIOLATED)
_17785_/A2                              3.000000    3.153705   -0.153705 (VIOLATED)

max fanout

Pin                                   Limit Fanout  Slack
---------------------------------------------------------
clkbuf_2_0_0_clk/Z                       10     16     -6 (VIOLATED)
clkbuf_2_1_0_clk/Z                       10     16     -6 (VIOLATED)
clkbuf_2_2_0_clk/Z                       10     16     -6 (VIOLATED)
clkbuf_2_3_0_clk/Z                       10     16     -6 (VIOLATED)
clkbuf_6_16_0_clk/Z                      10     14     -4 (VIOLATED)
clkbuf_6_18_0_clk/Z                      10     14     -4 (VIOLATED)
clkbuf_6_29_0_clk/Z                      10     14     -4 (VIOLATED)
clkbuf_6_17_0_clk/Z                      10     13     -3 (VIOLATED)
clkbuf_6_20_0_clk/Z                      10     13     -3 (VIOLATED)
clkbuf_6_23_0_clk/Z                      10     13     -3 (VIOLATED)
clkbuf_6_26_0_clk/Z                      10     13     -3 (VIOLATED)
clkbuf_6_27_0_clk/Z                      10     13     -3 (VIOLATED)
clkbuf_6_10_0_clk/Z                      10     12     -2 (VIOLATED)
clkbuf_6_15_0_clk/Z                      10     12     -2 (VIOLATED)
clkbuf_6_24_0_clk/Z                      10     12     -2 (VIOLATED)
clkbuf_6_25_0_clk/Z                      10     12     -2 (VIOLATED)
clkbuf_6_31_0_clk/Z                      10     12     -2 (VIOLATED)
clkbuf_6_4_0_clk/Z                       10     12     -2 (VIOLATED)
clkbuf_6_8_0_clk/Z                       10     12     -2 (VIOLATED)
clkbuf_6_22_0_clk/Z                      10     11        (VIOLATED)
clkbuf_6_30_0_clk/Z                      10     11        (VIOLATED)
clkbuf_6_62_0_clk/Z                      10     11        (VIOLATED)
clkbuf_leaf_102_clk/Z                    10     11        (VIOLATED)
clkbuf_leaf_354_clk/Z                    10     11        (VIOLATED)

max capacitance

Pin                                        Limit         Cap       Slack
------------------------------------------------------------------------
clkbuf_2_2_0_clk/Z                      0.200000    0.426098   -0.226098 (VIOLATED)
clkbuf_2_1_0_clk/Z                      0.200000    0.393998   -0.193998 (VIOLATED)
clkbuf_2_0_0_clk/Z                      0.200000    0.376482   -0.176482 (VIOLATED)
clkbuf_2_3_0_clk/Z                      0.200000    0.354127   -0.154127 (VIOLATED)
fanout266/Z                             0.200000    0.311674   -0.111674 (VIOLATED)
fanout1418/Z                            0.200000    0.297606   -0.097606 (VIOLATED)
fanout1108/Z                            0.200000    0.294406   -0.094406 (VIOLATED)
fanout1329/Z                            0.200000    0.291945   -0.091945 (VIOLATED)
fanout1074/Z                            0.200000    0.289002   -0.089002 (VIOLATED)
fanout870/Z                             0.200000    0.288400   -0.088400 (VIOLATED)
fanout1097/Z                            0.200000    0.287813   -0.087813 (VIOLATED)
fanout1199/Z                            0.200000    0.287793   -0.087793 (VIOLATED)
fanout643/Z                             0.200000    0.286003   -0.086003 (VIOLATED)
fanout1315/Z                            0.200000    0.282830   -0.082830 (VIOLATED)
fanout1067/Z                            0.200000    0.280563   -0.080563 (VIOLATED)
fanout241/Z                             0.200000    0.279560   -0.079560 (VIOLATED)
fanout1103/Z                            0.200000    0.278948   -0.078948 (VIOLATED)
fanout1173/Z                            0.200000    0.278511   -0.078511 (VIOLATED)
fanout1221/Z                            0.200000    0.277925   -0.077925 (VIOLATED)
fanout1178/Z                            0.200000    0.277129   -0.077129 (VIOLATED)
fanout1216/Z                            0.200000    0.276434   -0.076434 (VIOLATED)
fanout1229/Z                            0.200000    0.275421   -0.075421 (VIOLATED)
fanout1267/Z                            0.200000    0.275385   -0.075385 (VIOLATED)
max_cap1165/Z                           0.200000    0.274225   -0.074225 (VIOLATED)
fanout1119/Z                            0.200000    0.273676   -0.073676 (VIOLATED)
fanout1072/Z                            0.200000    0.273499   -0.073499 (VIOLATED)
fanout1305/Z                            0.200000    0.273248   -0.073248 (VIOLATED)
fanout140/Z                             0.200000    0.272424   -0.072424 (VIOLATED)
fanout1062/Z                            0.200000    0.272143   -0.072143 (VIOLATED)
fanout1218/Z                            0.200000    0.270813   -0.070813 (VIOLATED)
fanout1323/Z                            0.200000    0.270504   -0.070504 (VIOLATED)
fanout1319/Z                            0.200000    0.270312   -0.070312 (VIOLATED)
fanout1175/Z                            0.200000    0.269367   -0.069367 (VIOLATED)
fanout1093/Z                            0.200000    0.269018   -0.069018 (VIOLATED)
fanout1123/Z                            0.200000    0.268877   -0.068877 (VIOLATED)
fanout1247/Z                            0.200000    0.268196   -0.068196 (VIOLATED)
fanout1104/Z                            0.200000    0.267517   -0.067517 (VIOLATED)
fanout1109/Z                            0.200000    0.267026   -0.067025 (VIOLATED)
fanout1210/Z                            0.200000    0.266018   -0.066018 (VIOLATED)
fanout1291/Z                            0.200000    0.264063   -0.064063 (VIOLATED)
fanout1263/Z                            0.200000    0.263623   -0.063623 (VIOLATED)
fanout1241/Z                            0.200000    0.263611   -0.063611 (VIOLATED)
fanout1148/Z                            0.200000    0.263361   -0.063361 (VIOLATED)
fanout1293/Z                            0.200000    0.262741   -0.062741 (VIOLATED)
fanout1138/Z                            0.200000    0.262243   -0.062243 (VIOLATED)
max_cap1250/Z                           0.200000    0.262016   -0.062016 (VIOLATED)
fanout49/Z                              0.200000    0.261846   -0.061846 (VIOLATED)
fanout1331/Z                            0.200000    0.261795   -0.061795 (VIOLATED)
fanout1183/Z                            0.200000    0.260586   -0.060586 (VIOLATED)
max_cap1253/Z                           0.200000    0.260160   -0.060160 (VIOLATED)
fanout1181/Z                            0.200000    0.260143   -0.060143 (VIOLATED)
fanout1321/Z                            0.200000    0.259743   -0.059743 (VIOLATED)
fanout1144/Z                            0.200000    0.259647   -0.059647 (VIOLATED)
fanout1206/Z                            0.200000    0.258476   -0.058476 (VIOLATED)
fanout1177/Z                            0.200000    0.258114   -0.058114 (VIOLATED)
fanout699/Z                             0.200000    0.256972   -0.056972 (VIOLATED)
fanout1242/Z                            0.200000    0.256676   -0.056676 (VIOLATED)
fanout875/Z                             0.200000    0.256372   -0.056372 (VIOLATED)
fanout1295/Z                            0.200000    0.255318   -0.055318 (VIOLATED)
fanout1225/Z                            0.200000    0.255301   -0.055301 (VIOLATED)
fanout1158/Z                            0.200000    0.254974   -0.054974 (VIOLATED)
fanout546/Z                             0.200000    0.254964   -0.054964 (VIOLATED)
fanout981/Z                             0.200000    0.254657   -0.054657 (VIOLATED)
max_cap1262/Z                           0.200000    0.254613   -0.054613 (VIOLATED)
fanout1185/Z                            0.200000    0.254201   -0.054201 (VIOLATED)
fanout1076/Z                            0.200000    0.253616   -0.053616 (VIOLATED)
fanout1179/Z                            0.200000    0.252412   -0.052412 (VIOLATED)
fanout1127/Z                            0.200000    0.252346   -0.052346 (VIOLATED)
fanout1265/Z                            0.200000    0.252244   -0.052244 (VIOLATED)
fanout1063/Z                            0.200000    0.251856   -0.051856 (VIOLATED)
fanout1111/Z                            0.200000    0.251168   -0.051168 (VIOLATED)
fanout1115/Z                            0.200000    0.250522   -0.050523 (VIOLATED)
fanout1142/Z                            0.200000    0.250337   -0.050337 (VIOLATED)
fanout1140/Z                            0.200000    0.248704   -0.048704 (VIOLATED)
wire1258/Z                              0.200000    0.248096   -0.048096 (VIOLATED)
fanout1057/Z                            0.200000    0.247961   -0.047961 (VIOLATED)
fanout1099/Z                            0.200000    0.247899   -0.047899 (VIOLATED)
fanout1078/Z                            0.200000    0.247407   -0.047407 (VIOLATED)
fanout934/Z                             0.200000    0.247308   -0.047308 (VIOLATED)
fanout1146/Z                            0.200000    0.246940   -0.046940 (VIOLATED)
fanout1191/Z                            0.200000    0.246730   -0.046730 (VIOLATED)
fanout1200/Z                            0.200000    0.246223   -0.046223 (VIOLATED)
fanout1189/Z                            0.200000    0.246099   -0.046099 (VIOLATED)
fanout1170/Z                            0.200000    0.246095   -0.046095 (VIOLATED)
_14974_/ZN                              0.200000    0.245486   -0.045486 (VIOLATED)
fanout1286/Z                            0.200000    0.244506   -0.044506 (VIOLATED)
fanout1288/Z                            0.200000    0.243888   -0.043888 (VIOLATED)
fanout1215/Z                            0.200000    0.243686   -0.043686 (VIOLATED)
fanout1156/Z                            0.200000    0.243470   -0.043470 (VIOLATED)
fanout1160/Z                            0.200000    0.243424   -0.043424 (VIOLATED)
fanout1273/Z                            0.200000    0.242863   -0.042863 (VIOLATED)
fanout1447/Z                            0.200000    0.242597   -0.042597 (VIOLATED)
clkbuf_0_clk/Z                          0.200000    0.241561   -0.041561 (VIOLATED)
fanout1239/Z                            0.200000    0.241195   -0.041195 (VIOLATED)
fanout1162/Z                            0.200000    0.240224   -0.040224 (VIOLATED)
fanout1563/Z                            0.200000    0.240135   -0.040135 (VIOLATED)
fanout1091/Z                            0.200000    0.239071   -0.039071 (VIOLATED)
fanout1061/Z                            0.200000    0.239042   -0.039042 (VIOLATED)
fanout1317/Z                            0.200000    0.239034   -0.039034 (VIOLATED)
fanout1301/Z                            0.200000    0.238896   -0.038896 (VIOLATED)
fanout1445/Z                            0.200000    0.238313   -0.038313 (VIOLATED)
fanout834/Z                             0.200000    0.237297   -0.037297 (VIOLATED)
fanout1114/Z                            0.200000    0.237043   -0.037043 (VIOLATED)
fanout1118/Z                            0.200000    0.236531   -0.036531 (VIOLATED)
fanout1311/Z                            0.200000    0.236178   -0.036178 (VIOLATED)
fanout1340/Z                            0.200000    0.236009   -0.036009 (VIOLATED)
fanout578/Z                             0.200000    0.235955   -0.035955 (VIOLATED)
fanout1151/Z                            0.200000    0.235332   -0.035332 (VIOLATED)
fanout1312/Z                            0.200000    0.235264   -0.035264 (VIOLATED)
fanout1699/Z                            0.200000    0.235212   -0.035212 (VIOLATED)
fanout1546/Z                            0.200000    0.234916   -0.034916 (VIOLATED)
fanout1212/Z                            0.200000    0.234190   -0.034190 (VIOLATED)
fanout1088/Z                            0.200000    0.233944   -0.033944 (VIOLATED)
fanout1289/Z                            0.200000    0.233692   -0.033692 (VIOLATED)
fanout1292/Z                            0.200000    0.233511   -0.033511 (VIOLATED)
fanout1113/Z                            0.200000    0.233454   -0.033454 (VIOLATED)
fanout1231/Z                            0.200000    0.233453   -0.033453 (VIOLATED)
fanout1309/Z                            0.200000    0.233175   -0.033175 (VIOLATED)
fanout1307/Z                            0.200000    0.233068   -0.033068 (VIOLATED)
fanout1171/Z                            0.200000    0.232841   -0.032841 (VIOLATED)
fanout1227/Z                            0.200000    0.232546   -0.032546 (VIOLATED)
fanout1303/Z                            0.200000    0.232338   -0.032338 (VIOLATED)
fanout172/Z                             0.200000    0.232101   -0.032101 (VIOLATED)
fanout1080/Z                            0.200000    0.232003   -0.032003 (VIOLATED)
fanout1207/Z                            0.200000    0.231662   -0.031662 (VIOLATED)
fanout816/Z                             0.200000    0.231146   -0.031146 (VIOLATED)
fanout1089/Z                            0.200000    0.231062   -0.031062 (VIOLATED)
fanout1325/Z                            0.200000    0.230673   -0.030673 (VIOLATED)
fanout1136/Z                            0.200000    0.230385   -0.030385 (VIOLATED)
fanout197/Z                             0.200000    0.230256   -0.030256 (VIOLATED)
fanout1287/Z                            0.200000    0.229324   -0.029324 (VIOLATED)
fanout964/Z                             0.200000    0.229035   -0.029035 (VIOLATED)
fanout1202/Z                            0.200000    0.229032   -0.029032 (VIOLATED)
_18883_/ZN                              0.200000    0.228274   -0.028274 (VIOLATED)
fanout1085/Z                            0.200000    0.228266   -0.028266 (VIOLATED)
fanout1208/Z                            0.200000    0.227844   -0.027844 (VIOLATED)
fanout1188/Z                            0.200000    0.227594   -0.027594 (VIOLATED)
fanout1259/Z                            0.200000    0.226503   -0.026503 (VIOLATED)
fanout1476/Z                            0.200000    0.225951   -0.025951 (VIOLATED)
fanout1255/Z                            0.200000    0.225770   -0.025770 (VIOLATED)
fanout1187/Z                            0.200000    0.225603   -0.025603 (VIOLATED)
fanout1313/Z                            0.200000    0.225421   -0.025421 (VIOLATED)
_13155_/Z                               0.200000    0.224884   -0.024884 (VIOLATED)
clkbuf_6_18_0_clk/Z                     0.200000    0.224718   -0.024718 (VIOLATED)
fanout1168/Z                            0.200000    0.223971   -0.023971 (VIOLATED)
fanout1095/Z                            0.200000    0.223660   -0.023660 (VIOLATED)
fanout1117/Z                            0.200000    0.223201   -0.023201 (VIOLATED)
fanout874/Z                             0.200000    0.222767   -0.022767 (VIOLATED)
fanout1102/Z                            0.200000    0.222340   -0.022340 (VIOLATED)
fanout929/Z                             0.200000    0.222334   -0.022334 (VIOLATED)
fanout1235/Z                            0.200000    0.222202   -0.022202 (VIOLATED)
_18543_/Z                               0.200000    0.221065   -0.021065 (VIOLATED)
fanout1086/Z                            0.200000    0.220972   -0.020972 (VIOLATED)
fanout164/Z                             0.200000    0.220868   -0.020868 (VIOLATED)
clkbuf_6_16_0_clk/Z                     0.200000    0.220867   -0.020867 (VIOLATED)
fanout1333/Z                            0.200000    0.219763   -0.019763 (VIOLATED)
fanout1055/Z                            0.200000    0.219403   -0.019403 (VIOLATED)
fanout570/Z                             0.200000    0.219396   -0.019396 (VIOLATED)
fanout1129/Z                            0.200000    0.219310   -0.019310 (VIOLATED)
fanout1153/Z                            0.200000    0.218809   -0.018809 (VIOLATED)
fanout1066/Z                            0.200000    0.218649   -0.018649 (VIOLATED)
fanout1107/Z                            0.200000    0.218537   -0.018537 (VIOLATED)
fanout1060/Z                            0.200000    0.218505   -0.018505 (VIOLATED)
_15802_/ZN                              0.200000    0.218466   -0.018466 (VIOLATED)
fanout799/Z                             0.200000    0.218365   -0.018365 (VIOLATED)
fanout1213/Z                            0.200000    0.218229   -0.018229 (VIOLATED)
fanout1571/Z                            0.200000    0.218197   -0.018197 (VIOLATED)
fanout854/Z                             0.200000    0.217635   -0.017635 (VIOLATED)
fanout40/Z                              0.200000    0.217586   -0.017586 (VIOLATED)
fanout1150/Z                            0.200000    0.217391   -0.017391 (VIOLATED)
fanout1245/Z                            0.200000    0.217295   -0.017295 (VIOLATED)
fanout1224/Z                            0.200000    0.216689   -0.016689 (VIOLATED)
_13377_/Z                               0.200000    0.216246   -0.016246 (VIOLATED)
fanout843/Z                             0.200000    0.216131   -0.016131 (VIOLATED)
fanout1417/Z                            0.200000    0.215937   -0.015937 (VIOLATED)
fanout1190/Z                            0.200000    0.215359   -0.015359 (VIOLATED)
fanout1065/Z                            0.200000    0.214736   -0.014736 (VIOLATED)
fanout1297/Z                            0.200000    0.214620   -0.014620 (VIOLATED)
fanout1405/Z                            0.200000    0.214447   -0.014447 (VIOLATED)
fanout1470/Z                            0.200000    0.213701   -0.013701 (VIOLATED)
fanout1195/Z                            0.200000    0.213480   -0.013480 (VIOLATED)
clkbuf_6_24_0_clk/Z                     0.200000    0.213423   -0.013423 (VIOLATED)
clkbuf_6_30_0_clk/Z                     0.200000    0.212878   -0.012878 (VIOLATED)
fanout1154/Z                            0.200000    0.212154   -0.012154 (VIOLATED)
clkbuf_6_27_0_clk/Z                     0.200000    0.212101   -0.012101 (VIOLATED)
fanout1327/Z                            0.200000    0.212026   -0.012026 (VIOLATED)
fanout1125/Z                            0.200000    0.211908   -0.011908 (VIOLATED)
max_cap1083/Z                           0.200000    0.211653   -0.011653 (VIOLATED)
fanout774/Z                             0.200000    0.211244   -0.011244 (VIOLATED)
clkbuf_6_20_0_clk/Z                     0.200000    0.210822   -0.010822 (VIOLATED)
clkbuf_6_25_0_clk/Z                     0.200000    0.210781   -0.010781 (VIOLATED)
fanout1130/Z                            0.200000    0.210550   -0.010550 (VIOLATED)
clkbuf_6_22_0_clk/Z                     0.200000    0.210286   -0.010287 (VIOLATED)
fanout1299/Z                            0.200000    0.209868   -0.009868 (VIOLATED)
fanout1559/Z                            0.200000    0.209748   -0.009748 (VIOLATED)
fanout1684/Z                            0.200000    0.209519   -0.009519 (VIOLATED)
fanout634/Z                             0.200000    0.208677   -0.008677 (VIOLATED)
fanout1220/Z                            0.200000    0.208441   -0.008441 (VIOLATED)
clkbuf_6_26_0_clk/Z                     0.200000    0.208282   -0.008282 (VIOLATED)
fanout1134/Z                            0.200000    0.208204   -0.008204 (VIOLATED)
clkbuf_6_29_0_clk/Z                     0.200000    0.208110   -0.008110 (VIOLATED)
fanout194/Z                             0.200000    0.207752   -0.007752 (VIOLATED)
fanout1285/Z                            0.200000    0.207245   -0.007245 (VIOLATED)
_15856_/ZN                              0.200000    0.207074   -0.007074 (VIOLATED)
fanout1193/Z                            0.200000    0.206959   -0.006959 (VIOLATED)
clkbuf_6_15_0_clk/Z                     0.200000    0.206862   -0.006862 (VIOLATED)
fanout1106/Z                            0.200000    0.206750   -0.006750 (VIOLATED)
fanout786/Z                             0.200000    0.206352   -0.006352 (VIOLATED)
fanout1139/Z                            0.200000    0.206313   -0.006313 (VIOLATED)
fanout1167/Z                            0.200000    0.205918   -0.005918 (VIOLATED)
fanout716/Z                             0.200000    0.205765   -0.005765 (VIOLATED)
fanout1105/Z                            0.200000    0.205450   -0.005450 (VIOLATED)
fanout553/Z                             0.200000    0.205313   -0.005313 (VIOLATED)
clkbuf_6_23_0_clk/Z                     0.200000    0.205144   -0.005144 (VIOLATED)
fanout1545/Z                            0.200000    0.204970   -0.004970 (VIOLATED)
fanout1708/Z                            0.200000    0.204966   -0.004966 (VIOLATED)
fanout1204/Z                            0.200000    0.204689   -0.004689 (VIOLATED)
fanout1697/Z                            0.200000    0.204426   -0.004426 (VIOLATED)
clkbuf_6_28_0_clk/Z                     0.200000    0.203584   -0.003584 (VIOLATED)
_15861_/ZN                              0.200000    0.203539   -0.003539 (VIOLATED)
clkbuf_6_17_0_clk/Z                     0.200000    0.203332   -0.003332 (VIOLATED)
clkbuf_6_31_0_clk/Z                     0.200000    0.202973   -0.002973 (VIOLATED)
_13188_/ZN                              0.200000    0.202841   -0.002841 (VIOLATED)
fanout872/Z                             0.200000    0.202841   -0.002841 (VIOLATED)
fanout1058/Z                            0.200000    0.202778   -0.002778 (VIOLATED)
fanout1141/Z                            0.200000    0.202711   -0.002711 (VIOLATED)
clkbuf_6_19_0_clk/Z                     0.200000    0.201965   -0.001965 (VIOLATED)
fanout602/Z                             0.200000    0.201894   -0.001894 (VIOLATED)
fanout969/Z                             0.200000    0.201533   -0.001533 (VIOLATED)
fanout833/Z                             0.200000    0.201082   -0.001082 (VIOLATED)
fanout1569/Z                            0.200000    0.200832   -0.000832 (VIOLATED)
_18146_/ZN                              0.200000    0.200627   -0.000627 (VIOLATED)
_15873_/ZN                              0.200000    0.200543   -0.000543 (VIOLATED)
fanout769/Z                             0.200000    0.200488   -0.000488 (VIOLATED)
fanout895/Z                             0.200000    0.200467   -0.000467 (VIOLATED)



===========================================================================
report_parasitic_annotation -report_unannotated
============================================================================
Found 495 unannotated drivers.
 clkload0/ZN
 clkload1/ZN
 clkload10/ZN
 clkload100/Z
 clkload101/Z
 clkload102/ZN
 clkload103/Z
 clkload104/ZN
 clkload105/Z
 clkload106/ZN
 clkload107/Z
 clkload108/ZN
 clkload109/Z
 clkload11/ZN
 clkload110/Z
 clkload111/ZN
 clkload112/Z
 clkload113/ZN
 clkload114/ZN
 clkload115/ZN
 clkload116/ZN
 clkload117/Z
 clkload118/ZN
 clkload119/ZN
 clkload12/ZN
 clkload120/ZN
 clkload121/ZN
 clkload122/ZN
 clkload123/ZN
 clkload124/ZN
 clkload125/ZN
 clkload126/ZN
 clkload127/ZN
 clkload128/ZN
 clkload129/ZN
 clkload13/ZN
 clkload130/Z
 clkload131/ZN
 clkload132/ZN
 clkload133/ZN
 clkload134/ZN
 clkload135/Z
 clkload136/ZN
 clkload137/Z
 clkload138/ZN
 clkload139/ZN
 clkload14/Z
 clkload140/ZN
 clkload141/ZN
 clkload142/ZN
 clkload143/ZN
 clkload144/ZN
 clkload145/ZN
 clkload146/ZN
 clkload147/ZN
 clkload148/ZN
 clkload149/Z
 clkload15/ZN
 clkload150/ZN
 clkload151/Z
 clkload152/Z
 clkload153/ZN
 clkload154/ZN
 clkload155/ZN
 clkload156/Z
 clkload157/Z
 clkload158/ZN
 clkload159/ZN
 clkload16/ZN
 clkload160/ZN
 clkload161/Z
 clkload162/Z
 clkload163/ZN
 clkload164/Z
 clkload165/ZN
 clkload166/ZN
 clkload167/ZN
 clkload168/ZN
 clkload169/ZN
 clkload17/ZN
 clkload170/Z
 clkload171/Z
 clkload172/ZN
 clkload173/ZN
 clkload174/ZN
 clkload175/ZN
 clkload176/ZN
 clkload177/ZN
 clkload178/ZN
 clkload179/ZN
 clkload18/ZN
 clkload180/ZN
 clkload181/ZN
 clkload182/ZN
 clkload183/Z
 clkload184/Z
 clkload185/Z
 clkload186/Z
 clkload187/ZN
 clkload188/ZN
 clkload189/ZN
 clkload19/ZN
 clkload190/Z
 clkload191/Z
 clkload192/Z
 clkload193/Z
 clkload194/ZN
 clkload195/Z
 clkload196/ZN
 clkload197/ZN
 clkload198/ZN
 clkload199/ZN
 clkload2/ZN
 clkload20/ZN
 clkload200/Z
 clkload201/ZN
 clkload202/Z
 clkload203/ZN
 clkload204/ZN
 clkload205/ZN
 clkload206/Z
 clkload207/ZN
 clkload208/ZN
 clkload209/ZN
 clkload21/ZN
 clkload210/ZN
 clkload211/ZN
 clkload212/Z
 clkload213/Z
 clkload214/ZN
 clkload215/Z
 clkload216/Z
 clkload217/ZN
 clkload218/ZN
 clkload219/ZN
 clkload22/ZN
 clkload220/Z
 clkload221/ZN
 clkload222/ZN
 clkload223/ZN
 clkload224/Z
 clkload225/ZN
 clkload226/Z
 clkload227/Z
 clkload228/Z
 clkload229/ZN
 clkload23/ZN
 clkload230/ZN
 clkload231/Z
 clkload232/ZN
 clkload233/ZN
 clkload234/Z
 clkload235/ZN
 clkload236/ZN
 clkload237/ZN
 clkload238/ZN
 clkload239/Z
 clkload24/ZN
 clkload240/ZN
 clkload241/ZN
 clkload242/ZN
 clkload243/Z
 clkload244/ZN
 clkload245/ZN
 clkload246/Z
 clkload247/Z
 clkload248/Z
 clkload249/Z
 clkload25/ZN
 clkload250/ZN
 clkload251/ZN
 clkload252/Z
 clkload253/Z
 clkload254/ZN
 clkload255/Z
 clkload256/ZN
 clkload257/Z
 clkload258/ZN
 clkload259/Z
 clkload26/Z
 clkload260/ZN
 clkload261/ZN
 clkload262/Z
 clkload263/ZN
 clkload264/ZN
 clkload265/ZN
 clkload266/Z
 clkload267/Z
 clkload268/ZN
 clkload269/ZN
 clkload27/ZN
 clkload270/ZN
 clkload271/Z
 clkload272/Z
 clkload273/Z
 clkload274/ZN
 clkload275/Z
 clkload276/Z
 clkload277/Z
 clkload278/Z
 clkload279/Z
 clkload28/ZN
 clkload280/ZN
 clkload281/Z
 clkload282/ZN
 clkload283/Z
 clkload284/Z
 clkload285/ZN
 clkload286/Z
 clkload287/Z
 clkload288/ZN
 clkload289/ZN
 clkload29/ZN
 clkload290/Z
 clkload291/ZN
 clkload292/ZN
 clkload293/Z
 clkload294/Z
 clkload295/ZN
 clkload296/ZN
 clkload297/ZN
 clkload298/ZN
 clkload299/Z
 clkload3/ZN
 clkload30/ZN
 clkload300/ZN
 clkload301/ZN
 clkload302/ZN
 clkload303/Z
 clkload304/ZN
 clkload305/Z
 clkload306/ZN
 clkload307/ZN
 clkload308/Z
 clkload309/Z
 clkload31/ZN
 clkload310/ZN
 clkload311/ZN
 clkload312/Z
 clkload313/Z
 clkload314/ZN
 clkload315/Z
 clkload316/ZN
 clkload317/ZN
 clkload318/ZN
 clkload319/ZN
 clkload32/ZN
 clkload320/ZN
 clkload321/ZN
 clkload322/ZN
 clkload323/ZN
 clkload324/ZN
 clkload325/ZN
 clkload326/ZN
 clkload327/Z
 clkload328/ZN
 clkload329/Z
 clkload33/Z
 clkload330/ZN
 clkload331/Z
 clkload332/ZN
 clkload333/Z
 clkload334/ZN
 clkload335/ZN
 clkload336/ZN
 clkload337/Z
 clkload338/ZN
 clkload339/ZN
 clkload34/ZN
 clkload340/Z
 clkload341/ZN
 clkload342/Z
 clkload343/ZN
 clkload344/ZN
 clkload345/ZN
 clkload346/ZN
 clkload347/ZN
 clkload348/ZN
 clkload349/Z
 clkload35/ZN
 clkload350/Z
 clkload351/Z
 clkload352/Z
 clkload353/Z
 clkload354/Z
 clkload355/Z
 clkload356/Z
 clkload357/ZN
 clkload358/ZN
 clkload359/ZN
 clkload36/ZN
 clkload360/ZN
 clkload361/Z
 clkload362/Z
 clkload363/Z
 clkload364/Z
 clkload365/Z
 clkload366/Z
 clkload367/Z
 clkload368/ZN
 clkload369/Z
 clkload37/ZN
 clkload370/ZN
 clkload371/ZN
 clkload372/ZN
 clkload373/ZN
 clkload374/Z
 clkload375/Z
 clkload376/Z
 clkload377/Z
 clkload378/Z
 clkload379/Z
 clkload38/ZN
 clkload380/Z
 clkload381/Z
 clkload382/ZN
 clkload383/ZN
 clkload384/ZN
 clkload385/Z
 clkload386/ZN
 clkload387/Z
 clkload388/Z
 clkload389/Z
 clkload39/ZN
 clkload390/Z
 clkload391/Z
 clkload392/ZN
 clkload393/ZN
 clkload394/ZN
 clkload395/ZN
 clkload396/ZN
 clkload397/ZN
 clkload398/Z
 clkload399/ZN
 clkload4/Z
 clkload40/ZN
 clkload400/ZN
 clkload401/ZN
 clkload402/Z
 clkload403/ZN
 clkload404/Z
 clkload405/ZN
 clkload406/ZN
 clkload407/ZN
 clkload408/ZN
 clkload409/ZN
 clkload41/ZN
 clkload410/ZN
 clkload411/ZN
 clkload412/ZN
 clkload413/ZN
 clkload414/ZN
 clkload415/ZN
 clkload416/ZN
 clkload417/Z
 clkload418/ZN
 clkload419/ZN
 clkload42/ZN
 clkload420/ZN
 clkload421/ZN
 clkload422/ZN
 clkload423/ZN
 clkload424/ZN
 clkload425/ZN
 clkload426/ZN
 clkload427/Z
 clkload428/ZN
 clkload429/ZN
 clkload43/ZN
 clkload430/Z
 clkload431/Z
 clkload432/Z
 clkload433/ZN
 clkload434/ZN
 clkload435/ZN
 clkload436/ZN
 clkload437/Z
 clkload438/ZN
 clkload439/Z
 clkload44/ZN
 clkload440/ZN
 clkload441/ZN
 clkload442/ZN
 clkload443/Z
 clkload444/Z
 clkload445/Z
 clkload446/Z
 clkload447/ZN
 clkload448/Z
 clkload449/Z
 clkload45/ZN
 clkload450/Z
 clkload451/ZN
 clkload452/ZN
 clkload453/ZN
 clkload454/ZN
 clkload455/ZN
 clkload456/Z
 clkload457/ZN
 clkload458/Z
 clkload459/Z
 clkload46/ZN
 clkload460/Z
 clkload461/Z
 clkload462/ZN
 clkload463/Z
 clkload464/Z
 clkload465/Z
 clkload466/Z
 clkload467/Z
 clkload468/Z
 clkload469/Z
 clkload47/ZN
 clkload470/ZN
 clkload471/ZN
 clkload472/ZN
 clkload473/Z
 clkload474/ZN
 clkload475/Z
 clkload476/ZN
 clkload477/ZN
 clkload478/Z
 clkload479/ZN
 clkload48/ZN
 clkload480/ZN
 clkload481/Z
 clkload482/ZN
 clkload483/ZN
 clkload484/ZN
 clkload485/ZN
 clkload486/ZN
 clkload487/ZN
 clkload488/ZN
 clkload489/Z
 clkload49/ZN
 clkload490/Z
 clkload491/Z
 clkload492/ZN
 clkload493/Z
 clkload494/ZN
 clkload5/ZN
 clkload50/ZN
 clkload51/ZN
 clkload52/ZN
 clkload53/ZN
 clkload54/ZN
 clkload55/ZN
 clkload56/ZN
 clkload57/ZN
 clkload58/ZN
 clkload59/ZN
 clkload6/ZN
 clkload60/ZN
 clkload61/ZN
 clkload62/Z
 clkload63/ZN
 clkload64/ZN
 clkload65/ZN
 clkload66/ZN
 clkload67/ZN
 clkload68/ZN
 clkload69/ZN
 clkload7/ZN
 clkload70/ZN
 clkload71/ZN
 clkload72/ZN
 clkload73/ZN
 clkload74/ZN
 clkload75/ZN
 clkload76/ZN
 clkload77/ZN
 clkload78/ZN
 clkload79/Z
 clkload8/Z
 clkload80/Z
 clkload81/ZN
 clkload82/ZN
 clkload83/ZN
 clkload84/Z
 clkload85/Z
 clkload86/ZN
 clkload87/ZN
 clkload88/ZN
 clkload89/ZN
 clkload9/ZN
 clkload90/Z
 clkload91/Z
 clkload92/Z
 clkload93/Z
 clkload94/Z
 clkload95/Z
 clkload96/Z
 clkload97/ZN
 clkload98/Z
 clkload99/Z
Found 0 partially unannotated drivers.

===========================================================================
max slew violation count 6
max fanout violation count 24
max cap violation count 235
============================================================================

===========================================================================
check_setup -verbose -unconstrained_endpoints -multiple_clock -no_clock -no_input_delay -loops -generated_clocks
===========================================================================
