Clock: clk
Sources: clk 
Generated: no
Virtual: yes
Propagated: no
Period: 40.000000

===========================================================================
report_clock_properties
============================================================================
Clock                   Period          Waveform
----------------------------------------------------
clk                  40.000000    0.000000 20.000000

===========================================================================
report_clock_latency
============================================================================
Clock clk
rise -> rise
    min     max
0.000000 0.000000 source latency
1.996515         network latency _27320_/CLK
        2.471740 network latency _26455_/CLK
---------------
1.996515 2.471740 latency
        0.475226 skew

fall -> fall
    min     max
0.000000 0.000000 source latency
2.011323         network latency _27320_/CLK
        2.556655 network latency _26455_/CLK
---------------
2.011323 2.556655 latency
        0.545333 skew



===========================================================================
report_clock_min_period
============================================================================
clk period_min = 15.98 fmax = 62.59
