
===========================================================================
 report_power
============================================================================
======================= min_tt_025C_5v00 Corner ===================================

Group                    Internal    Switching      Leakage        Total
                            Power        Power        Power        Power (Watts)
------------------------------------------------------------------------
Sequential           3.650521e-02 2.047379e-04 1.146819e-06 3.671109e-02  40.2%
Combinational        7.029711e-04 1.121306e-03 1.950540e-06 1.826228e-03   2.0%
Clock                3.322782e-02 1.950764e-02 1.419926e-06 5.273688e-02  57.8%
Macro                0.000000e+00 0.000000e+00 0.000000e+00 0.000000e+00   0.0%
Pad                  0.000000e+00 0.000000e+00 0.000000e+00 0.000000e+00   0.0%
------------------------------------------------------------------------
Total                7.043596e-02 2.083369e-02 4.517457e-06 9.127417e-02 100.0%
                            77.2%        22.8%         0.0%

