
===========================================================================
report_checks -unconstrained
===========================================================================
======================= min_ss_125C_4v50 Corner ===================================

Startpoint: rst (input port clocked by clk)
Endpoint: _25162_ (recovery check against rising-edge clock clk)
Path Group: asynchronous
Path Type: max

Fanout         Cap        Slew       Delay        Time   Description
---------------------------------------------------------------------------------------------
                                  0.000000    0.000000   clock clk (rise edge)
                                  0.000000    0.000000   clock network delay (propagated)
                                  4.000000    4.000000 v input external delay
     1    0.004387    0.119029    0.043101    4.043101 v rst (in)
                                                         rst (net)
                      0.119029    0.000000    4.043101 v input3/I (gf180mcu_fd_sc_mcu7t5v0__clkbuf_1)
     1    0.010502    0.357518    0.443273    4.486373 v input3/Z (gf180mcu_fd_sc_mcu7t5v0__clkbuf_1)
                                                         net3 (net)
                      0.357518    0.000274    4.486647 v fanout1875/I (gf180mcu_fd_sc_mcu7t5v0__clkbuf_4)
     6    0.163110    1.200333    1.149843    5.636490 v fanout1875/Z (gf180mcu_fd_sc_mcu7t5v0__clkbuf_4)
                                                         net1875 (net)
                      1.200448    0.006676    5.643166 v fanout1820/I (gf180mcu_fd_sc_mcu7t5v0__buf_2)
     5    0.105350    0.889870    1.167779    6.810945 v fanout1820/Z (gf180mcu_fd_sc_mcu7t5v0__buf_2)
                                                         net1820 (net)
                      0.889923    0.003913    6.814858 v fanout1819/I (gf180mcu_fd_sc_mcu7t5v0__buf_2)
     5    0.089560    0.765812    1.009443    7.824301 v fanout1819/Z (gf180mcu_fd_sc_mcu7t5v0__buf_2)
                                                         net1819 (net)
                      0.765826    0.001855    7.826156 v fanout1814/I (gf180mcu_fd_sc_mcu7t5v0__clkbuf_3)
    10    0.089754    0.704461    0.960181    8.786337 v fanout1814/Z (gf180mcu_fd_sc_mcu7t5v0__clkbuf_3)
                                                         net1814 (net)
                      0.704461    0.000632    8.786969 v fanout1813/I (gf180mcu_fd_sc_mcu7t5v0__clkbuf_3)
    10    0.088379    0.694786    0.939256    9.726226 v fanout1813/Z (gf180mcu_fd_sc_mcu7t5v0__clkbuf_3)
                                                         net1813 (net)
                      0.694813    0.002419    9.728644 v fanout1812/I (gf180mcu_fd_sc_mcu7t5v0__buf_2)
    10    0.071196    0.625234    0.866078   10.594722 v fanout1812/Z (gf180mcu_fd_sc_mcu7t5v0__buf_2)
                                                         net1812 (net)
                      0.625241    0.001209   10.595931 v _24404_/I (gf180mcu_fd_sc_mcu7t5v0__clkinv_1)
     1    0.009018    0.401301    0.373996   10.969927 ^ _24404_/ZN (gf180mcu_fd_sc_mcu7t5v0__clkinv_1)
                                                         _00445_ (net)
                      0.401301    0.000183   10.970110 ^ _25162_/RN (gf180mcu_fd_sc_mcu7t5v0__dffrnq_1)
                                             10.970110   data arrival time

                                 20.000000   20.000000   clock clk (rise edge)
                                  0.000000   20.000000   clock source latency
     1    0.152568    1.085692    0.610182   20.610182 ^ clk (in)
                                                         clk (net)
                      1.087312    0.000000   20.610182 ^ clkbuf_0_clk/I (gf180mcu_fd_sc_mcu7t5v0__clkbuf_16)
     4    0.227073    0.488938    0.807992   21.418175 ^ clkbuf_0_clk/Z (gf180mcu_fd_sc_mcu7t5v0__clkbuf_16)
                                                         clknet_0_clk (net)
                      0.489036    0.010276   21.428452 ^ clkbuf_2_0_0_clk/I (gf180mcu_fd_sc_mcu7t5v0__clkbuf_8)
    16    0.424872    1.502898    1.282025   22.710476 ^ clkbuf_2_0_0_clk/Z (gf180mcu_fd_sc_mcu7t5v0__clkbuf_8)
                                                         clknet_2_0_0_clk (net)
                      1.503835    0.020947   22.731422 ^ clkbuf_6_10_0_clk/I (gf180mcu_fd_sc_mcu7t5v0__clkbuf_8)
    12    0.206662    0.783349    1.027928   23.759350 ^ clkbuf_6_10_0_clk/Z (gf180mcu_fd_sc_mcu7t5v0__clkbuf_8)
                                                         clknet_6_10_0_clk (net)
                      0.783399    0.004535   23.763885 ^ _25162_/CLK (gf180mcu_fd_sc_mcu7t5v0__dffrnq_1)
                                 -0.250000   23.513887   clock uncertainty
                                  0.000000   23.513887   clock reconvergence pessimism
                                  0.533756   24.047644   library recovery time
                                             24.047644   data required time
---------------------------------------------------------------------------------------------
                                             24.047644   data required time
                                            -10.970110   data arrival time
---------------------------------------------------------------------------------------------
                                             13.077533   slack (MET)


Startpoint: _25075_ (rising edge-triggered flip-flop clocked by clk)
Endpoint: _24856_ (rising edge-triggered flip-flop clocked by clk)
Path Group: clk
Path Type: max

Fanout         Cap        Slew       Delay        Time   Description
---------------------------------------------------------------------------------------------
                                  0.000000    0.000000   clock clk (rise edge)
                                  0.000000    0.000000   clock source latency
     1    0.152568    1.085692    0.610182    0.610182 ^ clk (in)
                                                         clk (net)
                      1.087312    0.000000    0.610182 ^ clkbuf_0_clk/I (gf180mcu_fd_sc_mcu7t5v0__clkbuf_16)
     4    0.227073    0.488938    0.807993    1.418175 ^ clkbuf_0_clk/Z (gf180mcu_fd_sc_mcu7t5v0__clkbuf_16)
                                                         clknet_0_clk (net)
                      0.489005    0.008578    1.426753 ^ clkbuf_2_1_0_clk/I (gf180mcu_fd_sc_mcu7t5v0__clkbuf_8)
    16    0.368690    1.315788    1.178483    2.605236 ^ clkbuf_2_1_0_clk/Z (gf180mcu_fd_sc_mcu7t5v0__clkbuf_8)
                                                         clknet_2_1_0_clk (net)
                      1.315947    0.008054    2.613291 ^ clkbuf_6_19_0_clk/I (gf180mcu_fd_sc_mcu7t5v0__clkbuf_8)
    10    0.193124    0.738349    0.979428    3.592718 ^ clkbuf_6_19_0_clk/Z (gf180mcu_fd_sc_mcu7t5v0__clkbuf_8)
                                                         clknet_6_19_0_clk (net)
                      0.738351    0.002516    3.595234 ^ clkbuf_leaf_48_clk/I (gf180mcu_fd_sc_mcu7t5v0__clkbuf_8)
     5    0.027741    0.218246    0.549433    4.144667 ^ clkbuf_leaf_48_clk/Z (gf180mcu_fd_sc_mcu7t5v0__clkbuf_8)
                                                         clknet_leaf_48_clk (net)
                      0.218246    0.000292    4.144958 ^ _25075_/CLK (gf180mcu_fd_sc_mcu7t5v0__dffrnq_1)
     1    0.014775    0.564372    1.867442    6.012401 ^ _25075_/Q (gf180mcu_fd_sc_mcu7t5v0__dffrnq_1)
                                                         pp_inst.core_inst.reg_fsm_i.data_q[1] (net)
                      0.564372    0.000366    6.012767 ^ fanout1750/I (gf180mcu_fd_sc_mcu7t5v0__buf_4)
     9    0.216405    1.529344    1.146093    7.158859 ^ fanout1750/Z (gf180mcu_fd_sc_mcu7t5v0__buf_4)
                                                         net1750 (net)
                      1.529376    0.003904    7.162763 ^ max_cap1746/I (gf180mcu_fd_sc_mcu7t5v0__buf_8)
     6    0.113789    0.467801    0.587883    7.750646 ^ max_cap1746/Z (gf180mcu_fd_sc_mcu7t5v0__buf_8)
                                                         net1746 (net)
                      0.467819    0.004434    7.755079 ^ fanout1744/I (gf180mcu_fd_sc_mcu7t5v0__buf_8)
    10    0.182551    0.684315    0.650588    8.405667 ^ fanout1744/Z (gf180mcu_fd_sc_mcu7t5v0__buf_8)
                                                         net1744 (net)
                      0.684525    0.005962    8.411630 ^ _13267_/A1 (gf180mcu_fd_sc_mcu7t5v0__nor3_4)
     3    0.046479    0.642871    0.428596    8.840225 v _13267_/ZN (gf180mcu_fd_sc_mcu7t5v0__nor3_4)
                                                         _09883_ (net)
                      0.642871    0.000358    8.840584 v _13280_/A1 (gf180mcu_fd_sc_mcu7t5v0__aoi21_4)
     2    0.110152    1.831284    1.168511   10.009094 ^ _13280_/ZN (gf180mcu_fd_sc_mcu7t5v0__aoi21_4)
                                                         _09896_ (net)
                      1.831288    0.004085   10.013179 ^ fanout1553/I (gf180mcu_fd_sc_mcu7t5v0__buf_8)
    10    0.239521    0.880903    0.831781   10.844960 ^ fanout1553/Z (gf180mcu_fd_sc_mcu7t5v0__buf_8)
                                                         net1553 (net)
                      0.880912    0.001239   10.846199 ^ _13286_/A1 (gf180mcu_fd_sc_mcu7t5v0__nand2_2)
     2    0.112588    1.557237    1.111745   11.957944 v _13286_/ZN (gf180mcu_fd_sc_mcu7t5v0__nand2_2)
                                                         _09902_ (net)
                      1.557344    0.007216   11.965159 v fanout1428/I (gf180mcu_fd_sc_mcu7t5v0__buf_2)
     5    0.112675    0.944767    1.284311   13.249472 v fanout1428/Z (gf180mcu_fd_sc_mcu7t5v0__buf_2)
                                                         net1428 (net)
                      0.945125    0.010459   13.259931 v fanout1425/I (gf180mcu_fd_sc_mcu7t5v0__buf_4)
    10    0.172886    0.736008    0.976367   14.236298 v fanout1425/Z (gf180mcu_fd_sc_mcu7t5v0__buf_4)
                                                         net1425 (net)
                      0.736206    0.006819   14.243116 v _13308_/A3 (gf180mcu_fd_sc_mcu7t5v0__nor3_2)
     1    0.020267    1.254183    0.908526   15.151642 ^ _13308_/ZN (gf180mcu_fd_sc_mcu7t5v0__nor3_2)
                                                         _09924_ (net)
                      1.254183    0.000224   15.151866 ^ fanout1325/I (gf180mcu_fd_sc_mcu7t5v0__buf_8)
     3    0.091474    0.391165    0.534600   15.686466 ^ fanout1325/Z (gf180mcu_fd_sc_mcu7t5v0__buf_8)
                                                         net1325 (net)
                      0.391168    0.001736   15.688201 ^ max_cap1326/I (gf180mcu_fd_sc_mcu7t5v0__buf_8)
     8    0.217479    0.799917    0.703327   16.391529 ^ max_cap1326/Z (gf180mcu_fd_sc_mcu7t5v0__buf_8)
                                                         net1326 (net)
                      0.801364    0.019337   16.410866 ^ fanout1324/I (gf180mcu_fd_sc_mcu7t5v0__clkbuf_8)
    10    0.242692    0.889449    0.987985   17.398851 ^ fanout1324/Z (gf180mcu_fd_sc_mcu7t5v0__clkbuf_8)
                                                         net1324 (net)
                      0.890525    0.016515   17.415365 ^ _14427_/B1 (gf180mcu_fd_sc_mcu7t5v0__aoi22_1)
     1    0.010463    0.686475    0.533937   17.949303 v _14427_/ZN (gf180mcu_fd_sc_mcu7t5v0__aoi22_1)
                                                         _11016_ (net)
                      0.686475    0.000103   17.949406 v _14428_/A2 (gf180mcu_fd_sc_mcu7t5v0__nand2_2)
     6    0.064353    1.108889    0.863416   18.812822 ^ _14428_/ZN (gf180mcu_fd_sc_mcu7t5v0__nand2_2)
                                                         _11017_ (net)
                      1.108894    0.003638   18.816460 ^ _14429_/A2 (gf180mcu_fd_sc_mcu7t5v0__nor2_1)
     2    0.017244    0.685241    0.577396   19.393856 v _14429_/ZN (gf180mcu_fd_sc_mcu7t5v0__nor2_1)
                                                         _11018_ (net)
                      0.685241    0.000412   19.394268 v _14431_/B (gf180mcu_fd_sc_mcu7t5v0__aoi21_2)
     2    0.029212    1.132210    0.869150   20.263418 ^ _14431_/ZN (gf180mcu_fd_sc_mcu7t5v0__aoi21_2)
                                                         _11020_ (net)
                      1.132210    0.000226   20.263643 ^ _16955_/B1 (gf180mcu_fd_sc_mcu7t5v0__aoi22_2)
     1    0.062065    1.665109    0.915099   21.178743 v _16955_/ZN (gf180mcu_fd_sc_mcu7t5v0__aoi22_2)
                                                         _04357_ (net)
                      1.665113    0.004095   21.182837 v fanout374/I (gf180mcu_fd_sc_mcu7t5v0__clkbuf_2)
     5    0.056538    0.821939    1.187384   22.370222 v fanout374/Z (gf180mcu_fd_sc_mcu7t5v0__clkbuf_2)
                                                         net374 (net)
                      0.821973    0.002967   22.373188 v fanout373/I (gf180mcu_fd_sc_mcu7t5v0__clkbuf_2)
     5    0.049522    0.722448    0.953319   23.326508 v fanout373/Z (gf180mcu_fd_sc_mcu7t5v0__clkbuf_2)
                                                         net373 (net)
                      0.722453    0.001062   23.327570 v fanout372/I (gf180mcu_fd_sc_mcu7t5v0__buf_2)
     7    0.061640    0.554547    0.825574   24.153145 v fanout372/Z (gf180mcu_fd_sc_mcu7t5v0__buf_2)
                                                         net372 (net)
                      0.554622    0.003638   24.156782 v fanout370/I (gf180mcu_fd_sc_mcu7t5v0__clkbuf_3)
    10    0.089131    0.698773    0.905169   25.061951 v fanout370/Z (gf180mcu_fd_sc_mcu7t5v0__clkbuf_3)
                                                         net370 (net)
                      0.698785    0.001652   25.063604 v _16997_/A2 (gf180mcu_fd_sc_mcu7t5v0__oai22_4)
     2    0.081241    1.959997    1.088639   26.152243 ^ _16997_/ZN (gf180mcu_fd_sc_mcu7t5v0__oai22_4)
                                                         _04399_ (net)
                      1.960001    0.004903   26.157145 ^ _17300_/A1 (gf180mcu_fd_sc_mcu7t5v0__nand2_1)
     1    0.005819    0.587259    0.317705   26.474850 v _17300_/ZN (gf180mcu_fd_sc_mcu7t5v0__nand2_1)
                                                         _04651_ (net)
                      0.587259    0.000112   26.474962 v _17304_/C (gf180mcu_fd_sc_mcu7t5v0__oai211_1)
     1    0.006322    0.782466    0.628701   27.103662 ^ _17304_/ZN (gf180mcu_fd_sc_mcu7t5v0__oai211_1)
                                                         _00063_ (net)
                      0.782466    0.000137   27.103800 ^ _24856_/D (gf180mcu_fd_sc_mcu7t5v0__dffrnq_1)
                                             27.103800   data arrival time

                                 20.000000   20.000000   clock clk (rise edge)
                                  0.000000   20.000000   clock source latency
     1    0.152568    1.085692    0.610182   20.610182 ^ clk (in)
                                                         clk (net)
                      1.087312    0.000000   20.610182 ^ clkbuf_0_clk/I (gf180mcu_fd_sc_mcu7t5v0__clkbuf_16)
     4    0.227073    0.488938    0.807992   21.418175 ^ clkbuf_0_clk/Z (gf180mcu_fd_sc_mcu7t5v0__clkbuf_16)
                                                         clknet_0_clk (net)
                      0.489005    0.008578   21.426752 ^ clkbuf_2_1_0_clk/I (gf180mcu_fd_sc_mcu7t5v0__clkbuf_8)
    16    0.368690    1.315788    1.178483   22.605236 ^ clkbuf_2_1_0_clk/Z (gf180mcu_fd_sc_mcu7t5v0__clkbuf_8)
                                                         clknet_2_1_0_clk (net)
                      1.316215    0.013175   22.618410 ^ clkbuf_6_22_0_clk/I (gf180mcu_fd_sc_mcu7t5v0__clkbuf_8)
     8    0.181112    0.698292    0.954985   23.573397 ^ clkbuf_6_22_0_clk/Z (gf180mcu_fd_sc_mcu7t5v0__clkbuf_8)
                                                         clknet_6_22_0_clk (net)
                      0.698304    0.004588   23.577984 ^ clkbuf_leaf_115_clk/I (gf180mcu_fd_sc_mcu7t5v0__clkbuf_8)
     6    0.032171    0.229622    0.553232   24.131216 ^ clkbuf_leaf_115_clk/Z (gf180mcu_fd_sc_mcu7t5v0__clkbuf_8)
                                                         clknet_leaf_115_clk (net)
                      0.229622    0.000265   24.131481 ^ _24856_/CLK (gf180mcu_fd_sc_mcu7t5v0__dffrnq_1)
                                 -0.250000   23.881483   clock uncertainty
                                  0.000000   23.881483   clock reconvergence pessimism
                                 -0.688514   23.192968   library setup time
                                             23.192968   data required time
---------------------------------------------------------------------------------------------
                                             23.192968   data required time
                                            -27.103800   data arrival time
---------------------------------------------------------------------------------------------
                                             -3.910831   slack (VIOLATED)




===========================================================================
report_checks --slack_max -0.01
============================================================================
======================= min_ss_125C_4v50 Corner ===================================

Startpoint: _25075_ (rising edge-triggered flip-flop clocked by clk)
Endpoint: _24856_ (rising edge-triggered flip-flop clocked by clk)
Path Group: clk
Path Type: max

Fanout         Cap        Slew       Delay        Time   Description
---------------------------------------------------------------------------------------------
                                  0.000000    0.000000   clock clk (rise edge)
                                  0.000000    0.000000   clock source latency
     1    0.152568    1.085692    0.610182    0.610182 ^ clk (in)
                                                         clk (net)
                      1.087312    0.000000    0.610182 ^ clkbuf_0_clk/I (gf180mcu_fd_sc_mcu7t5v0__clkbuf_16)
     4    0.227073    0.488938    0.807993    1.418175 ^ clkbuf_0_clk/Z (gf180mcu_fd_sc_mcu7t5v0__clkbuf_16)
                                                         clknet_0_clk (net)
                      0.489005    0.008578    1.426753 ^ clkbuf_2_1_0_clk/I (gf180mcu_fd_sc_mcu7t5v0__clkbuf_8)
    16    0.368690    1.315788    1.178483    2.605236 ^ clkbuf_2_1_0_clk/Z (gf180mcu_fd_sc_mcu7t5v0__clkbuf_8)
                                                         clknet_2_1_0_clk (net)
                      1.315947    0.008054    2.613291 ^ clkbuf_6_19_0_clk/I (gf180mcu_fd_sc_mcu7t5v0__clkbuf_8)
    10    0.193124    0.738349    0.979428    3.592718 ^ clkbuf_6_19_0_clk/Z (gf180mcu_fd_sc_mcu7t5v0__clkbuf_8)
                                                         clknet_6_19_0_clk (net)
                      0.738351    0.002516    3.595234 ^ clkbuf_leaf_48_clk/I (gf180mcu_fd_sc_mcu7t5v0__clkbuf_8)
     5    0.027741    0.218246    0.549433    4.144667 ^ clkbuf_leaf_48_clk/Z (gf180mcu_fd_sc_mcu7t5v0__clkbuf_8)
                                                         clknet_leaf_48_clk (net)
                      0.218246    0.000292    4.144958 ^ _25075_/CLK (gf180mcu_fd_sc_mcu7t5v0__dffrnq_1)
     1    0.014775    0.564372    1.867442    6.012401 ^ _25075_/Q (gf180mcu_fd_sc_mcu7t5v0__dffrnq_1)
                                                         pp_inst.core_inst.reg_fsm_i.data_q[1] (net)
                      0.564372    0.000366    6.012767 ^ fanout1750/I (gf180mcu_fd_sc_mcu7t5v0__buf_4)
     9    0.216405    1.529344    1.146093    7.158859 ^ fanout1750/Z (gf180mcu_fd_sc_mcu7t5v0__buf_4)
                                                         net1750 (net)
                      1.529376    0.003904    7.162763 ^ max_cap1746/I (gf180mcu_fd_sc_mcu7t5v0__buf_8)
     6    0.113789    0.467801    0.587883    7.750646 ^ max_cap1746/Z (gf180mcu_fd_sc_mcu7t5v0__buf_8)
                                                         net1746 (net)
                      0.467819    0.004434    7.755079 ^ fanout1744/I (gf180mcu_fd_sc_mcu7t5v0__buf_8)
    10    0.182551    0.684315    0.650588    8.405667 ^ fanout1744/Z (gf180mcu_fd_sc_mcu7t5v0__buf_8)
                                                         net1744 (net)
                      0.684525    0.005962    8.411630 ^ _13267_/A1 (gf180mcu_fd_sc_mcu7t5v0__nor3_4)
     3    0.046479    0.642871    0.428596    8.840225 v _13267_/ZN (gf180mcu_fd_sc_mcu7t5v0__nor3_4)
                                                         _09883_ (net)
                      0.642871    0.000358    8.840584 v _13280_/A1 (gf180mcu_fd_sc_mcu7t5v0__aoi21_4)
     2    0.110152    1.831284    1.168511   10.009094 ^ _13280_/ZN (gf180mcu_fd_sc_mcu7t5v0__aoi21_4)
                                                         _09896_ (net)
                      1.831288    0.004085   10.013179 ^ fanout1553/I (gf180mcu_fd_sc_mcu7t5v0__buf_8)
    10    0.239521    0.880903    0.831781   10.844960 ^ fanout1553/Z (gf180mcu_fd_sc_mcu7t5v0__buf_8)
                                                         net1553 (net)
                      0.880912    0.001239   10.846199 ^ _13286_/A1 (gf180mcu_fd_sc_mcu7t5v0__nand2_2)
     2    0.112588    1.557237    1.111745   11.957944 v _13286_/ZN (gf180mcu_fd_sc_mcu7t5v0__nand2_2)
                                                         _09902_ (net)
                      1.557344    0.007216   11.965159 v fanout1428/I (gf180mcu_fd_sc_mcu7t5v0__buf_2)
     5    0.112675    0.944767    1.284311   13.249472 v fanout1428/Z (gf180mcu_fd_sc_mcu7t5v0__buf_2)
                                                         net1428 (net)
                      0.945125    0.010459   13.259931 v fanout1425/I (gf180mcu_fd_sc_mcu7t5v0__buf_4)
    10    0.172886    0.736008    0.976367   14.236298 v fanout1425/Z (gf180mcu_fd_sc_mcu7t5v0__buf_4)
                                                         net1425 (net)
                      0.736206    0.006819   14.243116 v _13308_/A3 (gf180mcu_fd_sc_mcu7t5v0__nor3_2)
     1    0.020267    1.254183    0.908526   15.151642 ^ _13308_/ZN (gf180mcu_fd_sc_mcu7t5v0__nor3_2)
                                                         _09924_ (net)
                      1.254183    0.000224   15.151866 ^ fanout1325/I (gf180mcu_fd_sc_mcu7t5v0__buf_8)
     3    0.091474    0.391165    0.534600   15.686466 ^ fanout1325/Z (gf180mcu_fd_sc_mcu7t5v0__buf_8)
                                                         net1325 (net)
                      0.391168    0.001736   15.688201 ^ max_cap1326/I (gf180mcu_fd_sc_mcu7t5v0__buf_8)
     8    0.217479    0.799917    0.703327   16.391529 ^ max_cap1326/Z (gf180mcu_fd_sc_mcu7t5v0__buf_8)
                                                         net1326 (net)
                      0.801364    0.019337   16.410866 ^ fanout1324/I (gf180mcu_fd_sc_mcu7t5v0__clkbuf_8)
    10    0.242692    0.889449    0.987985   17.398851 ^ fanout1324/Z (gf180mcu_fd_sc_mcu7t5v0__clkbuf_8)
                                                         net1324 (net)
                      0.890525    0.016515   17.415365 ^ _14427_/B1 (gf180mcu_fd_sc_mcu7t5v0__aoi22_1)
     1    0.010463    0.686475    0.533937   17.949303 v _14427_/ZN (gf180mcu_fd_sc_mcu7t5v0__aoi22_1)
                                                         _11016_ (net)
                      0.686475    0.000103   17.949406 v _14428_/A2 (gf180mcu_fd_sc_mcu7t5v0__nand2_2)
     6    0.064353    1.108889    0.863416   18.812822 ^ _14428_/ZN (gf180mcu_fd_sc_mcu7t5v0__nand2_2)
                                                         _11017_ (net)
                      1.108894    0.003638   18.816460 ^ _14429_/A2 (gf180mcu_fd_sc_mcu7t5v0__nor2_1)
     2    0.017244    0.685241    0.577396   19.393856 v _14429_/ZN (gf180mcu_fd_sc_mcu7t5v0__nor2_1)
                                                         _11018_ (net)
                      0.685241    0.000412   19.394268 v _14431_/B (gf180mcu_fd_sc_mcu7t5v0__aoi21_2)
     2    0.029212    1.132210    0.869150   20.263418 ^ _14431_/ZN (gf180mcu_fd_sc_mcu7t5v0__aoi21_2)
                                                         _11020_ (net)
                      1.132210    0.000226   20.263643 ^ _16955_/B1 (gf180mcu_fd_sc_mcu7t5v0__aoi22_2)
     1    0.062065    1.665109    0.915099   21.178743 v _16955_/ZN (gf180mcu_fd_sc_mcu7t5v0__aoi22_2)
                                                         _04357_ (net)
                      1.665113    0.004095   21.182837 v fanout374/I (gf180mcu_fd_sc_mcu7t5v0__clkbuf_2)
     5    0.056538    0.821939    1.187384   22.370222 v fanout374/Z (gf180mcu_fd_sc_mcu7t5v0__clkbuf_2)
                                                         net374 (net)
                      0.821973    0.002967   22.373188 v fanout373/I (gf180mcu_fd_sc_mcu7t5v0__clkbuf_2)
     5    0.049522    0.722448    0.953319   23.326508 v fanout373/Z (gf180mcu_fd_sc_mcu7t5v0__clkbuf_2)
                                                         net373 (net)
                      0.722453    0.001062   23.327570 v fanout372/I (gf180mcu_fd_sc_mcu7t5v0__buf_2)
     7    0.061640    0.554547    0.825574   24.153145 v fanout372/Z (gf180mcu_fd_sc_mcu7t5v0__buf_2)
                                                         net372 (net)
                      0.554622    0.003638   24.156782 v fanout370/I (gf180mcu_fd_sc_mcu7t5v0__clkbuf_3)
    10    0.089131    0.698773    0.905169   25.061951 v fanout370/Z (gf180mcu_fd_sc_mcu7t5v0__clkbuf_3)
                                                         net370 (net)
                      0.698785    0.001652   25.063604 v _16997_/A2 (gf180mcu_fd_sc_mcu7t5v0__oai22_4)
     2    0.081241    1.959997    1.088639   26.152243 ^ _16997_/ZN (gf180mcu_fd_sc_mcu7t5v0__oai22_4)
                                                         _04399_ (net)
                      1.960001    0.004903   26.157145 ^ _17300_/A1 (gf180mcu_fd_sc_mcu7t5v0__nand2_1)
     1    0.005819    0.587259    0.317705   26.474850 v _17300_/ZN (gf180mcu_fd_sc_mcu7t5v0__nand2_1)
                                                         _04651_ (net)
                      0.587259    0.000112   26.474962 v _17304_/C (gf180mcu_fd_sc_mcu7t5v0__oai211_1)
     1    0.006322    0.782466    0.628701   27.103662 ^ _17304_/ZN (gf180mcu_fd_sc_mcu7t5v0__oai211_1)
                                                         _00063_ (net)
                      0.782466    0.000137   27.103800 ^ _24856_/D (gf180mcu_fd_sc_mcu7t5v0__dffrnq_1)
                                             27.103800   data arrival time

                                 20.000000   20.000000   clock clk (rise edge)
                                  0.000000   20.000000   clock source latency
     1    0.152568    1.085692    0.610182   20.610182 ^ clk (in)
                                                         clk (net)
                      1.087312    0.000000   20.610182 ^ clkbuf_0_clk/I (gf180mcu_fd_sc_mcu7t5v0__clkbuf_16)
     4    0.227073    0.488938    0.807992   21.418175 ^ clkbuf_0_clk/Z (gf180mcu_fd_sc_mcu7t5v0__clkbuf_16)
                                                         clknet_0_clk (net)
                      0.489005    0.008578   21.426752 ^ clkbuf_2_1_0_clk/I (gf180mcu_fd_sc_mcu7t5v0__clkbuf_8)
    16    0.368690    1.315788    1.178483   22.605236 ^ clkbuf_2_1_0_clk/Z (gf180mcu_fd_sc_mcu7t5v0__clkbuf_8)
                                                         clknet_2_1_0_clk (net)
                      1.316215    0.013175   22.618410 ^ clkbuf_6_22_0_clk/I (gf180mcu_fd_sc_mcu7t5v0__clkbuf_8)
     8    0.181112    0.698292    0.954985   23.573397 ^ clkbuf_6_22_0_clk/Z (gf180mcu_fd_sc_mcu7t5v0__clkbuf_8)
                                                         clknet_6_22_0_clk (net)
                      0.698304    0.004588   23.577984 ^ clkbuf_leaf_115_clk/I (gf180mcu_fd_sc_mcu7t5v0__clkbuf_8)
     6    0.032171    0.229622    0.553232   24.131216 ^ clkbuf_leaf_115_clk/Z (gf180mcu_fd_sc_mcu7t5v0__clkbuf_8)
                                                         clknet_leaf_115_clk (net)
                      0.229622    0.000265   24.131481 ^ _24856_/CLK (gf180mcu_fd_sc_mcu7t5v0__dffrnq_1)
                                 -0.250000   23.881483   clock uncertainty
                                  0.000000   23.881483   clock reconvergence pessimism
                                 -0.688514   23.192968   library setup time
                                             23.192968   data required time
---------------------------------------------------------------------------------------------
                                             23.192968   data required time
                                            -27.103800   data arrival time
---------------------------------------------------------------------------------------------
                                             -3.910831   slack (VIOLATED)




===========================================================================
 report_check_types -max_slew -max_cap -max_fanout -violators
============================================================================
======================= min_ss_125C_4v50 Corner ===================================

max slew

Pin                                        Limit        Slew       Slack
------------------------------------------------------------------------
_18451_/A2                              4.000000    5.099142   -1.099142 (VIOLATED)
_18450_/ZN                              4.000000    5.099122   -1.099122 (VIOLATED)
_18217_/B1                              4.000000    4.131643   -0.131643 (VIOLATED)
_18126_/A2                              4.000000    4.131585   -0.131585 (VIOLATED)
_18068_/B1                              4.000000    4.131373   -0.131373 (VIOLATED)
_18050_/A2                              4.000000    4.131308   -0.131307 (VIOLATED)
_18186_/A2                              4.000000    4.131251   -0.131251 (VIOLATED)
_18419_/B1                              4.000000    4.131156   -0.131156 (VIOLATED)
_18230_/A2                              4.000000    4.130999   -0.130999 (VIOLATED)
_18002_/ZN                              4.000000    4.130927   -0.130927 (VIOLATED)
_18006_/A2                              4.000000    4.130927   -0.130927 (VIOLATED)

max fanout

Pin                                   Limit Fanout  Slack
---------------------------------------------------------
clkbuf_6_37_0_clk/Z                      10     18     -8 (VIOLATED)
clkbuf_6_48_0_clk/Z                      10     17     -7 (VIOLATED)
clkbuf_6_49_0_clk/Z                      10     17     -7 (VIOLATED)
clkbuf_6_52_0_clk/Z                      10     17     -7 (VIOLATED)
clkbuf_6_53_0_clk/Z                      10     17     -7 (VIOLATED)
clkbuf_2_0_0_clk/Z                       10     16     -6 (VIOLATED)
clkbuf_2_1_0_clk/Z                       10     16     -6 (VIOLATED)
clkbuf_2_2_0_clk/Z                       10     16     -6 (VIOLATED)
clkbuf_2_3_0_clk/Z                       10     16     -6 (VIOLATED)
clkbuf_6_50_0_clk/Z                      10     16     -6 (VIOLATED)
clkbuf_6_58_0_clk/Z                      10     16     -6 (VIOLATED)
clkbuf_6_44_0_clk/Z                      10     15     -5 (VIOLATED)
clkbuf_6_47_0_clk/Z                      10     15     -5 (VIOLATED)
clkbuf_6_63_0_clk/Z                      10     15     -5 (VIOLATED)
clkbuf_6_15_0_clk/Z                      10     14     -4 (VIOLATED)
clkbuf_6_51_0_clk/Z                      10     14     -4 (VIOLATED)
clkbuf_6_54_0_clk/Z                      10     14     -4 (VIOLATED)
clkbuf_6_56_0_clk/Z                      10     14     -4 (VIOLATED)
clkbuf_6_61_0_clk/Z                      10     14     -4 (VIOLATED)
clkbuf_6_27_0_clk/Z                      10     13     -3 (VIOLATED)
clkbuf_6_28_0_clk/Z                      10     13     -3 (VIOLATED)
clkbuf_6_31_0_clk/Z                      10     13     -3 (VIOLATED)
clkbuf_6_32_0_clk/Z                      10     13     -3 (VIOLATED)
clkbuf_6_36_0_clk/Z                      10     13     -3 (VIOLATED)
clkbuf_6_46_0_clk/Z                      10     13     -3 (VIOLATED)
clkbuf_6_5_0_clk/Z                       10     13     -3 (VIOLATED)
clkbuf_6_62_0_clk/Z                      10     13     -3 (VIOLATED)
clkbuf_6_10_0_clk/Z                      10     12     -2 (VIOLATED)
clkbuf_6_4_0_clk/Z                       10     12     -2 (VIOLATED)
clkbuf_6_55_0_clk/Z                      10     12     -2 (VIOLATED)
clkbuf_6_59_0_clk/Z                      10     12     -2 (VIOLATED)
clkbuf_6_60_0_clk/Z                      10     12     -2 (VIOLATED)
clkbuf_6_13_0_clk/Z                      10     11        (VIOLATED)
clkbuf_6_14_0_clk/Z                      10     11        (VIOLATED)
clkbuf_6_16_0_clk/Z                      10     11        (VIOLATED)
clkbuf_6_39_0_clk/Z                      10     11        (VIOLATED)
clkbuf_6_45_0_clk/Z                      10     11        (VIOLATED)
clkbuf_6_57_0_clk/Z                      10     11        (VIOLATED)
fanout1072/Z                             10     11        (VIOLATED)
fanout1300/Z                             10     11        (VIOLATED)

max capacitance

Pin                                        Limit         Cap       Slack
------------------------------------------------------------------------
clkbuf_2_0_0_clk/Z                      0.200000    0.424872   -0.224872 (VIOLATED)
clkbuf_2_3_0_clk/Z                      0.200000    0.408545   -0.208545 (VIOLATED)
clkbuf_2_2_0_clk/Z                      0.200000    0.390503   -0.190503 (VIOLATED)
clkbuf_2_1_0_clk/Z                      0.200000    0.368690   -0.168690 (VIOLATED)
fanout340/Z                             0.200000    0.329837   -0.129837 (VIOLATED)
fanout739/Z                             0.200000    0.328679   -0.128679 (VIOLATED)
fanout1143/Z                            0.200000    0.327668   -0.127668 (VIOLATED)
fanout1101/Z                            0.200000    0.323633   -0.123633 (VIOLATED)
fanout1189/Z                            0.200000    0.317555   -0.117555 (VIOLATED)
fanout1255/Z                            0.200000    0.311484   -0.111484 (VIOLATED)
fanout1259/Z                            0.200000    0.310280   -0.110280 (VIOLATED)
fanout607/Z                             0.200000    0.307310   -0.107310 (VIOLATED)
fanout1097/Z                            0.200000    0.305273   -0.105273 (VIOLATED)
fanout1068/Z                            0.200000    0.303767   -0.103767 (VIOLATED)
fanout174/Z                             0.200000    0.303715   -0.103715 (VIOLATED)
fanout1138/Z                            0.200000    0.301973   -0.101973 (VIOLATED)
clkbuf_6_37_0_clk/Z                     0.200000    0.301913   -0.101913 (VIOLATED)
fanout1168/Z                            0.200000    0.299756   -0.099756 (VIOLATED)
fanout712/Z                             0.200000    0.295744   -0.095744 (VIOLATED)
fanout1197/Z                            0.200000    0.295717   -0.095717 (VIOLATED)
fanout1152/Z                            0.200000    0.295684   -0.095684 (VIOLATED)
fanout1351/Z                            0.200000    0.292724   -0.092724 (VIOLATED)
fanout240/Z                             0.200000    0.291820   -0.091821 (VIOLATED)
fanout1091/Z                            0.200000    0.291811   -0.091811 (VIOLATED)
fanout1177/Z                            0.200000    0.291346   -0.091346 (VIOLATED)
clkbuf_6_32_0_clk/Z                     0.200000    0.290925   -0.090925 (VIOLATED)
fanout1296/Z                            0.200000    0.290054   -0.090054 (VIOLATED)
fanout1086/Z                            0.200000    0.289661   -0.089661 (VIOLATED)
fanout1271/Z                            0.200000    0.287086   -0.087086 (VIOLATED)
fanout1281/Z                            0.200000    0.285718   -0.085718 (VIOLATED)
fanout1118/Z                            0.200000    0.285394   -0.085394 (VIOLATED)
max_cap1205/Z                           0.200000    0.285319   -0.085319 (VIOLATED)
fanout1291/Z                            0.200000    0.284437   -0.084437 (VIOLATED)
fanout1346/Z                            0.200000    0.283605   -0.083605 (VIOLATED)
fanout1181/Z                            0.200000    0.283258   -0.083258 (VIOLATED)
fanout1072/Z                            0.200000    0.283191   -0.083191 (VIOLATED)
fanout1207/Z                            0.200000    0.282921   -0.082921 (VIOLATED)
clkbuf_6_48_0_clk/Z                     0.200000    0.280992   -0.080992 (VIOLATED)
fanout1164/Z                            0.200000    0.280626   -0.080626 (VIOLATED)
fanout1190/Z                            0.200000    0.279793   -0.079793 (VIOLATED)
fanout1267/Z                            0.200000    0.279486   -0.079486 (VIOLATED)
fanout1114/Z                            0.200000    0.278969   -0.078969 (VIOLATED)
clkbuf_6_49_0_clk/Z                     0.200000    0.278946   -0.078946 (VIOLATED)
fanout1297/Z                            0.200000    0.277992   -0.077992 (VIOLATED)
fanout1251/Z                            0.200000    0.277904   -0.077904 (VIOLATED)
max_cap1141/Z                           0.200000    0.276495   -0.076495 (VIOLATED)
clkbuf_6_44_0_clk/Z                     0.200000    0.276459   -0.076459 (VIOLATED)
fanout1187/Z                            0.200000    0.276357   -0.076357 (VIOLATED)
fanout1064/Z                            0.200000    0.276284   -0.076284 (VIOLATED)
fanout1275/Z                            0.200000    0.275619   -0.075619 (VIOLATED)
max_cap1344/Z                           0.200000    0.274478   -0.074478 (VIOLATED)
_24792_/Q                               0.200000    0.273059   -0.073059 (VIOLATED)
fanout1249/Z                            0.200000    0.272195   -0.072195 (VIOLATED)
fanout1160/Z                            0.200000    0.272080   -0.072080 (VIOLATED)
clkbuf_6_47_0_clk/Z                     0.200000    0.272060   -0.072060 (VIOLATED)
fanout1132/Z                            0.200000    0.272049   -0.072049 (VIOLATED)
fanout1219/Z                            0.200000    0.271736   -0.071736 (VIOLATED)
clkbuf_6_53_0_clk/Z                     0.200000    0.271552   -0.071552 (VIOLATED)
fanout1279/Z                            0.200000    0.270888   -0.070888 (VIOLATED)
fanout878/Z                             0.200000    0.270827   -0.070827 (VIOLATED)
clkbuf_6_52_0_clk/Z                     0.200000    0.270149   -0.070149 (VIOLATED)
fanout1253/Z                            0.200000    0.269579   -0.069579 (VIOLATED)
fanout1227/Z                            0.200000    0.269461   -0.069461 (VIOLATED)
fanout1066/Z                            0.200000    0.269171   -0.069171 (VIOLATED)
fanout1119/Z                            0.200000    0.269078   -0.069078 (VIOLATED)
fanout1154/Z                            0.200000    0.268410   -0.068410 (VIOLATED)
fanout1290/Z                            0.200000    0.267343   -0.067343 (VIOLATED)
fanout1134/Z                            0.200000    0.266614   -0.066614 (VIOLATED)
fanout1185/Z                            0.200000    0.265659   -0.065659 (VIOLATED)
fanout1210/Z                            0.200000    0.265456   -0.065456 (VIOLATED)
wire1171/Z                              0.200000    0.265324   -0.065324 (VIOLATED)
fanout1497/Z                            0.200000    0.265179   -0.065179 (VIOLATED)
fanout1127/Z                            0.200000    0.264495   -0.064495 (VIOLATED)
clkbuf_6_58_0_clk/Z                     0.200000    0.264418   -0.064418 (VIOLATED)
fanout1200/Z                            0.200000    0.264326   -0.064326 (VIOLATED)
fanout1363/Z                            0.200000    0.263893   -0.063893 (VIOLATED)
max_cap1362/Z                           0.200000    0.263298   -0.063298 (VIOLATED)
max_cap1293/Z                           0.200000    0.263214   -0.063214 (VIOLATED)
max_cap1565/Z                           0.200000    0.262765   -0.062765 (VIOLATED)
fanout1092/Z                            0.200000    0.262403   -0.062403 (VIOLATED)
clkbuf_6_45_0_clk/Z                     0.200000    0.262129   -0.062129 (VIOLATED)
clkbuf_6_51_0_clk/Z                     0.200000    0.261654   -0.061654 (VIOLATED)
fanout1341/Z                            0.200000    0.261036   -0.061036 (VIOLATED)
fanout1247/Z                            0.200000    0.260940   -0.060940 (VIOLATED)
clkbuf_6_50_0_clk/Z                     0.200000    0.260815   -0.060815 (VIOLATED)
fanout644/Z                             0.200000    0.260457   -0.060457 (VIOLATED)
fanout1173/Z                            0.200000    0.260307   -0.060307 (VIOLATED)
fanout1257/Z                            0.200000    0.259476   -0.059476 (VIOLATED)
fanout1099/Z                            0.200000    0.259159   -0.059159 (VIOLATED)
fanout1150/Z                            0.200000    0.259152   -0.059152 (VIOLATED)
fanout224/Z                             0.200000    0.259100   -0.059100 (VIOLATED)
clkbuf_6_46_0_clk/Z                     0.200000    0.258936   -0.058936 (VIOLATED)
clkbuf_6_39_0_clk/Z                     0.200000    0.258631   -0.058631 (VIOLATED)
fanout927/Z                             0.200000    0.258188   -0.058188 (VIOLATED)
max_cap1146/Z                           0.200000    0.257962   -0.057962 (VIOLATED)
max_cap1340/Z                           0.200000    0.257855   -0.057855 (VIOLATED)
wire1583/Z                              0.200000    0.257745   -0.057745 (VIOLATED)
fanout1116/Z                            0.200000    0.257483   -0.057483 (VIOLATED)
fanout1136/Z                            0.200000    0.257356   -0.057356 (VIOLATED)
fanout1076/Z                            0.200000    0.257200   -0.057200 (VIOLATED)
fanout1285/Z                            0.200000    0.256907   -0.056907 (VIOLATED)
fanout1156/Z                            0.200000    0.256476   -0.056476 (VIOLATED)
fanout1195/Z                            0.200000    0.256111   -0.056111 (VIOLATED)
fanout1130/Z                            0.200000    0.256065   -0.056065 (VIOLATED)
clkbuf_6_54_0_clk/Z                     0.200000    0.256011   -0.056011 (VIOLATED)
fanout1084/Z                            0.200000    0.255863   -0.055863 (VIOLATED)
clkbuf_6_61_0_clk/Z                     0.200000    0.255608   -0.055608 (VIOLATED)
fanout1126/Z                            0.200000    0.255129   -0.055129 (VIOLATED)
fanout1109/Z                            0.200000    0.255115   -0.055115 (VIOLATED)
clkbuf_6_56_0_clk/Z                     0.200000    0.255023   -0.055023 (VIOLATED)
clkbuf_6_62_0_clk/Z                     0.200000    0.254857   -0.054857 (VIOLATED)
fanout1218/Z                            0.200000    0.254754   -0.054754 (VIOLATED)
fanout1283/Z                            0.200000    0.254291   -0.054291 (VIOLATED)
clkbuf_6_57_0_clk/Z                     0.200000    0.254053   -0.054053 (VIOLATED)
fanout1071/Z                            0.200000    0.253733   -0.053733 (VIOLATED)
fanout1245/Z                            0.200000    0.253472   -0.053472 (VIOLATED)
fanout633/Z                             0.200000    0.252937   -0.052937 (VIOLATED)
fanout1088/Z                            0.200000    0.252319   -0.052319 (VIOLATED)
fanout1299/Z                            0.200000    0.252288   -0.052288 (VIOLATED)
fanout1102/Z                            0.200000    0.251986   -0.051986 (VIOLATED)
clkbuf_6_36_0_clk/Z                     0.200000    0.250926   -0.050926 (VIOLATED)
fanout561/Z                             0.200000    0.250752   -0.050752 (VIOLATED)
fanout1300/Z                            0.200000    0.250364   -0.050364 (VIOLATED)
fanout1215/Z                            0.200000    0.250213   -0.050213 (VIOLATED)
fanout1352/Z                            0.200000    0.249989   -0.049989 (VIOLATED)
clkbuf_6_63_0_clk/Z                     0.200000    0.249706   -0.049706 (VIOLATED)
fanout925/Z                             0.200000    0.249068   -0.049068 (VIOLATED)
fanout1124/Z                            0.200000    0.248806   -0.048806 (VIOLATED)
fanout1129/Z                            0.200000    0.248395   -0.048395 (VIOLATED)
fanout1304/Z                            0.200000    0.248383   -0.048383 (VIOLATED)
clkbuf_6_59_0_clk/Z                     0.200000    0.248344   -0.048344 (VIOLATED)
fanout1241/Z                            0.200000    0.248268   -0.048268 (VIOLATED)
fanout1175/Z                            0.200000    0.248143   -0.048143 (VIOLATED)
fanout166/Z                             0.200000    0.248070   -0.048070 (VIOLATED)
wire1320/Z                              0.200000    0.247692   -0.047692 (VIOLATED)
fanout1243/Z                            0.200000    0.247607   -0.047607 (VIOLATED)
fanout1327/Z                            0.200000    0.247457   -0.047457 (VIOLATED)
fanout1211/Z                            0.200000    0.247426   -0.047426 (VIOLATED)
fanout670/Z                             0.200000    0.247377   -0.047377 (VIOLATED)
wire1573/Z                              0.200000    0.247011   -0.047011 (VIOLATED)
fanout1231/Z                            0.200000    0.246745   -0.046745 (VIOLATED)
max_cap1568/Z                           0.200000    0.245689   -0.045689 (VIOLATED)
fanout1239/Z                            0.200000    0.245675   -0.045675 (VIOLATED)
fanout1193/Z                            0.200000    0.245617   -0.045617 (VIOLATED)
fanout1439/Z                            0.200000    0.244415   -0.044415 (VIOLATED)
fanout258/Z                             0.200000    0.244076   -0.044076 (VIOLATED)
fanout1107/Z                            0.200000    0.244036   -0.044036 (VIOLATED)
fanout884/Z                             0.200000    0.243635   -0.043635 (VIOLATED)
fanout1237/Z                            0.200000    0.243624   -0.043624 (VIOLATED)
fanout1324/Z                            0.200000    0.242692   -0.042692 (VIOLATED)
fanout1287/Z                            0.200000    0.241823   -0.041823 (VIOLATED)
clkbuf_6_60_0_clk/Z                     0.200000    0.241752   -0.041752 (VIOLATED)
fanout1234/Z                            0.200000    0.241653   -0.041653 (VIOLATED)
fanout1213/Z                            0.200000    0.240920   -0.040920 (VIOLATED)
_15679_/ZN                              0.200000    0.240811   -0.040811 (VIOLATED)
fanout1235/Z                            0.200000    0.240357   -0.040357 (VIOLATED)
fanout1148/Z                            0.200000    0.240275   -0.040275 (VIOLATED)
fanout1354/Z                            0.200000    0.240122   -0.040122 (VIOLATED)
_15701_/ZN                              0.200000    0.240021   -0.040021 (VIOLATED)
clkbuf_6_38_0_clk/Z                     0.200000    0.239698   -0.039698 (VIOLATED)
fanout1277/Z                            0.200000    0.239648   -0.039648 (VIOLATED)
fanout266/Z                             0.200000    0.239625   -0.039625 (VIOLATED)
fanout1553/Z                            0.200000    0.239521   -0.039521 (VIOLATED)
max_cap308/Z                            0.200000    0.239485   -0.039485 (VIOLATED)
fanout1163/Z                            0.200000    0.239135   -0.039135 (VIOLATED)
clkbuf_6_55_0_clk/Z                     0.200000    0.238727   -0.038727 (VIOLATED)
fanout814/Z                             0.200000    0.238499   -0.038499 (VIOLATED)
clkbuf_6_40_0_clk/Z                     0.200000    0.237326   -0.037326 (VIOLATED)
fanout1330/Z                            0.200000    0.237202   -0.037202 (VIOLATED)
fanout848/Z                             0.200000    0.236714   -0.036714 (VIOLATED)
max_cap1578/Z                           0.200000    0.236662   -0.036662 (VIOLATED)
fanout1183/Z                            0.200000    0.236382   -0.036382 (VIOLATED)
fanout544/Z                             0.200000    0.236260   -0.036260 (VIOLATED)
fanout1167/Z                            0.200000    0.236202   -0.036202 (VIOLATED)
fanout906/Z                             0.200000    0.235896   -0.035896 (VIOLATED)
fanout1261/Z                            0.200000    0.235644   -0.035644 (VIOLATED)
clkbuf_6_27_0_clk/Z                     0.200000    0.235316   -0.035316 (VIOLATED)
fanout1360/Z                            0.200000    0.234380   -0.034380 (VIOLATED)
fanout1080/Z                            0.200000    0.234304   -0.034304 (VIOLATED)
_15665_/ZN                              0.200000    0.233475   -0.033475 (VIOLATED)
fanout1359/Z                            0.200000    0.233199   -0.033199 (VIOLATED)
fanout1078/Z                            0.200000    0.232299   -0.032299 (VIOLATED)
clkbuf_6_42_0_clk/Z                     0.200000    0.232110   -0.032110 (VIOLATED)
fanout1269/Z                            0.200000    0.231608   -0.031608 (VIOLATED)
fanout1104/Z                            0.200000    0.230924   -0.030924 (VIOLATED)
fanout1158/Z                            0.200000    0.230742   -0.030742 (VIOLATED)
fanout1273/Z                            0.200000    0.230702   -0.030702 (VIOLATED)
_15080_/ZN                              0.200000    0.230588   -0.030588 (VIOLATED)
fanout1110/Z                            0.200000    0.230522   -0.030522 (VIOLATED)
_15680_/ZN                              0.200000    0.230517   -0.030517 (VIOLATED)
fanout1328/Z                            0.200000    0.230372   -0.030372 (VIOLATED)
fanout1082/Z                            0.200000    0.229936   -0.029936 (VIOLATED)
fanout1192/Z                            0.200000    0.229753   -0.029753 (VIOLATED)
_15645_/ZN                              0.200000    0.229491   -0.029491 (VIOLATED)
fanout1122/Z                            0.200000    0.227658   -0.027658 (VIOLATED)
clkbuf_0_clk/Z                          0.200000    0.227073   -0.027073 (VIOLATED)
_15707_/ZN                              0.200000    0.226878   -0.026878 (VIOLATED)
fanout1179/Z                            0.200000    0.226659   -0.026659 (VIOLATED)
fanout269/Z                             0.200000    0.226076   -0.026076 (VIOLATED)
fanout1105/Z                            0.200000    0.226062   -0.026062 (VIOLATED)
fanout665/Z                             0.200000    0.226001   -0.026001 (VIOLATED)
clkbuf_6_43_0_clk/Z                     0.200000    0.225439   -0.025439 (VIOLATED)
fanout664/Z                             0.200000    0.225354   -0.025354 (VIOLATED)
fanout1437/Z                            0.200000    0.224931   -0.024931 (VIOLATED)
fanout1085/Z                            0.200000    0.224705   -0.024705 (VIOLATED)
fanout1229/Z                            0.200000    0.224444   -0.024444 (VIOLATED)
fanout615/Z                             0.200000    0.224242   -0.024242 (VIOLATED)
clkbuf_6_41_0_clk/Z                     0.200000    0.224061   -0.024061 (VIOLATED)
fanout967/Z                             0.200000    0.223955   -0.023955 (VIOLATED)
fanout1436/Z                            0.200000    0.223688   -0.023689 (VIOLATED)
fanout895/Z                             0.200000    0.223671   -0.023671 (VIOLATED)
fanout1333/Z                            0.200000    0.223242   -0.023242 (VIOLATED)
fanout1208/Z                            0.200000    0.222955   -0.022955 (VIOLATED)
fanout1560/Z                            0.200000    0.222671   -0.022671 (VIOLATED)
_15689_/ZN                              0.200000    0.222389   -0.022389 (VIOLATED)
fanout328/Z                             0.200000    0.222020   -0.022020 (VIOLATED)
fanout1203/Z                            0.200000    0.221279   -0.021279 (VIOLATED)
fanout859/Z                             0.200000    0.220705   -0.020705 (VIOLATED)
fanout838/Z                             0.200000    0.220635   -0.020635 (VIOLATED)
max_cap1202/Z                           0.200000    0.219658   -0.019658 (VIOLATED)
fanout1284/Z                            0.200000    0.219528   -0.019528 (VIOLATED)
fanout657/Z                             0.200000    0.219224   -0.019224 (VIOLATED)
fanout1069/Z                            0.200000    0.219060   -0.019060 (VIOLATED)
_13296_/ZN                              0.200000    0.218991   -0.018991 (VIOLATED)
fanout667/Z                             0.200000    0.218795   -0.018795 (VIOLATED)
fanout1555/Z                            0.200000    0.218588   -0.018588 (VIOLATED)
_15647_/ZN                              0.200000    0.217942   -0.017942 (VIOLATED)
fanout1298/Z                            0.200000    0.217767   -0.017767 (VIOLATED)
fanout853/Z                             0.200000    0.217622   -0.017622 (VIOLATED)
max_cap1326/Z                           0.200000    0.217479   -0.017479 (VIOLATED)
fanout975/Z                             0.200000    0.217361   -0.017361 (VIOLATED)
fanout930/Z                             0.200000    0.216865   -0.016865 (VIOLATED)
_15639_/ZN                              0.200000    0.216807   -0.016807 (VIOLATED)
_15688_/ZN                              0.200000    0.216739   -0.016739 (VIOLATED)
fanout1345/Z                            0.200000    0.216736   -0.016736 (VIOLATED)
fanout904/Z                             0.200000    0.216552   -0.016552 (VIOLATED)
_15657_/ZN                              0.200000    0.216551   -0.016551 (VIOLATED)
fanout767/Z                             0.200000    0.216534   -0.016534 (VIOLATED)
fanout92/Z                              0.200000    0.216512   -0.016512 (VIOLATED)
fanout1750/Z                            0.200000    0.216405   -0.016405 (VIOLATED)
max_cap1441/Z                           0.200000    0.216005   -0.016005 (VIOLATED)
fanout1223/Z                            0.200000    0.215695   -0.015695 (VIOLATED)
fanout1303/Z                            0.200000    0.214958   -0.014958 (VIOLATED)
fanout1295/Z                            0.200000    0.214171   -0.014171 (VIOLATED)
fanout1438/Z                            0.200000    0.213808   -0.013808 (VIOLATED)
clkbuf_6_35_0_clk/Z                     0.200000    0.213533   -0.013533 (VIOLATED)
fanout1676/Z                            0.200000    0.213509   -0.013509 (VIOLATED)
clkbuf_6_33_0_clk/Z                     0.200000    0.213419   -0.013419 (VIOLATED)
fanout1268/Z                            0.200000    0.213408   -0.013408 (VIOLATED)
fanout1459/Z                            0.200000    0.213321   -0.013321 (VIOLATED)
fanout1263/Z                            0.200000    0.213262   -0.013262 (VIOLATED)
fanout1288/Z                            0.200000    0.213119   -0.013119 (VIOLATED)
fanout851/Z                             0.200000    0.213022   -0.013022 (VIOLATED)
_22730_/ZN                              0.200000    0.212396   -0.012396 (VIOLATED)
fanout721/Z                             0.200000    0.212374   -0.012374 (VIOLATED)
fanout1221/Z                            0.200000    0.212234   -0.012234 (VIOLATED)
fanout610/Z                             0.200000    0.211592   -0.011592 (VIOLATED)
fanout177/Z                             0.200000    0.211422   -0.011422 (VIOLATED)
fanout867/Z                             0.200000    0.211251   -0.011251 (VIOLATED)
fanout849/Z                             0.200000    0.210900   -0.010899 (VIOLATED)
fanout870/Z                             0.200000    0.210833   -0.010833 (VIOLATED)
fanout871/Z                             0.200000    0.210828   -0.010828 (VIOLATED)
fanout134/Z                             0.200000    0.210477   -0.010477 (VIOLATED)
fanout869/Z                             0.200000    0.209200   -0.009200 (VIOLATED)
fanout1278/Z                            0.200000    0.208728   -0.008728 (VIOLATED)
fanout1558/Z                            0.200000    0.208621   -0.008621 (VIOLATED)
fanout1331/Z                            0.200000    0.208573   -0.008573 (VIOLATED)
fanout1562/Z                            0.200000    0.208100   -0.008100 (VIOLATED)
clkbuf_6_15_0_clk/Z                     0.200000    0.207809   -0.007809 (VIOLATED)
fanout751/Z                             0.200000    0.207643   -0.007643 (VIOLATED)
fanout121/Z                             0.200000    0.207459   -0.007459 (VIOLATED)
clkbuf_6_28_0_clk/Z                     0.200000    0.207457   -0.007457 (VIOLATED)
fanout1217/Z                            0.200000    0.207433   -0.007433 (VIOLATED)
fanout797/Z                             0.200000    0.207373   -0.007373 (VIOLATED)
fanout926/Z                             0.200000    0.207149   -0.007149 (VIOLATED)
fanout576/Z                             0.200000    0.206851   -0.006851 (VIOLATED)
clkbuf_6_26_0_clk/Z                     0.200000    0.206709   -0.006709 (VIOLATED)
fanout319/Z                             0.200000    0.206699   -0.006699 (VIOLATED)
clkbuf_6_10_0_clk/Z                     0.200000    0.206662   -0.006662 (VIOLATED)
fanout349/Z                             0.200000    0.206561   -0.006561 (VIOLATED)
fanout1440/Z                            0.200000    0.206016   -0.006016 (VIOLATED)
fanout1233/Z                            0.200000    0.206014   -0.006014 (VIOLATED)
fanout722/Z                             0.200000    0.205488   -0.005488 (VIOLATED)
fanout960/Z                             0.200000    0.205088   -0.005088 (VIOLATED)
clkbuf_6_31_0_clk/Z                     0.200000    0.204894   -0.004894 (VIOLATED)
fanout556/Z                             0.200000    0.204819   -0.004819 (VIOLATED)
fanout857/Z                             0.200000    0.204678   -0.004678 (VIOLATED)
clkbuf_6_34_0_clk/Z                     0.200000    0.204646   -0.004646 (VIOLATED)
_15677_/ZN                              0.200000    0.204582   -0.004582 (VIOLATED)
fanout978/Z                             0.200000    0.204235   -0.004235 (VIOLATED)
_20051_/ZN                              0.200000    0.204224   -0.004224 (VIOLATED)
max_cap966/Z                            0.200000    0.203903   -0.003903 (VIOLATED)
fanout1169/Z                            0.200000    0.203772   -0.003772 (VIOLATED)
fanout730/Z                             0.200000    0.203666   -0.003666 (VIOLATED)
fanout946/Z                             0.200000    0.203539   -0.003539 (VIOLATED)
_23771_/ZN                              0.200000    0.203474   -0.003474 (VIOLATED)
fanout1347/Z                            0.200000    0.203114   -0.003114 (VIOLATED)
fanout1157/Z                            0.200000    0.202968   -0.002968 (VIOLATED)
clkbuf_6_16_0_clk/Z                     0.200000    0.202931   -0.002931 (VIOLATED)
fanout1161/Z                            0.200000    0.202646   -0.002646 (VIOLATED)
fanout1162/Z                            0.200000    0.202605   -0.002605 (VIOLATED)
fanout954/Z                             0.200000    0.202542   -0.002542 (VIOLATED)
fanout1741/Z                            0.200000    0.202506   -0.002506 (VIOLATED)
fanout970/Z                             0.200000    0.202364   -0.002364 (VIOLATED)
clkbuf_6_14_0_clk/Z                     0.200000    0.201690   -0.001690 (VIOLATED)
fanout852/Z                             0.200000    0.201649   -0.001649 (VIOLATED)
fanout303/Z                             0.200000    0.201558   -0.001558 (VIOLATED)
fanout129/Z                             0.200000    0.201328   -0.001328 (VIOLATED)
_15699_/ZN                              0.200000    0.200963   -0.000963 (VIOLATED)
fanout1050/Z                            0.200000    0.200857   -0.000857 (VIOLATED)
fanout1198/Z                            0.200000    0.200844   -0.000844 (VIOLATED)
clkbuf_6_25_0_clk/Z                     0.200000    0.200833   -0.000833 (VIOLATED)
fanout145/Z                             0.200000    0.200418   -0.000418 (VIOLATED)
fanout1087/Z                            0.200000    0.200327   -0.000327 (VIOLATED)
fanout219/Z                             0.200000    0.200060   -0.000060 (VIOLATED)
_22080_/ZN                              0.200000    0.200010   -0.000010 (VIOLATED)



===========================================================================
report_parasitic_annotation -report_unannotated
============================================================================
Found 609 unannotated drivers.
 _27612_/Z
 clkload0/ZN
 clkload1/ZN
 clkload10/ZN
 clkload100/Z
 clkload101/ZN
 clkload102/ZN
 clkload103/ZN
 clkload104/ZN
 clkload105/ZN
 clkload106/ZN
 clkload107/ZN
 clkload108/ZN
 clkload109/ZN
 clkload11/ZN
 clkload110/ZN
 clkload111/ZN
 clkload112/ZN
 clkload113/ZN
 clkload114/ZN
 clkload115/Z
 clkload116/Z
 clkload117/Z
 clkload118/Z
 clkload119/Z
 clkload12/ZN
 clkload120/Z
 clkload121/Z
 clkload122/Z
 clkload123/ZN
 clkload124/ZN
 clkload125/ZN
 clkload126/ZN
 clkload127/ZN
 clkload128/ZN
 clkload129/ZN
 clkload13/ZN
 clkload130/Z
 clkload131/Z
 clkload132/Z
 clkload133/Z
 clkload134/Z
 clkload135/Z
 clkload136/Z
 clkload137/Z
 clkload138/Z
 clkload139/Z
 clkload14/ZN
 clkload140/ZN
 clkload141/ZN
 clkload142/ZN
 clkload143/Z
 clkload144/ZN
 clkload145/Z
 clkload146/ZN
 clkload147/ZN
 clkload148/Z
 clkload149/ZN
 clkload15/ZN
 clkload150/ZN
 clkload151/ZN
 clkload152/ZN
 clkload153/ZN
 clkload154/ZN
 clkload155/ZN
 clkload156/Z
 clkload157/ZN
 clkload158/ZN
 clkload159/ZN
 clkload16/ZN
 clkload160/ZN
 clkload161/Z
 clkload162/Z
 clkload163/Z
 clkload164/Z
 clkload165/ZN
 clkload166/ZN
 clkload167/Z
 clkload168/ZN
 clkload169/ZN
 clkload17/ZN
 clkload170/ZN
 clkload171/ZN
 clkload172/ZN
 clkload173/Z
 clkload174/ZN
 clkload175/ZN
 clkload176/ZN
 clkload177/Z
 clkload178/ZN
 clkload179/Z
 clkload18/ZN
 clkload180/ZN
 clkload181/ZN
 clkload182/ZN
 clkload183/Z
 clkload184/Z
 clkload185/Z
 clkload186/Z
 clkload187/Z
 clkload188/Z
 clkload189/ZN
 clkload19/ZN
 clkload190/ZN
 clkload191/ZN
 clkload192/Z
 clkload193/ZN
 clkload194/ZN
 clkload195/ZN
 clkload196/Z
 clkload197/Z
 clkload198/Z
 clkload199/Z
 clkload2/ZN
 clkload20/ZN
 clkload200/Z
 clkload201/ZN
 clkload202/Z
 clkload203/Z
 clkload204/Z
 clkload205/ZN
 clkload206/Z
 clkload207/ZN
 clkload208/ZN
 clkload209/Z
 clkload21/ZN
 clkload210/ZN
 clkload211/ZN
 clkload212/ZN
 clkload213/ZN
 clkload214/ZN
 clkload215/Z
 clkload216/Z
 clkload217/ZN
 clkload218/ZN
 clkload219/Z
 clkload22/ZN
 clkload220/Z
 clkload221/ZN
 clkload222/ZN
 clkload223/ZN
 clkload224/ZN
 clkload225/Z
 clkload226/ZN
 clkload227/Z
 clkload228/ZN
 clkload229/ZN
 clkload23/ZN
 clkload230/Z
 clkload231/Z
 clkload232/ZN
 clkload233/ZN
 clkload234/ZN
 clkload235/ZN
 clkload236/Z
 clkload237/ZN
 clkload238/ZN
 clkload239/ZN
 clkload24/ZN
 clkload240/ZN
 clkload241/ZN
 clkload242/Z
 clkload243/Z
 clkload244/Z
 clkload245/ZN
 clkload246/ZN
 clkload247/ZN
 clkload248/ZN
 clkload249/ZN
 clkload25/ZN
 clkload250/Z
 clkload251/ZN
 clkload252/Z
 clkload253/ZN
 clkload254/ZN
 clkload255/Z
 clkload256/Z
 clkload257/Z
 clkload258/Z
 clkload259/ZN
 clkload26/Z
 clkload260/Z
 clkload261/ZN
 clkload262/ZN
 clkload263/Z
 clkload264/ZN
 clkload265/Z
 clkload266/Z
 clkload267/Z
 clkload268/ZN
 clkload269/ZN
 clkload27/ZN
 clkload270/Z
 clkload271/Z
 clkload272/ZN
 clkload273/ZN
 clkload274/ZN
 clkload275/ZN
 clkload276/ZN
 clkload277/ZN
 clkload278/ZN
 clkload279/ZN
 clkload28/ZN
 clkload280/ZN
 clkload281/Z
 clkload282/ZN
 clkload283/ZN
 clkload284/Z
 clkload285/ZN
 clkload286/ZN
 clkload287/ZN
 clkload288/ZN
 clkload289/Z
 clkload29/ZN
 clkload290/Z
 clkload291/ZN
 clkload292/Z
 clkload293/Z
 clkload294/Z
 clkload295/Z
 clkload296/Z
 clkload297/ZN
 clkload298/Z
 clkload299/Z
 clkload3/ZN
 clkload30/ZN
 clkload300/Z
 clkload301/ZN
 clkload302/Z
 clkload303/Z
 clkload304/Z
 clkload305/Z
 clkload306/Z
 clkload307/Z
 clkload308/Z
 clkload309/ZN
 clkload31/ZN
 clkload310/ZN
 clkload311/ZN
 clkload312/Z
 clkload313/Z
 clkload314/Z
 clkload315/ZN
 clkload316/Z
 clkload317/ZN
 clkload318/ZN
 clkload319/ZN
 clkload32/ZN
 clkload320/Z
 clkload321/Z
 clkload322/Z
 clkload323/Z
 clkload324/ZN
 clkload325/Z
 clkload326/Z
 clkload327/Z
 clkload328/Z
 clkload329/Z
 clkload33/ZN
 clkload330/Z
 clkload331/ZN
 clkload332/Z
 clkload333/Z
 clkload334/Z
 clkload335/Z
 clkload336/ZN
 clkload337/ZN
 clkload338/ZN
 clkload339/Z
 clkload34/ZN
 clkload340/Z
 clkload341/ZN
 clkload342/Z
 clkload343/ZN
 clkload344/Z
 clkload345/Z
 clkload346/Z
 clkload347/Z
 clkload348/ZN
 clkload349/ZN
 clkload35/ZN
 clkload350/ZN
 clkload351/ZN
 clkload352/Z
 clkload353/ZN
 clkload354/Z
 clkload355/Z
 clkload356/Z
 clkload357/Z
 clkload358/ZN
 clkload359/Z
 clkload36/ZN
 clkload360/Z
 clkload361/ZN
 clkload362/Z
 clkload363/ZN
 clkload364/Z
 clkload365/Z
 clkload366/Z
 clkload367/Z
 clkload368/ZN
 clkload369/Z
 clkload37/ZN
 clkload370/ZN
 clkload371/ZN
 clkload372/ZN
 clkload373/ZN
 clkload374/ZN
 clkload375/ZN
 clkload376/Z
 clkload377/ZN
 clkload378/Z
 clkload379/ZN
 clkload38/ZN
 clkload380/ZN
 clkload381/ZN
 clkload382/ZN
 clkload383/ZN
 clkload384/ZN
 clkload385/Z
 clkload386/ZN
 clkload387/Z
 clkload388/ZN
 clkload389/ZN
 clkload39/ZN
 clkload390/Z
 clkload391/Z
 clkload392/ZN
 clkload393/ZN
 clkload394/ZN
 clkload395/ZN
 clkload396/ZN
 clkload397/Z
 clkload398/Z
 clkload399/Z
 clkload4/ZN
 clkload40/ZN
 clkload400/Z
 clkload401/Z
 clkload402/ZN
 clkload403/ZN
 clkload404/ZN
 clkload405/Z
 clkload406/ZN
 clkload407/Z
 clkload408/Z
 clkload409/ZN
 clkload41/ZN
 clkload410/Z
 clkload411/Z
 clkload412/ZN
 clkload413/Z
 clkload414/ZN
 clkload415/ZN
 clkload416/Z
 clkload417/ZN
 clkload418/ZN
 clkload419/ZN
 clkload42/ZN
 clkload420/ZN
 clkload421/ZN
 clkload422/ZN
 clkload423/ZN
 clkload424/Z
 clkload425/ZN
 clkload426/ZN
 clkload427/ZN
 clkload428/ZN
 clkload429/ZN
 clkload43/ZN
 clkload430/Z
 clkload431/Z
 clkload432/Z
 clkload433/ZN
 clkload434/ZN
 clkload435/ZN
 clkload436/ZN
 clkload437/ZN
 clkload438/ZN
 clkload439/ZN
 clkload44/Z
 clkload440/ZN
 clkload441/ZN
 clkload442/ZN
 clkload443/Z
 clkload444/ZN
 clkload445/Z
 clkload446/Z
 clkload447/ZN
 clkload448/Z
 clkload449/Z
 clkload45/ZN
 clkload450/ZN
 clkload451/Z
 clkload452/Z
 clkload453/Z
 clkload454/Z
 clkload455/Z
 clkload456/Z
 clkload457/ZN
 clkload458/Z
 clkload459/Z
 clkload46/ZN
 clkload460/Z
 clkload461/Z
 clkload462/ZN
 clkload463/ZN
 clkload464/ZN
 clkload465/Z
 clkload466/Z
 clkload467/Z
 clkload468/Z
 clkload469/Z
 clkload47/Z
 clkload470/ZN
 clkload471/Z
 clkload472/Z
 clkload473/ZN
 clkload474/Z
 clkload475/Z
 clkload476/ZN
 clkload477/ZN
 clkload478/ZN
 clkload479/Z
 clkload48/ZN
 clkload480/ZN
 clkload481/ZN
 clkload482/Z
 clkload483/ZN
 clkload484/ZN
 clkload485/ZN
 clkload486/ZN
 clkload487/ZN
 clkload488/ZN
 clkload489/Z
 clkload49/ZN
 clkload490/Z
 clkload491/Z
 clkload492/ZN
 clkload493/ZN
 clkload494/Z
 clkload495/Z
 clkload496/Z
 clkload497/ZN
 clkload498/Z
 clkload499/ZN
 clkload5/ZN
 clkload50/ZN
 clkload500/Z
 clkload501/Z
 clkload502/ZN
 clkload503/Z
 clkload504/ZN
 clkload505/Z
 clkload506/ZN
 clkload507/Z
 clkload508/ZN
 clkload509/Z
 clkload51/ZN
 clkload510/Z
 clkload511/ZN
 clkload512/Z
 clkload513/ZN
 clkload514/Z
 clkload515/Z
 clkload516/ZN
 clkload517/Z
 clkload518/ZN
 clkload519/Z
 clkload52/ZN
 clkload520/Z
 clkload521/Z
 clkload522/Z
 clkload523/Z
 clkload524/ZN
 clkload525/Z
 clkload526/ZN
 clkload527/ZN
 clkload528/ZN
 clkload529/Z
 clkload53/ZN
 clkload530/Z
 clkload531/ZN
 clkload532/Z
 clkload533/Z
 clkload534/Z
 clkload535/Z
 clkload536/Z
 clkload537/Z
 clkload538/ZN
 clkload539/Z
 clkload54/ZN
 clkload540/ZN
 clkload541/ZN
 clkload542/ZN
 clkload543/Z
 clkload544/Z
 clkload545/ZN
 clkload546/Z
 clkload547/ZN
 clkload548/ZN
 clkload549/Z
 clkload55/ZN
 clkload550/ZN
 clkload551/ZN
 clkload552/ZN
 clkload553/Z
 clkload554/ZN
 clkload555/Z
 clkload556/Z
 clkload557/Z
 clkload558/Z
 clkload559/Z
 clkload56/ZN
 clkload560/Z
 clkload561/Z
 clkload562/Z
 clkload563/ZN
 clkload564/ZN
 clkload565/ZN
 clkload566/ZN
 clkload567/ZN
 clkload568/Z
 clkload569/ZN
 clkload57/ZN
 clkload570/ZN
 clkload571/Z
 clkload572/Z
 clkload573/Z
 clkload574/ZN
 clkload575/Z
 clkload576/ZN
 clkload577/ZN
 clkload578/ZN
 clkload579/Z
 clkload58/ZN
 clkload580/ZN
 clkload581/ZN
 clkload582/Z
 clkload583/Z
 clkload584/ZN
 clkload585/ZN
 clkload586/ZN
 clkload587/ZN
 clkload588/ZN
 clkload589/ZN
 clkload59/Z
 clkload590/ZN
 clkload591/ZN
 clkload592/ZN
 clkload593/Z
 clkload594/ZN
 clkload595/Z
 clkload596/ZN
 clkload597/ZN
 clkload598/Z
 clkload599/ZN
 clkload6/ZN
 clkload60/ZN
 clkload600/ZN
 clkload601/ZN
 clkload602/Z
 clkload603/ZN
 clkload604/ZN
 clkload605/ZN
 clkload606/ZN
 clkload607/Z
 clkload61/ZN
 clkload62/ZN
 clkload63/ZN
 clkload64/ZN
 clkload65/Z
 clkload66/Z
 clkload67/Z
 clkload68/ZN
 clkload69/ZN
 clkload7/ZN
 clkload70/Z
 clkload71/ZN
 clkload72/Z
 clkload73/Z
 clkload74/ZN
 clkload75/ZN
 clkload76/Z
 clkload77/Z
 clkload78/Z
 clkload79/Z
 clkload8/ZN
 clkload80/Z
 clkload81/ZN
 clkload82/ZN
 clkload83/ZN
 clkload84/ZN
 clkload85/Z
 clkload86/ZN
 clkload87/Z
 clkload88/ZN
 clkload89/ZN
 clkload9/ZN
 clkload90/ZN
 clkload91/ZN
 clkload92/ZN
 clkload93/Z
 clkload94/Z
 clkload95/ZN
 clkload96/ZN
 clkload97/ZN
 clkload98/ZN
 clkload99/Z
Found 0 partially unannotated drivers.

===========================================================================
max slew violation count 11
max fanout violation count 40
max cap violation count 316
============================================================================

===========================================================================
check_setup -verbose -unconstrained_endpoints -multiple_clock -no_clock -no_input_delay -loops -generated_clocks
===========================================================================
Warning: There are 18 unconstrained endpoints.
  clk_PD
  clk_PU
  cs_n_PD
  cs_n_PU
  miso_CS
  miso_IE
  miso_OE
  miso_PD
  miso_PDRV0
  miso_PDRV1
  miso_PU
  miso_SL
  mosi_PD
  mosi_PU
  rst_PD
  rst_PU
  sclk_PD
  sclk_PU
