
===========================================================================
Violator List
============================================================================
[setup reg-reg] _25075_/Q -> _24856_/D : -3.910831
[setup reg-reg] _25075_/Q -> _25356_/D : -3.582816
[setup reg-reg] _25087_/Q -> _24857_/D : -3.555805
[setup reg-reg] _25075_/Q -> _24815_/D : -3.467426
[setup reg-reg] _25087_/Q -> _25338_/D : -3.399364
[setup reg-reg] _25087_/Q -> _25178_/D : -3.356792
[setup reg-reg] _25075_/Q -> _26533_/D : -3.313380
[setup reg-reg] _25075_/Q -> _26501_/D : -3.308563
[setup reg-reg] _25075_/Q -> _27461_/D : -3.298240
[setup reg-reg] _25075_/Q -> _26949_/D : -3.292881
[setup reg-reg] _25075_/Q -> _27269_/D : -3.283061
[setup reg-reg] _25075_/Q -> _27301_/D : -3.281336
[setup reg-reg] _25075_/Q -> _26341_/D : -3.279226
[setup reg-reg] _25075_/Q -> _26981_/D : -3.279070
[setup reg-reg] _25075_/Q -> _26181_/D : -3.264965
[setup reg-reg] _25075_/Q -> _25765_/D : -3.255241
[setup reg-reg] _25075_/Q -> _26053_/D : -3.250230
[setup reg-reg] _25087_/Q -> _24852_/D : -3.249722
[setup reg-reg] _25075_/Q -> _27237_/D : -3.247145
[setup reg-reg] _25075_/Q -> _26245_/D : -3.245992
[setup reg-reg] _25075_/Q -> _26789_/D : -3.245349
[setup reg-reg] _25075_/Q -> _26469_/D : -3.242880
[setup reg-reg] _25075_/Q -> _25829_/D : -3.242677
[setup reg-reg] _25075_/Q -> _26437_/D : -3.239247
[setup reg-reg] _25075_/Q -> _26149_/D : -3.237787
[setup reg-reg] _25075_/Q -> _26373_/D : -3.235771
[setup reg-reg] _25075_/Q -> _26117_/D : -3.235677
[setup reg-reg] _25075_/Q -> _27333_/D : -3.233922
[setup reg-reg] _25075_/Q -> _25573_/D : -3.232593
[setup reg-reg] _25075_/Q -> _27365_/D : -3.226724
[setup reg-reg] _25075_/Q -> _25989_/D : -3.205392
[setup reg-reg] _25087_/Q -> _25227_/D : -3.187637
[setup reg-reg] _25087_/Q -> _24816_/D : -3.178347
[setup reg-reg] _25075_/Q -> _27109_/D : -3.174808
[setup reg-reg] _25087_/Q -> _25203_/D : -3.174545
[setup reg-reg] _25087_/Q -> _25274_/D : -3.173723
[setup reg-reg] _25087_/Q -> _25163_/D : -3.110294
[setup reg-reg] _25075_/Q -> _26595_/D : -3.107386
[setup reg-reg] _25075_/Q -> _25667_/D : -3.095375
[setup reg-reg] _25087_/Q -> _25195_/D : -3.094296
[setup reg-reg] _25075_/Q -> _26851_/D : -3.088745
[setup reg-reg] _25075_/Q -> _26243_/D : -3.082731
[setup reg-reg] _25087_/Q -> _25210_/D : -3.081595
[setup reg-reg] _25075_/Q -> _25347_/D : -3.075012
[setup reg-reg] _25075_/Q -> _25891_/D : -3.071129
[setup reg-reg] _25075_/Q -> _26947_/D : -3.068426
[setup reg-reg] _25075_/Q -> _25344_/D : -3.060635
[setup reg-reg] _25087_/Q -> _25355_/D : -3.037897
[setup reg-reg] _25075_/Q -> _27331_/D : -3.034105
[setup reg-reg] _25087_/Q -> _25146_/D : -3.027770
[setup reg-reg] _25087_/Q -> _25342_/D : -3.023601
[setup reg-reg] _25075_/Q -> _27075_/D : -3.013865
[setup reg-reg] _25075_/Q -> _25343_/D : -3.012302
[setup reg-reg] _25075_/Q -> _25603_/D : -3.010763
[setup reg-reg] _25087_/Q -> _25183_/D : -2.985569
[setup reg-reg] _25087_/Q -> _25045_/D : -2.973684
[setup reg-reg] _25087_/Q -> _24811_/D : -2.942557
[setup reg-reg] _25075_/Q -> _25063_/D : -2.936789
[setup reg-reg] _25075_/Q -> _26531_/D : -2.933584
[setup reg-reg] _25087_/Q -> _25168_/D : -2.933346
[setup reg-reg] _25087_/Q -> _25062_/D : -2.924381
[setup reg-reg] _25087_/Q -> _25187_/D : -2.890726
[setup reg-reg] _25087_/Q -> _25190_/D : -2.888973
[setup reg-reg] _25087_/Q -> _25199_/D : -2.875124
[setup reg-reg] _25087_/Q -> _26815_/D : -2.866926
[setup reg-reg] _25087_/Q -> _25180_/D : -2.864129
[setup reg-reg] _25087_/Q -> _25235_/D : -2.860912
[setup reg-reg] _25087_/Q -> _26751_/D : -2.853735
[setup reg-reg] _25087_/Q -> _27295_/D : -2.853462
[setup reg-reg] _25087_/Q -> _27167_/D : -2.853405
[setup reg-reg] _25087_/Q -> _26655_/D : -2.845397
[setup reg-reg] _25087_/Q -> _25291_/D : -2.842807
[setup reg-reg] _25087_/Q -> _25184_/D : -2.842361
[setup reg-reg] _25087_/Q -> _27567_/D : -2.840846
[setup reg-reg] _25087_/Q -> _26879_/D : -2.827081
[setup reg-reg] _25087_/Q -> _27103_/D : -2.822112
[setup reg-reg] _25087_/Q -> _25188_/D : -2.815248
[setup reg-reg] _25087_/Q -> _26719_/D : -2.803429
[setup reg-reg] _25087_/Q -> _25951_/D : -2.776505
[setup reg-reg] _25087_/Q -> _25198_/D : -2.730930
[setup reg-reg] _25087_/Q -> _25194_/D : -2.713437
[setup reg-reg] _25087_/Q -> _25070_/D : -2.707806
[setup reg-reg] _25087_/Q -> _25232_/D : -2.704942
[setup reg-reg] _25087_/Q -> _25058_/D : -2.694090
[setup reg-reg] _25075_/Q -> _25279_/D : -2.685521
[setup reg-reg] _25087_/Q -> _25173_/D : -2.667246
[setup reg-reg] _25087_/Q -> _25182_/D : -2.657913
[setup reg-reg] _25087_/Q -> _25162_/D : -2.646299
[setup reg-reg] _25075_/Q -> _25222_/D : -2.641276
[setup reg-reg] _25075_/Q -> _25350_/D : -2.638553
[setup reg-reg] _25087_/Q -> _25179_/D : -2.604424
[setup reg-reg] _25087_/Q -> _25035_/D : -2.600876
[setup reg-reg] _25075_/Q -> _25351_/D : -2.594282
[setup reg-reg] _25075_/Q -> _26733_/D : -2.577508
[setup reg-reg] _25075_/Q -> _26829_/D : -2.575977
[setup reg-reg] _25087_/Q -> _25171_/D : -2.567584
[setup reg-reg] _25075_/Q -> _27581_/D : -2.567307
[setup reg-reg] _25087_/Q -> _25223_/D : -2.562411
[setup reg-reg] _25087_/Q -> _25299_/D : -2.560942
[setup reg-reg] _25087_/Q -> _25363_/D : -2.558565
[setup reg-reg] _25075_/Q -> _25709_/D : -2.555254
[setup reg-reg] _25075_/Q -> _25773_/D : -2.553636
[setup reg-reg] _25075_/Q -> _26029_/D : -2.539887
[setup reg-reg] _25087_/Q -> _25055_/D : -2.539880
[setup reg-reg] _25075_/Q -> _26893_/D : -2.533525
[setup reg-reg] _25075_/Q -> _25283_/D : -2.516885
[setup reg-reg] _25087_/Q -> _25193_/D : -2.515241
[setup reg-reg] _25075_/Q -> _26989_/D : -2.513866
[setup reg-reg] _25087_/Q -> _25192_/D : -2.513110
[setup reg-reg] _25075_/Q -> _26477_/D : -2.512378
[setup reg-reg] _25087_/Q -> _25360_/D : -2.510309
[setup reg-reg] _25087_/Q -> _26036_/D : -2.507329
[setup reg-reg] _25075_/Q -> _27053_/D : -2.501960
[setup reg-reg] _25075_/Q -> _25057_/D : -2.494396
[setup reg-reg] _25087_/Q -> _25214_/D : -2.490623
[setup reg-reg] _25087_/Q -> _25049_/D : -2.485899
[setup reg-reg] _25087_/Q -> _25204_/D : -2.478689
[setup reg-reg] _25087_/Q -> _27380_/D : -2.469666
[setup reg-reg] _25087_/Q -> _27412_/D : -2.465159
[setup reg-reg] _25075_/Q -> _25658_/D : -2.453904
[setup reg-reg] _25087_/Q -> _25242_/D : -2.452275
[setup reg-reg] _25075_/Q -> _26853_/D : -2.450243
[setup reg-reg] _25087_/Q -> _25191_/D : -2.447488
[setup reg-reg] _25087_/Q -> _25588_/D : -2.440455
[setup reg-reg] _25075_/Q -> _26714_/D : -2.439965
[setup reg-reg] _25075_/Q -> _26592_/D : -2.437558
[setup reg-reg] _25087_/Q -> _25716_/D : -2.432870
[setup reg-reg] _25087_/Q -> _25684_/D : -2.430465
[setup reg-reg] _25075_/Q -> _26688_/D : -2.428758
[setup reg-reg] _25075_/Q -> _27450_/D : -2.428342
[setup reg-reg] _25087_/Q -> _25346_/D : -2.426448
[setup reg-reg] _25087_/Q -> _26772_/D : -2.424725
[setup reg-reg] _25075_/Q -> _25797_/D : -2.423432
[setup reg-reg] _25075_/Q -> _26309_/D : -2.423130
[setup reg-reg] _25087_/Q -> _26476_/D : -2.420393
[setup reg-reg] _25075_/Q -> _26778_/D : -2.417256
[setup reg-reg] _25075_/Q -> _25605_/D : -2.416270
[setup reg-reg] _25075_/Q -> _27397_/D : -2.412602
[setup reg-reg] _25075_/Q -> _26650_/D : -2.411518
[setup reg-reg] _25075_/Q -> _26693_/D : -2.410156
[setup reg-reg] _25087_/Q -> _26220_/D : -2.409857
[setup reg-reg] _25075_/Q -> _26432_/D : -2.406907
[setup reg-reg] _25075_/Q -> _26597_/D : -2.406846
[setup reg-reg] _25075_/Q -> _27290_/D : -2.403796
[setup reg-reg] _25075_/Q -> _26021_/D : -2.401835
[setup reg-reg] _25075_/Q -> _27493_/D : -2.400643
[setup reg-reg] _25075_/Q -> _27429_/D : -2.398835
[setup reg-reg] _25075_/Q -> _25760_/D : -2.398588
[setup reg-reg] _25075_/Q -> _25925_/D : -2.398503
[setup reg-reg] _25075_/Q -> _25158_/D : -2.394701
[setup reg-reg] _25075_/Q -> _26725_/D : -2.394467
[setup reg-reg] _25087_/Q -> _26964_/D : -2.393405
[setup reg-reg] _25075_/Q -> _25818_/D : -2.393399
[setup reg-reg] _25075_/Q -> _27045_/D : -2.393348
[setup reg-reg] _25075_/Q -> _26298_/D : -2.392403
[setup reg-reg] _25075_/Q -> _26085_/D : -2.390923
[setup reg-reg] _25075_/Q -> _27130_/D : -2.390149
[setup reg-reg] _25075_/Q -> _27173_/D : -2.389997
[setup reg-reg] _25087_/Q -> _25900_/D : -2.388021
[setup reg-reg] _25075_/Q -> _26213_/D : -2.386953
[setup reg-reg] _25087_/Q -> _25267_/D : -2.386948
[setup reg-reg] _25075_/Q -> _27141_/D : -2.385526
[setup reg-reg] _25087_/Q -> _26164_/D : -2.384823
[setup reg-reg] _25075_/Q -> _26458_/D : -2.384805
[setup reg-reg] _25075_/Q -> _26624_/D : -2.384279
[setup reg-reg] _25075_/Q -> _27200_/D : -2.384061
[setup reg-reg] _25075_/Q -> _25957_/D : -2.383413
[setup reg-reg] _25075_/Q -> _26880_/D : -2.383327
[setup reg-reg] _25075_/Q -> _26752_/D : -2.383223
[setup reg-reg] _25075_/Q -> _25893_/D : -2.382277
[setup reg-reg] _25087_/Q -> _25780_/D : -2.377924
[setup reg-reg] _25075_/Q -> _26405_/D : -2.376894
[setup reg-reg] _25087_/Q -> _26444_/D : -2.376680
[setup reg-reg] _25087_/Q -> _27212_/D : -2.376005
[setup reg-reg] _25075_/Q -> _25050_/D : -2.375836
[setup reg-reg] _25075_/Q -> _25054_/D : -2.373460
[setup reg-reg] _25075_/Q -> _26048_/D : -2.373376
[setup reg-reg] _25075_/Q -> _25273_/D : -2.361372
[setup reg-reg] _25087_/Q -> _25772_/D : -2.359245
[setup reg-reg] _25075_/Q -> _27264_/D : -2.353989
[setup reg-reg] _25087_/Q -> _26956_/D : -2.352120
[setup reg-reg] _25075_/Q -> _27514_/D : -2.350973
[setup reg-reg] _25087_/Q -> _27327_/D : -2.350390
[setup reg-reg] _25075_/Q -> _25664_/D : -2.343738
[setup reg-reg] _25087_/Q -> _25175_/D : -2.341981
[setup reg-reg] _25075_/Q -> _26656_/D : -2.340913
[setup reg-reg] _25075_/Q -> _27072_/D : -2.339901
[setup reg-reg] _25075_/Q -> _26917_/D : -2.339165
[setup reg-reg] _25087_/Q -> _26828_/D : -2.338769
[setup reg-reg] _25087_/Q -> _25196_/D : -2.338059
[setup reg-reg] _25075_/Q -> _26816_/D : -2.337291
[setup reg-reg] _25075_/Q -> _26304_/D : -2.334545
[setup reg-reg] _25087_/Q -> _24878_/D : -2.334486
[setup reg-reg] _25075_/Q -> _25728_/D : -2.332513
[setup reg-reg] _25075_/Q -> _27194_/D : -2.332012
[setup reg-reg] _25075_/Q -> _26106_/D : -2.331143
[setup reg-reg] _25075_/Q -> _26112_/D : -2.330513
[setup reg-reg] _25075_/Q -> _26176_/D : -2.329786
[setup reg-reg] _25075_/Q -> _26496_/D : -2.329310
[setup reg-reg] _25075_/Q -> _25701_/D : -2.328738
[setup reg-reg] _25075_/Q -> _25568_/D : -2.324471
[setup reg-reg] _25087_/Q -> _25804_/D : -2.324125
[setup reg-reg] _25075_/Q -> _26821_/D : -2.322151
[setup reg-reg] _25087_/Q -> _25159_/D : -2.321112
[setup reg-reg] _25075_/Q -> _25669_/D : -2.319435
[setup reg-reg] _25075_/Q -> _27013_/D : -2.317744
[setup reg-reg] _25075_/Q -> _27104_/D : -2.315474
[setup reg-reg] _25087_/Q -> _25836_/D : -2.315051
[setup reg-reg] _25075_/Q -> _26784_/D : -2.312769
[setup reg-reg] _25087_/Q -> _25200_/D : -2.312749
[setup reg-reg] _25075_/Q -> _26976_/D : -2.312223
[setup reg-reg] _25075_/Q -> _27568_/D : -2.311033
[setup reg-reg] _25075_/Q -> _27136_/D : -2.310578
[setup reg-reg] _25075_/Q -> _25051_/D : -2.307008
[setup reg-reg] _25075_/Q -> _26016_/D : -2.306791
[setup reg-reg] _25087_/Q -> _25868_/D : -2.305230
[setup reg-reg] _25075_/Q -> _26554_/D : -2.302349
[setup reg-reg] _25075_/Q -> _25824_/D : -2.299624
[setup reg-reg] _25075_/Q -> _25219_/D : -2.299302
[setup reg-reg] _25087_/Q -> _25983_/D : -2.298984
[setup reg-reg] _25087_/Q -> _25759_/D : -2.298956
[setup reg-reg] _25087_/Q -> _25612_/D : -2.298574
[setup reg-reg] _25075_/Q -> _27328_/D : -2.298275
[setup reg-reg] _25087_/Q -> _26316_/D : -2.297911
[setup reg-reg] _25087_/Q -> _25259_/D : -2.295932
[setup reg-reg] _25075_/Q -> _25348_/D : -2.295298
[setup reg-reg] _25075_/Q -> _27456_/D : -2.294964
[setup reg-reg] _25075_/Q -> _27322_/D : -2.294167
[setup reg-reg] _25075_/Q -> _26240_/D : -2.291717
[setup reg-reg] _25087_/Q -> _27468_/D : -2.289054
[setup reg-reg] _25075_/Q -> _25690_/D : -2.287820
[setup reg-reg] _25087_/Q -> _26156_/D : -2.286441
[setup reg-reg] _25075_/Q -> _25856_/D : -2.285741
[setup reg-reg] _25075_/Q -> _25850_/D : -2.285049
[setup reg-reg] _25087_/Q -> _27308_/D : -2.283947
[setup reg-reg] _25075_/Q -> _26144_/D : -2.283791
[setup reg-reg] _25087_/Q -> _25996_/D : -2.282789
[setup reg-reg] _25075_/Q -> _26234_/D : -2.282398
[setup reg-reg] _25075_/Q -> _25164_/D : -2.281226
[setup reg-reg] _25087_/Q -> _25156_/D : -2.280888
[setup reg-reg] _25075_/Q -> _25984_/D : -2.279867
[setup reg-reg] _25087_/Q -> _26124_/D : -2.278844
[setup reg-reg] _25075_/Q -> _27226_/D : -2.278270
[setup reg-reg] _25087_/Q -> _25246_/D : -2.277838
[setup reg-reg] _25075_/Q -> _25914_/D : -2.276701
[setup reg-reg] _25075_/Q -> _25524_/D : -2.276050
[setup reg-reg] _25075_/Q -> _26426_/D : -2.276028
[setup reg-reg] _25087_/Q -> _25932_/D : -2.275842
[setup reg-reg] _25087_/Q -> _25143_/D : -2.273650
[setup reg-reg] _25075_/Q -> _25946_/D : -2.268363
[setup reg-reg] _25075_/Q -> _25632_/D : -2.267985
[setup reg-reg] _25075_/Q -> _27034_/D : -2.267017
[setup reg-reg] _25075_/Q -> _25978_/D : -2.266504
[setup reg-reg] _25075_/Q -> _27002_/D : -2.266267
[setup reg-reg] _25087_/Q -> _26591_/D : -2.263891
[setup reg-reg] _25075_/Q -> _25535_/D : -2.261523
[setup reg-reg] _25075_/Q -> _26757_/D : -2.261084
[setup reg-reg] _25087_/Q -> _27500_/D : -2.259393
[setup reg-reg] _25087_/Q -> _27039_/D : -2.259167
[setup reg-reg] _25075_/Q -> _25151_/D : -2.258295
[setup reg-reg] _25087_/Q -> _26367_/D : -2.258110
[setup reg-reg] _25087_/Q -> _26047_/D : -2.256778
[setup reg-reg] _25075_/Q -> _25594_/D : -2.255158
[setup reg-reg] _25075_/Q -> _25733_/D : -2.252474
[setup reg-reg] _25075_/Q -> _25286_/D : -2.251042
[setup reg-reg] _25087_/Q -> _25695_/D : -2.249848
[setup reg-reg] _25087_/Q -> _25887_/D : -2.246900
[setup reg-reg] _25087_/Q -> _25142_/D : -2.246415
[setup reg-reg] _25075_/Q -> _25888_/D : -2.243352
[setup reg-reg] _25075_/Q -> _26970_/D : -2.243079
[setup reg-reg] _25087_/Q -> _27487_/D : -2.242782
[setup reg-reg] _25087_/Q -> _25166_/D : -2.240746
[setup reg-reg] _25087_/Q -> _25631_/D : -2.238616
[setup reg-reg] _25087_/Q -> _25172_/D : -2.232595
[setup reg-reg] _25075_/Q -> _26938_/D : -2.231708
[setup reg-reg] _25087_/Q -> _25170_/D : -2.231090
[setup reg-reg] _25087_/Q -> _26239_/D : -2.230239
[setup reg-reg] _25087_/Q -> _27391_/D : -2.228809
[setup reg-reg] _25087_/Q -> _25161_/D : -2.228180
[setup reg-reg] _25087_/Q -> _25157_/D : -2.226093
[setup reg-reg] _25087_/Q -> _26097_/D : -2.225066
[setup reg-reg] _25087_/Q -> _25160_/D : -2.224269
[setup reg-reg] _25087_/Q -> _26399_/D : -2.218117
[setup reg-reg] _25075_/Q -> _26661_/D : -2.217932
[setup reg-reg] _25087_/Q -> _25067_/D : -2.217273
[setup reg-reg] _25075_/Q -> _24861_/D : -2.215973
[setup reg-reg] _25075_/Q -> _27482_/D : -2.214549
[setup reg-reg] _25087_/Q -> _26111_/D : -2.214257
[setup reg-reg] _25075_/Q -> _24867_/D : -2.212914
[setup reg-reg] _25075_/Q -> _26202_/D : -2.207246
[setup reg-reg] _25087_/Q -> _26559_/D : -2.203986
[setup reg-reg] _25087_/Q -> _25038_/D : -2.203683
[setup reg-reg] _25087_/Q -> _26847_/D : -2.202064
[setup reg-reg] _25087_/Q -> _26687_/D : -2.200238
[setup reg-reg] _25075_/Q -> _25215_/D : -2.194417
[setup reg-reg] _25075_/Q -> _27077_/D : -2.191110
[setup reg-reg] _25075_/Q -> _26629_/D : -2.190159
[setup reg-reg] _25075_/Q -> _25626_/D : -2.189994
[setup reg-reg] _25075_/Q -> _26565_/D : -2.189991
[setup reg-reg] _25075_/Q -> _25260_/D : -2.188671
[setup reg-reg] _25075_/Q -> _27573_/D : -2.186525
[setup reg-reg] _25075_/Q -> _26266_/D : -2.185445
[setup reg-reg] _25087_/Q -> _25155_/D : -2.183915
[setup reg-reg] _25087_/Q -> _25114_/D : -2.181068
[setup reg-reg] _25075_/Q -> _25861_/D : -2.180237
[setup reg-reg] _25075_/Q -> _26586_/D : -2.179561
[setup reg-reg] _25087_/Q -> _26575_/D : -2.176360
[setup reg-reg] _25075_/Q -> _27205_/D : -2.174057
[setup reg-reg] _25075_/Q -> _25216_/D : -2.171427
[setup reg-reg] _25087_/Q -> _26175_/D : -2.171314
[setup reg-reg] _25087_/Q -> _25186_/D : -2.171175
[setup reg-reg] _25087_/Q -> _25580_/D : -2.169562
[setup reg-reg] _25075_/Q -> _27098_/D : -2.169280
[setup reg-reg] _25087_/Q -> _26801_/D : -2.166514
[setup reg-reg] _25087_/Q -> _27215_/D : -2.165926
[setup reg-reg] _25075_/Q -> _26277_/D : -2.164896
[setup reg-reg] _25087_/Q -> _25174_/D : -2.164716
[setup reg-reg] _25075_/Q -> _26755_/D : -2.161992
[setup reg-reg] _25087_/Q -> _25278_/D : -2.157929
[setup reg-reg] _25087_/Q -> _27087_/D : -2.154773
[setup reg-reg] _25087_/Q -> _25181_/D : -2.153334
[setup reg-reg] _25087_/Q -> _25935_/D : -2.153065
[setup reg-reg] _25087_/Q -> _26959_/D : -2.152674
[setup reg-reg] _25087_/Q -> _25823_/D : -2.151779
[setup reg-reg] _25087_/Q -> _27151_/D : -2.151014
[setup reg-reg] _25087_/Q -> _25152_/D : -2.147068
[setup reg-reg] _25075_/Q -> _25333_/D : -2.144159
[setup reg-reg] _25087_/Q -> _27119_/D : -2.142759
[setup reg-reg] _25075_/Q -> _25105_/D : -2.141674
[setup reg-reg] _25087_/Q -> _26092_/D : -2.141300
[setup reg-reg] _25075_/Q -> _24869_/D : -2.140569
[setup reg-reg] _25087_/Q -> _27505_/D : -2.139988
[setup reg-reg] _25075_/Q -> _25245_/D : -2.139293
[setup reg-reg] _25087_/Q -> _24837_/D : -2.137652
[setup reg-reg] _25087_/Q -> _27404_/D : -2.135705
[setup reg-reg] _25075_/Q -> _25337_/D : -2.133856
[setup reg-reg] _25087_/Q -> _26927_/D : -2.132495
[setup reg-reg] _25075_/Q -> _26275_/D : -2.131154
[setup reg-reg] _25087_/Q -> _27244_/D : -2.130610
[setup reg-reg] _25087_/Q -> _25839_/D : -2.128612
[setup reg-reg] _25087_/Q -> _26351_/D : -2.126232
[setup reg-reg] _25087_/Q -> _26860_/D : -2.124846
[setup reg-reg] _25087_/Q -> _27343_/D : -2.124738
[setup reg-reg] _25087_/Q -> _25743_/D : -2.124617
[setup reg-reg] _25087_/Q -> _26668_/D : -2.124475
[setup reg-reg] _25087_/Q -> _27345_/D : -2.123443
[setup reg-reg] _25087_/Q -> _27052_/D : -2.123050
[setup reg-reg] _25075_/Q -> _25292_/D : -2.120325
[setup reg-reg] _25087_/Q -> _26735_/D : -2.119668
[setup reg-reg] _25087_/Q -> _25967_/D : -2.119444
[setup reg-reg] _25087_/Q -> _25711_/D : -2.117163
[setup reg-reg] _25087_/Q -> _25154_/D : -2.116652
[setup reg-reg] _25087_/Q -> _25296_/D : -2.115113
[setup reg-reg] _25087_/Q -> _25147_/D : -2.113476
[setup reg-reg] _25087_/Q -> _25269_/D : -2.112477
[setup reg-reg] _25087_/Q -> _27099_/D : -2.110728
[setup reg-reg] _25087_/Q -> _27409_/D : -2.110319
[setup reg-reg] _25087_/Q -> _26319_/D : -2.109584
[setup reg-reg] _25087_/Q -> _25915_/D : -2.109468
[setup reg-reg] _25087_/Q -> _25013_/D : -2.109267
[setup reg-reg] _25075_/Q -> _25228_/D : -2.109214
[setup reg-reg] _25075_/Q -> _26403_/D : -2.108834
[setup reg-reg] _25087_/Q -> _25150_/D : -2.101375
[setup reg-reg] _25087_/Q -> _25139_/D : -2.101150
[setup reg-reg] _25087_/Q -> _25583_/D : -2.099572
[setup reg-reg] _25087_/Q -> _26991_/D : -2.096256
[setup reg-reg] _25087_/Q -> _27515_/D : -2.088349
[setup reg-reg] _25075_/Q -> _25280_/D : -2.082697
[setup reg-reg] _25087_/Q -> _25691_/D : -2.080467
[setup reg-reg] _25087_/Q -> _27055_/D : -2.076842
[setup reg-reg] _25087_/Q -> _26289_/D : -2.075634
[setup reg-reg] _25075_/Q -> _26339_/D : -2.075318
[setup reg-reg] _25087_/Q -> _26895_/D : -2.074396
[setup reg-reg] _25087_/Q -> _25851_/D : -2.073980
[setup reg-reg] _25087_/Q -> _26875_/D : -2.072657
[setup reg-reg] _25087_/Q -> _26811_/D : -2.062246
[setup reg-reg] _25087_/Q -> _26107_/D : -2.057961
[setup reg-reg] _25087_/Q -> _26683_/D : -2.057858
[setup reg-reg] _25087_/Q -> _26609_/D : -2.055902
[setup reg-reg] _25087_/Q -> _27486_/D : -2.052829
[setup reg-reg] _25087_/Q -> _26257_/D : -2.049198
[setup reg-reg] _25087_/Q -> _25176_/D : -2.046093
[setup reg-reg] _25087_/Q -> _25287_/D : -2.045315
[setup reg-reg] _25087_/Q -> _25053_/D : -2.044518
[setup reg-reg] _25087_/Q -> _24879_/D : -2.041404
[setup reg-reg] _25087_/Q -> _25854_/D : -2.038130
[setup reg-reg] _25087_/Q -> _25197_/D : -2.037241
[setup reg-reg] _25075_/Q -> _27427_/D : -2.036627
[setup reg-reg] _25075_/Q -> _26883_/D : -2.033206
[setup reg-reg] _25087_/Q -> _27153_/D : -2.032959
[setup reg-reg] _25087_/Q -> _25649_/D : -2.030173
[setup reg-reg] _25087_/Q -> _27566_/D : -2.029699
[setup reg-reg] _25087_/Q -> _25264_/D : -2.013316
[setup reg-reg] _25087_/Q -> _26494_/D : -2.012882
[setup reg-reg] _25087_/Q -> _26814_/D : -2.012371
[setup reg-reg] _25087_/Q -> _25066_/D : -2.010687
[setup reg-reg] _25087_/Q -> _26302_/D : -2.007406
[setup reg-reg] _25075_/Q -> _25254_/D : -2.005414
[setup reg-reg] _25075_/Q -> _26371_/D : -2.003487
[setup reg-reg] _25075_/Q -> _26147_/D : -1.994719
[setup reg-reg] _25075_/Q -> _26115_/D : -1.991591
[setup reg-reg] _25087_/Q -> _26110_/D : -1.981773
[setup reg-reg] _25087_/Q -> _25362_/D : -1.979126
[setup reg-reg] _25075_/Q -> _24826_/D : -1.977405
[setup reg-reg] _25075_/Q -> _25699_/D : -1.973071
[setup reg-reg] _25075_/Q -> _26211_/D : -1.971444
[setup reg-reg] _25087_/Q -> _25284_/D : -1.971214
[setup reg-reg] _25087_/Q -> _25177_/D : -1.970875
[setup reg-reg] _25087_/Q -> _25918_/D : -1.968886
[setup reg-reg] _25087_/Q -> _25202_/D : -1.965542
[setup reg-reg] _25087_/Q -> _26142_/D : -1.965397
[setup reg-reg] _25075_/Q -> _25247_/D : -1.963564
[setup reg-reg] _25075_/Q -> _24875_/D : -1.958997
[setup reg-reg] _25087_/Q -> _25218_/D : -1.949852
[setup reg-reg] _25087_/Q -> _27454_/D : -1.935709
[setup reg-reg] _25087_/Q -> _25135_/D : -1.930042
[setup reg-reg] _25075_/Q -> _27139_/D : -1.927596
[setup reg-reg] _25087_/Q -> _27135_/D : -1.921208
[setup reg-reg] _25075_/Q -> _27203_/D : -1.920833
[setup reg-reg] _25075_/Q -> _25923_/D : -1.910973
[setup reg-reg] _25075_/Q -> _25987_/D : -1.910934
[setup reg-reg] _25075_/Q -> _26563_/D : -1.910509
[setup reg-reg] _25075_/Q -> _25731_/D : -1.910420
[setup reg-reg] _25075_/Q -> _26723_/D : -1.907493
[setup reg-reg] _25075_/Q -> _26467_/D : -1.906292
[setup reg-reg] _25075_/Q -> _25763_/D : -1.905859
[setup reg-reg] _25075_/Q -> _24834_/D : -1.904963
[setup reg-reg] _25075_/Q -> _26659_/D : -1.898178
[setup reg-reg] _25087_/Q -> _25189_/D : -1.896952
[setup reg-reg] _25075_/Q -> _26051_/D : -1.895058
[setup reg-reg] _25075_/Q -> _25859_/D : -1.894120
[setup reg-reg] _25087_/Q -> _25359_/D : -1.890985
[setup reg-reg] _25075_/Q -> _27107_/D : -1.889591
[setup reg-reg] _25087_/Q -> _27455_/D : -1.889441
[setup reg-reg] _25087_/Q -> _25567_/D : -1.886420
[setup reg-reg] _25075_/Q -> _26019_/D : -1.885438
[setup reg-reg] _25075_/Q -> _27395_/D : -1.885010
[setup reg-reg] _25087_/Q -> _24820_/D : -1.871481
[setup reg-reg] _25075_/Q -> _27299_/D : -1.865454
[setup reg-reg] _25075_/Q -> _26915_/D : -1.865061
[setup reg-reg] _25087_/Q -> _25111_/D : -1.863874
[setup reg-reg] _25087_/Q -> _25341_/D : -1.853080
[setup reg-reg] _25075_/Q -> _26307_/D : -1.847445
[setup reg-reg] _25075_/Q -> _26179_/D : -1.843594
[setup reg-reg] _25075_/Q -> _27267_/D : -1.841450
[setup reg-reg] _25075_/Q -> _26787_/D : -1.834557
[setup reg-reg] _25075_/Q -> _27171_/D : -1.832225
[setup reg-reg] _25087_/Q -> _27263_/D : -1.827095
[setup reg-reg] _25087_/Q -> _25034_/D : -1.821578
[setup reg-reg] _25075_/Q -> _26819_/D : -1.819256
[setup reg-reg] _25075_/Q -> _25209_/D : -1.818796
[setup reg-reg] _25087_/Q -> _25040_/D : -1.817538
[setup reg-reg] _25087_/Q -> _24838_/D : -1.812497
[setup reg-reg] _25087_/Q -> _25120_/D : -1.811889
[setup reg-reg] _25087_/Q -> _25141_/D : -1.809921
[setup reg-reg] _25075_/Q -> _27571_/D : -1.809378
[setup reg-reg] _25087_/Q -> _25109_/D : -1.808369
[setup reg-reg] _25075_/Q -> _25044_/D : -1.805232
[setup reg-reg] _25075_/Q -> _25282_/D : -1.800226
[setup reg-reg] _25087_/Q -> _25131_/D : -1.763329
[setup reg-reg] _25087_/Q -> _25136_/D : -1.761588
[setup reg-reg] _25075_/Q -> _24862_/D : -1.751108
[setup reg-reg] _25075_/Q -> _26979_/D : -1.747511
[setup reg-reg] _25087_/Q -> _25134_/D : -1.746052
[setup reg-reg] _25075_/Q -> _25213_/D : -1.739057
[setup reg-reg] _25075_/Q -> _25048_/D : -1.736550
[setup reg-reg] _25075_/Q -> _27459_/D : -1.730413
[setup reg-reg] _25087_/Q -> _25167_/D : -1.714756
[setup reg-reg] _25075_/Q -> _24828_/D : -1.714255
[setup reg-reg] _25087_/Q -> _25122_/D : -1.694755
[setup reg-reg] _25075_/Q -> _25145_/D : -1.694726
[setup reg-reg] _25087_/Q -> _24882_/D : -1.693380
[setup reg-reg] _25087_/Q -> _25125_/D : -1.688166
[setup reg-reg] _25087_/Q -> _25019_/D : -1.687948
[setup reg-reg] _25075_/Q -> _26372_/D : -1.684111
[setup reg-reg] _25075_/Q -> _25677_/D : -1.683807
[setup reg-reg] _25087_/Q -> _25124_/D : -1.680085
[setup reg-reg] _25075_/Q -> _26343_/D : -1.679288
[setup reg-reg] _25075_/Q -> _25671_/D : -1.675204
[setup reg-reg] _25087_/Q -> _25908_/D : -1.673158
[setup reg-reg] _25075_/Q -> _27239_/D : -1.672859
[setup reg-reg] _25087_/Q -> _25126_/D : -1.669044
[setup reg-reg] _25075_/Q -> _27437_/D : -1.667905
[setup reg-reg] _25087_/Q -> _25149_/D : -1.665120
[setup reg-reg] _25075_/Q -> _27021_/D : -1.664997
[setup reg-reg] _25087_/Q -> _25127_/D : -1.664057
[setup reg-reg] _25075_/Q -> _26567_/D : -1.662162
[setup reg-reg] _25087_/Q -> _27156_/D : -1.661055
[setup reg-reg] _25075_/Q -> _25799_/D : -1.660242
[setup reg-reg] _25075_/Q -> _26858_/D : -1.657053
[setup reg-reg] _25075_/Q -> _26151_/D : -1.653881
[setup reg-reg] _25075_/Q -> _26919_/D : -1.653300
[setup reg-reg] _25075_/Q -> _27175_/D : -1.653048
[setup reg-reg] _25087_/Q -> _25117_/D : -1.651676
[setup reg-reg] _25075_/Q -> _26116_/D : -1.651548
[setup reg-reg] _25075_/Q -> _26375_/D : -1.647438
[setup reg-reg] _25075_/Q -> _26794_/D : -1.645670
[setup reg-reg] _25087_/Q -> _25231_/D : -1.645081
[setup reg-reg] _25087_/Q -> _25123_/D : -1.642860
[setup reg-reg] _25075_/Q -> _26951_/D : -1.641311
[setup reg-reg] _25087_/Q -> _26804_/D : -1.639245
[setup reg-reg] _25075_/Q -> _26381_/D : -1.639169
[setup reg-reg] _25075_/Q -> _25901_/D : -1.638057
[setup reg-reg] _25075_/Q -> _25738_/D : -1.635629
[setup reg-reg] _25075_/Q -> _26948_/D : -1.635280
[setup reg-reg] _25075_/Q -> _26087_/D : -1.634263
[setup reg-reg] _25075_/Q -> _26311_/D : -1.634030
[setup reg-reg] _25075_/Q -> _27143_/D : -1.633943
[setup reg-reg] _25075_/Q -> _26759_/D : -1.633556
[setup reg-reg] _25075_/Q -> _26791_/D : -1.632724
[setup reg-reg] _25087_/Q -> _26836_/D : -1.630944
[setup reg-reg] _25087_/Q -> _25620_/D : -1.630571
[setup reg-reg] _25075_/Q -> _27303_/D : -1.629841
[setup reg-reg] _25075_/Q -> _25668_/D : -1.629752
[setup reg-reg] _25087_/Q -> _25812_/D : -1.629308
[setup reg-reg] _25075_/Q -> _26503_/D : -1.629113
[setup reg-reg] _25075_/Q -> _26125_/D : -1.628536
[setup reg-reg] _25087_/Q -> _25169_/D : -1.626908
[setup reg-reg] _25075_/Q -> _26154_/D : -1.625674
[setup reg-reg] _25075_/Q -> _25252_/D : -1.624020
[setup reg-reg] _25075_/Q -> _27271_/D : -1.623256
[setup reg-reg] _25075_/Q -> _26573_/D : -1.622743
[setup reg-reg] _25075_/Q -> _26954_/D : -1.622556
[setup reg-reg] _25075_/Q -> _27405_/D : -1.622158
[setup reg-reg] _25087_/Q -> _27348_/D : -1.621849
[setup reg-reg] _25075_/Q -> _27181_/D : -1.621142
[setup reg-reg] _25075_/Q -> _25828_/D : -1.620849
[setup reg-reg] _25075_/Q -> _25764_/D : -1.619874
[setup reg-reg] _25075_/Q -> _26023_/D : -1.615097
[setup reg-reg] _25075_/Q -> _26727_/D : -1.612934
[setup reg-reg] _25075_/Q -> _25543_/D : -1.612799
[setup reg-reg] _25075_/Q -> _26221_/D : -1.610680
[setup reg-reg] _25075_/Q -> _25032_/D : -1.610402
[setup reg-reg] _25075_/Q -> _25607_/D : -1.609337
[setup reg-reg] _25075_/Q -> _26020_/D : -1.609232
[setup reg-reg] _25075_/Q -> _25636_/D : -1.607248
[setup reg-reg] _25087_/Q -> _26132_/D : -1.606864
[setup reg-reg] _25075_/Q -> _26797_/D : -1.606612
[setup reg-reg] _25075_/Q -> _26861_/D : -1.606290
[setup reg-reg] _25087_/Q -> _26452_/D : -1.604009
[setup reg-reg] _25087_/Q -> _26740_/D : -1.603604
[setup reg-reg] _25075_/Q -> _26855_/D : -1.599004
[setup reg-reg] _25087_/Q -> _26580_/D : -1.597826
[setup reg-reg] _25087_/Q -> _27252_/D : -1.596513
[setup reg-reg] _25075_/Q -> _25645_/D : -1.595518
[setup reg-reg] _25075_/Q -> _26349_/D : -1.595186
[setup reg-reg] _25075_/Q -> _25353_/D : -1.594811
[setup reg-reg] _25075_/Q -> _26724_/D : -1.594122
[setup reg-reg] _25075_/Q -> _26532_/D : -1.593042
[setup reg-reg] _25075_/Q -> _25024_/D : -1.592914
[setup reg-reg] _25075_/Q -> _26826_/D : -1.591792
[setup reg-reg] _25075_/Q -> _25959_/D : -1.591397
[setup reg-reg] _25075_/Q -> _26628_/D : -1.591372
[setup reg-reg] _25075_/Q -> _26916_/D : -1.591001
[setup reg-reg] _25075_/Q -> _26442_/D : -1.588235
[setup reg-reg] _25075_/Q -> _27396_/D : -1.580629
[setup reg-reg] _25075_/Q -> _26093_/D : -1.580311
[setup reg-reg] _25075_/Q -> _27140_/D : -1.579377
[setup reg-reg] _25075_/Q -> _27242_/D : -1.578936
[setup reg-reg] _25087_/Q -> _26900_/D : -1.578629
[setup reg-reg] _25075_/Q -> _25962_/D : -1.575492
[setup reg-reg] _25087_/Q -> _26548_/D : -1.575149
[setup reg-reg] _25075_/Q -> _27108_/D : -1.574406
[setup reg-reg] _25075_/Q -> _25674_/D : -1.573712
[setup reg-reg] _25075_/Q -> _26637_/D : -1.573545
[setup reg-reg] _25075_/Q -> _25255_/D : -1.572870
[setup reg-reg] _25075_/Q -> _26669_/D : -1.572643
[setup reg-reg] _25075_/Q -> _26317_/D : -1.571383
[setup reg-reg] _25075_/Q -> _27277_/D : -1.570655
[setup reg-reg] _25075_/Q -> _27463_/D : -1.567287
[setup reg-reg] _25075_/Q -> _24821_/D : -1.565262
[setup reg-reg] _25075_/Q -> _26852_/D : -1.565059
[setup reg-reg] _25075_/Q -> _25805_/D : -1.564716
[setup reg-reg] _25075_/Q -> _27309_/D : -1.564125
[setup reg-reg] _25087_/Q -> _25652_/D : -1.564091
[setup reg-reg] _25087_/Q -> _26004_/D : -1.563842
[setup reg-reg] _25087_/Q -> _27124_/D : -1.563807
[setup reg-reg] _25075_/Q -> _27149_/D : -1.562974
[setup reg-reg] _25075_/Q -> _25534_/D : -1.561910
[setup reg-reg] _25075_/Q -> _26253_/D : -1.559515
[setup reg-reg] _25075_/Q -> _26564_/D : -1.559307
[setup reg-reg] _25075_/Q -> _26189_/D : -1.558256
[setup reg-reg] _25075_/Q -> _27204_/D : -1.552815
[setup reg-reg] _25075_/Q -> _26788_/D : -1.551012
[setup reg-reg] _25075_/Q -> _26436_/D : -1.550275
[setup reg-reg] _25087_/Q -> _26708_/D : -1.548294
[setup reg-reg] _25075_/Q -> _26052_/D : -1.547253
[setup reg-reg] _25087_/Q -> _25748_/D : -1.545638
[setup reg-reg] _25087_/Q -> _26228_/D : -1.545550
[setup reg-reg] _25087_/Q -> _25940_/D : -1.543405
[setup reg-reg] _25075_/Q -> _25735_/D : -1.542775
[setup reg-reg] _25075_/Q -> _24866_/D : -1.542022
[setup reg-reg] _25087_/Q -> _27436_/D : -1.541563
[setup reg-reg] _25075_/Q -> _26276_/D : -1.540652
[setup reg-reg] _25087_/Q -> _27220_/D : -1.539881
[setup reg-reg] _25075_/Q -> _26148_/D : -1.539268
[setup reg-reg] _25087_/Q -> _24841_/D : -1.538913
[setup reg-reg] _25075_/Q -> _26340_/D : -1.538695
[setup reg-reg] _25087_/Q -> _25345_/D : -1.538149
[setup reg-reg] _25087_/Q -> _25144_/D : -1.537075
[setup reg-reg] _25087_/Q -> _25358_/D : -1.534184
[setup reg-reg] _25087_/Q -> _25876_/D : -1.533692
[setup reg-reg] _25087_/Q -> _25205_/D : -1.531930
[setup reg-reg] _25087_/Q -> _27188_/D : -1.531056
[setup reg-reg] _25087_/Q -> _25037_/D : -1.530074
[setup reg-reg] _25075_/Q -> _26674_/D : -1.524500
[setup reg-reg] _25087_/Q -> _26420_/D : -1.522983
[setup reg-reg] _25087_/Q -> _27284_/D : -1.522734
[setup reg-reg] _25075_/Q -> _27378_/D : -1.516639
[setup reg-reg] _25087_/Q -> _25972_/D : -1.516224
[setup reg-reg] _25075_/Q -> _26866_/D : -1.511502
[setup reg-reg] _25075_/Q -> _26898_/D : -1.511161
[setup reg-reg] _25087_/Q -> _27020_/D : -1.510610
[setup reg-reg] _25087_/Q -> _26516_/D : -1.510001
[setup reg-reg] _25075_/Q -> _27186_/D : -1.507905
[setup reg-reg] _25087_/Q -> _26636_/D : -1.507589
[setup reg-reg] _25087_/Q -> _26988_/D : -1.507548
[setup reg-reg] _25075_/Q -> _25119_/D : -1.507495
[setup reg-reg] _25087_/Q -> _26676_/D : -1.505914
[setup reg-reg] _25075_/Q -> _27040_/D : -1.504645
[setup reg-reg] _25087_/Q -> _26356_/D : -1.502706
[setup reg-reg] _25087_/Q -> _25128_/D : -1.501279
[setup reg-reg] _25075_/Q -> _25637_/D : -1.499695
[setup reg-reg] _25075_/Q -> _25250_/D : -1.499164
[setup reg-reg] _25075_/Q -> _26746_/D : -1.496172
[setup reg-reg] _25075_/Q -> _25906_/D : -1.492618
[setup reg-reg] _25075_/Q -> _25714_/D : -1.491479
[setup reg-reg] _25075_/Q -> _26706_/D : -1.489266
[setup reg-reg] _25087_/Q -> _25133_/D : -1.488131
[setup reg-reg] _25087_/Q -> _26412_/D : -1.487475
[setup reg-reg] _25087_/Q -> _26068_/D : -1.480560
[setup reg-reg] _25075_/Q -> _26885_/D : -1.480009
[setup reg-reg] _25075_/Q -> _25301_/D : -1.479807
[setup reg-reg] _25087_/Q -> _27444_/D : -1.478677
[setup reg-reg] _25075_/Q -> _26906_/D : -1.478155
[setup reg-reg] _25075_/Q -> _26522_/D : -1.477702
[setup reg-reg] _25087_/Q -> _25140_/D : -1.477623
[setup reg-reg] _25075_/Q -> _25354_/D : -1.477599
[setup reg-reg] _25075_/Q -> _27282_/D : -1.474318
[setup reg-reg] _25087_/Q -> _25844_/D : -1.474268
[setup reg-reg] _25075_/Q -> _27418_/D : -1.473451
[setup reg-reg] _25087_/Q -> _26996_/D : -1.473159
[setup reg-reg] _25087_/Q -> _25153_/D : -1.472998
[setup reg-reg] _25087_/Q -> _25110_/D : -1.471760
[setup reg-reg] _25087_/Q -> _26732_/D : -1.471388
[setup reg-reg] _25075_/Q -> _26490_/D : -1.470740
[setup reg-reg] _25087_/Q -> _27060_/D : -1.470143
[setup reg-reg] _25087_/Q -> _27148_/D : -1.468917
[setup reg-reg] _25087_/Q -> _26868_/D : -1.467956
[setup reg-reg] _25075_/Q -> _26180_/D : -1.464885
[setup reg-reg] _25075_/Q -> _27366_/D : -1.463329
[setup reg-reg] _25087_/Q -> _26188_/D : -1.462178
[setup reg-reg] _25075_/Q -> _26514_/D : -1.459670
[setup reg-reg] _25075_/Q -> _27168_/D : -1.459513
[setup reg-reg] _25087_/Q -> _26932_/D : -1.458769
[setup reg-reg] _25087_/Q -> _25116_/D : -1.457838
[setup reg-reg] _25087_/Q -> _26484_/D : -1.456781
[setup reg-reg] _25087_/Q -> _26388_/D : -1.456572
[setup reg-reg] _25087_/Q -> _27116_/D : -1.454366
[setup reg-reg] _25075_/Q -> _25241_/D : -1.453669
[setup reg-reg] _25087_/Q -> _26060_/D : -1.453039
[setup reg-reg] _25075_/Q -> _25064_/D : -1.451658
[setup reg-reg] _25087_/Q -> _27476_/D : -1.451316
[setup reg-reg] _25075_/Q -> _26528_/D : -1.448660
[setup reg-reg] _25075_/Q -> _26336_/D : -1.446052
[setup reg-reg] _25087_/Q -> _27588_/D : -1.444725
[setup reg-reg] _25087_/Q -> _27276_/D : -1.444427
[setup reg-reg] _25087_/Q -> _25542_/D : -1.444263
[setup reg-reg] _25087_/Q -> _26028_/D : -1.444242
[setup reg-reg] _25087_/Q -> _25132_/D : -1.442853
[setup reg-reg] _25087_/Q -> _25118_/D : -1.442462
[setup reg-reg] _25087_/Q -> _26604_/D : -1.441109
[setup reg-reg] _25087_/Q -> _26892_/D : -1.441078
[setup reg-reg] _25075_/Q -> _26848_/D : -1.441041
[setup reg-reg] _25087_/Q -> _25676_/D : -1.440524
[setup reg-reg] _25087_/Q -> _27340_/D : -1.440112
[setup reg-reg] _25087_/Q -> _25249_/D : -1.439872
[setup reg-reg] _25087_/Q -> _27316_/D : -1.439847
[setup reg-reg] _25087_/Q -> _26292_/D : -1.437202
[setup reg-reg] _25075_/Q -> _26404_/D : -1.437147
[setup reg-reg] _25087_/Q -> _26252_/D : -1.436993
[setup reg-reg] _25075_/Q -> _26470_/D : -1.436924
[setup reg-reg] _25087_/Q -> _26324_/D : -1.436117
[setup reg-reg] _25075_/Q -> _25530_/D : -1.432397
[setup reg-reg] _25087_/Q -> _26924_/D : -1.431969
[setup reg-reg] _25075_/Q -> _26692_/D : -1.431229
[setup reg-reg] _25075_/Q -> _26682_/D : -1.430657
[setup reg-reg] _25075_/Q -> _26464_/D : -1.429648
[setup reg-reg] _25075_/Q -> _25754_/D : -1.429459
[setup reg-reg] _25087_/Q -> _27580_/D : -1.427015
[setup reg-reg] _25075_/Q -> _25920_/D : -1.425585
[setup reg-reg] _25087_/Q -> _25740_/D : -1.423379
[setup reg-reg] _25075_/Q -> _25792_/D : -1.420478
[setup reg-reg] _25075_/Q -> _27232_/D : -1.416746
[setup reg-reg] _25087_/Q -> _25708_/D : -1.415829
[setup reg-reg] _25087_/Q -> _25129_/D : -1.415382
[setup reg-reg] _25087_/Q -> _25220_/D : -1.415348
[setup reg-reg] _25075_/Q -> _27296_/D : -1.412475
[setup reg-reg] _25087_/Q -> _27180_/D : -1.411326
[setup reg-reg] _25075_/Q -> _26272_/D : -1.411266
[setup reg-reg] _25075_/Q -> _25251_/D : -1.409186
[setup reg-reg] _25075_/Q -> _26208_/D : -1.407319
[setup reg-reg] _25075_/Q -> _25956_/D : -1.403500
[setup reg-reg] _25075_/Q -> _25357_/D : -1.398224
[setup reg-reg] _25087_/Q -> _25130_/D : -1.397581
[setup reg-reg] _25075_/Q -> _24871_/D : -1.396837
[setup reg-reg] _25075_/Q -> _26170_/D : -1.395973
[setup reg-reg] _25087_/Q -> _27372_/D : -1.395247
[setup reg-reg] _25087_/Q -> _25263_/D : -1.387894
[setup reg-reg] _25075_/Q -> _27162_/D : -1.386381
[setup reg-reg] _25087_/Q -> _26348_/D : -1.386185
[setup reg-reg] _25087_/Q -> _26700_/D : -1.386020
[setup reg-reg] _25075_/Q -> _27392_/D : -1.385068
[setup reg-reg] _25075_/Q -> _26596_/D : -1.381878
[setup reg-reg] _25075_/Q -> _25696_/D : -1.379078
[setup reg-reg] _25075_/Q -> _25700_/D : -1.375840
[setup reg-reg] _25075_/Q -> _25016_/D : -1.372134
[setup reg-reg] _24936_/Q -> _25552_/D : -1.372108
[setup reg-reg] _25087_/Q -> _25165_/D : -1.371795
[setup reg-reg] _25075_/Q -> _25293_/D : -1.370644
[setup reg-reg] _25075_/Q -> _25600_/D : -1.366331
[setup reg-reg] _25075_/Q -> _27488_/D : -1.362023
[setup reg-reg] _25075_/Q -> _25206_/D : -1.356957
[setup reg-reg] _25075_/Q -> _27076_/D : -1.356312
[setup reg-reg] _25075_/Q -> _27008_/D : -1.356224
[setup reg-reg] _25075_/Q -> _26308_/D : -1.356115
[setup reg-reg] _25075_/Q -> _26368_/D : -1.354801
[setup reg-reg] _25075_/Q -> _25056_/D : -1.352495
[setup reg-reg] _25075_/Q -> _25860_/D : -1.351818
[setup reg-reg] _25087_/Q -> _27387_/D : -1.351225
[setup reg-reg] _25075_/Q -> _26884_/D : -1.349877
[setup reg-reg] _25075_/Q -> _26084_/D : -1.348122
[setup reg-reg] _25075_/Q -> _26438_/D : -1.347185
[setup reg-reg] _25075_/Q -> _26912_/D : -1.346745
[setup reg-reg] _25075_/Q -> _27334_/D : -1.346066
[setup reg-reg] _24936_/Q -> _25554_/D : -1.344732
[setup reg-reg] _25075_/Q -> _25952_/D : -1.344654
[setup reg-reg] _25087_/Q -> _26203_/D : -1.338513
[setup reg-reg] _25075_/Q -> _26560_/D : -1.335993
[setup reg-reg] _25075_/Q -> _27501_/D : -1.334941
[setup reg-reg] _25075_/Q -> _25572_/D : -1.333298
[setup reg-reg] _25075_/Q -> _26561_/D : -1.332769
[setup reg-reg] _25075_/Q -> _27213_/D : -1.331948
[setup reg-reg] _25075_/Q -> _26400_/D : -1.331497
[setup reg-reg] _25087_/Q -> _27131_/D : -1.331404
[setup reg-reg] _25075_/Q -> _26720_/D : -1.331284
[setup reg-reg] _25075_/Q -> _25581_/D : -1.326026
[setup reg-reg] _25075_/Q -> _26080_/D : -1.324965
[setup reg-reg] _25075_/Q -> _27424_/D : -1.323677
[setup reg-reg] _25075_/Q -> _25604_/D : -1.321769
[setup reg-reg] _25075_/Q -> _27360_/D : -1.321361
[setup reg-reg] _25075_/Q -> _25297_/D : -1.319178
[setup reg-reg] _25087_/Q -> _24877_/D : -1.317813
[setup reg-reg] _25075_/Q -> _25277_/D : -1.317185
[setup reg-reg] _25075_/Q -> _27172_/D : -1.315089
[setup reg-reg] _25075_/Q -> _26944_/D : -1.312836
[setup reg-reg] _25075_/Q -> _25924_/D : -1.311227
[setup reg-reg] _25087_/Q -> _26284_/D : -1.310925
[setup reg-reg] _25075_/Q -> _26081_/D : -1.308713
[setup reg-reg] _25075_/Q -> _25226_/D : -1.307310
[setup reg-reg] _25087_/Q -> _26431_/D : -1.305299
[setup reg-reg] _25087_/Q -> _25644_/D : -1.304914
[setup reg-reg] _25075_/Q -> _26433_/D : -1.304377
[setup reg-reg] _25075_/Q -> _26088_/D : -1.303269
[setup reg-reg] _25075_/Q -> _27460_/D : -1.302718
[setup reg-reg] _25087_/Q -> _26143_/D : -1.300350
[setup reg-reg] _25075_/Q -> _25741_/D : -1.299950
[setup reg-reg] _25075_/Q -> _27364_/D : -1.299261
[setup reg-reg] _25087_/Q -> _27084_/D : -1.297362
[setup reg-reg] _25087_/Q -> _26540_/D : -1.297115
[setup reg-reg] _25075_/Q -> _27236_/D : -1.296836
[setup reg-reg] _25087_/Q -> _26764_/D : -1.296476
[setup reg-reg] _25075_/Q -> _25361_/D : -1.296396
[setup reg-reg] _25075_/Q -> _27174_/D : -1.296105
[setup reg-reg] _25075_/Q -> _26209_/D : -1.293571
[setup reg-reg] _25087_/Q -> _26303_/D : -1.293499
[setup reg-reg] _25075_/Q -> _27268_/D : -1.292497
[setup reg-reg] _25075_/Q -> _27240_/D : -1.291500
[setup reg-reg] _25087_/Q -> _27035_/D : -1.291381
[setup reg-reg] _25075_/Q -> _26792_/D : -1.290479
[setup reg-reg] _25087_/Q -> _25855_/D : -1.288729
[setup reg-reg] _25075_/Q -> _27332_/D : -1.284866
[setup reg-reg] _25075_/Q -> _25638_/D : -1.282640
[setup reg-reg] _25087_/Q -> _25112_/D : -1.282116
[setup reg-reg] _25075_/Q -> _26074_/D : -1.281773
[setup reg-reg] _25075_/Q -> _25576_/D : -1.281446
[setup reg-reg] _25075_/Q -> _25060_/D : -1.279544
[setup reg-reg] _25075_/Q -> _26305_/D : -1.275868
[setup reg-reg] _25075_/Q -> _26842_/D : -1.275076
[setup reg-reg] _25075_/Q -> _27425_/D : -1.273710
[setup reg-reg] _25075_/Q -> _26657_/D : -1.273303
[setup reg-reg] _25075_/Q -> _27041_/D : -1.272030
[setup reg-reg] _25075_/Q -> _26618_/D : -1.272022
[setup reg-reg] _25087_/Q -> _26971_/D : -1.271392
[setup reg-reg] _25075_/Q -> _26401_/D : -1.270607
[setup reg-reg] _24936_/Q -> _25553_/D : -1.270569
[setup reg-reg] _25087_/Q -> _25148_/D : -1.269642
[setup reg-reg] _25087_/Q -> _25137_/D : -1.269406
[setup reg-reg] _25075_/Q -> _27354_/D : -1.269200
[setup reg-reg] _25075_/Q -> _26374_/D : -1.268967
[setup reg-reg] _25087_/Q -> _27227_/D : -1.264713
[setup reg-reg] _25075_/Q -> _27272_/D : -1.263551
[setup reg-reg] _25087_/Q -> _24874_/D : -1.263461
[setup reg-reg] _25087_/Q -> _26508_/D : -1.262867
[setup reg-reg] _25075_/Q -> _26472_/D : -1.262002
[setup reg-reg] _25075_/Q -> _26022_/D : -1.260036
[setup reg-reg] _25075_/Q -> _26145_/D : -1.258819
[setup reg-reg] _25087_/Q -> _25819_/D : -1.258458
[setup reg-reg] _25087_/Q -> _27183_/D : -1.257398
[setup reg-reg] _25087_/Q -> _26427_/D : -1.254417
[setup reg-reg] _25075_/Q -> _25830_/D : -1.246654
[setup reg-reg] _25075_/Q -> _27496_/D : -1.246258
[setup reg-reg] _25075_/Q -> _26241_/D : -1.245002
[setup reg-reg] _25087_/Q -> _26043_/D : -1.244064
[setup reg-reg] _25087_/Q -> _24864_/D : -1.243045
[setup reg-reg] _25075_/Q -> _26758_/D : -1.241597
[setup reg-reg] _25075_/Q -> _26024_/D : -1.239693
[setup reg-reg] _25075_/Q -> _25729_/D : -1.239673
[setup reg-reg] _25087_/Q -> _25030_/D : -1.237966
[setup reg-reg] _25075_/Q -> _25224_/D : -1.237661
[setup reg-reg] _25075_/Q -> _26184_/D : -1.237451
[setup reg-reg] _25087_/Q -> _24836_/D : -1.236492
[setup reg-reg] _25075_/Q -> _26952_/D : -1.236158
[setup reg-reg] _25087_/Q -> _27503_/D : -1.235947
[setup reg-reg] _25075_/Q -> _27169_/D : -1.235936
[setup reg-reg] _25075_/Q -> _27112_/D : -1.233572
[setup reg-reg] _25087_/Q -> _26796_/D : -1.233344
[setup reg-reg] _25087_/Q -> _26380_/D : -1.231999
[setup reg-reg] _25075_/Q -> _27176_/D : -1.228580
[setup reg-reg] _25075_/Q -> _26273_/D : -1.228532
[setup reg-reg] _25087_/Q -> _26767_/D : -1.224016
[setup reg-reg] _25087_/Q -> _25052_/D : -1.222661
[setup reg-reg] _25087_/Q -> _26063_/D : -1.222087
[setup reg-reg] _25075_/Q -> _25237_/D : -1.221146
[setup reg-reg] _25075_/Q -> _26881_/D : -1.220364
[setup reg-reg] _25075_/Q -> _25349_/D : -1.219609
[setup reg-reg] _25075_/Q -> _25896_/D : -1.215115
[setup reg-reg] _25075_/Q -> _27304_/D : -1.211333
[setup reg-reg] _25087_/Q -> _26095_/D : -1.209527
[setup reg-reg] _25087_/Q -> _25138_/D : -1.209253
[setup reg-reg] _25075_/Q -> _26817_/D : -1.209116
[setup reg-reg] _25075_/Q -> _27432_/D : -1.208438
[setup reg-reg] _25075_/Q -> _25225_/D : -1.207216
[setup reg-reg] _25075_/Q -> _25800_/D : -1.206738
[setup reg-reg] _25075_/Q -> _25248_/D : -1.204759
[setup reg-reg] _25075_/Q -> _26945_/D : -1.203965
[setup reg-reg] _25075_/Q -> _25103_/D : -1.203032
[setup reg-reg] _25075_/Q -> _25061_/D : -1.200371
[setup reg-reg] _25075_/Q -> _27201_/D : -1.198664
[setup reg-reg] _25087_/Q -> _26447_/D : -1.194723
[setup reg-reg] _25087_/Q -> _25262_/D : -1.193300
[setup reg-reg] _25075_/Q -> _25538_/D : -1.191587
[setup reg-reg] _25087_/Q -> _27089_/D : -1.190561
[setup reg-reg] _25075_/Q -> _25672_/D : -1.187583
[setup reg-reg] _25075_/Q -> _25960_/D : -1.187230
[setup reg-reg] _25087_/Q -> _26127_/D : -1.186447
[setup reg-reg] _25075_/Q -> _26696_/D : -1.186100
[setup reg-reg] _25075_/Q -> _27361_/D : -1.185015
[setup reg-reg] _25075_/Q -> _27457_/D : -1.184880
[setup reg-reg] _25075_/Q -> _25025_/D : -1.181309
[setup reg-reg] _25087_/Q -> _26833_/D : -1.177598
[setup reg-reg] _25087_/Q -> _27121_/D : -1.172397
[setup reg-reg] _25087_/Q -> _27471_/D : -1.161613
[setup reg-reg] _25087_/Q -> _26639_/D : -1.161551
[setup reg-reg] _25087_/Q -> _26287_/D : -1.158762
[setup reg-reg] _25075_/Q -> _25036_/D : -1.152113
[setup reg-reg] _25087_/Q -> _25065_/D : -1.147011
[setup reg-reg] _25087_/Q -> _26511_/D : -1.137835
[setup reg-reg] _25075_/Q -> _25047_/D : -1.135673
[setup reg-reg] _25087_/Q -> _25069_/D : -1.135067
[setup reg-reg] _25087_/Q -> _25871_/D : -1.133467
[setup reg-reg] _25087_/Q -> _27279_/D : -1.132467
[setup reg-reg] _25087_/Q -> _26910_/D : -1.132003
[setup reg-reg] _25087_/Q -> _26479_/D : -1.130410
[setup reg-reg] _25087_/Q -> _25679_/D : -1.129562
[setup reg-reg] _25087_/Q -> _27439_/D : -1.129171
[setup reg-reg] _25075_/Q -> _25253_/D : -1.125631
[setup reg-reg] _25075_/Q -> _25270_/D : -1.124036
[setup reg-reg] _25087_/Q -> _25694_/D : -1.122757
[setup reg-reg] _25087_/Q -> _25982_/D : -1.122588
[setup reg-reg] _25075_/Q -> _25571_/D : -1.121849
[setup reg-reg] _25087_/Q -> _26863_/D : -1.121819
[setup reg-reg] _25087_/Q -> _26415_/D : -1.121274
[setup reg-reg] _25087_/Q -> _26174_/D : -1.120592
[setup reg-reg] _25087_/Q -> _25903_/D : -1.120037
[setup reg-reg] _25087_/Q -> _26255_/D : -1.119846
[setup reg-reg] _25075_/Q -> _24825_/D : -1.118940
[setup reg-reg] _24936_/Q -> _25555_/D : -1.117718
[setup reg-reg] _25075_/Q -> _25201_/D : -1.117574
[setup reg-reg] _25087_/Q -> _26223_/D : -1.117090
[setup reg-reg] _25087_/Q -> _26718_/D : -1.116700
[setup reg-reg] _25087_/Q -> _25999_/D : -1.115218
[setup reg-reg] _25087_/Q -> _26513_/D : -1.113746
[setup reg-reg] _25087_/Q -> _25234_/D : -1.113419
[setup reg-reg] _25087_/Q -> _25647_/D : -1.112920
[setup reg-reg] _25087_/Q -> _26831_/D : -1.106299
[setup reg-reg] _25087_/Q -> _26001_/D : -1.105665
[setup reg-reg] _25087_/Q -> _25295_/D : -1.101540
[setup reg-reg] _25087_/Q -> _25617_/D : -1.098922
[setup reg-reg] _25087_/Q -> _25726_/D : -1.097602
[setup reg-reg] _25087_/Q -> _26607_/D : -1.096051
[setup reg-reg] _25087_/Q -> _26238_/D : -1.095739
[setup reg-reg] _25087_/Q -> _26543_/D : -1.094618
[setup reg-reg] _25087_/Q -> _25969_/D : -1.093284
[setup reg-reg] _25087_/Q -> _26385_/D : -1.085981
[setup reg-reg] _25087_/Q -> _27006_/D : -1.082782
[setup reg-reg] _25087_/Q -> _27217_/D : -1.081981
[setup reg-reg] _25087_/Q -> _26671_/D : -1.081704
[setup reg-reg] _25087_/Q -> _26225_/D : -1.081473
[setup reg-reg] _25087_/Q -> _26654_/D : -1.079998
[setup reg-reg] _25087_/Q -> _26799_/D : -1.076238
[setup reg-reg] _25087_/Q -> _27422_/D : -1.070228
[setup reg-reg] _25087_/Q -> _27230_/D : -1.067532
[setup reg-reg] _25087_/Q -> _25681_/D : -1.067136
[setup reg-reg] _25087_/Q -> _26974_/D : -1.066264
[setup reg-reg] _25087_/Q -> _27038_/D : -1.065835
[setup reg-reg] _25075_/Q -> _25233_/D : -1.062436
[setup reg-reg] _25087_/Q -> _24859_/D : -1.062061
[setup reg-reg] _25087_/Q -> _26033_/D : -1.061380
[setup reg-reg] _25087_/Q -> _26622_/D : -1.058478
[setup reg-reg] _25087_/Q -> _25020_/D : -1.058121
[setup reg-reg] _25087_/Q -> _26558_/D : -1.053280
[setup reg-reg] _25087_/Q -> _26000_/D : -1.052246
[setup reg-reg] _25075_/Q -> _26435_/D : -1.051232
[setup reg-reg] _24936_/Q -> _25374_/D : -1.050582
[setup reg-reg] _25087_/Q -> _26878_/D : -1.045649
[setup reg-reg] _25087_/Q -> _25950_/D : -1.042682
[setup reg-reg] _25087_/Q -> _25017_/D : -1.037750
[setup reg-reg] _25075_/Q -> _26499_/D : -1.036927
[setup reg-reg] _25087_/Q -> _26782_/D : -1.034604
[setup reg-reg] _25087_/Q -> _25745_/D : -1.033779
[setup reg-reg] _25075_/Q -> _25827_/D : -1.032003
[setup reg-reg] _25087_/Q -> _27390_/D : -1.028535
[setup reg-reg] _25075_/Q -> _27043_/D : -1.028427
[setup reg-reg] _25075_/Q -> _25795_/D : -1.025073
[setup reg-reg] _25087_/Q -> _26078_/D : -1.024498
[setup reg-reg] _25075_/Q -> _27523_/D : -1.021894
[setup reg-reg] _25087_/Q -> _25185_/D : -1.021135
[setup reg-reg] _25075_/Q -> _26627_/D : -1.020801
[setup reg-reg] _25087_/Q -> _27102_/D : -1.020668
[setup reg-reg] _25087_/Q -> _26320_/D : -1.014749
[setup reg-reg] _25075_/Q -> _25221_/D : -1.013346
[setup reg-reg] _25087_/Q -> _25230_/D : -1.012582
[setup reg-reg] _25087_/Q -> _27473_/D : -1.012124
[setup reg-reg] _25087_/Q -> _25790_/D : -1.010688
[setup reg-reg] _25087_/Q -> _26992_/D : -1.009976
[setup reg-reg] _25087_/Q -> _27584_/D : -1.009221
[setup reg-reg] _25087_/Q -> _26544_/D : -1.008372
[setup reg-reg] _25075_/Q -> _25256_/D : -1.006541
[setup reg-reg] _25087_/Q -> _27184_/D : -1.005864
[setup reg-reg] _25075_/Q -> _26691_/D : -1.005695
[setup reg-reg] _25087_/Q -> _26096_/D : -1.002412
[setup reg-reg] _25075_/Q -> _25022_/D : -1.001329
[setup reg-reg] _25075_/Q -> _26071_/D : -0.996918
[setup reg-reg] _25075_/Q -> _25031_/D : -0.994270
[setup reg-reg] _25087_/Q -> _25340_/D : -0.993316
[setup reg-reg] _25087_/Q -> _27472_/D : -0.993152
[setup reg-reg] _25087_/Q -> _26480_/D : -0.991689
[setup reg-reg] _25075_/Q -> _25113_/D : -0.990417
[setup reg-reg] _25087_/Q -> _25840_/D : -0.989994
[setup reg-reg] _25087_/Q -> _26576_/D : -0.989832
[setup reg-reg] _25087_/Q -> _27280_/D : -0.989120
[setup reg-reg] _25075_/Q -> _25229_/D : -0.985310
[setup reg-reg] _25087_/Q -> _25872_/D : -0.983162
[setup reg-reg] _25087_/Q -> _26800_/D : -0.982011
[setup reg-reg] _25087_/Q -> _27056_/D : -0.980295
[setup reg-reg] _25087_/Q -> _27152_/D : -0.979931
[setup reg-reg] _25087_/Q -> _25776_/D : -0.978609
[setup reg-reg] _25087_/Q -> _27440_/D : -0.977357
[setup reg-reg] _25087_/Q -> _27376_/D : -0.977060
[setup reg-reg] _25087_/Q -> _27216_/D : -0.974653
[setup reg-reg] _25087_/Q -> _26064_/D : -0.974186
[setup reg-reg] _25075_/Q -> _24868_/D : -0.973436
[setup reg-reg] _25087_/Q -> _25026_/D : -0.973413
[setup reg-reg] _25087_/Q -> _26449_/D : -0.972834
[setup reg-reg] _25087_/Q -> _26704_/D : -0.972159
[setup reg-reg] _25087_/Q -> _27248_/D : -0.969850
[setup reg-reg] _25087_/Q -> _25545_/D : -0.966713
[setup reg-reg] _25087_/Q -> _25968_/D : -0.966059
[setup reg-reg] _25087_/Q -> _26032_/D : -0.960323
[setup reg-reg] _25087_/Q -> _25775_/D : -0.960213
[setup reg-reg] _25087_/Q -> _26928_/D : -0.959203
[setup reg-reg] _25087_/Q -> _27377_/D : -0.958055
[setup reg-reg] _25087_/Q -> _26481_/D : -0.953660
[setup reg-reg] _25075_/Q -> _25300_/D : -0.953337
[setup reg-reg] _25087_/Q -> _26961_/D : -0.952321
[setup reg-reg] _25087_/Q -> _25615_/D : -0.951070
[setup reg-reg] _25087_/Q -> _25033_/D : -0.950525
[setup reg-reg] _25087_/Q -> _26897_/D : -0.949978
[setup reg-reg] _25087_/Q -> _27311_/D : -0.948852
[setup reg-reg] _25087_/Q -> _25585_/D : -0.947949
[setup reg-reg] _25087_/Q -> _26832_/D : -0.946708
[setup reg-reg] _25087_/Q -> _26046_/D : -0.946649
[setup reg-reg] _25087_/Q -> _26865_/D : -0.945889
[setup reg-reg] _25087_/Q -> _26736_/D : -0.945251
[setup reg-reg] _25087_/Q -> _26065_/D : -0.944436
[setup reg-reg] _25087_/Q -> _25777_/D : -0.943819
[setup reg-reg] _25087_/Q -> _27023_/D : -0.943132
[setup reg-reg] _25087_/Q -> _25841_/D : -0.942876
[setup reg-reg] _25087_/Q -> _27166_/D : -0.941807
[setup reg-reg] _25087_/Q -> _26737_/D : -0.940778
[setup reg-reg] _25087_/Q -> _26545_/D : -0.939787
[setup reg-reg] _25087_/Q -> _26641_/D : -0.938629
[setup reg-reg] _25087_/Q -> _26673_/D : -0.937606
[setup reg-reg] _25087_/Q -> _26321_/D : -0.936973
[setup reg-reg] _25087_/Q -> _26703_/D : -0.936677
[setup reg-reg] _25087_/Q -> _26686_/D : -0.932120
[setup reg-reg] _25087_/Q -> _26419_/D : -0.930788
[setup reg-reg] _25075_/Q -> _26083_/D : -0.930498
[setup reg-reg] _25087_/Q -> _25905_/D : -0.929894
[setup reg-reg] _25087_/Q -> _27057_/D : -0.929729
[setup reg-reg] _25087_/Q -> _26128_/D : -0.928292
[setup reg-reg] _25087_/Q -> _26191_/D : -0.928186
[setup reg-reg] _25087_/Q -> _26577_/D : -0.926510
[setup reg-reg] _25087_/Q -> _27441_/D : -0.925171
[setup reg-reg] _25087_/Q -> _25217_/D : -0.925098
[setup reg-reg] _25087_/Q -> _27024_/D : -0.924981
[setup reg-reg] _25087_/Q -> _26193_/D : -0.924459
[setup reg-reg] _25087_/Q -> _26161_/D : -0.923995
[setup reg-reg] _25075_/Q -> _24873_/D : -0.921089
[setup reg-reg] _25075_/Q -> _25041_/D : -0.920007
[setup reg-reg] _25075_/Q -> _25272_/D : -0.919256
[setup reg-reg] _25087_/Q -> _25971_/D : -0.919156
[setup reg-reg] _25075_/Q -> _27011_/D : -0.917870
[setup reg-reg] _25087_/Q -> _26353_/D : -0.917753
[setup reg-reg] _25087_/Q -> _24870_/D : -0.917074
[setup reg-reg] _25087_/Q -> _25713_/D : -0.916165
[setup reg-reg] _25087_/Q -> _27198_/D : -0.915698
[setup reg-reg] _25087_/Q -> _26366_/D : -0.914993
[setup reg-reg] _25087_/Q -> _27587_/D : -0.913786
[setup reg-reg] _25087_/Q -> _25843_/D : -0.913275
[setup reg-reg] _25087_/Q -> _26417_/D : -0.911678
[setup reg-reg] _25087_/Q -> _26430_/D : -0.910674
[setup reg-reg] _25087_/Q -> _26846_/D : -0.909271
[setup reg-reg] _25087_/Q -> _25566_/D : -0.909170
[setup reg-reg] _25087_/Q -> _24858_/D : -0.908711
[setup reg-reg] _25087_/Q -> _27091_/D : -0.908182
[setup reg-reg] _25087_/Q -> _25662_/D : -0.906734
[setup reg-reg] _25087_/Q -> _25779_/D : -0.902938
[setup reg-reg] _25087_/Q -> _26942_/D : -0.899949
[setup reg-reg] _25075_/Q -> _25635_/D : -0.899140
[setup reg-reg] _25087_/Q -> _25043_/D : -0.898661
[setup reg-reg] _25087_/Q -> _26993_/D : -0.898078
[setup reg-reg] _25087_/Q -> _26323_/D : -0.896812
[setup reg-reg] _25075_/Q -> _27235_/D : -0.896435
[setup reg-reg] _25087_/Q -> _26462_/D : -0.895479
[setup reg-reg] _25087_/Q -> _26398_/D : -0.894968
[setup reg-reg] _25087_/Q -> _25937_/D : -0.894618
[setup reg-reg] _25087_/Q -> _26929_/D : -0.894149
[setup reg-reg] _25087_/Q -> _25630_/D : -0.891385
[setup reg-reg] _25087_/Q -> _26334_/D : -0.890569
[setup reg-reg] _25087_/Q -> _27134_/D : -0.889788
[setup reg-reg] _25087_/Q -> _27313_/D : -0.887198
[setup reg-reg] _25087_/Q -> _26166_/D : -0.886280
[setup reg-reg] _25087_/Q -> _27062_/D : -0.884318
[setup reg-reg] _25075_/Q -> _25238_/D : -0.884199
[setup reg-reg] _25087_/Q -> _27347_/D : -0.883224
[setup reg-reg] _25087_/Q -> _25939_/D : -0.882968
[setup reg-reg] _25087_/Q -> _27446_/D : -0.882741
[setup reg-reg] _25087_/Q -> _26705_/D : -0.882240
[setup reg-reg] _25087_/Q -> _25878_/D : -0.881862
[setup reg-reg] _25075_/Q -> _24830_/D : -0.880927
[setup reg-reg] _25087_/Q -> _27510_/D : -0.880419
[setup reg-reg] _25087_/Q -> _26750_/D : -0.880231
[setup reg-reg] _25087_/Q -> _27219_/D : -0.878726
[setup reg-reg] _25087_/Q -> _26129_/D : -0.877536
[setup reg-reg] _25087_/Q -> _24833_/D : -0.876936
[setup reg-reg] _25075_/Q -> _25244_/D : -0.875245
[setup reg-reg] _25087_/Q -> _25528_/D : -0.870951
[setup reg-reg] _25087_/Q -> _25659_/D : -0.870488
[setup reg-reg] _25087_/Q -> _26230_/D : -0.865143
[setup reg-reg] _25087_/Q -> _25598_/D : -0.861171
[setup reg-reg] _25087_/Q -> _26710_/D : -0.860329
[setup reg-reg] _25087_/Q -> _27094_/D : -0.858453
[setup reg-reg] _25087_/Q -> _25910_/D : -0.856906
[setup reg-reg] _25087_/Q -> _25558_/D : -0.856161
[setup reg-reg] _25087_/Q -> _25822_/D : -0.854531
[setup reg-reg] _25087_/Q -> _25718_/D : -0.852847
[setup reg-reg] _25087_/Q -> _27358_/D : -0.852724
[setup reg-reg] _25087_/Q -> _26590_/D : -0.849797
[setup reg-reg] _25075_/Q -> _25965_/D : -0.848386
[setup reg-reg] _25087_/Q -> _26526_/D : -0.846956
[setup reg-reg] _25075_/Q -> _26231_/D : -0.846249
[setup reg-reg] _25087_/Q -> _26267_/D : -0.840735
[setup reg-reg] _25075_/Q -> _27154_/D : -0.837305
[setup reg-reg] _25075_/Q -> _24853_/D : -0.834225
[setup reg-reg] _25075_/Q -> _27117_/D : -0.833419
[setup reg-reg] _25087_/Q -> _27199_/D : -0.832131
[setup reg-reg] _25075_/Q -> _25018_/D : -0.829225
[setup reg-reg] _25087_/Q -> _26006_/D : -0.828969
[setup reg-reg] _25075_/Q -> _26445_/D : -0.827662
[setup reg-reg] _25087_/Q -> _26390_/D : -0.826807
[setup reg-reg] _25075_/Q -> _25521_/D : -0.825519
[setup reg-reg] _25075_/Q -> _27218_/D : -0.821496
[setup reg-reg] _25075_/Q -> _26130_/D : -0.819563
[setup reg-reg] _25075_/Q -> _26599_/D : -0.819435
[setup reg-reg] _25075_/Q -> _25997_/D : -0.819274
[setup reg-reg] _25075_/Q -> _25842_/D : -0.818137
[setup reg-reg] _25075_/Q -> _25548_/D : -0.817707
[setup reg-reg] _25087_/Q -> _25281_/D : -0.816994
[setup reg-reg] _25087_/Q -> _26270_/D : -0.814847
[setup reg-reg] _25087_/Q -> _25015_/D : -0.813985
[setup reg-reg] _25087_/Q -> _27030_/D : -0.812358
[setup reg-reg] _25075_/Q -> _26957_/D : -0.812145
[setup reg-reg] _25075_/Q -> _27469_/D : -0.811697
[setup reg-reg] _25087_/Q -> _24823_/D : -0.810644
[setup reg-reg] _25087_/Q -> _26079_/D : -0.809555
[setup reg-reg] _25075_/Q -> _25927_/D : -0.809154
[setup reg-reg] _25087_/Q -> _27222_/D : -0.808456
[setup reg-reg] _25087_/Q -> _27190_/D : -0.805427
[setup reg-reg] _25075_/Q -> _27533_/D : -0.803874
[setup reg-reg] _25087_/Q -> _25663_/D : -0.801879
[setup reg-reg] _25075_/Q -> _27586_/D : -0.801371
[setup reg-reg] _25075_/Q -> _27575_/D : -0.800794
[setup reg-reg] _25075_/Q -> _26695_/D : -0.799812
[setup reg-reg] _25075_/Q -> _25815_/D : -0.797241
[setup reg-reg] _25075_/Q -> _25276_/D : -0.796977
[setup reg-reg] _25075_/Q -> _26247_/D : -0.796918
[setup reg-reg] _25087_/Q -> _27478_/D : -0.794699
[setup reg-reg] _25075_/Q -> _26701_/D : -0.794593
[setup reg-reg] _25075_/Q -> _25837_/D : -0.794017
[setup reg-reg] _25075_/Q -> _26279_/D : -0.793827
[setup reg-reg] _25075_/Q -> _26663_/D : -0.793730
[setup reg-reg] _25075_/Q -> _27341_/D : -0.792861
[setup reg-reg] _25075_/Q -> _25767_/D : -0.791484
[setup reg-reg] _25087_/Q -> _27158_/D : -0.789402
[setup reg-reg] _25087_/Q -> _25791_/D : -0.787949
[setup reg-reg] _25087_/Q -> _25974_/D : -0.786132
[setup reg-reg] _25075_/Q -> _26802_/D : -0.783567
[setup reg-reg] _25075_/Q -> _26999_/D : -0.780659
[setup reg-reg] _25087_/Q -> _25008_/D : -0.780306
[setup reg-reg] _25075_/Q -> _26157_/D : -0.780224
[setup reg-reg] _25075_/Q -> _26519_/D : -0.779799
[setup reg-reg] _25075_/Q -> _27474_/D : -0.779620
[setup reg-reg] _25075_/Q -> _26738_/D : -0.779051
[setup reg-reg] _25087_/Q -> _26623_/D : -0.776602
[setup reg-reg] _25075_/Q -> _27207_/D : -0.773582
[setup reg-reg] _25075_/Q -> _25266_/D : -0.773483
[setup reg-reg] _25075_/Q -> _25703_/D : -0.770907
[setup reg-reg] _25075_/Q -> _25575_/D : -0.769932
[setup reg-reg] _25075_/Q -> _25261_/D : -0.767511
[setup reg-reg] _25075_/Q -> _26263_/D : -0.767496
[setup reg-reg] _25075_/Q -> _26061_/D : -0.767368
[setup reg-reg] _25075_/Q -> _26541_/D : -0.765668
[setup reg-reg] _25087_/Q -> _25331_/D : -0.765523
[setup reg-reg] _25087_/Q -> _26335_/D : -0.764864
[setup reg-reg] _25075_/Q -> _26583_/D : -0.763626
[setup reg-reg] _25087_/Q -> _26271_/D : -0.762537
[setup reg-reg] _25075_/Q -> _27085_/D : -0.762261
[setup reg-reg] _25075_/Q -> _26631_/D : -0.762119
[setup reg-reg] _25075_/Q -> _26413_/D : -0.761929
[setup reg-reg] _25075_/Q -> _27367_/D : -0.761283
[setup reg-reg] _25087_/Q -> _26943_/D : -0.761089
[setup reg-reg] _25087_/Q -> _25339_/D : -0.760661
[setup reg-reg] _24936_/Q -> _25375_/D : -0.760320
[setup reg-reg] _25075_/Q -> _25869_/D : -0.759307
[setup reg-reg] _25075_/Q -> _27245_/D : -0.757874
[setup reg-reg] _25075_/Q -> _27431_/D : -0.756543
[setup reg-reg] _25075_/Q -> _26962_/D : -0.755680
[setup reg-reg] _25075_/Q -> _26887_/D : -0.750323
[setup reg-reg] _25075_/Q -> _26925_/D : -0.750278
[setup reg-reg] _25075_/Q -> _25265_/D : -0.747935
[setup reg-reg] _25075_/Q -> _25334_/D : -0.746185
[setup reg-reg] _25075_/Q -> _26509_/D : -0.740938
[setup reg-reg] _25075_/Q -> _26605_/D : -0.737638
[setup reg-reg] _25087_/Q -> _25294_/D : -0.737289
[setup reg-reg] _25075_/Q -> _26359_/D : -0.735739
[setup reg-reg] _25087_/Q -> _25239_/D : -0.732381
[setup reg-reg] _25087_/Q -> _25243_/D : -0.731200
[setup reg-reg] _25075_/Q -> _26285_/D : -0.729216
[setup reg-reg] _25087_/Q -> _25021_/D : -0.725835
[setup reg-reg] _25075_/Q -> _26807_/D : -0.725118
[setup reg-reg] _25075_/Q -> _26810_/D : -0.723658
[setup reg-reg] _25087_/Q -> _27003_/D : -0.723610
[setup reg-reg] _25075_/Q -> _26215_/D : -0.722666
[setup reg-reg] _25087_/Q -> _25727_/D : -0.722519
[setup reg-reg] _25087_/Q -> _25919_/D : -0.719693
[setup reg-reg] _25087_/Q -> _25285_/D : -0.715655
[setup reg-reg] _25087_/Q -> _25306_/D : -0.713477
[setup reg-reg] _25075_/Q -> _27015_/D : -0.711854
[setup reg-reg] _25075_/Q -> _27386_/D : -0.706805
[setup reg-reg] _25087_/Q -> _26587_/D : -0.706800
[setup reg-reg] _25075_/Q -> _25786_/D : -0.704736
[setup reg-reg] _25087_/Q -> _27007_/D : -0.702283
[setup reg-reg] _25075_/Q -> _25613_/D : -0.694802
[setup reg-reg] _25075_/Q -> _27095_/D : -0.690045
[setup reg-reg] _25087_/Q -> _26196_/D : -0.689401
[setup reg-reg] _25075_/Q -> _25562_/D : -0.688381
[setup reg-reg] _25087_/Q -> _25550_/D : -0.686987
[setup reg-reg] _25075_/Q -> _26026_/D : -0.685217
[setup reg-reg] _25075_/Q -> _25023_/D : -0.681336
[setup reg-reg] _25087_/Q -> _26619_/D : -0.676934
[setup reg-reg] _25075_/Q -> _26167_/D : -0.676463
[setup reg-reg] _25087_/Q -> _26939_/D : -0.676346
[setup reg-reg] _25087_/Q -> _25298_/D : -0.674882
[setup reg-reg] _25087_/Q -> _27323_/D : -0.673660
[setup reg-reg] _25087_/Q -> _25627_/D : -0.673053
[setup reg-reg] _25087_/Q -> _26235_/D : -0.672257
[setup reg-reg] _25087_/Q -> _27563_/D : -0.667326
[setup reg-reg] _25087_/Q -> _27195_/D : -0.664624
[setup reg-reg] _25087_/Q -> _26260_/D : -0.663805
[setup reg-reg] _25075_/Q -> _26042_/D : -0.662503
[setup reg-reg] _25075_/Q -> _25642_/D : -0.661146
[setup reg-reg] _25087_/Q -> _26100_/D : -0.657638
[setup reg-reg] _25075_/Q -> _26730_/D : -0.656264
[setup reg-reg] _25075_/Q -> _25784_/D : -0.655978
[setup reg-reg] _25075_/Q -> _27018_/D : -0.653385
[setup reg-reg] _25087_/Q -> _27423_/D : -0.653053
[setup reg-reg] _25087_/Q -> _26491_/D : -0.652891
[setup reg-reg] _25075_/Q -> _26330_/D : -0.652868
[setup reg-reg] _25087_/Q -> _27508_/D : -0.651898
[setup reg-reg] _25075_/Q -> _26922_/D : -0.651344
[setup reg-reg] _25087_/Q -> _26911_/D : -0.650173
[setup reg-reg] _25087_/Q -> _25947_/D : -0.648205
[setup reg-reg] _25087_/Q -> _27092_/D : -0.646601
[setup reg-reg] _25087_/Q -> _27071_/D : -0.645688
[setup reg-reg] _25075_/Q -> _26378_/D : -0.643814
[setup reg-reg] _25075_/Q -> _27434_/D : -0.642197
[setup reg-reg] _25087_/Q -> _26395_/D : -0.640727
[setup reg-reg] _25075_/Q -> _25610_/D : -0.637215
[setup reg-reg] _25075_/Q -> _26122_/D : -0.634147
[setup reg-reg] _25087_/Q -> _25529_/D : -0.633975
[setup reg-reg] _25075_/Q -> _27146_/D : -0.630148
[setup reg-reg] _25075_/Q -> _26346_/D : -0.627182
[setup reg-reg] _25075_/Q -> _25866_/D : -0.624365
[setup reg-reg] _25075_/Q -> _26871_/D : -0.622272
[setup reg-reg] _25075_/Q -> _27402_/D : -0.619798
[setup reg-reg] _25087_/Q -> _26207_/D : -0.619156
[setup reg-reg] _25075_/Q -> _25271_/D : -0.618575
[setup reg-reg] _25075_/Q -> _25522_/D : -0.614833
[setup reg-reg] _25075_/Q -> _26904_/D : -0.612804
[setup reg-reg] _25087_/Q -> _27519_/D : -0.612614
[setup reg-reg] _25087_/Q -> _25335_/D : -0.612198
[setup reg-reg] _25075_/Q -> _26775_/D : -0.610964
[setup reg-reg] _25087_/Q -> _26612_/D : -0.610962
[setup reg-reg] _25087_/Q -> _25755_/D : -0.607512
[setup reg-reg] _25075_/Q -> _25289_/D : -0.607326
[setup reg-reg] _25087_/Q -> _26975_/D : -0.607326
[setup reg-reg] _25075_/Q -> _26980_/D : -0.606908
[setup reg-reg] _25075_/Q -> _26986_/D : -0.606722
[setup reg-reg] _25075_/Q -> _26456_/D : -0.606418
[setup reg-reg] _25075_/Q -> _26776_/D : -0.605098
[setup reg-reg] _25075_/Q -> _25848_/D : -0.604894
[setup reg-reg] _25075_/Q -> _25990_/D : -0.604757
[setup reg-reg] _25075_/Q -> _26744_/D : -0.603880
[setup reg-reg] _25087_/Q -> _25288_/D : -0.600965
[setup reg-reg] _25075_/Q -> _25068_/D : -0.600613
[setup reg-reg] _25075_/Q -> _26968_/D : -0.600506
[setup reg-reg] _25087_/Q -> _24818_/D : -0.597993
[setup reg-reg] _25075_/Q -> _26194_/D : -0.597208
[setup reg-reg] _25075_/Q -> _25618_/D : -0.595829
[setup reg-reg] _25087_/Q -> _25328_/D : -0.595508
[setup reg-reg] _25087_/Q -> _26715_/D : -0.592754
[setup reg-reg] _25075_/Q -> _26712_/D : -0.591241
[setup reg-reg] _25087_/Q -> _26644_/D : -0.590513
[setup reg-reg] _25075_/Q -> _27206_/D : -0.590315
[setup reg-reg] _25075_/Q -> _25944_/D : -0.589361
[setup reg-reg] _25075_/Q -> _25722_/D : -0.584596
[setup reg-reg] _25075_/Q -> _27410_/D : -0.582910
[setup reg-reg] _25087_/Q -> _27028_/D : -0.577725
[setup reg-reg] _25075_/Q -> _25810_/D : -0.577352
[setup reg-reg] _25075_/Q -> _26918_/D : -0.577172
[setup reg-reg] _25075_/Q -> _25290_/D : -0.574996
[setup reg-reg] _25075_/Q -> _27110_/D : -0.574872
[setup reg-reg] _25075_/Q -> _25796_/D : -0.573598
[setup reg-reg] _24936_/Q -> _25372_/D : -0.573488
[setup reg-reg] _25075_/Q -> _25586_/D : -0.572870
[setup reg-reg] _25075_/Q -> _27319_/D : -0.572118
[setup reg-reg] _25075_/Q -> _26066_/D : -0.569584
[setup reg-reg] _25075_/Q -> _25847_/D : -0.567702
[setup reg-reg] _25075_/Q -> _27026_/D : -0.562210
[setup reg-reg] _25075_/Q -> _25012_/D : -0.561432
[setup reg-reg] _25075_/Q -> _27250_/D : -0.560895
[setup reg-reg] _25075_/Q -> _25943_/D : -0.559650
[setup reg-reg] _25075_/Q -> _25938_/D : -0.556216
[setup reg-reg] _25075_/Q -> _26362_/D : -0.552609
[setup reg-reg] _25075_/Q -> _26354_/D : -0.549576
[setup reg-reg] _25075_/Q -> _26290_/D : -0.546242
[setup reg-reg] _25075_/Q -> _25236_/D : -0.545409
[setup reg-reg] _25087_/Q -> _25525_/D : -0.544137
[setup reg-reg] _25075_/Q -> _27258_/D : -0.544084
[setup reg-reg] _25075_/Q -> _27562_/D : -0.542720
[setup reg-reg] _25087_/Q -> _26572_/D : -0.541732
[setup reg-reg] _25087_/Q -> _25964_/D : -0.536714
[setup reg-reg] _25075_/Q -> _26615_/D : -0.536467
[setup reg-reg] _25075_/Q -> _27442_/D : -0.532028
[setup reg-reg] _25075_/Q -> _26212_/D : -0.530628
[setup reg-reg] _25087_/Q -> _24817_/D : -0.529258
[setup reg-reg] _25075_/Q -> _26534_/D : -0.527651
[setup reg-reg] _25075_/Q -> _25862_/D : -0.526450
[setup reg-reg] _25075_/Q -> _26610_/D : -0.525496
[setup reg-reg] _25075_/Q -> _24812_/D : -0.523837
[setup reg-reg] _25075_/Q -> _26054_/D : -0.522823
[setup reg-reg] _25075_/Q -> _25798_/D : -0.521464
[setup reg-reg] _25075_/Q -> _26135_/D : -0.520002
[setup reg-reg] _25075_/Q -> _25882_/D : -0.516957
[setup reg-reg] _25075_/Q -> _26546_/D : -0.514772
[setup reg-reg] _25075_/Q -> _27494_/D : -0.513886
[setup reg-reg] _25075_/Q -> _25894_/D : -0.513866
[setup reg-reg] _25075_/Q -> _26642_/D : -0.512449
[setup reg-reg] _25075_/Q -> _26994_/D : -0.511774
[setup reg-reg] _25075_/Q -> _27462_/D : -0.511140
[setup reg-reg] _25075_/Q -> _26482_/D : -0.510679
[setup reg-reg] _25075_/Q -> _27351_/D : -0.509264
[setup reg-reg] _25087_/Q -> _25787_/D : -0.507324
[setup reg-reg] _25075_/Q -> _26886_/D : -0.506970
[setup reg-reg] _25075_/Q -> _26765_/D : -0.504629
[setup reg-reg] _25075_/Q -> _25958_/D : -0.503285
[setup reg-reg] _25075_/Q -> _26418_/D : -0.500357
[setup reg-reg] _25075_/Q -> _26874_/D : -0.500144
[setup reg-reg] _25075_/Q -> _25734_/D : -0.499966
[setup reg-reg] _25075_/Q -> _27430_/D : -0.499087
[setup reg-reg] _25075_/Q -> _27238_/D : -0.497423
[setup reg-reg] _25075_/Q -> _26662_/D : -0.495211
[setup reg-reg] _25075_/Q -> _26790_/D : -0.492785
[setup reg-reg] _25075_/Q -> _27574_/D : -0.491458
[setup reg-reg] _25075_/Q -> _26118_/D : -0.489141
[setup reg-reg] _25075_/Q -> _27078_/D : -0.488637
[setup reg-reg] _25075_/Q -> _26694_/D : -0.488438
[setup reg-reg] _25075_/Q -> _26502_/D : -0.488301
[setup reg-reg] _25075_/Q -> _27191_/D : -0.485040
[setup reg-reg] _25075_/Q -> _26854_/D : -0.483986
[setup reg-reg] _25075_/Q -> _25536_/D : -0.483684
[setup reg-reg] _25075_/Q -> _27398_/D : -0.483180
[setup reg-reg] _25087_/Q -> _26555_/D : -0.482622
[setup reg-reg] _25075_/Q -> _26726_/D : -0.482018
[setup reg-reg] _25075_/Q -> _25783_/D : -0.481839
[setup reg-reg] _25075_/Q -> _26982_/D : -0.481773
[setup reg-reg] _25075_/Q -> _24832_/D : -0.479936
[setup reg-reg] _25075_/Q -> _25702_/D : -0.473728
[setup reg-reg] _25075_/Q -> _26630_/D : -0.472602
[setup reg-reg] _25075_/Q -> _25670_/D : -0.469415
[setup reg-reg] _25075_/Q -> _25926_/D : -0.466827
[setup reg-reg] _25075_/Q -> _26010_/D : -0.465528
[setup reg-reg] _25087_/Q -> _27355_/D : -0.461668
[setup reg-reg] _25087_/Q -> _25046_/D : -0.461471
[setup reg-reg] _25075_/Q -> _27159_/D : -0.455719
[setup reg-reg] _25075_/Q -> _26632_/D : -0.451690
[setup reg-reg] _25075_/Q -> _26536_/D : -0.450946
[setup reg-reg] _25075_/Q -> _26391_/D : -0.450914
[setup reg-reg] _25087_/Q -> _25211_/D : -0.450749
[setup reg-reg] _25087_/Q -> _25595_/D : -0.450202
[setup reg-reg] _25075_/Q -> _26152_/D : -0.447102
[setup reg-reg] _25075_/Q -> _26344_/D : -0.446594
[setup reg-reg] _25075_/Q -> _26049_/D : -0.446349
[setup reg-reg] _25087_/Q -> _26171_/D : -0.445581
[setup reg-reg] _25075_/Q -> _25736_/D : -0.441862
[setup reg-reg] _25075_/Q -> _25766_/D : -0.441640
[setup reg-reg] _25075_/Q -> _25352_/D : -0.440918
[setup reg-reg] _25075_/Q -> _26903_/D : -0.440730
[setup reg-reg] _25075_/Q -> _27572_/D : -0.439297
[setup reg-reg] _25075_/Q -> _25606_/D : -0.438954
[setup reg-reg] _25087_/Q -> _25599_/D : -0.437305
[setup reg-reg] _25087_/Q -> _26331_/D : -0.436375
[setup reg-reg] _25075_/Q -> _26711_/D : -0.435021
[setup reg-reg] _25087_/Q -> _26459_/D : -0.433518
[setup reg-reg] _25075_/Q -> _27012_/D : -0.433294
[setup reg-reg] _25087_/Q -> _26783_/D : -0.432117
[setup reg-reg] _25075_/Q -> _27048_/D : -0.431717
[setup reg-reg] _25075_/Q -> _27400_/D : -0.431566
[setup reg-reg] _25087_/Q -> _26015_/D : -0.430056
[setup reg-reg] _25075_/Q -> _26500_/D : -0.427370
[setup reg-reg] _25075_/Q -> _27144_/D : -0.426530
[setup reg-reg] _25087_/Q -> _24829_/D : -0.426352
[setup reg-reg] _25087_/Q -> _25212_/D : -0.425521
[setup reg-reg] _25075_/Q -> _26244_/D : -0.424244
[setup reg-reg] _25075_/Q -> _26664_/D : -0.423302
[setup reg-reg] _25075_/Q -> _27287_/D : -0.422036
[setup reg-reg] _25075_/Q -> _27525_/D : -0.420206
[setup reg-reg] _25075_/Q -> _26756_/D : -0.419705
[setup reg-reg] _25087_/Q -> _26428_/D : -0.419417
[setup reg-reg] _25075_/Q -> _26120_/D : -0.418906
[setup reg-reg] _25075_/Q -> _24827_/D : -0.418240
[setup reg-reg] _25075_/Q -> _27576_/D : -0.417032
[setup reg-reg] _25075_/Q -> _26312_/D : -0.416609
[setup reg-reg] _25087_/Q -> _25979_/D : -0.414133
[setup reg-reg] _25087_/Q -> _27419_/D : -0.410591
[setup reg-reg] _25087_/Q -> _27359_/D : -0.410472
[setup reg-reg] _25087_/Q -> _26463_/D : -0.409839
[setup reg-reg] _25087_/Q -> _27163_/D : -0.409328
[setup reg-reg] _25075_/Q -> _26888_/D : -0.408260
[setup reg-reg] _25087_/Q -> _26843_/D : -0.406653
[setup reg-reg] _25075_/Q -> _27479_/D : -0.406173
[setup reg-reg] _25075_/Q -> _26660_/D : -0.405795
[setup reg-reg] _25075_/Q -> _27300_/D : -0.405066
[setup reg-reg] _25087_/Q -> _26011_/D : -0.404865
[setup reg-reg] _25075_/Q -> _25009_/D : -0.401887
[setup reg-reg] _25087_/Q -> _25563_/D : -0.400648
[setup reg-reg] _25087_/Q -> _27451_/D : -0.400087
[setup reg-reg] _25087_/Q -> _26075_/D : -0.399776
[setup reg-reg] _25075_/Q -> _27044_/D : -0.398794
[setup reg-reg] _25075_/Q -> _26820_/D : -0.397396
[setup reg-reg] _25075_/Q -> _27428_/D : -0.397357
[setup reg-reg] _25075_/Q -> _25892_/D : -0.397055
[setup reg-reg] _25087_/Q -> _26527_/D : -0.396838
[setup reg-reg] _25087_/Q -> _27259_/D : -0.394763
[setup reg-reg] _25087_/Q -> _25323_/D : -0.394609
[setup reg-reg] _25087_/Q -> _26747_/D : -0.394591
[setup reg-reg] _25075_/Q -> _27559_/D : -0.394541
[setup reg-reg] _25087_/Q -> _26363_/D : -0.393507
[setup reg-reg] _25087_/Q -> _26812_/D : -0.392742
[setup reg-reg] _25075_/Q -> _26856_/D : -0.392598
[setup reg-reg] _25087_/Q -> _26523_/D : -0.392518
[setup reg-reg] _25075_/Q -> _25732_/D : -0.388997
[setup reg-reg] _25075_/Q -> _25988_/D : -0.388813
[setup reg-reg] _25075_/Q -> _25608_/D : -0.387976
[setup reg-reg] _25075_/Q -> _27492_/D : -0.386205
[setup reg-reg] _25087_/Q -> _24881_/D : -0.386152
[setup reg-reg] _25075_/Q -> _27046_/D : -0.385601
[setup reg-reg] _25075_/Q -> _26941_/D : -0.385246
[setup reg-reg] _25087_/Q -> _25121_/D : -0.385199
[setup reg-reg] _25075_/Q -> _26376_/D : -0.382231
[setup reg-reg] _25075_/Q -> _26342_/D : -0.381441
[setup reg-reg] _25075_/Q -> _26781_/D : -0.379012
[setup reg-reg] _25075_/Q -> _26214_/D : -0.377499
[setup reg-reg] _25075_/Q -> _25832_/D : -0.375023
[setup reg-reg] _25075_/Q -> _26568_/D : -0.374799
[setup reg-reg] _25075_/Q -> _26984_/D : -0.372909
[setup reg-reg] _25087_/Q -> _25883_/D : -0.371886
[setup reg-reg] _25075_/Q -> _26621_/D : -0.369587
[setup reg-reg] _25087_/Q -> _25756_/D : -0.369372
[setup reg-reg] _25087_/Q -> _26907_/D : -0.369091
[setup reg-reg] _25075_/Q -> _25042_/D : -0.368445
[setup reg-reg] _25087_/Q -> _25980_/D : -0.365166
[setup reg-reg] _25087_/Q -> _26684_/D : -0.364336
[setup reg-reg] _25087_/Q -> _25820_/D : -0.361933
[setup reg-reg] _25075_/Q -> _26039_/D : -0.359830
[setup reg-reg] _25087_/Q -> _25948_/D : -0.355778
[setup reg-reg] _25075_/Q -> _26728_/D : -0.355223
[setup reg-reg] _25087_/Q -> _26204_/D : -0.354822
[setup reg-reg] _25087_/Q -> _27100_/D : -0.354619
[setup reg-reg] _25087_/Q -> _25692_/D : -0.353435
[setup reg-reg] _25087_/Q -> _26769_/D : -0.349681
[setup reg-reg] _25075_/Q -> _25629_/D : -0.346930
[setup reg-reg] _25087_/Q -> _27228_/D : -0.344734
[setup reg-reg] _25087_/Q -> _26139_/D : -0.343837
[setup reg-reg] _25075_/Q -> _26007_/D : -0.343517
[setup reg-reg] _25075_/Q -> _26013_/D : -0.341204
[setup reg-reg] _25075_/Q -> _25665_/D : -0.339428
[setup reg-reg] _25075_/Q -> _27073_/D : -0.338670
[setup reg-reg] _25075_/Q -> _25981_/D : -0.337863
[setup reg-reg] _25075_/Q -> _25655_/D : -0.336481
[setup reg-reg] _25075_/Q -> _25889_/D : -0.334152
[setup reg-reg] _25087_/Q -> _27585_/D : -0.333808
[setup reg-reg] _25087_/Q -> _27324_/D : -0.330466
[setup reg-reg] _25075_/Q -> _27069_/D : -0.327223
[setup reg-reg] _25075_/Q -> _26785_/D : -0.324050
[setup reg-reg] _25075_/Q -> _27302_/D : -0.323794
[setup reg-reg] _25075_/Q -> _26551_/D : -0.322441
[setup reg-reg] _25075_/Q -> _25793_/D : -0.319336
[setup reg-reg] _25075_/Q -> _25761_/D : -0.318590
[setup reg-reg] _25075_/Q -> _25559_/D : -0.316863
[setup reg-reg] _25075_/Q -> _24863_/D : -0.316119
[setup reg-reg] _25075_/Q -> _24883_/D : -0.313255
[setup reg-reg] _25087_/Q -> _27249_/D : -0.310150
[setup reg-reg] _25075_/Q -> _26301_/D : -0.310035
[setup reg-reg] _25075_/Q -> _25697_/D : -0.308876
[setup reg-reg] _25075_/Q -> _27137_/D : -0.308523
[setup reg-reg] _25075_/Q -> _27265_/D : -0.307635
[setup reg-reg] _25075_/Q -> _27489_/D : -0.307317
[setup reg-reg] _25075_/Q -> _25601_/D : -0.307018
[setup reg-reg] _25075_/Q -> _26913_/D : -0.305260
[setup reg-reg] _25075_/Q -> _27014_/D : -0.303894
[setup reg-reg] _25087_/Q -> _26557_/D : -0.298662
[setup reg-reg] _25075_/Q -> _26109_/D : -0.294294
[setup reg-reg] _25075_/Q -> _27569_/D : -0.291879
[setup reg-reg] _25075_/Q -> _25985_/D : -0.291712
[setup reg-reg] _25075_/Q -> _26977_/D : -0.290292
[setup reg-reg] _25075_/Q -> _25917_/D : -0.290273
[setup reg-reg] _25075_/Q -> _26593_/D : -0.290141
[setup reg-reg] _25075_/Q -> _27105_/D : -0.289349
[setup reg-reg] _25087_/Q -> _27025_/D : -0.286171
[setup reg-reg] _25075_/Q -> _27336_/D : -0.283439
[setup reg-reg] _25075_/Q -> _26653_/D : -0.282149
[setup reg-reg] _25075_/Q -> _25751_/D : -0.280691
[setup reg-reg] _25075_/Q -> _26408_/D : -0.280336
[setup reg-reg] _25075_/Q -> _25853_/D : -0.278598
[setup reg-reg] _25075_/Q -> _27297_/D : -0.276613
[setup reg-reg] _25075_/Q -> _27233_/D : -0.275470
[setup reg-reg] _25087_/Q -> _26383_/D : -0.274643
[setup reg-reg] _25075_/Q -> _25857_/D : -0.274392
[setup reg-reg] _25075_/Q -> _26529_/D : -0.272053
[setup reg-reg] _25075_/Q -> _26753_/D : -0.271259
[setup reg-reg] _25075_/Q -> _27009_/D : -0.269699
[setup reg-reg] _25087_/Q -> _27133_/D : -0.268868
[setup reg-reg] _25075_/Q -> _25531_/D : -0.268583
[setup reg-reg] _25075_/Q -> _25885_/D : -0.264560
[setup reg-reg] _25075_/Q -> _25318_/D : -0.263462
[setup reg-reg] _25075_/Q -> _27080_/D : -0.263301
[setup reg-reg] _25075_/Q -> _24872_/D : -0.262817
[setup reg-reg] _25075_/Q -> _26625_/D : -0.262608
[setup reg-reg] _25075_/Q -> _27393_/D : -0.261354
[setup reg-reg] _25087_/Q -> _25809_/D : -0.260355
[setup reg-reg] _25087_/Q -> _27101_/D : -0.258753
[setup reg-reg] _25075_/Q -> _26849_/D : -0.258167
[setup reg-reg] _25087_/Q -> _25873_/D : -0.256920
[setup reg-reg] _25075_/Q -> _25311_/D : -0.252697
[setup reg-reg] _25087_/Q -> _25115_/D : -0.249397
[setup reg-reg] _25087_/Q -> _26779_/D : -0.248955
[setup reg-reg] _25075_/Q -> _27016_/D : -0.248946
[setup reg-reg] _25075_/Q -> _26600_/D : -0.242959
[setup reg-reg] _25087_/Q -> _26608_/D : -0.232550
[setup reg-reg] _25075_/Q -> _24865_/D : -0.231735
[setup reg-reg] _25087_/Q -> _26299_/D : -0.230424
[setup reg-reg] _25087_/Q -> _27570_/D : -0.228175
[setup reg-reg] _25087_/Q -> _27291_/D : -0.227901
[setup reg-reg] _25087_/Q -> _27067_/D : -0.225279
[setup reg-reg] _25087_/Q -> _27185_/D : -0.225162
[setup reg-reg] _25075_/Q -> _27520_/D : -0.225029
[setup reg-reg] _25087_/Q -> _26141_/D : -0.224810
[setup reg-reg] _25087_/Q -> _25723_/D : -0.220348
[setup reg-reg] _25087_/Q -> _27202_/D : -0.216655
[setup reg-reg] _25075_/Q -> _25207_/D : -0.214532
[setup reg-reg] _25087_/Q -> _27483_/D : -0.213856
[setup reg-reg] _25075_/Q -> _25258_/D : -0.210489
[setup reg-reg] _25087_/Q -> _27490_/D : -0.209736
[setup reg-reg] _25087_/Q -> _24860_/D : -0.203050
[setup reg-reg] _25087_/Q -> _27229_/D : -0.202789
[setup reg-reg] _25087_/Q -> _26946_/D : -0.200901
[setup reg-reg] _25075_/Q -> _25704_/D : -0.200387
[setup reg-reg] _25087_/Q -> _26504_/D : -0.199522
[setup reg-reg] _25087_/Q -> _26690_/D : -0.197669
[setup reg-reg] _25087_/Q -> _26056_/D : -0.196239
[setup reg-reg] _25087_/Q -> _27266_/D : -0.196009
[setup reg-reg] _25087_/Q -> _26216_/D : -0.194911
[setup reg-reg] _25087_/Q -> _26269_/D : -0.194722
[setup reg-reg] _25087_/Q -> _25680_/D : -0.191788
[setup reg-reg] _25087_/Q -> _26306_/D : -0.187544
[setup reg-reg] _25087_/Q -> _25762_/D : -0.186505
[setup reg-reg] _25087_/Q -> _26365_/D : -0.185757
[setup reg-reg] _25087_/Q -> _26498_/D : -0.185240
[setup reg-reg] _25087_/Q -> _26658_/D : -0.184855
[setup reg-reg] _25087_/Q -> _27298_/D : -0.184118
[setup reg-reg] _25087_/Q -> _25570_/D : -0.182681
[setup reg-reg] _25087_/Q -> _27458_/D : -0.182187
[setup reg-reg] _25075_/Q -> _25928_/D : -0.178831
[setup reg-reg] _25087_/Q -> _26274_/D : -0.177412
[setup reg-reg] _25087_/Q -> _27394_/D : -0.176605
[setup reg-reg] _25087_/Q -> _26594_/D : -0.173829
[setup reg-reg] _25075_/Q -> _26877_/D : -0.173772
[setup reg-reg] _25087_/Q -> _26242_/D : -0.170237
[setup reg-reg] _25087_/Q -> _27042_/D : -0.170045
[setup reg-reg] _25087_/Q -> _25794_/D : -0.169619
[setup reg-reg] _25087_/Q -> _25532_/D : -0.168670
[setup reg-reg] _25087_/Q -> _25602_/D : -0.168317
[setup reg-reg] _25087_/Q -> _25326_/D : -0.167663
[setup reg-reg] _25075_/Q -> _24842_/D : -0.166596
[setup reg-reg] _25087_/Q -> _25826_/D : -0.163864
[setup reg-reg] _25087_/Q -> _27368_/D : -0.161887
[setup reg-reg] _25087_/Q -> _25584_/D : -0.161695
[setup reg-reg] _25087_/Q -> _26626_/D : -0.160693
[setup reg-reg] _25087_/Q -> _26178_/D : -0.156378
[setup reg-reg] _25075_/Q -> _26333_/D : -0.155602
[setup reg-reg] _25087_/Q -> _27197_/D : -0.155465
[setup reg-reg] _25087_/Q -> _25364_/D : -0.153479
[setup reg-reg] _25087_/Q -> _25108_/D : -0.153365
[setup reg-reg] _25087_/Q -> _26210_/D : -0.148773
[setup reg-reg] _25087_/Q -> _27074_/D : -0.148461
[setup reg-reg] _25087_/Q -> _25890_/D : -0.146958
[setup reg-reg] _25087_/Q -> _25698_/D : -0.143938
[setup reg-reg] _25087_/Q -> _26786_/D : -0.143887
[setup reg-reg] _25075_/Q -> _25208_/D : -0.143775
[setup reg-reg] _25087_/Q -> _27010_/D : -0.143727
[setup reg-reg] _25087_/Q -> _26402_/D : -0.143711
[setup reg-reg] _25087_/Q -> _27362_/D : -0.138030
[setup reg-reg] _25087_/Q -> _27170_/D : -0.136808
[setup reg-reg] _25087_/Q -> _26850_/D : -0.135033
[setup reg-reg] _25075_/Q -> _26525_/D : -0.134435
[setup reg-reg] _25087_/Q -> _26352_/D : -0.134015
[setup reg-reg] _25087_/Q -> _27234_/D : -0.132816
[setup reg-reg] _25087_/Q -> _27408_/D : -0.124555
[setup reg-reg] _25087_/Q -> _25546_/D : -0.122890
[setup reg-reg] _25087_/Q -> _26864_/D : -0.121263
[setup reg-reg] _25087_/Q -> _26050_/D : -0.117593
[setup reg-reg] _25075_/Q -> _26845_/D : -0.116911
[setup reg-reg] _25087_/Q -> _26160_/D : -0.114097
[setup reg-reg] _25087_/Q -> _26768_/D : -0.114033
[setup reg-reg] _25087_/Q -> _25744_/D : -0.111203
[setup reg-reg] _25087_/Q -> _26448_/D : -0.110143
[setup reg-reg] _25075_/Q -> _27325_/D : -0.108532
[setup reg-reg] _25087_/Q -> _27504_/D : -0.107459
[setup reg-reg] _25087_/Q -> _26672_/D : -0.106359
[setup reg-reg] _25087_/Q -> _24840_/D : -0.105157
[setup reg-reg] _25075_/Q -> _25257_/D : -0.104139
[setup reg-reg] _25075_/Q -> _25725_/D : -0.103160
[setup reg-reg] _25075_/Q -> _26749_/D : -0.103130
[setup reg-reg] _25087_/Q -> _26288_/D : -0.101634
[setup reg-reg] _25087_/Q -> _26300_/D : -0.100762
[setup reg-reg] _25087_/Q -> _26512_/D : -0.100540
[setup reg-reg] _25087_/Q -> _26960_/D : -0.098867
[setup reg-reg] _25087_/Q -> _26014_/D : -0.097664
[setup reg-reg] _25087_/Q -> _26224_/D : -0.092706
[setup reg-reg] _25087_/Q -> _27344_/D : -0.089422
[setup reg-reg] _25075_/Q -> _26965_/D : -0.087633
[setup reg-reg] _25087_/Q -> _26640_/D : -0.085572
[setup reg-reg] _25087_/Q -> _26236_/D : -0.083981
[setup reg-reg] _25087_/Q -> _27120_/D : -0.080984
[setup reg-reg] _25075_/Q -> _25336_/D : -0.080565
[setup reg-reg] _25087_/Q -> _27281_/D : -0.078220
[setup reg-reg] _25075_/Q -> _25749_/D : -0.077256
[setup reg-reg] _25087_/Q -> _25547_/D : -0.076225
[setup reg-reg] _25075_/Q -> _26837_/D : -0.075977
[setup reg-reg] _25087_/Q -> _26268_/D : -0.075660
[setup reg-reg] _25087_/Q -> _27536_/D : -0.075527
[setup reg-reg] _25075_/Q -> _26517_/D : -0.070049
[setup reg-reg] _25087_/Q -> _26384_/D : -0.068402
[setup reg-reg] _25087_/Q -> _25789_/D : -0.067637
[setup reg-reg] _25075_/Q -> _25059_/D : -0.067313
[setup reg-reg] _25087_/Q -> _25724_/D : -0.066510
[setup reg-reg] _25075_/Q -> _27317_/D : -0.063892
[setup reg-reg] _25075_/Q -> _27093_/D : -0.063062
[setup reg-reg] _25087_/Q -> _26173_/D : -0.059957
[setup reg-reg] _25075_/Q -> _27509_/D : -0.057431
[setup reg-reg] _25087_/Q -> _26492_/D : -0.056922
[setup reg-reg] _25075_/Q -> _27349_/D : -0.055010
[setup reg-reg] _25087_/Q -> _25275_/D : -0.053536
[setup reg-reg] _25075_/Q -> _27029_/D : -0.053383
[setup reg-reg] _25075_/Q -> _25717_/D : -0.053328
[setup reg-reg] _25087_/Q -> _27262_/D : -0.050791
[setup reg-reg] _25087_/Q -> _27070_/D : -0.050061
[setup reg-reg] _25087_/Q -> _27164_/D : -0.049837
[setup reg-reg] _25075_/Q -> _25551_/D : -0.049129
[setup reg-reg] _25087_/Q -> _27027_/D : -0.048102
[setup reg-reg] _25087_/Q -> _27312_/D : -0.048061
[setup reg-reg] _25087_/Q -> _27294_/D : -0.046443
[setup reg-reg] _25087_/Q -> _25886_/D : -0.045883
[setup reg-reg] _25087_/Q -> _26397_/D : -0.045709
[setup reg-reg] _25087_/Q -> _26416_/D : -0.044935
[setup reg-reg] _25087_/Q -> _25875_/D : -0.043284
[setup reg-reg] _25087_/Q -> _27356_/D : -0.042652
[setup reg-reg] _25075_/Q -> _27491_/D : -0.038488
[setup reg-reg] _25087_/Q -> _25616_/D : -0.038305
[setup reg-reg] _25087_/Q -> _26429_/D : -0.037835
[setup reg-reg] _25087_/Q -> _26256_/D : -0.037826
[setup reg-reg] _25087_/Q -> _27088_/D : -0.037803
[setup reg-reg] _25087_/Q -> _25808_/D : -0.036758
[setup reg-reg] _25087_/Q -> _25852_/D : -0.035602
[setup reg-reg] _25087_/Q -> _25712_/D : -0.034966
[setup reg-reg] _25087_/Q -> _26896_/D : -0.034701
[setup reg-reg] _25087_/Q -> _26192_/D : -0.030010
[setup reg-reg] _25075_/Q -> _26773_/D : -0.027740
[setup reg-reg] _25087_/Q -> _27485_/D : -0.026837
[setup reg-reg] _25087_/Q -> _26803_/D : -0.025681
[setup reg-reg] _25087_/Q -> _26205_/D : -0.024723
[setup reg-reg] _25087_/Q -> _27357_/D : -0.023118
[setup reg-reg] _25087_/Q -> _26206_/D : -0.022746
[setup reg-reg] _25075_/Q -> _26261_/D : -0.019629
[setup reg-reg] _25087_/Q -> _27165_/D : -0.017433
[setup reg-reg] _25087_/Q -> _27518_/D : -0.017428
[setup reg-reg] _25075_/Q -> _25877_/D : -0.011058
[setup reg-reg] _25087_/Q -> _25661_/D : -0.010091
[setup reg-reg] _25075_/Q -> _26133_/D : -0.009273
[setup reg-reg] _25087_/Q -> _26909_/D : -0.006365
[setup reg-reg] _25087_/Q -> _26651_/D : -0.006155
[setup reg-reg] _25087_/Q -> _27187_/D : -0.004947
[setup reg-reg] _25087_/Q -> _25758_/D : -0.003599
[setup reg-reg] _25087_/Q -> _25597_/D : -0.001988
[setup reg-reg] _25087_/Q -> _26995_/D : -0.001384
