Clock: clk
Sources: clk 
Generated: no
Virtual: yes
Propagated: no
Period: 20.000000

===========================================================================
report_clock_properties
============================================================================
Clock                   Period          Waveform
----------------------------------------------------
clk                  20.000000    0.000000 10.000000

===========================================================================
report_clock_latency
============================================================================
Clock clk
rise -> rise
    min     max
0.000000 0.000000 source latency
1.510209         network latency _25346_/CLK
        1.919382 network latency _27042_/CLK
---------------
1.510209 1.919382 latency
        0.409174 skew

fall -> fall
    min     max
0.000000 0.000000 source latency
1.539634         network latency _25346_/CLK
        1.998910 network latency _27042_/CLK
---------------
1.539634 1.998910 latency
        0.459275 skew



===========================================================================
report_clock_min_period
============================================================================
clk period_min = 10.74 fmax = 93.07
